Build & Public Release	Set up job	ï»¿2026-02-03T12:57:30.7333183Z Current runner version: '2.331.0'
Build & Public Release	Set up job	2026-02-03T12:57:30.7357314Z ##[group]Runner Image Provisioner
Build & Public Release	Set up job	2026-02-03T12:57:30.7358298Z Hosted Compute Agent
Build & Public Release	Set up job	2026-02-03T12:57:30.7358880Z Version: 20260123.484
Build & Public Release	Set up job	2026-02-03T12:57:30.7359455Z Commit: 6bd6555ca37d84114959e1c76d2c01448ff61c5d
Build & Public Release	Set up job	2026-02-03T12:57:30.7360207Z Build Date: 2026-01-23T19:41:17Z
Build & Public Release	Set up job	2026-02-03T12:57:30.7360830Z Worker ID: {1644378a-4d60-4960-85b0-0b87eb0fd8e6}
Build & Public Release	Set up job	2026-02-03T12:57:30.7361542Z Azure Region: westcentralus
Build & Public Release	Set up job	2026-02-03T12:57:30.7362124Z ##[endgroup]
Build & Public Release	Set up job	2026-02-03T12:57:30.7363516Z ##[group]Operating System
Build & Public Release	Set up job	2026-02-03T12:57:30.7364115Z Ubuntu
Build & Public Release	Set up job	2026-02-03T12:57:30.7364661Z 24.04.3
Build & Public Release	Set up job	2026-02-03T12:57:30.7365283Z LTS
Build & Public Release	Set up job	2026-02-03T12:57:30.7365998Z ##[endgroup]
Build & Public Release	Set up job	2026-02-03T12:57:30.7366595Z ##[group]Runner Image
Build & Public Release	Set up job	2026-02-03T12:57:30.7367160Z Image: ubuntu-24.04
Build & Public Release	Set up job	2026-02-03T12:57:30.7367689Z Version: 20260126.10.1
Build & Public Release	Set up job	2026-02-03T12:57:30.7368644Z Included Software: https://github.com/actions/runner-images/blob/ubuntu24/20260126.10/images/ubuntu/Ubuntu2404-Readme.md
Build & Public Release	Set up job	2026-02-03T12:57:30.7370385Z Image Release: https://github.com/actions/runner-images/releases/tag/ubuntu24%2F20260126.10
Build & Public Release	Set up job	2026-02-03T12:57:30.7371348Z ##[endgroup]
Build & Public Release	Set up job	2026-02-03T12:57:30.7372371Z ##[group]GITHUB_TOKEN Permissions
Build & Public Release	Set up job	2026-02-03T12:57:30.7374165Z Contents: write
Build & Public Release	Set up job	2026-02-03T12:57:30.7374844Z Metadata: read
Build & Public Release	Set up job	2026-02-03T12:57:30.7375918Z ##[endgroup]
Build & Public Release	Set up job	2026-02-03T12:57:30.7378058Z Secret source: Actions
Build & Public Release	Set up job	2026-02-03T12:57:30.7378890Z Prepare workflow directory
Build & Public Release	Set up job	2026-02-03T12:57:30.7715689Z Prepare all required actions
Build & Public Release	Set up job	2026-02-03T12:57:30.7753276Z Getting action download info
Build & Public Release	Set up job	2026-02-03T12:57:31.4165423Z Download action repository 'actions/checkout@v4' (SHA:34e114876b0b11c390a56381ad16ebd13914f8d5)
Build & Public Release	Set up job	2026-02-03T12:57:31.5223465Z Download action repository 'actions/setup-java@v4' (SHA:c1e323688fd81a25caa38c78aa6df2d33d3e20d9)
Build & Public Release	Set up job	2026-02-03T12:57:32.4193493Z Download action repository 'gradle/actions@v4' (SHA:ed408507eac070d1f99cc633dbcf757c94c7933a)
Build & Public Release	Set up job	2026-02-03T12:57:33.9077692Z Download action repository 'softprops/action-gh-release@v1' (SHA:de2c0eb89ae2a093876385947365aca7b0e5f844)
Build & Public Release	Set up job	2026-02-03T12:57:34.6641996Z Complete job name: Build & Public Release
Build & Public Release	Clone repo	ï»¿2026-02-03T12:57:34.7300884Z ##[group]Run actions/checkout@v4
Build & Public Release	Clone repo	2026-02-03T12:57:34.7301513Z with:
Build & Public Release	Clone repo	2026-02-03T12:57:34.7301702Z   fetch-depth: 1
Build & Public Release	Clone repo	2026-02-03T12:57:34.7301916Z   repository: salmanbappi/AniZen
Build & Public Release	Clone repo	2026-02-03T12:57:34.7302342Z   token: ***
Build & Public Release	Clone repo	2026-02-03T12:57:34.7302534Z   ssh-strict: true
Build & Public Release	Clone repo	2026-02-03T12:57:34.7302713Z   ssh-user: git
Build & Public Release	Clone repo	2026-02-03T12:57:34.7302904Z   persist-credentials: true
Build & Public Release	Clone repo	2026-02-03T12:57:34.7303112Z   clean: true
Build & Public Release	Clone repo	2026-02-03T12:57:34.7303307Z   sparse-checkout-cone-mode: true
Build & Public Release	Clone repo	2026-02-03T12:57:34.7303549Z   fetch-tags: false
Build & Public Release	Clone repo	2026-02-03T12:57:34.7303759Z   show-progress: true
Build & Public Release	Clone repo	2026-02-03T12:57:34.7303968Z   lfs: false
Build & Public Release	Clone repo	2026-02-03T12:57:34.7304129Z   submodules: false
Build & Public Release	Clone repo	2026-02-03T12:57:34.7304320Z   set-safe-directory: true
Build & Public Release	Clone repo	2026-02-03T12:57:34.7304728Z ##[endgroup]
Build & Public Release	Clone repo	2026-02-03T12:57:34.8450714Z Syncing repository: salmanbappi/AniZen
Build & Public Release	Clone repo	2026-02-03T12:57:34.8452224Z ##[group]Getting Git version info
Build & Public Release	Clone repo	2026-02-03T12:57:34.8452634Z Working directory is '/home/runner/work/AniZen/AniZen'
Build & Public Release	Clone repo	2026-02-03T12:57:34.8453189Z [command]/usr/bin/git version
Build & Public Release	Clone repo	2026-02-03T12:57:34.8533367Z git version 2.52.0
Build & Public Release	Clone repo	2026-02-03T12:57:34.8559439Z ##[endgroup]
Build & Public Release	Clone repo	2026-02-03T12:57:34.8573592Z Temporarily overriding HOME='/home/runner/work/_temp/cf182ee3-7dc0-49ea-88ac-8c307781ec55' before making global git config changes
Build & Public Release	Clone repo	2026-02-03T12:57:34.8574418Z Adding repository directory to the temporary git global config as a safe directory
Build & Public Release	Clone repo	2026-02-03T12:57:34.8587639Z [command]/usr/bin/git config --global --add safe.directory /home/runner/work/AniZen/AniZen
Build & Public Release	Clone repo	2026-02-03T12:57:34.8624138Z Deleting the contents of '/home/runner/work/AniZen/AniZen'
Build & Public Release	Clone repo	2026-02-03T12:57:34.8628112Z ##[group]Initializing the repository
Build & Public Release	Clone repo	2026-02-03T12:57:34.8632803Z [command]/usr/bin/git init /home/runner/work/AniZen/AniZen
Build & Public Release	Clone repo	2026-02-03T12:57:34.8717606Z hint: Using 'master' as the name for the initial branch. This default branch name
Build & Public Release	Clone repo	2026-02-03T12:57:34.8718911Z hint: will change to "main" in Git 3.0. To configure the initial branch name
Build & Public Release	Clone repo	2026-02-03T12:57:34.8719532Z hint: to use in all of your new repositories, which will suppress this warning,
Build & Public Release	Clone repo	2026-02-03T12:57:34.8720298Z hint: call:
Build & Public Release	Clone repo	2026-02-03T12:57:34.8720626Z hint:
Build & Public Release	Clone repo	2026-02-03T12:57:34.8721037Z hint: 	git config --global init.defaultBranch <name>
Build & Public Release	Clone repo	2026-02-03T12:57:34.8721349Z hint:
Build & Public Release	Clone repo	2026-02-03T12:57:34.8721637Z hint: Names commonly chosen instead of 'master' are 'main', 'trunk' and
Build & Public Release	Clone repo	2026-02-03T12:57:34.8722520Z hint: 'development'. The just-created branch can be renamed via this command:
Build & Public Release	Clone repo	2026-02-03T12:57:34.8723264Z hint:
Build & Public Release	Clone repo	2026-02-03T12:57:34.8723692Z hint: 	git branch -m <name>
Build & Public Release	Clone repo	2026-02-03T12:57:34.8724111Z hint:
Build & Public Release	Clone repo	2026-02-03T12:57:34.8724693Z hint: Disable this message with "git config set advice.defaultBranchName false"
Build & Public Release	Clone repo	2026-02-03T12:57:34.8725922Z Initialized empty Git repository in /home/runner/work/AniZen/AniZen/.git/
Build & Public Release	Clone repo	2026-02-03T12:57:34.8734794Z [command]/usr/bin/git remote add origin https://github.com/salmanbappi/AniZen
Build & Public Release	Clone repo	2026-02-03T12:57:34.8767918Z ##[endgroup]
Build & Public Release	Clone repo	2026-02-03T12:57:34.8768575Z ##[group]Disabling automatic garbage collection
Build & Public Release	Clone repo	2026-02-03T12:57:34.8773154Z [command]/usr/bin/git config --local gc.auto 0
Build & Public Release	Clone repo	2026-02-03T12:57:34.8801547Z ##[endgroup]
Build & Public Release	Clone repo	2026-02-03T12:57:34.8802195Z ##[group]Setting up auth
Build & Public Release	Clone repo	2026-02-03T12:57:34.8809535Z [command]/usr/bin/git config --local --name-only --get-regexp core\.sshCommand
Build & Public Release	Clone repo	2026-02-03T12:57:34.8839945Z [command]/usr/bin/git submodule foreach --recursive sh -c "git config --local --name-only --get-regexp 'core\.sshCommand' && git config --local --unset-all 'core.sshCommand' || :"
Build & Public Release	Clone repo	2026-02-03T12:57:34.9151538Z [command]/usr/bin/git config --local --name-only --get-regexp http\.https\:\/\/github\.com\/\.extraheader
Build & Public Release	Clone repo	2026-02-03T12:57:34.9183247Z [command]/usr/bin/git submodule foreach --recursive sh -c "git config --local --name-only --get-regexp 'http\.https\:\/\/github\.com\/\.extraheader' && git config --local --unset-all 'http.https://github.com/.extraheader' || :"
Build & Public Release	Clone repo	2026-02-03T12:57:34.9411054Z [command]/usr/bin/git config --local --name-only --get-regexp ^includeIf\.gitdir:
Build & Public Release	Clone repo	2026-02-03T12:57:34.9441647Z [command]/usr/bin/git submodule foreach --recursive git config --local --show-origin --name-only --get-regexp remote.origin.url
Build & Public Release	Clone repo	2026-02-03T12:57:34.9682154Z [command]/usr/bin/git config --local http.https://github.com/.extraheader AUTHORIZATION: basic ***
Build & Public Release	Clone repo	2026-02-03T12:57:34.9721331Z ##[endgroup]
Build & Public Release	Clone repo	2026-02-03T12:57:34.9721945Z ##[group]Fetching the repository
Build & Public Release	Clone repo	2026-02-03T12:57:34.9730140Z [command]/usr/bin/git -c protocol.version=2 fetch --no-tags --prune --no-recurse-submodules --depth=1 origin +4d9d69d103ace5c55bdc34d4959c53937bf2024d:refs/remotes/origin/master
Build & Public Release	Clone repo	2026-02-03T12:57:36.1141221Z From https://github.com/salmanbappi/AniZen
Build & Public Release	Clone repo	2026-02-03T12:57:36.1141912Z  * [new ref]         4d9d69d103ace5c55bdc34d4959c53937bf2024d -> origin/master
Build & Public Release	Clone repo	2026-02-03T12:57:36.1174582Z ##[endgroup]
Build & Public Release	Clone repo	2026-02-03T12:57:36.1175466Z ##[group]Determining the checkout info
Build & Public Release	Clone repo	2026-02-03T12:57:36.1177932Z ##[endgroup]
Build & Public Release	Clone repo	2026-02-03T12:57:36.1183179Z [command]/usr/bin/git sparse-checkout disable
Build & Public Release	Clone repo	2026-02-03T12:57:36.1224364Z [command]/usr/bin/git config --local --unset-all extensions.worktreeConfig
Build & Public Release	Clone repo	2026-02-03T12:57:36.1249327Z ##[group]Checking out the ref
Build & Public Release	Clone repo	2026-02-03T12:57:36.1253383Z [command]/usr/bin/git checkout --progress --force -B master refs/remotes/origin/master
Build & Public Release	Clone repo	2026-02-03T12:57:36.3841505Z Reset branch 'master'
Build & Public Release	Clone repo	2026-02-03T12:57:36.3843412Z branch 'master' set up to track 'origin/master'.
Build & Public Release	Clone repo	2026-02-03T12:57:36.3857490Z ##[endgroup]
Build & Public Release	Clone repo	2026-02-03T12:57:36.3895897Z [command]/usr/bin/git log -1 --format=%H
Build & Public Release	Clone repo	2026-02-03T12:57:36.3918687Z 4d9d69d103ace5c55bdc34d4959c53937bf2024d
Build & Public Release	Set up JDK	ï»¿2026-02-03T12:57:36.4232004Z ##[group]Run actions/setup-java@v4
Build & Public Release	Set up JDK	2026-02-03T12:57:36.4232337Z with:
Build & Public Release	Set up JDK	2026-02-03T12:57:36.4232528Z   java-version: 17
Build & Public Release	Set up JDK	2026-02-03T12:57:36.4232719Z   distribution: temurin
Build & Public Release	Set up JDK	2026-02-03T12:57:36.4232924Z   java-package: jdk
Build & Public Release	Set up JDK	2026-02-03T12:57:36.4233122Z   check-latest: false
Build & Public Release	Set up JDK	2026-02-03T12:57:36.4233317Z   server-id: github
Build & Public Release	Set up JDK	2026-02-03T12:57:36.4233793Z   server-username: GITHUB_ACTOR
Build & Public Release	Set up JDK	2026-02-03T12:57:36.4234032Z   server-password: GITHUB_TOKEN
Build & Public Release	Set up JDK	2026-02-03T12:57:36.4234262Z   overwrite-settings: true
Build & Public Release	Set up JDK	2026-02-03T12:57:36.4234466Z   job-status: success
Build & Public Release	Set up JDK	2026-02-03T12:57:36.4234791Z   token: ***
Build & Public Release	Set up JDK	2026-02-03T12:57:36.4234978Z ##[endgroup]
Build & Public Release	Set up JDK	2026-02-03T12:57:36.6227534Z ##[group]Installed distributions
Build & Public Release	Set up JDK	2026-02-03T12:57:36.6448379Z Resolved Java 17.0.18+8 from tool-cache
Build & Public Release	Set up JDK	2026-02-03T12:57:36.6449543Z Setting Java 17.0.18+8 as the default
Build & Public Release	Set up JDK	2026-02-03T12:57:36.6462302Z Creating toolchains.xml for JDK version 17 from temurin
Build & Public Release	Set up JDK	2026-02-03T12:57:36.6538290Z Writing to /home/runner/.m2/toolchains.xml
Build & Public Release	Set up JDK	2026-02-03T12:57:36.6538918Z 
Build & Public Release	Set up JDK	2026-02-03T12:57:36.6539226Z Java configuration:
Build & Public Release	Set up JDK	2026-02-03T12:57:36.6540575Z   Distribution: temurin
Build & Public Release	Set up JDK	2026-02-03T12:57:36.6540987Z   Version: 17.0.18+8
Build & Public Release	Set up JDK	2026-02-03T12:57:36.6541832Z   Path: /opt/hostedtoolcache/Java_Temurin-Hotspot_jdk/17.0.18-8/x64
Build & Public Release	Set up JDK	2026-02-03T12:57:36.6542531Z 
Build & Public Release	Set up JDK	2026-02-03T12:57:36.6542907Z ##[endgroup]
Build & Public Release	Set up JDK	2026-02-03T12:57:36.6561832Z Creating settings.xml with server-id: github
Build & Public Release	Set up JDK	2026-02-03T12:57:36.6564487Z Writing to /home/runner/.m2/settings.xml
Build & Public Release	Set up Gradle	ï»¿2026-02-03T12:57:36.6800795Z ##[group]Run gradle/actions/setup-gradle@v4
Build & Public Release	Set up Gradle	2026-02-03T12:57:36.6801112Z with:
Build & Public Release	Set up Gradle	2026-02-03T12:57:36.6801294Z   cache-disabled: false
Build & Public Release	Set up Gradle	2026-02-03T12:57:36.6801505Z   cache-read-only: false
Build & Public Release	Set up Gradle	2026-02-03T12:57:36.6801712Z   cache-write-only: false
Build & Public Release	Set up Gradle	2026-02-03T12:57:36.6801939Z   cache-overwrite-existing: false
Build & Public Release	Set up Gradle	2026-02-03T12:57:36.6802180Z   cache-cleanup: on-success
Build & Public Release	Set up Gradle	2026-02-03T12:57:36.6802448Z   gradle-home-cache-includes: caches
Build & Public Release	Set up Gradle	notifications
Build & Public Release	Set up Gradle	
Build & Public Release	Set up Gradle	2026-02-03T12:57:36.6802751Z   add-job-summary: always
Build & Public Release	Set up Gradle	2026-02-03T12:57:36.6802987Z   add-job-summary-as-pr-comment: never
Build & Public Release	Set up Gradle	2026-02-03T12:57:36.6803247Z   dependency-graph: disabled
Build & Public Release	Set up Gradle	2026-02-03T12:57:36.6803539Z   dependency-graph-report-dir: dependency-graph-reports
Build & Public Release	Set up Gradle	2026-02-03T12:57:36.6803896Z   dependency-graph-continue-on-failure: true
Build & Public Release	Set up Gradle	2026-02-03T12:57:36.6804179Z   build-scan-publish: false
Build & Public Release	Set up Gradle	2026-02-03T12:57:36.6804435Z   validate-wrappers: true
Build & Public Release	Set up Gradle	2026-02-03T12:57:36.6804670Z   allow-snapshot-wrappers: false
Build & Public Release	Set up Gradle	2026-02-03T12:57:36.6804940Z   gradle-home-cache-strict-match: false
Build & Public Release	Set up Gradle	2026-02-03T12:57:36.6805612Z   workflow-job-context: null
Build & Public Release	Set up Gradle	2026-02-03T12:57:36.6806003Z   github-token: ***
Build & Public Release	Set up Gradle	2026-02-03T12:57:36.6806189Z env:
Build & Public Release	Set up Gradle	2026-02-03T12:57:36.6806470Z   JAVA_HOME: /opt/hostedtoolcache/Java_Temurin-Hotspot_jdk/17.0.18-8/x64
Build & Public Release	Set up Gradle	2026-02-03T12:57:36.6806936Z   JAVA_HOME_17_X64: /opt/hostedtoolcache/Java_Temurin-Hotspot_jdk/17.0.18-8/x64
Build & Public Release	Set up Gradle	2026-02-03T12:57:36.6807303Z ##[endgroup]
Build & Public Release	Set up Gradle	2026-02-03T12:57:38.6179965Z Merged default JDK locations into /home/runner/.m2/toolchains.xml
Build & Public Release	Set up Gradle	2026-02-03T12:57:38.6182002Z Preparing cache for cleanup.
Build & Public Release	Set up Gradle	2026-02-03T12:57:38.6185985Z ##[group]Restore Gradle state from cache
Build & Public Release	Set up Gradle	2026-02-03T12:57:38.9077147Z Cache hit for restore-key: gradle-home-v1|Linux-X64|build-release[16cd6cc2a04430ca045959c87cb8ce3a]-b476871da6b15a4bc254ebbc521ef7d88268ba3c
Build & Public Release	Set up Gradle	2026-02-03T12:57:40.1150445Z Received 33554432 of 423021844 (7.9%), 32.0 MBs/sec
Build & Public Release	Set up Gradle	2026-02-03T12:57:41.1159163Z Received 184549376 of 423021844 (43.6%), 88.0 MBs/sec
Build & Public Release	Set up Gradle	2026-02-03T12:57:42.1169594Z Received 348127232 of 423021844 (82.3%), 110.6 MBs/sec
Build & Public Release	Set up Gradle	2026-02-03T12:57:42.8383272Z Received 423021844 of 423021844 (100.0%), 108.3 MBs/sec
Build & Public Release	Set up Gradle	2026-02-03T12:57:42.8386837Z Cache Size: ~403 MB (423021844 B)
Build & Public Release	Set up Gradle	2026-02-03T12:57:42.8432171Z [command]/usr/bin/tar -xf /home/runner/work/_temp/88be29ae-72cf-496f-a238-6a3c871cebfe/cache.tzst -P -C /home/runner/work/AniZen/AniZen --use-compress-program unzstd
Build & Public Release	Set up Gradle	2026-02-03T12:57:43.7402532Z Cache restored successfully
Build & Public Release	Set up Gradle	2026-02-03T12:57:43.8188338Z Restored cache entry with key gradle-home-v1|Linux-X64|build-release[16cd6cc2a04430ca045959c87cb8ce3a]-4d9d69d103ace5c55bdc34d4959c53937bf2024d to /home/runner/.gradle/caches,/home/runner/.gradle/notifications,/home/runner/.gradle/.setup-gradle in 5199ms
Build & Public Release	Set up Gradle	2026-02-03T12:57:44.0361225Z Cache hit for: gradle-groovy-dsl-v1-c28b17972a70439e4fb1527b399ba435
Build & Public Release	Set up Gradle	2026-02-03T12:57:44.0420054Z Cache hit for: gradle-wrapper-zips-v1-5ae5d3da5e8e0c748d04bcdd9bc97bdb
Build & Public Release	Set up Gradle	2026-02-03T12:57:44.0425041Z Cache hit for: gradle-kotlin-dsl-v1-0db2bb9f48a30219f3303ffbec044c67
Build & Public Release	Set up Gradle	2026-02-03T12:57:44.0469215Z Cache hit for: gradle-transforms-v1-f6231d7e51eb46feaf8c67c4270d65ab
Build & Public Release	Set up Gradle	2026-02-03T12:57:44.0542573Z Cache hit for: gradle-dependencies-v1-b3ba458e98787b341f020e1a58774519
Build & Public Release	Set up Gradle	2026-02-03T12:57:44.0570124Z Cache hit for: gradle-generated-gradle-jars-v1-4434c59050703a48bf14168622b59891
Build & Public Release	Set up Gradle	2026-02-03T12:57:44.0734693Z Cache hit for: gradle-instrumented-jars-v1-dc385a1560b5098511906fef6c7593db
Build & Public Release	Set up Gradle	2026-02-03T12:57:44.6906174Z Received 188296 of 188296 (100.0%), 0.4 MBs/sec
Build & Public Release	Set up Gradle	2026-02-03T12:57:44.6907499Z Cache Size: ~0 MB (188296 B)
Build & Public Release	Set up Gradle	2026-02-03T12:57:44.6965885Z Received 121996 of 121996 (100.0%), 0.3 MBs/sec
Build & Public Release	Set up Gradle	2026-02-03T12:57:44.6966673Z Cache Size: ~0 MB (121996 B)
Build & Public Release	Set up Gradle	2026-02-03T12:57:44.7055353Z [command]/usr/bin/tar -xf /home/runner/work/_temp/5ef17708-3721-417d-ae02-dc97117cf6ca/cache.tzst -P -C /home/runner/work/AniZen/AniZen --use-compress-program unzstd
Build & Public Release	Set up Gradle	2026-02-03T12:57:44.7104438Z [command]/usr/bin/tar -xf /home/runner/work/_temp/f08b7f87-b657-45bd-8bab-7e515dcaba3f/cache.tzst -P -C /home/runner/work/AniZen/AniZen --use-compress-program unzstd
Build & Public Release	Set up Gradle	2026-02-03T12:57:44.8945844Z Cache restored successfully
Build & Public Release	Set up Gradle	2026-02-03T12:57:44.8949984Z Cache restored successfully
Build & Public Release	Set up Gradle	2026-02-03T12:57:44.8957114Z Restored cache entry with key gradle-groovy-dsl-v1-c28b17972a70439e4fb1527b399ba435 to /home/runner/.gradle/caches/*/groovy-dsl/*/ in 1073ms
Build & Public Release	Set up Gradle	2026-02-03T12:57:44.8958220Z Restored cache entry with key gradle-instrumented-jars-v1-dc385a1560b5098511906fef6c7593db to /home/runner/.gradle/caches/jars-*/*/ in 1074ms
Build & Public Release	Set up Gradle	2026-02-03T12:57:45.0210920Z Received 3329675 of 3329675 (100.0%), 4.1 MBs/sec
Build & Public Release	Set up Gradle	2026-02-03T12:57:45.0211817Z Cache Size: ~3 MB (3329675 B)
Build & Public Release	Set up Gradle	2026-02-03T12:57:45.2352921Z [command]/usr/bin/tar -xf /home/runner/work/_temp/4d9b26f3-f828-4c85-b913-0f61b4ab2ec8/cache.tzst -P -C /home/runner/work/AniZen/AniZen --use-compress-program unzstd
Build & Public Release	Set up Gradle	2026-02-03T12:57:45.2684573Z Received 37748736 of 688624236 (5.5%), 35.5 MBs/sec
Build & Public Release	Set up Gradle	2026-02-03T12:57:45.2784939Z Received 33554432 of 136706942 (24.5%), 32.0 MBs/sec
Build & Public Release	Set up Gradle	2026-02-03T12:57:45.2936383Z Received 33554432 of 1332278679 (2.5%), 32.0 MBs/sec
Build & Public Release	Set up Gradle	2026-02-03T12:57:45.3193632Z Received 29360128 of 41092997 (71.4%), 27.8 MBs/sec
Build & Public Release	Set up Gradle	2026-02-03T12:57:45.5708438Z Received 41092997 of 41092997 (100.0%), 31.1 MBs/sec
Build & Public Release	Set up Gradle	2026-02-03T12:57:45.5710812Z Cache Size: ~39 MB (41092997 B)
Build & Public Release	Set up Gradle	2026-02-03T12:57:45.6172915Z [command]/usr/bin/tar -xf /home/runner/work/_temp/1953db46-3b3e-476a-96b1-5bf9203364fb/cache.tzst -P -C /home/runner/work/AniZen/AniZen --use-compress-program unzstd
Build & Public Release	Set up Gradle	2026-02-03T12:57:46.0471131Z Cache restored successfully
Build & Public Release	Set up Gradle	2026-02-03T12:57:46.0640556Z Restored cache entry with key gradle-generated-gradle-jars-v1-4434c59050703a48bf14168622b59891 to /home/runner/.gradle/caches/8.14.3/generated-gradle-jars/gradle-api-8.14.3.jar in 2244ms
Build & Public Release	Set up Gradle	2026-02-03T12:57:46.3591883Z Received 134217728 of 688624236 (19.5%), 60.8 MBs/sec
Build & Public Release	Set up Gradle	2026-02-03T12:57:46.3593127Z Received 134217728 of 136706942 (98.2%), 61.5 MBs/sec
Build & Public Release	Set up Gradle	2026-02-03T12:57:46.3595278Z Received 125829120 of 1332278679 (9.4%), 58.1 MBs/sec
Build & Public Release	Set up Gradle	2026-02-03T12:57:46.5478224Z Received 136706942 of 136706942 (100.0%), 57.4 MBs/sec
Build & Public Release	Set up Gradle	2026-02-03T12:57:46.5479644Z Cache Size: ~130 MB (136706942 B)
Build & Public Release	Set up Gradle	2026-02-03T12:57:46.5556749Z [command]/usr/bin/tar -xf /home/runner/work/_temp/0dfb8d95-c712-49c1-8eb0-2fd5b6cbb537/cache.tzst -P -C /home/runner/work/AniZen/AniZen --use-compress-program unzstd
Build & Public Release	Set up Gradle	2026-02-03T12:57:46.9996741Z Cache restored successfully
Build & Public Release	Set up Gradle	2026-02-03T12:57:47.0000644Z Cache restored successfully
Build & Public Release	Set up Gradle	2026-02-03T12:57:47.0230299Z Restored cache entry with key gradle-kotlin-dsl-v1-0db2bb9f48a30219f3303ffbec044c67 to /home/runner/.gradle/caches/*/kotlin-dsl/accessors/*/,/home/runner/.gradle/caches/*/kotlin-dsl/scripts/*/ in 3201ms
Build & Public Release	Set up Gradle	2026-02-03T12:57:47.0309800Z Restored cache entry with key gradle-wrapper-zips-v1-5ae5d3da5e8e0c748d04bcdd9bc97bdb to /home/runner/.gradle/wrapper/dists/gradle-8.14.3-bin/cv11ve7ro1n3o1j4so8xd9n66 in 3208ms
Build & Public Release	Set up Gradle	2026-02-03T12:57:47.3917072Z Received 268435456 of 688624236 (39.0%), 81.6 MBs/sec
Build & Public Release	Set up Gradle	2026-02-03T12:57:47.3917851Z Received 226492416 of 1332278679 (17.0%), 69.7 MBs/sec
Build & Public Release	Set up Gradle	2026-02-03T12:57:48.4606253Z Received 402653184 of 688624236 (58.5%), 91.3 MBs/sec
Build & Public Release	Set up Gradle	2026-02-03T12:57:48.4607633Z Received 364904448 of 1332278679 (27.4%), 83.5 MBs/sec
Build & Public Release	Set up Gradle	2026-02-03T12:57:49.4833317Z Received 536870912 of 688624236 (78.0%), 98.0 MBs/sec
Build & Public Release	Set up Gradle	2026-02-03T12:57:49.4834218Z Received 490733568 of 1332278679 (36.8%), 90.2 MBs/sec
Build & Public Release	Set up Gradle	2026-02-03T12:57:50.4926322Z Received 671088640 of 688624236 (97.5%), 102.6 MBs/sec
Build & Public Release	Set up Gradle	2026-02-03T12:57:50.4935816Z Received 616562688 of 1332278679 (46.3%), 94.9 MBs/sec
Build & Public Release	Set up Gradle	2026-02-03T12:57:50.7007974Z Received 688624236 of 688624236 (100.0%), 101.9 MBs/sec
Build & Public Release	Set up Gradle	2026-02-03T12:57:50.7010894Z Cache Size: ~657 MB (688624236 B)
Build & Public Release	Set up Gradle	2026-02-03T12:57:50.8127775Z [command]/usr/bin/tar -xf /home/runner/work/_temp/c5ef4e2a-29f2-4ff5-9c23-79c32859dcfd/cache.tzst -P -C /home/runner/work/AniZen/AniZen --use-compress-program unzstd
Build & Public Release	Set up Gradle	2026-02-03T12:57:51.4941875Z Received 780140544 of 1332278679 (58.6%), 103.3 MBs/sec
Build & Public Release	Set up Gradle	2026-02-03T12:57:52.4846608Z Cache restored successfully
Build & Public Release	Set up Gradle	2026-02-03T12:57:52.4940011Z Received 935329792 of 1332278679 (70.2%), 108.8 MBs/sec
Build & Public Release	Set up Gradle	2026-02-03T12:57:52.6466997Z Restored cache entry with key gradle-dependencies-v1-b3ba458e98787b341f020e1a58774519 to /home/runner/.gradle/caches/modules-*/files-*/*/*/*/* in 8823ms
Build & Public Release	Set up Gradle	2026-02-03T12:57:53.4946055Z Received 1073741824 of 1332278679 (80.6%), 111.3 MBs/sec
Build & Public Release	Set up Gradle	2026-02-03T12:57:54.4953920Z Received 1216348160 of 1332278679 (91.3%), 113.7 MBs/sec
Build & Public Release	Set up Gradle	2026-02-03T12:57:55.1412551Z Received 1332278679 of 1332278679 (100.0%), 117.1 MBs/sec
Build & Public Release	Set up Gradle	2026-02-03T12:57:55.1416441Z Cache Size: ~1271 MB (1332278679 B)
Build & Public Release	Set up Gradle	2026-02-03T12:57:55.1565352Z [command]/usr/bin/tar -xf /home/runner/work/_temp/82553dfc-073c-40a7-996f-649b6d1d2fb1/cache.tzst -P -C /home/runner/work/AniZen/AniZen --use-compress-program unzstd
Build & Public Release	Set up Gradle	2026-02-03T12:58:07.4881890Z Cache restored successfully
Build & Public Release	Set up Gradle	2026-02-03T12:58:07.7068625Z Restored cache entry with key gradle-transforms-v1-f6231d7e51eb46feaf8c67c4270d65ab to /home/runner/.gradle/caches/transforms-4/*/,/home/runner/.gradle/caches/*/transforms/*/ in 23884ms
Build & Public Release	Set up Gradle	2026-02-03T12:58:07.7176876Z ##[endgroup]
Build & Public Release	Set up Gradle	2026-02-03T12:58:07.7688982Z ##[group]All Gradle Wrapper jars are valid
Build & Public Release	Set up Gradle	2026-02-03T12:58:07.7690224Z âœ“ Found known Gradle Wrapper JAR files:
Build & Public Release	Set up Gradle	2026-02-03T12:58:07.7690918Z   7d3a4ac4de1c32b59bc6a4eb8ecb8e612ccd0cf1ae1e99f66902da64df296172 gradle/wrapper/gradle-wrapper.jar
Build & Public Release	Set up Gradle	2026-02-03T12:58:07.7691644Z ##[endgroup]
Build & Public Release	Run Code Analysis (Detekt)	ï»¿2026-02-03T12:58:07.7862419Z ##[group]Run ./gradlew detekt --no-daemon
Build & Public Release	Run Code Analysis (Detekt)	2026-02-03T12:58:07.7862880Z [36;1m./gradlew detekt --no-daemon[0m
Build & Public Release	Run Code Analysis (Detekt)	2026-02-03T12:58:07.7898174Z shell: /usr/bin/bash -e {0}
Build & Public Release	Run Code Analysis (Detekt)	2026-02-03T12:58:07.7898481Z env:
Build & Public Release	Run Code Analysis (Detekt)	2026-02-03T12:58:07.7898826Z   JAVA_HOME: /opt/hostedtoolcache/Java_Temurin-Hotspot_jdk/17.0.18-8/x64
Build & Public Release	Run Code Analysis (Detekt)	2026-02-03T12:58:07.7899399Z   JAVA_HOME_17_X64: /opt/hostedtoolcache/Java_Temurin-Hotspot_jdk/17.0.18-8/x64
Build & Public Release	Run Code Analysis (Detekt)	2026-02-03T12:58:07.7899873Z   GRADLE_ACTION_ID: gradle/actions/setup-gradle
Build & Public Release	Run Code Analysis (Detekt)	2026-02-03T12:58:07.7900231Z   GRADLE_USER_HOME: /home/runner/.gradle
Build & Public Release	Run Code Analysis (Detekt)	2026-02-03T12:58:07.7900551Z   GRADLE_BUILD_ACTION_SETUP_COMPLETED: true
Build & Public Release	Run Code Analysis (Detekt)	2026-02-03T12:58:07.7900890Z   GRADLE_BUILD_ACTION_CACHE_RESTORED: true
Build & Public Release	Run Code Analysis (Detekt)	2026-02-03T12:58:07.7901376Z   DEVELOCITY_INJECTION_INIT_SCRIPT_NAME: gradle-actions.inject-develocity.init.gradle
Build & Public Release	Run Code Analysis (Detekt)	2026-02-03T12:58:07.7901886Z   DEVELOCITY_INJECTION_CUSTOM_VALUE: gradle-actions
Build & Public Release	Run Code Analysis (Detekt)	2026-02-03T12:58:07.7902230Z   GITHUB_DEPENDENCY_GRAPH_ENABLED: false
Build & Public Release	Run Code Analysis (Detekt)	2026-02-03T12:58:07.7902520Z ##[endgroup]
Build & Public Release	Run Code Analysis (Detekt)	2026-02-03T12:58:09.4844251Z To honour the JVM settings for this build a single-use Daemon process will be forked. For more on this, please refer to https://docs.gradle.org/8.14.3/userguide/gradle_daemon.html#sec:disabling_the_daemon in the Gradle documentation.
Build & Public Release	Run Code Analysis (Detekt)	2026-02-03T12:58:11.5832284Z Daemon will be stopped at the end of the build 
Build & Public Release	Run Code Analysis (Detekt)	2026-02-03T12:58:11.9831235Z Configuration on demand is an incubating feature.
Build & Public Release	Run Code Analysis (Detekt)	2026-02-03T12:58:17.9867379Z Type-safe project accessors is an incubating feature.
Build & Public Release	Run Code Analysis (Detekt)	2026-02-03T12:58:21.3862316Z > Task :buildSrc:checkKotlinGradlePluginConfigurationErrors SKIPPED
Build & Public Release	Run Code Analysis (Detekt)	2026-02-03T12:58:21.4833872Z > Task :buildSrc:generateExternalPluginSpecBuilders FROM-CACHE
Build & Public Release	Run Code Analysis (Detekt)	2026-02-03T12:58:21.5834259Z > Task :buildSrc:extractPrecompiledScriptPluginPlugins FROM-CACHE
Build & Public Release	Run Code Analysis (Detekt)	2026-02-03T12:58:21.7845474Z > Task :buildSrc:compilePluginsBlocks FROM-CACHE
Build & Public Release	Run Code Analysis (Detekt)	2026-02-03T12:58:22.0850043Z > Task :buildSrc:generatePrecompiledScriptPluginAccessors FROM-CACHE
Build & Public Release	Run Code Analysis (Detekt)	2026-02-03T12:58:22.0851373Z > Task :buildSrc:generateScriptPluginAdapters FROM-CACHE
Build & Public Release	Run Code Analysis (Detekt)	2026-02-03T12:58:22.5830892Z > Task :buildSrc:compileKotlin FROM-CACHE
Build & Public Release	Run Code Analysis (Detekt)	2026-02-03T12:58:22.5833643Z > Task :buildSrc:compileJava NO-SOURCE
Build & Public Release	Run Code Analysis (Detekt)	2026-02-03T12:58:22.5837297Z > Task :buildSrc:compileGroovy NO-SOURCE
Build & Public Release	Run Code Analysis (Detekt)	2026-02-03T12:58:22.5851003Z > Task :buildSrc:pluginDescriptors
Build & Public Release	Run Code Analysis (Detekt)	2026-02-03T12:58:22.5852006Z > Task :buildSrc:processResources
Build & Public Release	Run Code Analysis (Detekt)	2026-02-03T12:58:22.5852732Z > Task :buildSrc:classes
Build & Public Release	Run Code Analysis (Detekt)	2026-02-03T12:58:22.8845390Z > Task :buildSrc:jar
Build & Public Release	Run Code Analysis (Detekt)	2026-02-03T12:58:32.0836116Z > Task :detekt NO-SOURCE
Build & Public Release	Run Code Analysis (Detekt)	2026-02-03T12:58:32.1836100Z gradle/actions: Writing build results to /home/runner/work/_temp/.gradle-actions/build-results/__run-1770123496118.json
Build & Public Release	Run Code Analysis (Detekt)	2026-02-03T12:58:32.1841175Z 
Build & Public Release	Run Code Analysis (Detekt)	2026-02-03T12:58:32.1843846Z [Incubating] Problems report is available at: file:///home/runner/work/AniZen/AniZen/build/reports/problems/problems-report.html
Build & Public Release	Run Code Analysis (Detekt)	2026-02-03T12:58:32.1857063Z 
Build & Public Release	Run Code Analysis (Detekt)	2026-02-03T12:58:32.1857624Z Deprecated Gradle features were used in this build, making it incompatible with Gradle 9.0.
Build & Public Release	Run Code Analysis (Detekt)	2026-02-03T12:58:32.1858313Z 
Build & Public Release	Run Code Analysis (Detekt)	2026-02-03T12:58:32.1860673Z You can use '--warning-mode all' to show the individual deprecation warnings and determine if they come from your own scripts or plugins.
Build & Public Release	Run Code Analysis (Detekt)	2026-02-03T12:58:32.1861619Z 
Build & Public Release	Run Code Analysis (Detekt)	2026-02-03T12:58:32.1862535Z For more on this, please refer to https://docs.gradle.org/8.14.3/userguide/command_line_interface.html#sec:command_line_warnings in the Gradle documentation.
Build & Public Release	Run Code Analysis (Detekt)	2026-02-03T12:58:32.1863627Z 
Build & Public Release	Run Code Analysis (Detekt)	2026-02-03T12:58:32.1863822Z BUILD SUCCESSFUL in 24s
Build & Public Release	Run Code Analysis (Detekt)	2026-02-03T12:58:32.1864374Z 9 actionable tasks: 3 executed, 6 from cache
Build & Public Release	Build Release APK	ï»¿2026-02-03T12:58:32.4104197Z ##[group]Run ./gradlew assembleRelease -Pinclude-telemetry=false -Penable-updater=false --no-daemon
Build & Public Release	Build Release APK	2026-02-03T12:58:32.4105061Z [36;1m./gradlew assembleRelease -Pinclude-telemetry=false -Penable-updater=false --no-daemon[0m
Build & Public Release	Build Release APK	2026-02-03T12:58:32.4137136Z shell: /usr/bin/bash -e {0}
Build & Public Release	Build Release APK	2026-02-03T12:58:32.4137435Z env:
Build & Public Release	Build Release APK	2026-02-03T12:58:32.4137789Z   JAVA_HOME: /opt/hostedtoolcache/Java_Temurin-Hotspot_jdk/17.0.18-8/x64
Build & Public Release	Build Release APK	2026-02-03T12:58:32.4138359Z   JAVA_HOME_17_X64: /opt/hostedtoolcache/Java_Temurin-Hotspot_jdk/17.0.18-8/x64
Build & Public Release	Build Release APK	2026-02-03T12:58:32.4138826Z   GRADLE_ACTION_ID: gradle/actions/setup-gradle
Build & Public Release	Build Release APK	2026-02-03T12:58:32.4139183Z   GRADLE_USER_HOME: /home/runner/.gradle
Build & Public Release	Build Release APK	2026-02-03T12:58:32.4139501Z   GRADLE_BUILD_ACTION_SETUP_COMPLETED: true
Build & Public Release	Build Release APK	2026-02-03T12:58:32.4139828Z   GRADLE_BUILD_ACTION_CACHE_RESTORED: true
Build & Public Release	Build Release APK	2026-02-03T12:58:32.4140310Z   DEVELOCITY_INJECTION_INIT_SCRIPT_NAME: gradle-actions.inject-develocity.init.gradle
Build & Public Release	Build Release APK	2026-02-03T12:58:32.4140838Z   DEVELOCITY_INJECTION_CUSTOM_VALUE: gradle-actions
Build & Public Release	Build Release APK	2026-02-03T12:58:32.4141212Z   GITHUB_DEPENDENCY_GRAPH_ENABLED: false
Build & Public Release	Build Release APK	2026-02-03T12:58:32.4141507Z ##[endgroup]
Build & Public Release	Build Release APK	2026-02-03T12:58:33.1000573Z To honour the JVM settings for this build a single-use Daemon process will be forked. For more on this, please refer to https://docs.gradle.org/8.14.3/userguide/gradle_daemon.html#sec:disabling_the_daemon in the Gradle documentation.
Build & Public Release	Build Release APK	2026-02-03T12:58:34.1987274Z Daemon will be stopped at the end of the build 
Build & Public Release	Build Release APK	2026-02-03T12:58:34.4992437Z Configuration on demand is an incubating feature.
Build & Public Release	Build Release APK	2026-02-03T12:58:37.7014487Z Type-safe project accessors is an incubating feature.
Build & Public Release	Build Release APK	2026-02-03T12:58:40.9022557Z > Task :buildSrc:checkKotlinGradlePluginConfigurationErrors SKIPPED
Build & Public Release	Build Release APK	2026-02-03T12:58:41.0012998Z > Task :buildSrc:generateExternalPluginSpecBuilders UP-TO-DATE
Build & Public Release	Build Release APK	2026-02-03T12:58:41.0016626Z > Task :buildSrc:extractPrecompiledScriptPluginPlugins UP-TO-DATE
Build & Public Release	Build Release APK	2026-02-03T12:58:41.2995964Z > Task :buildSrc:compilePluginsBlocks UP-TO-DATE
Build & Public Release	Build Release APK	2026-02-03T12:58:41.5996888Z > Task :buildSrc:generatePrecompiledScriptPluginAccessors UP-TO-DATE
Build & Public Release	Build Release APK	2026-02-03T12:58:41.5999897Z > Task :buildSrc:generateScriptPluginAdapters UP-TO-DATE
Build & Public Release	Build Release APK	2026-02-03T12:58:41.8997335Z > Task :buildSrc:compileKotlin UP-TO-DATE
Build & Public Release	Build Release APK	2026-02-03T12:58:41.9000173Z > Task :buildSrc:compileJava NO-SOURCE
Build & Public Release	Build Release APK	2026-02-03T12:58:41.9006256Z > Task :buildSrc:compileGroovy NO-SOURCE
Build & Public Release	Build Release APK	2026-02-03T12:58:41.9006920Z > Task :buildSrc:pluginDescriptors UP-TO-DATE
Build & Public Release	Build Release APK	2026-02-03T12:58:41.9007574Z > Task :buildSrc:processResources UP-TO-DATE
Build & Public Release	Build Release APK	2026-02-03T12:58:41.9008176Z > Task :buildSrc:classes UP-TO-DATE
Build & Public Release	Build Release APK	2026-02-03T12:58:41.9008734Z > Task :buildSrc:jar UP-TO-DATE
Build & Public Release	Build Release APK	2026-02-03T12:58:51.7017277Z > Task :data:preBuild UP-TO-DATE
Build & Public Release	Build Release APK	2026-02-03T12:58:51.7018073Z > Task :data:preReleaseBuild UP-TO-DATE
Build & Public Release	Build Release APK	2026-02-03T12:58:51.7018982Z > Task :domain:preBuild UP-TO-DATE
Build & Public Release	Build Release APK	2026-02-03T12:58:51.7019768Z > Task :domain:preReleaseBuild UP-TO-DATE
Build & Public Release	Build Release APK	2026-02-03T12:58:51.7021463Z > Task :core-metadata:preBuild UP-TO-DATE
Build & Public Release	Build Release APK	2026-02-03T12:58:51.7022176Z > Task :core-metadata:preReleaseBuild UP-TO-DATE
Build & Public Release	Build Release APK	2026-02-03T12:58:51.7022828Z > Task :app:preBuild UP-TO-DATE
Build & Public Release	Build Release APK	2026-02-03T12:58:51.7023373Z > Task :app:preReleaseBuild UP-TO-DATE
Build & Public Release	Build Release APK	2026-02-03T12:58:51.9998005Z > Task :core-metadata:mergeReleaseJniLibFolders
Build & Public Release	Build Release APK	2026-02-03T12:58:51.9998806Z > Task :data:mergeReleaseJniLibFolders
Build & Public Release	Build Release APK	2026-02-03T12:58:51.9999483Z > Task :app:mergeReleaseJniLibFolders
Build & Public Release	Build Release APK	2026-02-03T12:58:52.0000134Z > Task :domain:mergeReleaseJniLibFolders
Build & Public Release	Build Release APK	2026-02-03T12:58:52.0000842Z > Task :core-metadata:mergeReleaseNativeLibs NO-SOURCE
Build & Public Release	Build Release APK	2026-02-03T12:58:52.0011056Z > Task :flagkit:preBuild UP-TO-DATE
Build & Public Release	Build Release APK	2026-02-03T12:58:52.0012194Z > Task :data:mergeReleaseNativeLibs NO-SOURCE
Build & Public Release	Build Release APK	2026-02-03T12:58:52.0013443Z > Task :domain:mergeReleaseNativeLibs NO-SOURCE
Build & Public Release	Build Release APK	2026-02-03T12:58:52.0014014Z > Task :flagkit:preReleaseBuild UP-TO-DATE
Build & Public Release	Build Release APK	2026-02-03T12:58:52.1026220Z > Task :flagkit:mergeReleaseJniLibFolders
Build & Public Release	Build Release APK	2026-02-03T12:58:52.1063977Z > Task :domain:copyReleaseJniLibsProjectOnly
Build & Public Release	Build Release APK	2026-02-03T12:58:52.1064698Z > Task :data:copyReleaseJniLibsProjectOnly
Build & Public Release	Build Release APK	2026-02-03T12:58:52.1065955Z > Task :core-metadata:copyReleaseJniLibsProjectOnly
Build & Public Release	Build Release APK	2026-02-03T12:58:52.1066625Z > Task :flagkit:mergeReleaseNativeLibs NO-SOURCE
Build & Public Release	Build Release APK	2026-02-03T12:58:52.1067211Z > Task :i18n:generateLocalesConfig UP-TO-DATE
Build & Public Release	Build Release APK	2026-02-03T12:58:52.1067779Z > Task :flagkit:copyReleaseJniLibsProjectOnly
Build & Public Release	Build Release APK	2026-02-03T12:58:52.1997971Z > Task :i18n-kmk:generateMRcommonMain FROM-CACHE
Build & Public Release	Build Release APK	2026-02-03T12:58:52.1999225Z > Task :i18n-ank:generateMRcommonMain FROM-CACHE
Build & Public Release	Build Release APK	2026-02-03T12:58:52.2000145Z > Task :i18n-kmk:generateMRandroidDebug SKIPPED
Build & Public Release	Build Release APK	2026-02-03T12:58:52.2001034Z > Task :i18n-ank:generateMRandroidDebug SKIPPED
Build & Public Release	Build Release APK	2026-02-03T12:58:52.2001898Z > Task :i18n-sy:generateMRcommonMain FROM-CACHE
Build & Public Release	Build Release APK	2026-02-03T12:58:52.2002812Z > Task :i18n-sy:generateMRandroidDebug SKIPPED
Build & Public Release	Build Release APK	2026-02-03T12:58:52.2003820Z > Task :i18n-ank:generateMRandroidInstrumentedTest FROM-CACHE
Build & Public Release	Build Release APK	2026-02-03T12:58:52.2004898Z > Task :i18n-ank:generateMRandroidInstrumentedTestDebug SKIPPED
Build & Public Release	Build Release APK	2026-02-03T12:58:52.2006207Z > Task :i18n-kmk:generateMRandroidInstrumentedTest FROM-CACHE
Build & Public Release	Build Release APK	2026-02-03T12:58:52.2016260Z > Task :i18n-kmk:generateMRandroidInstrumentedTestDebug SKIPPED
Build & Public Release	Build Release APK	2026-02-03T12:58:52.2017192Z > Task :i18n-sy:generateMRandroidInstrumentedTest FROM-CACHE
Build & Public Release	Build Release APK	2026-02-03T12:58:52.2018069Z > Task :i18n-sy:generateMRandroidInstrumentedTestDebug SKIPPED
Build & Public Release	Build Release APK	2026-02-03T12:58:52.3082340Z > Task :i18n-kmk:generateMRandroidMain FROM-CACHE
Build & Public Release	Build Release APK	2026-02-03T12:58:52.3086745Z > Task :i18n-kmk:generateMRandroidRelease SKIPPED
Build & Public Release	Build Release APK	2026-02-03T12:58:52.3087670Z > Task :i18n-ank:generateMRandroidMain FROM-CACHE
Build & Public Release	Build Release APK	2026-02-03T12:58:52.3088545Z > Task :i18n-ank:generateMRandroidRelease SKIPPED
Build & Public Release	Build Release APK	2026-02-03T12:58:52.3089391Z > Task :i18n-kmk:generateMRcommonTest FROM-CACHE
Build & Public Release	Build Release APK	2026-02-03T12:58:52.3090219Z > Task :i18n-ank:generateMRcommonTest FROM-CACHE
Build & Public Release	Build Release APK	2026-02-03T12:58:52.3091089Z > Task :i18n-kmk:generateMRandroidUnitTest FROM-CACHE
Build & Public Release	Build Release APK	2026-02-03T12:58:52.3092341Z > Task :i18n-kmk:generateMRandroidUnitTestDebug SKIPPED
Build & Public Release	Build Release APK	2026-02-03T12:58:52.3093815Z > Task :i18n-kmk:generateMRandroidUnitTestRelease SKIPPED
Build & Public Release	Build Release APK	2026-02-03T12:58:52.3094767Z > Task :i18n-ank:generateMRandroidUnitTest FROM-CACHE
Build & Public Release	Build Release APK	2026-02-03T12:58:52.3098328Z > Task :i18n-ank:generateMRandroidUnitTestDebug SKIPPED
Build & Public Release	Build Release APK	2026-02-03T12:58:52.3099140Z > Task :i18n-kmk:preBuild UP-TO-DATE
Build & Public Release	Build Release APK	2026-02-03T12:58:52.3099878Z > Task :i18n-sy:generateMRandroidMain FROM-CACHE
Build & Public Release	Build Release APK	2026-02-03T12:58:52.3100692Z > Task :i18n-ank:generateMRandroidUnitTestRelease SKIPPED
Build & Public Release	Build Release APK	2026-02-03T12:58:52.3101528Z > Task :i18n-sy:generateMRandroidRelease SKIPPED
Build & Public Release	Build Release APK	2026-02-03T12:58:52.3102245Z > Task :i18n-ank:preBuild UP-TO-DATE
Build & Public Release	Build Release APK	2026-02-03T12:58:52.3104206Z > Task :i18n-ank:preReleaseBuild UP-TO-DATE
Build & Public Release	Build Release APK	2026-02-03T12:58:52.3105030Z > Task :i18n-kmk:preReleaseBuild UP-TO-DATE
Build & Public Release	Build Release APK	2026-02-03T12:58:52.3108631Z > Task :i18n-sy:generateMRcommonTest FROM-CACHE
Build & Public Release	Build Release APK	2026-02-03T12:58:52.3109258Z > Task :i18n-ank:mergeReleaseJniLibFolders
Build & Public Release	Build Release APK	2026-02-03T12:58:52.3109854Z > Task :i18n-kmk:mergeReleaseJniLibFolders
Build & Public Release	Build Release APK	2026-02-03T12:58:52.3110459Z > Task :i18n-ank:mergeReleaseNativeLibs NO-SOURCE
Build & Public Release	Build Release APK	2026-02-03T12:58:52.3111096Z > Task :i18n-kmk:mergeReleaseNativeLibs NO-SOURCE
Build & Public Release	Build Release APK	2026-02-03T12:58:52.3111657Z > Task :i18n-ank:copyReleaseJniLibsProjectOnly
Build & Public Release	Build Release APK	2026-02-03T12:58:52.4001638Z > Task :presentation-core:preBuild UP-TO-DATE
Build & Public Release	Build Release APK	2026-02-03T12:58:52.4005334Z > Task :i18n-sy:generateMRandroidUnitTest FROM-CACHE
Build & Public Release	Build Release APK	2026-02-03T12:58:52.4056351Z > Task :presentation-core:preReleaseBuild UP-TO-DATE
Build & Public Release	Build Release APK	2026-02-03T12:58:52.4071558Z > Task :i18n-sy:generateMRandroidUnitTestDebug SKIPPED
Build & Public Release	Build Release APK	2026-02-03T12:58:52.4112979Z > Task :i18n-sy:generateMRandroidUnitTestRelease SKIPPED
Build & Public Release	Build Release APK	2026-02-03T12:58:52.4114108Z > Task :i18n-kmk:copyReleaseJniLibsProjectOnly
Build & Public Release	Build Release APK	2026-02-03T12:58:52.4114952Z > Task :i18n-sy:preBuild UP-TO-DATE
Build & Public Release	Build Release APK	2026-02-03T12:58:52.4115800Z > Task :presentation-widget:preBuild UP-TO-DATE
Build & Public Release	Build Release APK	2026-02-03T12:58:52.4116537Z > Task :presentation-widget:preReleaseBuild UP-TO-DATE
Build & Public Release	Build Release APK	2026-02-03T12:58:52.4117221Z > Task :i18n-sy:preReleaseBuild UP-TO-DATE
Build & Public Release	Build Release APK	2026-02-03T12:58:52.4117866Z > Task :presentation-core:mergeReleaseJniLibFolders
Build & Public Release	Build Release APK	2026-02-03T12:58:52.4118589Z > Task :i18n-sy:mergeReleaseJniLibFolders
Build & Public Release	Build Release APK	2026-02-03T12:58:52.4119605Z > Task :i18n-sy:mergeReleaseNativeLibs NO-SOURCE
Build & Public Release	Build Release APK	2026-02-03T12:58:52.4120531Z > Task :presentation-core:mergeReleaseNativeLibs NO-SOURCE
Build & Public Release	Build Release APK	2026-02-03T12:58:52.4121374Z > Task :presentation-core:copyReleaseJniLibsProjectOnly
Build & Public Release	Build Release APK	2026-02-03T12:58:52.4122094Z > Task :i18n-sy:copyReleaseJniLibsProjectOnly
Build & Public Release	Build Release APK	2026-02-03T12:58:52.4122715Z > Task :source-api:preBuild UP-TO-DATE
Build & Public Release	Build Release APK	2026-02-03T12:58:52.4123279Z > Task :source-local:preBuild UP-TO-DATE
Build & Public Release	Build Release APK	2026-02-03T12:58:52.4123874Z > Task :source-api:preReleaseBuild UP-TO-DATE
Build & Public Release	Build Release APK	2026-02-03T12:58:52.4124483Z > Task :source-local:preReleaseBuild UP-TO-DATE
Build & Public Release	Build Release APK	2026-02-03T12:58:52.4125320Z > Task :presentation-widget:mergeReleaseJniLibFolders
Build & Public Release	Build Release APK	2026-02-03T12:58:52.4126084Z > Task :presentation-widget:mergeReleaseNativeLibs NO-SOURCE
Build & Public Release	Build Release APK	2026-02-03T12:58:52.4126867Z > Task :presentation-widget:copyReleaseJniLibsProjectOnly
Build & Public Release	Build Release APK	2026-02-03T12:58:52.4127594Z > Task :source-api:mergeReleaseJniLibFolders
Build & Public Release	Build Release APK	2026-02-03T12:58:52.4128215Z > Task :telemetry:preBuild UP-TO-DATE
Build & Public Release	Build Release APK	2026-02-03T12:58:52.4128815Z > Task :telemetry:preReleaseBuild UP-TO-DATE
Build & Public Release	Build Release APK	2026-02-03T12:58:52.4129478Z > Task :source-api:mergeReleaseNativeLibs NO-SOURCE
Build & Public Release	Build Release APK	2026-02-03T12:58:52.4130147Z > Task :source-local:mergeReleaseJniLibFolders
Build & Public Release	Build Release APK	2026-02-03T12:58:52.4130942Z > Task :source-local:mergeReleaseNativeLibs NO-SOURCE
Build & Public Release	Build Release APK	2026-02-03T12:58:52.4131550Z > Task :source-api:copyReleaseJniLibsProjectOnly
Build & Public Release	Build Release APK	2026-02-03T12:58:52.4132093Z > Task :core:archive:preBuild UP-TO-DATE
Build & Public Release	Build Release APK	2026-02-03T12:58:52.4132632Z > Task :core:archive:preReleaseBuild UP-TO-DATE
Build & Public Release	Build Release APK	2026-02-03T12:58:52.4133229Z > Task :source-local:copyReleaseJniLibsProjectOnly
Build & Public Release	Build Release APK	2026-02-03T12:58:52.4133772Z > Task :core:common:preBuild UP-TO-DATE
Build & Public Release	Build Release APK	2026-02-03T12:58:52.4152398Z > Task :core:common:preReleaseBuild UP-TO-DATE
Build & Public Release	Build Release APK	2026-02-03T12:58:52.4153054Z > Task :telemetry:mergeReleaseJniLibFolders
Build & Public Release	Build Release APK	2026-02-03T12:58:52.4153854Z > Task :telemetry:mergeReleaseNativeLibs NO-SOURCE
Build & Public Release	Build Release APK	2026-02-03T12:58:52.4155007Z > Task :core:archive:mergeReleaseJniLibFolders
Build & Public Release	Build Release APK	2026-02-03T12:58:52.4155997Z > Task :core:archive:mergeReleaseNativeLibs NO-SOURCE
Build & Public Release	Build Release APK	2026-02-03T12:58:52.4156829Z > Task :core:common:mergeReleaseJniLibFolders
Build & Public Release	Build Release APK	2026-02-03T12:58:52.4157641Z > Task :telemetry:copyReleaseJniLibsProjectOnly
Build & Public Release	Build Release APK	2026-02-03T12:58:52.4158481Z > Task :core:common:mergeReleaseNativeLibs NO-SOURCE
Build & Public Release	Build Release APK	2026-02-03T12:58:52.4159378Z > Task :core:archive:copyReleaseJniLibsProjectOnly
Build & Public Release	Build Release APK	2026-02-03T12:58:52.4986953Z > Task :core:common:copyReleaseJniLibsProjectOnly
Build & Public Release	Build Release APK	2026-02-03T12:58:52.4993081Z > Task :core-metadata:prepareReleaseArtProfile
Build & Public Release	Build Release APK	2026-02-03T12:58:52.5000626Z > Task :data:prepareReleaseArtProfile
Build & Public Release	Build Release APK	2026-02-03T12:58:52.5027607Z > Task :i18n-ank:prepareReleaseArtProfile
Build & Public Release	Build Release APK	2026-02-03T12:58:52.5129729Z > Task :domain:prepareReleaseArtProfile
Build & Public Release	Build Release APK	2026-02-03T12:58:52.5130804Z > Task :flagkit:prepareReleaseArtProfile
Build & Public Release	Build Release APK	2026-02-03T12:58:52.5131639Z > Task :i18n-kmk:prepareReleaseArtProfile
Build & Public Release	Build Release APK	2026-02-03T12:58:52.5132504Z > Task :presentation-core:prepareReleaseArtProfile
Build & Public Release	Build Release APK	2026-02-03T12:58:52.5133375Z > Task :i18n-sy:prepareReleaseArtProfile
Build & Public Release	Build Release APK	2026-02-03T12:58:52.5134268Z > Task :presentation-widget:prepareReleaseArtProfile
Build & Public Release	Build Release APK	2026-02-03T12:58:52.5135319Z > Task :source-api:prepareReleaseArtProfile
Build & Public Release	Build Release APK	2026-02-03T12:58:52.5136153Z > Task :source-local:prepareReleaseArtProfile
Build & Public Release	Build Release APK	2026-02-03T12:58:52.5136971Z > Task :telemetry:prepareReleaseArtProfile
Build & Public Release	Build Release APK	2026-02-03T12:58:52.5138073Z > Task :core-metadata:checkKotlinGradlePluginConfigurationErrors SKIPPED
Build & Public Release	Build Release APK	2026-02-03T12:58:52.5139076Z > Task :core:common:prepareReleaseArtProfile
Build & Public Release	Build Release APK	2026-02-03T12:58:52.5139867Z > Task :core:archive:prepareReleaseArtProfile
Build & Public Release	Build Release APK	2026-02-03T12:58:52.5140767Z > Task :core-metadata:generateReleaseResValues FROM-CACHE
Build & Public Release	Build Release APK	2026-02-03T12:58:52.5141626Z > Task :i18n-sy:generateReleaseResValues FROM-CACHE
Build & Public Release	Build Release APK	2026-02-03T12:58:52.5142447Z > Task :source-api:generateReleaseResValues FROM-CACHE
Build & Public Release	Build Release APK	2026-02-03T12:58:52.5143275Z > Task :core-metadata:generateReleaseResources FROM-CACHE
Build & Public Release	Build Release APK	2026-02-03T12:58:52.5144065Z > Task :i18n-sy:generateReleaseResources FROM-CACHE
Build & Public Release	Build Release APK	2026-02-03T12:58:52.5144901Z > Task :source-api:generateReleaseResources FROM-CACHE
Build & Public Release	Build Release APK	2026-02-03T12:58:52.5986738Z > Task :source-api:packageReleaseResources FROM-CACHE
Build & Public Release	Build Release APK	2026-02-03T12:58:52.5995991Z > Task :core-metadata:packageReleaseResources FROM-CACHE
Build & Public Release	Build Release APK	2026-02-03T12:58:52.6001685Z > Task :i18n-sy:packageReleaseResources FROM-CACHE
Build & Public Release	Build Release APK	2026-02-03T12:58:55.5026391Z > Task :core-metadata:parseReleaseLocalResources FROM-CACHE
Build & Public Release	Build Release APK	2026-02-03T12:58:55.5027341Z > Task :i18n-sy:parseReleaseLocalResources FROM-CACHE
Build & Public Release	Build Release APK	2026-02-03T12:58:55.5028050Z > Task :source-api:parseReleaseLocalResources FROM-CACHE
Build & Public Release	Build Release APK	2026-02-03T12:58:55.5028708Z > Task :source-api:kmpPartiallyResolvedDependenciesChecker
Build & Public Release	Build Release APK	2026-02-03T12:58:55.5029493Z > Task :core:common:generateReleaseResValues FROM-CACHE
Build & Public Release	Build Release APK	2026-02-03T12:58:55.5030430Z > Task :source-api:checkKotlinGradlePluginConfigurationErrors SKIPPED
Build & Public Release	Build Release APK	2026-02-03T12:58:55.5031192Z > Task :core:common:generateReleaseResources FROM-CACHE
Build & Public Release	Build Release APK	2026-02-03T12:58:55.5031976Z > Task :source-api:javaPreCompileRelease FROM-CACHE
Build & Public Release	Build Release APK	2026-02-03T12:58:55.5032703Z > Task :core:common:packageReleaseResources FROM-CACHE
Build & Public Release	Build Release APK	2026-02-03T12:58:55.5033510Z > Task :core-metadata:javaPreCompileRelease FROM-CACHE
Build & Public Release	Build Release APK	2026-02-03T12:58:55.5037044Z > Task :domain:checkKotlinGradlePluginConfigurationErrors SKIPPED
Build & Public Release	Build Release APK	2026-02-03T12:58:55.5037884Z > Task :core:common:parseReleaseLocalResources FROM-CACHE
Build & Public Release	Build Release APK	2026-02-03T12:58:55.5038730Z > Task :core:common:checkKotlinGradlePluginConfigurationErrors SKIPPED
Build & Public Release	Build Release APK	2026-02-03T12:58:55.6084569Z > Task :domain:generateReleaseResValues FROM-CACHE
Build & Public Release	Build Release APK	2026-02-03T12:58:55.6085540Z > Task :core:common:javaPreCompileRelease FROM-CACHE
Build & Public Release	Build Release APK	2026-02-03T12:58:55.6086469Z > Task :i18n-ank:generateReleaseResValues FROM-CACHE
Build & Public Release	Build Release APK	2026-02-03T12:58:55.6087690Z > Task :domain:generateReleaseResources FROM-CACHE
Build & Public Release	Build Release APK	2026-02-03T12:58:55.6088567Z > Task :i18n-ank:generateReleaseResources FROM-CACHE
Build & Public Release	Build Release APK	2026-02-03T12:58:55.6089414Z > Task :domain:packageReleaseResources FROM-CACHE
Build & Public Release	Build Release APK	2026-02-03T12:58:55.6090214Z > Task :domain:parseReleaseLocalResources FROM-CACHE
Build & Public Release	Build Release APK	2026-02-03T12:58:55.6091397Z > Task :domain:javaPreCompileRelease FROM-CACHE
Build & Public Release	Build Release APK	2026-02-03T12:58:55.6092306Z > Task :source-local:kmpPartiallyResolvedDependenciesChecker
Build & Public Release	Build Release APK	2026-02-03T12:58:55.6093387Z > Task :source-local:checkKotlinGradlePluginConfigurationErrors SKIPPED
Build & Public Release	Build Release APK	2026-02-03T12:58:55.6094307Z > Task :i18n-sy:generateReleaseRFile FROM-CACHE
Build & Public Release	Build Release APK	2026-02-03T12:58:55.6095284Z > Task :i18n-sy:kmpPartiallyResolvedDependenciesChecker
Build & Public Release	Build Release APK	2026-02-03T12:58:55.6096288Z > Task :i18n-sy:checkKotlinGradlePluginConfigurationErrors SKIPPED
Build & Public Release	Build Release APK	2026-02-03T12:58:55.6097298Z > Task :source-local:generateReleaseResValues FROM-CACHE
Build & Public Release	Build Release APK	2026-02-03T12:58:55.6098227Z > Task :source-local:generateReleaseResources FROM-CACHE
Build & Public Release	Build Release APK	2026-02-03T12:58:55.6099092Z > Task :i18n-ank:packageReleaseResources FROM-CACHE
Build & Public Release	Build Release APK	2026-02-03T12:58:55.6099965Z > Task :source-local:packageReleaseResources FROM-CACHE
Build & Public Release	Build Release APK	2026-02-03T12:58:55.6100862Z > Task :i18n-ank:parseReleaseLocalResources FROM-CACHE
Build & Public Release	Build Release APK	2026-02-03T12:58:55.6987862Z > Task :source-local:parseReleaseLocalResources FROM-CACHE
Build & Public Release	Build Release APK	2026-02-03T12:58:55.6993827Z > Task :core:archive:generateReleaseResValues FROM-CACHE
Build & Public Release	Build Release APK	2026-02-03T12:58:55.6999946Z > Task :i18n-ank:generateReleaseRFile FROM-CACHE
Build & Public Release	Build Release APK	2026-02-03T12:58:55.7004468Z > Task :core:archive:generateReleaseResources FROM-CACHE
Build & Public Release	Build Release APK	2026-02-03T12:58:55.7006998Z > Task :i18n-ank:kmpPartiallyResolvedDependenciesChecker
Build & Public Release	Build Release APK	2026-02-03T12:58:55.7008898Z > Task :i18n-ank:checkKotlinGradlePluginConfigurationErrors SKIPPED
Build & Public Release	Build Release APK	2026-02-03T12:58:55.7009717Z > Task :core:archive:packageReleaseResources FROM-CACHE
Build & Public Release	Build Release APK	2026-02-03T12:58:55.7010433Z > Task :core:archive:parseReleaseLocalResources FROM-CACHE
Build & Public Release	Build Release APK	2026-02-03T12:58:55.7011243Z > Task :core:archive:checkKotlinGradlePluginConfigurationErrors SKIPPED
Build & Public Release	Build Release APK	2026-02-03T12:58:55.7012054Z > Task :core:archive:javaPreCompileRelease FROM-CACHE
Build & Public Release	Build Release APK	2026-02-03T12:58:55.7012638Z > Task :i18n:generateMRcommonMain
Build & Public Release	Build Release APK	2026-02-03T12:58:55.7013153Z > Task :i18n:generateMRandroidDebug SKIPPED
Build & Public Release	Build Release APK	2026-02-03T12:58:55.7013751Z > Task :source-local:javaPreCompileRelease FROM-CACHE
Build & Public Release	Build Release APK	2026-02-03T12:58:55.7014502Z > Task :data:checkKotlinGradlePluginConfigurationErrors SKIPPED
Build & Public Release	Build Release APK	2026-02-03T12:58:55.8015929Z > Task :i18n:generateMRandroidInstrumentedTest FROM-CACHE
Build & Public Release	Build Release APK	2026-02-03T12:58:55.8020620Z > Task :i18n:generateMRandroidInstrumentedTestDebug SKIPPED
Build & Public Release	Build Release APK	2026-02-03T12:58:55.8025358Z > Task :data:generateReleaseDatabaseInterface FROM-CACHE
Build & Public Release	Build Release APK	2026-02-03T12:58:55.8030028Z > Task :data:generateReleaseResValues FROM-CACHE
Build & Public Release	Build Release APK	2026-02-03T12:58:55.8031205Z > Task :data:generateReleaseResources FROM-CACHE
Build & Public Release	Build Release APK	2026-02-03T12:58:55.8032478Z > Task :data:packageReleaseResources FROM-CACHE
Build & Public Release	Build Release APK	2026-02-03T12:58:55.8033504Z > Task :data:parseReleaseLocalResources FROM-CACHE
Build & Public Release	Build Release APK	2026-02-03T12:58:55.8992526Z > Task :data:javaPreCompileRelease FROM-CACHE
Build & Public Release	Build Release APK	2026-02-03T12:58:55.8997707Z > Task :presentation-core:checkKotlinGradlePluginConfigurationErrors SKIPPED
Build & Public Release	Build Release APK	2026-02-03T12:58:55.9000281Z > Task :i18n-ank:compileReleaseKotlinAndroid FROM-CACHE
Build & Public Release	Build Release APK	2026-02-03T12:58:55.9002622Z > Task :i18n-sy:compileReleaseKotlinAndroid FROM-CACHE
Build & Public Release	Build Release APK	2026-02-03T12:58:55.9018822Z > Task :i18n-ank:javaPreCompileRelease FROM-CACHE
Build & Public Release	Build Release APK	2026-02-03T12:58:55.9019657Z > Task :presentation-core:generateReleaseResValues FROM-CACHE
Build & Public Release	Build Release APK	2026-02-03T12:58:55.9020461Z > Task :i18n-ank:compileReleaseJavaWithJavac NO-SOURCE
Build & Public Release	Build Release APK	2026-02-03T12:58:55.9021193Z > Task :i18n-sy:javaPreCompileRelease FROM-CACHE
Build & Public Release	Build Release APK	2026-02-03T12:58:55.9021891Z > Task :i18n-sy:compileReleaseJavaWithJavac NO-SOURCE
Build & Public Release	Build Release APK	2026-02-03T12:58:55.9022671Z > Task :presentation-core:generateReleaseResources FROM-CACHE
Build & Public Release	Build Release APK	2026-02-03T12:58:55.9023488Z > Task :presentation-core:packageReleaseResources FROM-CACHE
Build & Public Release	Build Release APK	2026-02-03T12:58:55.9024342Z > Task :presentation-core:parseReleaseLocalResources FROM-CACHE
Build & Public Release	Build Release APK	2026-02-03T12:58:55.9025348Z > Task :presentation-core:javaPreCompileRelease FROM-CACHE
Build & Public Release	Build Release APK	2026-02-03T12:58:55.9026322Z > Task :presentation-widget:checkKotlinGradlePluginConfigurationErrors SKIPPED
Build & Public Release	Build Release APK	2026-02-03T12:58:55.9027625Z > Task :presentation-widget:generateReleaseResValues FROM-CACHE
Build & Public Release	Build Release APK	2026-02-03T12:58:55.9028991Z > Task :presentation-widget:generateReleaseResources FROM-CACHE
Build & Public Release	Build Release APK	2026-02-03T12:58:56.0016756Z > Task :presentation-widget:packageReleaseResources FROM-CACHE
Build & Public Release	Build Release APK	2026-02-03T12:58:56.0021318Z > Task :presentation-widget:parseReleaseLocalResources FROM-CACHE
Build & Public Release	Build Release APK	2026-02-03T12:58:56.0026195Z > Task :presentation-widget:javaPreCompileRelease FROM-CACHE
Build & Public Release	Build Release APK	2026-02-03T12:58:56.0032631Z > Task :i18n-ank:bundleLibCompileToJarRelease
Build & Public Release	Build Release APK	2026-02-03T12:58:56.0035724Z > Task :flagkit:checkKotlinGradlePluginConfigurationErrors SKIPPED
Build & Public Release	Build Release APK	2026-02-03T12:58:56.0036933Z > Task :i18n-sy:bundleLibCompileToJarRelease
Build & Public Release	Build Release APK	2026-02-03T12:58:56.0038194Z > Task :i18n-kmk:kmpPartiallyResolvedDependenciesChecker
Build & Public Release	Build Release APK	2026-02-03T12:58:56.0043366Z > Task :i18n-kmk:checkKotlinGradlePluginConfigurationErrors SKIPPED
Build & Public Release	Build Release APK	2026-02-03T12:58:56.0044828Z > Task :i18n-ank:mergeReleaseGeneratedProguardFiles
Build & Public Release	Build Release APK	2026-02-03T12:58:56.0078220Z > Task :flagkit:generateReleaseResValues FROM-CACHE
Build & Public Release	Build Release APK	2026-02-03T12:58:56.0079171Z > Task :i18n-kmk:generateReleaseResValues FROM-CACHE
Build & Public Release	Build Release APK	2026-02-03T12:58:56.0085830Z > Task :i18n-kmk:generateReleaseResources FROM-CACHE
Build & Public Release	Build Release APK	2026-02-03T12:58:56.0086584Z > Task :i18n-ank:exportReleaseConsumerProguardFiles
Build & Public Release	Build Release APK	2026-02-03T12:58:56.0088816Z > Task :i18n-sy:mergeReleaseGeneratedProguardFiles
Build & Public Release	Build Release APK	2026-02-03T12:58:56.0091215Z > Task :i18n-sy:exportReleaseConsumerProguardFiles
Build & Public Release	Build Release APK	2026-02-03T12:58:56.0095639Z > Task :telemetry:checkKotlinGradlePluginConfigurationErrors SKIPPED
Build & Public Release	Build Release APK	2026-02-03T12:58:56.0096695Z > Task :telemetry:generateReleaseResValues FROM-CACHE
Build & Public Release	Build Release APK	2026-02-03T12:58:56.1023828Z > Task :telemetry:generateReleaseResources FROM-CACHE
Build & Public Release	Build Release APK	2026-02-03T12:58:56.1025555Z > Task :i18n-kmk:packageReleaseResources FROM-CACHE
Build & Public Release	Build Release APK	2026-02-03T12:58:56.1043025Z > Task :i18n-kmk:parseReleaseLocalResources FROM-CACHE
Build & Public Release	Build Release APK	2026-02-03T12:58:56.1043800Z > Task :telemetry:packageReleaseResources FROM-CACHE
Build & Public Release	Build Release APK	2026-02-03T12:58:56.1044541Z > Task :telemetry:parseReleaseLocalResources FROM-CACHE
Build & Public Release	Build Release APK	2026-02-03T12:58:56.1045489Z > Task :i18n-kmk:generateReleaseRFile FROM-CACHE
Build & Public Release	Build Release APK	2026-02-03T12:58:56.1046173Z > Task :flagkit:generateReleaseResources FROM-CACHE
Build & Public Release	Build Release APK	2026-02-03T12:58:56.1987543Z > Task :telemetry:generateReleaseRFile FROM-CACHE
Build & Public Release	Build Release APK	2026-02-03T12:58:56.1995085Z > Task :i18n-kmk:compileReleaseKotlinAndroid FROM-CACHE
Build & Public Release	Build Release APK	2026-02-03T12:58:56.1996550Z > Task :i18n-kmk:javaPreCompileRelease FROM-CACHE
Build & Public Release	Build Release APK	2026-02-03T12:58:56.1997755Z > Task :i18n-kmk:compileReleaseJavaWithJavac NO-SOURCE
Build & Public Release	Build Release APK	2026-02-03T12:58:56.2003719Z > Task :i18n-kmk:mergeReleaseGeneratedProguardFiles
Build & Public Release	Build Release APK	2026-02-03T12:58:56.2006254Z > Task :i18n-kmk:exportReleaseConsumerProguardFiles
Build & Public Release	Build Release APK	2026-02-03T12:58:56.2007304Z > Task :telemetry:compileReleaseKotlin FROM-CACHE
Build & Public Release	Build Release APK	2026-02-03T12:58:56.3001952Z > Task :telemetry:javaPreCompileRelease FROM-CACHE
Build & Public Release	Build Release APK	2026-02-03T12:58:56.3009712Z > Task :telemetry:compileReleaseJavaWithJavac NO-SOURCE
Build & Public Release	Build Release APK	2026-02-03T12:58:56.3016157Z > Task :flagkit:packageReleaseResources FROM-CACHE
Build & Public Release	Build Release APK	2026-02-03T12:58:56.3016912Z > Task :telemetry:mergeReleaseGeneratedProguardFiles
Build & Public Release	Build Release APK	2026-02-03T12:58:56.3017666Z > Task :telemetry:exportReleaseConsumerProguardFiles
Build & Public Release	Build Release APK	2026-02-03T12:58:56.3018468Z > Task :flagkit:parseReleaseLocalResources FROM-CACHE
Build & Public Release	Build Release APK	2026-02-03T12:58:56.3019216Z > Task :flagkit:javaPreCompileRelease FROM-CACHE
Build & Public Release	Build Release APK	2026-02-03T12:58:56.3019843Z > Task :app:buildKotlinToolingMetadata
Build & Public Release	Build Release APK	2026-02-03T12:58:56.3020441Z > Task :core-metadata:writeReleaseAarMetadata
Build & Public Release	Build Release APK	2026-02-03T12:58:56.3021019Z > Task :data:writeReleaseAarMetadata
Build & Public Release	Build Release APK	2026-02-03T12:58:56.3021585Z > Task :domain:writeReleaseAarMetadata
Build & Public Release	Build Release APK	2026-02-03T12:58:56.3022165Z > Task :flagkit:writeReleaseAarMetadata
Build & Public Release	Build Release APK	2026-02-03T12:58:56.3022722Z > Task :i18n-ank:writeReleaseAarMetadata
Build & Public Release	Build Release APK	2026-02-03T12:58:56.3023279Z > Task :i18n-kmk:writeReleaseAarMetadata
Build & Public Release	Build Release APK	2026-02-03T12:58:56.3023911Z > Task :presentation-core:writeReleaseAarMetadata
Build & Public Release	Build Release APK	2026-02-03T12:58:56.3024521Z > Task :i18n-sy:writeReleaseAarMetadata
Build & Public Release	Build Release APK	2026-02-03T12:58:56.3025332Z > Task :presentation-widget:writeReleaseAarMetadata
Build & Public Release	Build Release APK	2026-02-03T12:58:56.3987011Z > Task :source-api:writeReleaseAarMetadata
Build & Public Release	Build Release APK	2026-02-03T12:58:56.4001880Z > Task :telemetry:writeReleaseAarMetadata
Build & Public Release	Build Release APK	2026-02-03T12:58:56.4003354Z > Task :source-local:writeReleaseAarMetadata
Build & Public Release	Build Release APK	2026-02-03T12:58:56.4004135Z > Task :core:archive:writeReleaseAarMetadata
Build & Public Release	Build Release APK	2026-02-03T12:58:56.4004720Z > Task :core:common:writeReleaseAarMetadata
Build & Public Release	Build Release APK	2026-02-03T12:58:56.4008081Z > Task :core-metadata:extractDeepLinksRelease FROM-CACHE
Build & Public Release	Build Release APK	2026-02-03T12:58:56.4008842Z > Task :data:extractDeepLinksRelease FROM-CACHE
Build & Public Release	Build Release APK	2026-02-03T12:58:56.4009569Z > Task :core-metadata:processReleaseManifest FROM-CACHE
Build & Public Release	Build Release APK	2026-02-03T12:58:56.4010279Z > Task :domain:extractDeepLinksRelease FROM-CACHE
Build & Public Release	Build Release APK	2026-02-03T12:58:56.4010968Z > Task :data:processReleaseManifest FROM-CACHE
Build & Public Release	Build Release APK	2026-02-03T12:58:56.4011640Z > Task :domain:processReleaseManifest FROM-CACHE
Build & Public Release	Build Release APK	2026-02-03T12:58:56.4012320Z > Task :flagkit:extractDeepLinksRelease FROM-CACHE
Build & Public Release	Build Release APK	2026-02-03T12:58:56.4013010Z > Task :i18n-ank:extractDeepLinksRelease FROM-CACHE
Build & Public Release	Build Release APK	2026-02-03T12:58:56.4013731Z > Task :i18n-ank:processReleaseManifest FROM-CACHE
Build & Public Release	Build Release APK	2026-02-03T12:58:56.4014430Z > Task :flagkit:processReleaseManifest FROM-CACHE
Build & Public Release	Build Release APK	2026-02-03T12:58:56.4021220Z > Task :i18n-kmk:extractDeepLinksRelease FROM-CACHE
Build & Public Release	Build Release APK	2026-02-03T12:58:56.4022071Z > Task :i18n-sy:extractDeepLinksRelease FROM-CACHE
Build & Public Release	Build Release APK	2026-02-03T12:58:56.4022763Z > Task :i18n-kmk:processReleaseManifest FROM-CACHE
Build & Public Release	Build Release APK	2026-02-03T12:58:56.4023451Z > Task :i18n-sy:processReleaseManifest FROM-CACHE
Build & Public Release	Build Release APK	2026-02-03T12:58:56.4024231Z > Task :presentation-core:extractDeepLinksRelease FROM-CACHE
Build & Public Release	Build Release APK	2026-02-03T12:58:56.4025314Z > Task :presentation-widget:extractDeepLinksRelease FROM-CACHE
Build & Public Release	Build Release APK	2026-02-03T12:58:56.5003456Z > Task :presentation-core:processReleaseManifest FROM-CACHE
Build & Public Release	Build Release APK	2026-02-03T12:58:56.5004426Z > Task :presentation-widget:processReleaseManifest FROM-CACHE
Build & Public Release	Build Release APK	2026-02-03T12:58:56.5005460Z > Task :source-api:extractDeepLinksRelease FROM-CACHE
Build & Public Release	Build Release APK	2026-02-03T12:58:56.5006221Z > Task :source-local:extractDeepLinksRelease FROM-CACHE
Build & Public Release	Build Release APK	2026-02-03T12:58:56.5006976Z > Task :source-api:processReleaseManifest FROM-CACHE
Build & Public Release	Build Release APK	2026-02-03T12:58:56.5007706Z > Task :source-local:processReleaseManifest FROM-CACHE
Build & Public Release	Build Release APK	2026-02-03T12:58:56.5018975Z > Task :telemetry:extractDeepLinksRelease FROM-CACHE
Build & Public Release	Build Release APK	2026-02-03T12:58:56.5020107Z > Task :core:archive:extractDeepLinksRelease FROM-CACHE
Build & Public Release	Build Release APK	2026-02-03T12:58:56.5020866Z > Task :telemetry:processReleaseManifest FROM-CACHE
Build & Public Release	Build Release APK	2026-02-03T12:58:56.5021590Z > Task :core:common:extractDeepLinksRelease FROM-CACHE
Build & Public Release	Build Release APK	2026-02-03T12:58:56.5022312Z > Task :core:archive:processReleaseManifest FROM-CACHE
Build & Public Release	Build Release APK	2026-02-03T12:58:56.5023029Z > Task :core:common:processReleaseManifest FROM-CACHE
Build & Public Release	Build Release APK	2026-02-03T12:58:56.5023724Z > Task :telemetry:bundleLibCompileToJarRelease
Build & Public Release	Build Release APK	2026-02-03T12:58:56.5024366Z > Task :i18n-kmk:bundleLibCompileToJarRelease
Build & Public Release	Build Release APK	2026-02-03T12:58:56.5024999Z > Task :i18n-kmk:bundleLibRuntimeToJarRelease
Build & Public Release	Build Release APK	2026-02-03T12:58:56.5069076Z > Task :i18n-ank:bundleLibRuntimeToJarRelease
Build & Public Release	Build Release APK	2026-02-03T12:58:56.5993338Z > Task :telemetry:bundleLibRuntimeToJarRelease
Build & Public Release	Build Release APK	2026-02-03T12:58:56.5994546Z > Task :i18n-sy:bundleLibRuntimeToJarRelease
Build & Public Release	Build Release APK	2026-02-03T12:58:56.5995582Z > Task :i18n-ank:processReleaseJavaRes
Build & Public Release	Build Release APK	2026-02-03T12:58:56.5996466Z > Task :i18n-kmk:processReleaseJavaRes
Build & Public Release	Build Release APK	2026-02-03T12:58:56.5997251Z > Task :telemetry:processReleaseJavaRes
Build & Public Release	Build Release APK	2026-02-03T12:58:56.5998241Z > Task :i18n-sy:processReleaseJavaRes
Build & Public Release	Build Release APK	2026-02-03T12:58:56.5998992Z > Task :core-metadata:mergeReleaseShaders
Build & Public Release	Build Release APK	2026-02-03T12:58:56.5999832Z > Task :core-metadata:compileReleaseShaders NO-SOURCE
Build & Public Release	Build Release APK	2026-02-03T12:58:56.6001133Z > Task :core-metadata:generateReleaseAssets UP-TO-DATE
Build & Public Release	Build Release APK	2026-02-03T12:58:56.6002187Z > Task :data:mergeReleaseShaders
Build & Public Release	Build Release APK	2026-02-03T12:58:56.6002744Z > Task :data:compileReleaseShaders NO-SOURCE
Build & Public Release	Build Release APK	2026-02-03T12:58:56.6004330Z > Task :data:generateReleaseAssets UP-TO-DATE
Build & Public Release	Build Release APK	2026-02-03T12:58:56.7027890Z > Task :core-metadata:mergeReleaseAssets
Build & Public Release	Build Release APK	2026-02-03T12:58:56.7032585Z > Task :data:mergeReleaseAssets
Build & Public Release	Build Release APK	2026-02-03T12:58:56.7036756Z > Task :domain:mergeReleaseShaders
Build & Public Release	Build Release APK	2026-02-03T12:58:56.7041433Z > Task :domain:compileReleaseShaders NO-SOURCE
Build & Public Release	Build Release APK	2026-02-03T12:58:56.7042433Z > Task :domain:generateReleaseAssets UP-TO-DATE
Build & Public Release	Build Release APK	2026-02-03T12:58:56.7046885Z > Task :flagkit:mergeReleaseShaders
Build & Public Release	Build Release APK	2026-02-03T12:58:56.7048152Z > Task :domain:mergeReleaseAssets
Build & Public Release	Build Release APK	2026-02-03T12:58:56.7051324Z > Task :flagkit:compileReleaseShaders NO-SOURCE
Build & Public Release	Build Release APK	2026-02-03T12:58:56.7052485Z > Task :flagkit:generateReleaseAssets UP-TO-DATE
Build & Public Release	Build Release APK	2026-02-03T12:58:56.7056344Z > Task :i18n-ank:mergeReleaseShaders
Build & Public Release	Build Release APK	2026-02-03T12:58:56.7057506Z > Task :flagkit:mergeReleaseAssets
Build & Public Release	Build Release APK	2026-02-03T12:58:56.7059641Z > Task :i18n-ank:compileReleaseShaders NO-SOURCE
Build & Public Release	Build Release APK	2026-02-03T12:58:56.7063939Z > Task :i18n-ank:generateReleaseAssets UP-TO-DATE
Build & Public Release	Build Release APK	2026-02-03T12:58:56.7066767Z > Task :i18n-ank:releaseAssetsCopyForAGP NO-SOURCE
Build & Public Release	Build Release APK	2026-02-03T12:58:56.7067852Z > Task :i18n-kmk:mergeReleaseShaders
Build & Public Release	Build Release APK	2026-02-03T12:58:56.7068916Z > Task :i18n-kmk:compileReleaseShaders NO-SOURCE
Build & Public Release	Build Release APK	2026-02-03T12:58:56.7069717Z > Task :i18n-kmk:generateReleaseAssets UP-TO-DATE
Build & Public Release	Build Release APK	2026-02-03T12:58:56.7089156Z > Task :i18n-kmk:releaseAssetsCopyForAGP NO-SOURCE
Build & Public Release	Build Release APK	2026-02-03T12:58:56.7090378Z > Task :i18n-ank:mergeReleaseAssets
Build & Public Release	Build Release APK	2026-02-03T12:58:56.7985596Z > Task :i18n-sy:mergeReleaseShaders
Build & Public Release	Build Release APK	2026-02-03T12:58:56.7989181Z > Task :i18n-sy:compileReleaseShaders NO-SOURCE
Build & Public Release	Build Release APK	2026-02-03T12:58:56.7991942Z > Task :i18n-sy:generateReleaseAssets UP-TO-DATE
Build & Public Release	Build Release APK	2026-02-03T12:58:56.7994471Z > Task :i18n-sy:releaseAssetsCopyForAGP NO-SOURCE
Build & Public Release	Build Release APK	2026-02-03T12:58:56.8006551Z > Task :i18n-sy:mergeReleaseAssets
Build & Public Release	Build Release APK	2026-02-03T12:58:56.8007640Z > Task :i18n-kmk:mergeReleaseAssets
Build & Public Release	Build Release APK	2026-02-03T12:58:56.9026589Z > Task :presentation-widget:mergeReleaseShaders
Build & Public Release	Build Release APK	2026-02-03T12:58:56.9027672Z > Task :presentation-widget:compileReleaseShaders NO-SOURCE
Build & Public Release	Build Release APK	2026-02-03T12:58:56.9028596Z > Task :presentation-widget:generateReleaseAssets UP-TO-DATE
Build & Public Release	Build Release APK	2026-02-03T12:58:56.9029397Z > Task :presentation-core:mergeReleaseShaders
Build & Public Release	Build Release APK	2026-02-03T12:58:56.9030147Z > Task :presentation-core:compileReleaseShaders NO-SOURCE
Build & Public Release	Build Release APK	2026-02-03T12:58:56.9031004Z > Task :presentation-core:generateReleaseAssets UP-TO-DATE
Build & Public Release	Build Release APK	2026-02-03T12:58:56.9031710Z > Task :presentation-core:mergeReleaseAssets
Build & Public Release	Build Release APK	2026-02-03T12:58:56.9032383Z > Task :source-api:mergeReleaseShaders
Build & Public Release	Build Release APK	2026-02-03T12:58:56.9033110Z > Task :source-api:compileReleaseShaders NO-SOURCE
Build & Public Release	Build Release APK	2026-02-03T12:58:56.9034338Z > Task :source-api:generateReleaseAssets UP-TO-DATE
Build & Public Release	Build Release APK	2026-02-03T12:58:56.9035055Z > Task :source-api:releaseAssetsCopyForAGP NO-SOURCE
Build & Public Release	Build Release APK	2026-02-03T12:58:56.9036025Z > Task :presentation-widget:mergeReleaseAssets
Build & Public Release	Build Release APK	2026-02-03T12:58:56.9986140Z > Task :source-api:mergeReleaseAssets
Build & Public Release	Build Release APK	2026-02-03T12:58:57.1985565Z > Task :source-local:mergeReleaseShaders
Build & Public Release	Build Release APK	2026-02-03T12:58:57.1986693Z > Task :source-local:compileReleaseShaders NO-SOURCE
Build & Public Release	Build Release APK	2026-02-03T12:58:57.1987620Z > Task :source-local:generateReleaseAssets UP-TO-DATE
Build & Public Release	Build Release APK	2026-02-03T12:58:57.1988546Z > Task :source-local:releaseAssetsCopyForAGP NO-SOURCE
Build & Public Release	Build Release APK	2026-02-03T12:58:57.1989369Z > Task :telemetry:mergeReleaseShaders
Build & Public Release	Build Release APK	2026-02-03T12:58:57.1990203Z > Task :telemetry:compileReleaseShaders NO-SOURCE
Build & Public Release	Build Release APK	2026-02-03T12:58:57.1991091Z > Task :telemetry:generateReleaseAssets UP-TO-DATE
Build & Public Release	Build Release APK	2026-02-03T12:58:57.1991919Z > Task :source-local:mergeReleaseAssets
Build & Public Release	Build Release APK	2026-02-03T12:58:57.1992713Z > Task :telemetry:mergeReleaseAssets
Build & Public Release	Build Release APK	2026-02-03T12:58:57.3038167Z > Task :core:archive:mergeReleaseShaders
Build & Public Release	Build Release APK	2026-02-03T12:58:57.3039380Z > Task :app:checkKotlinGradlePluginConfigurationErrors SKIPPED
Build & Public Release	Build Release APK	2026-02-03T12:58:57.3040334Z > Task :core:common:mergeReleaseShaders
Build & Public Release	Build Release APK	2026-02-03T12:58:57.3041191Z > Task :core:archive:compileReleaseShaders NO-SOURCE
Build & Public Release	Build Release APK	2026-02-03T12:58:57.3042091Z > Task :core:archive:generateReleaseAssets UP-TO-DATE
Build & Public Release	Build Release APK	2026-02-03T12:58:57.3042850Z > Task :core:archive:mergeReleaseAssets
Build & Public Release	Build Release APK	2026-02-03T12:58:57.3043583Z > Task :core:common:compileReleaseShaders NO-SOURCE
Build & Public Release	Build Release APK	2026-02-03T12:58:57.3044377Z > Task :core:common:generateReleaseAssets UP-TO-DATE
Build & Public Release	Build Release APK	2026-02-03T12:58:57.3075813Z > Task :core:common:mergeReleaseAssets
Build & Public Release	Build Release APK	2026-02-03T12:58:57.3076668Z > Task :core-metadata:stripReleaseDebugSymbols NO-SOURCE
Build & Public Release	Build Release APK	2026-02-03T12:58:57.3077621Z > Task :core-metadata:copyReleaseJniLibsProjectAndLocalJars
Build & Public Release	Build Release APK	2026-02-03T12:58:57.3078603Z > Task :core-metadata:extractDeepLinksForAarRelease FROM-CACHE
Build & Public Release	Build Release APK	2026-02-03T12:58:57.3987813Z > Task :core-metadata:prepareLintJarForPublish
Build & Public Release	Build Release APK	2026-02-03T12:58:57.3988829Z > Task :i18n-sy:compileReleaseLibraryResources FROM-CACHE
Build & Public Release	Build Release APK	2026-02-03T12:58:57.3989582Z > Task :source-api:compileReleaseLibraryResources FROM-CACHE
Build & Public Release	Build Release APK	2026-02-03T12:58:57.3990361Z > Task :core:common:compileReleaseLibraryResources FROM-CACHE
Build & Public Release	Build Release APK	2026-02-03T12:58:57.3991088Z > Task :data:stripReleaseDebugSymbols NO-SOURCE
Build & Public Release	Build Release APK	2026-02-03T12:58:57.3991780Z > Task :data:copyReleaseJniLibsProjectAndLocalJars
Build & Public Release	Build Release APK	2026-02-03T12:58:57.3992503Z > Task :data:extractDeepLinksForAarRelease FROM-CACHE
Build & Public Release	Build Release APK	2026-02-03T12:58:57.3993156Z > Task :data:prepareLintJarForPublish
Build & Public Release	Build Release APK	2026-02-03T12:58:57.3993804Z > Task :domain:compileReleaseLibraryResources FROM-CACHE
Build & Public Release	Build Release APK	2026-02-03T12:58:57.3994555Z > Task :i18n-ank:compileReleaseLibraryResources FROM-CACHE
Build & Public Release	Build Release APK	2026-02-03T12:58:57.3995478Z > Task :domain:stripReleaseDebugSymbols NO-SOURCE
Build & Public Release	Build Release APK	2026-02-03T12:58:57.4989914Z > Task :app:checkReleaseDuplicateClasses
Build & Public Release	Build Release APK	2026-02-03T12:58:57.5026331Z > Task :domain:copyReleaseJniLibsProjectAndLocalJars
Build & Public Release	Build Release APK	2026-02-03T12:58:57.5027172Z > Task :flagkit:stripReleaseDebugSymbols NO-SOURCE
Build & Public Release	Build Release APK	2026-02-03T12:58:57.5027902Z > Task :domain:extractDeepLinksForAarRelease FROM-CACHE
Build & Public Release	Build Release APK	2026-02-03T12:58:57.5028641Z > Task :flagkit:copyReleaseJniLibsProjectAndLocalJars
Build & Public Release	Build Release APK	2026-02-03T12:58:57.5029303Z > Task :domain:prepareLintJarForPublish
Build & Public Release	Build Release APK	2026-02-03T12:58:57.5029946Z > Task :i18n-ank:stripReleaseDebugSymbols NO-SOURCE
Build & Public Release	Build Release APK	2026-02-03T12:58:57.5030685Z > Task :i18n-ank:copyReleaseJniLibsProjectAndLocalJars
Build & Public Release	Build Release APK	2026-02-03T12:58:57.5031466Z > Task :flagkit:extractDeepLinksForAarRelease FROM-CACHE
Build & Public Release	Build Release APK	2026-02-03T12:58:57.5032251Z > Task :i18n-ank:extractDeepLinksForAarRelease FROM-CACHE
Build & Public Release	Build Release APK	2026-02-03T12:58:57.5032937Z > Task :flagkit:prepareLintJarForPublish
Build & Public Release	Build Release APK	2026-02-03T12:58:57.5033574Z > Task :i18n-kmk:stripReleaseDebugSymbols NO-SOURCE
Build & Public Release	Build Release APK	2026-02-03T12:58:57.5034291Z > Task :i18n-kmk:copyReleaseJniLibsProjectAndLocalJars
Build & Public Release	Build Release APK	2026-02-03T12:58:57.5035006Z > Task :i18n-kmk:extractDeepLinksForAarRelease FROM-CACHE
Build & Public Release	Build Release APK	2026-02-03T12:58:58.6992767Z > Task :i18n:generateMRandroidMain
Build & Public Release	Build Release APK	2026-02-03T12:58:58.6998744Z > Task :i18n:generateMRandroidRelease SKIPPED
Build & Public Release	Build Release APK	2026-02-03T12:58:58.7985659Z > Task :i18n:generateMRcommonTest FROM-CACHE
Build & Public Release	Build Release APK	2026-02-03T12:58:58.7990432Z > Task :i18n:generateMRandroidUnitTest FROM-CACHE
Build & Public Release	Build Release APK	2026-02-03T12:58:58.7995749Z > Task :i18n:generateMRandroidUnitTestDebug SKIPPED
Build & Public Release	Build Release APK	2026-02-03T12:58:58.8048031Z > Task :i18n:generateMRandroidUnitTestRelease SKIPPED
Build & Public Release	Build Release APK	2026-02-03T12:58:58.8049034Z > Task :i18n:preBuild
Build & Public Release	Build Release APK	2026-02-03T12:58:58.8049684Z > Task :i18n:preReleaseBuild
Build & Public Release	Build Release APK	2026-02-03T12:58:58.8050523Z > Task :i18n:mergeReleaseJniLibFolders
Build & Public Release	Build Release APK	2026-02-03T12:58:58.8051296Z > Task :i18n:mergeReleaseNativeLibs NO-SOURCE
Build & Public Release	Build Release APK	2026-02-03T12:58:58.8052099Z > Task :i18n:copyReleaseJniLibsProjectOnly
Build & Public Release	Build Release APK	2026-02-03T12:58:58.8052862Z > Task :i18n:prepareReleaseArtProfile
Build & Public Release	Build Release APK	2026-02-03T12:58:58.8054090Z > Task :i18n:generateReleaseResValues FROM-CACHE
Build & Public Release	Build Release APK	2026-02-03T12:58:58.8055063Z > Task :i18n:generateReleaseResources
Build & Public Release	Build Release APK	2026-02-03T12:58:58.8994024Z > Task :app:dataBindingMergeDependencyArtifactsRelease
Build & Public Release	Build Release APK	2026-02-03T12:58:59.0986703Z > Task :i18n-kmk:extractReleaseAnnotations FROM-CACHE
Build & Public Release	Build Release APK	2026-02-03T12:58:59.0988193Z > Task :i18n-ank:extractReleaseAnnotations FROM-CACHE
Build & Public Release	Build Release APK	2026-02-03T12:58:59.1986502Z > Task :i18n-kmk:mergeReleaseConsumerProguardFiles
Build & Public Release	Build Release APK	2026-02-03T12:58:59.1988529Z > Task :i18n-ank:mergeReleaseConsumerProguardFiles
Build & Public Release	Build Release APK	2026-02-03T12:58:59.2106386Z > Task :i18n-kmk:prepareLintJarForPublish
Build & Public Release	Build Release APK	2026-02-03T12:58:59.2111243Z > Task :i18n-ank:prepareLintJarForPublish
Build & Public Release	Build Release APK	2026-02-03T12:58:59.3986294Z > Task :app:mergeReleaseArtProfile
Build & Public Release	Build Release APK	2026-02-03T12:58:59.4985943Z > Task :i18n-ank:mergeReleaseJavaResource
Build & Public Release	Build Release APK	2026-02-03T12:58:59.4989634Z > Task :i18n-ank:syncReleaseLibJars FROM-CACHE
Build & Public Release	Build Release APK	2026-02-03T12:58:59.6006352Z > Task :i18n-ank:bundleReleaseAar
Build & Public Release	Build Release APK	2026-02-03T12:59:00.2985898Z > Task :app:mergeReleaseNativeLibs
Build & Public Release	Build Release APK	2026-02-03T12:59:00.3986425Z > Task :i18n-kmk:mergeReleaseJavaResource
Build & Public Release	Build Release APK	2026-02-03T12:59:00.3989129Z > Task :i18n-kmk:syncReleaseLibJars FROM-CACHE
Build & Public Release	Build Release APK	2026-02-03T12:59:00.3989803Z > Task :i18n-ank:mapReleaseSourceSetPaths
Build & Public Release	Build Release APK	2026-02-03T12:59:00.3990719Z > Task :i18n-kmk:bundleReleaseAar
Build & Public Release	Build Release APK	2026-02-03T12:59:00.3991308Z > Task :i18n-kmk:mapReleaseSourceSetPaths
Build & Public Release	Build Release APK	2026-02-03T12:59:00.5985575Z > Task :i18n-ank:mergeReleaseResources FROM-CACHE
Build & Public Release	Build Release APK	2026-02-03T12:59:00.6985817Z > Task :i18n-kmk:mergeReleaseResources FROM-CACHE
Build & Public Release	Build Release APK	2026-02-03T12:59:00.7016841Z > Task :i18n-ank:verifyReleaseResources FROM-CACHE
Build & Public Release	Build Release APK	2026-02-03T12:59:00.7017907Z > Task :i18n-kmk:verifyReleaseResources FROM-CACHE
Build & Public Release	Build Release APK	2026-02-03T12:59:00.7018789Z > Task :i18n-kmk:assembleRelease
Build & Public Release	Build Release APK	2026-02-03T12:59:00.7019569Z > Task :i18n-ank:assembleRelease
Build & Public Release	Build Release APK	2026-02-03T12:59:00.7020381Z > Task :presentation-core:stripReleaseDebugSymbols NO-SOURCE
Build & Public Release	Build Release APK	2026-02-03T12:59:00.7021296Z > Task :i18n-sy:stripReleaseDebugSymbols NO-SOURCE
Build & Public Release	Build Release APK	2026-02-03T12:59:00.7022176Z > Task :i18n-sy:copyReleaseJniLibsProjectAndLocalJars
Build & Public Release	Build Release APK	2026-02-03T12:59:00.7023148Z > Task :presentation-core:copyReleaseJniLibsProjectAndLocalJars
Build & Public Release	Build Release APK	2026-02-03T12:59:00.7991491Z > Task :i18n-sy:extractDeepLinksForAarRelease FROM-CACHE
Build & Public Release	Build Release APK	2026-02-03T12:59:00.7997905Z > Task :presentation-core:extractDeepLinksForAarRelease FROM-CACHE
Build & Public Release	Build Release APK	2026-02-03T12:59:00.8010622Z > Task :presentation-core:prepareLintJarForPublish
Build & Public Release	Build Release APK	2026-02-03T12:59:00.8011733Z > Task :presentation-widget:stripReleaseDebugSymbols NO-SOURCE
Build & Public Release	Build Release APK	2026-02-03T12:59:00.8012843Z > Task :presentation-widget:copyReleaseJniLibsProjectAndLocalJars
Build & Public Release	Build Release APK	2026-02-03T12:59:00.8018771Z > Task :presentation-widget:extractDeepLinksForAarRelease FROM-CACHE
Build & Public Release	Build Release APK	2026-02-03T12:59:00.8019734Z > Task :i18n-sy:extractReleaseAnnotations FROM-CACHE
Build & Public Release	Build Release APK	2026-02-03T12:59:00.8020620Z > Task :presentation-widget:prepareLintJarForPublish
Build & Public Release	Build Release APK	2026-02-03T12:59:00.8022923Z > Task :i18n-sy:mergeReleaseConsumerProguardFiles
Build & Public Release	Build Release APK	2026-02-03T12:59:00.8023956Z > Task :presentation-core:compileReleaseLibraryResources FROM-CACHE
Build & Public Release	Build Release APK	2026-02-03T12:59:00.8025571Z > Task :source-api:stripReleaseDebugSymbols NO-SOURCE
Build & Public Release	Build Release APK	2026-02-03T12:59:00.8027202Z > Task :i18n-sy:prepareLintJarForPublish
Build & Public Release	Build Release APK	2026-02-03T12:59:00.8027966Z > Task :source-api:copyReleaseJniLibsProjectAndLocalJars
Build & Public Release	Build Release APK	2026-02-03T12:59:00.8028788Z > Task :i18n-sy:mergeReleaseJavaResource
Build & Public Release	Build Release APK	2026-02-03T12:59:00.8030150Z > Task :i18n-sy:mapReleaseSourceSetPaths
Build & Public Release	Build Release APK	2026-02-03T12:59:00.8031049Z > Task :source-api:extractDeepLinksForAarRelease FROM-CACHE
Build & Public Release	Build Release APK	2026-02-03T12:59:00.8032071Z > Task :i18n-sy:syncReleaseLibJars FROM-CACHE
Build & Public Release	Build Release APK	2026-02-03T12:59:00.9000374Z > Task :source-api:prepareLintJarForPublish
Build & Public Release	Build Release APK	2026-02-03T12:59:00.9010055Z > Task :source-local:stripReleaseDebugSymbols NO-SOURCE
Build & Public Release	Build Release APK	2026-02-03T12:59:00.9012403Z > Task :source-local:copyReleaseJniLibsProjectAndLocalJars
Build & Public Release	Build Release APK	2026-02-03T12:59:00.9015569Z > Task :source-local:extractDeepLinksForAarRelease FROM-CACHE
Build & Public Release	Build Release APK	2026-02-03T12:59:00.9017848Z > Task :source-local:prepareLintJarForPublish
Build & Public Release	Build Release APK	2026-02-03T12:59:00.9044630Z > Task :core-metadata:compileReleaseLibraryResources FROM-CACHE
Build & Public Release	Build Release APK	2026-02-03T12:59:00.9047082Z > Task :core:archive:compileReleaseLibraryResources FROM-CACHE
Build & Public Release	Build Release APK	2026-02-03T12:59:00.9056467Z > Task :telemetry:stripReleaseDebugSymbols NO-SOURCE
Build & Public Release	Build Release APK	2026-02-03T12:59:00.9057250Z > Task :telemetry:copyReleaseJniLibsProjectAndLocalJars
Build & Public Release	Build Release APK	2026-02-03T12:59:00.9058001Z > Task :telemetry:extractDeepLinksForAarRelease FROM-CACHE
Build & Public Release	Build Release APK	2026-02-03T12:59:00.9987390Z > Task :telemetry:extractReleaseAnnotations FROM-CACHE
Build & Public Release	Build Release APK	2026-02-03T12:59:00.9991653Z > Task :telemetry:mergeReleaseConsumerProguardFiles
Build & Public Release	Build Release APK	2026-02-03T12:59:00.9995815Z > Task :telemetry:prepareLintJarForPublish
Build & Public Release	Build Release APK	2026-02-03T12:59:01.0045862Z > Task :i18n-sy:bundleReleaseAar
Build & Public Release	Build Release APK	2026-02-03T12:59:01.0046724Z > Task :telemetry:mergeReleaseJavaResource
Build & Public Release	Build Release APK	2026-02-03T12:59:01.0047731Z > Task :telemetry:syncReleaseLibJars FROM-CACHE
Build & Public Release	Build Release APK	2026-02-03T12:59:01.0048577Z > Task :telemetry:bundleReleaseAar
Build & Public Release	Build Release APK	2026-02-03T12:59:01.0049362Z > Task :telemetry:mapReleaseSourceSetPaths
Build & Public Release	Build Release APK	2026-02-03T12:59:01.0050190Z > Task :telemetry:mergeReleaseResources FROM-CACHE
Build & Public Release	Build Release APK	2026-02-03T12:59:01.0051127Z > Task :app:expandReleaseL8ArtProfileWildcards FROM-CACHE
Build & Public Release	Build Release APK	2026-02-03T12:59:01.0052082Z > Task :telemetry:verifyReleaseResources FROM-CACHE
Build & Public Release	Build Release APK	2026-02-03T12:59:01.0052888Z > Task :telemetry:assembleRelease
Build & Public Release	Build Release APK	2026-02-03T12:59:01.0054053Z > Task :core:archive:stripReleaseDebugSymbols NO-SOURCE
Build & Public Release	Build Release APK	2026-02-03T12:59:01.0055030Z > Task :core:archive:copyReleaseJniLibsProjectAndLocalJars
Build & Public Release	Build Release APK	2026-02-03T12:59:01.1008476Z > Task :app:generateReleaseResValues FROM-CACHE
Build & Public Release	Build Release APK	2026-02-03T12:59:01.1013812Z > Task :i18n-sy:mergeReleaseResources FROM-CACHE
Build & Public Release	Build Release APK	2026-02-03T12:59:01.1014672Z > Task :app:generateReleaseResources FROM-CACHE
Build & Public Release	Build Release APK	2026-02-03T12:59:01.2002331Z > Task :app:prepareLibraryDefinitionsRelease FROM-CACHE
Build & Public Release	Build Release APK	2026-02-03T12:59:01.2003108Z > Task :i18n-sy:verifyReleaseResources FROM-CACHE
Build & Public Release	Build Release APK	2026-02-03T12:59:01.2006478Z > Task :i18n-sy:assembleRelease
Build & Public Release	Build Release APK	2026-02-03T12:59:01.2012034Z > Task :core:archive:extractDeepLinksForAarRelease FROM-CACHE
Build & Public Release	Build Release APK	2026-02-03T12:59:01.3012393Z > Task :core:archive:prepareLintJarForPublish
Build & Public Release	Build Release APK	2026-02-03T12:59:01.3986679Z > Task :core:common:stripReleaseDebugSymbols NO-SOURCE
Build & Public Release	Build Release APK	2026-02-03T12:59:01.3989284Z > Task :core:common:copyReleaseJniLibsProjectAndLocalJars
Build & Public Release	Build Release APK	2026-02-03T12:59:01.3990121Z > Task :core:common:extractDeepLinksForAarRelease FROM-CACHE
Build & Public Release	Build Release APK	2026-02-03T12:59:01.3991082Z > Task :core:common:prepareLintJarForPublish
Build & Public Release	Build Release APK	2026-02-03T12:59:01.8985050Z > Task :app:stripReleaseDebugSymbols
Build & Public Release	Build Release APK	2026-02-03T12:59:02.0996596Z > Task :app:prepareReleaseShortcutXML
Build & Public Release	Build Release APK	2026-02-03T12:59:02.0997702Z > Task :app:extractReleaseNativeSymbolTables FROM-CACHE
Build & Public Release	Build Release APK	2026-02-03T12:59:02.0998615Z > Task :app:mergeReleaseNativeDebugMetadata NO-SOURCE
Build & Public Release	Build Release APK	2026-02-03T12:59:02.1001219Z > Task :app:generateReleaseBuildConfig
Build & Public Release	Build Release APK	2026-02-03T12:59:02.1002102Z > Task :app:createReleaseCompatibleScreenManifests
Build & Public Release	Build Release APK	2026-02-03T12:59:02.1003968Z > Task :app:extractDeepLinksRelease FROM-CACHE
Build & Public Release	Build Release APK	2026-02-03T12:59:02.1004769Z > Task :app:javaPreCompileRelease FROM-CACHE
Build & Public Release	Build Release APK	2026-02-03T12:59:02.1007601Z > Task :app:extractProguardFiles
Build & Public Release	Build Release APK	2026-02-03T12:59:02.1008243Z > Task :app:mergeReleaseStartupProfile
Build & Public Release	Build Release APK	2026-02-03T12:59:02.1010799Z > Task :app:generateReleaseAssets UP-TO-DATE
Build & Public Release	Build Release APK	2026-02-03T12:59:02.2007597Z > Task :i18n:packageReleaseResources
Build & Public Release	Build Release APK	2026-02-03T12:59:02.2008614Z > Task :app:extractReleaseVersionControlInfo
Build & Public Release	Build Release APK	2026-02-03T12:59:02.2009492Z > Task :i18n:kmpPartiallyResolvedDependenciesChecker
Build & Public Release	Build Release APK	2026-02-03T12:59:02.2010610Z > Task :i18n:checkKotlinGradlePluginConfigurationErrors SKIPPED
Build & Public Release	Build Release APK	2026-02-03T12:59:02.2985800Z > Task :i18n:javaPreCompileRelease FROM-CACHE
Build & Public Release	Build Release APK	2026-02-03T12:59:02.4988102Z > Task :i18n:parseReleaseLocalResources
Build & Public Release	Build Release APK	2026-02-03T12:59:02.4989097Z > Task :core-metadata:mapReleaseSourceSetPaths
Build & Public Release	Build Release APK	2026-02-03T12:59:02.4989811Z > Task :data:mapReleaseSourceSetPaths
Build & Public Release	Build Release APK	2026-02-03T12:59:02.4990361Z > Task :i18n:writeReleaseAarMetadata
Build & Public Release	Build Release APK	2026-02-03T12:59:02.4990922Z > Task :i18n:extractDeepLinksRelease FROM-CACHE
Build & Public Release	Build Release APK	2026-02-03T12:59:02.5987588Z > Task :i18n:processReleaseManifest FROM-CACHE
Build & Public Release	Build Release APK	2026-02-03T12:59:02.5992422Z > Task :i18n:mergeReleaseShaders
Build & Public Release	Build Release APK	2026-02-03T12:59:02.5993526Z > Task :i18n:compileReleaseShaders NO-SOURCE
Build & Public Release	Build Release APK	2026-02-03T12:59:02.5994291Z > Task :i18n:generateReleaseAssets UP-TO-DATE
Build & Public Release	Build Release APK	2026-02-03T12:59:02.5994910Z > Task :i18n:releaseAssetsCopyForAGP NO-SOURCE
Build & Public Release	Build Release APK	2026-02-03T12:59:02.5995669Z > Task :i18n:mergeReleaseAssets
Build & Public Release	Build Release APK	2026-02-03T12:59:02.5996162Z > Task :i18n:generateReleaseRFile
Build & Public Release	Build Release APK	2026-02-03T12:59:02.6989543Z > Task :domain:mapReleaseSourceSetPaths
Build & Public Release	Build Release APK	2026-02-03T12:59:02.8986012Z > Task :i18n:compileReleaseLibraryResources
Build & Public Release	Build Release APK	2026-02-03T12:59:03.0985562Z > Task :core:common:generateReleaseRFile
Build & Public Release	Build Release APK	2026-02-03T12:59:03.3986293Z > Task :source-api:generateReleaseRFile
Build & Public Release	Build Release APK	2026-02-03T12:59:03.5985980Z > Task :domain:generateReleaseRFile
Build & Public Release	Build Release APK	2026-02-03T12:59:03.9006588Z > Task :core:archive:generateReleaseRFile
Build & Public Release	Build Release APK	2026-02-03T12:59:04.0985871Z > Task :data:generateReleaseRFile
Build & Public Release	Build Release APK	2026-02-03T12:59:04.6985920Z > Task :presentation-core:generateReleaseRFile
Build & Public Release	Build Release APK	2026-02-03T12:59:05.7002127Z > Task :presentation-widget:generateReleaseRFile
Build & Public Release	Build Release APK	2026-02-03T12:59:05.8985815Z > Task :flagkit:generateReleaseRFile
Build & Public Release	Build Release APK	2026-02-03T12:59:09.6008383Z > Task :core-metadata:mergeReleaseResources
Build & Public Release	Build Release APK	2026-02-03T12:59:09.8985728Z > Task :core-metadata:generateReleaseRFile
Build & Public Release	Build Release APK	2026-02-03T12:59:10.2046268Z > Task :source-local:generateReleaseRFile
Build & Public Release	Build Release APK	2026-02-03T12:59:13.0985700Z > Task :data:mergeReleaseResources
Build & Public Release	Build Release APK	2026-02-03T12:59:23.1998479Z > Task :core-metadata:verifyReleaseResources
Build & Public Release	Build Release APK	2026-02-03T12:59:24.5989778Z > Task :app:checkReleaseAarMetadata
Build & Public Release	Build Release APK	2026-02-03T12:59:24.6985725Z > Task :app:mapReleaseSourceSetPaths
Build & Public Release	Build Release APK	2026-02-03T12:59:25.2985570Z > Task :app:processReleaseMainManifest FROM-CACHE
Build & Public Release	Build Release APK	2026-02-03T12:59:25.2986638Z > Task :app:processReleaseManifest FROM-CACHE
Build & Public Release	Build Release APK	2026-02-03T12:59:25.2987576Z > Task :app:processReleaseManifestForPackage FROM-CACHE
Build & Public Release	Build Release APK	2026-02-03T12:59:25.6985512Z > Task :app:mergeReleaseAssets
Build & Public Release	Build Release APK	2026-02-03T12:59:25.7985519Z > Task :app:compressReleaseAssets FROM-CACHE
Build & Public Release	Build Release APK	2026-02-03T12:59:25.7996084Z > Task :data:verifyReleaseResources
Build & Public Release	Build Release APK	2026-02-03T12:59:25.7997131Z > Task :app:validateSigningRelease
Build & Public Release	Build Release APK	2026-02-03T12:59:25.7998094Z > Task :app:writeReleaseAppMetadata
Build & Public Release	Build Release APK	2026-02-03T12:59:25.7998986Z > Task :app:writeReleaseSigningConfigVersions
Build & Public Release	Build Release APK	2026-02-03T12:59:25.9007677Z > Task :flagkit:mapReleaseSourceSetPaths
Build & Public Release	Build Release APK	2026-02-03T12:59:30.5985080Z > Task :app:mergeReleaseResources
Build & Public Release	Build Release APK	2026-02-03T12:59:30.8012101Z > Task :app:dataBindingGenBaseClassesRelease FROM-CACHE
Build & Public Release	Build Release APK	2026-02-03T12:59:31.2992480Z > Task :domain:mergeReleaseResources
Build & Public Release	Build Release APK	2026-02-03T12:59:31.7985722Z > Task :flagkit:mergeReleaseResources
Build & Public Release	Build Release APK	2026-02-03T12:59:32.8985402Z > Task :i18n:compileReleaseKotlinAndroid
Build & Public Release	Build Release APK	2026-02-03T12:59:34.3990254Z w: Experimental context receivers are superseded by context parameters.
Build & Public Release	Build Release APK	2026-02-03T12:59:34.3996836Z Replace the '-Xcontext-receivers' compiler argument with '-Xcontext-parameters' and migrate to the new syntax.
Build & Public Release	Build Release APK	2026-02-03T12:59:34.3997694Z 
Build & Public Release	Build Release APK	2026-02-03T12:59:34.3998210Z See the context parameters proposal for more details: https://kotl.in/context-parameters
Build & Public Release	Build Release APK	2026-02-03T12:59:34.3999135Z This warning will become an error in future releases.
Build & Public Release	Build Release APK	2026-02-03T12:59:34.6008079Z 
Build & Public Release	Build Release APK	2026-02-03T12:59:34.6008842Z > Task :i18n:compileReleaseJavaWithJavac NO-SOURCE
Build & Public Release	Build Release APK	2026-02-03T12:59:34.6009556Z > Task :i18n:bundleLibCompileToJarRelease
Build & Public Release	Build Release APK	2026-02-03T12:59:35.6008074Z > Task :domain:verifyReleaseResources
Build & Public Release	Build Release APK	2026-02-03T12:59:35.6009316Z > Task :i18n:mergeReleaseGeneratedProguardFiles
Build & Public Release	Build Release APK	2026-02-03T12:59:35.6010829Z > Task :i18n:exportReleaseConsumerProguardFiles
Build & Public Release	Build Release APK	2026-02-03T12:59:35.6011817Z > Task :i18n:bundleLibRuntimeToJarRelease
Build & Public Release	Build Release APK	2026-02-03T12:59:35.6015806Z > Task :i18n:processReleaseJavaRes
Build & Public Release	Build Release APK	2026-02-03T12:59:35.6016396Z > Task :i18n:stripReleaseDebugSymbols NO-SOURCE
Build & Public Release	Build Release APK	2026-02-03T12:59:35.7001354Z > Task :i18n:copyReleaseJniLibsProjectAndLocalJars
Build & Public Release	Build Release APK	2026-02-03T12:59:35.7002544Z > Task :i18n:extractDeepLinksForAarRelease FROM-CACHE
Build & Public Release	Build Release APK	2026-02-03T12:59:35.7003409Z > Task :i18n:extractReleaseAnnotations
Build & Public Release	Build Release APK	2026-02-03T12:59:35.7004270Z > Task :i18n:mergeReleaseConsumerProguardFiles
Build & Public Release	Build Release APK	2026-02-03T12:59:35.7005045Z > Task :i18n:prepareLintJarForPublish
Build & Public Release	Build Release APK	2026-02-03T12:59:35.7986048Z > Task :i18n:mergeReleaseJavaResource
Build & Public Release	Build Release APK	2026-02-03T12:59:35.7997314Z > Task :i18n:syncReleaseLibJars
Build & Public Release	Build Release APK	2026-02-03T12:59:36.2999841Z > Task :i18n:bundleReleaseAar
Build & Public Release	Build Release APK	2026-02-03T12:59:36.3000827Z > Task :i18n:mapReleaseSourceSetPaths
Build & Public Release	Build Release APK	2026-02-03T12:59:39.5005304Z > Task :i18n:mergeReleaseResources
Build & Public Release	Build Release APK	2026-02-03T12:59:40.3011878Z > Task :flagkit:verifyReleaseResources
Build & Public Release	Build Release APK	2026-02-03T12:59:44.8985450Z > Task :i18n:verifyReleaseResources
Build & Public Release	Build Release APK	2026-02-03T12:59:44.8990048Z > Task :i18n:assembleRelease
Build & Public Release	Build Release APK	2026-02-03T12:59:45.0006632Z > Task :presentation-core:mapReleaseSourceSetPaths
Build & Public Release	Build Release APK	2026-02-03T12:59:45.3985716Z > Task :presentation-widget:mapReleaseSourceSetPaths
Build & Public Release	Build Release APK	2026-02-03T12:59:50.3985285Z > Task :app:processReleaseResources
Build & Public Release	Build Release APK	2026-02-03T12:59:50.3987089Z > Task :source-api:mapReleaseSourceSetPaths
Build & Public Release	Build Release APK	2026-02-03T12:59:51.2985862Z > Task :presentation-core:mergeReleaseResources
Build & Public Release	Build Release APK	2026-02-03T12:59:53.8985804Z > Task :presentation-widget:mergeReleaseResources
Build & Public Release	Build Release APK	2026-02-03T12:59:54.5998110Z > Task :source-api:mergeReleaseResources
Build & Public Release	Build Release APK	2026-02-03T12:59:56.8985421Z > Task :presentation-core:verifyReleaseResources
Build & Public Release	Build Release APK	2026-02-03T12:59:56.9985505Z > Task :source-local:mapReleaseSourceSetPaths
Build & Public Release	Build Release APK	2026-02-03T12:59:58.4986913Z 
Build & Public Release	Build Release APK	2026-02-03T12:59:58.4988178Z > Task :core:common:compileReleaseKotlin
Build & Public Release	Build Release APK	2026-02-03T12:59:58.4989879Z w: Experimental context receivers are superseded by context parameters.
Build & Public Release	Build Release APK	2026-02-03T12:59:58.4991216Z Replace the '-Xcontext-receivers' compiler argument with '-Xcontext-parameters' and migrate to the new syntax.
Build & Public Release	Build Release APK	2026-02-03T12:59:58.4992152Z 
Build & Public Release	Build Release APK	2026-02-03T12:59:58.4992761Z See the context parameters proposal for more details: https://kotl.in/context-parameters
Build & Public Release	Build Release APK	2026-02-03T12:59:58.4993781Z This warning will become an error in future releases.
Build & Public Release	Build Release APK	2026-02-03T12:59:58.4995568Z w: file:///home/runner/work/AniZen/AniZen/core/common/src/main/kotlin/eu/kanade/tachiyomi/network/OkHttpExtensions.kt:135:1 Experimental context receivers are superseded by context parameters.
Build & Public Release	Build Release APK	2026-02-03T12:59:58.4997380Z Replace the '-Xcontext-receivers' compiler argument with '-Xcontext-parameters' and migrate to the new syntax.
Build & Public Release	Build Release APK	2026-02-03T12:59:58.4998190Z 
Build & Public Release	Build Release APK	2026-02-03T12:59:58.4998719Z See the context parameters proposal for more details: https://kotl.in/context-parameters
Build & Public Release	Build Release APK	2026-02-03T12:59:58.4999626Z This warning will become an error in future releases.
Build & Public Release	Build Release APK	2026-02-03T12:59:58.5001205Z w: file:///home/runner/work/AniZen/AniZen/core/common/src/main/kotlin/eu/kanade/tachiyomi/network/OkHttpExtensions.kt:140:1 Experimental context receivers are superseded by context parameters.
Build & Public Release	Build Release APK	2026-02-03T12:59:58.5003363Z Replace the '-Xcontext-receivers' compiler argument with '-Xcontext-parameters' and migrate to the new syntax.
Build & Public Release	Build Release APK	2026-02-03T12:59:58.5004302Z 
Build & Public Release	Build Release APK	2026-02-03T12:59:58.5004894Z See the context parameters proposal for more details: https://kotl.in/context-parameters
Build & Public Release	Build Release APK	2026-02-03T12:59:58.5006140Z This warning will become an error in future releases.
Build & Public Release	Build Release APK	2026-02-03T12:59:58.5007662Z w: file:///home/runner/work/AniZen/AniZen/core/common/src/main/kotlin/eu/kanade/tachiyomi/util/system/WebViewUtil.kt:71:9 'var databaseEnabled: Boolean' is deprecated. Deprecated in Java.
Build & Public Release	Build Release APK	2026-02-03T12:59:58.8002230Z 
Build & Public Release	Build Release APK	2026-02-03T12:59:58.8006606Z > Task :core:common:compileReleaseJavaWithJavac NO-SOURCE
Build & Public Release	Build Release APK	2026-02-03T12:59:58.9026702Z > Task :core:common:bundleLibCompileToJarRelease
Build & Public Release	Build Release APK	2026-02-03T13:00:00.0985045Z > Task :source-api:verifyReleaseResources
Build & Public Release	Build Release APK	2026-02-03T13:00:01.1985264Z > Task :source-local:mergeReleaseResources
Build & Public Release	Build Release APK	2026-02-03T13:00:01.8984960Z > Task :presentation-widget:verifyReleaseResources
Build & Public Release	Build Release APK	2026-02-03T13:00:03.0015737Z 
Build & Public Release	Build Release APK	2026-02-03T13:00:03.0036124Z > Task :flagkit:compileReleaseKotlin
Build & Public Release	Build Release APK	2026-02-03T13:00:03.0037036Z w: Experimental context receivers are superseded by context parameters.
Build & Public Release	Build Release APK	2026-02-03T13:00:03.0038388Z Replace the '-Xcontext-receivers' compiler argument with '-Xcontext-parameters' and migrate to the new syntax.
Build & Public Release	Build Release APK	2026-02-03T13:00:03.0039405Z 
Build & Public Release	Build Release APK	2026-02-03T13:00:03.0040039Z See the context parameters proposal for more details: https://kotl.in/context-parameters
Build & Public Release	Build Release APK	2026-02-03T13:00:03.0041072Z This warning will become an error in future releases.
Build & Public Release	Build Release APK	2026-02-03T13:00:03.0041614Z 
Build & Public Release	Build Release APK	2026-02-03T13:00:03.0042011Z > Task :flagkit:compileReleaseJavaWithJavac NO-SOURCE
Build & Public Release	Build Release APK	2026-02-03T13:00:03.0042824Z > Task :flagkit:mergeReleaseGeneratedProguardFiles
Build & Public Release	Build Release APK	2026-02-03T13:00:03.0043656Z > Task :flagkit:exportReleaseConsumerProguardFiles
Build & Public Release	Build Release APK	2026-02-03T13:00:03.0044495Z > Task :core:common:mergeReleaseGeneratedProguardFiles
Build & Public Release	Build Release APK	2026-02-03T13:00:03.0045512Z > Task :core:common:exportReleaseConsumerProguardFiles
Build & Public Release	Build Release APK	2026-02-03T13:00:03.0046336Z > Task :flagkit:bundleLibCompileToJarRelease
Build & Public Release	Build Release APK	2026-02-03T13:00:03.0047075Z > Task :flagkit:bundleLibRuntimeToJarRelease
Build & Public Release	Build Release APK	2026-02-03T13:00:03.0047813Z > Task :core:common:bundleLibRuntimeToJarRelease
Build & Public Release	Build Release APK	2026-02-03T13:00:03.0986166Z > Task :flagkit:processReleaseJavaRes
Build & Public Release	Build Release APK	2026-02-03T13:00:03.0987223Z > Task :core:common:processReleaseJavaRes
Build & Public Release	Build Release APK	2026-02-03T13:00:03.0987734Z 
Build & Public Release	Build Release APK	2026-02-03T13:00:03.0987967Z > Task :core:archive:compileReleaseKotlin
Build & Public Release	Build Release APK	2026-02-03T13:00:03.0988718Z w: Experimental context receivers are superseded by context parameters.
Build & Public Release	Build Release APK	2026-02-03T13:00:03.0989862Z Replace the '-Xcontext-receivers' compiler argument with '-Xcontext-parameters' and migrate to the new syntax.
Build & Public Release	Build Release APK	2026-02-03T13:00:03.0990651Z 
Build & Public Release	Build Release APK	2026-02-03T13:00:03.0991128Z See the context parameters proposal for more details: https://kotl.in/context-parameters
Build & Public Release	Build Release APK	2026-02-03T13:00:03.0992407Z This warning will become an error in future releases.
Build & Public Release	Build Release APK	2026-02-03T13:00:03.1984286Z 
Build & Public Release	Build Release APK	2026-02-03T13:00:03.1988918Z > Task :flagkit:extractReleaseAnnotations
Build & Public Release	Build Release APK	2026-02-03T13:00:03.1993472Z > Task :flagkit:mergeReleaseConsumerProguardFiles
Build & Public Release	Build Release APK	2026-02-03T13:00:03.1998065Z > Task :flagkit:mergeReleaseJavaResource
Build & Public Release	Build Release APK	2026-02-03T13:00:03.2002616Z > Task :flagkit:syncReleaseLibJars FROM-CACHE
Build & Public Release	Build Release APK	2026-02-03T13:00:03.2007646Z > Task :core:archive:compileReleaseJavaWithJavac NO-SOURCE
Build & Public Release	Build Release APK	2026-02-03T13:00:03.3036805Z > Task :core:archive:bundleLibCompileToJarRelease
Build & Public Release	Build Release APK	2026-02-03T13:00:03.3038124Z > Task :core:archive:mergeReleaseGeneratedProguardFiles
Build & Public Release	Build Release APK	2026-02-03T13:00:03.3039197Z > Task :core:archive:exportReleaseConsumerProguardFiles
Build & Public Release	Build Release APK	2026-02-03T13:00:03.3040206Z > Task :core:archive:bundleLibRuntimeToJarRelease
Build & Public Release	Build Release APK	2026-02-03T13:00:03.3041065Z > Task :core:archive:processReleaseJavaRes
Build & Public Release	Build Release APK	2026-02-03T13:00:03.5026623Z > Task :flagkit:bundleReleaseAar
Build & Public Release	Build Release APK	2026-02-03T13:00:03.5027788Z > Task :flagkit:assembleRelease
Build & Public Release	Build Release APK	2026-02-03T13:00:03.5028550Z > Task :core:archive:extractReleaseAnnotations
Build & Public Release	Build Release APK	2026-02-03T13:00:03.6023640Z > Task :core:archive:mergeReleaseConsumerProguardFiles
Build & Public Release	Build Release APK	2026-02-03T13:00:04.6985876Z > Task :core:archive:mergeReleaseJavaResource
Build & Public Release	Build Release APK	2026-02-03T13:00:04.6990501Z > Task :core:archive:syncReleaseLibJars FROM-CACHE
Build & Public Release	Build Release APK	2026-02-03T13:00:04.6998457Z > Task :core:archive:bundleReleaseAar
Build & Public Release	Build Release APK	2026-02-03T13:00:04.7987562Z > Task :core:archive:mapReleaseSourceSetPaths
Build & Public Release	Build Release APK	2026-02-03T13:00:07.6985550Z > Task :source-local:verifyReleaseResources
Build & Public Release	Build Release APK	2026-02-03T13:00:07.8985689Z > Task :core:common:extractReleaseAnnotations
Build & Public Release	Build Release APK	2026-02-03T13:00:07.8990620Z > Task :core:common:mergeReleaseConsumerProguardFiles
Build & Public Release	Build Release APK	2026-02-03T13:00:07.8995282Z > Task :core:common:mergeReleaseJavaResource
Build & Public Release	Build Release APK	2026-02-03T13:00:08.0016650Z > Task :core:common:syncReleaseLibJars FROM-CACHE
Build & Public Release	Build Release APK	2026-02-03T13:00:08.0984982Z > Task :core:common:bundleReleaseAar
Build & Public Release	Build Release APK	2026-02-03T13:00:08.0989573Z > Task :core:common:mapReleaseSourceSetPaths
Build & Public Release	Build Release APK	2026-02-03T13:00:08.2985285Z 
Build & Public Release	Build Release APK	2026-02-03T13:00:08.2990690Z > Task :source-api:compileReleaseKotlinAndroid
Build & Public Release	Build Release APK	2026-02-03T13:00:08.2993113Z w: Experimental context receivers are superseded by context parameters.
Build & Public Release	Build Release APK	2026-02-03T13:00:08.3046856Z Replace the '-Xcontext-receivers' compiler argument with '-Xcontext-parameters' and migrate to the new syntax.
Build & Public Release	Build Release APK	2026-02-03T13:00:08.3048800Z 
Build & Public Release	Build Release APK	2026-02-03T13:00:08.3049572Z See the context parameters proposal for more details: https://kotl.in/context-parameters
Build & Public Release	Build Release APK	2026-02-03T13:00:08.3057282Z This warning will become an error in future releases.
Build & Public Release	Build Release APK	2026-02-03T13:00:08.5026052Z 
Build & Public Release	Build Release APK	2026-02-03T13:00:08.5027055Z > Task :source-api:compileReleaseJavaWithJavac NO-SOURCE
Build & Public Release	Build Release APK	2026-02-03T13:00:08.5984879Z > Task :source-api:bundleLibCompileToJarRelease
Build & Public Release	Build Release APK	2026-02-03T13:00:08.8984948Z > Task :core:archive:mergeReleaseResources
Build & Public Release	Build Release APK	2026-02-03T13:00:10.1987574Z 
Build & Public Release	Build Release APK	2026-02-03T13:00:10.1988136Z > Task :core-metadata:compileReleaseKotlin
Build & Public Release	Build Release APK	2026-02-03T13:00:10.1988903Z w: Experimental context receivers are superseded by context parameters.
Build & Public Release	Build Release APK	2026-02-03T13:00:10.1989991Z Replace the '-Xcontext-receivers' compiler argument with '-Xcontext-parameters' and migrate to the new syntax.
Build & Public Release	Build Release APK	2026-02-03T13:00:10.1990773Z 
Build & Public Release	Build Release APK	2026-02-03T13:00:10.1991298Z See the context parameters proposal for more details: https://kotl.in/context-parameters
Build & Public Release	Build Release APK	2026-02-03T13:00:10.1992205Z This warning will become an error in future releases.
Build & Public Release	Build Release APK	2026-02-03T13:00:10.1992618Z 
Build & Public Release	Build Release APK	2026-02-03T13:00:10.1992924Z > Task :core-metadata:compileReleaseJavaWithJavac NO-SOURCE
Build & Public Release	Build Release APK	2026-02-03T13:00:10.2985577Z > Task :core-metadata:bundleLibCompileToJarRelease
Build & Public Release	Build Release APK	2026-02-03T13:00:10.2986348Z > Task :core-metadata:mergeReleaseGeneratedProguardFiles
Build & Public Release	Build Release APK	2026-02-03T13:00:10.2987032Z > Task :core-metadata:exportReleaseConsumerProguardFiles
Build & Public Release	Build Release APK	2026-02-03T13:00:10.2987742Z > Task :source-api:mergeReleaseGeneratedProguardFiles
Build & Public Release	Build Release APK	2026-02-03T13:00:10.2988456Z > Task :source-api:exportReleaseConsumerProguardFiles
Build & Public Release	Build Release APK	2026-02-03T13:00:10.2989129Z > Task :core-metadata:bundleLibRuntimeToJarRelease
Build & Public Release	Build Release APK	2026-02-03T13:00:10.4000772Z > Task :source-api:bundleLibRuntimeToJarRelease
Build & Public Release	Build Release APK	2026-02-03T13:00:10.4056305Z > Task :core-metadata:processReleaseJavaRes
Build & Public Release	Build Release APK	2026-02-03T13:00:10.4057278Z > Task :source-api:processReleaseJavaRes
Build & Public Release	Build Release APK	2026-02-03T13:00:10.4984991Z > Task :core-metadata:extractReleaseAnnotations
Build & Public Release	Build Release APK	2026-02-03T13:00:10.4990693Z > Task :core-metadata:mergeReleaseConsumerProguardFiles
Build & Public Release	Build Release APK	2026-02-03T13:00:10.4995422Z > Task :core-metadata:mergeReleaseJavaResource
Build & Public Release	Build Release APK	2026-02-03T13:00:10.6001717Z > Task :core-metadata:syncReleaseLibJars FROM-CACHE
Build & Public Release	Build Release APK	2026-02-03T13:00:10.6006320Z > Task :core-metadata:bundleReleaseAar
Build & Public Release	Build Release APK	2026-02-03T13:00:10.6007178Z > Task :core-metadata:assembleRelease
Build & Public Release	Build Release APK	2026-02-03T13:00:10.7008289Z > Task :source-api:extractReleaseAnnotations
Build & Public Release	Build Release APK	2026-02-03T13:00:10.7061696Z > Task :source-api:mergeReleaseConsumerProguardFiles
Build & Public Release	Build Release APK	2026-02-03T13:00:10.7062684Z > Task :source-api:mergeReleaseJavaResource
Build & Public Release	Build Release APK	2026-02-03T13:00:10.7063521Z > Task :source-api:syncReleaseLibJars FROM-CACHE
Build & Public Release	Build Release APK	2026-02-03T13:00:10.7064309Z > Task :source-api:bundleReleaseAar
Build & Public Release	Build Release APK	2026-02-03T13:00:10.7065054Z > Task :source-api:assembleRelease
Build & Public Release	Build Release APK	2026-02-03T13:00:12.3984898Z > Task :core:common:mergeReleaseResources
Build & Public Release	Build Release APK	2026-02-03T13:00:14.6984969Z > Task :core:archive:verifyReleaseResources
Build & Public Release	Build Release APK	2026-02-03T13:00:14.6985834Z > Task :core:archive:assembleRelease
Build & Public Release	Build Release APK	2026-02-03T13:00:15.9985735Z > Task :core:common:verifyReleaseResources
Build & Public Release	Build Release APK	2026-02-03T13:00:15.9986437Z > Task :core:common:assembleRelease
Build & Public Release	Build Release APK	2026-02-03T13:00:19.5986044Z 
Build & Public Release	Build Release APK	2026-02-03T13:00:19.5986598Z > Task :presentation-core:compileReleaseKotlin
Build & Public Release	Build Release APK	2026-02-03T13:00:19.5988167Z w: The feature plugin:androidx.compose.compiler.plugins.kotlin:featureFlag=OptimizeNonSkippingGroups is enabled by default and specifying this option explicitly is not necessary.
Build & Public Release	Build Release APK	2026-02-03T13:00:19.5990459Z w: The feature plugin:androidx.compose.compiler.plugins.kotlin:featureFlag=StrongSkipping is enabled by default and specifying this option explicitly is not necessary.
Build & Public Release	Build Release APK	2026-02-03T13:00:19.5992069Z w: Experimental context receivers are superseded by context parameters.
Build & Public Release	Build Release APK	2026-02-03T13:00:19.5993308Z Replace the '-Xcontext-receivers' compiler argument with '-Xcontext-parameters' and migrate to the new syntax.
Build & Public Release	Build Release APK	2026-02-03T13:00:19.5994506Z 
Build & Public Release	Build Release APK	2026-02-03T13:00:19.5995025Z See the context parameters proposal for more details: https://kotl.in/context-parameters
Build & Public Release	Build Release APK	2026-02-03T13:00:19.5996161Z This warning will become an error in future releases.
Build & Public Release	Build Release APK	2026-02-03T13:00:19.6000942Z w: file:///home/runner/work/AniZen/AniZen/presentation-core/src/main/java/tachiyomi/presentation/core/components/AdaptiveSheet.kt:120:13 'fun <T> AnchoredDraggableState(initialValue: T, positionalThreshold: (Float) -> Float, velocityThreshold: () -> Float, snapAnimationSpec: AnimationSpec<Float>, decayAnimationSpec: DecayAnimationSpec<Float>, confirmValueChange: (T) -> Boolean = ...): AnchoredDraggableState<T>' is deprecated. This constructor of AnchoredDraggableState has been deprecated. Please pass thresholds and animation specs to AnchoredDraggableDefaults.flingBehavior(..) instead, which can be passed to Modifier.anchoredDraggable.
Build & Public Release	Build Release APK	2026-02-03T13:00:19.6007641Z w: file:///home/runner/work/AniZen/AniZen/presentation-core/src/main/java/tachiyomi/presentation/core/components/AdaptiveSheet.kt:163:91 'suspend fun settle(velocity: Float): Float' is deprecated. settle does not accept a velocity anymore. Please use FlingBehavior#performFling instead. See AnchoredDraggableSample.kt for example usages.
Build & Public Release	Build Release APK	2026-02-03T13:00:19.6011587Z w: file:///home/runner/work/AniZen/AniZen/presentation-core/src/main/java/tachiyomi/presentation/core/components/SettingsItems.kt:348:18 'fun Modifier.menuAnchor(): Modifier' is deprecated. Use overload that takes MenuAnchorType and enabled parameters.
Build & Public Release	Build Release APK	2026-02-03T13:00:19.6984411Z 
Build & Public Release	Build Release APK	2026-02-03T13:00:19.6986315Z > Task :presentation-core:compileReleaseJavaWithJavac NO-SOURCE
Build & Public Release	Build Release APK	2026-02-03T13:00:19.7017683Z > Task :presentation-core:mergeReleaseGeneratedProguardFiles
Build & Public Release	Build Release APK	2026-02-03T13:00:19.7018878Z > Task :presentation-core:exportReleaseConsumerProguardFiles
Build & Public Release	Build Release APK	2026-02-03T13:00:19.7019976Z > Task :presentation-core:bundleLibCompileToJarRelease
Build & Public Release	Build Release APK	2026-02-03T13:00:19.8032373Z > Task :presentation-core:processReleaseJavaRes
Build & Public Release	Build Release APK	2026-02-03T13:00:19.8038118Z > Task :presentation-core:bundleLibRuntimeToJarRelease
Build & Public Release	Build Release APK	2026-02-03T13:00:19.8039177Z > Task :presentation-core:extractReleaseAnnotations
Build & Public Release	Build Release APK	2026-02-03T13:00:19.8041362Z > Task :presentation-core:mergeReleaseConsumerProguardFiles
Build & Public Release	Build Release APK	2026-02-03T13:00:19.8042352Z > Task :presentation-core:mergeReleaseJavaResource
Build & Public Release	Build Release APK	2026-02-03T13:00:19.8984935Z > Task :presentation-core:syncReleaseLibJars FROM-CACHE
Build & Public Release	Build Release APK	2026-02-03T13:00:19.8989393Z > Task :presentation-core:bundleReleaseAar
Build & Public Release	Build Release APK	2026-02-03T13:00:19.8993340Z > Task :presentation-core:assembleRelease
Build & Public Release	Build Release APK	2026-02-03T13:00:20.4987824Z 
Build & Public Release	Build Release APK	2026-02-03T13:00:20.4990411Z > Task :domain:compileReleaseKotlin
Build & Public Release	Build Release APK	2026-02-03T13:00:20.4996945Z w: Experimental context receivers are superseded by context parameters.
Build & Public Release	Build Release APK	2026-02-03T13:00:20.4999387Z Replace the '-Xcontext-receivers' compiler argument with '-Xcontext-parameters' and migrate to the new syntax.
Build & Public Release	Build Release APK	2026-02-03T13:00:20.5001430Z 
Build & Public Release	Build Release APK	2026-02-03T13:00:20.5003087Z See the context parameters proposal for more details: https://kotl.in/context-parameters
Build & Public Release	Build Release APK	2026-02-03T13:00:20.5006143Z This warning will become an error in future releases.
Build & Public Release	Build Release APK	2026-02-03T13:00:20.7035778Z 
Build & Public Release	Build Release APK	2026-02-03T13:00:20.7036730Z > Task :domain:compileReleaseJavaWithJavac NO-SOURCE
Build & Public Release	Build Release APK	2026-02-03T13:00:20.7037521Z > Task :domain:mergeReleaseGeneratedProguardFiles
Build & Public Release	Build Release APK	2026-02-03T13:00:20.7038233Z > Task :domain:exportReleaseConsumerProguardFiles
Build & Public Release	Build Release APK	2026-02-03T13:00:20.7984933Z > Task :domain:bundleLibCompileToJarRelease
Build & Public Release	Build Release APK	2026-02-03T13:00:20.7987166Z > Task :domain:processReleaseJavaRes
Build & Public Release	Build Release APK	2026-02-03T13:00:20.7989614Z > Task :domain:bundleLibRuntimeToJarRelease
Build & Public Release	Build Release APK	2026-02-03T13:00:20.9998044Z > Task :domain:extractReleaseAnnotations
Build & Public Release	Build Release APK	2026-02-03T13:00:20.9999144Z > Task :domain:mergeReleaseConsumerProguardFiles
Build & Public Release	Build Release APK	2026-02-03T13:00:21.0000019Z > Task :domain:mergeReleaseJavaResource
Build & Public Release	Build Release APK	2026-02-03T13:00:21.0985418Z > Task :domain:syncReleaseLibJars FROM-CACHE
Build & Public Release	Build Release APK	2026-02-03T13:00:21.0987360Z > Task :domain:bundleReleaseAar
Build & Public Release	Build Release APK	2026-02-03T13:00:21.0988086Z > Task :domain:assembleRelease
Build & Public Release	Build Release APK	2026-02-03T13:00:23.1988064Z 
Build & Public Release	Build Release APK	2026-02-03T13:00:23.1988882Z > Task :source-local:compileReleaseKotlinAndroid
Build & Public Release	Build Release APK	2026-02-03T13:00:23.1989944Z w: Experimental context receivers are superseded by context parameters.
Build & Public Release	Build Release APK	2026-02-03T13:00:23.1991995Z Replace the '-Xcontext-receivers' compiler argument with '-Xcontext-parameters' and migrate to the new syntax.
Build & Public Release	Build Release APK	2026-02-03T13:00:23.1993125Z 
Build & Public Release	Build Release APK	2026-02-03T13:00:23.1996263Z See the context parameters proposal for more details: https://kotl.in/context-parameters
Build & Public Release	Build Release APK	2026-02-03T13:00:23.1997302Z This warning will become an error in future releases.
Build & Public Release	Build Release APK	2026-02-03T13:00:23.1999433Z w: file:///home/runner/work/AniZen/AniZen/source-local/src/androidMain/kotlin/tachiyomi/source/local/LocalSource.kt:150:49 'fun fetchSearchAnime(page: Int, query: String, filters: AnimeFilterList): Observable<AnimesPage>' is deprecated. Use the non-RxJava API instead.
Build & Public Release	Build Release APK	2026-02-03T13:00:23.2003036Z w: file:///home/runner/work/AniZen/AniZen/source-local/src/androidMain/kotlin/tachiyomi/source/local/LocalSource.kt:153:50 'fun fetchSearchAnime(page: Int, query: String, filters: AnimeFilterList): Observable<AnimesPage>' is deprecated. Use the non-RxJava API instead.
Build & Public Release	Build Release APK	2026-02-03T13:00:23.2987324Z 
Build & Public Release	Build Release APK	2026-02-03T13:00:23.2989391Z > Task :source-local:compileReleaseJavaWithJavac NO-SOURCE
Build & Public Release	Build Release APK	2026-02-03T13:00:23.2991602Z > Task :source-local:mergeReleaseGeneratedProguardFiles
Build & Public Release	Build Release APK	2026-02-03T13:00:23.2993805Z > Task :source-local:exportReleaseConsumerProguardFiles
Build & Public Release	Build Release APK	2026-02-03T13:00:23.3985664Z > Task :source-local:bundleLibCompileToJarRelease
Build & Public Release	Build Release APK	2026-02-03T13:00:23.3990295Z > Task :source-local:bundleLibRuntimeToJarRelease
Build & Public Release	Build Release APK	2026-02-03T13:00:23.3991232Z > Task :source-local:processReleaseJavaRes
Build & Public Release	Build Release APK	2026-02-03T13:00:23.4985566Z > Task :source-local:extractReleaseAnnotations
Build & Public Release	Build Release APK	2026-02-03T13:00:23.5026347Z > Task :source-local:mergeReleaseConsumerProguardFiles
Build & Public Release	Build Release APK	2026-02-03T13:00:23.5027314Z > Task :source-local:mergeReleaseJavaResource
Build & Public Release	Build Release APK	2026-02-03T13:00:23.5985402Z > Task :source-local:syncReleaseLibJars FROM-CACHE
Build & Public Release	Build Release APK	2026-02-03T13:00:23.5986211Z > Task :source-local:bundleReleaseAar
Build & Public Release	Build Release APK	2026-02-03T13:00:23.5986804Z > Task :source-local:assembleRelease
Build & Public Release	Build Release APK	2026-02-03T13:00:23.7007757Z 
Build & Public Release	Build Release APK	2026-02-03T13:00:23.7008347Z > Task :presentation-widget:compileReleaseKotlin
Build & Public Release	Build Release APK	2026-02-03T13:00:23.7009829Z w: The feature plugin:androidx.compose.compiler.plugins.kotlin:featureFlag=OptimizeNonSkippingGroups is enabled by default and specifying this option explicitly is not necessary.
Build & Public Release	Build Release APK	2026-02-03T13:00:23.7011939Z w: The feature plugin:androidx.compose.compiler.plugins.kotlin:featureFlag=StrongSkipping is enabled by default and specifying this option explicitly is not necessary.
Build & Public Release	Build Release APK	2026-02-03T13:00:23.7013377Z w: Experimental context receivers are superseded by context parameters.
Build & Public Release	Build Release APK	2026-02-03T13:00:23.7014456Z Replace the '-Xcontext-receivers' compiler argument with '-Xcontext-parameters' and migrate to the new syntax.
Build & Public Release	Build Release APK	2026-02-03T13:00:23.7015406Z 
Build & Public Release	Build Release APK	2026-02-03T13:00:23.7015896Z See the context parameters proposal for more details: https://kotl.in/context-parameters
Build & Public Release	Build Release APK	2026-02-03T13:00:23.7016789Z This warning will become an error in future releases.
Build & Public Release	Build Release APK	2026-02-03T13:00:23.7993523Z 
Build & Public Release	Build Release APK	2026-02-03T13:00:23.7995846Z > Task :presentation-widget:compileReleaseJavaWithJavac NO-SOURCE
Build & Public Release	Build Release APK	2026-02-03T13:00:23.7996955Z > Task :presentation-widget:mergeReleaseGeneratedProguardFiles
Build & Public Release	Build Release APK	2026-02-03T13:00:23.7998043Z > Task :presentation-widget:exportReleaseConsumerProguardFiles
Build & Public Release	Build Release APK	2026-02-03T13:00:23.7999027Z > Task :presentation-widget:bundleLibRuntimeToJarRelease
Build & Public Release	Build Release APK	2026-02-03T13:00:23.7999907Z > Task :presentation-widget:bundleLibCompileToJarRelease
Build & Public Release	Build Release APK	2026-02-03T13:00:23.9013093Z > Task :presentation-widget:processReleaseJavaRes
Build & Public Release	Build Release APK	2026-02-03T13:00:23.9998411Z > Task :presentation-widget:extractReleaseAnnotations
Build & Public Release	Build Release APK	2026-02-03T13:00:23.9999260Z > Task :presentation-widget:mergeReleaseConsumerProguardFiles
Build & Public Release	Build Release APK	2026-02-03T13:00:24.0000017Z > Task :presentation-widget:mergeReleaseJavaResource
Build & Public Release	Build Release APK	2026-02-03T13:00:24.0000726Z > Task :presentation-widget:syncReleaseLibJars FROM-CACHE
Build & Public Release	Build Release APK	2026-02-03T13:00:24.1008353Z > Task :presentation-widget:bundleReleaseAar
Build & Public Release	Build Release APK	2026-02-03T13:00:24.1009570Z > Task :presentation-widget:assembleRelease
Build & Public Release	Build Release APK	2026-02-03T13:00:29.5007519Z 
Build & Public Release	Build Release APK	2026-02-03T13:00:29.5009506Z > Task :data:compileReleaseKotlin
Build & Public Release	Build Release APK	2026-02-03T13:00:29.5010292Z w: Experimental context receivers are superseded by context parameters.
Build & Public Release	Build Release APK	2026-02-03T13:00:29.5011460Z Replace the '-Xcontext-receivers' compiler argument with '-Xcontext-parameters' and migrate to the new syntax.
Build & Public Release	Build Release APK	2026-02-03T13:00:29.5012258Z 
Build & Public Release	Build Release APK	2026-02-03T13:00:29.5012743Z See the context parameters proposal for more details: https://kotl.in/context-parameters
Build & Public Release	Build Release APK	2026-02-03T13:00:29.5013644Z This warning will become an error in future releases.
Build & Public Release	Build Release APK	2026-02-03T13:00:29.6984330Z 
Build & Public Release	Build Release APK	2026-02-03T13:00:29.6985526Z > Task :data:compileReleaseJavaWithJavac NO-SOURCE
Build & Public Release	Build Release APK	2026-02-03T13:00:29.6986563Z > Task :data:mergeReleaseGeneratedProguardFiles
Build & Public Release	Build Release APK	2026-02-03T13:00:29.6987486Z > Task :data:exportReleaseConsumerProguardFiles
Build & Public Release	Build Release APK	2026-02-03T13:00:29.6988189Z > Task :data:bundleLibCompileToJarRelease
Build & Public Release	Build Release APK	2026-02-03T13:00:29.6988747Z > Task :data:processReleaseJavaRes
Build & Public Release	Build Release APK	2026-02-03T13:00:29.6989317Z > Task :data:bundleLibRuntimeToJarRelease
Build & Public Release	Build Release APK	2026-02-03T13:00:29.8984728Z > Task :data:extractReleaseAnnotations
Build & Public Release	Build Release APK	2026-02-03T13:00:29.8989361Z > Task :data:mergeReleaseConsumerProguardFiles
Build & Public Release	Build Release APK	2026-02-03T13:00:29.8990325Z > Task :data:mergeReleaseJavaResource
Build & Public Release	Build Release APK	2026-02-03T13:00:29.9986168Z > Task :data:syncReleaseLibJars FROM-CACHE
Build & Public Release	Build Release APK	2026-02-03T13:00:29.9986871Z > Task :data:bundleReleaseAar
Build & Public Release	Build Release APK	2026-02-03T13:00:29.9987362Z > Task :data:assembleRelease
Build & Public Release	Build Release APK	2026-02-03T13:00:58.3037100Z e: file:///home/runner/work/AniZen/AniZen/app/src/main/java/eu/kanade/domain/ui/model/AppTheme.kt:9:22 Unresolved reference 'theme_monet'.
Build & Public Release	Build Release APK	2026-02-03T13:00:58.3039016Z e: file:///home/runner/work/AniZen/AniZen/app/src/main/java/eu/kanade/domain/ui/model/AppTheme.kt:14:28 Unresolved reference 'theme_greenapple'.
Build & Public Release	Build Release APK	2026-02-03T13:00:58.3040909Z e: file:///home/runner/work/AniZen/AniZen/app/src/main/java/eu/kanade/domain/ui/model/AppTheme.kt:15:25 Unresolved reference 'theme_lavender'.
Build & Public Release	Build Release APK	2026-02-03T13:00:58.3043260Z e: file:///home/runner/work/AniZen/AniZen/app/src/main/java/eu/kanade/domain/ui/model/AppTheme.kt:17:30 Unresolved reference 'theme_midnightdusk'.
Build & Public Release	Build Release APK	2026-02-03T13:00:58.3045080Z e: file:///home/runner/work/AniZen/AniZen/app/src/main/java/eu/kanade/domain/ui/model/AppTheme.kt:20:21 Unresolved reference 'theme_nord'.
Build & Public Release	Build Release APK	2026-02-03T13:00:58.3047207Z e: file:///home/runner/work/AniZen/AniZen/app/src/main/java/eu/kanade/presentation/anime/AnimeScreen.kt:183:36 Unresolved reference 'changeAnimeSkipIntro'.
Build & Public Release	Build Release APK	2026-02-03T13:00:58.3049184Z e: file:///home/runner/work/AniZen/AniZen/app/src/main/java/eu/kanade/presentation/anime/AnimeScreen.kt:185:33 Unresolved reference 'onEditInfoClicked'.
Build & Public Release	Build Release APK	2026-02-03T13:00:58.3051213Z e: file:///home/runner/work/AniZen/AniZen/app/src/main/java/eu/kanade/presentation/anime/AnimeScreen.kt:187:38 Unresolved reference 'onMultiBookmarkClicked'.
Build & Public Release	Build Release APK	2026-02-03T13:00:58.3053224Z e: file:///home/runner/work/AniZen/AniZen/app/src/main/java/eu/kanade/presentation/anime/AnimeScreen.kt:189:40 Unresolved reference 'onMultiFillermarkClicked'.
Build & Public Release	Build Release APK	2026-02-03T13:00:58.3055411Z e: file:///home/runner/work/AniZen/AniZen/app/src/main/java/eu/kanade/presentation/anime/AnimeScreen.kt:191:40 Unresolved reference 'onMultiMarkAsSeenClicked'.
Build & Public Release	Build Release APK	2026-02-03T13:00:58.3057465Z e: file:///home/runner/work/AniZen/AniZen/app/src/main/java/eu/kanade/presentation/anime/AnimeScreen.kt:192:43 Unresolved reference 'onMarkPreviousAsSeenClicked'.
Build & Public Release	Build Release APK	2026-02-03T13:00:58.3059473Z e: file:///home/runner/work/AniZen/AniZen/app/src/main/java/eu/kanade/presentation/anime/AnimeScreen.kt:193:36 Unresolved reference 'onMultiDeleteClicked'.
Build & Public Release	Build Release APK	2026-02-03T13:00:58.3061443Z e: file:///home/runner/work/AniZen/AniZen/app/src/main/java/eu/kanade/presentation/anime/AnimeScreen.kt:194:13 No parameter with name 'onEpisodeSwipe' found.
Build & Public Release	Build Release APK	2026-02-03T13:00:58.3063389Z e: file:///home/runner/work/AniZen/AniZen/app/src/main/java/eu/kanade/presentation/anime/AnimeScreen.kt:194:30 Unresolved reference 'onEpisodeSwipe'.
Build & Public Release	Build Release APK	2026-02-03T13:00:58.3085762Z e: file:///home/runner/work/AniZen/AniZen/app/src/main/java/eu/kanade/presentation/anime/AnimeScreen.kt:230:36 Unresolved reference 'changeAnimeSkipIntro'.
Build & Public Release	Build Release APK	2026-02-03T13:00:58.3088800Z e: file:///home/runner/work/AniZen/AniZen/app/src/main/java/eu/kanade/presentation/anime/AnimeScreen.kt:233:33 Unresolved reference 'onEditInfoClicked'.
Build & Public Release	Build Release APK	2026-02-03T13:00:58.3090796Z e: file:///home/runner/work/AniZen/AniZen/app/src/main/java/eu/kanade/presentation/anime/AnimeScreen.kt:235:38 Unresolved reference 'onMultiBookmarkClicked'.
Build & Public Release	Build Release APK	2026-02-03T13:00:58.3092804Z e: file:///home/runner/work/AniZen/AniZen/app/src/main/java/eu/kanade/presentation/anime/AnimeScreen.kt:237:40 Unresolved reference 'onMultiFillermarkClicked'.
Build & Public Release	Build Release APK	2026-02-03T13:00:58.3094818Z e: file:///home/runner/work/AniZen/AniZen/app/src/main/java/eu/kanade/presentation/anime/AnimeScreen.kt:239:40 Unresolved reference 'onMultiMarkAsSeenClicked'.
Build & Public Release	Build Release APK	2026-02-03T13:00:58.3097041Z e: file:///home/runner/work/AniZen/AniZen/app/src/main/java/eu/kanade/presentation/anime/AnimeScreen.kt:240:43 Unresolved reference 'onMarkPreviousAsSeenClicked'.
Build & Public Release	Build Release APK	2026-02-03T13:00:58.3103614Z e: file:///home/runner/work/AniZen/AniZen/app/src/main/java/eu/kanade/presentation/anime/AnimeScreen.kt:241:36 Unresolved reference 'onMultiDeleteClicked'.
Build & Public Release	Build Release APK	2026-02-03T13:00:58.3105796Z e: file:///home/runner/work/AniZen/AniZen/app/src/main/java/eu/kanade/presentation/anime/AnimeScreen.kt:242:30 Unresolved reference 'onEpisodeSwipe'.
Build & Public Release	Build Release APK	2026-02-03T13:00:58.3109933Z e: file:///home/runner/work/AniZen/AniZen/app/src/main/java/eu/kanade/presentation/anime/AnimeScreen.kt:547:42 Unresolved reference 'onEpisodeSwipe'.
Build & Public Release	Build Release APK	2026-02-03T13:00:58.3111961Z e: file:///home/runner/work/AniZen/AniZen/app/src/main/java/eu/kanade/presentation/anime/components/AnimeInfoHeader.kt:115:20 Unresolved reference 'modifier'.
Build & Public Release	Build Release APK	2026-02-03T13:00:58.3114114Z e: file:///home/runner/work/AniZen/AniZen/app/src/main/java/eu/kanade/presentation/anime/components/AnimeInfoHeader.kt:150:47 Unresolved reference 'onFetchAIEpisodeSummary'.
Build & Public Release	Build Release APK	2026-02-03T13:00:58.3116762Z e: file:///home/runner/work/AniZen/AniZen/app/src/main/java/eu/kanade/presentation/anime/components/AnimeInfoHeader.kt:151:40 Unresolved reference 'aiEpisodeSummary'.
Build & Public Release	Build Release APK	2026-02-03T13:00:58.3117954Z 
Build & Public Release	Build Release APK	2026-02-03T13:00:58.3119037Z e: file:///home/runner/work/AniZen/AniZen/app/src/main/java/eu/kanade/presentation/anime/components/AnimeInfoHeader.kt:161:47 Unresolved reference 'onFetchAIEpisodeSummary'.
Build & Public Release	Build Release APK	2026-02-03T13:00:58.3121246Z e: file:///home/runner/work/AniZen/AniZen/app/src/main/java/eu/kanade/presentation/anime/components/AnimeInfoHeader.kt:162:40 Unresolved reference 'aiEpisodeSummary'.
Build & Public Release	Build Release APK	2026-02-03T13:00:58.3123351Z e: file:///home/runner/work/AniZen/AniZen/app/src/main/java/eu/kanade/presentation/anime/components/AnimeInfoHeader.kt:184:20 Unresolved reference 'modifier'.
Build & Public Release	Build Release APK	2026-02-03T13:00:58.3125564Z e: file:///home/runner/work/AniZen/AniZen/app/src/main/java/eu/kanade/presentation/anime/components/AnimeInfoHeader.kt:197:27 Unresolved reference 'nextUpdateDays'.
Build & Public Release	Build Release APK	2026-02-03T13:00:58.3127694Z e: file:///home/runner/work/AniZen/AniZen/app/src/main/java/eu/kanade/presentation/anime/components/AnimeInfoHeader.kt:202:29 Unresolved reference 'nextUpdateDays'.
Build & Public Release	Build Release APK	2026-02-03T13:00:58.3129810Z e: file:///home/runner/work/AniZen/AniZen/app/src/main/java/eu/kanade/presentation/anime/components/AnimeInfoHeader.kt:203:21 Unresolved reference 'nextUpdateDays'.
Build & Public Release	Build Release APK	2026-02-03T13:00:58.3131974Z e: file:///home/runner/work/AniZen/AniZen/app/src/main/java/eu/kanade/presentation/anime/components/AnimeInfoHeader.kt:359:9 Unresolved reference 'AiEpisodeIntelligence'.
Build & Public Release	Build Release APK	2026-02-03T13:00:58.3134030Z e: file:///home/runner/work/AniZen/AniZen/app/src/main/java/eu/kanade/presentation/more/MoreScreen.kt:201:55 Unresolved reference 'pref_category_about'.
Build & Public Release	Build Release APK	2026-02-03T13:00:58.3136306Z e: file:///home/runner/work/AniZen/AniZen/app/src/main/java/eu/kanade/presentation/more/settings/screen/SettingsAdvancedScreen.kt:75:45 Unresolved reference 'pref_category_advanced'.
Build & Public Release	Build Release APK	2026-02-03T13:00:58.3138708Z e: file:///home/runner/work/AniZen/AniZen/app/src/main/java/eu/kanade/presentation/more/settings/screen/SettingsAppearanceScreen.kt:41:45 Unresolved reference 'pref_category_appearance'.
Build & Public Release	Build Release APK	2026-02-03T13:00:58.3141277Z e: file:///home/runner/work/AniZen/AniZen/app/src/main/java/eu/kanade/presentation/more/settings/screen/SettingsAppearanceScreen.kt:86:47 Unresolved reference 'pref_category_theme'.
Build & Public Release	Build Release APK	2026-02-03T13:00:58.3143614Z e: file:///home/runner/work/AniZen/AniZen/app/src/main/java/eu/kanade/presentation/more/settings/screen/SettingsAppearanceScreen.kt:89:55 Unresolved reference 'pref_app_theme'.
Build & Public Release	Build Release APK	2026-02-03T13:00:58.3146090Z e: file:///home/runner/work/AniZen/AniZen/app/src/main/java/eu/kanade/presentation/more/settings/screen/SettingsDownloadScreen.kt:50:45 Unresolved reference 'pref_category_downloads'.
Build & Public Release	Build Release APK	2026-02-03T13:00:58.3148426Z e: file:///home/runner/work/AniZen/AniZen/app/src/main/java/eu/kanade/presentation/more/settings/screen/SettingsLibraryScreen.kt:52:45 Unresolved reference 'pref_category_library'.
Build & Public Release	Build Release APK	2026-02-03T13:00:58.3150722Z e: file:///home/runner/work/AniZen/AniZen/app/src/main/java/eu/kanade/presentation/more/settings/screen/SettingsMainScreen.kt:179:35 Unresolved reference 'pref_category_appearance'.
Build & Public Release	Build Release APK	2026-02-03T13:00:58.3152803Z e: file:///home/runner/work/AniZen/AniZen/app/src/main/java/eu/kanade/presentation/more/settings/screen/SettingsMainScreen.kt:180:38 Unresolved reference 'pref_appearance_summary'.
Build & Public Release	Build Release APK	2026-02-03T13:00:58.3154925Z e: file:///home/runner/work/AniZen/AniZen/app/src/main/java/eu/kanade/presentation/more/settings/screen/SettingsMainScreen.kt:185:35 Unresolved reference 'pref_category_library'.
Build & Public Release	Build Release APK	2026-02-03T13:00:58.3157322Z e: file:///home/runner/work/AniZen/AniZen/app/src/main/java/eu/kanade/presentation/more/settings/screen/SettingsMainScreen.kt:186:38 Unresolved reference 'pref_library_summary'.
Build & Public Release	Build Release APK	2026-02-03T13:00:58.3159524Z e: file:///home/runner/work/AniZen/AniZen/app/src/main/java/eu/kanade/presentation/more/settings/screen/SettingsMainScreen.kt:191:35 Unresolved reference 'pref_category_downloads'.
Build & Public Release	Build Release APK	2026-02-03T13:00:58.3162084Z e: file:///home/runner/work/AniZen/AniZen/app/src/main/java/eu/kanade/presentation/more/settings/screen/SettingsMainScreen.kt:192:38 Unresolved reference 'pref_downloads_summary'.
Build & Public Release	Build Release APK	2026-02-03T13:00:58.3163795Z e: file:///home/runner/work/AniZen/AniZen/app/src/main/java/eu/kanade/presentation/more/settings/screen/SettingsMainScreen.kt:197:35 Unresolved reference 'pref_category_tracking'.
Build & Public Release	Build Release APK	2026-02-03T13:00:58.3165354Z e: file:///home/runner/work/AniZen/AniZen/app/src/main/java/eu/kanade/presentation/more/settings/screen/SettingsMainScreen.kt:198:38 Unresolved reference 'pref_tracking_summary'.
Build & Public Release	Build Release APK	2026-02-03T13:00:58.3167664Z e: file:///home/runner/work/AniZen/AniZen/app/src/main/java/eu/kanade/presentation/more/settings/screen/SettingsMainScreen.kt:218:38 Unresolved reference 'pref_browse_summary'.
Build & Public Release	Build Release APK	2026-02-03T13:00:58.3169972Z e: file:///home/runner/work/AniZen/AniZen/app/src/main/java/eu/kanade/presentation/more/settings/screen/SettingsMainScreen.kt:224:38 Unresolved reference 'pref_backup_summary'.
Build & Public Release	Build Release APK	2026-02-03T13:00:58.3172303Z e: file:///home/runner/work/AniZen/AniZen/app/src/main/java/eu/kanade/presentation/more/settings/screen/SettingsMainScreen.kt:230:38 Unresolved reference 'pref_security_summary'.
Build & Public Release	Build Release APK	2026-02-03T13:00:58.3174622Z e: file:///home/runner/work/AniZen/AniZen/app/src/main/java/eu/kanade/presentation/more/settings/screen/SettingsMainScreen.kt:235:35 Unresolved reference 'pref_category_advanced'.
Build & Public Release	Build Release APK	2026-02-03T13:00:58.3177103Z e: file:///home/runner/work/AniZen/AniZen/app/src/main/java/eu/kanade/presentation/more/settings/screen/SettingsMainScreen.kt:236:38 Unresolved reference 'pref_advanced_summary'.
Build & Public Release	Build Release APK	2026-02-03T13:00:58.3179327Z e: file:///home/runner/work/AniZen/AniZen/app/src/main/java/eu/kanade/presentation/more/settings/screen/SettingsMainScreen.kt:241:35 Unresolved reference 'pref_category_about'.
Build & Public Release	Build Release APK	2026-02-03T13:00:58.3181622Z e: file:///home/runner/work/AniZen/AniZen/app/src/main/java/eu/kanade/presentation/more/settings/screen/SettingsTrackingScreen.kt:72:45 Unresolved reference 'pref_category_tracking'.
Build & Public Release	Build Release APK	2026-02-03T13:00:58.3184469Z e: file:///home/runner/work/AniZen/AniZen/app/src/main/java/eu/kanade/presentation/more/settings/screen/about/AboutScreen.kt:89:55 Unresolved reference 'pref_category_about'.
Build & Public Release	Build Release APK	2026-02-03T13:00:58.3187352Z e: file:///home/runner/work/AniZen/AniZen/app/src/main/java/eu/kanade/presentation/more/settings/screen/ai/AiAssistantScreen.kt:74:56 Unresolved reference 'TopAppBar'.
Build & Public Release	Build Release APK	2026-02-03T13:00:58.3189589Z e: file:///home/runner/work/AniZen/AniZen/app/src/main/java/eu/kanade/presentation/more/settings/screen/ai/AiAssistantScreen.kt:97:17 Unresolved reference 'TopAppBar'.
Build & Public Release	Build Release APK	2026-02-03T13:00:58.3191903Z e: file:///home/runner/work/AniZen/AniZen/app/src/main/java/eu/kanade/presentation/more/settings/screen/ai/AiAssistantScreen.kt:227:48 None of the following candidates is applicable:
Build & Public Release	Build Release APK	2026-02-03T13:00:58.3193378Z fun colors(): TextFieldColors
Build & Public Release	Build Release APK	2026-02-03T13:00:58.3203489Z fun colors(focusedTextColor: Color = ..., unfocusedTextColor: Color = ..., disabledTextColor: Color = ..., errorTextColor: Color = ..., focusedContainerColor: Color = ..., unfocusedContainerColor: Color = ..., disabledContainerColor: Color = ..., errorContainerColor: Color = ..., cursorColor: Color = ..., errorCursorColor: Color = ..., selectionColors: TextSelectionColors? = ..., focusedIndicatorColor: Color = ..., unfocusedIndicatorColor: Color = ..., disabledIndicatorColor: Color = ..., errorIndicatorColor: Color = ..., focusedLeadingIconColor: Color = ..., unfocusedLeadingIconColor: Color = ..., disabledLeadingIconColor: Color = ..., errorLeadingIconColor: Color = ..., focusedTrailingIconColor: Color = ..., unfocusedTrailingIconColor: Color = ..., disabledTrailingIconColor: Color = ..., errorTrailingIconColor: Color = ..., focusedLabelColor: Color = ..., unfocusedLabelColor: Color = ..., disabledLabelColor: Color = ..., errorLabelColor: Color = ..., focusedPlaceholderColor: Color = ..., unfocusedPlaceholderColor: Color = ..., disabledPlaceholderColor: Color = ..., errorPlaceholderColor: Color = ..., focusedSupportingTextColor: Color = ..., unfocusedSupportingTextColor: Color = ..., disabledSupportingTextColor: Color = ..., errorSupportingTextColor: Color = ..., focusedPrefixColor: Color = ..., unfocusedPrefixColor: Color = ..., disabledPrefixColor: Color = ..., errorPrefixColor: Color = ..., focusedSuffixColor: Color = ..., unfocusedSuffixColor: Color = ..., disabledSuffixColor: Color = ..., errorSuffixColor: Color = ...): TextFieldColors
Build & Public Release	Build Release APK	2026-02-03T13:00:58.3214881Z e: file:///home/runner/work/AniZen/AniZen/app/src/main/java/eu/kanade/presentation/more/stats/StatsScreenContent.kt:61:36 Unresolved reference 'secondaryItemAlpha'.
Build & Public Release	Build Release APK	2026-02-03T13:00:58.3217339Z e: file:///home/runner/work/AniZen/AniZen/app/src/main/java/eu/kanade/presentation/more/stats/StatsScreenContent.kt:123:2 Syntax error: imports are only allowed in the beginning of file.
Build & Public Release	Build Release APK	2026-02-03T13:00:58.3219605Z e: file:///home/runner/work/AniZen/AniZen/app/src/main/java/eu/kanade/presentation/more/stats/StatsScreenContent.kt:288:37 Unresolved reference 'secondaryItemAlpha'.
Build & Public Release	Build Release APK	2026-02-03T13:00:58.3221783Z e: file:///home/runner/work/AniZen/AniZen/app/src/main/java/eu/kanade/presentation/more/stats/StatsScreenContent.kt:358:97 Unresolved reference 'secondaryItemAlpha'.
Build & Public Release	Build Release APK	2026-02-03T13:00:58.3223960Z e: file:///home/runner/work/AniZen/AniZen/app/src/main/java/eu/kanade/presentation/more/stats/StatsScreenContent.kt:382:107 Unresolved reference 'secondaryItemAlpha'.
Build & Public Release	Build Release APK	2026-02-03T13:00:58.3226274Z e: file:///home/runner/work/AniZen/AniZen/app/src/main/java/eu/kanade/presentation/more/stats/StatsScreenContent.kt:416:114 Unresolved reference 'secondaryItemAlpha'.
Build & Public Release	Build Release APK	2026-02-03T13:00:58.3228283Z e: file:///home/runner/work/AniZen/AniZen/app/src/main/java/eu/kanade/tachiyomi/ui/anime/AnimeScreen.kt:34:48 Unresolved reference 'AnimeDialogs'.
Build & Public Release	Build Release APK	2026-02-03T13:00:58.3230234Z e: file:///home/runner/work/AniZen/AniZen/app/src/main/java/eu/kanade/tachiyomi/ui/anime/AnimeScreen.kt:194:13 No parameter with name 'onEditInfoClicked' found.
Build & Public Release	Build Release APK	2026-02-03T13:00:58.3232299Z e: file:///home/runner/work/AniZen/AniZen/app/src/main/java/eu/kanade/tachiyomi/ui/anime/AnimeScreen.kt:202:13 No parameter with name 'changeAnimeSkipIntro' found.
Build & Public Release	Build Release APK	2026-02-03T13:00:58.3234584Z e: file:///home/runner/work/AniZen/AniZen/app/src/main/java/eu/kanade/tachiyomi/ui/anime/AnimeScreen.kt:203:13 No parameter with name 'onMultiBookmarkClicked' found.
Build & Public Release	Build Release APK	2026-02-03T13:00:58.3236857Z e: file:///home/runner/work/AniZen/AniZen/app/src/main/java/eu/kanade/tachiyomi/ui/anime/AnimeScreen.kt:205:13 No parameter with name 'onMultiFillermarkClicked' found.
Build & Public Release	Build Release APK	2026-02-03T13:00:58.3238955Z e: file:///home/runner/work/AniZen/AniZen/app/src/main/java/eu/kanade/tachiyomi/ui/anime/AnimeScreen.kt:207:13 No parameter with name 'onMultiMarkAsSeenClicked' found.
Build & Public Release	Build Release APK	2026-02-03T13:00:58.3241096Z e: file:///home/runner/work/AniZen/AniZen/app/src/main/java/eu/kanade/tachiyomi/ui/anime/AnimeScreen.kt:208:13 No parameter with name 'onMarkPreviousAsSeenClicked' found.
Build & Public Release	Build Release APK	2026-02-03T13:00:58.3243216Z e: file:///home/runner/work/AniZen/AniZen/app/src/main/java/eu/kanade/tachiyomi/ui/anime/AnimeScreen.kt:209:13 No parameter with name 'onMultiDeleteClicked' found.
Build & Public Release	Build Release APK	2026-02-03T13:00:58.3245391Z e: file:///home/runner/work/AniZen/AniZen/app/src/main/java/eu/kanade/tachiyomi/ui/anime/AnimeScreen.kt:210:13 No parameter with name 'onEpisodeSwipe' found.
Build & Public Release	Build Release APK	2026-02-03T13:00:58.3247375Z e: file:///home/runner/work/AniZen/AniZen/app/src/main/java/eu/kanade/tachiyomi/ui/anime/AnimeScreen.kt:236:17 Unresolved reference 'DeleteEpisodesDialog'.
Build & Public Release	Build Release APK	2026-02-03T13:00:58.3249542Z e: file:///home/runner/work/AniZen/AniZen/app/src/main/java/eu/kanade/tachiyomi/ui/anime/AnimeScreenModel.kt:186:13 Return type mismatch: expected 'AnimeScreenModel.State', actual 'Any'.
Build & Public Release	Build Release APK	2026-02-03T13:00:58.3252182Z e: file:///home/runner/work/AniZen/AniZen/app/src/main/java/eu/kanade/tachiyomi/ui/anime/AnimeScreenModel.kt:236:17 Return type mismatch: expected 'AnimeScreenModel.State', actual 'AnimeScreenModel.State.Success'.
Build & Public Release	Build Release APK	2026-02-03T13:00:58.3254842Z e: file:///home/runner/work/AniZen/AniZen/app/src/main/java/eu/kanade/tachiyomi/ui/anime/AnimeScreenModel.kt:247:13 Unresolved reference 'autoTranslate'.
Build & Public Release	Build Release APK	2026-02-03T13:00:58.3257017Z e: file:///home/runner/work/AniZen/AniZen/app/src/main/java/eu/kanade/tachiyomi/ui/anime/AnimeScreenModel.kt:287:17 Unresolved reference 'autoTranslate'.
Build & Public Release	Build Release APK	2026-02-03T13:00:58.3259248Z e: file:///home/runner/work/AniZen/AniZen/app/src/main/java/eu/kanade/tachiyomi/ui/anime/AnimeScreenModel.kt:1267:13 Return type mismatch: expected 'AnimeScreenModel.State', actual 'Any'.
Build & Public Release	Build Release APK	2026-02-03T13:00:58.3261750Z e: file:///home/runner/work/AniZen/AniZen/app/src/main/java/eu/kanade/tachiyomi/ui/player/controls/components/sheets/ChaptersSheet.kt:52:51 Unresolved reference 'player_sheets_chapters_title'.
Build & Public Release	Build Release APK	2026-02-03T13:00:58.3264182Z e: file:///home/runner/work/AniZen/AniZen/app/src/main/java/eu/kanade/tachiyomi/ui/player/controls/components/sheets/MoreSheet.kt:317:40 Unresolved reference 'timer_picker_pick_time'.
Build & Public Release	Build Release APK	2026-02-03T13:00:58.3266723Z e: file:///home/runner/work/AniZen/AniZen/app/src/main/java/eu/kanade/tachiyomi/ui/player/controls/components/sheets/MoreSheet.kt:319:40 Unresolved reference 'timer_picker_enter_timer'.
Build & Public Release	Build Release APK	2026-02-03T13:00:58.3269107Z e: file:///home/runner/work/AniZen/AniZen/app/src/main/java/eu/kanade/tachiyomi/ui/player/controls/components/sheets/MoreSheet.kt:360:64 Unresolved reference 'timer_cancel_timer'.
Build & Public Release	Build Release APK	2026-02-03T13:00:58.3271562Z e: file:///home/runner/work/AniZen/AniZen/app/src/main/java/eu/kanade/tachiyomi/ui/player/controls/components/sheets/PlaybackSpeedSheet.kt:77:51 Unresolved reference 'player_sheets_speed_slider_label'.
Build & Public Release	Build Release APK	2026-02-03T13:00:58.3274244Z e: file:///home/runner/work/AniZen/AniZen/app/src/main/java/eu/kanade/tachiyomi/ui/player/controls/components/sheets/PlaybackSpeedSheet.kt:155:63 Unresolved reference 'pref_audio_pitch_correction_title'.
Build & Public Release	Build Release APK	2026-02-03T13:00:58.3277037Z e: file:///home/runner/work/AniZen/AniZen/app/src/main/java/eu/kanade/tachiyomi/ui/player/controls/components/sheets/PlaybackSpeedSheet.kt:157:62 Unresolved reference 'pref_audio_pitch_correction_summary'.
Build & Public Release	Build Release APK	2026-02-03T13:00:58.3279925Z e: file:///home/runner/work/AniZen/AniZen/app/src/main/java/eu/kanade/tachiyomi/ui/player/controls/components/sheets/PlaybackSpeedSheet.kt:174:59 Unresolved reference 'player_sheets_speed_make_default'.
Build & Public Release	Build Release APK	2026-02-03T13:00:58.3282428Z e: file:///home/runner/work/AniZen/AniZen/app/src/main/java/eu/kanade/tachiyomi/ui/player/controls/components/sheets/ScreenshotSheet.kt:88:62 Unresolved reference 'screenshot_show_subs'.
Build & Public Release	Build Release APK	2026-02-03T13:00:58.3284897Z e: file:///home/runner/work/AniZen/AniZen/app/src/main/java/eu/kanade/tachiyomi/ui/player/controls/components/sheets/SubtitleTracksSheet.kt:86:51 Unresolved reference 'player_sheets_add_ext_sub'.
Build & Public Release	Build Release APK	2026-02-03T13:00:58.3287982Z e: file:///home/runner/work/AniZen/AniZen/app/src/main/java/eu/kanade/tachiyomi/ui/player/controls/components/sheets/SubtitleTracksSheet.kt:106:48 Unresolved reference 'player_sheets_subtitles_footer_secondary_sid_no_styles'.
Build & Public Release	Build Release APK	2026-02-03T13:00:58.3290648Z e: file:///home/runner/work/AniZen/AniZen/app/src/main/java/eu/kanade/tachiyomi/ui/stats/StatsScreenModel.kt:52:44 Argument type mismatch: actual type is 'String', but 'Long' was expected.
Build & Public Release	Build Release APK	2026-02-03T13:00:58.3293191Z e: file:///home/runner/work/AniZen/AniZen/app/src/main/java/eu/kanade/tachiyomi/ui/stats/StatsScreenModel.kt:105:62 Argument type mismatch: actual type is 'List<History>', but 'List<HistoryWithRelations>' was expected.
Build & Public Release	Build Release APK	2026-02-03T13:00:58.3296541Z e: file:///home/runner/work/AniZen/AniZen/app/src/main/java/eu/kanade/tachiyomi/ui/stats/StatsScreenModel.kt:108:52 Argument type mismatch: actual type is 'List<History>', but 'List<HistoryWithRelations>' was expected.
Build & Public Release	Build Release APK	2026-02-03T13:00:58.3319929Z e: file:///home/runner/work/AniZen/AniZen/app/src/main/java/eu/kanade/tachiyomi/ui/stats/StatsScreenModel.kt:131:66 Unresolved reference 'readAt'.
Build & Public Release	Build Release APK	2026-02-03T13:00:58.3321936Z e: file:///home/runner/work/AniZen/AniZen/app/src/main/java/eu/kanade/tachiyomi/ui/stats/StatsScreenModel.kt:146:43 Unresolved reference 'readAt'.
Build & Public Release	Build Release APK	2026-02-03T13:00:58.3324386Z e: file:///home/runner/work/AniZen/AniZen/app/src/main/java/eu/kanade/tachiyomi/ui/stats/StatsScreenModel.kt:148:44 Operator '==' cannot be applied to 'Long' and 'Map.Entry<Long, Int>'.
Build & Public Release	Build Release APK	2026-02-03T13:00:58.3326768Z e: file:///home/runner/work/AniZen/AniZen/app/src/main/java/eu/kanade/tachiyomi/ui/stats/StatsScreenModel.kt:150:45 Unresolved reference 'readAt'.
Build & Public Release	Build Release APK	2026-02-03T13:00:58.3328924Z e: file:///home/runner/work/AniZen/AniZen/app/src/main/java/eu/kanade/tachiyomi/ui/stats/StatsScreenModel.kt:152:44 Operator '==' cannot be applied to 'Long' and 'Map.Entry<Long, Int>'.
Build & Public Release	Build Release APK	2026-02-03T13:00:58.3331277Z e: file:///home/runner/work/AniZen/AniZen/app/src/main/java/eu/kanade/tachiyomi/ui/stats/StatsScreenModel.kt:155:34 Cannot infer type for type parameter 'R'. Specify it explicitly.
Build & Public Release	Build Release APK	2026-02-03T13:00:58.3333399Z e: file:///home/runner/work/AniZen/AniZen/app/src/main/java/eu/kanade/tachiyomi/ui/stats/StatsScreenModel.kt:155:50 Unresolved reference 'readAt'.
Build & Public Release	Build Release APK	2026-02-03T13:00:58.3339336Z e: file:///home/runner/work/AniZen/AniZen/app/src/main/java/eu/kanade/tachiyomi/ui/stats/StatsScreenModel.kt:155:59 Cannot infer type for type parameter 'T'. Specify it explicitly.
Build & Public Release	Build Release APK	2026-02-03T13:00:58.3341602Z e: file:///home/runner/work/AniZen/AniZen/app/src/main/java/eu/kanade/tachiyomi/ui/stats/StatsScreenModel.kt:155:59 Cannot infer type for type parameter 'R'. Specify it explicitly.
Build & Public Release	Build Release APK	2026-02-03T13:00:58.3343773Z e: file:///home/runner/work/AniZen/AniZen/app/src/main/java/eu/kanade/tachiyomi/ui/stats/StatsScreenModel.kt:155:63 Cannot infer type for type parameter 'T'. Specify it explicitly.
Build & Public Release	Build Release APK	2026-02-03T13:00:58.3346295Z e: file:///home/runner/work/AniZen/AniZen/app/src/main/java/eu/kanade/tachiyomi/ui/stats/StatsScreenModel.kt:157:11 Cannot infer type for type parameter 'T'. Specify it explicitly.
Build & Public Release	Build Release APK	2026-02-03T13:00:58.3348658Z e: file:///home/runner/work/AniZen/AniZen/app/src/main/java/eu/kanade/tachiyomi/ui/stats/StatsScreenModel.kt:157:11 Cannot infer type for type parameter 'K'. Specify it explicitly.
Build & Public Release	Build Release APK	2026-02-03T13:00:58.3350997Z e: file:///home/runner/work/AniZen/AniZen/app/src/main/java/eu/kanade/tachiyomi/ui/stats/StatsScreenModel.kt:157:22 Cannot infer type for type parameter 'T'. Specify it explicitly.
Build & Public Release	Build Release APK	2026-02-03T13:00:58.3353584Z e: file:///home/runner/work/AniZen/AniZen/app/src/main/java/eu/kanade/tachiyomi/ui/stats/StatsScreenModel.kt:157:29 Cannot infer type for type parameter 'T'. Specify it explicitly.
Build & Public Release	Build Release APK	2026-02-03T13:00:58.3356192Z e: file:///home/runner/work/AniZen/AniZen/app/src/main/java/eu/kanade/tachiyomi/ui/stats/StatsScreenModel.kt:157:29 Cannot infer type for type parameter 'K'. Specify it explicitly.
Build & Public Release	Build Release APK	2026-02-03T13:00:58.3358535Z e: file:///home/runner/work/AniZen/AniZen/app/src/main/java/eu/kanade/tachiyomi/ui/stats/StatsScreenModel.kt:159:34 Cannot infer type for type parameter 'K'. Specify it explicitly.
Build & Public Release	Build Release APK	2026-02-03T13:00:58.3359986Z > Task :app:compileReleaseKotlin FAILED
Build & Public Release	Build Release APK	2026-02-03T13:00:58.3996714Z gradle/actions: Writing build results to /home/runner/work/_temp/.gradle-actions/build-results/__run_2-1770123515808.json
Build & Public Release	Build Release APK	2026-02-03T13:00:58.4985494Z 
Build & Public Release	Build Release APK	2026-02-03T13:00:58.4987349Z [Incubating] Problems report is available at: file:///home/runner/work/AniZen/AniZen/build/reports/problems/problems-report.html
Build & Public Release	Build Release APK	2026-02-03T13:00:58.4989128Z 
Build & Public Release	Build Release APK	2026-02-03T13:00:58.4994730Z FAILURE: Build failed with an exception.
Build & Public Release	Build Release APK	2026-02-03T13:00:58.4997107Z 
Build & Public Release	Build Release APK	2026-02-03T13:00:58.5002949Z * What went wrong:
Build & Public Release	Build Release APK	2026-02-03T13:00:58.5003225Z 
Build & Public Release	Build Release APK	2026-02-03T13:00:58.5003723Z Deprecated Gradle features were used in this build, making it incompatible with Gradle 9.0.
Build & Public Release	Build Release APK	2026-02-03T13:00:58.5004405Z 
Build & Public Release	Build Release APK	2026-02-03T13:00:58.5005368Z You can use '--warning-mode all' to show the individual deprecation warnings and determine if they come from your own scripts or plugins.
Build & Public Release	Build Release APK	2026-02-03T13:00:58.5006423Z 
Build & Public Release	Build Release APK	2026-02-03T13:00:58.5007560Z For more on this, please refer to https://docs.gradle.org/8.14.3/userguide/command_line_interface.html#sec:command_line_warnings in the Gradle documentation.
Build & Public Release	Build Release APK	2026-02-03T13:00:58.5017339Z 544 actionable tasks: 345 executed, 190 from cache, 9 up-to-date
Build & Public Release	Build Release APK	2026-02-03T13:00:58.5018459Z Execution failed for task ':app:compileReleaseKotlin'.
Build & Public Release	Build Release APK	2026-02-03T13:00:58.5019837Z > A failure occurred while executing org.jetbrains.kotlin.compilerRunner.GradleCompilerRunnerWithWorkers$GradleKotlinCompilerWorkAction
Build & Public Release	Build Release APK	2026-02-03T13:00:58.5021149Z    > Compilation error. See log for more details
Build & Public Release	Build Release APK	2026-02-03T13:00:58.5021550Z 
Build & Public Release	Build Release APK	2026-02-03T13:00:58.5021703Z * Try:
Build & Public Release	Build Release APK	2026-02-03T13:00:58.5022151Z > Run with --stacktrace option to get the stack trace.
Build & Public Release	Build Release APK	2026-02-03T13:00:58.5022861Z > Run with --info or --debug option to get more log output.
Build & Public Release	Build Release APK	2026-02-03T13:00:58.5023510Z > Run with --scan to get full insights.
Build & Public Release	Build Release APK	2026-02-03T13:00:58.5024077Z > Get more help at https://help.gradle.org.
Build & Public Release	Build Release APK	2026-02-03T13:00:58.5024523Z 
Build & Public Release	Build Release APK	2026-02-03T13:00:58.5024690Z BUILD FAILED in 2m 25s
Build & Public Release	Build Release APK	2026-02-03T13:00:59.0963319Z ##[error]Process completed with exit code 1.
Build & Public Release	Post Set up Gradle	ï»¿2026-02-03T13:00:59.1147481Z Post job cleanup.
Build & Public Release	Post Set up Gradle	2026-02-03T13:00:59.4284657Z In post-action step
Build & Public Release	Post Set up Gradle	2026-02-03T13:00:59.4297182Z ##[group]Stopping Gradle daemons
Build & Public Release	Post Set up Gradle	2026-02-03T13:00:59.4298743Z Stopping Gradle daemons for /home/runner/.gradle/wrapper/dists/gradle-8.14.3-bin/cv11ve7ro1n3o1j4so8xd9n66/gradle-8.14.3
Build & Public Release	Post Set up Gradle	2026-02-03T13:00:59.4316668Z [command]/home/runner/.gradle/wrapper/dists/gradle-8.14.3-bin/cv11ve7ro1n3o1j4so8xd9n66/gradle-8.14.3/bin/gradle --stop
Build & Public Release	Post Set up Gradle	2026-02-03T13:01:00.0333742Z No Gradle daemons are running.
Build & Public Release	Post Set up Gradle	2026-02-03T13:01:00.0522983Z ##[endgroup]
Build & Public Release	Post Set up Gradle	2026-02-03T13:01:00.0524386Z Not performing cache-cleanup due to build failure
Build & Public Release	Post Set up Gradle	2026-02-03T13:01:00.0525399Z ##[group]Caching Gradle state
Build & Public Release	Post Set up Gradle	2026-02-03T13:01:09.9800593Z [command]/usr/bin/tar --posix -cf cache.tzst --exclude cache.tzst -P -C /home/runner/work/AniZen/AniZen --files-from manifest.txt --use-compress-program zstdmt
Build & Public Release	Post Set up Gradle	2026-02-03T13:01:22.4932632Z Sent 0 of 1334034247 (0.0%), 0.0 MBs/sec
Build & Public Release	Post Set up Gradle	2026-02-03T13:01:23.4928012Z Sent 268435456 of 1334034247 (20.1%), 128.0 MBs/sec
Build & Public Release	Post Set up Gradle	2026-02-03T13:01:24.4929203Z Sent 671088640 of 1334034247 (50.3%), 213.3 MBs/sec
Build & Public Release	Post Set up Gradle	2026-02-03T13:01:25.4935486Z Sent 1073741824 of 1334034247 (80.5%), 255.9 MBs/sec
Build & Public Release	Post Set up Gradle	2026-02-03T13:01:26.4935738Z Sent 1275068416 of 1334034247 (95.6%), 243.2 MBs/sec
Build & Public Release	Post Set up Gradle	2026-02-03T13:01:26.6235578Z Sent 1334034247 of 1334034247 (100.0%), 248.0 MBs/sec
Build & Public Release	Post Set up Gradle	2026-02-03T13:01:27.2548598Z Saved cache entry with key gradle-transforms-v1-7ee7a93edfddc0eefa03647ee705ed71 from /home/runner/.gradle/caches/transforms-4/*/,/home/runner/.gradle/caches/*/transforms/*/ in 21944ms
Build & Public Release	Post Set up Gradle	2026-02-03T13:01:33.7236075Z [command]/usr/bin/tar --posix -cf cache.tzst --exclude cache.tzst -P -C /home/runner/work/AniZen/AniZen --files-from manifest.txt --use-compress-program zstdmt
Build & Public Release	Post Set up Gradle	2026-02-03T13:01:36.1171550Z Sent 0 of 567735026 (0.0%), 0.0 MBs/sec
Build & Public Release	Post Set up Gradle	2026-02-03T13:01:37.1177336Z Sent 469762048 of 567735026 (82.7%), 223.9 MBs/sec
Build & Public Release	Post Set up Gradle	2026-02-03T13:01:37.4883236Z Sent 567735026 of 567735026 (100.0%), 228.3 MBs/sec
Build & Public Release	Post Set up Gradle	2026-02-03T13:01:37.8553944Z Saved cache entry with key gradle-home-v1|Linux-X64|build-release[16cd6cc2a04430ca045959c87cb8ce3a]-4d9d69d103ace5c55bdc34d4959c53937bf2024d from /home/runner/.gradle/caches,/home/runner/.gradle/notifications,/home/runner/.gradle/.setup-gradle in 4142ms
Build & Public Release	Post Set up Gradle	2026-02-03T13:01:37.8555632Z ##[endgroup]
Build & Public Release	Post Set up Gradle	2026-02-03T13:01:37.8561954Z Generating Job Summary
Build & Public Release	Post Set up Gradle	2026-02-03T13:01:37.8578085Z Completed post-action step
Build & Public Release	Post Set up JDK	ï»¿2026-02-03T13:01:37.8830238Z Post job cleanup.
Build & Public Release	Post Clone repo	ï»¿2026-02-03T13:01:38.0650096Z Post job cleanup.
Build & Public Release	Post Clone repo	2026-02-03T13:01:38.1633622Z [command]/usr/bin/git version
Build & Public Release	Post Clone repo	2026-02-03T13:01:38.1669734Z git version 2.52.0
Build & Public Release	Post Clone repo	2026-02-03T13:01:38.1713781Z Temporarily overriding HOME='/home/runner/work/_temp/6c60f7e2-5db2-4e8b-983d-d7be1aab8914' before making global git config changes
Build & Public Release	Post Clone repo	2026-02-03T13:01:38.1715351Z Adding repository directory to the temporary git global config as a safe directory
Build & Public Release	Post Clone repo	2026-02-03T13:01:38.1727004Z [command]/usr/bin/git config --global --add safe.directory /home/runner/work/AniZen/AniZen
Build & Public Release	Post Clone repo	2026-02-03T13:01:38.1760274Z [command]/usr/bin/git config --local --name-only --get-regexp core\.sshCommand
Build & Public Release	Post Clone repo	2026-02-03T13:01:38.1792113Z [command]/usr/bin/git submodule foreach --recursive sh -c "git config --local --name-only --get-regexp 'core\.sshCommand' && git config --local --unset-all 'core.sshCommand' || :"
Build & Public Release	Post Clone repo	2026-02-03T13:01:38.2051631Z [command]/usr/bin/git config --local --name-only --get-regexp http\.https\:\/\/github\.com\/\.extraheader
Build & Public Release	Post Clone repo	2026-02-03T13:01:38.2071545Z http.https://github.com/.extraheader
Build & Public Release	Post Clone repo	2026-02-03T13:01:38.2084125Z [command]/usr/bin/git config --local --unset-all http.https://github.com/.extraheader
Build & Public Release	Post Clone repo	2026-02-03T13:01:38.2113944Z [command]/usr/bin/git submodule foreach --recursive sh -c "git config --local --name-only --get-regexp 'http\.https\:\/\/github\.com\/\.extraheader' && git config --local --unset-all 'http.https://github.com/.extraheader' || :"
Build & Public Release	Post Clone repo	2026-02-03T13:01:38.2333430Z [command]/usr/bin/git config --local --name-only --get-regexp ^includeIf\.gitdir:
Build & Public Release	Post Clone repo	2026-02-03T13:01:38.2363109Z [command]/usr/bin/git submodule foreach --recursive git config --local --show-origin --name-only --get-regexp remote.origin.url
Build & Public Release	Complete job	ï»¿2026-02-03T13:01:38.2689096Z Cleaning up orphan processes
