Build & Public Release	Set up job	ï»¿2026-02-01T19:56:32.3479874Z Current runner version: '2.331.0'
Build & Public Release	Set up job	2026-02-01T19:56:32.3505955Z ##[group]Runner Image Provisioner
Build & Public Release	Set up job	2026-02-01T19:56:32.3506749Z Hosted Compute Agent
Build & Public Release	Set up job	2026-02-01T19:56:32.3507475Z Version: 20260123.484
Build & Public Release	Set up job	2026-02-01T19:56:32.3508051Z Commit: 6bd6555ca37d84114959e1c76d2c01448ff61c5d
Build & Public Release	Set up job	2026-02-01T19:56:32.3508781Z Build Date: 2026-01-23T19:41:17Z
Build & Public Release	Set up job	2026-02-01T19:56:32.3509758Z Worker ID: {b6d796cc-e920-4d7c-acbe-f62885e15697}
Build & Public Release	Set up job	2026-02-01T19:56:32.3510670Z Azure Region: northcentralus
Build & Public Release	Set up job	2026-02-01T19:56:32.3511267Z ##[endgroup]
Build & Public Release	Set up job	2026-02-01T19:56:32.3512801Z ##[group]Operating System
Build & Public Release	Set up job	2026-02-01T19:56:32.3513449Z Ubuntu
Build & Public Release	Set up job	2026-02-01T19:56:32.3513930Z 24.04.3
Build & Public Release	Set up job	2026-02-01T19:56:32.3514482Z LTS
Build & Public Release	Set up job	2026-02-01T19:56:32.3514932Z ##[endgroup]
Build & Public Release	Set up job	2026-02-01T19:56:32.3515455Z ##[group]Runner Image
Build & Public Release	Set up job	2026-02-01T19:56:32.3515971Z Image: ubuntu-24.04
Build & Public Release	Set up job	2026-02-01T19:56:32.3516604Z Version: 20260126.10.1
Build & Public Release	Set up job	2026-02-01T19:56:32.3517642Z Included Software: https://github.com/actions/runner-images/blob/ubuntu24/20260126.10/images/ubuntu/Ubuntu2404-Readme.md
Build & Public Release	Set up job	2026-02-01T19:56:32.3519940Z Image Release: https://github.com/actions/runner-images/releases/tag/ubuntu24%2F20260126.10
Build & Public Release	Set up job	2026-02-01T19:56:32.3520887Z ##[endgroup]
Build & Public Release	Set up job	2026-02-01T19:56:32.3522003Z ##[group]GITHUB_TOKEN Permissions
Build & Public Release	Set up job	2026-02-01T19:56:32.3523870Z Contents: write
Build & Public Release	Set up job	2026-02-01T19:56:32.3524456Z Metadata: read
Build & Public Release	Set up job	2026-02-01T19:56:32.3525117Z ##[endgroup]
Build & Public Release	Set up job	2026-02-01T19:56:32.3527188Z Secret source: Actions
Build & Public Release	Set up job	2026-02-01T19:56:32.3527881Z Prepare workflow directory
Build & Public Release	Set up job	2026-02-01T19:56:32.3956860Z Prepare all required actions
Build & Public Release	Set up job	2026-02-01T19:56:32.4012832Z Getting action download info
Build & Public Release	Set up job	2026-02-01T19:56:32.7517453Z Download action repository 'actions/checkout@v4' (SHA:34e114876b0b11c390a56381ad16ebd13914f8d5)
Build & Public Release	Set up job	2026-02-01T19:56:32.8531601Z Download action repository 'actions/setup-java@v4' (SHA:c1e323688fd81a25caa38c78aa6df2d33d3e20d9)
Build & Public Release	Set up job	2026-02-01T19:56:33.4905531Z Download action repository 'gradle/actions@v4' (SHA:ed408507eac070d1f99cc633dbcf757c94c7933a)
Build & Public Release	Set up job	2026-02-01T19:56:34.3901749Z Download action repository 'softprops/action-gh-release@v1' (SHA:de2c0eb89ae2a093876385947365aca7b0e5f844)
Build & Public Release	Set up job	2026-02-01T19:56:34.8422672Z Complete job name: Build & Public Release
Build & Public Release	Clone repo	ï»¿2026-02-01T19:56:34.9278375Z ##[group]Run actions/checkout@v4
Build & Public Release	Clone repo	2026-02-01T19:56:34.9279977Z with:
Build & Public Release	Clone repo	2026-02-01T19:56:34.9280722Z   fetch-depth: 1
Build & Public Release	Clone repo	2026-02-01T19:56:34.9281532Z   repository: salmanbappi/AniZen
Build & Public Release	Clone repo	2026-02-01T19:56:34.9282782Z   token: ***
Build & Public Release	Clone repo	2026-02-01T19:56:34.9283533Z   ssh-strict: true
Build & Public Release	Clone repo	2026-02-01T19:56:34.9284293Z   ssh-user: git
Build & Public Release	Clone repo	2026-02-01T19:56:34.9285065Z   persist-credentials: true
Build & Public Release	Clone repo	2026-02-01T19:56:34.9285937Z   clean: true
Build & Public Release	Clone repo	2026-02-01T19:56:34.9286722Z   sparse-checkout-cone-mode: true
Build & Public Release	Clone repo	2026-02-01T19:56:34.9287687Z   fetch-tags: false
Build & Public Release	Clone repo	2026-02-01T19:56:34.9288464Z   show-progress: true
Build & Public Release	Clone repo	2026-02-01T19:56:34.9289247Z   lfs: false
Build & Public Release	Clone repo	2026-02-01T19:56:34.9290233Z   submodules: false
Build & Public Release	Clone repo	2026-02-01T19:56:34.9291047Z   set-safe-directory: true
Build & Public Release	Clone repo	2026-02-01T19:56:34.9292199Z ##[endgroup]
Build & Public Release	Clone repo	2026-02-01T19:56:35.0455025Z Syncing repository: salmanbappi/AniZen
Build & Public Release	Clone repo	2026-02-01T19:56:35.0457904Z ##[group]Getting Git version info
Build & Public Release	Clone repo	2026-02-01T19:56:35.0459126Z Working directory is '/home/runner/work/AniZen/AniZen'
Build & Public Release	Clone repo	2026-02-01T19:56:35.0461300Z [command]/usr/bin/git version
Build & Public Release	Clone repo	2026-02-01T19:56:35.0519344Z git version 2.52.0
Build & Public Release	Clone repo	2026-02-01T19:56:35.0548058Z ##[endgroup]
Build & Public Release	Clone repo	2026-02-01T19:56:35.0573526Z Temporarily overriding HOME='/home/runner/work/_temp/b8660c78-5ef5-4f69-a376-bdc319982726' before making global git config changes
Build & Public Release	Clone repo	2026-02-01T19:56:35.0578104Z Adding repository directory to the temporary git global config as a safe directory
Build & Public Release	Clone repo	2026-02-01T19:56:35.0581935Z [command]/usr/bin/git config --global --add safe.directory /home/runner/work/AniZen/AniZen
Build & Public Release	Clone repo	2026-02-01T19:56:35.0625394Z Deleting the contents of '/home/runner/work/AniZen/AniZen'
Build & Public Release	Clone repo	2026-02-01T19:56:35.0628924Z ##[group]Initializing the repository
Build & Public Release	Clone repo	2026-02-01T19:56:35.0633408Z [command]/usr/bin/git init /home/runner/work/AniZen/AniZen
Build & Public Release	Clone repo	2026-02-01T19:56:35.0752980Z hint: Using 'master' as the name for the initial branch. This default branch name
Build & Public Release	Clone repo	2026-02-01T19:56:35.0756572Z hint: will change to "main" in Git 3.0. To configure the initial branch name
Build & Public Release	Clone repo	2026-02-01T19:56:35.0760325Z hint: to use in all of your new repositories, which will suppress this warning,
Build & Public Release	Clone repo	2026-02-01T19:56:35.0763108Z hint: call:
Build & Public Release	Clone repo	2026-02-01T19:56:35.0764885Z hint:
Build & Public Release	Clone repo	2026-02-01T19:56:35.0766677Z hint: 	git config --global init.defaultBranch <name>
Build & Public Release	Clone repo	2026-02-01T19:56:35.0768558Z hint:
Build & Public Release	Clone repo	2026-02-01T19:56:35.0770621Z hint: Names commonly chosen instead of 'master' are 'main', 'trunk' and
Build & Public Release	Clone repo	2026-02-01T19:56:35.0773637Z hint: 'development'. The just-created branch can be renamed via this command:
Build & Public Release	Clone repo	2026-02-01T19:56:35.0775925Z hint:
Build & Public Release	Clone repo	2026-02-01T19:56:35.0777056Z hint: 	git branch -m <name>
Build & Public Release	Clone repo	2026-02-01T19:56:35.0778307Z hint:
Build & Public Release	Clone repo	2026-02-01T19:56:35.0779454Z hint: Disable this message with "git config set advice.defaultBranchName false"
Build & Public Release	Clone repo	2026-02-01T19:56:35.0781570Z Initialized empty Git repository in /home/runner/work/AniZen/AniZen/.git/
Build & Public Release	Clone repo	2026-02-01T19:56:35.0785705Z [command]/usr/bin/git remote add origin https://github.com/salmanbappi/AniZen
Build & Public Release	Clone repo	2026-02-01T19:56:35.0810212Z ##[endgroup]
Build & Public Release	Clone repo	2026-02-01T19:56:35.0811640Z ##[group]Disabling automatic garbage collection
Build & Public Release	Clone repo	2026-02-01T19:56:35.0815751Z [command]/usr/bin/git config --local gc.auto 0
Build & Public Release	Clone repo	2026-02-01T19:56:35.0847203Z ##[endgroup]
Build & Public Release	Clone repo	2026-02-01T19:56:35.0849358Z ##[group]Setting up auth
Build & Public Release	Clone repo	2026-02-01T19:56:35.0855265Z [command]/usr/bin/git config --local --name-only --get-regexp core\.sshCommand
Build & Public Release	Clone repo	2026-02-01T19:56:35.0888976Z [command]/usr/bin/git submodule foreach --recursive sh -c "git config --local --name-only --get-regexp 'core\.sshCommand' && git config --local --unset-all 'core.sshCommand' || :"
Build & Public Release	Clone repo	2026-02-01T19:56:35.1266146Z [command]/usr/bin/git config --local --name-only --get-regexp http\.https\:\/\/github\.com\/\.extraheader
Build & Public Release	Clone repo	2026-02-01T19:56:35.1297746Z [command]/usr/bin/git submodule foreach --recursive sh -c "git config --local --name-only --get-regexp 'http\.https\:\/\/github\.com\/\.extraheader' && git config --local --unset-all 'http.https://github.com/.extraheader' || :"
Build & Public Release	Clone repo	2026-02-01T19:56:35.1523618Z [command]/usr/bin/git config --local --name-only --get-regexp ^includeIf\.gitdir:
Build & Public Release	Clone repo	2026-02-01T19:56:35.1557154Z [command]/usr/bin/git submodule foreach --recursive git config --local --show-origin --name-only --get-regexp remote.origin.url
Build & Public Release	Clone repo	2026-02-01T19:56:35.1792040Z [command]/usr/bin/git config --local http.https://github.com/.extraheader AUTHORIZATION: basic ***
Build & Public Release	Clone repo	2026-02-01T19:56:35.1828433Z ##[endgroup]
Build & Public Release	Clone repo	2026-02-01T19:56:35.1830999Z ##[group]Fetching the repository
Build & Public Release	Clone repo	2026-02-01T19:56:35.1840364Z [command]/usr/bin/git -c protocol.version=2 fetch --no-tags --prune --no-recurse-submodules --depth=1 origin +eb40cb6e62d83e363f492271bd768ac4913f5c5a:refs/remotes/origin/master
Build & Public Release	Clone repo	2026-02-01T19:56:35.9829168Z From https://github.com/salmanbappi/AniZen
Build & Public Release	Clone repo	2026-02-01T19:56:35.9831194Z  * [new ref]         eb40cb6e62d83e363f492271bd768ac4913f5c5a -> origin/master
Build & Public Release	Clone repo	2026-02-01T19:56:35.9863802Z ##[endgroup]
Build & Public Release	Clone repo	2026-02-01T19:56:35.9864476Z ##[group]Determining the checkout info
Build & Public Release	Clone repo	2026-02-01T19:56:35.9866092Z ##[endgroup]
Build & Public Release	Clone repo	2026-02-01T19:56:35.9871914Z [command]/usr/bin/git sparse-checkout disable
Build & Public Release	Clone repo	2026-02-01T19:56:35.9913267Z [command]/usr/bin/git config --local --unset-all extensions.worktreeConfig
Build & Public Release	Clone repo	2026-02-01T19:56:35.9939057Z ##[group]Checking out the ref
Build & Public Release	Clone repo	2026-02-01T19:56:35.9943455Z [command]/usr/bin/git checkout --progress --force -B master refs/remotes/origin/master
Build & Public Release	Clone repo	2026-02-01T19:56:36.1543364Z Reset branch 'master'
Build & Public Release	Clone repo	2026-02-01T19:56:36.1544165Z branch 'master' set up to track 'origin/master'.
Build & Public Release	Clone repo	2026-02-01T19:56:36.1557841Z ##[endgroup]
Build & Public Release	Clone repo	2026-02-01T19:56:36.1597164Z [command]/usr/bin/git log -1 --format=%H
Build & Public Release	Clone repo	2026-02-01T19:56:36.1621156Z eb40cb6e62d83e363f492271bd768ac4913f5c5a
Build & Public Release	Set up JDK	ï»¿2026-02-01T19:56:36.1937613Z ##[group]Run actions/setup-java@v4
Build & Public Release	Set up JDK	2026-02-01T19:56:36.1937952Z with:
Build & Public Release	Set up JDK	2026-02-01T19:56:36.1938147Z   java-version: 17
Build & Public Release	Set up JDK	2026-02-01T19:56:36.1938358Z   distribution: temurin
Build & Public Release	Set up JDK	2026-02-01T19:56:36.1938572Z   java-package: jdk
Build & Public Release	Set up JDK	2026-02-01T19:56:36.1938774Z   check-latest: false
Build & Public Release	Set up JDK	2026-02-01T19:56:36.1938968Z   server-id: github
Build & Public Release	Set up JDK	2026-02-01T19:56:36.1939368Z   server-username: GITHUB_ACTOR
Build & Public Release	Set up JDK	2026-02-01T19:56:36.1940019Z   server-password: GITHUB_TOKEN
Build & Public Release	Set up JDK	2026-02-01T19:56:36.1940281Z   overwrite-settings: true
Build & Public Release	Set up JDK	2026-02-01T19:56:36.1940510Z   job-status: success
Build & Public Release	Set up JDK	2026-02-01T19:56:36.1940852Z   token: ***
Build & Public Release	Set up JDK	2026-02-01T19:56:36.1941053Z ##[endgroup]
Build & Public Release	Set up JDK	2026-02-01T19:56:36.3955658Z ##[group]Installed distributions
Build & Public Release	Set up JDK	2026-02-01T19:56:36.4022598Z Resolved Java 17.0.18+8 from tool-cache
Build & Public Release	Set up JDK	2026-02-01T19:56:36.4023783Z Setting Java 17.0.18+8 as the default
Build & Public Release	Set up JDK	2026-02-01T19:56:36.4036671Z Creating toolchains.xml for JDK version 17 from temurin
Build & Public Release	Set up JDK	2026-02-01T19:56:36.4114941Z Writing to /home/runner/.m2/toolchains.xml
Build & Public Release	Set up JDK	2026-02-01T19:56:36.4115465Z 
Build & Public Release	Set up JDK	2026-02-01T19:56:36.4115711Z Java configuration:
Build & Public Release	Set up JDK	2026-02-01T19:56:36.4117517Z   Distribution: temurin
Build & Public Release	Set up JDK	2026-02-01T19:56:36.4117960Z   Version: 17.0.18+8
Build & Public Release	Set up JDK	2026-02-01T19:56:36.4118796Z   Path: /opt/hostedtoolcache/Java_Temurin-Hotspot_jdk/17.0.18-8/x64
Build & Public Release	Set up JDK	2026-02-01T19:56:36.4121056Z 
Build & Public Release	Set up JDK	2026-02-01T19:56:36.4121669Z ##[endgroup]
Build & Public Release	Set up JDK	2026-02-01T19:56:36.4137883Z Creating settings.xml with server-id: github
Build & Public Release	Set up JDK	2026-02-01T19:56:36.4145067Z Writing to /home/runner/.m2/settings.xml
Build & Public Release	Set up Gradle	ï»¿2026-02-01T19:56:36.4392636Z ##[group]Run gradle/actions/setup-gradle@v4
Build & Public Release	Set up Gradle	2026-02-01T19:56:36.4392969Z with:
Build & Public Release	Set up Gradle	2026-02-01T19:56:36.4393155Z   cache-disabled: false
Build & Public Release	Set up Gradle	2026-02-01T19:56:36.4393428Z   cache-read-only: false
Build & Public Release	Set up Gradle	2026-02-01T19:56:36.4393647Z   cache-write-only: false
Build & Public Release	Set up Gradle	2026-02-01T19:56:36.4393879Z   cache-overwrite-existing: false
Build & Public Release	Set up Gradle	2026-02-01T19:56:36.4394127Z   cache-cleanup: on-success
Build & Public Release	Set up Gradle	2026-02-01T19:56:36.4394402Z   gradle-home-cache-includes: caches
Build & Public Release	Set up Gradle	notifications
Build & Public Release	Set up Gradle	
Build & Public Release	Set up Gradle	2026-02-01T19:56:36.4394718Z   add-job-summary: always
Build & Public Release	Set up Gradle	2026-02-01T19:56:36.4394954Z   add-job-summary-as-pr-comment: never
Build & Public Release	Set up Gradle	2026-02-01T19:56:36.4395220Z   dependency-graph: disabled
Build & Public Release	Set up Gradle	2026-02-01T19:56:36.4395516Z   dependency-graph-report-dir: dependency-graph-reports
Build & Public Release	Set up Gradle	2026-02-01T19:56:36.4395870Z   dependency-graph-continue-on-failure: true
Build & Public Release	Set up Gradle	2026-02-01T19:56:36.4396156Z   build-scan-publish: false
Build & Public Release	Set up Gradle	2026-02-01T19:56:36.4396410Z   validate-wrappers: true
Build & Public Release	Set up Gradle	2026-02-01T19:56:36.4396639Z   allow-snapshot-wrappers: false
Build & Public Release	Set up Gradle	2026-02-01T19:56:36.4396904Z   gradle-home-cache-strict-match: false
Build & Public Release	Set up Gradle	2026-02-01T19:56:36.4397204Z   workflow-job-context: null
Build & Public Release	Set up Gradle	2026-02-01T19:56:36.4397590Z   github-token: ***
Build & Public Release	Set up Gradle	2026-02-01T19:56:36.4397778Z env:
Build & Public Release	Set up Gradle	2026-02-01T19:56:36.4398064Z   JAVA_HOME: /opt/hostedtoolcache/Java_Temurin-Hotspot_jdk/17.0.18-8/x64
Build & Public Release	Set up Gradle	2026-02-01T19:56:36.4398544Z   JAVA_HOME_17_X64: /opt/hostedtoolcache/Java_Temurin-Hotspot_jdk/17.0.18-8/x64
Build & Public Release	Set up Gradle	2026-02-01T19:56:36.4398916Z ##[endgroup]
Build & Public Release	Set up Gradle	2026-02-01T19:56:37.8898901Z Merged default JDK locations into /home/runner/.m2/toolchains.xml
Build & Public Release	Set up Gradle	2026-02-01T19:56:37.8901324Z Preparing cache for cleanup.
Build & Public Release	Set up Gradle	2026-02-01T19:56:37.8905151Z ##[group]Restore Gradle state from cache
Build & Public Release	Set up Gradle	2026-02-01T19:56:38.0515424Z Cache hit for restore-key: gradle-home-v1|Linux-X64|build-release[16cd6cc2a04430ca045959c87cb8ce3a]-ab7e246a819267b91c8fbb74ff0ec9743e287c6e
Build & Public Release	Set up Gradle	2026-02-01T19:56:39.1701456Z Received 134217728 of 280726028 (47.8%), 127.2 MBs/sec
Build & Public Release	Set up Gradle	2026-02-01T19:56:39.8193221Z Received 280726028 of 280726028 (100.0%), 161.7 MBs/sec
Build & Public Release	Set up Gradle	2026-02-01T19:56:39.8261165Z Cache Size: ~268 MB (280726028 B)
Build & Public Release	Set up Gradle	2026-02-01T19:56:39.8360527Z [command]/usr/bin/tar -xf /home/runner/work/_temp/231bd590-b0d2-4a9a-b268-cb0524d680bd/cache.tzst -P -C /home/runner/work/AniZen/AniZen --use-compress-program unzstd
Build & Public Release	Set up Gradle	2026-02-01T19:56:40.5187209Z Cache restored successfully
Build & Public Release	Set up Gradle	2026-02-01T19:56:40.5722860Z Restored cache entry with key gradle-home-v1|Linux-X64|build-release[16cd6cc2a04430ca045959c87cb8ce3a]-eb40cb6e62d83e363f492271bd768ac4913f5c5a to /home/runner/.gradle/caches,/home/runner/.gradle/notifications,/home/runner/.gradle/.setup-gradle in 2680ms
Build & Public Release	Set up Gradle	2026-02-01T19:56:40.6823155Z Cache hit for: gradle-dependencies-v1-b3ba458e98787b341f020e1a58774519
Build & Public Release	Set up Gradle	2026-02-01T19:56:40.6832601Z Cache hit for: gradle-kotlin-dsl-v1-900d09f8bd24a77c702d5ecbbfd928b0
Build & Public Release	Set up Gradle	2026-02-01T19:56:40.6906240Z Cache hit for: gradle-wrapper-zips-v1-5ae5d3da5e8e0c748d04bcdd9bc97bdb
Build & Public Release	Set up Gradle	2026-02-01T19:56:40.6910943Z Cache hit for: gradle-transforms-v1-29b6ecf76579b0052284b4e6ec2672a2
Build & Public Release	Set up Gradle	2026-02-01T19:56:40.6942239Z Cache hit for: gradle-generated-gradle-jars-v1-4434c59050703a48bf14168622b59891
Build & Public Release	Set up Gradle	2026-02-01T19:56:40.6947152Z Cache hit for: gradle-instrumented-jars-v1-eeb1900d10d40451b3dd4fb7a3242ff1
Build & Public Release	Set up Gradle	2026-02-01T19:56:40.6980906Z Cache hit for: gradle-groovy-dsl-v1-09766ebd317f33d5bb22d8ecc7489b16
Build & Public Release	Set up Gradle	2026-02-01T19:56:41.0424853Z Received 121615 of 121615 (100.0%), 0.6 MBs/sec
Build & Public Release	Set up Gradle	2026-02-01T19:56:41.0425805Z Cache Size: ~0 MB (121615 B)
Build & Public Release	Set up Gradle	2026-02-01T19:56:41.0470709Z [command]/usr/bin/tar -xf /home/runner/work/_temp/90408ae3-e7d4-4229-8582-c4d1dc35b07d/cache.tzst -P -C /home/runner/work/AniZen/AniZen --use-compress-program unzstd
Build & Public Release	Set up Gradle	2026-02-01T19:56:41.0778376Z Cache restored successfully
Build & Public Release	Set up Gradle	2026-02-01T19:56:41.0831877Z Restored cache entry with key gradle-instrumented-jars-v1-eeb1900d10d40451b3dd4fb7a3242ff1 to /home/runner/.gradle/caches/jars-*/*/ in 507ms
Build & Public Release	Set up Gradle	2026-02-01T19:56:41.0894252Z Received 187618 of 187618 (100.0%), 0.6 MBs/sec
Build & Public Release	Set up Gradle	2026-02-01T19:56:41.0895293Z Cache Size: ~0 MB (187618 B)
Build & Public Release	Set up Gradle	2026-02-01T19:56:41.2698688Z Received 3288260 of 3288260 (100.0%), 6.7 MBs/sec
Build & Public Release	Set up Gradle	2026-02-01T19:56:41.2699402Z Cache Size: ~3 MB (3288260 B)
Build & Public Release	Set up Gradle	2026-02-01T19:56:41.4880061Z Received 41092997 of 41092997 (100.0%), 59.0 MBs/sec
Build & Public Release	Set up Gradle	2026-02-01T19:56:41.4880888Z Cache Size: ~39 MB (41092997 B)
Build & Public Release	Set up Gradle	2026-02-01T19:56:41.6224103Z [command]/usr/bin/tar -xf /home/runner/work/_temp/a90fd1a3-4a79-46b2-b531-72b272891dc7/cache.tzst -P -C /home/runner/work/AniZen/AniZen --use-compress-program unzstd
Build & Public Release	Set up Gradle	2026-02-01T19:56:41.7043944Z Cache restored successfully
Build & Public Release	Set up Gradle	2026-02-01T19:56:41.7492363Z Restored cache entry with key gradle-groovy-dsl-v1-09766ebd317f33d5bb22d8ecc7489b16 to /home/runner/.gradle/caches/*/groovy-dsl/*/ in 1172ms
Build & Public Release	Set up Gradle	2026-02-01T19:56:41.7954187Z Received 88080384 of 136706942 (64.4%), 82.8 MBs/sec
Build & Public Release	Set up Gradle	2026-02-01T19:56:41.8426409Z Received 54525952 of 688624236 (7.9%), 50.1 MBs/sec
Build & Public Release	Set up Gradle	2026-02-01T19:56:41.8429017Z Received 67108864 of 1329661357 (5.0%), 63.6 MBs/sec
Build & Public Release	Set up Gradle	2026-02-01T19:56:41.9527825Z [command]/usr/bin/tar -xf /home/runner/work/_temp/060309eb-faf6-49ff-ab08-d128f7484746/cache.tzst -P -C /home/runner/work/AniZen/AniZen --use-compress-program unzstd
Build & Public Release	Set up Gradle	2026-02-01T19:56:42.0635181Z [command]/usr/bin/tar -xf /home/runner/work/_temp/bdcbcd8b-12d7-48e3-bc7f-f6bea8b6e030/cache.tzst -P -C /home/runner/work/AniZen/AniZen --use-compress-program unzstd
Build & Public Release	Set up Gradle	2026-02-01T19:56:42.5952502Z Received 136706942 of 136706942 (100.0%), 71.8 MBs/sec
Build & Public Release	Set up Gradle	2026-02-01T19:56:42.5958756Z Cache Size: ~130 MB (136706942 B)
Build & Public Release	Set up Gradle	2026-02-01T19:56:42.6181498Z Cache restored successfully
Build & Public Release	Set up Gradle	2026-02-01T19:56:42.6444801Z Restored cache entry with key gradle-generated-gradle-jars-v1-4434c59050703a48bf14168622b59891 to /home/runner/.gradle/caches/8.14.3/generated-gradle-jars/gradle-api-8.14.3.jar in 2070ms
Build & Public Release	Set up Gradle	2026-02-01T19:56:42.8433611Z Received 163577856 of 688624236 (23.8%), 76.5 MBs/sec
Build & Public Release	Set up Gradle	2026-02-01T19:56:42.8439871Z Received 176160768 of 1329661357 (13.2%), 83.7 MBs/sec
Build & Public Release	Set up Gradle	2026-02-01T19:56:42.9222866Z [command]/usr/bin/tar -xf /home/runner/work/_temp/d63a23a3-9c50-4a04-8adc-cac31cca3b50/cache.tzst -P -C /home/runner/work/AniZen/AniZen --use-compress-program unzstd
Build & Public Release	Set up Gradle	2026-02-01T19:56:43.3751044Z Cache restored successfully
Build & Public Release	Set up Gradle	2026-02-01T19:56:43.5170315Z Restored cache entry with key gradle-wrapper-zips-v1-5ae5d3da5e8e0c748d04bcdd9bc97bdb to /home/runner/.gradle/wrapper/dists/gradle-8.14.3-bin/cv11ve7ro1n3o1j4so8xd9n66 in 2942ms
Build & Public Release	Set up Gradle	2026-02-01T19:56:43.7628593Z Cache restored successfully
Build & Public Release	Set up Gradle	2026-02-01T19:56:43.7696626Z Restored cache entry with key gradle-kotlin-dsl-v1-900d09f8bd24a77c702d5ecbbfd928b0 to /home/runner/.gradle/caches/*/kotlin-dsl/accessors/*/,/home/runner/.gradle/caches/*/kotlin-dsl/scripts/*/ in 3194ms
Build & Public Release	Set up Gradle	2026-02-01T19:56:43.8552138Z Received 276824064 of 688624236 (40.2%), 86.6 MBs/sec
Build & Public Release	Set up Gradle	2026-02-01T19:56:43.8555798Z Received 301989888 of 1329661357 (22.7%), 95.4 MBs/sec
Build & Public Release	Set up Gradle	2026-02-01T19:56:44.8616095Z Received 432013312 of 688624236 (62.7%), 101.6 MBs/sec
Build & Public Release	Set up Gradle	2026-02-01T19:56:44.8616829Z Received 465567744 of 1329661357 (35.0%), 110.3 MBs/sec
Build & Public Release	Set up Gradle	2026-02-01T19:56:45.8654033Z Received 574619648 of 688624236 (83.4%), 108.3 MBs/sec
Build & Public Release	Set up Gradle	2026-02-01T19:56:45.8654606Z Received 650117120 of 1329661357 (48.9%), 123.4 MBs/sec
Build & Public Release	Set up Gradle	2026-02-01T19:56:46.8063284Z Received 688624236 of 688624236 (100.0%), 109.4 MBs/sec
Build & Public Release	Set up Gradle	2026-02-01T19:56:46.8070840Z Cache Size: ~657 MB (688624236 B)
Build & Public Release	Set up Gradle	2026-02-01T19:56:46.8630911Z Received 830472192 of 1329661357 (62.5%), 131.4 MBs/sec
Build & Public Release	Set up Gradle	2026-02-01T19:56:46.8668741Z [command]/usr/bin/tar -xf /home/runner/work/_temp/9ced2adf-c258-4c7c-8b06-de5a8bb7ce45/cache.tzst -P -C /home/runner/work/AniZen/AniZen --use-compress-program unzstd
Build & Public Release	Set up Gradle	2026-02-01T19:56:47.8659738Z Received 1056964608 of 1329661357 (79.5%), 143.4 MBs/sec
Build & Public Release	Set up Gradle	2026-02-01T19:56:48.8738978Z Received 1228931072 of 1329661357 (92.4%), 145.8 MBs/sec
Build & Public Release	Set up Gradle	2026-02-01T19:56:48.8903301Z Cache restored successfully
Build & Public Release	Set up Gradle	2026-02-01T19:56:49.0883329Z Restored cache entry with key gradle-dependencies-v1-b3ba458e98787b341f020e1a58774519 to /home/runner/.gradle/caches/modules-*/files-*/*/*/*/* in 8512ms
Build & Public Release	Set up Gradle	2026-02-01T19:56:49.6335491Z Received 1329661357 of 1329661357 (100.0%), 144.1 MBs/sec
Build & Public Release	Set up Gradle	2026-02-01T19:56:49.6339078Z Cache Size: ~1268 MB (1329661357 B)
Build & Public Release	Set up Gradle	2026-02-01T19:56:49.6368455Z [command]/usr/bin/tar -xf /home/runner/work/_temp/a414e747-8e13-4903-9b60-bf690b5fd50e/cache.tzst -P -C /home/runner/work/AniZen/AniZen --use-compress-program unzstd
Build & Public Release	Set up Gradle	2026-02-01T19:57:02.4119661Z Cache restored successfully
Build & Public Release	Set up Gradle	2026-02-01T19:57:02.6258341Z Restored cache entry with key gradle-transforms-v1-29b6ecf76579b0052284b4e6ec2672a2 to /home/runner/.gradle/caches/transforms-4/*/,/home/runner/.gradle/caches/*/transforms/*/ in 22049ms
Build & Public Release	Set up Gradle	2026-02-01T19:57:02.6361991Z ##[endgroup]
Build & Public Release	Set up Gradle	2026-02-01T19:57:02.6905405Z ##[group]All Gradle Wrapper jars are valid
Build & Public Release	Set up Gradle	2026-02-01T19:57:02.6906510Z âœ“ Found known Gradle Wrapper JAR files:
Build & Public Release	Set up Gradle	2026-02-01T19:57:02.6907100Z   7d3a4ac4de1c32b59bc6a4eb8ecb8e612ccd0cf1ae1e99f66902da64df296172 gradle/wrapper/gradle-wrapper.jar
Build & Public Release	Set up Gradle	2026-02-01T19:57:02.6907816Z ##[endgroup]
Build & Public Release	Run Code Analysis (Detekt)	ï»¿2026-02-01T19:57:02.7098861Z ##[group]Run ./gradlew detekt --no-daemon
Build & Public Release	Run Code Analysis (Detekt)	2026-02-01T19:57:02.7099336Z [36;1m./gradlew detekt --no-daemon[0m
Build & Public Release	Run Code Analysis (Detekt)	2026-02-01T19:57:02.7134762Z shell: /usr/bin/bash -e {0}
Build & Public Release	Run Code Analysis (Detekt)	2026-02-01T19:57:02.7135086Z env:
Build & Public Release	Run Code Analysis (Detekt)	2026-02-01T19:57:02.7135429Z   JAVA_HOME: /opt/hostedtoolcache/Java_Temurin-Hotspot_jdk/17.0.18-8/x64
Build & Public Release	Run Code Analysis (Detekt)	2026-02-01T19:57:02.7135976Z   JAVA_HOME_17_X64: /opt/hostedtoolcache/Java_Temurin-Hotspot_jdk/17.0.18-8/x64
Build & Public Release	Run Code Analysis (Detekt)	2026-02-01T19:57:02.7136441Z   GRADLE_ACTION_ID: gradle/actions/setup-gradle
Build & Public Release	Run Code Analysis (Detekt)	2026-02-01T19:57:02.7136776Z   GRADLE_USER_HOME: /home/runner/.gradle
Build & Public Release	Run Code Analysis (Detekt)	2026-02-01T19:57:02.7137092Z   GRADLE_BUILD_ACTION_SETUP_COMPLETED: true
Build & Public Release	Run Code Analysis (Detekt)	2026-02-01T19:57:02.7137418Z   GRADLE_BUILD_ACTION_CACHE_RESTORED: true
Build & Public Release	Run Code Analysis (Detekt)	2026-02-01T19:57:02.7137885Z   DEVELOCITY_INJECTION_INIT_SCRIPT_NAME: gradle-actions.inject-develocity.init.gradle
Build & Public Release	Run Code Analysis (Detekt)	2026-02-01T19:57:02.7138402Z   DEVELOCITY_INJECTION_CUSTOM_VALUE: gradle-actions
Build & Public Release	Run Code Analysis (Detekt)	2026-02-01T19:57:02.7138773Z   GITHUB_DEPENDENCY_GRAPH_ENABLED: false
Build & Public Release	Run Code Analysis (Detekt)	2026-02-01T19:57:02.7139064Z ##[endgroup]
Build & Public Release	Run Code Analysis (Detekt)	2026-02-01T19:57:04.4152336Z To honour the JVM settings for this build a single-use Daemon process will be forked. For more on this, please refer to https://docs.gradle.org/8.14.3/userguide/gradle_daemon.html#sec:disabling_the_daemon in the Gradle documentation.
Build & Public Release	Run Code Analysis (Detekt)	2026-02-01T19:57:06.0141681Z Daemon will be stopped at the end of the build 
Build & Public Release	Run Code Analysis (Detekt)	2026-02-01T19:57:06.4141800Z Configuration on demand is an incubating feature.
Build & Public Release	Run Code Analysis (Detekt)	2026-02-01T19:57:12.8144808Z Type-safe project accessors is an incubating feature.
Build & Public Release	Run Code Analysis (Detekt)	2026-02-01T19:57:16.3182786Z > Task :buildSrc:checkKotlinGradlePluginConfigurationErrors SKIPPED
Build & Public Release	Run Code Analysis (Detekt)	2026-02-01T19:57:16.5143088Z > Task :buildSrc:generateExternalPluginSpecBuilders FROM-CACHE
Build & Public Release	Run Code Analysis (Detekt)	2026-02-01T19:57:16.5161685Z > Task :buildSrc:extractPrecompiledScriptPluginPlugins FROM-CACHE
Build & Public Release	Run Code Analysis (Detekt)	2026-02-01T19:57:16.7152702Z > Task :buildSrc:compilePluginsBlocks FROM-CACHE
Build & Public Release	Run Code Analysis (Detekt)	2026-02-01T19:57:17.0142000Z > Task :buildSrc:generatePrecompiledScriptPluginAccessors FROM-CACHE
Build & Public Release	Run Code Analysis (Detekt)	2026-02-01T19:57:17.0142939Z > Task :buildSrc:generateScriptPluginAdapters FROM-CACHE
Build & Public Release	Run Code Analysis (Detekt)	2026-02-01T19:57:17.5148356Z > Task :buildSrc:compileKotlin FROM-CACHE
Build & Public Release	Run Code Analysis (Detekt)	2026-02-01T19:57:17.5149398Z > Task :buildSrc:compileJava NO-SOURCE
Build & Public Release	Run Code Analysis (Detekt)	2026-02-01T19:57:17.5150508Z > Task :buildSrc:compileGroovy NO-SOURCE
Build & Public Release	Run Code Analysis (Detekt)	2026-02-01T19:57:17.6147515Z > Task :buildSrc:pluginDescriptors
Build & Public Release	Run Code Analysis (Detekt)	2026-02-01T19:57:17.6148009Z > Task :buildSrc:processResources
Build & Public Release	Run Code Analysis (Detekt)	2026-02-01T19:57:17.6167553Z > Task :buildSrc:classes
Build & Public Release	Run Code Analysis (Detekt)	2026-02-01T19:57:17.9140578Z > Task :buildSrc:jar
Build & Public Release	Run Code Analysis (Detekt)	2026-02-01T19:57:26.5143400Z > Task :detekt NO-SOURCE
Build & Public Release	Run Code Analysis (Detekt)	2026-02-01T19:57:26.6163689Z gradle/actions: Writing build results to /home/runner/work/_temp/.gradle-actions/build-results/__run-1769975830846.json
Build & Public Release	Run Code Analysis (Detekt)	2026-02-01T19:57:26.6173965Z 
Build & Public Release	Run Code Analysis (Detekt)	2026-02-01T19:57:26.6174825Z [Incubating] Problems report is available at: file:///home/runner/work/AniZen/AniZen/build/reports/problems/problems-report.html
Build & Public Release	Run Code Analysis (Detekt)	2026-02-01T19:57:26.6175772Z 
Build & Public Release	Run Code Analysis (Detekt)	2026-02-01T19:57:26.6176294Z Deprecated Gradle features were used in this build, making it incompatible with Gradle 9.0.
Build & Public Release	Run Code Analysis (Detekt)	2026-02-01T19:57:26.6177047Z 
Build & Public Release	Run Code Analysis (Detekt)	2026-02-01T19:57:26.6177918Z You can use '--warning-mode all' to show the individual deprecation warnings and determine if they come from your own scripts or plugins.
Build & Public Release	Run Code Analysis (Detekt)	2026-02-01T19:57:26.6179688Z 
Build & Public Release	Run Code Analysis (Detekt)	2026-02-01T19:57:26.6180646Z For more on this, please refer to https://docs.gradle.org/8.14.3/userguide/command_line_interface.html#sec:command_line_warnings in the Gradle documentation.
Build & Public Release	Run Code Analysis (Detekt)	2026-02-01T19:57:26.6181745Z 
Build & Public Release	Run Code Analysis (Detekt)	2026-02-01T19:57:26.6188040Z BUILD SUCCESSFUL in 23s
Build & Public Release	Run Code Analysis (Detekt)	2026-02-01T19:57:26.6191870Z 9 actionable tasks: 3 executed, 6 from cache
Build & Public Release	Build Release APK	ï»¿2026-02-01T19:57:26.7603386Z ##[group]Run ./gradlew assembleRelease -Pinclude-telemetry=false -Penable-updater=false --no-daemon
Build & Public Release	Build Release APK	2026-02-01T19:57:26.7604270Z [36;1m./gradlew assembleRelease -Pinclude-telemetry=false -Penable-updater=false --no-daemon[0m
Build & Public Release	Build Release APK	2026-02-01T19:57:26.7636072Z shell: /usr/bin/bash -e {0}
Build & Public Release	Build Release APK	2026-02-01T19:57:26.7636363Z env:
Build & Public Release	Build Release APK	2026-02-01T19:57:26.7636697Z   JAVA_HOME: /opt/hostedtoolcache/Java_Temurin-Hotspot_jdk/17.0.18-8/x64
Build & Public Release	Build Release APK	2026-02-01T19:57:26.7637239Z   JAVA_HOME_17_X64: /opt/hostedtoolcache/Java_Temurin-Hotspot_jdk/17.0.18-8/x64
Build & Public Release	Build Release APK	2026-02-01T19:57:26.7637710Z   GRADLE_ACTION_ID: gradle/actions/setup-gradle
Build & Public Release	Build Release APK	2026-02-01T19:57:26.7638038Z   GRADLE_USER_HOME: /home/runner/.gradle
Build & Public Release	Build Release APK	2026-02-01T19:57:26.7638368Z   GRADLE_BUILD_ACTION_SETUP_COMPLETED: true
Build & Public Release	Build Release APK	2026-02-01T19:57:26.7638695Z   GRADLE_BUILD_ACTION_CACHE_RESTORED: true
Build & Public Release	Build Release APK	2026-02-01T19:57:26.7639162Z   DEVELOCITY_INJECTION_INIT_SCRIPT_NAME: gradle-actions.inject-develocity.init.gradle
Build & Public Release	Build Release APK	2026-02-01T19:57:26.7639945Z   DEVELOCITY_INJECTION_CUSTOM_VALUE: gradle-actions
Build & Public Release	Build Release APK	2026-02-01T19:57:26.7640345Z   GITHUB_DEPENDENCY_GRAPH_ENABLED: false
Build & Public Release	Build Release APK	2026-02-01T19:57:26.7640650Z ##[endgroup]
Build & Public Release	Build Release APK	2026-02-01T19:57:27.4676115Z To honour the JVM settings for this build a single-use Daemon process will be forked. For more on this, please refer to https://docs.gradle.org/8.14.3/userguide/gradle_daemon.html#sec:disabling_the_daemon in the Gradle documentation.
Build & Public Release	Build Release APK	2026-02-01T19:57:28.5662633Z Daemon will be stopped at the end of the build 
Build & Public Release	Build Release APK	2026-02-01T19:57:28.9667590Z Configuration on demand is an incubating feature.
Build & Public Release	Build Release APK	2026-02-01T19:57:32.2668924Z Type-safe project accessors is an incubating feature.
Build & Public Release	Build Release APK	2026-02-01T19:57:35.2695259Z > Task :buildSrc:checkKotlinGradlePluginConfigurationErrors SKIPPED
Build & Public Release	Build Release APK	2026-02-01T19:57:35.4681044Z > Task :buildSrc:generateExternalPluginSpecBuilders UP-TO-DATE
Build & Public Release	Build Release APK	2026-02-01T19:57:35.4682042Z > Task :buildSrc:extractPrecompiledScriptPluginPlugins UP-TO-DATE
Build & Public Release	Build Release APK	2026-02-01T19:57:35.6679925Z > Task :buildSrc:compilePluginsBlocks UP-TO-DATE
Build & Public Release	Build Release APK	2026-02-01T19:57:36.0661546Z > Task :buildSrc:generatePrecompiledScriptPluginAccessors UP-TO-DATE
Build & Public Release	Build Release APK	2026-02-01T19:57:36.0668008Z > Task :buildSrc:generateScriptPluginAdapters UP-TO-DATE
Build & Public Release	Build Release APK	2026-02-01T19:57:36.3661788Z > Task :buildSrc:compileKotlin UP-TO-DATE
Build & Public Release	Build Release APK	2026-02-01T19:57:36.3700433Z > Task :buildSrc:compileJava NO-SOURCE
Build & Public Release	Build Release APK	2026-02-01T19:57:36.3701108Z > Task :buildSrc:compileGroovy NO-SOURCE
Build & Public Release	Build Release APK	2026-02-01T19:57:36.3702312Z > Task :buildSrc:pluginDescriptors UP-TO-DATE
Build & Public Release	Build Release APK	2026-02-01T19:57:36.3703242Z > Task :buildSrc:processResources UP-TO-DATE
Build & Public Release	Build Release APK	2026-02-01T19:57:36.3704144Z > Task :buildSrc:classes UP-TO-DATE
Build & Public Release	Build Release APK	2026-02-01T19:57:36.3705134Z > Task :buildSrc:jar UP-TO-DATE
Build & Public Release	Build Release APK	2026-02-01T19:57:47.0662135Z > Task :domain:preBuild UP-TO-DATE
Build & Public Release	Build Release APK	2026-02-01T19:57:47.0663206Z > Task :domain:preReleaseBuild UP-TO-DATE
Build & Public Release	Build Release APK	2026-02-01T19:57:47.0664005Z > Task :core-metadata:preBuild UP-TO-DATE
Build & Public Release	Build Release APK	2026-02-01T19:57:47.0666464Z > Task :core-metadata:preReleaseBuild UP-TO-DATE
Build & Public Release	Build Release APK	2026-02-01T19:57:47.0667272Z > Task :data:preBuild UP-TO-DATE
Build & Public Release	Build Release APK	2026-02-01T19:57:47.0678676Z > Task :data:preReleaseBuild UP-TO-DATE
Build & Public Release	Build Release APK	2026-02-01T19:57:47.0679284Z > Task :app:preBuild UP-TO-DATE
Build & Public Release	Build Release APK	2026-02-01T19:57:47.0681974Z > Task :app:preReleaseBuild UP-TO-DATE
Build & Public Release	Build Release APK	2026-02-01T19:57:47.2687656Z > Task :app:mergeReleaseJniLibFolders
Build & Public Release	Build Release APK	2026-02-01T19:57:47.2692161Z > Task :data:mergeReleaseJniLibFolders
Build & Public Release	Build Release APK	2026-02-01T19:57:47.2692829Z > Task :flagkit:preBuild UP-TO-DATE
Build & Public Release	Build Release APK	2026-02-01T19:57:47.2693401Z > Task :flagkit:preReleaseBuild UP-TO-DATE
Build & Public Release	Build Release APK	2026-02-01T19:57:47.2693995Z > Task :domain:mergeReleaseJniLibFolders
Build & Public Release	Build Release APK	2026-02-01T19:57:47.2694579Z > Task :core-metadata:mergeReleaseJniLibFolders
Build & Public Release	Build Release APK	2026-02-01T19:57:47.2695119Z > Task :domain:mergeReleaseNativeLibs NO-SOURCE
Build & Public Release	Build Release APK	2026-02-01T19:57:47.2695752Z > Task :core-metadata:mergeReleaseNativeLibs NO-SOURCE
Build & Public Release	Build Release APK	2026-02-01T19:57:47.2696368Z > Task :data:mergeReleaseNativeLibs NO-SOURCE
Build & Public Release	Build Release APK	2026-02-01T19:57:47.2696969Z > Task :flagkit:mergeReleaseJniLibFolders
Build & Public Release	Build Release APK	2026-02-01T19:57:47.2733134Z > Task :flagkit:mergeReleaseNativeLibs NO-SOURCE
Build & Public Release	Build Release APK	2026-02-01T19:57:47.2733850Z > Task :core-metadata:copyReleaseJniLibsProjectOnly
Build & Public Release	Build Release APK	2026-02-01T19:57:47.2735767Z > Task :data:copyReleaseJniLibsProjectOnly
Build & Public Release	Build Release APK	2026-02-01T19:57:47.2736403Z > Task :flagkit:copyReleaseJniLibsProjectOnly
Build & Public Release	Build Release APK	2026-02-01T19:57:47.2737045Z > Task :domain:copyReleaseJniLibsProjectOnly
Build & Public Release	Build Release APK	2026-02-01T19:57:47.2737670Z > Task :i18n:generateLocalesConfig UP-TO-DATE
Build & Public Release	Build Release APK	2026-02-01T19:57:47.3687474Z > Task :i18n-kmk:generateMRcommonMain FROM-CACHE
Build & Public Release	Build Release APK	2026-02-01T19:57:47.4665401Z > Task :i18n-ank:generateMRcommonMain FROM-CACHE
Build & Public Release	Build Release APK	2026-02-01T19:57:47.4680231Z > Task :i18n-kmk:generateMRandroidDebug SKIPPED
Build & Public Release	Build Release APK	2026-02-01T19:57:47.4683949Z > Task :i18n-ank:generateMRandroidDebug SKIPPED
Build & Public Release	Build Release APK	2026-02-01T19:57:47.4684896Z > Task :i18n-sy:generateMRcommonMain FROM-CACHE
Build & Public Release	Build Release APK	2026-02-01T19:57:47.4687520Z > Task :i18n-sy:generateMRandroidDebug SKIPPED
Build & Public Release	Build Release APK	2026-02-01T19:57:47.4688605Z > Task :i18n-ank:generateMRandroidInstrumentedTest FROM-CACHE
Build & Public Release	Build Release APK	2026-02-01T19:57:47.4690874Z > Task :i18n-ank:generateMRandroidInstrumentedTestDebug SKIPPED
Build & Public Release	Build Release APK	2026-02-01T19:57:47.4692926Z > Task :i18n-kmk:generateMRandroidInstrumentedTest FROM-CACHE
Build & Public Release	Build Release APK	2026-02-01T19:57:47.4695233Z > Task :i18n-kmk:generateMRandroidInstrumentedTestDebug SKIPPED
Build & Public Release	Build Release APK	2026-02-01T19:57:47.4696283Z > Task :i18n-sy:generateMRandroidInstrumentedTest FROM-CACHE
Build & Public Release	Build Release APK	2026-02-01T19:57:47.4697202Z > Task :i18n-sy:generateMRandroidInstrumentedTestDebug SKIPPED
Build & Public Release	Build Release APK	2026-02-01T19:57:47.4698008Z > Task :i18n:generateMRcommonMain FROM-CACHE
Build & Public Release	Build Release APK	2026-02-01T19:57:47.4698688Z > Task :i18n:generateMRandroidDebug SKIPPED
Build & Public Release	Build Release APK	2026-02-01T19:57:47.4699665Z > Task :i18n:generateMRandroidInstrumentedTest FROM-CACHE
Build & Public Release	Build Release APK	2026-02-01T19:57:47.4700627Z > Task :i18n:generateMRandroidInstrumentedTestDebug SKIPPED
Build & Public Release	Build Release APK	2026-02-01T19:57:47.4701536Z > Task :i18n-kmk:generateMRandroidMain FROM-CACHE
Build & Public Release	Build Release APK	2026-02-01T19:57:47.4702262Z > Task :i18n-kmk:generateMRandroidRelease SKIPPED
Build & Public Release	Build Release APK	2026-02-01T19:57:47.5706660Z > Task :i18n-ank:generateMRandroidMain FROM-CACHE
Build & Public Release	Build Release APK	2026-02-01T19:57:47.5728349Z > Task :i18n-ank:generateMRandroidRelease SKIPPED
Build & Public Release	Build Release APK	2026-02-01T19:57:47.5729620Z > Task :i18n-kmk:generateMRcommonTest FROM-CACHE
Build & Public Release	Build Release APK	2026-02-01T19:57:47.5730558Z > Task :i18n-ank:generateMRcommonTest FROM-CACHE
Build & Public Release	Build Release APK	2026-02-01T19:57:47.5731510Z > Task :i18n-kmk:generateMRandroidUnitTest FROM-CACHE
Build & Public Release	Build Release APK	2026-02-01T19:57:47.5732405Z > Task :i18n-kmk:generateMRandroidUnitTestDebug SKIPPED
Build & Public Release	Build Release APK	2026-02-01T19:57:47.5733317Z > Task :i18n-kmk:generateMRandroidUnitTestRelease SKIPPED
Build & Public Release	Build Release APK	2026-02-01T19:57:47.5734131Z > Task :i18n-kmk:preBuild UP-TO-DATE
Build & Public Release	Build Release APK	2026-02-01T19:57:47.5734870Z > Task :i18n-kmk:preReleaseBuild UP-TO-DATE
Build & Public Release	Build Release APK	2026-02-01T19:57:47.5735681Z > Task :i18n-ank:generateMRandroidUnitTest FROM-CACHE
Build & Public Release	Build Release APK	2026-02-01T19:57:47.5737028Z > Task :i18n-ank:generateMRandroidUnitTestDebug SKIPPED
Build & Public Release	Build Release APK	2026-02-01T19:57:47.5737994Z > Task :i18n-ank:generateMRandroidUnitTestRelease SKIPPED
Build & Public Release	Build Release APK	2026-02-01T19:57:47.5738881Z > Task :i18n-sy:generateMRandroidMain FROM-CACHE
Build & Public Release	Build Release APK	2026-02-01T19:57:47.5739808Z > Task :i18n-ank:preBuild UP-TO-DATE
Build & Public Release	Build Release APK	2026-02-01T19:57:47.5740532Z > Task :i18n-kmk:mergeReleaseJniLibFolders
Build & Public Release	Build Release APK	2026-02-01T19:57:47.5741312Z > Task :i18n-sy:generateMRandroidRelease SKIPPED
Build & Public Release	Build Release APK	2026-02-01T19:57:47.5742152Z > Task :i18n-ank:preReleaseBuild UP-TO-DATE
Build & Public Release	Build Release APK	2026-02-01T19:57:47.5743021Z > Task :i18n-kmk:mergeReleaseNativeLibs NO-SOURCE
Build & Public Release	Build Release APK	2026-02-01T19:57:47.5743856Z > Task :i18n-sy:generateMRcommonTest FROM-CACHE
Build & Public Release	Build Release APK	2026-02-01T19:57:47.5744625Z > Task :i18n-ank:mergeReleaseJniLibFolders
Build & Public Release	Build Release APK	2026-02-01T19:57:47.5745416Z > Task :i18n-kmk:copyReleaseJniLibsProjectOnly
Build & Public Release	Build Release APK	2026-02-01T19:57:47.5746230Z > Task :i18n-ank:mergeReleaseNativeLibs NO-SOURCE
Build & Public Release	Build Release APK	2026-02-01T19:57:47.5746975Z > Task :presentation-core:preBuild UP-TO-DATE
Build & Public Release	Build Release APK	2026-02-01T19:57:47.5747906Z > Task :presentation-core:preReleaseBuild UP-TO-DATE
Build & Public Release	Build Release APK	2026-02-01T19:57:47.5748826Z > Task :i18n-ank:copyReleaseJniLibsProjectOnly
Build & Public Release	Build Release APK	2026-02-01T19:57:47.5749810Z > Task :presentation-widget:preBuild UP-TO-DATE
Build & Public Release	Build Release APK	2026-02-01T19:57:47.5750597Z > Task :i18n-sy:generateMRandroidUnitTest FROM-CACHE
Build & Public Release	Build Release APK	2026-02-01T19:57:47.5751387Z > Task :presentation-widget:preReleaseBuild UP-TO-DATE
Build & Public Release	Build Release APK	2026-02-01T19:57:47.5752269Z > Task :i18n-sy:generateMRandroidUnitTestDebug SKIPPED
Build & Public Release	Build Release APK	2026-02-01T19:57:47.5753218Z > Task :i18n-sy:generateMRandroidUnitTestRelease SKIPPED
Build & Public Release	Build Release APK	2026-02-01T19:57:47.5757753Z > Task :i18n-sy:preBuild UP-TO-DATE
Build & Public Release	Build Release APK	2026-02-01T19:57:47.5802615Z > Task :i18n-sy:preReleaseBuild UP-TO-DATE
Build & Public Release	Build Release APK	2026-02-01T19:57:47.5806859Z > Task :presentation-core:mergeReleaseJniLibFolders
Build & Public Release	Build Release APK	2026-02-01T19:57:47.5811207Z > Task :presentation-core:mergeReleaseNativeLibs NO-SOURCE
Build & Public Release	Build Release APK	2026-02-01T19:57:47.6672210Z > Task :i18n-sy:mergeReleaseJniLibFolders
Build & Public Release	Build Release APK	2026-02-01T19:57:47.6677251Z > Task :presentation-widget:mergeReleaseJniLibFolders
Build & Public Release	Build Release APK	2026-02-01T19:57:47.6691984Z > Task :presentation-core:copyReleaseJniLibsProjectOnly
Build & Public Release	Build Release APK	2026-02-01T19:57:47.6696778Z > Task :presentation-widget:mergeReleaseNativeLibs NO-SOURCE
Build & Public Release	Build Release APK	2026-02-01T19:57:47.6698733Z > Task :source-api:preBuild UP-TO-DATE
Build & Public Release	Build Release APK	2026-02-01T19:57:47.6701322Z > Task :source-api:preReleaseBuild UP-TO-DATE
Build & Public Release	Build Release APK	2026-02-01T19:57:47.6703257Z > Task :i18n-sy:mergeReleaseNativeLibs NO-SOURCE
Build & Public Release	Build Release APK	2026-02-01T19:57:47.6704477Z > Task :presentation-widget:copyReleaseJniLibsProjectOnly
Build & Public Release	Build Release APK	2026-02-01T19:57:47.6706623Z > Task :source-local:preBuild UP-TO-DATE
Build & Public Release	Build Release APK	2026-02-01T19:57:47.6707603Z > Task :i18n-sy:copyReleaseJniLibsProjectOnly
Build & Public Release	Build Release APK	2026-02-01T19:57:47.6709669Z > Task :telemetry:preBuild UP-TO-DATE
Build & Public Release	Build Release APK	2026-02-01T19:57:47.6717781Z > Task :source-local:preReleaseBuild UP-TO-DATE
Build & Public Release	Build Release APK	2026-02-01T19:57:47.6718603Z > Task :telemetry:preReleaseBuild UP-TO-DATE
Build & Public Release	Build Release APK	2026-02-01T19:57:47.6719337Z > Task :source-api:mergeReleaseJniLibFolders
Build & Public Release	Build Release APK	2026-02-01T19:57:47.6720494Z > Task :source-api:mergeReleaseNativeLibs NO-SOURCE
Build & Public Release	Build Release APK	2026-02-01T19:57:47.6721693Z > Task :source-local:mergeReleaseJniLibFolders
Build & Public Release	Build Release APK	2026-02-01T19:57:47.6723525Z > Task :telemetry:mergeReleaseJniLibFolders
Build & Public Release	Build Release APK	2026-02-01T19:57:47.6724139Z > Task :telemetry:mergeReleaseNativeLibs NO-SOURCE
Build & Public Release	Build Release APK	2026-02-01T19:57:47.6724775Z > Task :source-local:mergeReleaseNativeLibs NO-SOURCE
Build & Public Release	Build Release APK	2026-02-01T19:57:47.6725434Z > Task :source-api:copyReleaseJniLibsProjectOnly
Build & Public Release	Build Release APK	2026-02-01T19:57:47.6726097Z > Task :telemetry:copyReleaseJniLibsProjectOnly
Build & Public Release	Build Release APK	2026-02-01T19:57:47.6726757Z > Task :source-local:copyReleaseJniLibsProjectOnly
Build & Public Release	Build Release APK	2026-02-01T19:57:47.6727393Z > Task :core:archive:preBuild UP-TO-DATE
Build & Public Release	Build Release APK	2026-02-01T19:57:47.6727941Z > Task :core:common:preBuild UP-TO-DATE
Build & Public Release	Build Release APK	2026-02-01T19:57:47.6728510Z > Task :core:common:preReleaseBuild UP-TO-DATE
Build & Public Release	Build Release APK	2026-02-01T19:57:47.6729118Z > Task :core:archive:preReleaseBuild UP-TO-DATE
Build & Public Release	Build Release APK	2026-02-01T19:57:47.6729911Z > Task :core-metadata:prepareReleaseArtProfile
Build & Public Release	Build Release APK	2026-02-01T19:57:47.6730538Z > Task :core:common:mergeReleaseJniLibFolders
Build & Public Release	Build Release APK	2026-02-01T19:57:47.6731169Z > Task :core:archive:mergeReleaseJniLibFolders
Build & Public Release	Build Release APK	2026-02-01T19:57:47.6732227Z > Task :core:common:mergeReleaseNativeLibs NO-SOURCE
Build & Public Release	Build Release APK	2026-02-01T19:57:47.6732927Z > Task :core:archive:mergeReleaseNativeLibs NO-SOURCE
Build & Public Release	Build Release APK	2026-02-01T19:57:47.6733579Z > Task :data:prepareReleaseArtProfile
Build & Public Release	Build Release APK	2026-02-01T19:57:47.7691979Z > Task :core:archive:copyReleaseJniLibsProjectOnly
Build & Public Release	Build Release APK	2026-02-01T19:57:47.7696784Z > Task :domain:prepareReleaseArtProfile
Build & Public Release	Build Release APK	2026-02-01T19:57:47.7699802Z > Task :core:common:copyReleaseJniLibsProjectOnly
Build & Public Release	Build Release APK	2026-02-01T19:57:47.7702565Z > Task :flagkit:prepareReleaseArtProfile
Build & Public Release	Build Release APK	2026-02-01T19:57:47.7705705Z > Task :i18n-ank:prepareReleaseArtProfile
Build & Public Release	Build Release APK	2026-02-01T19:57:47.7707924Z > Task :i18n-kmk:prepareReleaseArtProfile
Build & Public Release	Build Release APK	2026-02-01T19:57:47.7731466Z > Task :presentation-core:prepareReleaseArtProfile
Build & Public Release	Build Release APK	2026-02-01T19:57:47.7770849Z > Task :i18n-sy:prepareReleaseArtProfile
Build & Public Release	Build Release APK	2026-02-01T19:57:47.7771838Z > Task :presentation-widget:prepareReleaseArtProfile
Build & Public Release	Build Release APK	2026-02-01T19:57:47.7772751Z > Task :source-local:prepareReleaseArtProfile
Build & Public Release	Build Release APK	2026-02-01T19:57:47.7773575Z > Task :source-api:prepareReleaseArtProfile
Build & Public Release	Build Release APK	2026-02-01T19:57:47.7774335Z > Task :core:archive:prepareReleaseArtProfile
Build & Public Release	Build Release APK	2026-02-01T19:57:47.7775293Z > Task :core-metadata:checkKotlinGradlePluginConfigurationErrors SKIPPED
Build & Public Release	Build Release APK	2026-02-01T19:57:47.7776280Z > Task :telemetry:prepareReleaseArtProfile
Build & Public Release	Build Release APK	2026-02-01T19:57:47.7777059Z > Task :core:common:prepareReleaseArtProfile
Build & Public Release	Build Release APK	2026-02-01T19:57:47.7777911Z > Task :core-metadata:generateReleaseResValues FROM-CACHE
Build & Public Release	Build Release APK	2026-02-01T19:57:47.7778819Z > Task :source-api:generateReleaseResValues FROM-CACHE
Build & Public Release	Build Release APK	2026-02-01T19:57:47.7780289Z > Task :i18n-sy:generateReleaseResValues FROM-CACHE
Build & Public Release	Build Release APK	2026-02-01T19:57:47.7781076Z > Task :i18n:generateMRandroidMain FROM-CACHE
Build & Public Release	Build Release APK	2026-02-01T19:57:47.7781827Z > Task :i18n:generateMRandroidRelease SKIPPED
Build & Public Release	Build Release APK	2026-02-01T19:57:47.7782641Z > Task :core-metadata:generateReleaseResources FROM-CACHE
Build & Public Release	Build Release APK	2026-02-01T19:57:47.7783518Z > Task :source-api:generateReleaseResources FROM-CACHE
Build & Public Release	Build Release APK	2026-02-01T19:57:47.7784446Z > Task :i18n-sy:generateReleaseResources FROM-CACHE
Build & Public Release	Build Release APK	2026-02-01T19:57:47.7785259Z > Task :i18n:generateMRcommonTest FROM-CACHE
Build & Public Release	Build Release APK	2026-02-01T19:57:47.7786073Z > Task :core-metadata:packageReleaseResources FROM-CACHE
Build & Public Release	Build Release APK	2026-02-01T19:57:47.7786901Z > Task :i18n:generateMRandroidUnitTest FROM-CACHE
Build & Public Release	Build Release APK	2026-02-01T19:57:47.8689001Z > Task :i18n:generateMRandroidUnitTestDebug SKIPPED
Build & Public Release	Build Release APK	2026-02-01T19:57:47.8690569Z > Task :i18n:generateMRandroidUnitTestRelease SKIPPED
Build & Public Release	Build Release APK	2026-02-01T19:57:47.8691677Z > Task :source-api:packageReleaseResources FROM-CACHE
Build & Public Release	Build Release APK	2026-02-01T19:57:47.8692734Z > Task :i18n:preBuild UP-TO-DATE
Build & Public Release	Build Release APK	2026-02-01T19:57:47.8693636Z > Task :i18n:preReleaseBuild UP-TO-DATE
Build & Public Release	Build Release APK	2026-02-01T19:57:47.8694525Z > Task :i18n:mergeReleaseJniLibFolders
Build & Public Release	Build Release APK	2026-02-01T19:57:47.8695354Z > Task :i18n:mergeReleaseNativeLibs NO-SOURCE
Build & Public Release	Build Release APK	2026-02-01T19:57:47.8696194Z > Task :i18n:copyReleaseJniLibsProjectOnly
Build & Public Release	Build Release APK	2026-02-01T19:57:47.8697126Z > Task :i18n-sy:packageReleaseResources FROM-CACHE
Build & Public Release	Build Release APK	2026-02-01T19:57:47.8698013Z > Task :i18n:prepareReleaseArtProfile
Build & Public Release	Build Release APK	2026-02-01T19:57:47.8698794Z > Task :i18n:generateReleaseResValues FROM-CACHE
Build & Public Release	Build Release APK	2026-02-01T19:57:48.7696500Z > Task :source-api:parseReleaseLocalResources FROM-CACHE
Build & Public Release	Build Release APK	2026-02-01T19:57:48.7698647Z > Task :i18n:generateReleaseResources FROM-CACHE
Build & Public Release	Build Release APK	2026-02-01T19:57:48.7712946Z > Task :i18n-sy:parseReleaseLocalResources FROM-CACHE
Build & Public Release	Build Release APK	2026-02-01T19:57:48.7713743Z > Task :core-metadata:parseReleaseLocalResources FROM-CACHE
Build & Public Release	Build Release APK	2026-02-01T19:57:48.8660653Z > Task :core:common:generateReleaseResValues FROM-CACHE
Build & Public Release	Build Release APK	2026-02-01T19:57:48.8662201Z > Task :core:common:generateReleaseResources FROM-CACHE
Build & Public Release	Build Release APK	2026-02-01T19:57:48.8663207Z > Task :core:common:packageReleaseResources FROM-CACHE
Build & Public Release	Build Release APK	2026-02-01T19:57:48.8663992Z > Task :core:common:parseReleaseLocalResources FROM-CACHE
Build & Public Release	Build Release APK	2026-02-01T19:57:48.8664821Z > Task :source-api:kmpPartiallyResolvedDependenciesChecker
Build & Public Release	Build Release APK	2026-02-01T19:57:48.8665817Z > Task :source-api:checkKotlinGradlePluginConfigurationErrors SKIPPED
Build & Public Release	Build Release APK	2026-02-01T19:57:48.8666813Z > Task :core:common:checkKotlinGradlePluginConfigurationErrors SKIPPED
Build & Public Release	Build Release APK	2026-02-01T19:57:48.8667989Z > Task :core:common:javaPreCompileRelease FROM-CACHE
Build & Public Release	Build Release APK	2026-02-01T19:57:48.8668701Z > Task :source-api:javaPreCompileRelease FROM-CACHE
Build & Public Release	Build Release APK	2026-02-01T19:57:48.9683587Z > Task :core-metadata:javaPreCompileRelease FROM-CACHE
Build & Public Release	Build Release APK	2026-02-01T19:57:48.9685949Z > Task :domain:checkKotlinGradlePluginConfigurationErrors SKIPPED
Build & Public Release	Build Release APK	2026-02-01T19:57:48.9687000Z > Task :domain:generateReleaseResValues FROM-CACHE
Build & Public Release	Build Release APK	2026-02-01T19:57:48.9687782Z > Task :domain:generateReleaseResources FROM-CACHE
Build & Public Release	Build Release APK	2026-02-01T19:57:48.9688584Z > Task :i18n:packageReleaseResources FROM-CACHE
Build & Public Release	Build Release APK	2026-02-01T19:57:48.9689351Z > Task :domain:packageReleaseResources FROM-CACHE
Build & Public Release	Build Release APK	2026-02-01T19:57:48.9690405Z > Task :i18n:parseReleaseLocalResources FROM-CACHE
Build & Public Release	Build Release APK	2026-02-01T19:57:48.9691259Z > Task :domain:parseReleaseLocalResources FROM-CACHE
Build & Public Release	Build Release APK	2026-02-01T19:57:48.9692068Z > Task :i18n-ank:generateReleaseResValues FROM-CACHE
Build & Public Release	Build Release APK	2026-02-01T19:57:48.9692841Z > Task :i18n-ank:generateReleaseResources FROM-CACHE
Build & Public Release	Build Release APK	2026-02-01T19:57:49.0664824Z > Task :i18n:generateReleaseRFile FROM-CACHE
Build & Public Release	Build Release APK	2026-02-01T19:57:49.0666285Z > Task :i18n:kmpPartiallyResolvedDependenciesChecker
Build & Public Release	Build Release APK	2026-02-01T19:57:49.0705585Z > Task :i18n:checkKotlinGradlePluginConfigurationErrors SKIPPED
Build & Public Release	Build Release APK	2026-02-01T19:57:49.0710039Z > Task :i18n-ank:packageReleaseResources FROM-CACHE
Build & Public Release	Build Release APK	2026-02-01T19:57:49.0714060Z > Task :i18n-ank:parseReleaseLocalResources FROM-CACHE
Build & Public Release	Build Release APK	2026-02-01T19:57:49.0719614Z > Task :i18n-ank:generateReleaseRFile FROM-CACHE
Build & Public Release	Build Release APK	2026-02-01T19:57:49.0720322Z > Task :i18n-ank:kmpPartiallyResolvedDependenciesChecker
Build & Public Release	Build Release APK	2026-02-01T19:57:49.0721549Z > Task :i18n-ank:checkKotlinGradlePluginConfigurationErrors SKIPPED
Build & Public Release	Build Release APK	2026-02-01T19:57:49.1661692Z > Task :i18n-sy:generateReleaseRFile FROM-CACHE
Build & Public Release	Build Release APK	2026-02-01T19:57:49.2666402Z > Task :i18n:compileReleaseKotlinAndroid FROM-CACHE
Build & Public Release	Build Release APK	2026-02-01T19:57:49.2668029Z > Task :i18n:javaPreCompileRelease FROM-CACHE
Build & Public Release	Build Release APK	2026-02-01T19:57:49.2670715Z > Task :i18n:compileReleaseJavaWithJavac NO-SOURCE
Build & Public Release	Build Release APK	2026-02-01T19:57:49.4685049Z > Task :i18n:bundleLibCompileToJarRelease
Build & Public Release	Build Release APK	2026-02-01T19:57:49.4690834Z > Task :i18n-sy:kmpPartiallyResolvedDependenciesChecker
Build & Public Release	Build Release APK	2026-02-01T19:57:49.4692102Z > Task :i18n-sy:checkKotlinGradlePluginConfigurationErrors SKIPPED
Build & Public Release	Build Release APK	2026-02-01T19:57:49.5686868Z > Task :i18n-sy:compileReleaseKotlinAndroid FROM-CACHE
Build & Public Release	Build Release APK	2026-02-01T19:57:49.5687990Z > Task :i18n-sy:javaPreCompileRelease FROM-CACHE
Build & Public Release	Build Release APK	2026-02-01T19:57:49.5689967Z > Task :i18n-sy:compileReleaseJavaWithJavac NO-SOURCE
Build & Public Release	Build Release APK	2026-02-01T19:57:49.5690630Z > Task :i18n-sy:bundleLibCompileToJarRelease
Build & Public Release	Build Release APK	2026-02-01T19:57:49.5691240Z > Task :domain:javaPreCompileRelease FROM-CACHE
Build & Public Release	Build Release APK	2026-02-01T19:57:49.5691969Z > Task :source-local:kmpPartiallyResolvedDependenciesChecker
Build & Public Release	Build Release APK	2026-02-01T19:57:49.5692846Z > Task :source-local:checkKotlinGradlePluginConfigurationErrors SKIPPED
Build & Public Release	Build Release APK	2026-02-01T19:57:49.5693703Z > Task :i18n-ank:compileReleaseKotlinAndroid FROM-CACHE
Build & Public Release	Build Release APK	2026-02-01T19:57:49.5694435Z > Task :source-local:generateReleaseResValues FROM-CACHE
Build & Public Release	Build Release APK	2026-02-01T19:57:49.5695126Z > Task :i18n-ank:javaPreCompileRelease FROM-CACHE
Build & Public Release	Build Release APK	2026-02-01T19:57:49.5695816Z > Task :i18n-ank:compileReleaseJavaWithJavac NO-SOURCE
Build & Public Release	Build Release APK	2026-02-01T19:57:49.5696528Z > Task :source-local:generateReleaseResources FROM-CACHE
Build & Public Release	Build Release APK	2026-02-01T19:57:49.6664327Z > Task :i18n-ank:bundleLibCompileToJarRelease
Build & Public Release	Build Release APK	2026-02-01T19:57:49.6665667Z > Task :source-local:packageReleaseResources FROM-CACHE
Build & Public Release	Build Release APK	2026-02-01T19:57:49.6666819Z > Task :core:archive:generateReleaseResValues FROM-CACHE
Build & Public Release	Build Release APK	2026-02-01T19:57:49.6668009Z > Task :source-local:parseReleaseLocalResources FROM-CACHE
Build & Public Release	Build Release APK	2026-02-01T19:57:49.6669069Z > Task :source-local:javaPreCompileRelease FROM-CACHE
Build & Public Release	Build Release APK	2026-02-01T19:57:49.6670406Z > Task :data:checkKotlinGradlePluginConfigurationErrors SKIPPED
Build & Public Release	Build Release APK	2026-02-01T19:57:49.6671503Z > Task :core:archive:generateReleaseResources FROM-CACHE
Build & Public Release	Build Release APK	2026-02-01T19:57:49.6672509Z > Task :core:archive:packageReleaseResources FROM-CACHE
Build & Public Release	Build Release APK	2026-02-01T19:57:49.6673472Z > Task :core:common:generateReleaseRFile FROM-CACHE
Build & Public Release	Build Release APK	2026-02-01T19:57:49.7660932Z > Task :data:generateReleaseDatabaseInterface FROM-CACHE
Build & Public Release	Build Release APK	2026-02-01T19:57:49.9681026Z > Task :source-api:generateReleaseRFile FROM-CACHE
Build & Public Release	Build Release APK	2026-02-01T19:57:50.1661265Z > Task :core-metadata:generateReleaseRFile FROM-CACHE
Build & Public Release	Build Release APK	2026-02-01T19:57:50.1665961Z > Task :app:mergeReleaseArtProfile
Build & Public Release	Build Release APK	2026-02-01T19:57:50.3662341Z > Task :domain:generateReleaseRFile FROM-CACHE
Build & Public Release	Build Release APK	2026-02-01T19:57:50.3667189Z > Task :core:archive:parseReleaseLocalResources FROM-CACHE
Build & Public Release	Build Release APK	2026-02-01T19:57:50.3671789Z > Task :core:common:compileReleaseKotlin FROM-CACHE
Build & Public Release	Build Release APK	2026-02-01T19:57:50.3676309Z > Task :core:common:compileReleaseJavaWithJavac NO-SOURCE
Build & Public Release	Build Release APK	2026-02-01T19:57:50.3681173Z > Task :core:archive:generateReleaseRFile FROM-CACHE
Build & Public Release	Build Release APK	2026-02-01T19:57:50.3682189Z > Task :core:common:bundleLibCompileToJarRelease
Build & Public Release	Build Release APK	2026-02-01T19:57:50.5661310Z > Task :source-local:generateReleaseRFile FROM-CACHE
Build & Public Release	Build Release APK	2026-02-01T19:57:50.5666178Z > Task :core:archive:checkKotlinGradlePluginConfigurationErrors SKIPPED
Build & Public Release	Build Release APK	2026-02-01T19:57:50.8663208Z > Task :app:mergeReleaseNativeLibs
Build & Public Release	Build Release APK	2026-02-01T19:57:50.8664311Z > Task :data:generateReleaseResValues FROM-CACHE
Build & Public Release	Build Release APK	2026-02-01T19:57:50.8668213Z > Task :data:generateReleaseResources FROM-CACHE
Build & Public Release	Build Release APK	2026-02-01T19:57:50.9682848Z > Task :data:packageReleaseResources FROM-CACHE
Build & Public Release	Build Release APK	2026-02-01T19:57:50.9684132Z > Task :data:parseReleaseLocalResources FROM-CACHE
Build & Public Release	Build Release APK	2026-02-01T19:57:50.9685145Z > Task :core:archive:compileReleaseKotlin FROM-CACHE
Build & Public Release	Build Release APK	2026-02-01T19:57:50.9707952Z > Task :core:archive:javaPreCompileRelease FROM-CACHE
Build & Public Release	Build Release APK	2026-02-01T19:57:50.9709225Z > Task :core:archive:compileReleaseJavaWithJavac NO-SOURCE
Build & Public Release	Build Release APK	2026-02-01T19:57:50.9710555Z > Task :core:archive:bundleLibCompileToJarRelease
Build & Public Release	Build Release APK	2026-02-01T19:57:51.0670320Z > Task :core:archive:mergeReleaseGeneratedProguardFiles
Build & Public Release	Build Release APK	2026-02-01T19:57:51.0673099Z > Task :core:archive:exportReleaseConsumerProguardFiles
Build & Public Release	Build Release APK	2026-02-01T19:57:51.0673821Z > Task :source-api:compileReleaseKotlinAndroid FROM-CACHE
Build & Public Release	Build Release APK	2026-02-01T19:57:51.0679146Z > Task :presentation-core:checkKotlinGradlePluginConfigurationErrors SKIPPED
Build & Public Release	Build Release APK	2026-02-01T19:57:51.0680295Z > Task :source-api:compileReleaseJavaWithJavac NO-SOURCE
Build & Public Release	Build Release APK	2026-02-01T19:57:51.0694892Z > Task :data:generateReleaseRFile FROM-CACHE
Build & Public Release	Build Release APK	2026-02-01T19:57:51.0695709Z > Task :presentation-core:generateReleaseResValues FROM-CACHE
Build & Public Release	Build Release APK	2026-02-01T19:57:51.0696460Z > Task :data:javaPreCompileRelease FROM-CACHE
Build & Public Release	Build Release APK	2026-02-01T19:57:51.0697379Z > Task :presentation-widget:checkKotlinGradlePluginConfigurationErrors SKIPPED
Build & Public Release	Build Release APK	2026-02-01T19:57:51.0698367Z > Task :presentation-widget:generateReleaseResValues FROM-CACHE
Build & Public Release	Build Release APK	2026-02-01T19:57:51.0699107Z > Task :source-api:bundleLibCompileToJarRelease
Build & Public Release	Build Release APK	2026-02-01T19:57:51.0708607Z > Task :presentation-core:generateReleaseResources FROM-CACHE
Build & Public Release	Build Release APK	2026-02-01T19:57:51.0723291Z > Task :presentation-widget:generateReleaseResources FROM-CACHE
Build & Public Release	Build Release APK	2026-02-01T19:57:51.1708105Z > Task :presentation-core:packageReleaseResources FROM-CACHE
Build & Public Release	Build Release APK	2026-02-01T19:57:51.1714555Z > Task :presentation-core:parseReleaseLocalResources FROM-CACHE
Build & Public Release	Build Release APK	2026-02-01T19:57:51.1715550Z > Task :core-metadata:compileReleaseKotlin FROM-CACHE
Build & Public Release	Build Release APK	2026-02-01T19:57:51.1716492Z > Task :core-metadata:compileReleaseJavaWithJavac NO-SOURCE
Build & Public Release	Build Release APK	2026-02-01T19:57:51.2688837Z > Task :core-metadata:bundleLibCompileToJarRelease
Build & Public Release	Build Release APK	2026-02-01T19:57:51.2689948Z > Task :core-metadata:mergeReleaseGeneratedProguardFiles
Build & Public Release	Build Release APK	2026-02-01T19:57:51.2690757Z > Task :core-metadata:exportReleaseConsumerProguardFiles
Build & Public Release	Build Release APK	2026-02-01T19:57:51.2691573Z > Task :presentation-widget:packageReleaseResources FROM-CACHE
Build & Public Release	Build Release APK	2026-02-01T19:57:51.3661135Z > Task :presentation-widget:parseReleaseLocalResources FROM-CACHE
Build & Public Release	Build Release APK	2026-02-01T19:57:51.3664680Z > Task :presentation-widget:javaPreCompileRelease FROM-CACHE
Build & Public Release	Build Release APK	2026-02-01T19:57:51.3666135Z > Task :source-api:mergeReleaseGeneratedProguardFiles
Build & Public Release	Build Release APK	2026-02-01T19:57:51.3668920Z > Task :source-api:exportReleaseConsumerProguardFiles
Build & Public Release	Build Release APK	2026-02-01T19:57:51.3669979Z > Task :flagkit:checkKotlinGradlePluginConfigurationErrors SKIPPED
Build & Public Release	Build Release APK	2026-02-01T19:57:51.3675437Z > Task :flagkit:generateReleaseResValues FROM-CACHE
Build & Public Release	Build Release APK	2026-02-01T19:57:51.3676110Z > Task :domain:compileReleaseKotlin FROM-CACHE
Build & Public Release	Build Release APK	2026-02-01T19:57:51.4673271Z > Task :domain:compileReleaseJavaWithJavac NO-SOURCE
Build & Public Release	Build Release APK	2026-02-01T19:57:51.4677508Z > Task :presentation-core:generateReleaseRFile FROM-CACHE
Build & Public Release	Build Release APK	2026-02-01T19:57:51.4678303Z > Task :app:expandReleaseL8ArtProfileWildcards FROM-CACHE
Build & Public Release	Build Release APK	2026-02-01T19:57:51.4679003Z > Task :flagkit:generateReleaseResources FROM-CACHE
Build & Public Release	Build Release APK	2026-02-01T19:57:51.6682143Z > Task :presentation-widget:generateReleaseRFile FROM-CACHE
Build & Public Release	Build Release APK	2026-02-01T19:57:51.6683265Z > Task :domain:mergeReleaseGeneratedProguardFiles
Build & Public Release	Build Release APK	2026-02-01T19:57:52.1663799Z > Task :app:stripReleaseDebugSymbols
Build & Public Release	Build Release APK	2026-02-01T19:57:52.1730692Z > Task :app:extractReleaseNativeSymbolTables FROM-CACHE
Build & Public Release	Build Release APK	2026-02-01T19:57:52.1758092Z > Task :app:mergeReleaseNativeDebugMetadata NO-SOURCE
Build & Public Release	Build Release APK	2026-02-01T19:57:52.1759287Z > Task :domain:exportReleaseConsumerProguardFiles
Build & Public Release	Build Release APK	2026-02-01T19:57:52.1760574Z > Task :domain:bundleLibCompileToJarRelease
Build & Public Release	Build Release APK	2026-02-01T19:57:52.1761451Z > Task :core:common:mergeReleaseGeneratedProguardFiles
Build & Public Release	Build Release APK	2026-02-01T19:57:52.2703704Z > Task :flagkit:packageReleaseResources FROM-CACHE
Build & Public Release	Build Release APK	2026-02-01T19:57:52.2708276Z > Task :flagkit:parseReleaseLocalResources FROM-CACHE
Build & Public Release	Build Release APK	2026-02-01T19:57:52.3665082Z > Task :source-local:compileReleaseKotlinAndroid FROM-CACHE
Build & Public Release	Build Release APK	2026-02-01T19:57:52.3674892Z > Task :presentation-core:compileReleaseKotlin FROM-CACHE
Build & Public Release	Build Release APK	2026-02-01T19:57:52.3676868Z > Task :flagkit:generateReleaseRFile FROM-CACHE
Build & Public Release	Build Release APK	2026-02-01T19:57:52.3678694Z > Task :source-local:compileReleaseJavaWithJavac NO-SOURCE
Build & Public Release	Build Release APK	2026-02-01T19:57:52.3680916Z > Task :presentation-core:javaPreCompileRelease FROM-CACHE
Build & Public Release	Build Release APK	2026-02-01T19:57:52.3685308Z > Task :source-local:mergeReleaseGeneratedProguardFiles
Build & Public Release	Build Release APK	2026-02-01T19:57:52.3689807Z > Task :presentation-core:compileReleaseJavaWithJavac NO-SOURCE
Build & Public Release	Build Release APK	2026-02-01T19:57:52.3691284Z > Task :source-local:exportReleaseConsumerProguardFiles
Build & Public Release	Build Release APK	2026-02-01T19:57:52.3692380Z > Task :presentation-core:mergeReleaseGeneratedProguardFiles
Build & Public Release	Build Release APK	2026-02-01T19:57:52.3694854Z > Task :presentation-core:exportReleaseConsumerProguardFiles
Build & Public Release	Build Release APK	2026-02-01T19:57:52.3697678Z > Task :core:common:exportReleaseConsumerProguardFiles
Build & Public Release	Build Release APK	2026-02-01T19:57:52.3698417Z > Task :presentation-core:bundleLibCompileToJarRelease
Build & Public Release	Build Release APK	2026-02-01T19:57:52.3700333Z > Task :i18n:mergeReleaseGeneratedProguardFiles
Build & Public Release	Build Release APK	2026-02-01T19:57:52.3700994Z > Task :i18n:exportReleaseConsumerProguardFiles
Build & Public Release	Build Release APK	2026-02-01T19:57:52.3702026Z > Task :i18n-kmk:kmpPartiallyResolvedDependenciesChecker
Build & Public Release	Build Release APK	2026-02-01T19:57:52.3702846Z > Task :i18n-kmk:checkKotlinGradlePluginConfigurationErrors SKIPPED
Build & Public Release	Build Release APK	2026-02-01T19:57:52.3703945Z > Task :flagkit:compileReleaseKotlin FROM-CACHE
Build & Public Release	Build Release APK	2026-02-01T19:57:52.3704569Z > Task :flagkit:javaPreCompileRelease FROM-CACHE
Build & Public Release	Build Release APK	2026-02-01T19:57:52.3705227Z > Task :i18n-kmk:generateReleaseResValues FROM-CACHE
Build & Public Release	Build Release APK	2026-02-01T19:57:52.3706104Z > Task :flagkit:compileReleaseJavaWithJavac NO-SOURCE
Build & Public Release	Build Release APK	2026-02-01T19:57:52.4666401Z > Task :i18n-kmk:generateReleaseResources FROM-CACHE
Build & Public Release	Build Release APK	2026-02-01T19:57:52.4671789Z > Task :flagkit:mergeReleaseGeneratedProguardFiles
Build & Public Release	Build Release APK	2026-02-01T19:57:52.4672533Z > Task :flagkit:exportReleaseConsumerProguardFiles
Build & Public Release	Build Release APK	2026-02-01T19:57:52.4673201Z > Task :i18n-ank:mergeReleaseGeneratedProguardFiles
Build & Public Release	Build Release APK	2026-02-01T19:57:52.4673878Z > Task :i18n-ank:exportReleaseConsumerProguardFiles
Build & Public Release	Build Release APK	2026-02-01T19:57:52.4674510Z > Task :i18n-sy:mergeReleaseGeneratedProguardFiles
Build & Public Release	Build Release APK	2026-02-01T19:57:52.4675136Z > Task :i18n-kmk:packageReleaseResources FROM-CACHE
Build & Public Release	Build Release APK	2026-02-01T19:57:52.4675779Z > Task :i18n-sy:exportReleaseConsumerProguardFiles
Build & Public Release	Build Release APK	2026-02-01T19:57:52.4676499Z > Task :telemetry:checkKotlinGradlePluginConfigurationErrors SKIPPED
Build & Public Release	Build Release APK	2026-02-01T19:57:52.4677318Z > Task :telemetry:generateReleaseResValues FROM-CACHE
Build & Public Release	Build Release APK	2026-02-01T19:57:52.4678039Z > Task :i18n-kmk:parseReleaseLocalResources FROM-CACHE
Build & Public Release	Build Release APK	2026-02-01T19:57:52.4678700Z > Task :data:compileReleaseKotlin FROM-CACHE
Build & Public Release	Build Release APK	2026-02-01T19:57:52.4679329Z > Task :telemetry:generateReleaseResources FROM-CACHE
Build & Public Release	Build Release APK	2026-02-01T19:57:52.4680229Z > Task :data:compileReleaseJavaWithJavac NO-SOURCE
Build & Public Release	Build Release APK	2026-02-01T19:57:52.4680875Z > Task :data:mergeReleaseGeneratedProguardFiles
Build & Public Release	Build Release APK	2026-02-01T19:57:52.4681513Z > Task :i18n-kmk:generateReleaseRFile FROM-CACHE
Build & Public Release	Build Release APK	2026-02-01T19:57:52.4682653Z > Task :presentation-widget:compileReleaseKotlin FROM-CACHE
Build & Public Release	Build Release APK	2026-02-01T19:57:52.4683396Z > Task :data:exportReleaseConsumerProguardFiles
Build & Public Release	Build Release APK	2026-02-01T19:57:52.4684159Z > Task :presentation-widget:compileReleaseJavaWithJavac NO-SOURCE
Build & Public Release	Build Release APK	2026-02-01T19:57:52.4684920Z > Task :telemetry:packageReleaseResources FROM-CACHE
Build & Public Release	Build Release APK	2026-02-01T19:57:52.4685692Z > Task :presentation-widget:mergeReleaseGeneratedProguardFiles
Build & Public Release	Build Release APK	2026-02-01T19:57:52.5666059Z > Task :telemetry:parseReleaseLocalResources FROM-CACHE
Build & Public Release	Build Release APK	2026-02-01T19:57:52.5669137Z > Task :presentation-widget:exportReleaseConsumerProguardFiles
Build & Public Release	Build Release APK	2026-02-01T19:57:52.5671390Z > Task :telemetry:generateReleaseRFile FROM-CACHE
Build & Public Release	Build Release APK	2026-02-01T19:57:52.5672059Z > Task :core-metadata:writeReleaseAarMetadata
Build & Public Release	Build Release APK	2026-02-01T19:57:52.5673638Z > Task :data:writeReleaseAarMetadata
Build & Public Release	Build Release APK	2026-02-01T19:57:52.5674269Z > Task :i18n-kmk:compileReleaseKotlinAndroid FROM-CACHE
Build & Public Release	Build Release APK	2026-02-01T19:57:52.5674941Z > Task :i18n-kmk:javaPreCompileRelease FROM-CACHE
Build & Public Release	Build Release APK	2026-02-01T19:57:52.5675567Z > Task :domain:writeReleaseAarMetadata
Build & Public Release	Build Release APK	2026-02-01T19:57:52.5676227Z > Task :i18n-kmk:compileReleaseJavaWithJavac NO-SOURCE
Build & Public Release	Build Release APK	2026-02-01T19:57:52.5676885Z > Task :app:buildKotlinToolingMetadata
Build & Public Release	Build Release APK	2026-02-01T19:57:52.5677531Z > Task :i18n-kmk:mergeReleaseGeneratedProguardFiles
Build & Public Release	Build Release APK	2026-02-01T19:57:52.5678229Z > Task :telemetry:compileReleaseKotlin FROM-CACHE
Build & Public Release	Build Release APK	2026-02-01T19:57:52.5678890Z > Task :flagkit:writeReleaseAarMetadata
Build & Public Release	Build Release APK	2026-02-01T19:57:52.5679775Z > Task :i18n-kmk:exportReleaseConsumerProguardFiles
Build & Public Release	Build Release APK	2026-02-01T19:57:52.5680491Z > Task :telemetry:javaPreCompileRelease FROM-CACHE
Build & Public Release	Build Release APK	2026-02-01T19:57:52.5681537Z > Task :telemetry:compileReleaseJavaWithJavac NO-SOURCE
Build & Public Release	Build Release APK	2026-02-01T19:57:52.5682278Z > Task :telemetry:mergeReleaseGeneratedProguardFiles
Build & Public Release	Build Release APK	2026-02-01T19:57:52.5682986Z > Task :i18n-ank:writeReleaseAarMetadata
Build & Public Release	Build Release APK	2026-02-01T19:57:52.7690835Z > Task :telemetry:exportReleaseConsumerProguardFiles
Build & Public Release	Build Release APK	2026-02-01T19:57:52.7711840Z > Task :i18n-kmk:writeReleaseAarMetadata
Build & Public Release	Build Release APK	2026-02-01T19:57:52.7712827Z > Task :i18n:writeReleaseAarMetadata
Build & Public Release	Build Release APK	2026-02-01T19:57:52.7713668Z > Task :presentation-widget:writeReleaseAarMetadata
Build & Public Release	Build Release APK	2026-02-01T19:57:52.7714609Z > Task :app:checkKotlinGradlePluginConfigurationErrors SKIPPED
Build & Public Release	Build Release APK	2026-02-01T19:57:52.7715472Z > Task :i18n-sy:writeReleaseAarMetadata
Build & Public Release	Build Release APK	2026-02-01T19:57:52.7716261Z > Task :presentation-core:writeReleaseAarMetadata
Build & Public Release	Build Release APK	2026-02-01T19:57:52.8695211Z > Task :source-local:writeReleaseAarMetadata
Build & Public Release	Build Release APK	2026-02-01T19:57:52.8697671Z > Task :source-api:writeReleaseAarMetadata
Build & Public Release	Build Release APK	2026-02-01T19:57:52.8698686Z > Task :core:archive:writeReleaseAarMetadata
Build & Public Release	Build Release APK	2026-02-01T19:57:52.8699965Z > Task :telemetry:writeReleaseAarMetadata
Build & Public Release	Build Release APK	2026-02-01T19:57:52.8700684Z > Task :core-metadata:extractDeepLinksRelease FROM-CACHE
Build & Public Release	Build Release APK	2026-02-01T19:57:52.8701351Z > Task :core:common:writeReleaseAarMetadata
Build & Public Release	Build Release APK	2026-02-01T19:57:52.8701986Z > Task :data:extractDeepLinksRelease FROM-CACHE
Build & Public Release	Build Release APK	2026-02-01T19:57:52.8702683Z > Task :core-metadata:processReleaseManifest FROM-CACHE
Build & Public Release	Build Release APK	2026-02-01T19:57:52.8703376Z > Task :data:processReleaseManifest FROM-CACHE
Build & Public Release	Build Release APK	2026-02-01T19:57:52.8704055Z > Task :domain:extractDeepLinksRelease FROM-CACHE
Build & Public Release	Build Release APK	2026-02-01T19:57:52.8704690Z > Task :flagkit:extractDeepLinksRelease FROM-CACHE
Build & Public Release	Build Release APK	2026-02-01T19:57:52.8705306Z > Task :domain:processReleaseManifest FROM-CACHE
Build & Public Release	Build Release APK	2026-02-01T19:57:52.8705942Z > Task :flagkit:processReleaseManifest FROM-CACHE
Build & Public Release	Build Release APK	2026-02-01T19:57:52.8706567Z > Task :i18n:extractDeepLinksRelease FROM-CACHE
Build & Public Release	Build Release APK	2026-02-01T19:57:52.8707191Z > Task :i18n-ank:extractDeepLinksRelease FROM-CACHE
Build & Public Release	Build Release APK	2026-02-01T19:57:52.9683709Z > Task :i18n:processReleaseManifest FROM-CACHE
Build & Public Release	Build Release APK	2026-02-01T19:57:52.9688302Z > Task :app:checkReleaseDuplicateClasses
Build & Public Release	Build Release APK	2026-02-01T19:57:52.9689133Z > Task :i18n-kmk:extractDeepLinksRelease FROM-CACHE
Build & Public Release	Build Release APK	2026-02-01T19:57:52.9691676Z > Task :i18n-ank:processReleaseManifest FROM-CACHE
Build & Public Release	Build Release APK	2026-02-01T19:57:52.9692335Z > Task :i18n-sy:extractDeepLinksRelease FROM-CACHE
Build & Public Release	Build Release APK	2026-02-01T19:57:52.9693050Z > Task :presentation-core:extractDeepLinksRelease FROM-CACHE
Build & Public Release	Build Release APK	2026-02-01T19:57:52.9693743Z > Task :i18n-sy:processReleaseManifest FROM-CACHE
Build & Public Release	Build Release APK	2026-02-01T19:57:52.9694703Z > Task :i18n-kmk:processReleaseManifest FROM-CACHE
Build & Public Release	Build Release APK	2026-02-01T19:57:52.9695405Z > Task :presentation-widget:extractDeepLinksRelease FROM-CACHE
Build & Public Release	Build Release APK	2026-02-01T19:57:52.9696159Z > Task :presentation-core:processReleaseManifest FROM-CACHE
Build & Public Release	Build Release APK	2026-02-01T19:57:52.9696853Z > Task :source-api:extractDeepLinksRelease FROM-CACHE
Build & Public Release	Build Release APK	2026-02-01T19:57:52.9697514Z > Task :source-local:extractDeepLinksRelease FROM-CACHE
Build & Public Release	Build Release APK	2026-02-01T19:57:52.9698237Z > Task :presentation-widget:processReleaseManifest FROM-CACHE
Build & Public Release	Build Release APK	2026-02-01T19:57:52.9698957Z > Task :source-api:processReleaseManifest FROM-CACHE
Build & Public Release	Build Release APK	2026-02-01T19:57:52.9699745Z > Task :source-local:processReleaseManifest FROM-CACHE
Build & Public Release	Build Release APK	2026-02-01T19:57:52.9700397Z > Task :core:archive:extractDeepLinksRelease FROM-CACHE
Build & Public Release	Build Release APK	2026-02-01T19:57:52.9701043Z > Task :telemetry:extractDeepLinksRelease FROM-CACHE
Build & Public Release	Build Release APK	2026-02-01T19:57:52.9712014Z > Task :core:common:extractDeepLinksRelease FROM-CACHE
Build & Public Release	Build Release APK	2026-02-01T19:57:52.9713065Z > Task :telemetry:processReleaseManifest FROM-CACHE
Build & Public Release	Build Release APK	2026-02-01T19:57:52.9718712Z > Task :core:common:processReleaseManifest FROM-CACHE
Build & Public Release	Build Release APK	2026-02-01T19:57:52.9719986Z > Task :core:archive:processReleaseManifest FROM-CACHE
Build & Public Release	Build Release APK	2026-02-01T19:57:53.0664493Z > Task :i18n-kmk:bundleLibCompileToJarRelease
Build & Public Release	Build Release APK	2026-02-01T19:57:53.0666555Z > Task :flagkit:bundleLibCompileToJarRelease
Build & Public Release	Build Release APK	2026-02-01T19:57:53.0667752Z > Task :data:bundleLibCompileToJarRelease
Build & Public Release	Build Release APK	2026-02-01T19:57:53.0668667Z > Task :telemetry:bundleLibCompileToJarRelease
Build & Public Release	Build Release APK	2026-02-01T19:57:53.0669662Z > Task :source-local:bundleLibCompileToJarRelease
Build & Public Release	Build Release APK	2026-02-01T19:57:53.0670892Z > Task :core-metadata:bundleLibRuntimeToJarRelease
Build & Public Release	Build Release APK	2026-02-01T19:57:53.0671826Z > Task :presentation-widget:bundleLibCompileToJarRelease
Build & Public Release	Build Release APK	2026-02-01T19:57:53.0672811Z > Task :flagkit:bundleLibRuntimeToJarRelease
Build & Public Release	Build Release APK	2026-02-01T19:57:53.0674489Z > Task :app:dataBindingMergeDependencyArtifactsRelease
Build & Public Release	Build Release APK	2026-02-01T19:57:53.0675752Z > Task :i18n:bundleLibRuntimeToJarRelease
Build & Public Release	Build Release APK	2026-02-01T19:57:53.0676610Z > Task :app:generateReleaseResValues FROM-CACHE
Build & Public Release	Build Release APK	2026-02-01T19:57:53.0677457Z > Task :data:bundleLibRuntimeToJarRelease
Build & Public Release	Build Release APK	2026-02-01T19:57:53.1668142Z > Task :i18n-ank:bundleLibRuntimeToJarRelease
Build & Public Release	Build Release APK	2026-02-01T19:57:53.1669342Z > Task :i18n-kmk:bundleLibRuntimeToJarRelease
Build & Public Release	Build Release APK	2026-02-01T19:57:53.1670341Z > Task :domain:bundleLibRuntimeToJarRelease
Build & Public Release	Build Release APK	2026-02-01T19:57:53.1671111Z > Task :i18n-sy:bundleLibRuntimeToJarRelease
Build & Public Release	Build Release APK	2026-02-01T19:57:53.1671975Z > Task :presentation-core:bundleLibRuntimeToJarRelease
Build & Public Release	Build Release APK	2026-02-01T19:57:53.1672889Z > Task :presentation-widget:bundleLibRuntimeToJarRelease
Build & Public Release	Build Release APK	2026-02-01T19:57:53.1673787Z > Task :telemetry:bundleLibRuntimeToJarRelease
Build & Public Release	Build Release APK	2026-02-01T19:57:53.1674550Z > Task :source-api:bundleLibRuntimeToJarRelease
Build & Public Release	Build Release APK	2026-02-01T19:57:53.1675348Z > Task :source-local:bundleLibRuntimeToJarRelease
Build & Public Release	Build Release APK	2026-02-01T19:57:53.1676053Z > Task :core:archive:bundleLibRuntimeToJarRelease
Build & Public Release	Build Release APK	2026-02-01T19:57:53.1676788Z > Task :core:common:bundleLibRuntimeToJarRelease
Build & Public Release	Build Release APK	2026-02-01T19:57:53.2660808Z > Task :core-metadata:processReleaseJavaRes
Build & Public Release	Build Release APK	2026-02-01T19:57:53.2664940Z > Task :data:processReleaseJavaRes
Build & Public Release	Build Release APK	2026-02-01T19:57:53.2668835Z > Task :flagkit:processReleaseJavaRes
Build & Public Release	Build Release APK	2026-02-01T19:57:53.2671926Z > Task :app:generateReleaseResources FROM-CACHE
Build & Public Release	Build Release APK	2026-02-01T19:57:53.2672948Z > Task :app:prepareLibraryDefinitionsRelease FROM-CACHE
Build & Public Release	Build Release APK	2026-02-01T19:57:53.2674177Z > Task :i18n-ank:processReleaseJavaRes
Build & Public Release	Build Release APK	2026-02-01T19:57:53.2675409Z > Task :i18n:processReleaseJavaRes
Build & Public Release	Build Release APK	2026-02-01T19:57:53.2676339Z > Task :domain:processReleaseJavaRes
Build & Public Release	Build Release APK	2026-02-01T19:57:53.2677148Z > Task :i18n-kmk:processReleaseJavaRes
Build & Public Release	Build Release APK	2026-02-01T19:57:53.2678370Z > Task :i18n-sy:processReleaseJavaRes
Build & Public Release	Build Release APK	2026-02-01T19:57:53.2679714Z > Task :presentation-widget:processReleaseJavaRes
Build & Public Release	Build Release APK	2026-02-01T19:57:53.2681056Z > Task :presentation-core:processReleaseJavaRes
Build & Public Release	Build Release APK	2026-02-01T19:57:53.2682167Z > Task :source-api:processReleaseJavaRes
Build & Public Release	Build Release APK	2026-02-01T19:57:53.2683290Z > Task :source-local:processReleaseJavaRes
Build & Public Release	Build Release APK	2026-02-01T19:57:53.3659315Z > Task :telemetry:processReleaseJavaRes
Build & Public Release	Build Release APK	2026-02-01T19:57:53.3666172Z > Task :core:archive:processReleaseJavaRes
Build & Public Release	Build Release APK	2026-02-01T19:57:53.3701207Z > Task :data:mergeReleaseShaders
Build & Public Release	Build Release APK	2026-02-01T19:57:53.3702965Z > Task :core-metadata:mergeReleaseShaders
Build & Public Release	Build Release APK	2026-02-01T19:57:53.3704795Z > Task :core-metadata:compileReleaseShaders NO-SOURCE
Build & Public Release	Build Release APK	2026-02-01T19:57:53.3717399Z > Task :data:compileReleaseShaders NO-SOURCE
Build & Public Release	Build Release APK	2026-02-01T19:57:53.3721593Z > Task :core-metadata:generateReleaseAssets UP-TO-DATE
Build & Public Release	Build Release APK	2026-02-01T19:57:53.3722249Z > Task :data:generateReleaseAssets UP-TO-DATE
Build & Public Release	Build Release APK	2026-02-01T19:57:53.3722829Z > Task :core-metadata:mergeReleaseAssets
Build & Public Release	Build Release APK	2026-02-01T19:57:53.3723373Z > Task :data:mergeReleaseAssets
Build & Public Release	Build Release APK	2026-02-01T19:57:53.3723885Z > Task :core:common:processReleaseJavaRes
Build & Public Release	Build Release APK	2026-02-01T19:57:53.3724410Z > Task :domain:mergeReleaseShaders
Build & Public Release	Build Release APK	2026-02-01T19:57:53.3724905Z > Task :i18n:mergeReleaseShaders
Build & Public Release	Build Release APK	2026-02-01T19:57:53.3725377Z > Task :flagkit:mergeReleaseShaders
Build & Public Release	Build Release APK	2026-02-01T19:57:53.3725909Z > Task :domain:compileReleaseShaders NO-SOURCE
Build & Public Release	Build Release APK	2026-02-01T19:57:53.3726532Z > Task :domain:generateReleaseAssets UP-TO-DATE
Build & Public Release	Build Release APK	2026-02-01T19:57:53.3727113Z > Task :i18n:compileReleaseShaders NO-SOURCE
Build & Public Release	Build Release APK	2026-02-01T19:57:53.3727695Z > Task :i18n:generateReleaseAssets UP-TO-DATE
Build & Public Release	Build Release APK	2026-02-01T19:57:53.3728297Z > Task :flagkit:compileReleaseShaders NO-SOURCE
Build & Public Release	Build Release APK	2026-02-01T19:57:53.3741319Z > Task :flagkit:generateReleaseAssets UP-TO-DATE
Build & Public Release	Build Release APK	2026-02-01T19:57:53.3741925Z > Task :domain:mergeReleaseAssets
Build & Public Release	Build Release APK	2026-02-01T19:57:53.3742486Z > Task :i18n:releaseAssetsCopyForAGP NO-SOURCE
Build & Public Release	Build Release APK	2026-02-01T19:57:53.4694027Z > Task :flagkit:mergeReleaseAssets
Build & Public Release	Build Release APK	2026-02-01T19:57:53.4695302Z > Task :i18n-ank:mergeReleaseShaders
Build & Public Release	Build Release APK	2026-02-01T19:57:53.4697409Z > Task :i18n:mergeReleaseAssets
Build & Public Release	Build Release APK	2026-02-01T19:57:53.4698485Z > Task :i18n-ank:compileReleaseShaders NO-SOURCE
Build & Public Release	Build Release APK	2026-02-01T19:57:53.4699684Z > Task :i18n-ank:generateReleaseAssets UP-TO-DATE
Build & Public Release	Build Release APK	2026-02-01T19:57:53.4701095Z > Task :i18n-ank:releaseAssetsCopyForAGP NO-SOURCE
Build & Public Release	Build Release APK	2026-02-01T19:57:53.4703677Z > Task :i18n-sy:mergeReleaseShaders
Build & Public Release	Build Release APK	2026-02-01T19:57:53.4704384Z > Task :i18n-kmk:mergeReleaseShaders
Build & Public Release	Build Release APK	2026-02-01T19:57:53.4705150Z > Task :i18n-sy:compileReleaseShaders NO-SOURCE
Build & Public Release	Build Release APK	2026-02-01T19:57:53.4717582Z > Task :i18n-sy:generateReleaseAssets UP-TO-DATE
Build & Public Release	Build Release APK	2026-02-01T19:57:53.4719166Z > Task :i18n-sy:releaseAssetsCopyForAGP NO-SOURCE
Build & Public Release	Build Release APK	2026-02-01T19:57:53.4720633Z > Task :i18n-kmk:compileReleaseShaders NO-SOURCE
Build & Public Release	Build Release APK	2026-02-01T19:57:53.4721693Z > Task :i18n-kmk:generateReleaseAssets UP-TO-DATE
Build & Public Release	Build Release APK	2026-02-01T19:57:53.4723053Z > Task :i18n-kmk:releaseAssetsCopyForAGP NO-SOURCE
Build & Public Release	Build Release APK	2026-02-01T19:57:53.4725656Z > Task :i18n-sy:mergeReleaseAssets
Build & Public Release	Build Release APK	2026-02-01T19:57:53.4727846Z > Task :i18n-ank:mergeReleaseAssets
Build & Public Release	Build Release APK	2026-02-01T19:57:53.4728522Z > Task :i18n-kmk:mergeReleaseAssets
Build & Public Release	Build Release APK	2026-02-01T19:57:53.4729317Z > Task :presentation-core:mergeReleaseShaders
Build & Public Release	Build Release APK	2026-02-01T19:57:53.4730550Z > Task :presentation-core:compileReleaseShaders NO-SOURCE
Build & Public Release	Build Release APK	2026-02-01T19:57:53.4731640Z > Task :presentation-core:generateReleaseAssets UP-TO-DATE
Build & Public Release	Build Release APK	2026-02-01T19:57:53.4732706Z > Task :presentation-widget:mergeReleaseShaders
Build & Public Release	Build Release APK	2026-02-01T19:57:53.4733987Z > Task :presentation-widget:compileReleaseShaders NO-SOURCE
Build & Public Release	Build Release APK	2026-02-01T19:57:53.4736481Z > Task :presentation-widget:generateReleaseAssets UP-TO-DATE
Build & Public Release	Build Release APK	2026-02-01T19:57:53.4737440Z > Task :source-api:mergeReleaseShaders
Build & Public Release	Build Release APK	2026-02-01T19:57:53.4738318Z > Task :presentation-core:mergeReleaseAssets
Build & Public Release	Build Release APK	2026-02-01T19:57:53.4739152Z > Task :source-api:compileReleaseShaders NO-SOURCE
Build & Public Release	Build Release APK	2026-02-01T19:57:53.4746824Z > Task :source-api:generateReleaseAssets UP-TO-DATE
Build & Public Release	Build Release APK	2026-02-01T19:57:53.4747510Z > Task :presentation-widget:mergeReleaseAssets
Build & Public Release	Build Release APK	2026-02-01T19:57:53.4748162Z > Task :source-api:releaseAssetsCopyForAGP NO-SOURCE
Build & Public Release	Build Release APK	2026-02-01T19:57:53.4748809Z > Task :telemetry:mergeReleaseShaders
Build & Public Release	Build Release APK	2026-02-01T19:57:53.4749349Z > Task :source-local:mergeReleaseShaders
Build & Public Release	Build Release APK	2026-02-01T19:57:53.4750107Z > Task :telemetry:compileReleaseShaders NO-SOURCE
Build & Public Release	Build Release APK	2026-02-01T19:57:53.4750716Z > Task :telemetry:generateReleaseAssets UP-TO-DATE
Build & Public Release	Build Release APK	2026-02-01T19:57:53.4751333Z > Task :source-local:compileReleaseShaders NO-SOURCE
Build & Public Release	Build Release APK	2026-02-01T19:57:53.4751979Z > Task :source-local:generateReleaseAssets UP-TO-DATE
Build & Public Release	Build Release APK	2026-02-01T19:57:53.4752972Z > Task :source-local:releaseAssetsCopyForAGP NO-SOURCE
Build & Public Release	Build Release APK	2026-02-01T19:57:53.4768135Z > Task :source-api:mergeReleaseAssets
Build & Public Release	Build Release APK	2026-02-01T19:57:53.4768787Z > Task :telemetry:mergeReleaseAssets
Build & Public Release	Build Release APK	2026-02-01T19:57:53.4769916Z > Task :source-local:mergeReleaseAssets
Build & Public Release	Build Release APK	2026-02-01T19:57:53.4770543Z > Task :core:archive:mergeReleaseShaders
Build & Public Release	Build Release APK	2026-02-01T19:57:53.4771192Z > Task :core-metadata:stripReleaseDebugSymbols NO-SOURCE
Build & Public Release	Build Release APK	2026-02-01T19:57:53.4771898Z > Task :core:archive:compileReleaseShaders NO-SOURCE
Build & Public Release	Build Release APK	2026-02-01T19:57:53.4772590Z > Task :core:archive:generateReleaseAssets UP-TO-DATE
Build & Public Release	Build Release APK	2026-02-01T19:57:53.4773221Z > Task :core:common:mergeReleaseShaders
Build & Public Release	Build Release APK	2026-02-01T19:57:53.4773839Z > Task :core:common:compileReleaseShaders NO-SOURCE
Build & Public Release	Build Release APK	2026-02-01T19:57:53.4774505Z > Task :core:common:generateReleaseAssets UP-TO-DATE
Build & Public Release	Build Release APK	2026-02-01T19:57:53.4775258Z > Task :core-metadata:copyReleaseJniLibsProjectAndLocalJars
Build & Public Release	Build Release APK	2026-02-01T19:57:53.4776082Z > Task :core-metadata:extractDeepLinksForAarRelease FROM-CACHE
Build & Public Release	Build Release APK	2026-02-01T19:57:53.5720487Z > Task :core:archive:mergeReleaseAssets
Build & Public Release	Build Release APK	2026-02-01T19:57:53.5722911Z > Task :core:common:mergeReleaseAssets
Build & Public Release	Build Release APK	2026-02-01T19:57:53.5723772Z > Task :i18n-sy:compileReleaseLibraryResources FROM-CACHE
Build & Public Release	Build Release APK	2026-02-01T19:57:53.5724839Z > Task :i18n:compileReleaseLibraryResources FROM-CACHE
Build & Public Release	Build Release APK	2026-02-01T19:57:53.5725879Z > Task :source-api:compileReleaseLibraryResources FROM-CACHE
Build & Public Release	Build Release APK	2026-02-01T19:57:53.5726800Z > Task :core:common:compileReleaseLibraryResources FROM-CACHE
Build & Public Release	Build Release APK	2026-02-01T19:57:53.5727696Z > Task :data:stripReleaseDebugSymbols NO-SOURCE
Build & Public Release	Build Release APK	2026-02-01T19:57:53.5760107Z > Task :data:copyReleaseJniLibsProjectAndLocalJars
Build & Public Release	Build Release APK	2026-02-01T19:57:53.5761089Z > Task :domain:compileReleaseLibraryResources FROM-CACHE
Build & Public Release	Build Release APK	2026-02-01T19:57:53.5762194Z > Task :data:extractDeepLinksForAarRelease FROM-CACHE
Build & Public Release	Build Release APK	2026-02-01T19:57:53.5763074Z > Task :i18n-ank:compileReleaseLibraryResources FROM-CACHE
Build & Public Release	Build Release APK	2026-02-01T19:57:53.5763908Z > Task :domain:stripReleaseDebugSymbols NO-SOURCE
Build & Public Release	Build Release APK	2026-02-01T19:57:53.5764796Z > Task :domain:copyReleaseJniLibsProjectAndLocalJars
Build & Public Release	Build Release APK	2026-02-01T19:57:53.5765697Z > Task :domain:extractDeepLinksForAarRelease FROM-CACHE
Build & Public Release	Build Release APK	2026-02-01T19:57:54.0660101Z > Task :app:prepareReleaseShortcutXML
Build & Public Release	Build Release APK	2026-02-01T19:57:54.9677738Z > Task :core-metadata:extractReleaseAnnotations FROM-CACHE
Build & Public Release	Build Release APK	2026-02-01T19:57:54.9680999Z > Task :core-metadata:mergeReleaseConsumerProguardFiles
Build & Public Release	Build Release APK	2026-02-01T19:57:54.9682869Z > Task :core-metadata:prepareLintJarForPublish
Build & Public Release	Build Release APK	2026-02-01T19:57:55.1659248Z > Task :core-metadata:mergeReleaseJavaResource
Build & Public Release	Build Release APK	2026-02-01T19:57:55.1660738Z > Task :core-metadata:syncReleaseLibJars FROM-CACHE
Build & Public Release	Build Release APK	2026-02-01T19:57:55.1661723Z > Task :domain:extractReleaseAnnotations FROM-CACHE
Build & Public Release	Build Release APK	2026-02-01T19:57:55.1662693Z > Task :data:extractReleaseAnnotations FROM-CACHE
Build & Public Release	Build Release APK	2026-02-01T19:57:55.1663547Z > Task :data:mergeReleaseConsumerProguardFiles
Build & Public Release	Build Release APK	2026-02-01T19:57:55.1664369Z > Task :domain:mergeReleaseConsumerProguardFiles
Build & Public Release	Build Release APK	2026-02-01T19:57:55.1665151Z > Task :domain:prepareLintJarForPublish
Build & Public Release	Build Release APK	2026-02-01T19:57:55.1665890Z > Task :data:prepareLintJarForPublish
Build & Public Release	Build Release APK	2026-02-01T19:57:55.2658868Z > Task :core-metadata:bundleReleaseAar
Build & Public Release	Build Release APK	2026-02-01T19:57:55.2663307Z > Task :data:mergeReleaseJavaResource
Build & Public Release	Build Release APK	2026-02-01T19:57:55.2665036Z > Task :domain:mergeReleaseJavaResource
Build & Public Release	Build Release APK	2026-02-01T19:57:55.2668961Z > Task :data:syncReleaseLibJars FROM-CACHE
Build & Public Release	Build Release APK	2026-02-01T19:57:55.2671356Z > Task :domain:syncReleaseLibJars FROM-CACHE
Build & Public Release	Build Release APK	2026-02-01T19:57:55.3660434Z > Task :core-metadata:mapReleaseSourceSetPaths
Build & Public Release	Build Release APK	2026-02-01T19:57:55.3665364Z > Task :data:bundleReleaseAar
Build & Public Release	Build Release APK	2026-02-01T19:57:55.3670040Z > Task :domain:bundleReleaseAar
Build & Public Release	Build Release APK	2026-02-01T19:57:55.3674588Z > Task :data:mapReleaseSourceSetPaths
Build & Public Release	Build Release APK	2026-02-01T19:57:55.4700676Z > Task :domain:mapReleaseSourceSetPaths
Build & Public Release	Build Release APK	2026-02-01T19:57:55.4741260Z > Task :flagkit:stripReleaseDebugSymbols NO-SOURCE
Build & Public Release	Build Release APK	2026-02-01T19:57:55.4742138Z > Task :flagkit:copyReleaseJniLibsProjectAndLocalJars
Build & Public Release	Build Release APK	2026-02-01T19:57:55.4742930Z > Task :flagkit:extractDeepLinksForAarRelease FROM-CACHE
Build & Public Release	Build Release APK	2026-02-01T19:57:55.4743693Z > Task :flagkit:extractReleaseAnnotations FROM-CACHE
Build & Public Release	Build Release APK	2026-02-01T19:57:55.4744776Z > Task :flagkit:mergeReleaseConsumerProguardFiles
Build & Public Release	Build Release APK	2026-02-01T19:57:55.4745456Z > Task :flagkit:prepareLintJarForPublish
Build & Public Release	Build Release APK	2026-02-01T19:57:55.5659372Z > Task :flagkit:mergeReleaseJavaResource
Build & Public Release	Build Release APK	2026-02-01T19:57:55.5661470Z > Task :flagkit:syncReleaseLibJars FROM-CACHE
Build & Public Release	Build Release APK	2026-02-01T19:57:55.7672270Z > Task :flagkit:bundleReleaseAar
Build & Public Release	Build Release APK	2026-02-01T19:57:55.7678561Z > Task :flagkit:mapReleaseSourceSetPaths
Build & Public Release	Build Release APK	2026-02-01T19:57:55.7679852Z > Task :i18n:stripReleaseDebugSymbols NO-SOURCE
Build & Public Release	Build Release APK	2026-02-01T19:57:55.7680988Z > Task :i18n:copyReleaseJniLibsProjectAndLocalJars
Build & Public Release	Build Release APK	2026-02-01T19:57:55.7681999Z > Task :i18n:extractDeepLinksForAarRelease FROM-CACHE
Build & Public Release	Build Release APK	2026-02-01T19:57:55.8659720Z > Task :i18n:extractReleaseAnnotations FROM-CACHE
Build & Public Release	Build Release APK	2026-02-01T19:57:55.8701982Z > Task :i18n:mergeReleaseConsumerProguardFiles
Build & Public Release	Build Release APK	2026-02-01T19:57:55.8730385Z > Task :i18n:prepareLintJarForPublish
Build & Public Release	Build Release APK	2026-02-01T19:57:55.8731324Z > Task :i18n:mergeReleaseJavaResource
Build & Public Release	Build Release APK	2026-02-01T19:57:55.8732137Z > Task :i18n:syncReleaseLibJars FROM-CACHE
Build & Public Release	Build Release APK	2026-02-01T19:57:56.0659198Z > Task :core-metadata:mergeReleaseResources FROM-CACHE
Build & Public Release	Build Release APK	2026-02-01T19:57:56.0664099Z > Task :data:mergeReleaseResources FROM-CACHE
Build & Public Release	Build Release APK	2026-02-01T19:57:56.1669884Z > Task :app:mergeReleaseResources FROM-CACHE
Build & Public Release	Build Release APK	2026-02-01T19:57:56.2702649Z > Task :i18n:bundleReleaseAar
Build & Public Release	Build Release APK	2026-02-01T19:57:56.2706996Z > Task :app:dataBindingGenBaseClassesRelease FROM-CACHE
Build & Public Release	Build Release APK	2026-02-01T19:57:56.4659817Z > Task :data:verifyReleaseResources FROM-CACHE
Build & Public Release	Build Release APK	2026-02-01T19:57:56.4664700Z > Task :data:assembleRelease
Build & Public Release	Build Release APK	2026-02-01T19:57:56.4669297Z > Task :core-metadata:verifyReleaseResources FROM-CACHE
Build & Public Release	Build Release APK	2026-02-01T19:57:56.4674271Z > Task :core-metadata:assembleRelease
Build & Public Release	Build Release APK	2026-02-01T19:57:56.4678528Z > Task :i18n:mapReleaseSourceSetPaths
Build & Public Release	Build Release APK	2026-02-01T19:57:56.6686530Z > Task :app:generateReleaseBuildConfig
Build & Public Release	Build Release APK	2026-02-01T19:57:56.6694960Z > Task :domain:mergeReleaseResources FROM-CACHE
Build & Public Release	Build Release APK	2026-02-01T19:57:56.7664836Z > Task :domain:verifyReleaseResources FROM-CACHE
Build & Public Release	Build Release APK	2026-02-01T19:57:56.8660643Z > Task :domain:assembleRelease
Build & Public Release	Build Release APK	2026-02-01T19:57:56.8665459Z > Task :i18n-ank:stripReleaseDebugSymbols NO-SOURCE
Build & Public Release	Build Release APK	2026-02-01T19:57:56.8670212Z > Task :i18n-ank:copyReleaseJniLibsProjectAndLocalJars
Build & Public Release	Build Release APK	2026-02-01T19:57:56.8674782Z > Task :i18n-ank:extractDeepLinksForAarRelease FROM-CACHE
Build & Public Release	Build Release APK	2026-02-01T19:57:56.8679224Z > Task :i18n-ank:extractReleaseAnnotations FROM-CACHE
Build & Public Release	Build Release APK	2026-02-01T19:57:56.8684076Z > Task :i18n-ank:mergeReleaseConsumerProguardFiles
Build & Public Release	Build Release APK	2026-02-01T19:57:56.9683909Z > Task :app:checkReleaseAarMetadata
Build & Public Release	Build Release APK	2026-02-01T19:57:56.9691232Z > Task :i18n-ank:prepareLintJarForPublish
Build & Public Release	Build Release APK	2026-02-01T19:57:56.9692195Z > Task :app:mapReleaseSourceSetPaths
Build & Public Release	Build Release APK	2026-02-01T19:57:56.9692783Z > Task :i18n-ank:mergeReleaseJavaResource
Build & Public Release	Build Release APK	2026-02-01T19:57:56.9693416Z > Task :app:createReleaseCompatibleScreenManifests
Build & Public Release	Build Release APK	2026-02-01T19:57:56.9694101Z > Task :app:extractDeepLinksRelease FROM-CACHE
Build & Public Release	Build Release APK	2026-02-01T19:57:56.9694726Z > Task :i18n-ank:syncReleaseLibJars FROM-CACHE
Build & Public Release	Build Release APK	2026-02-01T19:57:56.9695325Z > Task :i18n:mergeReleaseResources FROM-CACHE
Build & Public Release	Build Release APK	2026-02-01T19:57:57.0660236Z > Task :i18n-ank:bundleReleaseAar
Build & Public Release	Build Release APK	2026-02-01T19:57:57.0663229Z > Task :i18n-ank:mapReleaseSourceSetPaths
Build & Public Release	Build Release APK	2026-02-01T19:57:57.1661354Z > Task :flagkit:mergeReleaseResources FROM-CACHE
Build & Public Release	Build Release APK	2026-02-01T19:57:57.1665907Z > Task :i18n-ank:mergeReleaseResources FROM-CACHE
Build & Public Release	Build Release APK	2026-02-01T19:57:57.1670346Z > Task :i18n:verifyReleaseResources FROM-CACHE
Build & Public Release	Build Release APK	2026-02-01T19:57:57.1675822Z > Task :i18n:assembleRelease
Build & Public Release	Build Release APK	2026-02-01T19:57:57.1676603Z > Task :i18n-kmk:stripReleaseDebugSymbols NO-SOURCE
Build & Public Release	Build Release APK	2026-02-01T19:57:57.2661124Z > Task :i18n-ank:verifyReleaseResources FROM-CACHE
Build & Public Release	Build Release APK	2026-02-01T19:57:57.2666128Z > Task :i18n-ank:assembleRelease
Build & Public Release	Build Release APK	2026-02-01T19:57:57.2678319Z > Task :i18n-kmk:extractDeepLinksForAarRelease FROM-CACHE
Build & Public Release	Build Release APK	2026-02-01T19:57:57.2685386Z > Task :i18n-kmk:extractReleaseAnnotations FROM-CACHE
Build & Public Release	Build Release APK	2026-02-01T19:57:57.2710362Z > Task :i18n-kmk:mergeReleaseConsumerProguardFiles
Build & Public Release	Build Release APK	2026-02-01T19:57:57.2715053Z > Task :i18n-kmk:copyReleaseJniLibsProjectAndLocalJars
Build & Public Release	Build Release APK	2026-02-01T19:57:57.2717090Z > Task :i18n-sy:stripReleaseDebugSymbols NO-SOURCE
Build & Public Release	Build Release APK	2026-02-01T19:57:57.2725433Z > Task :i18n-kmk:prepareLintJarForPublish
Build & Public Release	Build Release APK	2026-02-01T19:57:57.2726312Z > Task :i18n-sy:copyReleaseJniLibsProjectAndLocalJars
Build & Public Release	Build Release APK	2026-02-01T19:57:57.2727202Z > Task :app:processReleaseMainManifest FROM-CACHE
Build & Public Release	Build Release APK	2026-02-01T19:57:57.2780585Z > Task :i18n-kmk:mergeReleaseJavaResource
Build & Public Release	Build Release APK	2026-02-01T19:57:57.2781674Z > Task :app:processReleaseManifest FROM-CACHE
Build & Public Release	Build Release APK	2026-02-01T19:57:57.2782476Z > Task :i18n-kmk:mapReleaseSourceSetPaths
Build & Public Release	Build Release APK	2026-02-01T19:57:57.2783305Z > Task :i18n-sy:extractDeepLinksForAarRelease FROM-CACHE
Build & Public Release	Build Release APK	2026-02-01T19:57:57.2784226Z > Task :app:processReleaseManifestForPackage FROM-CACHE
Build & Public Release	Build Release APK	2026-02-01T19:57:57.2785037Z > Task :i18n-kmk:syncReleaseLibJars FROM-CACHE
Build & Public Release	Build Release APK	2026-02-01T19:57:57.3676769Z > Task :i18n-sy:extractReleaseAnnotations FROM-CACHE
Build & Public Release	Build Release APK	2026-02-01T19:57:57.3677510Z > Task :i18n-sy:mergeReleaseConsumerProguardFiles
Build & Public Release	Build Release APK	2026-02-01T19:57:57.3678041Z > Task :i18n-kmk:bundleReleaseAar
Build & Public Release	Build Release APK	2026-02-01T19:57:57.4661720Z > Task :i18n-sy:prepareLintJarForPublish
Build & Public Release	Build Release APK	2026-02-01T19:57:57.4663776Z > Task :i18n-sy:mergeReleaseJavaResource
Build & Public Release	Build Release APK	2026-02-01T19:57:57.4665609Z > Task :i18n-sy:syncReleaseLibJars FROM-CACHE
Build & Public Release	Build Release APK	2026-02-01T19:57:57.4667407Z > Task :i18n-kmk:mergeReleaseResources FROM-CACHE
Build & Public Release	Build Release APK	2026-02-01T19:57:57.4669210Z > Task :flagkit:verifyReleaseResources FROM-CACHE
Build & Public Release	Build Release APK	2026-02-01T19:57:57.4680654Z > Task :flagkit:assembleRelease
Build & Public Release	Build Release APK	2026-02-01T19:57:57.4681292Z > Task :presentation-core:stripReleaseDebugSymbols NO-SOURCE
Build & Public Release	Build Release APK	2026-02-01T19:57:57.4682064Z > Task :presentation-core:copyReleaseJniLibsProjectAndLocalJars
Build & Public Release	Build Release APK	2026-02-01T19:57:57.4683358Z > Task :presentation-core:extractDeepLinksForAarRelease FROM-CACHE
Build & Public Release	Build Release APK	2026-02-01T19:57:57.5664642Z > Task :i18n-kmk:verifyReleaseResources FROM-CACHE
Build & Public Release	Build Release APK	2026-02-01T19:57:57.5669364Z > Task :i18n-kmk:assembleRelease
Build & Public Release	Build Release APK	2026-02-01T19:57:57.5674834Z > Task :presentation-widget:stripReleaseDebugSymbols NO-SOURCE
Build & Public Release	Build Release APK	2026-02-01T19:57:57.5686109Z > Task :presentation-widget:copyReleaseJniLibsProjectAndLocalJars
Build & Public Release	Build Release APK	2026-02-01T19:57:57.5691191Z > Task :presentation-widget:extractDeepLinksForAarRelease FROM-CACHE
Build & Public Release	Build Release APK	2026-02-01T19:57:57.5740992Z > Task :i18n-sy:bundleReleaseAar
Build & Public Release	Build Release APK	2026-02-01T19:57:57.5745338Z > Task :i18n-sy:mapReleaseSourceSetPaths
Build & Public Release	Build Release APK	2026-02-01T19:57:57.5746264Z > Task :presentation-core:extractReleaseAnnotations FROM-CACHE
Build & Public Release	Build Release APK	2026-02-01T19:57:57.5747317Z > Task :presentation-core:mergeReleaseConsumerProguardFiles
Build & Public Release	Build Release APK	2026-02-01T19:57:57.5753070Z > Task :presentation-core:prepareLintJarForPublish
Build & Public Release	Build Release APK	2026-02-01T19:57:57.6663256Z > Task :presentation-core:mergeReleaseJavaResource
Build & Public Release	Build Release APK	2026-02-01T19:57:57.6669632Z > Task :presentation-core:syncReleaseLibJars FROM-CACHE
Build & Public Release	Build Release APK	2026-02-01T19:57:57.6675948Z > Task :presentation-widget:extractReleaseAnnotations FROM-CACHE
Build & Public Release	Build Release APK	2026-02-01T19:57:57.6680759Z > Task :presentation-widget:mergeReleaseConsumerProguardFiles
Build & Public Release	Build Release APK	2026-02-01T19:57:57.6685472Z > Task :presentation-widget:prepareLintJarForPublish
Build & Public Release	Build Release APK	2026-02-01T19:57:57.6688415Z > Task :presentation-widget:mergeReleaseJavaResource
Build & Public Release	Build Release APK	2026-02-01T19:57:57.6690432Z > Task :presentation-widget:syncReleaseLibJars FROM-CACHE
Build & Public Release	Build Release APK	2026-02-01T19:57:57.6692219Z > Task :presentation-core:bundleReleaseAar
Build & Public Release	Build Release APK	2026-02-01T19:57:57.7683107Z > Task :i18n-sy:mergeReleaseResources FROM-CACHE
Build & Public Release	Build Release APK	2026-02-01T19:57:57.7687641Z > Task :presentation-widget:bundleReleaseAar
Build & Public Release	Build Release APK	2026-02-01T19:57:57.7689800Z > Task :presentation-core:mapReleaseSourceSetPaths
Build & Public Release	Build Release APK	2026-02-01T19:57:57.7694032Z > Task :i18n-sy:verifyReleaseResources FROM-CACHE
Build & Public Release	Build Release APK	2026-02-01T19:57:57.7696681Z > Task :i18n-sy:assembleRelease
Build & Public Release	Build Release APK	2026-02-01T19:57:57.7699084Z > Task :source-api:stripReleaseDebugSymbols NO-SOURCE
Build & Public Release	Build Release APK	2026-02-01T19:57:57.8660456Z > Task :source-api:copyReleaseJniLibsProjectAndLocalJars
Build & Public Release	Build Release APK	2026-02-01T19:57:57.8663136Z > Task :source-api:extractDeepLinksForAarRelease FROM-CACHE
Build & Public Release	Build Release APK	2026-02-01T19:57:57.8667596Z > Task :presentation-widget:mapReleaseSourceSetPaths
Build & Public Release	Build Release APK	2026-02-01T19:57:57.8671943Z > Task :source-api:extractReleaseAnnotations FROM-CACHE
Build & Public Release	Build Release APK	2026-02-01T19:57:57.8674138Z > Task :source-api:mergeReleaseConsumerProguardFiles
Build & Public Release	Build Release APK	2026-02-01T19:57:57.9700509Z > Task :source-api:prepareLintJarForPublish
Build & Public Release	Build Release APK	2026-02-01T19:57:57.9701964Z > Task :app:processReleaseResources FROM-CACHE
Build & Public Release	Build Release APK	2026-02-01T19:57:57.9703009Z > Task :source-api:mergeReleaseJavaResource
Build & Public Release	Build Release APK	2026-02-01T19:57:57.9704152Z > Task :source-api:syncReleaseLibJars FROM-CACHE
Build & Public Release	Build Release APK	2026-02-01T19:57:57.9705286Z > Task :source-api:bundleReleaseAar
Build & Public Release	Build Release APK	2026-02-01T19:57:57.9706076Z > Task :source-api:mapReleaseSourceSetPaths
Build & Public Release	Build Release APK	2026-02-01T19:57:58.2659378Z > Task :presentation-core:mergeReleaseResources FROM-CACHE
Build & Public Release	Build Release APK	2026-02-01T19:57:58.5660180Z > Task :source-api:mergeReleaseResources FROM-CACHE
Build & Public Release	Build Release APK	2026-02-01T19:57:58.5661364Z > Task :presentation-core:verifyReleaseResources FROM-CACHE
Build & Public Release	Build Release APK	2026-02-01T19:57:58.5662298Z > Task :presentation-core:assembleRelease
Build & Public Release	Build Release APK	2026-02-01T19:57:58.5663214Z > Task :presentation-core:compileReleaseLibraryResources FROM-CACHE
Build & Public Release	Build Release APK	2026-02-01T19:57:58.5664324Z > Task :source-local:stripReleaseDebugSymbols NO-SOURCE
Build & Public Release	Build Release APK	2026-02-01T19:57:58.6660850Z > Task :source-local:copyReleaseJniLibsProjectAndLocalJars
Build & Public Release	Build Release APK	2026-02-01T19:57:58.6665134Z > Task :source-local:extractDeepLinksForAarRelease FROM-CACHE
Build & Public Release	Build Release APK	2026-02-01T19:57:58.7675638Z > Task :source-local:extractReleaseAnnotations FROM-CACHE
Build & Public Release	Build Release APK	2026-02-01T19:57:58.7681658Z > Task :source-local:mergeReleaseConsumerProguardFiles
Build & Public Release	Build Release APK	2026-02-01T19:57:58.7682658Z > Task :source-local:prepareLintJarForPublish
Build & Public Release	Build Release APK	2026-02-01T19:57:58.7683552Z > Task :presentation-widget:mergeReleaseResources FROM-CACHE
Build & Public Release	Build Release APK	2026-02-01T19:57:58.7684469Z > Task :source-api:verifyReleaseResources FROM-CACHE
Build & Public Release	Build Release APK	2026-02-01T19:57:58.7697619Z > Task :source-api:assembleRelease
Build & Public Release	Build Release APK	2026-02-01T19:57:58.7698420Z > Task :source-local:mergeReleaseJavaResource
Build & Public Release	Build Release APK	2026-02-01T19:57:58.7699916Z > Task :core-metadata:compileReleaseLibraryResources FROM-CACHE
Build & Public Release	Build Release APK	2026-02-01T19:57:58.7700857Z > Task :source-local:syncReleaseLibJars FROM-CACHE
Build & Public Release	Build Release APK	2026-02-01T19:57:58.8664320Z > Task :core:archive:compileReleaseLibraryResources FROM-CACHE
Build & Public Release	Build Release APK	2026-02-01T19:57:58.8665172Z > Task :telemetry:stripReleaseDebugSymbols NO-SOURCE
Build & Public Release	Build Release APK	2026-02-01T19:57:58.8665788Z > Task :source-local:bundleReleaseAar
Build & Public Release	Build Release APK	2026-02-01T19:57:58.8666367Z > Task :source-local:mapReleaseSourceSetPaths
Build & Public Release	Build Release APK	2026-02-01T19:57:58.9710640Z > Task :telemetry:copyReleaseJniLibsProjectAndLocalJars
Build & Public Release	Build Release APK	2026-02-01T19:57:58.9712064Z > Task :telemetry:extractDeepLinksForAarRelease FROM-CACHE
Build & Public Release	Build Release APK	2026-02-01T19:57:59.0660565Z > Task :telemetry:extractReleaseAnnotations FROM-CACHE
Build & Public Release	Build Release APK	2026-02-01T19:57:59.0661807Z > Task :telemetry:mergeReleaseConsumerProguardFiles
Build & Public Release	Build Release APK	2026-02-01T19:57:59.0662639Z > Task :telemetry:prepareLintJarForPublish
Build & Public Release	Build Release APK	2026-02-01T19:57:59.0663327Z > Task :telemetry:mergeReleaseJavaResource
Build & Public Release	Build Release APK	2026-02-01T19:57:59.0664021Z > Task :telemetry:syncReleaseLibJars FROM-CACHE
Build & Public Release	Build Release APK	2026-02-01T19:57:59.1661053Z > Task :telemetry:bundleReleaseAar
Build & Public Release	Build Release APK	2026-02-01T19:57:59.1662252Z > Task :telemetry:mapReleaseSourceSetPaths
Build & Public Release	Build Release APK	2026-02-01T19:57:59.1663136Z > Task :telemetry:mergeReleaseResources FROM-CACHE
Build & Public Release	Build Release APK	2026-02-01T19:57:59.1664046Z > Task :telemetry:verifyReleaseResources FROM-CACHE
Build & Public Release	Build Release APK	2026-02-01T19:57:59.1664876Z > Task :telemetry:assembleRelease
Build & Public Release	Build Release APK	2026-02-01T19:57:59.1665700Z > Task :core:archive:stripReleaseDebugSymbols NO-SOURCE
Build & Public Release	Build Release APK	2026-02-01T19:57:59.1666686Z > Task :core:archive:copyReleaseJniLibsProjectAndLocalJars
Build & Public Release	Build Release APK	2026-02-01T19:57:59.1667690Z > Task :core:archive:extractDeepLinksForAarRelease FROM-CACHE
Build & Public Release	Build Release APK	2026-02-01T19:57:59.2660499Z > Task :core:archive:extractReleaseAnnotations FROM-CACHE
Build & Public Release	Build Release APK	2026-02-01T19:57:59.2661754Z > Task :core:archive:mergeReleaseConsumerProguardFiles
Build & Public Release	Build Release APK	2026-02-01T19:57:59.2663073Z > Task :core:archive:prepareLintJarForPublish
Build & Public Release	Build Release APK	2026-02-01T19:57:59.2664990Z > Task :core:archive:mergeReleaseJavaResource
Build & Public Release	Build Release APK	2026-02-01T19:57:59.2665805Z > Task :core:archive:syncReleaseLibJars FROM-CACHE
Build & Public Release	Build Release APK	2026-02-01T19:57:59.2666516Z > Task :core:archive:bundleReleaseAar
Build & Public Release	Build Release APK	2026-02-01T19:57:59.3682705Z > Task :core:archive:mapReleaseSourceSetPaths
Build & Public Release	Build Release APK	2026-02-01T19:57:59.4660566Z > Task :presentation-widget:verifyReleaseResources FROM-CACHE
Build & Public Release	Build Release APK	2026-02-01T19:57:59.4661699Z > Task :app:javaPreCompileRelease FROM-CACHE
Build & Public Release	Build Release APK	2026-02-01T19:57:59.4662470Z > Task :app:extractProguardFiles
Build & Public Release	Build Release APK	2026-02-01T19:57:59.4663161Z > Task :app:mergeReleaseStartupProfile
Build & Public Release	Build Release APK	2026-02-01T19:57:59.4664406Z > Task :app:generateReleaseAssets UP-TO-DATE
Build & Public Release	Build Release APK	2026-02-01T19:57:59.5659943Z > Task :source-local:mergeReleaseResources FROM-CACHE
Build & Public Release	Build Release APK	2026-02-01T19:57:59.5661189Z > Task :presentation-widget:assembleRelease
Build & Public Release	Build Release APK	2026-02-01T19:57:59.6659795Z > Task :app:mergeReleaseAssets
Build & Public Release	Build Release APK	2026-02-01T19:57:59.6660525Z > Task :app:compressReleaseAssets FROM-CACHE
Build & Public Release	Build Release APK	2026-02-01T19:57:59.8660604Z > Task :source-local:verifyReleaseResources FROM-CACHE
Build & Public Release	Build Release APK	2026-02-01T19:57:59.8665291Z > Task :source-local:assembleRelease
Build & Public Release	Build Release APK	2026-02-01T19:57:59.8666402Z > Task :core:common:stripReleaseDebugSymbols NO-SOURCE
Build & Public Release	Build Release APK	2026-02-01T19:57:59.8667537Z > Task :core:common:copyReleaseJniLibsProjectAndLocalJars
Build & Public Release	Build Release APK	2026-02-01T19:57:59.8672914Z > Task :core:common:extractDeepLinksForAarRelease FROM-CACHE
Build & Public Release	Build Release APK	2026-02-01T19:57:59.8675263Z > Task :core:archive:mergeReleaseResources FROM-CACHE
Build & Public Release	Build Release APK	2026-02-01T19:57:59.8676406Z > Task :app:extractReleaseVersionControlInfo
Build & Public Release	Build Release APK	2026-02-01T19:57:59.9660393Z > Task :app:validateSigningRelease
Build & Public Release	Build Release APK	2026-02-01T19:57:59.9664984Z > Task :app:writeReleaseAppMetadata
Build & Public Release	Build Release APK	2026-02-01T19:57:59.9669159Z > Task :app:writeReleaseSigningConfigVersions
Build & Public Release	Build Release APK	2026-02-01T19:57:59.9673669Z > Task :core:common:extractReleaseAnnotations FROM-CACHE
Build & Public Release	Build Release APK	2026-02-01T19:57:59.9675026Z > Task :core:common:mergeReleaseConsumerProguardFiles
Build & Public Release	Build Release APK	2026-02-01T19:57:59.9675915Z > Task :core:common:prepareLintJarForPublish
Build & Public Release	Build Release APK	2026-02-01T19:58:00.0661629Z > Task :core:common:mergeReleaseJavaResource
Build & Public Release	Build Release APK	2026-02-01T19:58:00.0664403Z > Task :core:common:mapReleaseSourceSetPaths
Build & Public Release	Build Release APK	2026-02-01T19:58:00.0666360Z > Task :core:archive:verifyReleaseResources FROM-CACHE
Build & Public Release	Build Release APK	2026-02-01T19:58:00.0668510Z > Task :core:archive:assembleRelease
Build & Public Release	Build Release APK	2026-02-01T19:58:00.0670475Z > Task :core:common:syncReleaseLibJars FROM-CACHE
Build & Public Release	Build Release APK	2026-02-01T19:58:00.0672227Z > Task :core:common:bundleReleaseAar
Build & Public Release	Build Release APK	2026-02-01T19:58:00.3659961Z > Task :core:common:mergeReleaseResources FROM-CACHE
Build & Public Release	Build Release APK	2026-02-01T19:58:00.5660111Z > Task :core:common:verifyReleaseResources FROM-CACHE
Build & Public Release	Build Release APK	2026-02-01T19:58:00.5665101Z > Task :core:common:assembleRelease
Build & Public Release	Build Release APK	2026-02-01T19:58:27.9659228Z > Task :app:compileReleaseKotlin
Build & Public Release	Build Release APK	2026-02-01T19:58:41.3716476Z e: file:///home/runner/work/AniZen/AniZen/app/src/main/java/eu/kanade/presentation/anime/AnimeScreen.kt:267:13 No value passed for parameter 'onMarkPreviousAsSeenClicked'.
Build & Public Release	Build Release APK	2026-02-01T19:58:41.3718936Z e: file:///home/runner/work/AniZen/AniZen/app/src/main/java/eu/kanade/presentation/anime/AnimeScreen.kt:634:5 Conflicting declarations:
Build & Public Release	Build Release APK	2026-02-01T19:58:41.3720714Z onMarkPreviousAsSeenClicked: (Episode) -> Unit
Build & Public Release	Build Release APK	2026-02-01T19:58:41.3721488Z onMarkPreviousAsSeenClicked: (Episode) -> Unit
Build & Public Release	Build Release APK	2026-02-01T19:58:41.3722776Z e: file:///home/runner/work/AniZen/AniZen/app/src/main/java/eu/kanade/presentation/anime/AnimeScreen.kt:635:5 Conflicting declarations:
Build & Public Release	Build Release APK	2026-02-01T19:58:41.3724047Z onMarkPreviousAsSeenClicked: (Episode) -> Unit
Build & Public Release	Build Release APK	2026-02-01T19:58:41.3724729Z onMarkPreviousAsSeenClicked: (Episode) -> Unit
Build & Public Release	Build Release APK	2026-02-01T19:58:41.3772224Z e: file:///home/runner/work/AniZen/AniZen/app/src/main/java/eu/kanade/tachiyomi/ui/anime/AnimeScreen.kt:136:40 Inapplicable candidate(s): fun pop(): Boolean
Build & Public Release	Build Release APK	2026-02-01T19:58:41.3774927Z e: file:///home/runner/work/AniZen/AniZen/app/src/main/java/eu/kanade/tachiyomi/ui/anime/AnimeScreen.kt:137:32 Argument type mismatch: actual type is 'Function2<Episode, Boolean, Unit>', but 'Function2<Episode, Boolean, Unit>' was expected.
Build & Public Release	Build Release APK	2026-02-01T19:58:41.3777755Z e: file:///home/runner/work/AniZen/AniZen/app/src/main/java/eu/kanade/tachiyomi/ui/anime/AnimeScreen.kt:149:37 Argument type mismatch: actual type is 'Function0<Unit>', but 'Function0<Unit>' was expected.
Build & Public Release	Build Release APK	2026-02-01T19:58:41.3780503Z e: file:///home/runner/work/AniZen/AniZen/app/src/main/java/eu/kanade/tachiyomi/ui/anime/AnimeScreen.kt:167:33 Argument type mismatch: actual type is 'Function0<Unit>', but 'Function0<Unit>' was expected.
Build & Public Release	Build Release APK	2026-02-01T19:58:41.3783175Z e: file:///home/runner/work/AniZen/AniZen/app/src/main/java/eu/kanade/tachiyomi/ui/anime/AnimeScreen.kt:174:27 Argument type mismatch: actual type is 'Function1<String, Unit>', but 'Function1<String, Unit>' was expected.
Build & Public Release	Build Release APK	2026-02-01T19:58:41.3786105Z e: file:///home/runner/work/AniZen/AniZen/app/src/main/java/eu/kanade/tachiyomi/ui/anime/AnimeScreen.kt:175:50 Inapplicable candidate(s): fun showSettingsDialog(): Unit
Build & Public Release	Build Release APK	2026-02-01T19:58:41.3788433Z e: file:///home/runner/work/AniZen/AniZen/app/src/main/java/eu/kanade/tachiyomi/ui/anime/AnimeScreen.kt:176:38 Inapplicable candidate(s): fun fetchAllFromSource(manualFetch: Boolean = ...): Unit
Build & Public Release	Build Release APK	2026-02-01T19:58:41.3792045Z e: file:///home/runner/work/AniZen/AniZen/app/src/main/java/eu/kanade/tachiyomi/ui/anime/AnimeScreen.kt:177:34 Argument type mismatch: actual type is 'Function0<Unit>', but 'Function0<Unit>' was expected.
Build & Public Release	Build Release APK	2026-02-01T19:58:41.3794662Z e: file:///home/runner/work/AniZen/AniZen/app/src/main/java/eu/kanade/tachiyomi/ui/anime/AnimeScreen.kt:183:24 Argument type mismatch: actual type is 'Function2<String, Boolean, Unit>', but 'Function2<String, Boolean, Unit>' was expected.
Build & Public Release	Build Release APK	2026-02-01T19:58:41.3797101Z e: file:///home/runner/work/AniZen/AniZen/app/src/main/java/eu/kanade/tachiyomi/ui/anime/AnimeScreen.kt:184:43 Inapplicable candidate(s): fun showCoverDialog(): Unit
Build & Public Release	Build Release APK	2026-02-01T19:58:41.3799287Z e: file:///home/runner/work/AniZen/AniZen/app/src/main/java/eu/kanade/tachiyomi/ui/anime/AnimeScreen.kt:195:46 Inapplicable candidate(s): fun showEditAnimeInfoDialog(): Unit
Build & Public Release	Build Release APK	2026-02-01T19:58:41.3801605Z e: file:///home/runner/work/AniZen/AniZen/app/src/main/java/eu/kanade/tachiyomi/ui/anime/AnimeScreen.kt:197:55 Unresolved reference 'showSetAnimeFetchIntervalDialog'.
Build & Public Release	Build Release APK	2026-02-01T19:58:41.3804016Z e: file:///home/runner/work/AniZen/AniZen/app/src/main/java/eu/kanade/tachiyomi/ui/anime/AnimeScreen.kt:197:87 Cannot infer type for type parameter 'T'. Specify it explicitly.
Build & Public Release	Build Release APK	2026-02-01T19:58:41.3806459Z e: file:///home/runner/work/AniZen/AniZen/app/src/main/java/eu/kanade/tachiyomi/ui/anime/AnimeScreen.kt:197:87 Unresolved reference. None of the following candidates is applicable because of a receiver type mismatch:
Build & Public Release	Build Release APK	2026-02-01T19:58:41.3808158Z fun <T> T.takeIf(predicate: (T) -> Boolean): T?
Build & Public Release	Build Release APK	2026-02-01T19:58:41.3809769Z e: file:///home/runner/work/AniZen/AniZen/app/src/main/java/eu/kanade/tachiyomi/ui/anime/AnimeScreen.kt:197:94 Cannot infer type for type parameter 'T'. Specify it explicitly.
Build & Public Release	Build Release APK	2026-02-01T19:58:41.3812234Z e: file:///home/runner/work/AniZen/AniZen/app/src/main/java/eu/kanade/tachiyomi/ui/anime/AnimeScreen.kt:204:51 Inapplicable candidate(s): fun bookmarkEpisodes(episodes: List<Episode>, bookmark: Boolean): Unit
Build & Public Release	Build Release APK	2026-02-01T19:58:41.3814894Z e: file:///home/runner/work/AniZen/AniZen/app/src/main/java/eu/kanade/tachiyomi/ui/anime/AnimeScreen.kt:206:53 Inapplicable candidate(s): fun fillermarkEpisodes(episodes: List<Episode>, fillermark: Boolean): Unit
Build & Public Release	Build Release APK	2026-02-01T19:58:41.3817553Z e: file:///home/runner/work/AniZen/AniZen/app/src/main/java/eu/kanade/tachiyomi/ui/anime/AnimeScreen.kt:208:53 Inapplicable candidate(s): fun markEpisodesSeen(episodes: List<Episode>, seen: Boolean): Unit
Build & Public Release	Build Release APK	2026-02-01T19:58:41.3850447Z e: file:///home/runner/work/AniZen/AniZen/app/src/main/java/eu/kanade/tachiyomi/ui/anime/AnimeScreen.kt:209:56 Inapplicable candidate(s): fun markPreviousEpisodeSeen(episode: Episode): Unit
Build & Public Release	Build Release APK	2026-02-01T19:58:41.3852534Z e: file:///home/runner/work/AniZen/AniZen/app/src/main/java/eu/kanade/tachiyomi/ui/anime/AnimeScreen.kt:210:49 Inapplicable candidate(s): fun showDeleteEpisodeDialog(episodes: List<Episode>): Unit
Build & Public Release	Build Release APK	2026-02-01T19:58:41.3854786Z e: file:///home/runner/work/AniZen/AniZen/app/src/main/java/eu/kanade/tachiyomi/ui/anime/AnimeScreen.kt:211:43 Inapplicable candidate(s): fun episodeSwipe(episodeItem: EpisodeList.Item, swipeAction: LibraryPreferences.EpisodeSwipeAction): Unit
Build & Public Release	Build Release APK	2026-02-01T19:58:41.3857371Z e: file:///home/runner/work/AniZen/AniZen/app/src/main/java/eu/kanade/tachiyomi/ui/anime/AnimeScreen.kt:212:46 Inapplicable candidate(s): fun toggleSelection(item: EpisodeList.Item, selected: Boolean, userSelected: Boolean = ..., fromLongClick: Boolean = ...): Unit
Build & Public Release	Build Release APK	2026-02-01T19:58:41.3859770Z e: file:///home/runner/work/AniZen/AniZen/app/src/main/java/eu/kanade/tachiyomi/ui/anime/AnimeScreen.kt:213:49 Inapplicable candidate(s): fun toggleAllSelection(selected: Boolean): Unit
Build & Public Release	Build Release APK	2026-02-01T19:58:41.3861833Z e: file:///home/runner/work/AniZen/AniZen/app/src/main/java/eu/kanade/tachiyomi/ui/anime/AnimeScreen.kt:214:46 Inapplicable candidate(s): fun invertSelection(): Unit
Build & Public Release	Build Release APK	2026-02-01T19:58:41.3863504Z e: file:///home/runner/work/AniZen/AniZen/app/src/main/java/eu/kanade/tachiyomi/ui/anime/AnimeScreen.kt:215:52 Inapplicable candidate(s): fun fetchAIEpisodeSummary(): Unit
Build & Public Release	Build Release APK	2026-02-01T19:58:41.3865348Z e: file:///home/runner/work/AniZen/AniZen/app/src/main/java/eu/kanade/tachiyomi/ui/anime/AnimeScreen.kt:225:9 'when' expression must be exhaustive. Add the 'is RemoveAnime' branch or an 'else' branch.
Build & Public Release	Build Release APK	2026-02-01T19:58:41.3867134Z e: file:///home/runner/work/AniZen/AniZen/app/src/main/java/eu/kanade/tachiyomi/ui/anime/AnimeScreen.kt:242:37 Unresolved reference 'deleteEpisodes'.
Build & Public Release	Build Release APK	2026-02-01T19:58:41.3869203Z e: file:///home/runner/work/AniZen/AniZen/app/src/main/java/eu/kanade/tachiyomi/ui/anime/AnimeScreen.kt:279:47 Inapplicable candidate(s): fun setCurrentSettingsAsDefault(anime: Anime): Unit
Build & Public Release	Build Release APK	2026-02-01T19:58:41.3872926Z e: file:///home/runner/work/AniZen/AniZen/app/src/main/java/eu/kanade/tachiyomi/ui/anime/AnimeScreen.kt:334:69 Unresolved reference 'setFetchInterval'.
Build & Public Release	Build Release APK	2026-02-01T19:58:41.3875120Z e: file:///home/runner/work/AniZen/AniZen/app/src/main/java/eu/kanade/tachiyomi/ui/anime/AnimeScreenModel.kt:354:17 Argument type mismatch: actual type is 'List<String>?', but 'String?' was expected.
Build & Public Release	Build Release APK	2026-02-01T19:58:41.3877752Z e: file:///home/runner/work/AniZen/AniZen/app/src/main/java/eu/kanade/tachiyomi/ui/anime/AnimeScreenModel.kt:355:17 Argument type mismatch: actual type is 'Long?', but 'List<String>?' was expected.
Build & Public Release	Build Release APK	2026-02-01T19:58:41.3880035Z e: file:///home/runner/work/AniZen/AniZen/app/src/main/java/eu/kanade/tachiyomi/ui/anime/AnimeScreenModel.kt:358:36 Unresolved reference 'await'.
Build & Public Release	Build Release APK	2026-02-01T19:58:41.3881862Z e: file:///home/runner/work/AniZen/AniZen/app/src/main/java/eu/kanade/tachiyomi/ui/anime/AnimeScreenModel.kt:366:32 Unresolved reference 'await'.
Build & Public Release	Build Release APK	2026-02-01T19:58:41.3883724Z e: file:///home/runner/work/AniZen/AniZen/app/src/main/java/eu/kanade/tachiyomi/ui/anime/AnimeScreenModel.kt:386:25 Unresolved reference 'hasDownloads'.
Build & Public Release	Build Release APK	2026-02-01T19:58:41.3885856Z e: file:///home/runner/work/AniZen/AniZen/app/src/main/java/eu/kanade/tachiyomi/ui/anime/AnimeScreenModel.kt:412:92 Argument type mismatch: actual type is 'List<Anime>', but 'Anime' was expected.
Build & Public Release	Build Release APK	2026-02-01T19:58:41.3888251Z e: file:///home/runner/work/AniZen/AniZen/app/src/main/java/eu/kanade/tachiyomi/ui/anime/AnimeScreenModel.kt:424:47 Argument type mismatch: actual type is 'Anime', but 'List<Category>' was expected.
Build & Public Release	Build Release APK	2026-02-01T19:58:41.3890823Z e: file:///home/runner/work/AniZen/AniZen/app/src/main/java/eu/kanade/tachiyomi/ui/anime/AnimeScreenModel.kt:424:54 Too many arguments for 'fun moveAnimeToCategories(categories: List<Category>): Unit'.
Build & Public Release	Build Release APK	2026-02-01T19:58:41.3893150Z e: file:///home/runner/work/AniZen/AniZen/app/src/main/java/eu/kanade/tachiyomi/ui/anime/AnimeScreenModel.kt:431:47 Argument type mismatch: actual type is 'Anime', but 'List<Category>' was expected.
Build & Public Release	Build Release APK	2026-02-01T19:58:41.3895209Z e: file:///home/runner/work/AniZen/AniZen/app/src/main/java/eu/kanade/tachiyomi/ui/anime/AnimeScreenModel.kt:458:30 Unresolved reference 'Instant'.
Build & Public Release	Build Release APK	2026-02-01T19:58:41.3897028Z e: file:///home/runner/work/AniZen/AniZen/app/src/main/java/eu/kanade/tachiyomi/ui/anime/AnimeScreenModel.kt:463:40 Unresolved reference 'coverCache'.
Build & Public Release	Build Release APK	2026-02-01T19:58:41.3899271Z e: file:///home/runner/work/AniZen/AniZen/app/src/main/java/eu/kanade/tachiyomi/ui/anime/AnimeScreenModel.kt:466:55 Argument type mismatch: actual type is 'AnimeSource?', but 'AnimeSource' was expected.
Build & Public Release	Build Release APK	2026-02-01T19:58:41.3901683Z e: file:///home/runner/work/AniZen/AniZen/app/src/main/java/eu/kanade/tachiyomi/ui/anime/AnimeScreenModel.kt:469:35 Unresolved reference 'toAnimeUpdate'.
Build & Public Release	Build Release APK	2026-02-01T19:58:41.3903827Z e: file:///home/runner/work/AniZen/AniZen/app/src/main/java/eu/kanade/tachiyomi/ui/anime/AnimeScreenModel.kt:482:43 Argument type mismatch: actual type is 'Anime', but 'List<Category>' was expected.
Build & Public Release	Build Release APK	2026-02-01T19:58:41.3906580Z e: file:///home/runner/work/AniZen/AniZen/app/src/main/java/eu/kanade/tachiyomi/ui/anime/AnimeScreenModel.kt:482:50 Too many arguments for 'fun moveAnimeToCategories(categories: List<Category>): Unit'.
Build & Public Release	Build Release APK	2026-02-01T19:58:41.3909072Z e: file:///home/runner/work/AniZen/AniZen/app/src/main/java/eu/kanade/tachiyomi/ui/anime/AnimeScreenModel.kt:488:43 Argument type mismatch: actual type is 'Anime', but 'List<Category>' was expected.
Build & Public Release	Build Release APK	2026-02-01T19:58:41.3911378Z e: file:///home/runner/work/AniZen/AniZen/app/src/main/java/eu/kanade/tachiyomi/ui/anime/AnimeScreenModel.kt:720:58 Unresolved reference 'fastMap'.
Build & Public Release	Build Release APK	2026-02-01T19:58:41.3913170Z e: file:///home/runner/work/AniZen/AniZen/app/src/main/java/eu/kanade/tachiyomi/ui/anime/AnimeScreenModel.kt:720:68 Unresolved reference 'it'.
Build & Public Release	Build Release APK	2026-02-01T19:58:41.3915106Z e: file:///home/runner/work/AniZen/AniZen/app/src/main/java/eu/kanade/tachiyomi/ui/anime/AnimeScreenModel.kt:743:25 Unresolved reference 'awaitUpdateEpisodeFlags'.
Build & Public Release	Build Release APK	2026-02-01T19:58:41.3917059Z e: file:///home/runner/work/AniZen/AniZen/app/src/main/java/eu/kanade/tachiyomi/ui/anime/AnimeScreenModel.kt:744:38 Unresolved reference 'EpisodeFlags'.
Build & Public Release	Build Release APK	2026-02-01T19:58:41.3919120Z e: file:///home/runner/work/AniZen/AniZen/app/src/main/java/eu/kanade/tachiyomi/ui/anime/AnimeScreenModel.kt:754:25 Unresolved reference 'awaitUpdateEpisodeFlags'.
Build & Public Release	Build Release APK	2026-02-01T19:58:41.3921266Z e: file:///home/runner/work/AniZen/AniZen/app/src/main/java/eu/kanade/tachiyomi/ui/anime/AnimeScreenModel.kt:755:38 Unresolved reference 'EpisodeFlags'.
Build & Public Release	Build Release APK	2026-02-01T19:58:41.3923538Z e: file:///home/runner/work/AniZen/AniZen/app/src/main/java/eu/kanade/tachiyomi/ui/anime/AnimeScreenModel.kt:765:25 Unresolved reference 'awaitUpdateEpisodeFlags'.
Build & Public Release	Build Release APK	2026-02-01T19:58:41.3925539Z e: file:///home/runner/work/AniZen/AniZen/app/src/main/java/eu/kanade/tachiyomi/ui/anime/AnimeScreenModel.kt:766:38 Unresolved reference 'EpisodeFlags'.
Build & Public Release	Build Release APK	2026-02-01T19:58:41.4711532Z e: file:///home/runner/work/AniZen/AniZen/app/src/main/java/eu/kanade/tachiyomi/ui/anime/AnimeScreenModel.kt:776:25 Unresolved reference 'awaitUpdateEpisodeFlags'.
Build & Public Release	Build Release APK	2026-02-01T19:58:41.4712748Z 
Build & Public Release	Build Release APK	2026-02-01T19:58:41.4713960Z e: file:///home/runner/work/AniZen/AniZen/app/src/main/java/eu/kanade/tachiyomi/ui/anime/AnimeScreenModel.kt:777:38 Unresolved reference 'EpisodeFlags'.
Build & Public Release	Build Release APK	2026-02-01T19:58:41.4715224Z > Task :app:compileReleaseKotlin FAILED
Build & Public Release	Build Release APK	2026-02-01T19:58:41.4716673Z e: file:///home/runner/work/AniZen/AniZen/app/src/main/java/eu/kanade/tachiyomi/ui/anime/AnimeScreenModel.kt:787:25 Unresolved reference 'awaitUpdateEpisodeFlags'.
Build & Public Release	Build Release APK	2026-02-01T19:58:41.4718798Z e: file:///home/runner/work/AniZen/AniZen/app/src/main/java/eu/kanade/tachiyomi/ui/anime/AnimeScreenModel.kt:788:38 Unresolved reference 'EpisodeFlags'.
Build & Public Release	Build Release APK	2026-02-01T19:58:41.4720991Z e: file:///home/runner/work/AniZen/AniZen/app/src/main/java/eu/kanade/tachiyomi/ui/anime/AnimeScreenModel.kt:798:25 Unresolved reference 'awaitUpdateEpisodeFlags'.
Build & Public Release	Build Release APK	2026-02-01T19:58:41.4723004Z e: file:///home/runner/work/AniZen/AniZen/app/src/main/java/eu/kanade/tachiyomi/ui/anime/AnimeScreenModel.kt:799:38 Unresolved reference 'EpisodeFlags'.
Build & Public Release	Build Release APK	2026-02-01T19:58:41.4724998Z e: file:///home/runner/work/AniZen/AniZen/app/src/main/java/eu/kanade/tachiyomi/ui/anime/AnimeScreenModel.kt:809:32 Unresolved reference 'setAnimeDefaultEpisodeFlags'.
Build & Public Release	Build Release APK	2026-02-01T19:58:41.4727038Z e: file:///home/runner/work/AniZen/AniZen/app/src/main/java/eu/kanade/tachiyomi/ui/anime/AnimeScreenModel.kt:817:51 Unresolved reference 'not' for operator '!'.
Build & Public Release	Build Release APK	2026-02-01T19:58:41.4728968Z e: file:///home/runner/work/AniZen/AniZen/app/src/main/java/eu/kanade/tachiyomi/ui/anime/AnimeScreenModel.kt:817:72 Unresolved reference 'downloadNewEpisodes'.
Build & Public Release	Build Release APK	2026-02-01T19:58:41.4731044Z e: file:///home/runner/work/AniZen/AniZen/app/src/main/java/eu/kanade/tachiyomi/ui/anime/AnimeScreenModel.kt:817:94 Cannot infer type for type parameter 'R'. Specify it explicitly.
Build & Public Release	Build Release APK	2026-02-01T19:58:41.4733443Z e: file:///home/runner/work/AniZen/AniZen/app/src/main/java/eu/kanade/tachiyomi/ui/anime/AnimeScreenModel.kt:819:26 Unresolved reference 'runBlocking'.
Build & Public Release	Build Release APK	2026-02-01T19:58:41.4735928Z e: file:///home/runner/work/AniZen/AniZen/app/src/main/java/eu/kanade/tachiyomi/ui/anime/AnimeScreenModel.kt:819:40 Suspend function 'suspend fun getAnimeCategoryIds(anime: Anime): List<Long>' can only be called from a coroutine or another suspend function.
Build & Public Release	Build Release APK	2026-02-01T19:58:41.4738633Z e: file:///home/runner/work/AniZen/AniZen/app/src/main/java/eu/kanade/tachiyomi/ui/anime/AnimeScreenModel.kt:820:54 Unresolved reference 'downloadNewEpisodeCategoriesExclude'.
Build & Public Release	Build Release APK	2026-02-01T19:58:41.4740877Z e: file:///home/runner/work/AniZen/AniZen/app/src/main/java/eu/kanade/tachiyomi/ui/anime/AnimeScreenModel.kt:820:92 Cannot infer type for type parameter 'R'. Specify it explicitly.
Build & Public Release	Build Release APK	2026-02-01T19:58:41.4742742Z e: file:///home/runner/work/AniZen/AniZen/app/src/main/java/eu/kanade/tachiyomi/ui/anime/AnimeScreenModel.kt:821:20 Unresolved reference 'it'.
Build & Public Release	Build Release APK	2026-02-01T19:58:41.4744668Z e: file:///home/runner/work/AniZen/AniZen/app/src/main/java/eu/kanade/tachiyomi/ui/anime/AnimeScreenModel.kt:822:54 Unresolved reference 'downloadNewEpisodeCategories'.
Build & Public Release	Build Release APK	2026-02-01T19:58:41.4746796Z e: file:///home/runner/work/AniZen/AniZen/app/src/main/java/eu/kanade/tachiyomi/ui/anime/AnimeScreenModel.kt:822:85 Cannot infer type for type parameter 'R'. Specify it explicitly.
Build & Public Release	Build Release APK	2026-02-01T19:58:41.4748660Z e: file:///home/runner/work/AniZen/AniZen/app/src/main/java/eu/kanade/tachiyomi/ui/anime/AnimeScreenModel.kt:823:20 Unresolved reference 'it'.
Build & Public Release	Build Release APK	2026-02-01T19:58:41.4750847Z e: file:///home/runner/work/AniZen/AniZen/app/src/main/java/eu/kanade/tachiyomi/ui/anime/AnimeScreenModel.kt:825:30 Unresolved reference 'it'.
Build & Public Release	Build Release APK	2026-02-01T19:58:41.4752676Z e: file:///home/runner/work/AniZen/AniZen/app/src/main/java/eu/kanade/tachiyomi/ui/anime/AnimeScreenModel.kt:826:48 Unresolved reference 'not' for operator '!'.
Build & Public Release	Build Release APK	2026-02-01T19:58:41.4754457Z e: file:///home/runner/work/AniZen/AniZen/app/src/main/java/eu/kanade/tachiyomi/ui/anime/AnimeScreenModel.kt:826:66 Unresolved reference 'it'.
Build & Public Release	Build Release APK	2026-02-01T19:58:41.4756388Z e: file:///home/runner/work/AniZen/AniZen/app/src/main/java/eu/kanade/tachiyomi/ui/anime/AnimeScreenModel.kt:842:63 Argument type mismatch: actual type is 'List<Track>', but 'List<TrackItem>' was expected.
Build & Public Release	Build Release APK	2026-02-01T19:58:41.4758648Z e: file:///home/runner/work/AniZen/AniZen/app/src/main/java/eu/kanade/tachiyomi/ui/anime/AnimeScreenModel.kt:872:25 Condition type mismatch: inferred type is 'AutoTrackState' but 'Boolean' was expected.
Build & Public Release	Build Release APK	2026-02-01T19:58:41.4760954Z e: file:///home/runner/work/AniZen/AniZen/app/src/main/java/eu/kanade/tachiyomi/ui/anime/AnimeScreenModel.kt:874:54 Argument type mismatch: actual type is 'Long', but 'Double' was expected.
Build & Public Release	Build Release APK	2026-02-01T19:58:41.4762900Z e: file:///home/runner/work/AniZen/AniZen/app/src/main/java/eu/kanade/tachiyomi/ui/anime/AnimeScreenModel.kt:881:61 Unresolved reference 'fastMap'.
Build & Public Release	Build Release APK	2026-02-01T19:58:41.4764580Z e: file:///home/runner/work/AniZen/AniZen/app/src/main/java/eu/kanade/tachiyomi/ui/anime/AnimeScreenModel.kt:881:71 Unresolved reference 'it'.
Build & Public Release	Build Release APK	2026-02-01T19:58:41.4766362Z e: file:///home/runner/work/AniZen/AniZen/app/src/main/java/eu/kanade/tachiyomi/ui/anime/AnimeScreenModel.kt:882:35 Cannot infer type for type parameter 'T'. Specify it explicitly.
Build & Public Release	Build Release APK	2026-02-01T19:58:41.4768539Z e: file:///home/runner/work/AniZen/AniZen/app/src/main/java/eu/kanade/tachiyomi/ui/anime/AnimeScreenModel.kt:882:42 Cannot infer type for type parameter 'T'. Specify it explicitly.
Build & Public Release	Build Release APK	2026-02-01T19:58:41.4770748Z e: file:///home/runner/work/AniZen/AniZen/app/src/main/java/eu/kanade/tachiyomi/ui/anime/AnimeScreenModel.kt:882:47 Unresolved reference 'episodeNumber'.
Build & Public Release	Build Release APK	2026-02-01T19:58:41.4772592Z e: file:///home/runner/work/AniZen/AniZen/app/src/main/java/eu/kanade/tachiyomi/ui/anime/AnimeScreenModel.kt:883:18 Unresolved reference 'map'.
Build & Public Release	Build Release APK	2026-02-01T19:58:41.4774360Z e: file:///home/runner/work/AniZen/AniZen/app/src/main/java/eu/kanade/tachiyomi/ui/anime/AnimeScreenModel.kt:885:30 Unresolved reference 'it'.
Build & Public Release	Build Release APK	2026-02-01T19:58:41.4776384Z e: file:///home/runner/work/AniZen/AniZen/app/src/main/java/eu/kanade/tachiyomi/ui/anime/AnimeScreenModel.kt:887:42 Unresolved reference 'it'.
Build & Public Release	Build Release APK	2026-02-01T19:58:41.4778499Z e: file:///home/runner/work/AniZen/AniZen/app/src/main/java/eu/kanade/tachiyomi/ui/anime/AnimeScreenModel.kt:898:9 'when' expression must be exhaustive. Add the 'SHOW_QUALITIES' branch or an 'else' branch.
Build & Public Release	Build Release APK	2026-02-01T19:58:41.4780955Z e: file:///home/runner/work/AniZen/AniZen/app/src/main/java/eu/kanade/tachiyomi/ui/anime/AnimeScreenModel.kt:900:38 Unresolved reference 'fastMap'.
Build & Public Release	Build Release APK	2026-02-01T19:58:41.4782777Z e: file:///home/runner/work/AniZen/AniZen/app/src/main/java/eu/kanade/tachiyomi/ui/anime/AnimeScreenModel.kt:900:48 Unresolved reference 'it'.
Build & Public Release	Build Release APK	2026-02-01T19:58:41.4784593Z e: file:///home/runner/work/AniZen/AniZen/app/src/main/java/eu/kanade/tachiyomi/ui/anime/AnimeScreenModel.kt:904:38 Unresolved reference 'fastMap'.
Build & Public Release	Build Release APK	2026-02-01T19:58:41.4786384Z e: file:///home/runner/work/AniZen/AniZen/app/src/main/java/eu/kanade/tachiyomi/ui/anime/AnimeScreenModel.kt:904:48 Unresolved reference 'it'.
Build & Public Release	Build Release APK	2026-02-01T19:58:41.4788207Z e: file:///home/runner/work/AniZen/AniZen/app/src/main/java/eu/kanade/tachiyomi/ui/anime/AnimeScreenModel.kt:908:38 Unresolved reference 'fastMap'.
Build & Public Release	Build Release APK	2026-02-01T19:58:41.4790152Z e: file:///home/runner/work/AniZen/AniZen/app/src/main/java/eu/kanade/tachiyomi/ui/anime/AnimeScreenModel.kt:908:48 Unresolved reference 'it'.
Build & Public Release	Build Release APK	2026-02-01T19:58:41.4791917Z e: file:///home/runner/work/AniZen/AniZen/app/src/main/java/eu/kanade/tachiyomi/ui/anime/AnimeScreenModel.kt:912:38 Unresolved reference 'fastMap'.
Build & Public Release	Build Release APK	2026-02-01T19:58:41.4793949Z e: file:///home/runner/work/AniZen/AniZen/app/src/main/java/eu/kanade/tachiyomi/ui/anime/AnimeScreenModel.kt:912:48 Unresolved reference 'it'.
Build & Public Release	Build Release APK	2026-02-01T19:58:41.4796024Z e: file:///home/runner/work/AniZen/AniZen/app/src/main/java/eu/kanade/tachiyomi/ui/anime/AnimeScreenModel.kt:913:48 Argument type mismatch: actual type is 'Anime', but 'List<Episode>' was expected.
Build & Public Release	Build Release APK	2026-02-01T19:58:41.4798822Z e: file:///home/runner/work/AniZen/AniZen/app/src/main/java/eu/kanade/tachiyomi/ui/anime/AnimeScreenModel.kt:920:9 'when' expression must be exhaustive. Add the 'NEXT_1_EPISODE', 'NEXT_5_EPISODES', 'NEXT_10_EPISODES', 'NEXT_25_EPISODES', 'UNSEEN_EPISODES' branches or an 'else' branch.
Build & Public Release	Build Release APK	2026-02-01T19:58:41.4801567Z e: file:///home/runner/work/AniZen/AniZen/app/src/main/java/eu/kanade/tachiyomi/ui/anime/AnimeScreenModel.kt:921:28 Unresolved reference 'NEXT_1'.
Build & Public Release	Build Release APK	2026-02-01T19:58:41.4803313Z e: file:///home/runner/work/AniZen/AniZen/app/src/main/java/eu/kanade/tachiyomi/ui/anime/AnimeScreenModel.kt:922:28 Unresolved reference 'NEXT_5'.
Build & Public Release	Build Release APK	2026-02-01T19:58:41.4805037Z e: file:///home/runner/work/AniZen/AniZen/app/src/main/java/eu/kanade/tachiyomi/ui/anime/AnimeScreenModel.kt:923:28 Unresolved reference 'NEXT_10'.
Build & Public Release	Build Release APK	2026-02-01T19:58:41.4806846Z e: file:///home/runner/work/AniZen/AniZen/app/src/main/java/eu/kanade/tachiyomi/ui/anime/AnimeScreenModel.kt:924:28 Unresolved reference 'NEXT_25'.
Build & Public Release	Build Release APK	2026-02-01T19:58:41.4808649Z e: file:///home/runner/work/AniZen/AniZen/app/src/main/java/eu/kanade/tachiyomi/ui/anime/AnimeScreenModel.kt:925:28 Unresolved reference 'UNSEEN'.
Build & Public Release	Build Release APK	2026-02-01T19:58:41.4810554Z e: file:///home/runner/work/AniZen/AniZen/app/src/main/java/eu/kanade/tachiyomi/ui/anime/AnimeScreenModel.kt:927:78 Unresolved reference 'fastMap'.
Build & Public Release	Build Release APK	2026-02-01T19:58:41.4812281Z e: file:///home/runner/work/AniZen/AniZen/app/src/main/java/eu/kanade/tachiyomi/ui/anime/AnimeScreenModel.kt:927:88 Unresolved reference 'it'.
Build & Public Release	Build Release APK	2026-02-01T19:58:41.4813910Z e: file:///home/runner/work/AniZen/AniZen/app/src/main/java/eu/kanade/tachiyomi/ui/anime/AnimeScreenModel.kt:929:28 Unresolved reference 'BOOKMARKED'.
Build & Public Release	Build Release APK	2026-02-01T19:58:41.4815566Z e: file:///home/runner/work/AniZen/AniZen/app/src/main/java/eu/kanade/tachiyomi/ui/anime/AnimeScreenModel.kt:931:78 Unresolved reference 'fastMap'.
Build & Public Release	Build Release APK	2026-02-01T19:58:41.4817200Z e: file:///home/runner/work/AniZen/AniZen/app/src/main/java/eu/kanade/tachiyomi/ui/anime/AnimeScreenModel.kt:931:88 Unresolved reference 'it'.
Build & Public Release	Build Release APK	2026-02-01T19:58:41.4819199Z e: file:///home/runner/work/AniZen/AniZen/app/src/main/java/eu/kanade/tachiyomi/ui/anime/AnimeScreenModel.kt:933:28 Unresolved reference 'ALL'.
Build & Public Release	Build Release APK	2026-02-01T19:58:41.4821015Z e: file:///home/runner/work/AniZen/AniZen/app/src/main/java/eu/kanade/tachiyomi/ui/anime/AnimeScreenModel.kt:934:68 Unresolved reference 'fastMap'.
Build & Public Release	Build Release APK	2026-02-01T19:58:41.4822714Z e: file:///home/runner/work/AniZen/AniZen/app/src/main/java/eu/kanade/tachiyomi/ui/anime/AnimeScreenModel.kt:934:78 Unresolved reference 'it'.
Build & Public Release	Build Release APK	2026-02-01T19:58:41.4824492Z e: file:///home/runner/work/AniZen/AniZen/app/src/main/java/eu/kanade/tachiyomi/ui/anime/AnimeScreenModel.kt:936:28 Unresolved reference 'CANCEL'.
Build & Public Release	Build Release APK	2026-02-01T19:58:41.4826295Z e: file:///home/runner/work/AniZen/AniZen/app/src/main/java/eu/kanade/tachiyomi/ui/anime/AnimeScreenModel.kt:937:49 Unresolved reference 'fastMap'.
Build & Public Release	Build Release APK	2026-02-01T19:58:41.4827937Z e: file:///home/runner/work/AniZen/AniZen/app/src/main/java/eu/kanade/tachiyomi/ui/anime/AnimeScreenModel.kt:937:59 Unresolved reference 'it'.
Build & Public Release	Build Release APK	2026-02-01T19:58:41.4829744Z e: file:///home/runner/work/AniZen/AniZen/app/src/main/java/eu/kanade/tachiyomi/ui/anime/AnimeScreenModel.kt:946:61 Unresolved reference 'fastMap'.
Build & Public Release	Build Release APK	2026-02-01T19:58:41.4831439Z e: file:///home/runner/work/AniZen/AniZen/app/src/main/java/eu/kanade/tachiyomi/ui/anime/AnimeScreenModel.kt:946:71 Unresolved reference 'it'.
Build & Public Release	Build Release APK	2026-02-01T19:58:41.4833445Z e: file:///home/runner/work/AniZen/AniZen/app/src/main/java/eu/kanade/tachiyomi/ui/anime/AnimeScreenModel.kt:960:63 Argument type mismatch: actual type is 'List<Track>', but 'List<TrackItem>' was expected.
Build & Public Release	Build Release APK	2026-02-01T19:58:41.5693164Z 
Build & Public Release	Build Release APK	2026-02-01T19:58:41.5695585Z FAILURE: Build failed with an exception.
Build & Public Release	Build Release APK	2026-02-01T19:58:41.5697255Z 
Build & Public Release	Build Release APK	2026-02-01T19:58:41.5698634Z * What went wrong:
Build & Public Release	Build Release APK	2026-02-01T19:58:41.5700691Z Execution failed for task ':app:compileReleaseKotlin'.
Build & Public Release	Build Release APK	2026-02-01T19:58:41.5703365Z > A failure occurred while executing org.jetbrains.kotlin.compilerRunner.GradleCompilerRunnerWithWorkers$GradleKotlinCompilerWorkAction
Build & Public Release	Build Release APK	2026-02-01T19:58:41.5706069Z    > Compilation error. See log for more details
Build & Public Release	Build Release APK	2026-02-01T19:58:41.5707109Z gradle/actions: Writing build results to /home/runner/work/_temp/.gradle-actions/build-results/__run_2-1769975850364.json
Build & Public Release	Build Release APK	2026-02-01T19:58:41.5707914Z 
Build & Public Release	Build Release APK	2026-02-01T19:58:41.5708630Z [Incubating] Problems report is available at: file:///home/runner/work/AniZen/AniZen/build/reports/problems/problems-report.html
Build & Public Release	Build Release APK	2026-02-01T19:58:41.5709672Z 
Build & Public Release	Build Release APK	2026-02-01T19:58:41.5710143Z Deprecated Gradle features were used in this build, making it incompatible with Gradle 9.0.
Build & Public Release	Build Release APK	2026-02-01T19:58:41.5710801Z 
Build & Public Release	Build Release APK	2026-02-01T19:58:41.5711507Z You can use '--warning-mode all' to show the individual deprecation warnings and determine if they come from your own scripts or plugins.
Build & Public Release	Build Release APK	2026-02-01T19:58:41.5712401Z 
Build & Public Release	Build Release APK	2026-02-01T19:58:41.5713236Z For more on this, please refer to https://docs.gradle.org/8.14.3/userguide/command_line_interface.html#sec:command_line_warnings in the Gradle documentation.
Build & Public Release	Build Release APK	2026-02-01T19:58:41.5714462Z 544 actionable tasks: 281 executed, 254 from cache, 9 up-to-date
Build & Public Release	Build Release APK	2026-02-01T19:58:41.5715664Z 
Build & Public Release	Build Release APK	2026-02-01T19:58:41.5716072Z * Try:
Build & Public Release	Build Release APK	2026-02-01T19:58:41.5716677Z > Run with --stacktrace option to get the stack trace.
Build & Public Release	Build Release APK	2026-02-01T19:58:41.5717478Z > Run with --info or --debug option to get more log output.
Build & Public Release	Build Release APK	2026-02-01T19:58:41.5718193Z > Run with --scan to get full insights.
Build & Public Release	Build Release APK	2026-02-01T19:58:41.5718918Z > Get more help at https://help.gradle.org.
Build & Public Release	Build Release APK	2026-02-01T19:58:41.5719371Z 
Build & Public Release	Build Release APK	2026-02-01T19:58:41.5719876Z BUILD FAILED in 1m 14s
Build & Public Release	Build Release APK	2026-02-01T19:58:42.1318702Z ##[error]Process completed with exit code 1.
Build & Public Release	Post Set up Gradle	ï»¿2026-02-01T19:58:42.1521110Z Post job cleanup.
Build & Public Release	Post Set up Gradle	2026-02-01T19:58:42.4710610Z In post-action step
Build & Public Release	Post Set up Gradle	2026-02-01T19:58:42.4724236Z ##[group]Stopping Gradle daemons
Build & Public Release	Post Set up Gradle	2026-02-01T19:58:42.4725626Z Stopping Gradle daemons for /home/runner/.gradle/wrapper/dists/gradle-8.14.3-bin/cv11ve7ro1n3o1j4so8xd9n66/gradle-8.14.3
Build & Public Release	Post Set up Gradle	2026-02-01T19:58:42.4745601Z [command]/home/runner/.gradle/wrapper/dists/gradle-8.14.3-bin/cv11ve7ro1n3o1j4so8xd9n66/gradle-8.14.3/bin/gradle --stop
Build & Public Release	Post Set up Gradle	2026-02-01T19:58:43.0951896Z No Gradle daemons are running.
Build & Public Release	Post Set up Gradle	2026-02-01T19:58:43.1153279Z ##[endgroup]
Build & Public Release	Post Set up Gradle	2026-02-01T19:58:43.1154850Z Not performing cache-cleanup due to build failure
Build & Public Release	Post Set up Gradle	2026-02-01T19:58:43.1155747Z ##[group]Caching Gradle state
Build & Public Release	Post Set up Gradle	2026-02-01T19:58:55.1289020Z [command]/usr/bin/tar --posix -cf cache.tzst --exclude cache.tzst -P -C /home/runner/work/AniZen/AniZen --files-from manifest.txt --use-compress-program zstdmt
Build & Public Release	Post Set up Gradle	2026-02-01T19:58:57.0469085Z Sent 146535857 of 280753585 (52.2%), 139.7 MBs/sec
Build & Public Release	Post Set up Gradle	2026-02-01T19:58:57.2058108Z Sent 280753585 of 280753585 (100.0%), 231.0 MBs/sec
Build & Public Release	Post Set up Gradle	2026-02-01T19:58:57.3715765Z Saved cache entry with key gradle-home-v1|Linux-X64|build-release[16cd6cc2a04430ca045959c87cb8ce3a]-eb40cb6e62d83e363f492271bd768ac4913f5c5a from /home/runner/.gradle/caches,/home/runner/.gradle/notifications,/home/runner/.gradle/.setup-gradle in 2261ms
Build & Public Release	Post Set up Gradle	2026-02-01T19:58:57.3717256Z ##[endgroup]
Build & Public Release	Post Set up Gradle	2026-02-01T19:58:57.3723557Z Generating Job Summary
Build & Public Release	Post Set up Gradle	2026-02-01T19:58:57.3737631Z Completed post-action step
Build & Public Release	Post Set up JDK	ï»¿2026-02-01T19:58:57.3975080Z Post job cleanup.
Build & Public Release	Post Clone repo	ï»¿2026-02-01T19:58:57.5802161Z Post job cleanup.
Build & Public Release	Post Clone repo	2026-02-01T19:58:57.6776660Z [command]/usr/bin/git version
Build & Public Release	Post Clone repo	2026-02-01T19:58:57.6814199Z git version 2.52.0
Build & Public Release	Post Clone repo	2026-02-01T19:58:57.6860754Z Temporarily overriding HOME='/home/runner/work/_temp/ca99ea68-5a61-456f-9c90-6399bd08624f' before making global git config changes
Build & Public Release	Post Clone repo	2026-02-01T19:58:57.6862219Z Adding repository directory to the temporary git global config as a safe directory
Build & Public Release	Post Clone repo	2026-02-01T19:58:57.6876301Z [command]/usr/bin/git config --global --add safe.directory /home/runner/work/AniZen/AniZen
Build & Public Release	Post Clone repo	2026-02-01T19:58:57.6915678Z [command]/usr/bin/git config --local --name-only --get-regexp core\.sshCommand
Build & Public Release	Post Clone repo	2026-02-01T19:58:57.6950745Z [command]/usr/bin/git submodule foreach --recursive sh -c "git config --local --name-only --get-regexp 'core\.sshCommand' && git config --local --unset-all 'core.sshCommand' || :"
Build & Public Release	Post Clone repo	2026-02-01T19:58:57.7191200Z [command]/usr/bin/git config --local --name-only --get-regexp http\.https\:\/\/github\.com\/\.extraheader
Build & Public Release	Post Clone repo	2026-02-01T19:58:57.7213105Z http.https://github.com/.extraheader
Build & Public Release	Post Clone repo	2026-02-01T19:58:57.7226065Z [command]/usr/bin/git config --local --unset-all http.https://github.com/.extraheader
Build & Public Release	Post Clone repo	2026-02-01T19:58:57.7257161Z [command]/usr/bin/git submodule foreach --recursive sh -c "git config --local --name-only --get-regexp 'http\.https\:\/\/github\.com\/\.extraheader' && git config --local --unset-all 'http.https://github.com/.extraheader' || :"
Build & Public Release	Post Clone repo	2026-02-01T19:58:57.7486909Z [command]/usr/bin/git config --local --name-only --get-regexp ^includeIf\.gitdir:
Build & Public Release	Post Clone repo	2026-02-01T19:58:57.7523632Z [command]/usr/bin/git submodule foreach --recursive git config --local --show-origin --name-only --get-regexp remote.origin.url
Build & Public Release	Complete job	ï»¿2026-02-01T19:58:57.7877165Z Cleaning up orphan processes
