Build & Public Release	Set up job	ï»¿2026-02-01T13:11:26.5237078Z Current runner version: '2.331.0'
Build & Public Release	Set up job	2026-02-01T13:11:26.5262532Z ##[group]Runner Image Provisioner
Build & Public Release	Set up job	2026-02-01T13:11:26.5263418Z Hosted Compute Agent
Build & Public Release	Set up job	2026-02-01T13:11:26.5263936Z Version: 20260123.484
Build & Public Release	Set up job	2026-02-01T13:11:26.5264606Z Commit: 6bd6555ca37d84114959e1c76d2c01448ff61c5d
Build & Public Release	Set up job	2026-02-01T13:11:26.5265253Z Build Date: 2026-01-23T19:41:17Z
Build & Public Release	Set up job	2026-02-01T13:11:26.5265900Z Worker ID: {b87a9444-5cbf-4f6f-93fd-21502e204634}
Build & Public Release	Set up job	2026-02-01T13:11:26.5266626Z Azure Region: westus3
Build & Public Release	Set up job	2026-02-01T13:11:26.5267185Z ##[endgroup]
Build & Public Release	Set up job	2026-02-01T13:11:26.5268545Z ##[group]Operating System
Build & Public Release	Set up job	2026-02-01T13:11:26.5269216Z Ubuntu
Build & Public Release	Set up job	2026-02-01T13:11:26.5269693Z 24.04.3
Build & Public Release	Set up job	2026-02-01T13:11:26.5270442Z LTS
Build & Public Release	Set up job	2026-02-01T13:11:26.5271083Z ##[endgroup]
Build & Public Release	Set up job	2026-02-01T13:11:26.5271571Z ##[group]Runner Image
Build & Public Release	Set up job	2026-02-01T13:11:26.5272141Z Image: ubuntu-24.04
Build & Public Release	Set up job	2026-02-01T13:11:26.5272609Z Version: 20260126.10.1
Build & Public Release	Set up job	2026-02-01T13:11:26.5273702Z Included Software: https://github.com/actions/runner-images/blob/ubuntu24/20260126.10/images/ubuntu/Ubuntu2404-Readme.md
Build & Public Release	Set up job	2026-02-01T13:11:26.5275406Z Image Release: https://github.com/actions/runner-images/releases/tag/ubuntu24%2F20260126.10
Build & Public Release	Set up job	2026-02-01T13:11:26.5276316Z ##[endgroup]
Build & Public Release	Set up job	2026-02-01T13:11:26.5277257Z ##[group]GITHUB_TOKEN Permissions
Build & Public Release	Set up job	2026-02-01T13:11:26.5279278Z Contents: write
Build & Public Release	Set up job	2026-02-01T13:11:26.5279863Z Metadata: read
Build & Public Release	Set up job	2026-02-01T13:11:26.5280634Z ##[endgroup]
Build & Public Release	Set up job	2026-02-01T13:11:26.5282931Z Secret source: Actions
Build & Public Release	Set up job	2026-02-01T13:11:26.5283627Z Prepare workflow directory
Build & Public Release	Set up job	2026-02-01T13:11:26.5606114Z Prepare all required actions
Build & Public Release	Set up job	2026-02-01T13:11:26.5655743Z Getting action download info
Build & Public Release	Set up job	2026-02-01T13:11:27.0506733Z Download action repository 'actions/checkout@v4' (SHA:34e114876b0b11c390a56381ad16ebd13914f8d5)
Build & Public Release	Set up job	2026-02-01T13:11:27.1766228Z Download action repository 'actions/setup-java@v4' (SHA:c1e323688fd81a25caa38c78aa6df2d33d3e20d9)
Build & Public Release	Set up job	2026-02-01T13:11:28.1855088Z Download action repository 'gradle/actions@v4' (SHA:ed408507eac070d1f99cc633dbcf757c94c7933a)
Build & Public Release	Set up job	2026-02-01T13:11:29.6901436Z Download action repository 'softprops/action-gh-release@v1' (SHA:de2c0eb89ae2a093876385947365aca7b0e5f844)
Build & Public Release	Set up job	2026-02-01T13:11:30.4756026Z Complete job name: Build & Public Release
Build & Public Release	Clone repo	ï»¿2026-02-01T13:11:30.5393002Z ##[group]Run actions/checkout@v4
Build & Public Release	Clone repo	2026-02-01T13:11:30.5393592Z with:
Build & Public Release	Clone repo	2026-02-01T13:11:30.5393777Z   fetch-depth: 1
Build & Public Release	Clone repo	2026-02-01T13:11:30.5393992Z   repository: salmanbappi/AniZen
Build & Public Release	Clone repo	2026-02-01T13:11:30.5394367Z   token: ***
Build & Public Release	Clone repo	2026-02-01T13:11:30.5394548Z   ssh-strict: true
Build & Public Release	Clone repo	2026-02-01T13:11:30.5394728Z   ssh-user: git
Build & Public Release	Clone repo	2026-02-01T13:11:30.5394919Z   persist-credentials: true
Build & Public Release	Clone repo	2026-02-01T13:11:30.5395129Z   clean: true
Build & Public Release	Clone repo	2026-02-01T13:11:30.5395320Z   sparse-checkout-cone-mode: true
Build & Public Release	Clone repo	2026-02-01T13:11:30.5395562Z   fetch-tags: false
Build & Public Release	Clone repo	2026-02-01T13:11:30.5395753Z   show-progress: true
Build & Public Release	Clone repo	2026-02-01T13:11:30.5395948Z   lfs: false
Build & Public Release	Clone repo	2026-02-01T13:11:30.5396110Z   submodules: false
Build & Public Release	Clone repo	2026-02-01T13:11:30.5396295Z   set-safe-directory: true
Build & Public Release	Clone repo	2026-02-01T13:11:30.5396684Z ##[endgroup]
Build & Public Release	Clone repo	2026-02-01T13:11:30.6452303Z Syncing repository: salmanbappi/AniZen
Build & Public Release	Clone repo	2026-02-01T13:11:30.6453598Z ##[group]Getting Git version info
Build & Public Release	Clone repo	2026-02-01T13:11:30.6454004Z Working directory is '/home/runner/work/AniZen/AniZen'
Build & Public Release	Clone repo	2026-02-01T13:11:30.6454504Z [command]/usr/bin/git version
Build & Public Release	Clone repo	2026-02-01T13:11:30.6549628Z git version 2.52.0
Build & Public Release	Clone repo	2026-02-01T13:11:30.6575823Z ##[endgroup]
Build & Public Release	Clone repo	2026-02-01T13:11:30.6589699Z Temporarily overriding HOME='/home/runner/work/_temp/e83908d7-34f7-4908-a6e5-521687d89d2d' before making global git config changes
Build & Public Release	Clone repo	2026-02-01T13:11:30.6591245Z Adding repository directory to the temporary git global config as a safe directory
Build & Public Release	Clone repo	2026-02-01T13:11:30.6602500Z [command]/usr/bin/git config --global --add safe.directory /home/runner/work/AniZen/AniZen
Build & Public Release	Clone repo	2026-02-01T13:11:30.6641341Z Deleting the contents of '/home/runner/work/AniZen/AniZen'
Build & Public Release	Clone repo	2026-02-01T13:11:30.6644932Z ##[group]Initializing the repository
Build & Public Release	Clone repo	2026-02-01T13:11:30.6648813Z [command]/usr/bin/git init /home/runner/work/AniZen/AniZen
Build & Public Release	Clone repo	2026-02-01T13:11:30.6777859Z hint: Using 'master' as the name for the initial branch. This default branch name
Build & Public Release	Clone repo	2026-02-01T13:11:30.6779225Z hint: will change to "main" in Git 3.0. To configure the initial branch name
Build & Public Release	Clone repo	2026-02-01T13:11:30.6780325Z hint: to use in all of your new repositories, which will suppress this warning,
Build & Public Release	Clone repo	2026-02-01T13:11:30.6780956Z hint: call:
Build & Public Release	Clone repo	2026-02-01T13:11:30.6781133Z hint:
Build & Public Release	Clone repo	2026-02-01T13:11:30.6781429Z hint: 	git config --global init.defaultBranch <name>
Build & Public Release	Clone repo	2026-02-01T13:11:30.6781767Z hint:
Build & Public Release	Clone repo	2026-02-01T13:11:30.6782058Z hint: Names commonly chosen instead of 'master' are 'main', 'trunk' and
Build & Public Release	Clone repo	2026-02-01T13:11:30.6782555Z hint: 'development'. The just-created branch can be renamed via this command:
Build & Public Release	Clone repo	2026-02-01T13:11:30.6782935Z hint:
Build & Public Release	Clone repo	2026-02-01T13:11:30.6783140Z hint: 	git branch -m <name>
Build & Public Release	Clone repo	2026-02-01T13:11:30.6783360Z hint:
Build & Public Release	Clone repo	2026-02-01T13:11:30.6783668Z hint: Disable this message with "git config set advice.defaultBranchName false"
Build & Public Release	Clone repo	2026-02-01T13:11:30.6797525Z Initialized empty Git repository in /home/runner/work/AniZen/AniZen/.git/
Build & Public Release	Clone repo	2026-02-01T13:11:30.6808967Z [command]/usr/bin/git remote add origin https://github.com/salmanbappi/AniZen
Build & Public Release	Clone repo	2026-02-01T13:11:30.6844377Z ##[endgroup]
Build & Public Release	Clone repo	2026-02-01T13:11:30.6845023Z ##[group]Disabling automatic garbage collection
Build & Public Release	Clone repo	2026-02-01T13:11:30.6849501Z [command]/usr/bin/git config --local gc.auto 0
Build & Public Release	Clone repo	2026-02-01T13:11:30.6877949Z ##[endgroup]
Build & Public Release	Clone repo	2026-02-01T13:11:30.6878548Z ##[group]Setting up auth
Build & Public Release	Clone repo	2026-02-01T13:11:30.6887434Z [command]/usr/bin/git config --local --name-only --get-regexp core\.sshCommand
Build & Public Release	Clone repo	2026-02-01T13:11:30.6919095Z [command]/usr/bin/git submodule foreach --recursive sh -c "git config --local --name-only --get-regexp 'core\.sshCommand' && git config --local --unset-all 'core.sshCommand' || :"
Build & Public Release	Clone repo	2026-02-01T13:11:30.7277780Z [command]/usr/bin/git config --local --name-only --get-regexp http\.https\:\/\/github\.com\/\.extraheader
Build & Public Release	Clone repo	2026-02-01T13:11:30.7308217Z [command]/usr/bin/git submodule foreach --recursive sh -c "git config --local --name-only --get-regexp 'http\.https\:\/\/github\.com\/\.extraheader' && git config --local --unset-all 'http.https://github.com/.extraheader' || :"
Build & Public Release	Clone repo	2026-02-01T13:11:30.7525751Z [command]/usr/bin/git config --local --name-only --get-regexp ^includeIf\.gitdir:
Build & Public Release	Clone repo	2026-02-01T13:11:30.7555054Z [command]/usr/bin/git submodule foreach --recursive git config --local --show-origin --name-only --get-regexp remote.origin.url
Build & Public Release	Clone repo	2026-02-01T13:11:30.7789378Z [command]/usr/bin/git config --local http.https://github.com/.extraheader AUTHORIZATION: basic ***
Build & Public Release	Clone repo	2026-02-01T13:11:30.7823728Z ##[endgroup]
Build & Public Release	Clone repo	2026-02-01T13:11:30.7824442Z ##[group]Fetching the repository
Build & Public Release	Clone repo	2026-02-01T13:11:30.7832662Z [command]/usr/bin/git -c protocol.version=2 fetch --no-tags --prune --no-recurse-submodules --depth=1 origin +2658fb3a3f070db4b1b17f4f352c5df6d59d023e:refs/remotes/origin/master
Build & Public Release	Clone repo	2026-02-01T13:11:31.9939786Z From https://github.com/salmanbappi/AniZen
Build & Public Release	Clone repo	2026-02-01T13:11:31.9940686Z  * [new ref]         2658fb3a3f070db4b1b17f4f352c5df6d59d023e -> origin/master
Build & Public Release	Clone repo	2026-02-01T13:11:31.9970944Z ##[endgroup]
Build & Public Release	Clone repo	2026-02-01T13:11:31.9971620Z ##[group]Determining the checkout info
Build & Public Release	Clone repo	2026-02-01T13:11:31.9974125Z ##[endgroup]
Build & Public Release	Clone repo	2026-02-01T13:11:31.9979298Z [command]/usr/bin/git sparse-checkout disable
Build & Public Release	Clone repo	2026-02-01T13:11:32.0020749Z [command]/usr/bin/git config --local --unset-all extensions.worktreeConfig
Build & Public Release	Clone repo	2026-02-01T13:11:32.0045210Z ##[group]Checking out the ref
Build & Public Release	Clone repo	2026-02-01T13:11:32.0049524Z [command]/usr/bin/git checkout --progress --force -B master refs/remotes/origin/master
Build & Public Release	Clone repo	2026-02-01T13:11:32.1611922Z Reset branch 'master'
Build & Public Release	Clone repo	2026-02-01T13:11:32.1613402Z branch 'master' set up to track 'origin/master'.
Build & Public Release	Clone repo	2026-02-01T13:11:32.1626401Z ##[endgroup]
Build & Public Release	Clone repo	2026-02-01T13:11:32.1667327Z [command]/usr/bin/git log -1 --format=%H
Build & Public Release	Clone repo	2026-02-01T13:11:32.1690780Z 2658fb3a3f070db4b1b17f4f352c5df6d59d023e
Build & Public Release	Set up JDK	ï»¿2026-02-01T13:11:32.2005199Z ##[group]Run actions/setup-java@v4
Build & Public Release	Set up JDK	2026-02-01T13:11:32.2005538Z with:
Build & Public Release	Set up JDK	2026-02-01T13:11:32.2005711Z   java-version: 17
Build & Public Release	Set up JDK	2026-02-01T13:11:32.2005908Z   distribution: temurin
Build & Public Release	Set up JDK	2026-02-01T13:11:32.2006108Z   java-package: jdk
Build & Public Release	Set up JDK	2026-02-01T13:11:32.2006295Z   check-latest: false
Build & Public Release	Set up JDK	2026-02-01T13:11:32.2006485Z   server-id: github
Build & Public Release	Set up JDK	2026-02-01T13:11:32.2006859Z   server-username: GITHUB_ACTOR
Build & Public Release	Set up JDK	2026-02-01T13:11:32.2007102Z   server-password: GITHUB_TOKEN
Build & Public Release	Set up JDK	2026-02-01T13:11:32.2007323Z   overwrite-settings: true
Build & Public Release	Set up JDK	2026-02-01T13:11:32.2007541Z   job-status: success
Build & Public Release	Set up JDK	2026-02-01T13:11:32.2007854Z   token: ***
Build & Public Release	Set up JDK	2026-02-01T13:11:32.2008031Z ##[endgroup]
Build & Public Release	Set up JDK	2026-02-01T13:11:32.3956717Z ##[group]Installed distributions
Build & Public Release	Set up JDK	2026-02-01T13:11:32.4146272Z Resolved Java 17.0.18+8 from tool-cache
Build & Public Release	Set up JDK	2026-02-01T13:11:32.4147324Z Setting Java 17.0.18+8 as the default
Build & Public Release	Set up JDK	2026-02-01T13:11:32.4160430Z Creating toolchains.xml for JDK version 17 from temurin
Build & Public Release	Set up JDK	2026-02-01T13:11:32.4236209Z Writing to /home/runner/.m2/toolchains.xml
Build & Public Release	Set up JDK	2026-02-01T13:11:32.4237027Z 
Build & Public Release	Set up JDK	2026-02-01T13:11:32.4237421Z Java configuration:
Build & Public Release	Set up JDK	2026-02-01T13:11:32.4238119Z   Distribution: temurin
Build & Public Release	Set up JDK	2026-02-01T13:11:32.4239081Z   Version: 17.0.18+8
Build & Public Release	Set up JDK	2026-02-01T13:11:32.4240216Z   Path: /opt/hostedtoolcache/Java_Temurin-Hotspot_jdk/17.0.18-8/x64
Build & Public Release	Set up JDK	2026-02-01T13:11:32.4241065Z 
Build & Public Release	Set up JDK	2026-02-01T13:11:32.4241890Z ##[endgroup]
Build & Public Release	Set up JDK	2026-02-01T13:11:32.4255960Z Creating settings.xml with server-id: github
Build & Public Release	Set up JDK	2026-02-01T13:11:32.4263538Z Writing to /home/runner/.m2/settings.xml
Build & Public Release	Set up Gradle	ï»¿2026-02-01T13:11:32.4484281Z ##[group]Run gradle/actions/setup-gradle@v4
Build & Public Release	Set up Gradle	2026-02-01T13:11:32.4484586Z with:
Build & Public Release	Set up Gradle	2026-02-01T13:11:32.4484770Z   cache-disabled: false
Build & Public Release	Set up Gradle	2026-02-01T13:11:32.4484987Z   cache-read-only: false
Build & Public Release	Set up Gradle	2026-02-01T13:11:32.4485208Z   cache-write-only: false
Build & Public Release	Set up Gradle	2026-02-01T13:11:32.4485432Z   cache-overwrite-existing: false
Build & Public Release	Set up Gradle	2026-02-01T13:11:32.4485671Z   cache-cleanup: on-success
Build & Public Release	Set up Gradle	2026-02-01T13:11:32.4485935Z   gradle-home-cache-includes: caches
Build & Public Release	Set up Gradle	notifications
Build & Public Release	Set up Gradle	
Build & Public Release	Set up Gradle	2026-02-01T13:11:32.4486239Z   add-job-summary: always
Build & Public Release	Set up Gradle	2026-02-01T13:11:32.4486471Z   add-job-summary-as-pr-comment: never
Build & Public Release	Set up Gradle	2026-02-01T13:11:32.4486727Z   dependency-graph: disabled
Build & Public Release	Set up Gradle	2026-02-01T13:11:32.4487017Z   dependency-graph-report-dir: dependency-graph-reports
Build & Public Release	Set up Gradle	2026-02-01T13:11:32.4487357Z   dependency-graph-continue-on-failure: true
Build & Public Release	Set up Gradle	2026-02-01T13:11:32.4487633Z   build-scan-publish: false
Build & Public Release	Set up Gradle	2026-02-01T13:11:32.4487873Z   validate-wrappers: true
Build & Public Release	Set up Gradle	2026-02-01T13:11:32.4488093Z   allow-snapshot-wrappers: false
Build & Public Release	Set up Gradle	2026-02-01T13:11:32.4488347Z   gradle-home-cache-strict-match: false
Build & Public Release	Set up Gradle	2026-02-01T13:11:32.4488639Z   workflow-job-context: null
Build & Public Release	Set up Gradle	2026-02-01T13:11:32.4489003Z   github-token: ***
Build & Public Release	Set up Gradle	2026-02-01T13:11:32.4489187Z env:
Build & Public Release	Set up Gradle	2026-02-01T13:11:32.4489463Z   JAVA_HOME: /opt/hostedtoolcache/Java_Temurin-Hotspot_jdk/17.0.18-8/x64
Build & Public Release	Set up Gradle	2026-02-01T13:11:32.4490112Z   JAVA_HOME_17_X64: /opt/hostedtoolcache/Java_Temurin-Hotspot_jdk/17.0.18-8/x64
Build & Public Release	Set up Gradle	2026-02-01T13:11:32.4490576Z ##[endgroup]
Build & Public Release	Set up Gradle	2026-02-01T13:11:32.9375926Z Merged default JDK locations into /home/runner/.m2/toolchains.xml
Build & Public Release	Set up Gradle	2026-02-01T13:11:32.9378204Z Preparing cache for cleanup.
Build & Public Release	Set up Gradle	2026-02-01T13:11:32.9382608Z ##[group]Restore Gradle state from cache
Build & Public Release	Set up Gradle	2026-02-01T13:11:33.2251940Z Cache hit for restore-key: gradle-home-v1|Linux-X64|build-release[16cd6cc2a04430ca045959c87cb8ce3a]-0d6b50d5de5ab7d618c81b8e969b73a153a815e3
Build & Public Release	Set up Gradle	2026-02-01T13:11:34.4571956Z Received 33554432 of 276383062 (12.1%), 32.0 MBs/sec
Build & Public Release	Set up Gradle	2026-02-01T13:11:35.4589445Z Received 188743680 of 276383062 (68.3%), 89.9 MBs/sec
Build & Public Release	Set up Gradle	2026-02-01T13:11:36.1247278Z Received 276383062 of 276383062 (100.0%), 98.8 MBs/sec
Build & Public Release	Set up Gradle	2026-02-01T13:11:36.1251312Z Cache Size: ~264 MB (276383062 B)
Build & Public Release	Set up Gradle	2026-02-01T13:11:36.1299839Z [command]/usr/bin/tar -xf /home/runner/work/_temp/f64e6918-1e3b-477a-a0d1-382ee461369b/cache.tzst -P -C /home/runner/work/AniZen/AniZen --use-compress-program unzstd
Build & Public Release	Set up Gradle	2026-02-01T13:11:36.8123064Z Cache restored successfully
Build & Public Release	Set up Gradle	2026-02-01T13:11:36.8668155Z Restored cache entry with key gradle-home-v1|Linux-X64|build-release[16cd6cc2a04430ca045959c87cb8ce3a]-2658fb3a3f070db4b1b17f4f352c5df6d59d023e to /home/runner/.gradle/caches,/home/runner/.gradle/notifications,/home/runner/.gradle/.setup-gradle in 3927ms
Build & Public Release	Set up Gradle	2026-02-01T13:11:37.0754148Z Cache hit for: gradle-instrumented-jars-v1-80a83fa2ba5e5add538589d249967ef4
Build & Public Release	Set up Gradle	2026-02-01T13:11:37.0822242Z Cache hit for: gradle-generated-gradle-jars-v1-4434c59050703a48bf14168622b59891
Build & Public Release	Set up Gradle	2026-02-01T13:11:37.0868957Z Cache hit for: gradle-dependencies-v1-b3ba458e98787b341f020e1a58774519
Build & Public Release	Set up Gradle	2026-02-01T13:11:37.0887991Z Cache hit for: gradle-wrapper-zips-v1-5ae5d3da5e8e0c748d04bcdd9bc97bdb
Build & Public Release	Set up Gradle	2026-02-01T13:11:37.0910140Z Cache hit for: gradle-groovy-dsl-v1-74499369870a0b779fd8d81e042a0077
Build & Public Release	Set up Gradle	2026-02-01T13:11:37.0917744Z Cache hit for: gradle-transforms-v1-222698f2cd7f46b899e5ff7c78690937
Build & Public Release	Set up Gradle	2026-02-01T13:11:37.1027460Z Cache hit for: gradle-kotlin-dsl-v1-5a8cfa1efb626eb777cf7148cfe2319e
Build & Public Release	Set up Gradle	2026-02-01T13:11:37.6626024Z Received 187827 of 187827 (100.0%), 0.5 MBs/sec
Build & Public Release	Set up Gradle	2026-02-01T13:11:37.6626802Z Cache Size: ~0 MB (187827 B)
Build & Public Release	Set up Gradle	2026-02-01T13:11:37.6650076Z [command]/usr/bin/tar -xf /home/runner/work/_temp/375aa741-6bd4-4f57-b49b-506b5ad3a1c3/cache.tzst -P -C /home/runner/work/AniZen/AniZen --use-compress-program unzstd
Build & Public Release	Set up Gradle	2026-02-01T13:11:37.6881385Z Cache restored successfully
Build & Public Release	Set up Gradle	2026-02-01T13:11:37.6941659Z Restored cache entry with key gradle-groovy-dsl-v1-74499369870a0b779fd8d81e042a0077 to /home/runner/.gradle/caches/*/groovy-dsl/*/ in 819ms
Build & Public Release	Set up Gradle	2026-02-01T13:11:37.8258417Z Received 121860 of 121860 (100.0%), 0.2 MBs/sec
Build & Public Release	Set up Gradle	2026-02-01T13:11:37.8259255Z Cache Size: ~0 MB (121860 B)
Build & Public Release	Set up Gradle	2026-02-01T13:11:37.8347969Z [command]/usr/bin/tar -xf /home/runner/work/_temp/6e1c2f33-68ef-4c27-ba2d-0a53bdfe9b9f/cache.tzst -P -C /home/runner/work/AniZen/AniZen --use-compress-program unzstd
Build & Public Release	Set up Gradle	2026-02-01T13:11:37.8578959Z Cache restored successfully
Build & Public Release	Set up Gradle	2026-02-01T13:11:37.8580988Z Restored cache entry with key gradle-instrumented-jars-v1-80a83fa2ba5e5add538589d249967ef4 to /home/runner/.gradle/caches/jars-*/*/ in 988ms
Build & Public Release	Set up Gradle	2026-02-01T13:11:38.1351803Z Received 3342791 of 3342791 (100.0%), 4.0 MBs/sec
Build & Public Release	Set up Gradle	2026-02-01T13:11:38.1352527Z Cache Size: ~3 MB (3342791 B)
Build & Public Release	Set up Gradle	2026-02-01T13:11:38.1918587Z [command]/usr/bin/tar -xf /home/runner/work/_temp/30be4040-b540-417c-ad16-9c2f89f80613/cache.tzst -P -C /home/runner/work/AniZen/AniZen --use-compress-program unzstd
Build & Public Release	Set up Gradle	2026-02-01T13:11:38.2927523Z Received 33554432 of 688624236 (4.9%), 31.8 MBs/sec
Build & Public Release	Set up Gradle	2026-02-01T13:11:38.3227806Z Received 33554432 of 1328778505 (2.5%), 31.5 MBs/sec
Build & Public Release	Set up Gradle	2026-02-01T13:11:38.3369171Z Received 29360128 of 41092997 (71.4%), 27.6 MBs/sec
Build & Public Release	Set up Gradle	2026-02-01T13:11:38.3560687Z Received 8388608 of 136706942 (6.1%), 7.9 MBs/sec
Build & Public Release	Set up Gradle	2026-02-01T13:11:38.5066248Z Received 41092997 of 41092997 (100.0%), 33.1 MBs/sec
Build & Public Release	Set up Gradle	2026-02-01T13:11:38.5075554Z Cache Size: ~39 MB (41092997 B)
Build & Public Release	Set up Gradle	2026-02-01T13:11:38.7012532Z [command]/usr/bin/tar -xf /home/runner/work/_temp/70718074-1be0-41fb-a05f-fe01957fb581/cache.tzst -P -C /home/runner/work/AniZen/AniZen --use-compress-program unzstd
Build & Public Release	Set up Gradle	2026-02-01T13:11:39.1404044Z Cache restored successfully
Build & Public Release	Set up Gradle	2026-02-01T13:11:39.1545866Z Restored cache entry with key gradle-generated-gradle-jars-v1-4434c59050703a48bf14168622b59891 to /home/runner/.gradle/caches/8.14.3/generated-gradle-jars/gradle-api-8.14.3.jar in 2287ms
Build & Public Release	Set up Gradle	2026-02-01T13:11:39.3379702Z Received 134217728 of 688624236 (19.5%), 62.5 MBs/sec
Build & Public Release	Set up Gradle	2026-02-01T13:11:39.3380642Z Received 125829120 of 1328778505 (9.5%), 59.2 MBs/sec
Build & Public Release	Set up Gradle	2026-02-01T13:11:39.4648906Z Received 104857600 of 136706942 (76.7%), 47.1 MBs/sec
Build & Public Release	Set up Gradle	2026-02-01T13:11:39.8510877Z Cache restored successfully
Build & Public Release	Set up Gradle	2026-02-01T13:11:39.8522219Z Restored cache entry with key gradle-kotlin-dsl-v1-5a8cfa1efb626eb777cf7148cfe2319e to /home/runner/.gradle/caches/*/kotlin-dsl/accessors/*/,/home/runner/.gradle/caches/*/kotlin-dsl/scripts/*/ in 2983ms
Build & Public Release	Set up Gradle	2026-02-01T13:11:39.8910707Z Received 136706942 of 136706942 (100.0%), 51.1 MBs/sec
Build & Public Release	Set up Gradle	2026-02-01T13:11:39.8914011Z Cache Size: ~130 MB (136706942 B)
Build & Public Release	Set up Gradle	2026-02-01T13:11:40.0157071Z [command]/usr/bin/tar -xf /home/runner/work/_temp/54019776-fbf4-48dc-863d-b856cc166647/cache.tzst -P -C /home/runner/work/AniZen/AniZen --use-compress-program unzstd
Build & Public Release	Set up Gradle	2026-02-01T13:11:40.3156400Z Cache restored successfully
Build & Public Release	Set up Gradle	2026-02-01T13:11:40.3351398Z Received 255852544 of 688624236 (37.2%), 80.0 MBs/sec
Build & Public Release	Set up Gradle	2026-02-01T13:11:40.3352130Z Received 230686720 of 1328778505 (17.4%), 72.6 MBs/sec
Build & Public Release	Set up Gradle	2026-02-01T13:11:40.3421366Z Restored cache entry with key gradle-wrapper-zips-v1-5ae5d3da5e8e0c748d04bcdd9bc97bdb to /home/runner/.gradle/wrapper/dists/gradle-8.14.3-bin/cv11ve7ro1n3o1j4so8xd9n66 in 3473ms
Build & Public Release	Set up Gradle	2026-02-01T13:11:41.4276448Z Received 402653184 of 688624236 (58.5%), 92.7 MBs/sec
Build & Public Release	Set up Gradle	2026-02-01T13:11:41.4277223Z Received 335544320 of 1328778505 (25.3%), 77.7 MBs/sec
Build & Public Release	Set up Gradle	2026-02-01T13:11:42.4606180Z Received 536870912 of 688624236 (78.0%), 99.0 MBs/sec
Build & Public Release	Set up Gradle	2026-02-01T13:11:42.4606918Z Received 436207616 of 1328778505 (32.8%), 80.7 MBs/sec
Build & Public Release	Set up Gradle	2026-02-01T13:11:43.5304701Z Received 671088640 of 688624236 (97.5%), 102.5 MBs/sec
Build & Public Release	Set up Gradle	2026-02-01T13:11:43.5305472Z Received 566231040 of 1328778505 (42.6%), 86.8 MBs/sec
Build & Public Release	Set up Gradle	2026-02-01T13:11:43.8065514Z Received 688624236 of 688624236 (100.0%), 100.7 MBs/sec
Build & Public Release	Set up Gradle	2026-02-01T13:11:43.8066529Z Cache Size: ~657 MB (688624236 B)
Build & Public Release	Set up Gradle	2026-02-01T13:11:43.8131179Z [command]/usr/bin/tar -xf /home/runner/work/_temp/9278ecf1-94d5-4fbb-be2e-f355b7a1d175/cache.tzst -P -C /home/runner/work/AniZen/AniZen --use-compress-program unzstd
Build & Public Release	Set up Gradle	2026-02-01T13:11:44.5307781Z Received 671088640 of 1328778505 (50.5%), 88.6 MBs/sec
Build & Public Release	Set up Gradle	2026-02-01T13:11:45.3654374Z Cache restored successfully
Build & Public Release	Set up Gradle	2026-02-01T13:11:45.5024203Z Restored cache entry with key gradle-dependencies-v1-b3ba458e98787b341f020e1a58774519 to /home/runner/.gradle/caches/modules-*/files-*/*/*/*/* in 8633ms
Build & Public Release	Set up Gradle	2026-02-01T13:11:45.5310696Z Received 801112064 of 1328778505 (60.3%), 92.9 MBs/sec
Build & Public Release	Set up Gradle	2026-02-01T13:11:46.5307444Z Received 922746880 of 1328778505 (69.4%), 95.4 MBs/sec
Build & Public Release	Set up Gradle	2026-02-01T13:11:47.5312905Z Received 1052770304 of 1328778505 (79.2%), 98.2 MBs/sec
Build & Public Release	Set up Gradle	2026-02-01T13:11:48.5319577Z Received 1174405120 of 1328778505 (88.4%), 99.8 MBs/sec
Build & Public Release	Set up Gradle	2026-02-01T13:11:49.5319273Z Received 1287651328 of 1328778505 (96.9%), 100.4 MBs/sec
Build & Public Release	Set up Gradle	2026-02-01T13:11:49.9373427Z Received 1328778505 of 1328778505 (100.0%), 100.3 MBs/sec
Build & Public Release	Set up Gradle	2026-02-01T13:11:49.9375722Z Cache Size: ~1267 MB (1328778505 B)
Build & Public Release	Set up Gradle	2026-02-01T13:11:49.9405358Z [command]/usr/bin/tar -xf /home/runner/work/_temp/614af744-d393-4bf7-b0f2-0debc29a5989/cache.tzst -P -C /home/runner/work/AniZen/AniZen --use-compress-program unzstd
Build & Public Release	Set up Gradle	2026-02-01T13:12:02.5863115Z Cache restored successfully
Build & Public Release	Set up Gradle	2026-02-01T13:12:02.8084117Z Restored cache entry with key gradle-transforms-v1-222698f2cd7f46b899e5ff7c78690937 to /home/runner/.gradle/caches/transforms-4/*/,/home/runner/.gradle/caches/*/transforms/*/ in 25938ms
Build & Public Release	Set up Gradle	2026-02-01T13:12:02.8176212Z ##[endgroup]
Build & Public Release	Set up Gradle	2026-02-01T13:12:02.8650831Z ##[group]All Gradle Wrapper jars are valid
Build & Public Release	Set up Gradle	2026-02-01T13:12:02.8651982Z âœ“ Found known Gradle Wrapper JAR files:
Build & Public Release	Set up Gradle	2026-02-01T13:12:02.8652675Z   7d3a4ac4de1c32b59bc6a4eb8ecb8e612ccd0cf1ae1e99f66902da64df296172 gradle/wrapper/gradle-wrapper.jar
Build & Public Release	Set up Gradle	2026-02-01T13:12:02.8653392Z ##[endgroup]
Build & Public Release	Run Code Analysis (Detekt)	ï»¿2026-02-01T13:12:02.8823330Z ##[group]Run ./gradlew detekt --no-daemon
Build & Public Release	Run Code Analysis (Detekt)	2026-02-01T13:12:02.8823785Z [36;1m./gradlew detekt --no-daemon[0m
Build & Public Release	Run Code Analysis (Detekt)	2026-02-01T13:12:02.8858247Z shell: /usr/bin/bash -e {0}
Build & Public Release	Run Code Analysis (Detekt)	2026-02-01T13:12:02.8858547Z env:
Build & Public Release	Run Code Analysis (Detekt)	2026-02-01T13:12:02.8858887Z   JAVA_HOME: /opt/hostedtoolcache/Java_Temurin-Hotspot_jdk/17.0.18-8/x64
Build & Public Release	Run Code Analysis (Detekt)	2026-02-01T13:12:02.8859435Z   JAVA_HOME_17_X64: /opt/hostedtoolcache/Java_Temurin-Hotspot_jdk/17.0.18-8/x64
Build & Public Release	Run Code Analysis (Detekt)	2026-02-01T13:12:02.8860118Z   GRADLE_ACTION_ID: gradle/actions/setup-gradle
Build & Public Release	Run Code Analysis (Detekt)	2026-02-01T13:12:02.8860472Z   GRADLE_USER_HOME: /home/runner/.gradle
Build & Public Release	Run Code Analysis (Detekt)	2026-02-01T13:12:02.8860784Z   GRADLE_BUILD_ACTION_SETUP_COMPLETED: true
Build & Public Release	Run Code Analysis (Detekt)	2026-02-01T13:12:02.8861102Z   GRADLE_BUILD_ACTION_CACHE_RESTORED: true
Build & Public Release	Run Code Analysis (Detekt)	2026-02-01T13:12:02.8861553Z   DEVELOCITY_INJECTION_INIT_SCRIPT_NAME: gradle-actions.inject-develocity.init.gradle
Build & Public Release	Run Code Analysis (Detekt)	2026-02-01T13:12:02.8862055Z   DEVELOCITY_INJECTION_CUSTOM_VALUE: gradle-actions
Build & Public Release	Run Code Analysis (Detekt)	2026-02-01T13:12:02.8862395Z   GITHUB_DEPENDENCY_GRAPH_ENABLED: false
Build & Public Release	Run Code Analysis (Detekt)	2026-02-01T13:12:02.8862684Z ##[endgroup]
Build & Public Release	Run Code Analysis (Detekt)	2026-02-01T13:12:04.0406670Z To honour the JVM settings for this build a single-use Daemon process will be forked. For more on this, please refer to https://docs.gradle.org/8.14.3/userguide/gradle_daemon.html#sec:disabling_the_daemon in the Gradle documentation.
Build & Public Release	Run Code Analysis (Detekt)	2026-02-01T13:12:05.4397458Z Daemon will be stopped at the end of the build 
Build & Public Release	Run Code Analysis (Detekt)	2026-02-01T13:12:05.7413275Z Configuration on demand is an incubating feature.
Build & Public Release	Run Code Analysis (Detekt)	2026-02-01T13:12:09.6413383Z Type-safe project accessors is an incubating feature.
Build & Public Release	Run Code Analysis (Detekt)	2026-02-01T13:12:12.9439356Z > Task :buildSrc:checkKotlinGradlePluginConfigurationErrors SKIPPED
Build & Public Release	Run Code Analysis (Detekt)	2026-02-01T13:12:13.2404477Z > Task :buildSrc:generateExternalPluginSpecBuilders FROM-CACHE
Build & Public Release	Run Code Analysis (Detekt)	2026-02-01T13:12:13.2412079Z > Task :buildSrc:extractPrecompiledScriptPluginPlugins FROM-CACHE
Build & Public Release	Run Code Analysis (Detekt)	2026-02-01T13:12:13.4438077Z > Task :buildSrc:compilePluginsBlocks FROM-CACHE
Build & Public Release	Run Code Analysis (Detekt)	2026-02-01T13:12:13.7401114Z > Task :buildSrc:generatePrecompiledScriptPluginAccessors FROM-CACHE
Build & Public Release	Run Code Analysis (Detekt)	2026-02-01T13:12:13.7402083Z > Task :buildSrc:generateScriptPluginAdapters FROM-CACHE
Build & Public Release	Run Code Analysis (Detekt)	2026-02-01T13:12:14.1403309Z > Task :buildSrc:compileKotlin FROM-CACHE
Build & Public Release	Run Code Analysis (Detekt)	2026-02-01T13:12:14.1408082Z > Task :buildSrc:compileJava NO-SOURCE
Build & Public Release	Run Code Analysis (Detekt)	2026-02-01T13:12:14.1410498Z > Task :buildSrc:compileGroovy NO-SOURCE
Build & Public Release	Run Code Analysis (Detekt)	2026-02-01T13:12:14.2415115Z > Task :buildSrc:pluginDescriptors
Build & Public Release	Run Code Analysis (Detekt)	2026-02-01T13:12:14.2416441Z > Task :buildSrc:processResources
Build & Public Release	Run Code Analysis (Detekt)	2026-02-01T13:12:14.2417300Z > Task :buildSrc:classes
Build & Public Release	Run Code Analysis (Detekt)	2026-02-01T13:12:14.5433865Z > Task :buildSrc:jar
Build & Public Release	Run Code Analysis (Detekt)	2026-02-01T13:12:22.7398714Z > Task :detekt NO-SOURCE
Build & Public Release	Run Code Analysis (Detekt)	2026-02-01T13:12:22.8397220Z gradle/actions: Writing build results to /home/runner/work/_temp/.gradle-actions/build-results/__run-1769951527671.json
Build & Public Release	Run Code Analysis (Detekt)	2026-02-01T13:12:22.8398559Z 
Build & Public Release	Run Code Analysis (Detekt)	2026-02-01T13:12:22.8401989Z [Incubating] Problems report is available at: file:///home/runner/work/AniZen/AniZen/build/reports/problems/problems-report.html
Build & Public Release	Run Code Analysis (Detekt)	2026-02-01T13:12:22.8403204Z 
Build & Public Release	Run Code Analysis (Detekt)	2026-02-01T13:12:22.8403730Z Deprecated Gradle features were used in this build, making it incompatible with Gradle 9.0.
Build & Public Release	Run Code Analysis (Detekt)	2026-02-01T13:12:22.8412946Z 
Build & Public Release	Run Code Analysis (Detekt)	2026-02-01T13:12:22.8413772Z You can use '--warning-mode all' to show the individual deprecation warnings and determine if they come from your own scripts or plugins.
Build & Public Release	Run Code Analysis (Detekt)	2026-02-01T13:12:22.8414693Z 
Build & Public Release	Run Code Analysis (Detekt)	2026-02-01T13:12:22.8415566Z For more on this, please refer to https://docs.gradle.org/8.14.3/userguide/command_line_interface.html#sec:command_line_warnings in the Gradle documentation.
Build & Public Release	Run Code Analysis (Detekt)	2026-02-01T13:12:22.8416592Z 
Build & Public Release	Run Code Analysis (Detekt)	2026-02-01T13:12:22.8416775Z BUILD SUCCESSFUL in 19s
Build & Public Release	Run Code Analysis (Detekt)	2026-02-01T13:12:22.8417242Z 9 actionable tasks: 3 executed, 6 from cache
Build & Public Release	Build Release APK	ï»¿2026-02-01T13:12:23.0343129Z ##[group]Run ./gradlew assembleRelease -Pinclude-telemetry=false -Penable-updater=false --no-daemon
Build & Public Release	Build Release APK	2026-02-01T13:12:23.0343997Z [36;1m./gradlew assembleRelease -Pinclude-telemetry=false -Penable-updater=false --no-daemon[0m
Build & Public Release	Build Release APK	2026-02-01T13:12:23.0375517Z shell: /usr/bin/bash -e {0}
Build & Public Release	Build Release APK	2026-02-01T13:12:23.0375811Z env:
Build & Public Release	Build Release APK	2026-02-01T13:12:23.0376156Z   JAVA_HOME: /opt/hostedtoolcache/Java_Temurin-Hotspot_jdk/17.0.18-8/x64
Build & Public Release	Build Release APK	2026-02-01T13:12:23.0376712Z   JAVA_HOME_17_X64: /opt/hostedtoolcache/Java_Temurin-Hotspot_jdk/17.0.18-8/x64
Build & Public Release	Build Release APK	2026-02-01T13:12:23.0377170Z   GRADLE_ACTION_ID: gradle/actions/setup-gradle
Build & Public Release	Build Release APK	2026-02-01T13:12:23.0377521Z   GRADLE_USER_HOME: /home/runner/.gradle
Build & Public Release	Build Release APK	2026-02-01T13:12:23.0377834Z   GRADLE_BUILD_ACTION_SETUP_COMPLETED: true
Build & Public Release	Build Release APK	2026-02-01T13:12:23.0378158Z   GRADLE_BUILD_ACTION_CACHE_RESTORED: true
Build & Public Release	Build Release APK	2026-02-01T13:12:23.0378622Z   DEVELOCITY_INJECTION_INIT_SCRIPT_NAME: gradle-actions.inject-develocity.init.gradle
Build & Public Release	Build Release APK	2026-02-01T13:12:23.0379153Z   DEVELOCITY_INJECTION_CUSTOM_VALUE: gradle-actions
Build & Public Release	Build Release APK	2026-02-01T13:12:23.0379528Z   GITHUB_DEPENDENCY_GRAPH_ENABLED: false
Build & Public Release	Build Release APK	2026-02-01T13:12:23.0379823Z ##[endgroup]
Build & Public Release	Build Release APK	2026-02-01T13:12:23.7273460Z To honour the JVM settings for this build a single-use Daemon process will be forked. For more on this, please refer to https://docs.gradle.org/8.14.3/userguide/gradle_daemon.html#sec:disabling_the_daemon in the Gradle documentation.
Build & Public Release	Build Release APK	2026-02-01T13:12:24.7257510Z Daemon will be stopped at the end of the build 
Build & Public Release	Build Release APK	2026-02-01T13:12:25.1260910Z Configuration on demand is an incubating feature.
Build & Public Release	Build Release APK	2026-02-01T13:12:28.1279657Z Type-safe project accessors is an incubating feature.
Build & Public Release	Build Release APK	2026-02-01T13:12:31.1282916Z > Task :buildSrc:checkKotlinGradlePluginConfigurationErrors SKIPPED
Build & Public Release	Build Release APK	2026-02-01T13:12:31.3252180Z > Task :buildSrc:generateExternalPluginSpecBuilders UP-TO-DATE
Build & Public Release	Build Release APK	2026-02-01T13:12:31.3253368Z > Task :buildSrc:extractPrecompiledScriptPluginPlugins UP-TO-DATE
Build & Public Release	Build Release APK	2026-02-01T13:12:31.4255598Z > Task :buildSrc:compilePluginsBlocks UP-TO-DATE
Build & Public Release	Build Release APK	2026-02-01T13:12:31.8254194Z > Task :buildSrc:generatePrecompiledScriptPluginAccessors UP-TO-DATE
Build & Public Release	Build Release APK	2026-02-01T13:12:31.8258991Z > Task :buildSrc:generateScriptPluginAdapters UP-TO-DATE
Build & Public Release	Build Release APK	2026-02-01T13:12:32.0253597Z > Task :buildSrc:compileKotlin UP-TO-DATE
Build & Public Release	Build Release APK	2026-02-01T13:12:32.0254314Z > Task :buildSrc:compileJava NO-SOURCE
Build & Public Release	Build Release APK	2026-02-01T13:12:32.1280710Z > Task :buildSrc:compileGroovy NO-SOURCE
Build & Public Release	Build Release APK	2026-02-01T13:12:32.1286607Z > Task :buildSrc:pluginDescriptors UP-TO-DATE
Build & Public Release	Build Release APK	2026-02-01T13:12:32.1288798Z > Task :buildSrc:processResources UP-TO-DATE
Build & Public Release	Build Release APK	2026-02-01T13:12:32.1290409Z > Task :buildSrc:classes UP-TO-DATE
Build & Public Release	Build Release APK	2026-02-01T13:12:32.1290948Z > Task :buildSrc:jar UP-TO-DATE
Build & Public Release	Build Release APK	2026-02-01T13:12:42.3276044Z > Task :domain:preBuild UP-TO-DATE
Build & Public Release	Build Release APK	2026-02-01T13:12:42.3298370Z > Task :domain:preReleaseBuild UP-TO-DATE
Build & Public Release	Build Release APK	2026-02-01T13:12:42.3299329Z > Task :data:preBuild UP-TO-DATE
Build & Public Release	Build Release APK	2026-02-01T13:12:42.3300387Z > Task :data:preReleaseBuild UP-TO-DATE
Build & Public Release	Build Release APK	2026-02-01T13:12:42.3301302Z > Task :core-metadata:preBuild UP-TO-DATE
Build & Public Release	Build Release APK	2026-02-01T13:12:42.3302079Z > Task :core-metadata:preReleaseBuild UP-TO-DATE
Build & Public Release	Build Release APK	2026-02-01T13:12:42.3302800Z > Task :app:preBuild UP-TO-DATE
Build & Public Release	Build Release APK	2026-02-01T13:12:42.3316369Z > Task :app:preReleaseBuild UP-TO-DATE
Build & Public Release	Build Release APK	2026-02-01T13:12:42.5266643Z > Task :core-metadata:mergeReleaseJniLibFolders
Build & Public Release	Build Release APK	2026-02-01T13:12:42.5267521Z > Task :app:mergeReleaseJniLibFolders
Build & Public Release	Build Release APK	2026-02-01T13:12:42.5268192Z > Task :flagkit:preBuild UP-TO-DATE
Build & Public Release	Build Release APK	2026-02-01T13:12:42.5268827Z > Task :flagkit:preReleaseBuild UP-TO-DATE
Build & Public Release	Build Release APK	2026-02-01T13:12:42.5282421Z > Task :data:mergeReleaseJniLibFolders
Build & Public Release	Build Release APK	2026-02-01T13:12:42.5283049Z > Task :domain:mergeReleaseJniLibFolders
Build & Public Release	Build Release APK	2026-02-01T13:12:42.5283646Z > Task :data:mergeReleaseNativeLibs NO-SOURCE
Build & Public Release	Build Release APK	2026-02-01T13:12:42.5284290Z > Task :core-metadata:mergeReleaseNativeLibs NO-SOURCE
Build & Public Release	Build Release APK	2026-02-01T13:12:42.5284943Z > Task :domain:mergeReleaseNativeLibs NO-SOURCE
Build & Public Release	Build Release APK	2026-02-01T13:12:42.5285542Z > Task :flagkit:mergeReleaseJniLibFolders
Build & Public Release	Build Release APK	2026-02-01T13:12:42.5286159Z > Task :flagkit:mergeReleaseNativeLibs NO-SOURCE
Build & Public Release	Build Release APK	2026-02-01T13:12:42.5286782Z > Task :data:copyReleaseJniLibsProjectOnly
Build & Public Release	Build Release APK	2026-02-01T13:12:42.5287945Z > Task :domain:copyReleaseJniLibsProjectOnly
Build & Public Release	Build Release APK	2026-02-01T13:12:42.5288553Z > Task :i18n:generateLocalesConfig UP-TO-DATE
Build & Public Release	Build Release APK	2026-02-01T13:12:42.5289192Z > Task :core-metadata:copyReleaseJniLibsProjectOnly
Build & Public Release	Build Release APK	2026-02-01T13:12:42.5289850Z > Task :flagkit:copyReleaseJniLibsProjectOnly
Build & Public Release	Build Release APK	2026-02-01T13:12:42.7311129Z > Task :i18n-ank:generateMRcommonMain FROM-CACHE
Build & Public Release	Build Release APK	2026-02-01T13:12:42.7311889Z > Task :i18n-ank:generateMRandroidDebug SKIPPED
Build & Public Release	Build Release APK	2026-02-01T13:12:42.7312528Z > Task :i18n-kmk:generateMRcommonMain FROM-CACHE
Build & Public Release	Build Release APK	2026-02-01T13:12:42.7313131Z > Task :i18n-kmk:generateMRandroidDebug SKIPPED
Build & Public Release	Build Release APK	2026-02-01T13:12:42.7313738Z > Task :i18n-sy:generateMRcommonMain FROM-CACHE
Build & Public Release	Build Release APK	2026-02-01T13:12:42.7314334Z > Task :i18n-sy:generateMRandroidDebug SKIPPED
Build & Public Release	Build Release APK	2026-02-01T13:12:42.7315042Z > Task :i18n-ank:generateMRandroidInstrumentedTest FROM-CACHE
Build & Public Release	Build Release APK	2026-02-01T13:12:42.7315903Z > Task :i18n-kmk:generateMRandroidInstrumentedTest FROM-CACHE
Build & Public Release	Build Release APK	2026-02-01T13:12:42.7316763Z > Task :i18n-ank:generateMRandroidInstrumentedTestDebug SKIPPED
Build & Public Release	Build Release APK	2026-02-01T13:12:42.7317689Z > Task :i18n-kmk:generateMRandroidInstrumentedTestDebug SKIPPED
Build & Public Release	Build Release APK	2026-02-01T13:12:42.7318567Z > Task :i18n-sy:generateMRandroidInstrumentedTest FROM-CACHE
Build & Public Release	Build Release APK	2026-02-01T13:12:42.7319448Z > Task :i18n-sy:generateMRandroidInstrumentedTestDebug SKIPPED
Build & Public Release	Build Release APK	2026-02-01T13:12:42.7320429Z > Task :i18n:generateMRcommonMain FROM-CACHE
Build & Public Release	Build Release APK	2026-02-01T13:12:42.7321069Z > Task :i18n:generateMRandroidDebug SKIPPED
Build & Public Release	Build Release APK	2026-02-01T13:12:42.8287070Z > Task :i18n:generateMRandroidInstrumentedTest FROM-CACHE
Build & Public Release	Build Release APK	2026-02-01T13:12:42.8289832Z > Task :i18n:generateMRandroidInstrumentedTestDebug SKIPPED
Build & Public Release	Build Release APK	2026-02-01T13:12:42.8295135Z > Task :i18n-kmk:generateMRandroidMain FROM-CACHE
Build & Public Release	Build Release APK	2026-02-01T13:12:42.8299426Z > Task :i18n-kmk:generateMRandroidRelease SKIPPED
Build & Public Release	Build Release APK	2026-02-01T13:12:42.8304178Z > Task :i18n-ank:generateMRandroidMain FROM-CACHE
Build & Public Release	Build Release APK	2026-02-01T13:12:42.8308621Z > Task :i18n-ank:generateMRandroidRelease SKIPPED
Build & Public Release	Build Release APK	2026-02-01T13:12:42.8313693Z > Task :i18n-kmk:generateMRcommonTest FROM-CACHE
Build & Public Release	Build Release APK	2026-02-01T13:12:42.8317872Z > Task :i18n-ank:generateMRcommonTest FROM-CACHE
Build & Public Release	Build Release APK	2026-02-01T13:12:42.8319374Z > Task :i18n-kmk:generateMRandroidUnitTest FROM-CACHE
Build & Public Release	Build Release APK	2026-02-01T13:12:42.8320408Z > Task :i18n-kmk:generateMRandroidUnitTestDebug SKIPPED
Build & Public Release	Build Release APK	2026-02-01T13:12:42.8337103Z > Task :i18n-kmk:generateMRandroidUnitTestRelease SKIPPED
Build & Public Release	Build Release APK	2026-02-01T13:12:42.8342017Z > Task :i18n-kmk:preBuild UP-TO-DATE
Build & Public Release	Build Release APK	2026-02-01T13:12:42.8343161Z > Task :i18n-kmk:preReleaseBuild UP-TO-DATE
Build & Public Release	Build Release APK	2026-02-01T13:12:42.8344961Z > Task :i18n-ank:generateMRandroidUnitTest FROM-CACHE
Build & Public Release	Build Release APK	2026-02-01T13:12:42.8346832Z > Task :i18n-ank:generateMRandroidUnitTestDebug SKIPPED
Build & Public Release	Build Release APK	2026-02-01T13:12:42.8348668Z > Task :i18n-ank:generateMRandroidUnitTestRelease SKIPPED
Build & Public Release	Build Release APK	2026-02-01T13:12:42.8350733Z > Task :i18n-ank:preBuild UP-TO-DATE
Build & Public Release	Build Release APK	2026-02-01T13:12:42.8352545Z > Task :i18n-ank:preReleaseBuild UP-TO-DATE
Build & Public Release	Build Release APK	2026-02-01T13:12:42.8354228Z > Task :i18n-kmk:mergeReleaseJniLibFolders
Build & Public Release	Build Release APK	2026-02-01T13:12:42.9298688Z > Task :i18n-sy:generateMRandroidMain FROM-CACHE
Build & Public Release	Build Release APK	2026-02-01T13:12:42.9301098Z > Task :i18n-sy:generateMRandroidRelease SKIPPED
Build & Public Release	Build Release APK	2026-02-01T13:12:42.9306545Z > Task :i18n-kmk:mergeReleaseNativeLibs NO-SOURCE
Build & Public Release	Build Release APK	2026-02-01T13:12:42.9307489Z > Task :i18n-ank:mergeReleaseJniLibFolders
Build & Public Release	Build Release APK	2026-02-01T13:12:42.9308419Z > Task :i18n-sy:generateMRcommonTest FROM-CACHE
Build & Public Release	Build Release APK	2026-02-01T13:12:42.9309254Z > Task :i18n-kmk:copyReleaseJniLibsProjectOnly
Build & Public Release	Build Release APK	2026-02-01T13:12:42.9310219Z > Task :i18n-ank:mergeReleaseNativeLibs NO-SOURCE
Build & Public Release	Build Release APK	2026-02-01T13:12:42.9311053Z > Task :presentation-core:preBuild UP-TO-DATE
Build & Public Release	Build Release APK	2026-02-01T13:12:42.9311850Z > Task :presentation-core:preReleaseBuild UP-TO-DATE
Build & Public Release	Build Release APK	2026-02-01T13:12:42.9312634Z > Task :i18n-sy:generateMRandroidUnitTest FROM-CACHE
Build & Public Release	Build Release APK	2026-02-01T13:12:42.9313437Z > Task :i18n-sy:generateMRandroidUnitTestDebug SKIPPED
Build & Public Release	Build Release APK	2026-02-01T13:12:42.9314277Z > Task :i18n-sy:generateMRandroidUnitTestRelease SKIPPED
Build & Public Release	Build Release APK	2026-02-01T13:12:42.9315159Z > Task :i18n-sy:preBuild UP-TO-DATE
Build & Public Release	Build Release APK	2026-02-01T13:12:42.9316153Z > Task :i18n-sy:preReleaseBuild UP-TO-DATE
Build & Public Release	Build Release APK	2026-02-01T13:12:42.9317006Z > Task :i18n-ank:copyReleaseJniLibsProjectOnly
Build & Public Release	Build Release APK	2026-02-01T13:12:42.9318107Z > Task :presentation-core:mergeReleaseJniLibFolders
Build & Public Release	Build Release APK	2026-02-01T13:12:42.9379617Z > Task :presentation-widget:preBuild UP-TO-DATE
Build & Public Release	Build Release APK	2026-02-01T13:12:42.9455054Z > Task :presentation-widget:preReleaseBuild UP-TO-DATE
Build & Public Release	Build Release APK	2026-02-01T13:12:42.9467322Z > Task :presentation-core:mergeReleaseNativeLibs NO-SOURCE
Build & Public Release	Build Release APK	2026-02-01T13:12:42.9485387Z > Task :presentation-core:copyReleaseJniLibsProjectOnly
Build & Public Release	Build Release APK	2026-02-01T13:12:42.9486312Z > Task :i18n-sy:mergeReleaseJniLibFolders
Build & Public Release	Build Release APK	2026-02-01T13:12:42.9487099Z > Task :source-api:preBuild UP-TO-DATE
Build & Public Release	Build Release APK	2026-02-01T13:12:42.9487866Z > Task :source-api:preReleaseBuild UP-TO-DATE
Build & Public Release	Build Release APK	2026-02-01T13:12:42.9488943Z > Task :i18n-sy:mergeReleaseNativeLibs NO-SOURCE
Build & Public Release	Build Release APK	2026-02-01T13:12:42.9490078Z > Task :presentation-widget:mergeReleaseJniLibFolders
Build & Public Release	Build Release APK	2026-02-01T13:12:42.9490910Z > Task :i18n-sy:copyReleaseJniLibsProjectOnly
Build & Public Release	Build Release APK	2026-02-01T13:12:42.9491622Z > Task :source-local:preBuild UP-TO-DATE
Build & Public Release	Build Release APK	2026-02-01T13:12:42.9492349Z > Task :source-local:preReleaseBuild UP-TO-DATE
Build & Public Release	Build Release APK	2026-02-01T13:12:42.9493054Z > Task :source-api:mergeReleaseJniLibFolders
Build & Public Release	Build Release APK	2026-02-01T13:12:42.9493768Z > Task :source-api:mergeReleaseNativeLibs NO-SOURCE
Build & Public Release	Build Release APK	2026-02-01T13:12:42.9504184Z > Task :presentation-widget:mergeReleaseNativeLibs NO-SOURCE
Build & Public Release	Build Release APK	2026-02-01T13:12:42.9504976Z > Task :source-api:copyReleaseJniLibsProjectOnly
Build & Public Release	Build Release APK	2026-02-01T13:12:42.9505598Z > Task :telemetry:preBuild UP-TO-DATE
Build & Public Release	Build Release APK	2026-02-01T13:12:42.9506171Z > Task :telemetry:preReleaseBuild UP-TO-DATE
Build & Public Release	Build Release APK	2026-02-01T13:12:42.9506860Z > Task :presentation-widget:copyReleaseJniLibsProjectOnly
Build & Public Release	Build Release APK	2026-02-01T13:12:42.9507580Z > Task :source-local:mergeReleaseJniLibFolders
Build & Public Release	Build Release APK	2026-02-01T13:12:43.0258267Z > Task :source-local:mergeReleaseNativeLibs NO-SOURCE
Build & Public Release	Build Release APK	2026-02-01T13:12:43.0259298Z > Task :core:archive:preBuild UP-TO-DATE
Build & Public Release	Build Release APK	2026-02-01T13:12:43.0322367Z > Task :core:archive:preReleaseBuild UP-TO-DATE
Build & Public Release	Build Release APK	2026-02-01T13:12:43.0323916Z > Task :source-local:copyReleaseJniLibsProjectOnly
Build & Public Release	Build Release APK	2026-02-01T13:12:43.0324795Z > Task :core:common:preBuild UP-TO-DATE
Build & Public Release	Build Release APK	2026-02-01T13:12:43.0325665Z > Task :telemetry:mergeReleaseJniLibFolders
Build & Public Release	Build Release APK	2026-02-01T13:12:43.0326508Z > Task :core:common:preReleaseBuild UP-TO-DATE
Build & Public Release	Build Release APK	2026-02-01T13:12:43.0327356Z > Task :core:archive:mergeReleaseJniLibFolders
Build & Public Release	Build Release APK	2026-02-01T13:12:43.0328243Z > Task :telemetry:mergeReleaseNativeLibs NO-SOURCE
Build & Public Release	Build Release APK	2026-02-01T13:12:43.0329195Z > Task :core:archive:mergeReleaseNativeLibs NO-SOURCE
Build & Public Release	Build Release APK	2026-02-01T13:12:43.0330524Z > Task :telemetry:copyReleaseJniLibsProjectOnly
Build & Public Release	Build Release APK	2026-02-01T13:12:43.0331433Z > Task :core:common:mergeReleaseJniLibFolders
Build & Public Release	Build Release APK	2026-02-01T13:12:43.0332252Z > Task :core:common:mergeReleaseNativeLibs NO-SOURCE
Build & Public Release	Build Release APK	2026-02-01T13:12:43.0333073Z > Task :core:archive:copyReleaseJniLibsProjectOnly
Build & Public Release	Build Release APK	2026-02-01T13:12:43.0333846Z > Task :core-metadata:prepareReleaseArtProfile
Build & Public Release	Build Release APK	2026-02-01T13:12:43.0334640Z > Task :core:common:copyReleaseJniLibsProjectOnly
Build & Public Release	Build Release APK	2026-02-01T13:12:43.0335446Z > Task :data:prepareReleaseArtProfile
Build & Public Release	Build Release APK	2026-02-01T13:12:43.0336292Z > Task :domain:prepareReleaseArtProfile
Build & Public Release	Build Release APK	2026-02-01T13:12:43.0337113Z > Task :flagkit:prepareReleaseArtProfile
Build & Public Release	Build Release APK	2026-02-01T13:12:43.0338001Z > Task :i18n-ank:prepareReleaseArtProfile
Build & Public Release	Build Release APK	2026-02-01T13:12:43.0338691Z > Task :i18n-sy:prepareReleaseArtProfile
Build & Public Release	Build Release APK	2026-02-01T13:12:43.0339424Z > Task :i18n-kmk:prepareReleaseArtProfile
Build & Public Release	Build Release APK	2026-02-01T13:12:43.0340479Z > Task :presentation-core:prepareReleaseArtProfile
Build & Public Release	Build Release APK	2026-02-01T13:12:43.0341288Z > Task :presentation-widget:prepareReleaseArtProfile
Build & Public Release	Build Release APK	2026-02-01T13:12:43.0342071Z > Task :source-api:prepareReleaseArtProfile
Build & Public Release	Build Release APK	2026-02-01T13:12:43.0342932Z > Task :source-local:prepareReleaseArtProfile
Build & Public Release	Build Release APK	2026-02-01T13:12:43.0343835Z > Task :core:archive:prepareReleaseArtProfile
Build & Public Release	Build Release APK	2026-02-01T13:12:43.0344827Z > Task :core-metadata:checkKotlinGradlePluginConfigurationErrors SKIPPED
Build & Public Release	Build Release APK	2026-02-01T13:12:43.0345827Z > Task :telemetry:prepareReleaseArtProfile
Build & Public Release	Build Release APK	2026-02-01T13:12:43.0347492Z > Task :core-metadata:generateReleaseResValues FROM-CACHE
Build & Public Release	Build Release APK	2026-02-01T13:12:43.0348610Z > Task :core:common:prepareReleaseArtProfile
Build & Public Release	Build Release APK	2026-02-01T13:12:43.0350505Z > Task :source-api:generateReleaseResValues FROM-CACHE
Build & Public Release	Build Release APK	2026-02-01T13:12:43.1252355Z > Task :i18n-sy:generateReleaseResValues FROM-CACHE
Build & Public Release	Build Release APK	2026-02-01T13:12:43.1263577Z > Task :i18n:generateMRandroidMain FROM-CACHE
Build & Public Release	Build Release APK	2026-02-01T13:12:43.1269717Z > Task :core-metadata:generateReleaseResources FROM-CACHE
Build & Public Release	Build Release APK	2026-02-01T13:12:43.1277632Z > Task :i18n:generateMRandroidRelease SKIPPED
Build & Public Release	Build Release APK	2026-02-01T13:12:43.1278325Z > Task :source-api:generateReleaseResources FROM-CACHE
Build & Public Release	Build Release APK	2026-02-01T13:12:43.1279034Z > Task :i18n-sy:generateReleaseResources FROM-CACHE
Build & Public Release	Build Release APK	2026-02-01T13:12:43.1279683Z > Task :i18n:generateMRcommonTest FROM-CACHE
Build & Public Release	Build Release APK	2026-02-01T13:12:43.1280517Z > Task :source-api:packageReleaseResources FROM-CACHE
Build & Public Release	Build Release APK	2026-02-01T13:12:43.1281212Z > Task :i18n:generateMRandroidUnitTest FROM-CACHE
Build & Public Release	Build Release APK	2026-02-01T13:12:43.1281866Z > Task :i18n:generateMRandroidUnitTestDebug SKIPPED
Build & Public Release	Build Release APK	2026-02-01T13:12:43.1282744Z > Task :i18n:generateMRandroidUnitTestRelease SKIPPED
Build & Public Release	Build Release APK	2026-02-01T13:12:43.1283538Z > Task :i18n:preBuild UP-TO-DATE
Build & Public Release	Build Release APK	2026-02-01T13:12:43.1284151Z > Task :i18n:preReleaseBuild UP-TO-DATE
Build & Public Release	Build Release APK	2026-02-01T13:12:43.1284926Z > Task :core-metadata:packageReleaseResources FROM-CACHE
Build & Public Release	Build Release APK	2026-02-01T13:12:43.1286400Z > Task :i18n:mergeReleaseJniLibFolders
Build & Public Release	Build Release APK	2026-02-01T13:12:43.1287018Z > Task :i18n:mergeReleaseNativeLibs NO-SOURCE
Build & Public Release	Build Release APK	2026-02-01T13:12:43.1287619Z > Task :i18n:copyReleaseJniLibsProjectOnly
Build & Public Release	Build Release APK	2026-02-01T13:12:43.1288252Z > Task :i18n-sy:packageReleaseResources FROM-CACHE
Build & Public Release	Build Release APK	2026-02-01T13:12:43.1288831Z > Task :i18n:prepareReleaseArtProfile
Build & Public Release	Build Release APK	2026-02-01T13:12:43.2277377Z > Task :i18n:generateReleaseResValues FROM-CACHE
Build & Public Release	Build Release APK	2026-02-01T13:12:43.8274241Z > Task :i18n:generateReleaseResources FROM-CACHE
Build & Public Release	Build Release APK	2026-02-01T13:12:43.9251640Z > Task :source-api:parseReleaseLocalResources FROM-CACHE
Build & Public Release	Build Release APK	2026-02-01T13:12:44.0253582Z > Task :i18n-sy:parseReleaseLocalResources FROM-CACHE
Build & Public Release	Build Release APK	2026-02-01T13:12:44.0259384Z > Task :i18n:packageReleaseResources FROM-CACHE
Build & Public Release	Build Release APK	2026-02-01T13:12:44.0267063Z > Task :i18n:parseReleaseLocalResources FROM-CACHE
Build & Public Release	Build Release APK	2026-02-01T13:12:44.0270560Z > Task :i18n-sy:generateReleaseRFile FROM-CACHE
Build & Public Release	Build Release APK	2026-02-01T13:12:44.0271619Z > Task :core:common:generateReleaseResValues FROM-CACHE
Build & Public Release	Build Release APK	2026-02-01T13:12:44.0272896Z > Task :core:common:generateReleaseResources FROM-CACHE
Build & Public Release	Build Release APK	2026-02-01T13:12:44.1256896Z > Task :core:common:packageReleaseResources FROM-CACHE
Build & Public Release	Build Release APK	2026-02-01T13:12:44.1262394Z > Task :core:common:parseReleaseLocalResources FROM-CACHE
Build & Public Release	Build Release APK	2026-02-01T13:12:44.1267005Z > Task :source-api:kmpPartiallyResolvedDependenciesChecker
Build & Public Release	Build Release APK	2026-02-01T13:12:44.1268498Z > Task :source-api:checkKotlinGradlePluginConfigurationErrors SKIPPED
Build & Public Release	Build Release APK	2026-02-01T13:12:44.1269779Z > Task :i18n-sy:kmpPartiallyResolvedDependenciesChecker
Build & Public Release	Build Release APK	2026-02-01T13:12:44.1282674Z > Task :i18n-sy:checkKotlinGradlePluginConfigurationErrors SKIPPED
Build & Public Release	Build Release APK	2026-02-01T13:12:44.3263680Z > Task :i18n:generateReleaseRFile FROM-CACHE
Build & Public Release	Build Release APK	2026-02-01T13:12:44.6284279Z > Task :core-metadata:parseReleaseLocalResources FROM-CACHE
Build & Public Release	Build Release APK	2026-02-01T13:12:44.6288869Z > Task :core:common:generateReleaseRFile FROM-CACHE
Build & Public Release	Build Release APK	2026-02-01T13:12:44.7291450Z > Task :source-api:generateReleaseRFile FROM-CACHE
Build & Public Release	Build Release APK	2026-02-01T13:12:44.8268815Z > Task :i18n-sy:compileReleaseKotlinAndroid FROM-CACHE
Build & Public Release	Build Release APK	2026-02-01T13:12:44.8274094Z > Task :i18n:kmpPartiallyResolvedDependenciesChecker
Build & Public Release	Build Release APK	2026-02-01T13:12:44.8279085Z > Task :i18n:checkKotlinGradlePluginConfigurationErrors SKIPPED
Build & Public Release	Build Release APK	2026-02-01T13:12:44.8332688Z > Task :app:mergeReleaseArtProfile
Build & Public Release	Build Release APK	2026-02-01T13:12:44.8360999Z > Task :core-metadata:generateReleaseRFile FROM-CACHE
Build & Public Release	Build Release APK	2026-02-01T13:12:44.8362065Z > Task :i18n-sy:javaPreCompileRelease FROM-CACHE
Build & Public Release	Build Release APK	2026-02-01T13:12:44.8362868Z > Task :i18n-sy:compileReleaseJavaWithJavac NO-SOURCE
Build & Public Release	Build Release APK	2026-02-01T13:12:44.9254417Z > Task :i18n:compileReleaseKotlinAndroid FROM-CACHE
Build & Public Release	Build Release APK	2026-02-01T13:12:44.9284419Z > Task :i18n:javaPreCompileRelease FROM-CACHE
Build & Public Release	Build Release APK	2026-02-01T13:12:44.9310745Z > Task :i18n:compileReleaseJavaWithJavac NO-SOURCE
Build & Public Release	Build Release APK	2026-02-01T13:12:45.0264146Z > Task :i18n-sy:bundleLibCompileToJarRelease
Build & Public Release	Build Release APK	2026-02-01T13:12:45.0264973Z > Task :i18n:bundleLibCompileToJarRelease
Build & Public Release	Build Release APK	2026-02-01T13:12:45.0270480Z > Task :core:common:checkKotlinGradlePluginConfigurationErrors SKIPPED
Build & Public Release	Build Release APK	2026-02-01T13:12:45.0272007Z > Task :source-api:javaPreCompileRelease FROM-CACHE
Build & Public Release	Build Release APK	2026-02-01T13:12:45.0272876Z > Task :core-metadata:javaPreCompileRelease FROM-CACHE
Build & Public Release	Build Release APK	2026-02-01T13:12:45.0273889Z > Task :domain:checkKotlinGradlePluginConfigurationErrors SKIPPED
Build & Public Release	Build Release APK	2026-02-01T13:12:45.5251166Z > Task :app:mergeReleaseNativeLibs
Build & Public Release	Build Release APK	2026-02-01T13:12:45.5253055Z > Task :domain:generateReleaseResValues FROM-CACHE
Build & Public Release	Build Release APK	2026-02-01T13:12:45.5254721Z > Task :i18n-ank:generateReleaseResValues FROM-CACHE
Build & Public Release	Build Release APK	2026-02-01T13:12:45.5261127Z > Task :domain:generateReleaseResources FROM-CACHE
Build & Public Release	Build Release APK	2026-02-01T13:12:45.5266317Z > Task :i18n-ank:generateReleaseResources FROM-CACHE
Build & Public Release	Build Release APK	2026-02-01T13:12:45.5268883Z > Task :domain:packageReleaseResources FROM-CACHE
Build & Public Release	Build Release APK	2026-02-01T13:12:45.5271675Z > Task :domain:parseReleaseLocalResources FROM-CACHE
Build & Public Release	Build Release APK	2026-02-01T13:12:45.5274141Z > Task :domain:javaPreCompileRelease FROM-CACHE
Build & Public Release	Build Release APK	2026-02-01T13:12:45.5276824Z > Task :source-local:kmpPartiallyResolvedDependenciesChecker
Build & Public Release	Build Release APK	2026-02-01T13:12:45.5283149Z > Task :source-local:checkKotlinGradlePluginConfigurationErrors SKIPPED
Build & Public Release	Build Release APK	2026-02-01T13:12:45.5288724Z > Task :i18n-ank:packageReleaseResources FROM-CACHE
Build & Public Release	Build Release APK	2026-02-01T13:12:45.5302243Z > Task :source-local:generateReleaseResValues FROM-CACHE
Build & Public Release	Build Release APK	2026-02-01T13:12:45.5306746Z > Task :i18n-ank:parseReleaseLocalResources FROM-CACHE
Build & Public Release	Build Release APK	2026-02-01T13:12:45.5308415Z > Task :source-local:generateReleaseResources FROM-CACHE
Build & Public Release	Build Release APK	2026-02-01T13:12:45.6261503Z > Task :i18n-ank:generateReleaseRFile FROM-CACHE
Build & Public Release	Build Release APK	2026-02-01T13:12:45.6263754Z > Task :source-local:packageReleaseResources FROM-CACHE
Build & Public Release	Build Release APK	2026-02-01T13:12:45.6264714Z > Task :i18n-ank:kmpPartiallyResolvedDependenciesChecker
Build & Public Release	Build Release APK	2026-02-01T13:12:45.6267533Z > Task :i18n-ank:checkKotlinGradlePluginConfigurationErrors SKIPPED
Build & Public Release	Build Release APK	2026-02-01T13:12:45.7251072Z > Task :i18n-ank:compileReleaseKotlinAndroid FROM-CACHE
Build & Public Release	Build Release APK	2026-02-01T13:12:45.7258657Z > Task :i18n-ank:javaPreCompileRelease FROM-CACHE
Build & Public Release	Build Release APK	2026-02-01T13:12:45.7315287Z > Task :i18n-ank:compileReleaseJavaWithJavac NO-SOURCE
Build & Public Release	Build Release APK	2026-02-01T13:12:45.7318104Z > Task :i18n-ank:bundleLibCompileToJarRelease
Build & Public Release	Build Release APK	2026-02-01T13:12:45.7318785Z > Task :domain:generateReleaseRFile FROM-CACHE
Build & Public Release	Build Release APK	2026-02-01T13:12:45.7319507Z > Task :core:archive:generateReleaseResValues FROM-CACHE
Build & Public Release	Build Release APK	2026-02-01T13:12:45.8264047Z > Task :source-local:parseReleaseLocalResources FROM-CACHE
Build & Public Release	Build Release APK	2026-02-01T13:12:45.8290973Z > Task :source-local:javaPreCompileRelease FROM-CACHE
Build & Public Release	Build Release APK	2026-02-01T13:12:45.8314833Z > Task :data:checkKotlinGradlePluginConfigurationErrors SKIPPED
Build & Public Release	Build Release APK	2026-02-01T13:12:45.8315835Z > Task :core:archive:generateReleaseResources FROM-CACHE
Build & Public Release	Build Release APK	2026-02-01T13:12:45.8316645Z > Task :core:archive:packageReleaseResources FROM-CACHE
Build & Public Release	Build Release APK	2026-02-01T13:12:45.8317484Z > Task :core:archive:parseReleaseLocalResources FROM-CACHE
Build & Public Release	Build Release APK	2026-02-01T13:12:45.8318323Z > Task :data:generateReleaseDatabaseInterface FROM-CACHE
Build & Public Release	Build Release APK	2026-02-01T13:12:45.8319092Z > Task :data:generateReleaseResValues FROM-CACHE
Build & Public Release	Build Release APK	2026-02-01T13:12:45.9274989Z > Task :data:generateReleaseResources FROM-CACHE
Build & Public Release	Build Release APK	2026-02-01T13:12:45.9280035Z > Task :core:common:compileReleaseKotlin FROM-CACHE
Build & Public Release	Build Release APK	2026-02-01T13:12:45.9280794Z > Task :data:packageReleaseResources FROM-CACHE
Build & Public Release	Build Release APK	2026-02-01T13:12:45.9281473Z > Task :core:common:javaPreCompileRelease FROM-CACHE
Build & Public Release	Build Release APK	2026-02-01T13:12:45.9282160Z > Task :data:parseReleaseLocalResources FROM-CACHE
Build & Public Release	Build Release APK	2026-02-01T13:12:45.9282911Z > Task :core:common:compileReleaseJavaWithJavac NO-SOURCE
Build & Public Release	Build Release APK	2026-02-01T13:12:45.9283656Z > Task :core:archive:generateReleaseRFile FROM-CACHE
Build & Public Release	Build Release APK	2026-02-01T13:12:46.0250948Z > Task :core:common:bundleLibCompileToJarRelease
Build & Public Release	Build Release APK	2026-02-01T13:12:46.0282924Z > Task :data:generateReleaseRFile FROM-CACHE
Build & Public Release	Build Release APK	2026-02-01T13:12:46.0284161Z > Task :core:archive:checkKotlinGradlePluginConfigurationErrors SKIPPED
Build & Public Release	Build Release APK	2026-02-01T13:12:46.0285305Z > Task :source-local:generateReleaseRFile FROM-CACHE
Build & Public Release	Build Release APK	2026-02-01T13:12:46.0286257Z > Task :data:javaPreCompileRelease FROM-CACHE
Build & Public Release	Build Release APK	2026-02-01T13:12:46.0287393Z > Task :presentation-core:checkKotlinGradlePluginConfigurationErrors SKIPPED
Build & Public Release	Build Release APK	2026-02-01T13:12:46.0312008Z > Task :presentation-core:generateReleaseResValues FROM-CACHE
Build & Public Release	Build Release APK	2026-02-01T13:12:46.0349875Z > Task :app:expandReleaseL8ArtProfileWildcards FROM-CACHE
Build & Public Release	Build Release APK	2026-02-01T13:12:46.1301453Z > Task :presentation-core:generateReleaseResources FROM-CACHE
Build & Public Release	Build Release APK	2026-02-01T13:12:46.1302415Z > Task :presentation-core:packageReleaseResources FROM-CACHE
Build & Public Release	Build Release APK	2026-02-01T13:12:46.1303187Z > Task :core:archive:compileReleaseKotlin FROM-CACHE
Build & Public Release	Build Release APK	2026-02-01T13:12:46.1303883Z > Task :core:archive:javaPreCompileRelease FROM-CACHE
Build & Public Release	Build Release APK	2026-02-01T13:12:46.1304663Z > Task :presentation-core:parseReleaseLocalResources FROM-CACHE
Build & Public Release	Build Release APK	2026-02-01T13:12:46.1305487Z > Task :core:archive:compileReleaseJavaWithJavac NO-SOURCE
Build & Public Release	Build Release APK	2026-02-01T13:12:46.2251616Z > Task :source-api:compileReleaseKotlinAndroid FROM-CACHE
Build & Public Release	Build Release APK	2026-02-01T13:12:46.2252906Z > Task :source-api:compileReleaseJavaWithJavac NO-SOURCE
Build & Public Release	Build Release APK	2026-02-01T13:12:46.4250397Z > Task :core:archive:bundleLibCompileToJarRelease
Build & Public Release	Build Release APK	2026-02-01T13:12:46.4272893Z > Task :core:archive:mergeReleaseGeneratedProguardFiles
Build & Public Release	Build Release APK	2026-02-01T13:12:46.4286200Z > Task :core:archive:exportReleaseConsumerProguardFiles
Build & Public Release	Build Release APK	2026-02-01T13:12:46.4287575Z > Task :presentation-widget:checkKotlinGradlePluginConfigurationErrors SKIPPED
Build & Public Release	Build Release APK	2026-02-01T13:12:46.4292891Z > Task :source-api:bundleLibCompileToJarRelease
Build & Public Release	Build Release APK	2026-02-01T13:12:46.4295071Z > Task :presentation-core:generateReleaseRFile FROM-CACHE
Build & Public Release	Build Release APK	2026-02-01T13:12:46.5257495Z > Task :presentation-widget:generateReleaseResValues FROM-CACHE
Build & Public Release	Build Release APK	2026-02-01T13:12:46.5258812Z > Task :core-metadata:compileReleaseKotlin FROM-CACHE
Build & Public Release	Build Release APK	2026-02-01T13:12:46.5260137Z > Task :core-metadata:compileReleaseJavaWithJavac NO-SOURCE
Build & Public Release	Build Release APK	2026-02-01T13:12:46.5264611Z > Task :core-metadata:bundleLibCompileToJarRelease
Build & Public Release	Build Release APK	2026-02-01T13:12:46.6250521Z > Task :core-metadata:mergeReleaseGeneratedProguardFiles
Build & Public Release	Build Release APK	2026-02-01T13:12:47.0301078Z > Task :app:stripReleaseDebugSymbols
Build & Public Release	Build Release APK	2026-02-01T13:12:47.0302379Z > Task :app:extractReleaseNativeSymbolTables FROM-CACHE
Build & Public Release	Build Release APK	2026-02-01T13:12:47.0303855Z > Task :app:mergeReleaseNativeDebugMetadata NO-SOURCE
Build & Public Release	Build Release APK	2026-02-01T13:12:47.0304885Z > Task :presentation-widget:generateReleaseResources FROM-CACHE
Build & Public Release	Build Release APK	2026-02-01T13:12:47.0306062Z > Task :core-metadata:exportReleaseConsumerProguardFiles
Build & Public Release	Build Release APK	2026-02-01T13:12:47.0307209Z > Task :source-api:mergeReleaseGeneratedProguardFiles
Build & Public Release	Build Release APK	2026-02-01T13:12:47.0308305Z > Task :presentation-widget:packageReleaseResources FROM-CACHE
Build & Public Release	Build Release APK	2026-02-01T13:12:47.0309489Z > Task :source-api:exportReleaseConsumerProguardFiles
Build & Public Release	Build Release APK	2026-02-01T13:12:47.0310831Z > Task :flagkit:checkKotlinGradlePluginConfigurationErrors SKIPPED
Build & Public Release	Build Release APK	2026-02-01T13:12:47.0312016Z > Task :flagkit:generateReleaseResValues FROM-CACHE
Build & Public Release	Build Release APK	2026-02-01T13:12:47.0313193Z > Task :presentation-widget:parseReleaseLocalResources FROM-CACHE
Build & Public Release	Build Release APK	2026-02-01T13:12:47.1281750Z > Task :flagkit:generateReleaseResources FROM-CACHE
Build & Public Release	Build Release APK	2026-02-01T13:12:47.1282681Z > Task :presentation-widget:generateReleaseRFile FROM-CACHE
Build & Public Release	Build Release APK	2026-02-01T13:12:47.1283550Z > Task :presentation-widget:javaPreCompileRelease FROM-CACHE
Build & Public Release	Build Release APK	2026-02-01T13:12:47.1284380Z > Task :core:common:mergeReleaseGeneratedProguardFiles
Build & Public Release	Build Release APK	2026-02-01T13:12:47.2250536Z > Task :core:common:exportReleaseConsumerProguardFiles
Build & Public Release	Build Release APK	2026-02-01T13:12:47.2252021Z > Task :i18n:mergeReleaseGeneratedProguardFiles
Build & Public Release	Build Release APK	2026-02-01T13:12:47.2253086Z > Task :i18n:exportReleaseConsumerProguardFiles
Build & Public Release	Build Release APK	2026-02-01T13:12:47.2253938Z > Task :i18n-kmk:kmpPartiallyResolvedDependenciesChecker
Build & Public Release	Build Release APK	2026-02-01T13:12:47.2254869Z > Task :i18n-kmk:checkKotlinGradlePluginConfigurationErrors SKIPPED
Build & Public Release	Build Release APK	2026-02-01T13:12:47.2255742Z > Task :i18n-kmk:generateReleaseResValues FROM-CACHE
Build & Public Release	Build Release APK	2026-02-01T13:12:47.2257043Z > Task :flagkit:packageReleaseResources FROM-CACHE
Build & Public Release	Build Release APK	2026-02-01T13:12:47.2257798Z > Task :i18n-kmk:generateReleaseResources FROM-CACHE
Build & Public Release	Build Release APK	2026-02-01T13:12:47.2258500Z > Task :flagkit:parseReleaseLocalResources FROM-CACHE
Build & Public Release	Build Release APK	2026-02-01T13:12:47.2259191Z > Task :domain:compileReleaseKotlin FROM-CACHE
Build & Public Release	Build Release APK	2026-02-01T13:12:47.2259871Z > Task :i18n-kmk:packageReleaseResources FROM-CACHE
Build & Public Release	Build Release APK	2026-02-01T13:12:47.2260809Z > Task :domain:compileReleaseJavaWithJavac NO-SOURCE
Build & Public Release	Build Release APK	2026-02-01T13:12:47.2261555Z > Task :i18n-kmk:parseReleaseLocalResources FROM-CACHE
Build & Public Release	Build Release APK	2026-02-01T13:12:47.3270812Z > Task :flagkit:generateReleaseRFile FROM-CACHE
Build & Public Release	Build Release APK	2026-02-01T13:12:47.3271622Z > Task :i18n-kmk:generateReleaseRFile FROM-CACHE
Build & Public Release	Build Release APK	2026-02-01T13:12:47.3272336Z > Task :domain:mergeReleaseGeneratedProguardFiles
Build & Public Release	Build Release APK	2026-02-01T13:12:47.3273024Z > Task :domain:exportReleaseConsumerProguardFiles
Build & Public Release	Build Release APK	2026-02-01T13:12:47.3273868Z > Task :domain:bundleLibCompileToJarRelease
Build & Public Release	Build Release APK	2026-02-01T13:12:47.4250518Z > Task :flagkit:compileReleaseKotlin FROM-CACHE
Build & Public Release	Build Release APK	2026-02-01T13:12:47.4251676Z > Task :i18n-kmk:compileReleaseKotlinAndroid FROM-CACHE
Build & Public Release	Build Release APK	2026-02-01T13:12:47.4252635Z > Task :flagkit:javaPreCompileRelease FROM-CACHE
Build & Public Release	Build Release APK	2026-02-01T13:12:47.4255264Z > Task :flagkit:compileReleaseJavaWithJavac NO-SOURCE
Build & Public Release	Build Release APK	2026-02-01T13:12:47.4255953Z > Task :flagkit:mergeReleaseGeneratedProguardFiles
Build & Public Release	Build Release APK	2026-02-01T13:12:47.4256634Z > Task :flagkit:exportReleaseConsumerProguardFiles
Build & Public Release	Build Release APK	2026-02-01T13:12:47.4257384Z > Task :source-local:compileReleaseKotlinAndroid FROM-CACHE
Build & Public Release	Build Release APK	2026-02-01T13:12:47.4258115Z > Task :i18n-kmk:javaPreCompileRelease FROM-CACHE
Build & Public Release	Build Release APK	2026-02-01T13:12:47.4258799Z > Task :source-local:compileReleaseJavaWithJavac NO-SOURCE
Build & Public Release	Build Release APK	2026-02-01T13:12:47.4259508Z > Task :i18n-kmk:compileReleaseJavaWithJavac NO-SOURCE
Build & Public Release	Build Release APK	2026-02-01T13:12:47.4260395Z > Task :source-local:mergeReleaseGeneratedProguardFiles
Build & Public Release	Build Release APK	2026-02-01T13:12:47.4261117Z > Task :i18n-kmk:mergeReleaseGeneratedProguardFiles
Build & Public Release	Build Release APK	2026-02-01T13:12:47.4261813Z > Task :source-local:exportReleaseConsumerProguardFiles
Build & Public Release	Build Release APK	2026-02-01T13:12:47.4262511Z > Task :i18n-kmk:exportReleaseConsumerProguardFiles
Build & Public Release	Build Release APK	2026-02-01T13:12:47.4263193Z > Task :i18n-ank:mergeReleaseGeneratedProguardFiles
Build & Public Release	Build Release APK	2026-02-01T13:12:47.4263862Z > Task :i18n-sy:mergeReleaseGeneratedProguardFiles
Build & Public Release	Build Release APK	2026-02-01T13:12:47.4264524Z > Task :i18n-ank:exportReleaseConsumerProguardFiles
Build & Public Release	Build Release APK	2026-02-01T13:12:47.4265190Z > Task :i18n-sy:exportReleaseConsumerProguardFiles
Build & Public Release	Build Release APK	2026-02-01T13:12:47.4266483Z > Task :telemetry:checkKotlinGradlePluginConfigurationErrors SKIPPED
Build & Public Release	Build Release APK	2026-02-01T13:12:47.5256823Z > Task :telemetry:generateReleaseResValues FROM-CACHE
Build & Public Release	Build Release APK	2026-02-01T13:12:47.5262516Z > Task :telemetry:generateReleaseResources FROM-CACHE
Build & Public Release	Build Release APK	2026-02-01T13:12:47.5264781Z > Task :telemetry:packageReleaseResources FROM-CACHE
Build & Public Release	Build Release APK	2026-02-01T13:12:47.5267163Z > Task :telemetry:parseReleaseLocalResources FROM-CACHE
Build & Public Release	Build Release APK	2026-02-01T13:12:47.5269561Z > Task :telemetry:generateReleaseRFile FROM-CACHE
Build & Public Release	Build Release APK	2026-02-01T13:12:47.6257678Z > Task :app:buildKotlinToolingMetadata
Build & Public Release	Build Release APK	2026-02-01T13:12:47.6271441Z > Task :presentation-core:javaPreCompileRelease FROM-CACHE
Build & Public Release	Build Release APK	2026-02-01T13:12:47.6272229Z > Task :telemetry:compileReleaseKotlin FROM-CACHE
Build & Public Release	Build Release APK	2026-02-01T13:12:47.6272919Z > Task :telemetry:javaPreCompileRelease FROM-CACHE
Build & Public Release	Build Release APK	2026-02-01T13:12:47.6273631Z > Task :telemetry:compileReleaseJavaWithJavac NO-SOURCE
Build & Public Release	Build Release APK	2026-02-01T13:12:47.7274477Z > Task :telemetry:mergeReleaseGeneratedProguardFiles
Build & Public Release	Build Release APK	2026-02-01T13:12:47.7275329Z > Task :telemetry:exportReleaseConsumerProguardFiles
Build & Public Release	Build Release APK	2026-02-01T13:12:47.7275941Z > Task :data:compileReleaseKotlin FROM-CACHE
Build & Public Release	Build Release APK	2026-02-01T13:12:47.7276602Z > Task :data:compileReleaseJavaWithJavac NO-SOURCE
Build & Public Release	Build Release APK	2026-02-01T13:12:47.7277244Z > Task :data:mergeReleaseGeneratedProguardFiles
Build & Public Release	Build Release APK	2026-02-01T13:12:47.9268729Z > Task :data:exportReleaseConsumerProguardFiles
Build & Public Release	Build Release APK	2026-02-01T13:12:47.9269838Z > Task :core-metadata:writeReleaseAarMetadata
Build & Public Release	Build Release APK	2026-02-01T13:12:48.0252234Z > Task :domain:writeReleaseAarMetadata
Build & Public Release	Build Release APK	2026-02-01T13:12:48.0253261Z > Task :data:writeReleaseAarMetadata
Build & Public Release	Build Release APK	2026-02-01T13:12:48.0254150Z > Task :i18n:writeReleaseAarMetadata
Build & Public Release	Build Release APK	2026-02-01T13:12:48.0255111Z > Task :app:checkKotlinGradlePluginConfigurationErrors SKIPPED
Build & Public Release	Build Release APK	2026-02-01T13:12:48.0256057Z > Task :flagkit:writeReleaseAarMetadata
Build & Public Release	Build Release APK	2026-02-01T13:12:48.0256824Z > Task :i18n-ank:writeReleaseAarMetadata
Build & Public Release	Build Release APK	2026-02-01T13:12:48.0257599Z > Task :i18n-kmk:writeReleaseAarMetadata
Build & Public Release	Build Release APK	2026-02-01T13:12:48.0258371Z > Task :i18n-sy:writeReleaseAarMetadata
Build & Public Release	Build Release APK	2026-02-01T13:12:48.1251416Z > Task :presentation-core:writeReleaseAarMetadata
Build & Public Release	Build Release APK	2026-02-01T13:12:48.1252460Z > Task :app:checkReleaseDuplicateClasses
Build & Public Release	Build Release APK	2026-02-01T13:12:48.1253436Z > Task :source-api:writeReleaseAarMetadata
Build & Public Release	Build Release APK	2026-02-01T13:12:48.1254094Z > Task :presentation-widget:writeReleaseAarMetadata
Build & Public Release	Build Release APK	2026-02-01T13:12:48.2267658Z > Task :telemetry:writeReleaseAarMetadata
Build & Public Release	Build Release APK	2026-02-01T13:12:48.2309332Z > Task :source-local:writeReleaseAarMetadata
Build & Public Release	Build Release APK	2026-02-01T13:12:48.2310686Z > Task :core:archive:writeReleaseAarMetadata
Build & Public Release	Build Release APK	2026-02-01T13:12:48.2311428Z > Task :core:common:writeReleaseAarMetadata
Build & Public Release	Build Release APK	2026-02-01T13:12:48.2312208Z > Task :app:dataBindingMergeDependencyArtifactsRelease
Build & Public Release	Build Release APK	2026-02-01T13:12:48.2313017Z > Task :app:generateReleaseResValues FROM-CACHE
Build & Public Release	Build Release APK	2026-02-01T13:12:48.2313817Z > Task :core-metadata:extractDeepLinksRelease FROM-CACHE
Build & Public Release	Build Release APK	2026-02-01T13:12:48.2315329Z > Task :data:extractDeepLinksRelease FROM-CACHE
Build & Public Release	Build Release APK	2026-02-01T13:12:48.2316076Z > Task :data:processReleaseManifest FROM-CACHE
Build & Public Release	Build Release APK	2026-02-01T13:12:48.2316787Z > Task :core-metadata:processReleaseManifest FROM-CACHE
Build & Public Release	Build Release APK	2026-02-01T13:12:48.2317554Z > Task :flagkit:extractDeepLinksRelease FROM-CACHE
Build & Public Release	Build Release APK	2026-02-01T13:12:48.2318250Z > Task :domain:extractDeepLinksRelease FROM-CACHE
Build & Public Release	Build Release APK	2026-02-01T13:12:48.2318945Z > Task :app:generateReleaseResources FROM-CACHE
Build & Public Release	Build Release APK	2026-02-01T13:12:48.2320542Z > Task :flagkit:processReleaseManifest FROM-CACHE
Build & Public Release	Build Release APK	2026-02-01T13:12:48.2321278Z > Task :domain:processReleaseManifest FROM-CACHE
Build & Public Release	Build Release APK	2026-02-01T13:12:48.2322022Z > Task :app:prepareLibraryDefinitionsRelease FROM-CACHE
Build & Public Release	Build Release APK	2026-02-01T13:12:48.2322761Z > Task :i18n-ank:extractDeepLinksRelease FROM-CACHE
Build & Public Release	Build Release APK	2026-02-01T13:12:48.2323444Z > Task :i18n:extractDeepLinksRelease FROM-CACHE
Build & Public Release	Build Release APK	2026-02-01T13:12:48.3261410Z > Task :i18n-ank:processReleaseManifest FROM-CACHE
Build & Public Release	Build Release APK	2026-02-01T13:12:48.3262509Z > Task :i18n:processReleaseManifest FROM-CACHE
Build & Public Release	Build Release APK	2026-02-01T13:12:48.3263367Z > Task :i18n-sy:extractDeepLinksRelease FROM-CACHE
Build & Public Release	Build Release APK	2026-02-01T13:12:48.3264191Z > Task :i18n-kmk:extractDeepLinksRelease FROM-CACHE
Build & Public Release	Build Release APK	2026-02-01T13:12:48.3269714Z > Task :i18n-sy:processReleaseManifest FROM-CACHE
Build & Public Release	Build Release APK	2026-02-01T13:12:48.3270842Z > Task :presentation-core:extractDeepLinksRelease FROM-CACHE
Build & Public Release	Build Release APK	2026-02-01T13:12:48.3273222Z > Task :presentation-core:processReleaseManifest FROM-CACHE
Build & Public Release	Build Release APK	2026-02-01T13:12:48.3274064Z > Task :i18n-kmk:processReleaseManifest FROM-CACHE
Build & Public Release	Build Release APK	2026-02-01T13:12:48.3274847Z > Task :source-api:extractDeepLinksRelease FROM-CACHE
Build & Public Release	Build Release APK	2026-02-01T13:12:48.3275829Z > Task :presentation-widget:extractDeepLinksRelease FROM-CACHE
Build & Public Release	Build Release APK	2026-02-01T13:12:48.4250928Z > Task :presentation-widget:processReleaseManifest FROM-CACHE
Build & Public Release	Build Release APK	2026-02-01T13:12:48.4255589Z > Task :source-api:processReleaseManifest FROM-CACHE
Build & Public Release	Build Release APK	2026-02-01T13:12:48.4260098Z > Task :source-local:extractDeepLinksRelease FROM-CACHE
Build & Public Release	Build Release APK	2026-02-01T13:12:48.4282916Z > Task :telemetry:extractDeepLinksRelease FROM-CACHE
Build & Public Release	Build Release APK	2026-02-01T13:12:48.4286686Z > Task :telemetry:processReleaseManifest FROM-CACHE
Build & Public Release	Build Release APK	2026-02-01T13:12:48.4287715Z > Task :source-local:processReleaseManifest FROM-CACHE
Build & Public Release	Build Release APK	2026-02-01T13:12:48.4288929Z > Task :core:archive:extractDeepLinksRelease FROM-CACHE
Build & Public Release	Build Release APK	2026-02-01T13:12:48.4296956Z > Task :core:common:extractDeepLinksRelease FROM-CACHE
Build & Public Release	Build Release APK	2026-02-01T13:12:48.4298514Z > Task :core:archive:processReleaseManifest FROM-CACHE
Build & Public Release	Build Release APK	2026-02-01T13:12:48.4301861Z > Task :core:common:processReleaseManifest FROM-CACHE
Build & Public Release	Build Release APK	2026-02-01T13:12:48.5252914Z > Task :flagkit:bundleLibCompileToJarRelease
Build & Public Release	Build Release APK	2026-02-01T13:12:48.5257798Z > Task :i18n-kmk:bundleLibCompileToJarRelease
Build & Public Release	Build Release APK	2026-02-01T13:12:48.5263005Z > Task :source-local:bundleLibCompileToJarRelease
Build & Public Release	Build Release APK	2026-02-01T13:12:48.5284941Z > Task :telemetry:bundleLibCompileToJarRelease
Build & Public Release	Build Release APK	2026-02-01T13:12:48.5286400Z > Task :data:bundleLibCompileToJarRelease
Build & Public Release	Build Release APK	2026-02-01T13:12:48.5287227Z > Task :core-metadata:bundleLibRuntimeToJarRelease
Build & Public Release	Build Release APK	2026-02-01T13:12:48.7269699Z > Task :data:bundleLibRuntimeToJarRelease
Build & Public Release	Build Release APK	2026-02-01T13:12:48.7274265Z > Task :flagkit:bundleLibRuntimeToJarRelease
Build & Public Release	Build Release APK	2026-02-01T13:12:48.7278207Z > Task :i18n:bundleLibRuntimeToJarRelease
Build & Public Release	Build Release APK	2026-02-01T13:12:48.7282251Z > Task :domain:bundleLibRuntimeToJarRelease
Build & Public Release	Build Release APK	2026-02-01T13:12:48.7286183Z > Task :i18n-ank:bundleLibRuntimeToJarRelease
Build & Public Release	Build Release APK	2026-02-01T13:12:48.7290252Z > Task :i18n-kmk:bundleLibRuntimeToJarRelease
Build & Public Release	Build Release APK	2026-02-01T13:12:48.7294982Z > Task :i18n-sy:bundleLibRuntimeToJarRelease
Build & Public Release	Build Release APK	2026-02-01T13:12:48.7296217Z > Task :source-local:bundleLibRuntimeToJarRelease
Build & Public Release	Build Release APK	2026-02-01T13:12:48.7296999Z > Task :source-api:bundleLibRuntimeToJarRelease
Build & Public Release	Build Release APK	2026-02-01T13:12:48.8259384Z > Task :telemetry:bundleLibRuntimeToJarRelease
Build & Public Release	Build Release APK	2026-02-01T13:12:48.8264190Z > Task :core:archive:bundleLibRuntimeToJarRelease
Build & Public Release	Build Release APK	2026-02-01T13:12:48.8268924Z > Task :core:common:bundleLibRuntimeToJarRelease
Build & Public Release	Build Release APK	2026-02-01T13:12:48.8269848Z > Task :core-metadata:processReleaseJavaRes
Build & Public Release	Build Release APK	2026-02-01T13:12:48.9273559Z > Task :data:processReleaseJavaRes
Build & Public Release	Build Release APK	2026-02-01T13:12:48.9274468Z > Task :flagkit:processReleaseJavaRes
Build & Public Release	Build Release APK	2026-02-01T13:12:48.9275182Z > Task :i18n:processReleaseJavaRes
Build & Public Release	Build Release APK	2026-02-01T13:12:48.9275870Z > Task :domain:processReleaseJavaRes
Build & Public Release	Build Release APK	2026-02-01T13:12:48.9276592Z > Task :i18n-kmk:processReleaseJavaRes
Build & Public Release	Build Release APK	2026-02-01T13:12:48.9277397Z > Task :i18n-ank:processReleaseJavaRes
Build & Public Release	Build Release APK	2026-02-01T13:12:48.9278290Z > Task :i18n-sy:processReleaseJavaRes
Build & Public Release	Build Release APK	2026-02-01T13:12:48.9279157Z > Task :source-api:processReleaseJavaRes
Build & Public Release	Build Release APK	2026-02-01T13:12:48.9280594Z > Task :telemetry:processReleaseJavaRes
Build & Public Release	Build Release APK	2026-02-01T13:12:48.9281454Z > Task :source-local:processReleaseJavaRes
Build & Public Release	Build Release APK	2026-02-01T13:12:49.0254008Z > Task :core:archive:processReleaseJavaRes
Build & Public Release	Build Release APK	2026-02-01T13:12:49.0258842Z > Task :core:common:processReleaseJavaRes
Build & Public Release	Build Release APK	2026-02-01T13:12:49.0291444Z > Task :core-metadata:mergeReleaseShaders
Build & Public Release	Build Release APK	2026-02-01T13:12:49.0297767Z > Task :core-metadata:compileReleaseShaders NO-SOURCE
Build & Public Release	Build Release APK	2026-02-01T13:12:49.0302476Z > Task :core-metadata:generateReleaseAssets UP-TO-DATE
Build & Public Release	Build Release APK	2026-02-01T13:12:49.0305359Z > Task :data:mergeReleaseShaders
Build & Public Release	Build Release APK	2026-02-01T13:12:49.0309075Z > Task :data:compileReleaseShaders NO-SOURCE
Build & Public Release	Build Release APK	2026-02-01T13:12:49.0311654Z > Task :data:generateReleaseAssets UP-TO-DATE
Build & Public Release	Build Release APK	2026-02-01T13:12:49.0315931Z > Task :core-metadata:mergeReleaseAssets
Build & Public Release	Build Release APK	2026-02-01T13:12:49.0318592Z > Task :data:mergeReleaseAssets
Build & Public Release	Build Release APK	2026-02-01T13:12:49.0320900Z > Task :domain:mergeReleaseShaders
Build & Public Release	Build Release APK	2026-02-01T13:12:49.0323910Z > Task :domain:compileReleaseShaders NO-SOURCE
Build & Public Release	Build Release APK	2026-02-01T13:12:49.0380944Z > Task :domain:generateReleaseAssets UP-TO-DATE
Build & Public Release	Build Release APK	2026-02-01T13:12:49.0382430Z > Task :flagkit:mergeReleaseShaders
Build & Public Release	Build Release APK	2026-02-01T13:12:49.0383204Z > Task :domain:mergeReleaseAssets
Build & Public Release	Build Release APK	2026-02-01T13:12:49.0383990Z > Task :flagkit:compileReleaseShaders NO-SOURCE
Build & Public Release	Build Release APK	2026-02-01T13:12:49.0384843Z > Task :flagkit:generateReleaseAssets UP-TO-DATE
Build & Public Release	Build Release APK	2026-02-01T13:12:49.0385605Z > Task :flagkit:mergeReleaseAssets
Build & Public Release	Build Release APK	2026-02-01T13:12:49.0386281Z > Task :i18n:mergeReleaseShaders
Build & Public Release	Build Release APK	2026-02-01T13:12:49.0387026Z > Task :i18n:compileReleaseShaders NO-SOURCE
Build & Public Release	Build Release APK	2026-02-01T13:12:49.0387835Z > Task :i18n:generateReleaseAssets UP-TO-DATE
Build & Public Release	Build Release APK	2026-02-01T13:12:49.0388656Z > Task :i18n:releaseAssetsCopyForAGP NO-SOURCE
Build & Public Release	Build Release APK	2026-02-01T13:12:49.1280231Z > Task :i18n-ank:mergeReleaseShaders
Build & Public Release	Build Release APK	2026-02-01T13:12:49.1282507Z > Task :i18n-ank:compileReleaseShaders NO-SOURCE
Build & Public Release	Build Release APK	2026-02-01T13:12:49.1283352Z > Task :i18n-ank:generateReleaseAssets UP-TO-DATE
Build & Public Release	Build Release APK	2026-02-01T13:12:49.1284238Z > Task :i18n-ank:releaseAssetsCopyForAGP NO-SOURCE
Build & Public Release	Build Release APK	2026-02-01T13:12:49.1285061Z > Task :i18n:mergeReleaseAssets
Build & Public Release	Build Release APK	2026-02-01T13:12:49.1285719Z > Task :i18n-kmk:mergeReleaseShaders
Build & Public Release	Build Release APK	2026-02-01T13:12:49.1287487Z > Task :i18n-ank:mergeReleaseAssets
Build & Public Release	Build Release APK	2026-02-01T13:12:49.1288244Z > Task :i18n-kmk:compileReleaseShaders NO-SOURCE
Build & Public Release	Build Release APK	2026-02-01T13:12:49.1289052Z > Task :i18n-kmk:generateReleaseAssets UP-TO-DATE
Build & Public Release	Build Release APK	2026-02-01T13:12:49.1289859Z > Task :i18n-kmk:releaseAssetsCopyForAGP NO-SOURCE
Build & Public Release	Build Release APK	2026-02-01T13:12:49.1290854Z > Task :i18n-sy:mergeReleaseShaders
Build & Public Release	Build Release APK	2026-02-01T13:12:49.1293584Z > Task :i18n-sy:compileReleaseShaders NO-SOURCE
Build & Public Release	Build Release APK	2026-02-01T13:12:49.1294397Z > Task :i18n-sy:generateReleaseAssets UP-TO-DATE
Build & Public Release	Build Release APK	2026-02-01T13:12:49.1297644Z > Task :i18n-kmk:mergeReleaseAssets
Build & Public Release	Build Release APK	2026-02-01T13:12:49.1298409Z > Task :i18n-sy:releaseAssetsCopyForAGP NO-SOURCE
Build & Public Release	Build Release APK	2026-02-01T13:12:49.1299188Z > Task :presentation-core:mergeReleaseShaders
Build & Public Release	Build Release APK	2026-02-01T13:12:49.1300261Z > Task :presentation-core:compileReleaseShaders NO-SOURCE
Build & Public Release	Build Release APK	2026-02-01T13:12:49.1301198Z > Task :presentation-core:generateReleaseAssets UP-TO-DATE
Build & Public Release	Build Release APK	2026-02-01T13:12:49.1302350Z > Task :i18n-sy:mergeReleaseAssets
Build & Public Release	Build Release APK	2026-02-01T13:12:49.1303070Z > Task :presentation-core:mergeReleaseAssets
Build & Public Release	Build Release APK	2026-02-01T13:12:49.1303843Z > Task :presentation-widget:mergeReleaseShaders
Build & Public Release	Build Release APK	2026-02-01T13:12:49.1304705Z > Task :presentation-widget:compileReleaseShaders NO-SOURCE
Build & Public Release	Build Release APK	2026-02-01T13:12:49.1305645Z > Task :presentation-widget:generateReleaseAssets UP-TO-DATE
Build & Public Release	Build Release APK	2026-02-01T13:12:49.1306414Z > Task :source-api:mergeReleaseShaders
Build & Public Release	Build Release APK	2026-02-01T13:12:49.1307165Z > Task :presentation-widget:mergeReleaseAssets
Build & Public Release	Build Release APK	2026-02-01T13:12:49.1307959Z > Task :source-api:compileReleaseShaders NO-SOURCE
Build & Public Release	Build Release APK	2026-02-01T13:12:49.1313421Z > Task :source-api:generateReleaseAssets UP-TO-DATE
Build & Public Release	Build Release APK	2026-02-01T13:12:49.2262854Z > Task :source-api:releaseAssetsCopyForAGP NO-SOURCE
Build & Public Release	Build Release APK	2026-02-01T13:12:49.2267091Z > Task :app:prepareReleaseShortcutXML
Build & Public Release	Build Release APK	2026-02-01T13:12:49.2268834Z > Task :source-local:mergeReleaseShaders
Build & Public Release	Build Release APK	2026-02-01T13:12:49.2270654Z > Task :source-local:compileReleaseShaders NO-SOURCE
Build & Public Release	Build Release APK	2026-02-01T13:12:49.2272444Z > Task :source-local:generateReleaseAssets UP-TO-DATE
Build & Public Release	Build Release APK	2026-02-01T13:12:49.2274261Z > Task :source-local:releaseAssetsCopyForAGP NO-SOURCE
Build & Public Release	Build Release APK	2026-02-01T13:12:49.2275905Z > Task :source-api:mergeReleaseAssets
Build & Public Release	Build Release APK	2026-02-01T13:12:49.3300469Z > Task :telemetry:mergeReleaseShaders
Build & Public Release	Build Release APK	2026-02-01T13:12:49.3301866Z > Task :source-local:mergeReleaseAssets
Build & Public Release	Build Release APK	2026-02-01T13:12:49.3305593Z > Task :telemetry:compileReleaseShaders NO-SOURCE
Build & Public Release	Build Release APK	2026-02-01T13:12:49.3313327Z > Task :telemetry:generateReleaseAssets UP-TO-DATE
Build & Public Release	Build Release APK	2026-02-01T13:12:49.3314304Z > Task :telemetry:mergeReleaseAssets
Build & Public Release	Build Release APK	2026-02-01T13:12:49.3315015Z > Task :core:archive:mergeReleaseShaders
Build & Public Release	Build Release APK	2026-02-01T13:12:49.3315903Z > Task :core:archive:compileReleaseShaders NO-SOURCE
Build & Public Release	Build Release APK	2026-02-01T13:12:49.3316815Z > Task :core:archive:generateReleaseAssets UP-TO-DATE
Build & Public Release	Build Release APK	2026-02-01T13:12:49.3317763Z > Task :core:common:mergeReleaseShaders
Build & Public Release	Build Release APK	2026-02-01T13:12:49.3318390Z > Task :core:common:compileReleaseShaders NO-SOURCE
Build & Public Release	Build Release APK	2026-02-01T13:12:49.3319069Z > Task :core:common:generateReleaseAssets UP-TO-DATE
Build & Public Release	Build Release APK	2026-02-01T13:12:49.4251595Z > Task :core:archive:mergeReleaseAssets
Build & Public Release	Build Release APK	2026-02-01T13:12:49.4281131Z > Task :core-metadata:stripReleaseDebugSymbols NO-SOURCE
Build & Public Release	Build Release APK	2026-02-01T13:12:49.4282163Z > Task :core:common:mergeReleaseAssets
Build & Public Release	Build Release APK	2026-02-01T13:12:49.4283230Z > Task :core-metadata:extractDeepLinksForAarRelease FROM-CACHE
Build & Public Release	Build Release APK	2026-02-01T13:12:49.4284317Z > Task :core-metadata:copyReleaseJniLibsProjectAndLocalJars
Build & Public Release	Build Release APK	2026-02-01T13:12:49.4285327Z > Task :i18n:compileReleaseLibraryResources FROM-CACHE
Build & Public Release	Build Release APK	2026-02-01T13:12:49.4286272Z > Task :i18n-sy:compileReleaseLibraryResources FROM-CACHE
Build & Public Release	Build Release APK	2026-02-01T13:12:49.4287270Z > Task :source-api:compileReleaseLibraryResources FROM-CACHE
Build & Public Release	Build Release APK	2026-02-01T13:12:49.4288277Z > Task :core:common:compileReleaseLibraryResources FROM-CACHE
Build & Public Release	Build Release APK	2026-02-01T13:12:49.4289230Z > Task :data:stripReleaseDebugSymbols NO-SOURCE
Build & Public Release	Build Release APK	2026-02-01T13:12:49.4290393Z > Task :data:copyReleaseJniLibsProjectAndLocalJars
Build & Public Release	Build Release APK	2026-02-01T13:12:49.4321908Z > Task :data:extractDeepLinksForAarRelease FROM-CACHE
Build & Public Release	Build Release APK	2026-02-01T13:12:51.2250793Z > Task :core-metadata:extractReleaseAnnotations FROM-CACHE
Build & Public Release	Build Release APK	2026-02-01T13:12:51.2252207Z > Task :core-metadata:mergeReleaseConsumerProguardFiles
Build & Public Release	Build Release APK	2026-02-01T13:12:51.3250765Z > Task :core-metadata:prepareLintJarForPublish
Build & Public Release	Build Release APK	2026-02-01T13:12:51.5260812Z > Task :core-metadata:mergeReleaseJavaResource
Build & Public Release	Build Release APK	2026-02-01T13:12:51.5262007Z > Task :core-metadata:syncReleaseLibJars FROM-CACHE
Build & Public Release	Build Release APK	2026-02-01T13:12:51.6255954Z > Task :data:extractReleaseAnnotations FROM-CACHE
Build & Public Release	Build Release APK	2026-02-01T13:12:51.6265786Z > Task :data:mergeReleaseConsumerProguardFiles
Build & Public Release	Build Release APK	2026-02-01T13:12:51.6266707Z > Task :data:prepareLintJarForPublish
Build & Public Release	Build Release APK	2026-02-01T13:12:51.6267435Z > Task :data:mergeReleaseJavaResource
Build & Public Release	Build Release APK	2026-02-01T13:12:51.6268183Z > Task :app:mergeReleaseResources FROM-CACHE
Build & Public Release	Build Release APK	2026-02-01T13:12:51.6268938Z > Task :core-metadata:bundleReleaseAar
Build & Public Release	Build Release APK	2026-02-01T13:12:51.6269658Z > Task :data:syncReleaseLibJars FROM-CACHE
Build & Public Release	Build Release APK	2026-02-01T13:12:51.7250477Z > Task :data:bundleReleaseAar
Build & Public Release	Build Release APK	2026-02-01T13:12:51.8251021Z > Task :app:dataBindingGenBaseClassesRelease FROM-CACHE
Build & Public Release	Build Release APK	2026-02-01T13:12:51.8255636Z > Task :data:mapReleaseSourceSetPaths
Build & Public Release	Build Release APK	2026-02-01T13:12:51.8256551Z > Task :core-metadata:mapReleaseSourceSetPaths
Build & Public Release	Build Release APK	2026-02-01T13:12:52.3253612Z > Task :core-metadata:mergeReleaseResources FROM-CACHE
Build & Public Release	Build Release APK	2026-02-01T13:12:52.3256130Z > Task :app:generateReleaseBuildConfig
Build & Public Release	Build Release APK	2026-02-01T13:12:52.3256785Z > Task :data:mergeReleaseResources FROM-CACHE
Build & Public Release	Build Release APK	2026-02-01T13:12:52.3261386Z > Task :domain:compileReleaseLibraryResources FROM-CACHE
Build & Public Release	Build Release APK	2026-02-01T13:12:52.3263791Z > Task :i18n-ank:compileReleaseLibraryResources FROM-CACHE
Build & Public Release	Build Release APK	2026-02-01T13:12:52.6251814Z > Task :app:checkReleaseAarMetadata
Build & Public Release	Build Release APK	2026-02-01T13:12:52.7264097Z > Task :app:mapReleaseSourceSetPaths
Build & Public Release	Build Release APK	2026-02-01T13:12:52.8257974Z > Task :app:createReleaseCompatibleScreenManifests
Build & Public Release	Build Release APK	2026-02-01T13:12:52.8261696Z > Task :app:extractDeepLinksRelease FROM-CACHE
Build & Public Release	Build Release APK	2026-02-01T13:12:52.8262380Z > Task :data:verifyReleaseResources FROM-CACHE
Build & Public Release	Build Release APK	2026-02-01T13:12:52.8262964Z > Task :data:assembleRelease
Build & Public Release	Build Release APK	2026-02-01T13:12:52.8263550Z > Task :domain:stripReleaseDebugSymbols NO-SOURCE
Build & Public Release	Build Release APK	2026-02-01T13:12:52.9254211Z > Task :core-metadata:verifyReleaseResources FROM-CACHE
Build & Public Release	Build Release APK	2026-02-01T13:12:52.9255248Z > Task :core-metadata:assembleRelease
Build & Public Release	Build Release APK	2026-02-01T13:12:52.9256130Z > Task :domain:extractDeepLinksForAarRelease FROM-CACHE
Build & Public Release	Build Release APK	2026-02-01T13:12:52.9261517Z > Task :domain:copyReleaseJniLibsProjectAndLocalJars
Build & Public Release	Build Release APK	2026-02-01T13:12:52.9262786Z > Task :flagkit:stripReleaseDebugSymbols NO-SOURCE
Build & Public Release	Build Release APK	2026-02-01T13:12:53.1277789Z > Task :flagkit:copyReleaseJniLibsProjectAndLocalJars
Build & Public Release	Build Release APK	2026-02-01T13:12:53.1278665Z > Task :flagkit:extractDeepLinksForAarRelease FROM-CACHE
Build & Public Release	Build Release APK	2026-02-01T13:12:53.1279364Z > Task :app:processReleaseMainManifest FROM-CACHE
Build & Public Release	Build Release APK	2026-02-01T13:12:53.2251382Z > Task :app:processReleaseManifest FROM-CACHE
Build & Public Release	Build Release APK	2026-02-01T13:12:53.2252221Z > Task :app:processReleaseManifestForPackage FROM-CACHE
Build & Public Release	Build Release APK	2026-02-01T13:12:53.2253371Z > Task :flagkit:extractReleaseAnnotations FROM-CACHE
Build & Public Release	Build Release APK	2026-02-01T13:12:53.2254063Z > Task :flagkit:mergeReleaseConsumerProguardFiles
Build & Public Release	Build Release APK	2026-02-01T13:12:53.2254793Z > Task :domain:extractReleaseAnnotations FROM-CACHE
Build & Public Release	Build Release APK	2026-02-01T13:12:53.2255480Z > Task :domain:mergeReleaseConsumerProguardFiles
Build & Public Release	Build Release APK	2026-02-01T13:12:53.3251973Z > Task :domain:prepareLintJarForPublish
Build & Public Release	Build Release APK	2026-02-01T13:12:53.3264272Z > Task :flagkit:prepareLintJarForPublish
Build & Public Release	Build Release APK	2026-02-01T13:12:53.3264874Z > Task :domain:mergeReleaseJavaResource
Build & Public Release	Build Release APK	2026-02-01T13:12:53.4311079Z > Task :flagkit:mergeReleaseJavaResource
Build & Public Release	Build Release APK	2026-02-01T13:12:53.4330830Z > Task :flagkit:syncReleaseLibJars FROM-CACHE
Build & Public Release	Build Release APK	2026-02-01T13:12:53.4360676Z > Task :domain:syncReleaseLibJars FROM-CACHE
Build & Public Release	Build Release APK	2026-02-01T13:12:53.5253450Z > Task :domain:bundleReleaseAar
Build & Public Release	Build Release APK	2026-02-01T13:12:53.6272927Z > Task :domain:mapReleaseSourceSetPaths
Build & Public Release	Build Release APK	2026-02-01T13:12:53.6273611Z > Task :flagkit:bundleReleaseAar
Build & Public Release	Build Release APK	2026-02-01T13:12:53.7253417Z > Task :flagkit:mapReleaseSourceSetPaths
Build & Public Release	Build Release APK	2026-02-01T13:12:54.3250918Z > Task :app:processReleaseResources FROM-CACHE
Build & Public Release	Build Release APK	2026-02-01T13:12:54.3252026Z > Task :app:javaPreCompileRelease FROM-CACHE
Build & Public Release	Build Release APK	2026-02-01T13:12:54.3252681Z > Task :app:extractProguardFiles
Build & Public Release	Build Release APK	2026-02-01T13:12:54.3253232Z > Task :app:mergeReleaseStartupProfile
Build & Public Release	Build Release APK	2026-02-01T13:12:54.3253834Z > Task :app:generateReleaseAssets UP-TO-DATE
Build & Public Release	Build Release APK	2026-02-01T13:12:54.4263486Z > Task :domain:mergeReleaseResources FROM-CACHE
Build & Public Release	Build Release APK	2026-02-01T13:12:54.4264663Z > Task :flagkit:mergeReleaseResources FROM-CACHE
Build & Public Release	Build Release APK	2026-02-01T13:12:54.7251045Z > Task :domain:verifyReleaseResources FROM-CACHE
Build & Public Release	Build Release APK	2026-02-01T13:12:54.7256526Z > Task :domain:assembleRelease
Build & Public Release	Build Release APK	2026-02-01T13:12:54.7257434Z > Task :i18n:stripReleaseDebugSymbols NO-SOURCE
Build & Public Release	Build Release APK	2026-02-01T13:12:54.7258323Z > Task :i18n:copyReleaseJniLibsProjectAndLocalJars
Build & Public Release	Build Release APK	2026-02-01T13:12:54.7259055Z > Task :i18n:extractDeepLinksForAarRelease FROM-CACHE
Build & Public Release	Build Release APK	2026-02-01T13:12:54.7259684Z > Task :app:mergeReleaseAssets
Build & Public Release	Build Release APK	2026-02-01T13:12:54.8263749Z > Task :i18n:extractReleaseAnnotations FROM-CACHE
Build & Public Release	Build Release APK	2026-02-01T13:12:54.8268313Z > Task :i18n:mergeReleaseConsumerProguardFiles
Build & Public Release	Build Release APK	2026-02-01T13:12:54.8269235Z > Task :i18n:prepareLintJarForPublish
Build & Public Release	Build Release APK	2026-02-01T13:12:54.8273990Z > Task :i18n:mergeReleaseJavaResource
Build & Public Release	Build Release APK	2026-02-01T13:12:54.8274861Z > Task :app:compressReleaseAssets FROM-CACHE
Build & Public Release	Build Release APK	2026-02-01T13:12:54.8275681Z > Task :flagkit:verifyReleaseResources FROM-CACHE
Build & Public Release	Build Release APK	2026-02-01T13:12:54.8279630Z > Task :flagkit:assembleRelease
Build & Public Release	Build Release APK	2026-02-01T13:12:54.8280814Z > Task :i18n-ank:stripReleaseDebugSymbols NO-SOURCE
Build & Public Release	Build Release APK	2026-02-01T13:12:54.8281819Z > Task :i18n-ank:copyReleaseJniLibsProjectAndLocalJars
Build & Public Release	Build Release APK	2026-02-01T13:12:54.8282699Z > Task :i18n:syncReleaseLibJars FROM-CACHE
Build & Public Release	Build Release APK	2026-02-01T13:12:54.8283642Z > Task :i18n-ank:extractDeepLinksForAarRelease FROM-CACHE
Build & Public Release	Build Release APK	2026-02-01T13:12:54.9273425Z > Task :i18n-ank:extractReleaseAnnotations FROM-CACHE
Build & Public Release	Build Release APK	2026-02-01T13:12:54.9274170Z > Task :i18n-ank:mergeReleaseConsumerProguardFiles
Build & Public Release	Build Release APK	2026-02-01T13:12:54.9274764Z > Task :i18n-ank:prepareLintJarForPublish
Build & Public Release	Build Release APK	2026-02-01T13:12:54.9275360Z > Task :i18n-ank:mergeReleaseJavaResource
Build & Public Release	Build Release APK	2026-02-01T13:12:54.9275887Z > Task :i18n-ank:syncReleaseLibJars FROM-CACHE
Build & Public Release	Build Release APK	2026-02-01T13:12:55.0251020Z > Task :i18n-ank:bundleReleaseAar
Build & Public Release	Build Release APK	2026-02-01T13:12:55.0251725Z > Task :i18n-ank:mapReleaseSourceSetPaths
Build & Public Release	Build Release APK	2026-02-01T13:12:55.0252354Z > Task :app:extractReleaseVersionControlInfo
Build & Public Release	Build Release APK	2026-02-01T13:12:55.0252961Z > Task :app:validateSigningRelease
Build & Public Release	Build Release APK	2026-02-01T13:12:55.0253506Z > Task :app:writeReleaseAppMetadata
Build & Public Release	Build Release APK	2026-02-01T13:12:55.1273644Z > Task :app:writeReleaseSigningConfigVersions
Build & Public Release	Build Release APK	2026-02-01T13:12:55.1274467Z > Task :i18n-kmk:stripReleaseDebugSymbols NO-SOURCE
Build & Public Release	Build Release APK	2026-02-01T13:12:55.1275244Z > Task :i18n-kmk:copyReleaseJniLibsProjectAndLocalJars
Build & Public Release	Build Release APK	2026-02-01T13:12:55.1276049Z > Task :i18n-kmk:extractDeepLinksForAarRelease FROM-CACHE
Build & Public Release	Build Release APK	2026-02-01T13:12:55.1276827Z > Task :i18n-kmk:extractReleaseAnnotations FROM-CACHE
Build & Public Release	Build Release APK	2026-02-01T13:12:55.1277557Z > Task :i18n-kmk:mergeReleaseConsumerProguardFiles
Build & Public Release	Build Release APK	2026-02-01T13:12:55.1278210Z > Task :i18n-kmk:prepareLintJarForPublish
Build & Public Release	Build Release APK	2026-02-01T13:12:55.1311473Z > Task :i18n-kmk:mergeReleaseJavaResource
Build & Public Release	Build Release APK	2026-02-01T13:12:55.2251634Z > Task :i18n-ank:mergeReleaseResources FROM-CACHE
Build & Public Release	Build Release APK	2026-02-01T13:12:55.2252475Z > Task :i18n-kmk:syncReleaseLibJars FROM-CACHE
Build & Public Release	Build Release APK	2026-02-01T13:12:55.2253071Z > Task :i18n-kmk:bundleReleaseAar
Build & Public Release	Build Release APK	2026-02-01T13:12:55.2253619Z > Task :i18n-kmk:mapReleaseSourceSetPaths
Build & Public Release	Build Release APK	2026-02-01T13:12:55.2254264Z > Task :i18n-ank:verifyReleaseResources FROM-CACHE
Build & Public Release	Build Release APK	2026-02-01T13:12:55.2254880Z > Task :i18n-ank:assembleRelease
Build & Public Release	Build Release APK	2026-02-01T13:12:55.2255478Z > Task :i18n-sy:stripReleaseDebugSymbols NO-SOURCE
Build & Public Release	Build Release APK	2026-02-01T13:12:55.3256641Z > Task :i18n-sy:copyReleaseJniLibsProjectAndLocalJars
Build & Public Release	Build Release APK	2026-02-01T13:12:55.3257873Z > Task :i18n-sy:extractDeepLinksForAarRelease FROM-CACHE
Build & Public Release	Build Release APK	2026-02-01T13:12:55.3258790Z > Task :i18n:bundleReleaseAar
Build & Public Release	Build Release APK	2026-02-01T13:12:55.3259656Z > Task :i18n-sy:extractReleaseAnnotations FROM-CACHE
Build & Public Release	Build Release APK	2026-02-01T13:12:55.3260740Z > Task :i18n-sy:mergeReleaseConsumerProguardFiles
Build & Public Release	Build Release APK	2026-02-01T13:12:55.3261580Z > Task :i18n:mapReleaseSourceSetPaths
Build & Public Release	Build Release APK	2026-02-01T13:12:55.3262373Z > Task :i18n-sy:prepareLintJarForPublish
Build & Public Release	Build Release APK	2026-02-01T13:12:55.3263130Z > Task :i18n-sy:mergeReleaseJavaResource
Build & Public Release	Build Release APK	2026-02-01T13:12:55.4253737Z > Task :i18n-sy:syncReleaseLibJars FROM-CACHE
Build & Public Release	Build Release APK	2026-02-01T13:12:55.4254857Z > Task :i18n-kmk:mergeReleaseResources FROM-CACHE
Build & Public Release	Build Release APK	2026-02-01T13:12:55.4255808Z > Task :i18n-kmk:verifyReleaseResources FROM-CACHE
Build & Public Release	Build Release APK	2026-02-01T13:12:55.4256623Z > Task :i18n-kmk:assembleRelease
Build & Public Release	Build Release APK	2026-02-01T13:12:55.4257846Z > Task :presentation-core:stripReleaseDebugSymbols NO-SOURCE
Build & Public Release	Build Release APK	2026-02-01T13:12:55.4258902Z > Task :presentation-core:copyReleaseJniLibsProjectAndLocalJars
Build & Public Release	Build Release APK	2026-02-01T13:12:55.4260170Z > Task :presentation-core:extractDeepLinksForAarRelease FROM-CACHE
Build & Public Release	Build Release APK	2026-02-01T13:12:55.4261301Z > Task :presentation-core:prepareLintJarForPublish
Build & Public Release	Build Release APK	2026-02-01T13:12:55.5250320Z > Task :i18n-sy:bundleReleaseAar
Build & Public Release	Build Release APK	2026-02-01T13:12:55.5255783Z > Task :i18n-sy:mapReleaseSourceSetPaths
Build & Public Release	Build Release APK	2026-02-01T13:12:55.5256791Z > Task :presentation-core:mapReleaseSourceSetPaths
Build & Public Release	Build Release APK	2026-02-01T13:12:55.6283016Z > Task :i18n-sy:mergeReleaseResources FROM-CACHE
Build & Public Release	Build Release APK	2026-02-01T13:12:55.7250969Z > Task :i18n-sy:verifyReleaseResources FROM-CACHE
Build & Public Release	Build Release APK	2026-02-01T13:12:55.7320923Z > Task :i18n-sy:assembleRelease
Build & Public Release	Build Release APK	2026-02-01T13:12:55.7322188Z > Task :presentation-widget:stripReleaseDebugSymbols NO-SOURCE
Build & Public Release	Build Release APK	2026-02-01T13:12:55.7323239Z > Task :presentation-widget:copyReleaseJniLibsProjectAndLocalJars
Build & Public Release	Build Release APK	2026-02-01T13:12:55.7324292Z > Task :presentation-widget:extractDeepLinksForAarRelease FROM-CACHE
Build & Public Release	Build Release APK	2026-02-01T13:12:55.7329010Z > Task :presentation-widget:prepareLintJarForPublish
Build & Public Release	Build Release APK	2026-02-01T13:12:55.8265972Z > Task :i18n:mergeReleaseResources FROM-CACHE
Build & Public Release	Build Release APK	2026-02-01T13:12:55.9257607Z > Task :presentation-widget:mapReleaseSourceSetPaths
Build & Public Release	Build Release APK	2026-02-01T13:12:55.9258383Z > Task :i18n:verifyReleaseResources FROM-CACHE
Build & Public Release	Build Release APK	2026-02-01T13:12:55.9258962Z > Task :i18n:assembleRelease
Build & Public Release	Build Release APK	2026-02-01T13:12:55.9259519Z > Task :source-api:stripReleaseDebugSymbols NO-SOURCE
Build & Public Release	Build Release APK	2026-02-01T13:12:56.0263238Z > Task :source-api:copyReleaseJniLibsProjectAndLocalJars
Build & Public Release	Build Release APK	2026-02-01T13:12:56.0268009Z > Task :source-api:extractDeepLinksForAarRelease FROM-CACHE
Build & Public Release	Build Release APK	2026-02-01T13:12:56.1293358Z > Task :source-api:extractReleaseAnnotations FROM-CACHE
Build & Public Release	Build Release APK	2026-02-01T13:12:56.1294265Z > Task :source-api:mergeReleaseConsumerProguardFiles
Build & Public Release	Build Release APK	2026-02-01T13:12:56.1294971Z > Task :source-api:prepareLintJarForPublish
Build & Public Release	Build Release APK	2026-02-01T13:12:56.1295629Z > Task :source-api:mergeReleaseJavaResource
Build & Public Release	Build Release APK	2026-02-01T13:12:56.1296283Z > Task :source-api:syncReleaseLibJars FROM-CACHE
Build & Public Release	Build Release APK	2026-02-01T13:12:56.2250749Z > Task :source-api:bundleReleaseAar
Build & Public Release	Build Release APK	2026-02-01T13:12:56.2331283Z > Task :source-api:mapReleaseSourceSetPaths
Build & Public Release	Build Release APK	2026-02-01T13:12:56.2332117Z > Task :presentation-core:mergeReleaseResources FROM-CACHE
Build & Public Release	Build Release APK	2026-02-01T13:12:56.6251410Z > Task :presentation-core:verifyReleaseResources FROM-CACHE
Build & Public Release	Build Release APK	2026-02-01T13:12:56.6252383Z > Task :presentation-core:compileReleaseLibraryResources FROM-CACHE
Build & Public Release	Build Release APK	2026-02-01T13:12:56.6253269Z > Task :source-local:stripReleaseDebugSymbols NO-SOURCE
Build & Public Release	Build Release APK	2026-02-01T13:12:56.6254063Z > Task :source-local:copyReleaseJniLibsProjectAndLocalJars
Build & Public Release	Build Release APK	2026-02-01T13:12:56.6255174Z > Task :source-local:extractDeepLinksForAarRelease FROM-CACHE
Build & Public Release	Build Release APK	2026-02-01T13:12:56.7250625Z > Task :source-local:extractReleaseAnnotations FROM-CACHE
Build & Public Release	Build Release APK	2026-02-01T13:12:56.7251718Z > Task :source-local:mergeReleaseConsumerProguardFiles
Build & Public Release	Build Release APK	2026-02-01T13:12:56.7252458Z > Task :source-local:prepareLintJarForPublish
Build & Public Release	Build Release APK	2026-02-01T13:12:56.8283129Z > Task :source-local:mergeReleaseJavaResource
Build & Public Release	Build Release APK	2026-02-01T13:12:56.8300817Z > Task :source-local:syncReleaseLibJars FROM-CACHE
Build & Public Release	Build Release APK	2026-02-01T13:12:56.8301532Z > Task :source-local:bundleReleaseAar
Build & Public Release	Build Release APK	2026-02-01T13:12:56.8302292Z > Task :core-metadata:compileReleaseLibraryResources FROM-CACHE
Build & Public Release	Build Release APK	2026-02-01T13:12:56.8303120Z > Task :source-api:mergeReleaseResources FROM-CACHE
Build & Public Release	Build Release APK	2026-02-01T13:12:56.9257029Z > Task :source-local:mapReleaseSourceSetPaths
Build & Public Release	Build Release APK	2026-02-01T13:12:57.1280061Z > Task :source-api:verifyReleaseResources FROM-CACHE
Build & Public Release	Build Release APK	2026-02-01T13:12:57.1281209Z > Task :source-api:assembleRelease
Build & Public Release	Build Release APK	2026-02-01T13:12:57.1282207Z > Task :core:archive:compileReleaseLibraryResources FROM-CACHE
Build & Public Release	Build Release APK	2026-02-01T13:12:57.2250350Z > Task :telemetry:stripReleaseDebugSymbols NO-SOURCE
Build & Public Release	Build Release APK	2026-02-01T13:12:57.2255111Z > Task :telemetry:copyReleaseJniLibsProjectAndLocalJars
Build & Public Release	Build Release APK	2026-02-01T13:12:57.2256268Z > Task :telemetry:extractDeepLinksForAarRelease FROM-CACHE
Build & Public Release	Build Release APK	2026-02-01T13:12:57.2257311Z > Task :presentation-widget:mergeReleaseResources FROM-CACHE
Build & Public Release	Build Release APK	2026-02-01T13:12:57.2258131Z > Task :telemetry:extractReleaseAnnotations FROM-CACHE
Build & Public Release	Build Release APK	2026-02-01T13:12:57.2258855Z > Task :telemetry:mergeReleaseConsumerProguardFiles
Build & Public Release	Build Release APK	2026-02-01T13:12:57.3250198Z > Task :telemetry:prepareLintJarForPublish
Build & Public Release	Build Release APK	2026-02-01T13:12:57.5251421Z > Task :telemetry:mergeReleaseJavaResource
Build & Public Release	Build Release APK	2026-02-01T13:12:57.5253595Z > Task :telemetry:syncReleaseLibJars FROM-CACHE
Build & Public Release	Build Release APK	2026-02-01T13:12:57.5255496Z > Task :telemetry:bundleReleaseAar
Build & Public Release	Build Release APK	2026-02-01T13:12:57.5265807Z > Task :source-local:mergeReleaseResources FROM-CACHE
Build & Public Release	Build Release APK	2026-02-01T13:12:57.5266898Z > Task :telemetry:mapReleaseSourceSetPaths
Build & Public Release	Build Release APK	2026-02-01T13:12:57.5272347Z > Task :telemetry:mergeReleaseResources FROM-CACHE
Build & Public Release	Build Release APK	2026-02-01T13:12:57.6250533Z > Task :telemetry:verifyReleaseResources FROM-CACHE
Build & Public Release	Build Release APK	2026-02-01T13:12:57.6254867Z > Task :telemetry:assembleRelease
Build & Public Release	Build Release APK	2026-02-01T13:12:57.6258846Z > Task :core:archive:stripReleaseDebugSymbols NO-SOURCE
Build & Public Release	Build Release APK	2026-02-01T13:12:57.6263050Z > Task :core:archive:copyReleaseJniLibsProjectAndLocalJars
Build & Public Release	Build Release APK	2026-02-01T13:12:57.6267574Z > Task :core:archive:extractDeepLinksForAarRelease FROM-CACHE
Build & Public Release	Build Release APK	2026-02-01T13:12:57.6269520Z > Task :core:archive:extractReleaseAnnotations FROM-CACHE
Build & Public Release	Build Release APK	2026-02-01T13:12:57.6271585Z > Task :core:archive:mergeReleaseConsumerProguardFiles
Build & Public Release	Build Release APK	2026-02-01T13:12:57.7251410Z > Task :core:archive:prepareLintJarForPublish
Build & Public Release	Build Release APK	2026-02-01T13:12:57.7253360Z > Task :core:archive:mergeReleaseJavaResource
Build & Public Release	Build Release APK	2026-02-01T13:12:57.7258471Z > Task :core:archive:syncReleaseLibJars FROM-CACHE
Build & Public Release	Build Release APK	2026-02-01T13:12:57.7260621Z > Task :source-local:verifyReleaseResources FROM-CACHE
Build & Public Release	Build Release APK	2026-02-01T13:12:57.7264841Z > Task :source-local:assembleRelease
Build & Public Release	Build Release APK	2026-02-01T13:12:57.7268603Z > Task :core:common:stripReleaseDebugSymbols NO-SOURCE
Build & Public Release	Build Release APK	2026-02-01T13:12:57.7269686Z > Task :core:archive:bundleReleaseAar
Build & Public Release	Build Release APK	2026-02-01T13:12:57.7271176Z > Task :core:common:copyReleaseJniLibsProjectAndLocalJars
Build & Public Release	Build Release APK	2026-02-01T13:12:57.7272104Z > Task :core:common:extractDeepLinksForAarRelease FROM-CACHE
Build & Public Release	Build Release APK	2026-02-01T13:12:57.8250257Z > Task :core:archive:mapReleaseSourceSetPaths
Build & Public Release	Build Release APK	2026-02-01T13:12:57.9261672Z > Task :core:common:extractReleaseAnnotations FROM-CACHE
Build & Public Release	Build Release APK	2026-02-01T13:12:57.9266403Z > Task :core:common:mergeReleaseConsumerProguardFiles
Build & Public Release	Build Release APK	2026-02-01T13:12:58.0301062Z > Task :core:common:prepareLintJarForPublish
Build & Public Release	Build Release APK	2026-02-01T13:12:58.1250236Z > Task :core:common:mergeReleaseJavaResource
Build & Public Release	Build Release APK	2026-02-01T13:12:58.1251005Z > Task :core:common:syncReleaseLibJars FROM-CACHE
Build & Public Release	Build Release APK	2026-02-01T13:12:58.1251556Z > Task :core:common:bundleReleaseAar
Build & Public Release	Build Release APK	2026-02-01T13:12:58.2255097Z > Task :core:common:mapReleaseSourceSetPaths
Build & Public Release	Build Release APK	2026-02-01T13:12:58.2255930Z > Task :presentation-widget:verifyReleaseResources FROM-CACHE
Build & Public Release	Build Release APK	2026-02-01T13:12:58.4293138Z > Task :core:archive:mergeReleaseResources FROM-CACHE
Build & Public Release	Build Release APK	2026-02-01T13:12:58.6250963Z > Task :core:archive:verifyReleaseResources FROM-CACHE
Build & Public Release	Build Release APK	2026-02-01T13:12:58.6255581Z > Task :core:archive:assembleRelease
Build & Public Release	Build Release APK	2026-02-01T13:12:58.6260212Z > Task :core:common:mergeReleaseResources FROM-CACHE
Build & Public Release	Build Release APK	2026-02-01T13:12:58.8250677Z > Task :core:common:verifyReleaseResources FROM-CACHE
Build & Public Release	Build Release APK	2026-02-01T13:12:58.8281145Z > Task :core:common:assembleRelease
Build & Public Release	Build Release APK	2026-02-01T13:13:04.3266663Z 
Build & Public Release	Build Release APK	2026-02-01T13:13:04.3272063Z > Task :presentation-core:compileReleaseKotlin FAILED
Build & Public Release	Build Release APK	2026-02-01T13:13:04.3311724Z e: file:///home/runner/work/AniZen/AniZen/presentation-core/src/main/java/tachiyomi/presentation/core/components/material/Tabs.kt:16:15 Unresolved reference 'Modifier'.
Build & Public Release	Build Release APK	2026-02-01T13:13:04.3314219Z e: file:///home/runner/work/AniZen/AniZen/presentation-core/src/main/java/tachiyomi/presentation/core/components/material/Tabs.kt:16:26 Unresolved reference 'Modifier'.
Build & Public Release	Build Release APK	2026-02-01T13:13:04.4266273Z gradle/actions: Writing build results to /home/runner/work/_temp/.gradle-actions/build-results/__run_2-1769951546396.json
Build & Public Release	Build Release APK	2026-02-01T13:13:04.4271250Z 
Build & Public Release	Build Release APK	2026-02-01T13:13:04.4275629Z [Incubating] Problems report is available at: file:///home/runner/work/AniZen/AniZen/build/reports/problems/problems-report.html
Build & Public Release	Build Release APK	2026-02-01T13:13:04.4280399Z 
Build & Public Release	Build Release APK	2026-02-01T13:13:04.4284521Z FAILURE: Build failed with an exception.
Build & Public Release	Build Release APK	2026-02-01T13:13:04.4288368Z 
Build & Public Release	Build Release APK	2026-02-01T13:13:04.4293171Z * What went wrong:
Build & Public Release	Build Release APK	2026-02-01T13:13:04.4297599Z Execution failed for task ':presentation-core:compileReleaseKotlin'.
Build & Public Release	Build Release APK	2026-02-01T13:13:04.4303137Z > A failure occurred while executing org.jetbrains.kotlin.compilerRunner.GradleCompilerRunnerWithWorkers$GradleKotlinCompilerWorkAction
Build & Public Release	Build Release APK	2026-02-01T13:13:04.4307443Z    > Compilation error. See log for more details
Build & Public Release	Build Release APK	2026-02-01T13:13:04.4310253Z 
Build & Public Release	Build Release APK	2026-02-01T13:13:04.4310267Z 
Build & Public Release	Build Release APK	2026-02-01T13:13:04.4313529Z Deprecated Gradle features were used in this build, making it incompatible with Gradle 9.0.
Build & Public Release	Build Release APK	2026-02-01T13:13:04.4315412Z * Try:
Build & Public Release	Build Release APK	2026-02-01T13:13:04.4315611Z 
Build & Public Release	Build Release APK	2026-02-01T13:13:04.4316566Z You can use '--warning-mode all' to show the individual deprecation warnings and determine if they come from your own scripts or plugins.
Build & Public Release	Build Release APK	2026-02-01T13:13:04.4317932Z 
Build & Public Release	Build Release APK	2026-02-01T13:13:04.4318832Z For more on this, please refer to https://docs.gradle.org/8.14.3/userguide/command_line_interface.html#sec:command_line_warnings in the Gradle documentation.
Build & Public Release	Build Release APK	2026-02-01T13:13:04.4320338Z 522 actionable tasks: 265 executed, 248 from cache, 9 up-to-date
Build & Public Release	Build Release APK	2026-02-01T13:13:04.4321089Z > Run with --stacktrace option to get the stack trace.
Build & Public Release	Build Release APK	2026-02-01T13:13:04.4321772Z > Run with --info or --debug option to get more log output.
Build & Public Release	Build Release APK	2026-02-01T13:13:04.4322370Z > Run with --scan to get full insights.
Build & Public Release	Build Release APK	2026-02-01T13:13:04.4322913Z > Get more help at https://help.gradle.org.
Build & Public Release	Build Release APK	2026-02-01T13:13:04.4323276Z 
Build & Public Release	Build Release APK	2026-02-01T13:13:04.4323432Z BUILD FAILED in 41s
Build & Public Release	Build Release APK	2026-02-01T13:13:04.9717731Z ##[error]Process completed with exit code 1.
Build & Public Release	Post Set up Gradle	ï»¿2026-02-01T13:13:04.9898431Z Post job cleanup.
Build & Public Release	Post Set up Gradle	2026-02-01T13:13:05.2969554Z In post-action step
Build & Public Release	Post Set up Gradle	2026-02-01T13:13:05.2982799Z ##[group]Stopping Gradle daemons
Build & Public Release	Post Set up Gradle	2026-02-01T13:13:05.2984303Z Stopping Gradle daemons for /home/runner/.gradle/wrapper/dists/gradle-8.14.3-bin/cv11ve7ro1n3o1j4so8xd9n66/gradle-8.14.3
Build & Public Release	Post Set up Gradle	2026-02-01T13:13:05.3003418Z [command]/home/runner/.gradle/wrapper/dists/gradle-8.14.3-bin/cv11ve7ro1n3o1j4so8xd9n66/gradle-8.14.3/bin/gradle --stop
Build & Public Release	Post Set up Gradle	2026-02-01T13:13:05.8590669Z No Gradle daemons are running.
Build & Public Release	Post Set up Gradle	2026-02-01T13:13:05.8668892Z ##[endgroup]
Build & Public Release	Post Set up Gradle	2026-02-01T13:13:05.8670476Z Not performing cache-cleanup due to build failure
Build & Public Release	Post Set up Gradle	2026-02-01T13:13:05.8671515Z ##[group]Caching Gradle state
Build & Public Release	Post Set up Gradle	2026-02-01T13:13:17.8306302Z [command]/usr/bin/tar --posix -cf cache.tzst --exclude cache.tzst -P -C /home/runner/work/AniZen/AniZen --files-from manifest.txt --use-compress-program zstdmt
Build & Public Release	Post Set up Gradle	2026-02-01T13:13:19.8874567Z Sent 7948070 of 276383526 (2.9%), 7.6 MBs/sec
Build & Public Release	Post Set up Gradle	2026-02-01T13:13:20.8501982Z Sent 276383526 of 276383526 (100.0%), 134.2 MBs/sec
Build & Public Release	Post Set up Gradle	2026-02-01T13:13:21.1421838Z Saved cache entry with key gradle-home-v1|Linux-X64|build-release[16cd6cc2a04430ca045959c87cb8ce3a]-2658fb3a3f070db4b1b17f4f352c5df6d59d023e from /home/runner/.gradle/caches,/home/runner/.gradle/notifications,/home/runner/.gradle/.setup-gradle in 3328ms
Build & Public Release	Post Set up Gradle	2026-02-01T13:13:21.1424247Z ##[endgroup]
Build & Public Release	Post Set up Gradle	2026-02-01T13:13:21.1427984Z Generating Job Summary
Build & Public Release	Post Set up Gradle	2026-02-01T13:13:21.1442351Z Completed post-action step
Build & Public Release	Post Set up JDK	ï»¿2026-02-01T13:13:21.1686834Z Post job cleanup.
Build & Public Release	Post Clone repo	ï»¿2026-02-01T13:13:21.3443011Z Post job cleanup.
Build & Public Release	Post Clone repo	2026-02-01T13:13:21.4405275Z [command]/usr/bin/git version
Build & Public Release	Post Clone repo	2026-02-01T13:13:21.4441729Z git version 2.52.0
Build & Public Release	Post Clone repo	2026-02-01T13:13:21.4485674Z Temporarily overriding HOME='/home/runner/work/_temp/9b032408-494b-46d8-b3e9-e4831a36a948' before making global git config changes
Build & Public Release	Post Clone repo	2026-02-01T13:13:21.4487136Z Adding repository directory to the temporary git global config as a safe directory
Build & Public Release	Post Clone repo	2026-02-01T13:13:21.4492618Z [command]/usr/bin/git config --global --add safe.directory /home/runner/work/AniZen/AniZen
Build & Public Release	Post Clone repo	2026-02-01T13:13:21.4530268Z [command]/usr/bin/git config --local --name-only --get-regexp core\.sshCommand
Build & Public Release	Post Clone repo	2026-02-01T13:13:21.4563666Z [command]/usr/bin/git submodule foreach --recursive sh -c "git config --local --name-only --get-regexp 'core\.sshCommand' && git config --local --unset-all 'core.sshCommand' || :"
Build & Public Release	Post Clone repo	2026-02-01T13:13:21.4794671Z [command]/usr/bin/git config --local --name-only --get-regexp http\.https\:\/\/github\.com\/\.extraheader
Build & Public Release	Post Clone repo	2026-02-01T13:13:21.4815877Z http.https://github.com/.extraheader
Build & Public Release	Post Clone repo	2026-02-01T13:13:21.4828636Z [command]/usr/bin/git config --local --unset-all http.https://github.com/.extraheader
Build & Public Release	Post Clone repo	2026-02-01T13:13:21.4858580Z [command]/usr/bin/git submodule foreach --recursive sh -c "git config --local --name-only --get-regexp 'http\.https\:\/\/github\.com\/\.extraheader' && git config --local --unset-all 'http.https://github.com/.extraheader' || :"
Build & Public Release	Post Clone repo	2026-02-01T13:13:21.5083676Z [command]/usr/bin/git config --local --name-only --get-regexp ^includeIf\.gitdir:
Build & Public Release	Post Clone repo	2026-02-01T13:13:21.5116248Z [command]/usr/bin/git submodule foreach --recursive git config --local --show-origin --name-only --get-regexp remote.origin.url
Build & Public Release	Complete job	ï»¿2026-02-01T13:13:21.5438999Z Cleaning up orphan processes
