Build & Public Release	Set up job	ï»¿2026-02-01T20:25:38.1020539Z Current runner version: '2.331.0'
Build & Public Release	Set up job	2026-02-01T20:25:38.1046848Z ##[group]Runner Image Provisioner
Build & Public Release	Set up job	2026-02-01T20:25:38.1047606Z Hosted Compute Agent
Build & Public Release	Set up job	2026-02-01T20:25:38.1048076Z Version: 20260123.484
Build & Public Release	Set up job	2026-02-01T20:25:38.1048681Z Commit: 6bd6555ca37d84114959e1c76d2c01448ff61c5d
Build & Public Release	Set up job	2026-02-01T20:25:38.1049685Z Build Date: 2026-01-23T19:41:17Z
Build & Public Release	Set up job	2026-02-01T20:25:38.1050258Z Worker ID: {e67d365a-9db1-4bee-b6d4-8a67ce68fa51}
Build & Public Release	Set up job	2026-02-01T20:25:38.1050941Z Azure Region: northcentralus
Build & Public Release	Set up job	2026-02-01T20:25:38.1051442Z ##[endgroup]
Build & Public Release	Set up job	2026-02-01T20:25:38.1052816Z ##[group]Operating System
Build & Public Release	Set up job	2026-02-01T20:25:38.1053349Z Ubuntu
Build & Public Release	Set up job	2026-02-01T20:25:38.1053776Z 24.04.3
Build & Public Release	Set up job	2026-02-01T20:25:38.1054157Z LTS
Build & Public Release	Set up job	2026-02-01T20:25:38.1054595Z ##[endgroup]
Build & Public Release	Set up job	2026-02-01T20:25:38.1055041Z ##[group]Runner Image
Build & Public Release	Set up job	2026-02-01T20:25:38.1055505Z Image: ubuntu-24.04
Build & Public Release	Set up job	2026-02-01T20:25:38.1055961Z Version: 20260126.10.1
Build & Public Release	Set up job	2026-02-01T20:25:38.1056801Z Included Software: https://github.com/actions/runner-images/blob/ubuntu24/20260126.10/images/ubuntu/Ubuntu2404-Readme.md
Build & Public Release	Set up job	2026-02-01T20:25:38.1058248Z Image Release: https://github.com/actions/runner-images/releases/tag/ubuntu24%2F20260126.10
Build & Public Release	Set up job	2026-02-01T20:25:38.1059044Z ##[endgroup]
Build & Public Release	Set up job	2026-02-01T20:25:38.1060151Z ##[group]GITHUB_TOKEN Permissions
Build & Public Release	Set up job	2026-02-01T20:25:38.1062042Z Contents: write
Build & Public Release	Set up job	2026-02-01T20:25:38.1062504Z Metadata: read
Build & Public Release	Set up job	2026-02-01T20:25:38.1062961Z ##[endgroup]
Build & Public Release	Set up job	2026-02-01T20:25:38.1064923Z Secret source: Actions
Build & Public Release	Set up job	2026-02-01T20:25:38.1065527Z Prepare workflow directory
Build & Public Release	Set up job	2026-02-01T20:25:38.1382104Z Prepare all required actions
Build & Public Release	Set up job	2026-02-01T20:25:38.1420591Z Getting action download info
Build & Public Release	Set up job	2026-02-01T20:25:38.5158892Z Download action repository 'actions/checkout@v4' (SHA:34e114876b0b11c390a56381ad16ebd13914f8d5)
Build & Public Release	Set up job	2026-02-01T20:25:38.5932212Z Download action repository 'actions/setup-java@v4' (SHA:c1e323688fd81a25caa38c78aa6df2d33d3e20d9)
Build & Public Release	Set up job	2026-02-01T20:25:39.0604836Z Download action repository 'gradle/actions@v4' (SHA:ed408507eac070d1f99cc633dbcf757c94c7933a)
Build & Public Release	Set up job	2026-02-01T20:25:39.9830149Z Download action repository 'softprops/action-gh-release@v1' (SHA:de2c0eb89ae2a093876385947365aca7b0e5f844)
Build & Public Release	Set up job	2026-02-01T20:25:40.4562303Z Complete job name: Build & Public Release
Build & Public Release	Clone repo	ï»¿2026-02-01T20:25:40.5374790Z ##[group]Run actions/checkout@v4
Build & Public Release	Clone repo	2026-02-01T20:25:40.5376019Z with:
Build & Public Release	Clone repo	2026-02-01T20:25:40.5376672Z   fetch-depth: 1
Build & Public Release	Clone repo	2026-02-01T20:25:40.5377422Z   repository: salmanbappi/AniZen
Build & Public Release	Clone repo	2026-02-01T20:25:40.5378623Z   token: ***
Build & Public Release	Clone repo	2026-02-01T20:25:40.5379433Z   ssh-strict: true
Build & Public Release	Clone repo	2026-02-01T20:25:40.5380139Z   ssh-user: git
Build & Public Release	Clone repo	2026-02-01T20:25:40.5380841Z   persist-credentials: true
Build & Public Release	Clone repo	2026-02-01T20:25:40.5381615Z   clean: true
Build & Public Release	Clone repo	2026-02-01T20:25:40.5382311Z   sparse-checkout-cone-mode: true
Build & Public Release	Clone repo	2026-02-01T20:25:40.5383162Z   fetch-tags: false
Build & Public Release	Clone repo	2026-02-01T20:25:40.5383843Z   show-progress: true
Build & Public Release	Clone repo	2026-02-01T20:25:40.5384546Z   lfs: false
Build & Public Release	Clone repo	2026-02-01T20:25:40.5385212Z   submodules: false
Build & Public Release	Clone repo	2026-02-01T20:25:40.5385922Z   set-safe-directory: true
Build & Public Release	Clone repo	2026-02-01T20:25:40.5386921Z ##[endgroup]
Build & Public Release	Clone repo	2026-02-01T20:25:40.6414527Z Syncing repository: salmanbappi/AniZen
Build & Public Release	Clone repo	2026-02-01T20:25:40.6416958Z ##[group]Getting Git version info
Build & Public Release	Clone repo	2026-02-01T20:25:40.6418088Z Working directory is '/home/runner/work/AniZen/AniZen'
Build & Public Release	Clone repo	2026-02-01T20:25:40.6419805Z [command]/usr/bin/git version
Build & Public Release	Clone repo	2026-02-01T20:25:40.6482083Z git version 2.52.0
Build & Public Release	Clone repo	2026-02-01T20:25:40.6505227Z ##[endgroup]
Build & Public Release	Clone repo	2026-02-01T20:25:40.6518615Z Temporarily overriding HOME='/home/runner/work/_temp/f4b7572d-529a-4574-b9c3-79007fefb3df' before making global git config changes
Build & Public Release	Clone repo	2026-02-01T20:25:40.6521164Z Adding repository directory to the temporary git global config as a safe directory
Build & Public Release	Clone repo	2026-02-01T20:25:40.6531849Z [command]/usr/bin/git config --global --add safe.directory /home/runner/work/AniZen/AniZen
Build & Public Release	Clone repo	2026-02-01T20:25:40.6565603Z Deleting the contents of '/home/runner/work/AniZen/AniZen'
Build & Public Release	Clone repo	2026-02-01T20:25:40.6568826Z ##[group]Initializing the repository
Build & Public Release	Clone repo	2026-02-01T20:25:40.6572758Z [command]/usr/bin/git init /home/runner/work/AniZen/AniZen
Build & Public Release	Clone repo	2026-02-01T20:25:40.6672487Z hint: Using 'master' as the name for the initial branch. This default branch name
Build & Public Release	Clone repo	2026-02-01T20:25:40.6675985Z hint: will change to "main" in Git 3.0. To configure the initial branch name
Build & Public Release	Clone repo	2026-02-01T20:25:40.6678189Z hint: to use in all of your new repositories, which will suppress this warning,
Build & Public Release	Clone repo	2026-02-01T20:25:40.6679707Z hint: call:
Build & Public Release	Clone repo	2026-02-01T20:25:40.6680528Z hint:
Build & Public Release	Clone repo	2026-02-01T20:25:40.6681484Z hint: 	git config --global init.defaultBranch <name>
Build & Public Release	Clone repo	2026-02-01T20:25:40.6682868Z hint:
Build & Public Release	Clone repo	2026-02-01T20:25:40.6684356Z hint: Names commonly chosen instead of 'master' are 'main', 'trunk' and
Build & Public Release	Clone repo	2026-02-01T20:25:40.6685911Z hint: 'development'. The just-created branch can be renamed via this command:
Build & Public Release	Clone repo	2026-02-01T20:25:40.6687236Z hint:
Build & Public Release	Clone repo	2026-02-01T20:25:40.6687887Z hint: 	git branch -m <name>
Build & Public Release	Clone repo	2026-02-01T20:25:40.6688659Z hint:
Build & Public Release	Clone repo	2026-02-01T20:25:40.6690113Z hint: Disable this message with "git config set advice.defaultBranchName false"
Build & Public Release	Clone repo	2026-02-01T20:25:40.6691822Z Initialized empty Git repository in /home/runner/work/AniZen/AniZen/.git/
Build & Public Release	Clone repo	2026-02-01T20:25:40.6694456Z [command]/usr/bin/git remote add origin https://github.com/salmanbappi/AniZen
Build & Public Release	Clone repo	2026-02-01T20:25:40.6722726Z ##[endgroup]
Build & Public Release	Clone repo	2026-02-01T20:25:40.6724021Z ##[group]Disabling automatic garbage collection
Build & Public Release	Clone repo	2026-02-01T20:25:40.6725777Z [command]/usr/bin/git config --local gc.auto 0
Build & Public Release	Clone repo	2026-02-01T20:25:40.6749788Z ##[endgroup]
Build & Public Release	Clone repo	2026-02-01T20:25:40.6750956Z ##[group]Setting up auth
Build & Public Release	Clone repo	2026-02-01T20:25:40.6755277Z [command]/usr/bin/git config --local --name-only --get-regexp core\.sshCommand
Build & Public Release	Clone repo	2026-02-01T20:25:40.6780896Z [command]/usr/bin/git submodule foreach --recursive sh -c "git config --local --name-only --get-regexp 'core\.sshCommand' && git config --local --unset-all 'core.sshCommand' || :"
Build & Public Release	Clone repo	2026-02-01T20:25:40.7085762Z [command]/usr/bin/git config --local --name-only --get-regexp http\.https\:\/\/github\.com\/\.extraheader
Build & Public Release	Clone repo	2026-02-01T20:25:40.7112927Z [command]/usr/bin/git submodule foreach --recursive sh -c "git config --local --name-only --get-regexp 'http\.https\:\/\/github\.com\/\.extraheader' && git config --local --unset-all 'http.https://github.com/.extraheader' || :"
Build & Public Release	Clone repo	2026-02-01T20:25:40.7282108Z [command]/usr/bin/git config --local --name-only --get-regexp ^includeIf\.gitdir:
Build & Public Release	Clone repo	2026-02-01T20:25:40.7311054Z [command]/usr/bin/git submodule foreach --recursive git config --local --show-origin --name-only --get-regexp remote.origin.url
Build & Public Release	Clone repo	2026-02-01T20:25:40.7494741Z [command]/usr/bin/git config --local http.https://github.com/.extraheader AUTHORIZATION: basic ***
Build & Public Release	Clone repo	2026-02-01T20:25:40.7523471Z ##[endgroup]
Build & Public Release	Clone repo	2026-02-01T20:25:40.7524726Z ##[group]Fetching the repository
Build & Public Release	Clone repo	2026-02-01T20:25:40.7531658Z [command]/usr/bin/git -c protocol.version=2 fetch --no-tags --prune --no-recurse-submodules --depth=1 origin +af9addc21690b5bea61c1a1ab688e54bf48c5487:refs/remotes/origin/master
Build & Public Release	Clone repo	2026-02-01T20:25:41.5764618Z From https://github.com/salmanbappi/AniZen
Build & Public Release	Clone repo	2026-02-01T20:25:41.5765661Z  * [new ref]         af9addc21690b5bea61c1a1ab688e54bf48c5487 -> origin/master
Build & Public Release	Clone repo	2026-02-01T20:25:41.5791116Z ##[endgroup]
Build & Public Release	Clone repo	2026-02-01T20:25:41.5791637Z ##[group]Determining the checkout info
Build & Public Release	Clone repo	2026-02-01T20:25:41.5793267Z ##[endgroup]
Build & Public Release	Clone repo	2026-02-01T20:25:41.5798027Z [command]/usr/bin/git sparse-checkout disable
Build & Public Release	Clone repo	2026-02-01T20:25:41.5832763Z [command]/usr/bin/git config --local --unset-all extensions.worktreeConfig
Build & Public Release	Clone repo	2026-02-01T20:25:41.5855787Z ##[group]Checking out the ref
Build & Public Release	Clone repo	2026-02-01T20:25:41.5860623Z [command]/usr/bin/git checkout --progress --force -B master refs/remotes/origin/master
Build & Public Release	Clone repo	2026-02-01T20:25:41.7550007Z Reset branch 'master'
Build & Public Release	Clone repo	2026-02-01T20:25:41.7551391Z branch 'master' set up to track 'origin/master'.
Build & Public Release	Clone repo	2026-02-01T20:25:41.7560070Z ##[endgroup]
Build & Public Release	Clone repo	2026-02-01T20:25:41.7593912Z [command]/usr/bin/git log -1 --format=%H
Build & Public Release	Clone repo	2026-02-01T20:25:41.7613181Z af9addc21690b5bea61c1a1ab688e54bf48c5487
Build & Public Release	Set up JDK	ï»¿2026-02-01T20:25:41.7822687Z ##[group]Run actions/setup-java@v4
Build & Public Release	Set up JDK	2026-02-01T20:25:41.7823030Z with:
Build & Public Release	Set up JDK	2026-02-01T20:25:41.7823237Z   java-version: 17
Build & Public Release	Set up JDK	2026-02-01T20:25:41.7823462Z   distribution: temurin
Build & Public Release	Set up JDK	2026-02-01T20:25:41.7823702Z   java-package: jdk
Build & Public Release	Set up JDK	2026-02-01T20:25:41.7823921Z   check-latest: false
Build & Public Release	Set up JDK	2026-02-01T20:25:41.7824148Z   server-id: github
Build & Public Release	Set up JDK	2026-02-01T20:25:41.7824515Z   server-username: GITHUB_ACTOR
Build & Public Release	Set up JDK	2026-02-01T20:25:41.7824796Z   server-password: GITHUB_TOKEN
Build & Public Release	Set up JDK	2026-02-01T20:25:41.7825066Z   overwrite-settings: true
Build & Public Release	Set up JDK	2026-02-01T20:25:41.7825305Z   job-status: success
Build & Public Release	Set up JDK	2026-02-01T20:25:41.7825693Z   token: ***
Build & Public Release	Set up JDK	2026-02-01T20:25:41.7825900Z ##[endgroup]
Build & Public Release	Set up JDK	2026-02-01T20:25:41.9691343Z ##[group]Installed distributions
Build & Public Release	Set up JDK	2026-02-01T20:25:41.9933007Z Resolved Java 17.0.18+8 from tool-cache
Build & Public Release	Set up JDK	2026-02-01T20:25:41.9934465Z Setting Java 17.0.18+8 as the default
Build & Public Release	Set up JDK	2026-02-01T20:25:41.9951779Z Creating toolchains.xml for JDK version 17 from temurin
Build & Public Release	Set up JDK	2026-02-01T20:25:42.0065464Z Writing to /home/runner/.m2/toolchains.xml
Build & Public Release	Set up JDK	2026-02-01T20:25:42.0066055Z 
Build & Public Release	Set up JDK	2026-02-01T20:25:42.0066302Z Java configuration:
Build & Public Release	Set up JDK	2026-02-01T20:25:42.0067512Z   Distribution: temurin
Build & Public Release	Set up JDK	2026-02-01T20:25:42.0071016Z   Version: 17.0.18+8
Build & Public Release	Set up JDK	2026-02-01T20:25:42.0071650Z   Path: /opt/hostedtoolcache/Java_Temurin-Hotspot_jdk/17.0.18-8/x64
Build & Public Release	Set up JDK	2026-02-01T20:25:42.0072105Z 
Build & Public Release	Set up JDK	2026-02-01T20:25:42.0072810Z ##[endgroup]
Build & Public Release	Set up JDK	2026-02-01T20:25:42.0090641Z Creating settings.xml with server-id: github
Build & Public Release	Set up JDK	2026-02-01T20:25:42.0096090Z Writing to /home/runner/.m2/settings.xml
Build & Public Release	Set up Gradle	ï»¿2026-02-01T20:25:42.0296077Z ##[group]Run gradle/actions/setup-gradle@v4
Build & Public Release	Set up Gradle	2026-02-01T20:25:42.0296430Z with:
Build & Public Release	Set up Gradle	2026-02-01T20:25:42.0296634Z   cache-disabled: false
Build & Public Release	Set up Gradle	2026-02-01T20:25:42.0296885Z   cache-read-only: false
Build & Public Release	Set up Gradle	2026-02-01T20:25:42.0297129Z   cache-write-only: false
Build & Public Release	Set up Gradle	2026-02-01T20:25:42.0297388Z   cache-overwrite-existing: false
Build & Public Release	Set up Gradle	2026-02-01T20:25:42.0297656Z   cache-cleanup: on-success
Build & Public Release	Set up Gradle	2026-02-01T20:25:42.0297959Z   gradle-home-cache-includes: caches
Build & Public Release	Set up Gradle	notifications
Build & Public Release	Set up Gradle	
Build & Public Release	Set up Gradle	2026-02-01T20:25:42.0298302Z   add-job-summary: always
Build & Public Release	Set up Gradle	2026-02-01T20:25:42.0298562Z   add-job-summary-as-pr-comment: never
Build & Public Release	Set up Gradle	2026-02-01T20:25:42.0298855Z   dependency-graph: disabled
Build & Public Release	Set up Gradle	2026-02-01T20:25:42.0299170Z   dependency-graph-report-dir: dependency-graph-reports
Build & Public Release	Set up Gradle	2026-02-01T20:25:42.0299687Z   dependency-graph-continue-on-failure: true
Build & Public Release	Set up Gradle	2026-02-01T20:25:42.0299990Z   build-scan-publish: false
Build & Public Release	Set up Gradle	2026-02-01T20:25:42.0300266Z   validate-wrappers: true
Build & Public Release	Set up Gradle	2026-02-01T20:25:42.0300523Z   allow-snapshot-wrappers: false
Build & Public Release	Set up Gradle	2026-02-01T20:25:42.0300823Z   gradle-home-cache-strict-match: false
Build & Public Release	Set up Gradle	2026-02-01T20:25:42.0301152Z   workflow-job-context: null
Build & Public Release	Set up Gradle	2026-02-01T20:25:42.0301609Z   github-token: ***
Build & Public Release	Set up Gradle	2026-02-01T20:25:42.0301824Z env:
Build & Public Release	Set up Gradle	2026-02-01T20:25:42.0302123Z   JAVA_HOME: /opt/hostedtoolcache/Java_Temurin-Hotspot_jdk/17.0.18-8/x64
Build & Public Release	Set up Gradle	2026-02-01T20:25:42.0302609Z   JAVA_HOME_17_X64: /opt/hostedtoolcache/Java_Temurin-Hotspot_jdk/17.0.18-8/x64
Build & Public Release	Set up Gradle	2026-02-01T20:25:42.0302978Z ##[endgroup]
Build & Public Release	Set up Gradle	2026-02-01T20:25:43.4774245Z Merged default JDK locations into /home/runner/.m2/toolchains.xml
Build & Public Release	Set up Gradle	2026-02-01T20:25:43.4776562Z Preparing cache for cleanup.
Build & Public Release	Set up Gradle	2026-02-01T20:25:43.4779590Z ##[group]Restore Gradle state from cache
Build & Public Release	Set up Gradle	2026-02-01T20:25:43.6455328Z Cache hit for restore-key: gradle-home-v1|Linux-X64|build-release[16cd6cc2a04430ca045959c87cb8ce3a]-b45a2b01d9adbb38bef1e51e0c4d95b9de9d3918
Build & Public Release	Set up Gradle	2026-02-01T20:25:44.7550828Z Received 171966464 of 280664614 (61.3%), 164.0 MBs/sec
Build & Public Release	Set up Gradle	2026-02-01T20:25:45.1885829Z Received 280664614 of 280664614 (100.0%), 186.7 MBs/sec
Build & Public Release	Set up Gradle	2026-02-01T20:25:45.1890041Z Cache Size: ~268 MB (280664614 B)
Build & Public Release	Set up Gradle	2026-02-01T20:25:45.2044386Z [command]/usr/bin/tar -xf /home/runner/work/_temp/826e1654-88f1-4fdc-bbc6-633e92f40924/cache.tzst -P -C /home/runner/work/AniZen/AniZen --use-compress-program unzstd
Build & Public Release	Set up Gradle	2026-02-01T20:25:45.6563850Z Cache restored successfully
Build & Public Release	Set up Gradle	2026-02-01T20:25:45.6880798Z Restored cache entry with key gradle-home-v1|Linux-X64|build-release[16cd6cc2a04430ca045959c87cb8ce3a]-af9addc21690b5bea61c1a1ab688e54bf48c5487 to /home/runner/.gradle/caches,/home/runner/.gradle/notifications,/home/runner/.gradle/.setup-gradle in 2209ms
Build & Public Release	Set up Gradle	2026-02-01T20:25:45.7997010Z Cache hit for: gradle-kotlin-dsl-v1-900d09f8bd24a77c702d5ecbbfd928b0
Build & Public Release	Set up Gradle	2026-02-01T20:25:45.8007812Z Cache hit for: gradle-transforms-v1-29b6ecf76579b0052284b4e6ec2672a2
Build & Public Release	Set up Gradle	2026-02-01T20:25:45.8012350Z Cache hit for: gradle-instrumented-jars-v1-eeb1900d10d40451b3dd4fb7a3242ff1
Build & Public Release	Set up Gradle	2026-02-01T20:25:45.8108090Z Cache hit for: gradle-groovy-dsl-v1-09766ebd317f33d5bb22d8ecc7489b16
Build & Public Release	Set up Gradle	2026-02-01T20:25:45.8114649Z Cache hit for: gradle-generated-gradle-jars-v1-4434c59050703a48bf14168622b59891
Build & Public Release	Set up Gradle	2026-02-01T20:25:45.8121605Z Cache hit for: gradle-dependencies-v1-b3ba458e98787b341f020e1a58774519
Build & Public Release	Set up Gradle	2026-02-01T20:25:45.8171235Z Cache hit for: gradle-wrapper-zips-v1-5ae5d3da5e8e0c748d04bcdd9bc97bdb
Build & Public Release	Set up Gradle	2026-02-01T20:25:46.2286857Z Received 121615 of 121615 (100.0%), 0.4 MBs/sec
Build & Public Release	Set up Gradle	2026-02-01T20:25:46.2289693Z Cache Size: ~0 MB (121615 B)
Build & Public Release	Set up Gradle	2026-02-01T20:25:46.2572380Z Received 187618 of 187618 (100.0%), 0.6 MBs/sec
Build & Public Release	Set up Gradle	2026-02-01T20:25:46.2573245Z Cache Size: ~0 MB (187618 B)
Build & Public Release	Set up Gradle	2026-02-01T20:25:46.2713163Z [command]/usr/bin/tar -xf /home/runner/work/_temp/8ecbf7f1-49c7-4317-a2c2-2252af3f1bab/cache.tzst -P -C /home/runner/work/AniZen/AniZen --use-compress-program unzstd
Build & Public Release	Set up Gradle	2026-02-01T20:25:46.2771727Z [command]/usr/bin/tar -xf /home/runner/work/_temp/cf382a82-978b-43b4-8fc0-de7f296e6027/cache.tzst -P -C /home/runner/work/AniZen/AniZen --use-compress-program unzstd
Build & Public Release	Set up Gradle	2026-02-01T20:25:46.2834781Z Cache restored successfully
Build & Public Release	Set up Gradle	2026-02-01T20:25:46.2843809Z Restored cache entry with key gradle-instrumented-jars-v1-eeb1900d10d40451b3dd4fb7a3242ff1 to /home/runner/.gradle/caches/jars-*/*/ in 593ms
Build & Public Release	Set up Gradle	2026-02-01T20:25:46.2929077Z Cache restored successfully
Build & Public Release	Set up Gradle	2026-02-01T20:25:46.2932576Z Restored cache entry with key gradle-groovy-dsl-v1-09766ebd317f33d5bb22d8ecc7489b16 to /home/runner/.gradle/caches/*/groovy-dsl/*/ in 603ms
Build & Public Release	Set up Gradle	2026-02-01T20:25:46.4936340Z Received 3288260 of 3288260 (100.0%), 5.4 MBs/sec
Build & Public Release	Set up Gradle	2026-02-01T20:25:46.4937188Z Cache Size: ~3 MB (3288260 B)
Build & Public Release	Set up Gradle	2026-02-01T20:25:46.7287326Z Received 41092997 of 41092997 (100.0%), 50.4 MBs/sec
Build & Public Release	Set up Gradle	2026-02-01T20:25:46.7288246Z Cache Size: ~39 MB (41092997 B)
Build & Public Release	Set up Gradle	2026-02-01T20:25:46.7811119Z Received 136706942 of 136706942 (100.0%), 139.0 MBs/sec
Build & Public Release	Set up Gradle	2026-02-01T20:25:46.7811973Z Cache Size: ~130 MB (136706942 B)
Build & Public Release	Set up Gradle	2026-02-01T20:25:46.7916480Z [command]/usr/bin/tar -xf /home/runner/work/_temp/c79e0f74-a75e-4042-8879-4bd5c588cf5b/cache.tzst -P -C /home/runner/work/AniZen/AniZen --use-compress-program unzstd
Build & Public Release	Set up Gradle	2026-02-01T20:25:46.8181528Z [command]/usr/bin/tar -xf /home/runner/work/_temp/7a108a8b-ad35-4025-9da2-cde1a83a263e/cache.tzst -P -C /home/runner/work/AniZen/AniZen --use-compress-program unzstd
Build & Public Release	Set up Gradle	2026-02-01T20:25:46.8565920Z [command]/usr/bin/tar -xf /home/runner/work/_temp/dcf21cf4-1868-4132-9244-2dc1e5d0eb3b/cache.tzst -P -C /home/runner/work/AniZen/AniZen --use-compress-program unzstd
Build & Public Release	Set up Gradle	2026-02-01T20:25:46.9883262Z Received 92274688 of 1329661357 (6.9%), 87.6 MBs/sec
Build & Public Release	Set up Gradle	2026-02-01T20:25:47.0079172Z Received 88080384 of 688624236 (12.8%), 83.7 MBs/sec
Build & Public Release	Set up Gradle	2026-02-01T20:25:47.2050421Z Cache restored successfully
Build & Public Release	Set up Gradle	2026-02-01T20:25:47.3097261Z Restored cache entry with key gradle-wrapper-zips-v1-5ae5d3da5e8e0c748d04bcdd9bc97bdb to /home/runner/.gradle/wrapper/dists/gradle-8.14.3-bin/cv11ve7ro1n3o1j4so8xd9n66 in 1620ms
Build & Public Release	Set up Gradle	2026-02-01T20:25:47.3201779Z Cache restored successfully
Build & Public Release	Set up Gradle	2026-02-01T20:25:47.4010673Z Restored cache entry with key gradle-generated-gradle-jars-v1-4434c59050703a48bf14168622b59891 to /home/runner/.gradle/caches/8.14.3/generated-gradle-jars/gradle-api-8.14.3.jar in 1709ms
Build & Public Release	Set up Gradle	2026-02-01T20:25:47.7649181Z Cache restored successfully
Build & Public Release	Set up Gradle	2026-02-01T20:25:47.7655222Z Restored cache entry with key gradle-kotlin-dsl-v1-900d09f8bd24a77c702d5ecbbfd928b0 to /home/runner/.gradle/caches/*/kotlin-dsl/accessors/*/,/home/runner/.gradle/caches/*/kotlin-dsl/scripts/*/ in 2075ms
Build & Public Release	Set up Gradle	2026-02-01T20:25:48.0190566Z Received 268435456 of 1329661357 (20.2%), 126.0 MBs/sec
Build & Public Release	Set up Gradle	2026-02-01T20:25:48.0191734Z Received 239075328 of 688624236 (34.7%), 113.3 MBs/sec
Build & Public Release	Set up Gradle	2026-02-01T20:25:49.0177959Z Received 469762048 of 1329661357 (35.3%), 147.8 MBs/sec
Build & Public Release	Set up Gradle	2026-02-01T20:25:49.4072152Z Received 402653184 of 688624236 (58.5%), 127.5 MBs/sec
Build & Public Release	Set up Gradle	2026-02-01T20:25:50.0226178Z Received 666894336 of 1329661357 (50.2%), 157.5 MBs/sec
Build & Public Release	Set up Gradle	2026-02-01T20:25:50.0226821Z Received 545259520 of 688624236 (79.2%), 129.4 MBs/sec
Build & Public Release	Set up Gradle	2026-02-01T20:25:50.8376085Z Received 688624236 of 688624236 (100.0%), 135.9 MBs/sec
Build & Public Release	Set up Gradle	2026-02-01T20:25:50.8377915Z Cache Size: ~657 MB (688624236 B)
Build & Public Release	Set up Gradle	2026-02-01T20:25:50.8999664Z [command]/usr/bin/tar -xf /home/runner/work/_temp/aecee285-a380-401a-b105-81b38a1bf5c4/cache.tzst -P -C /home/runner/work/AniZen/AniZen --use-compress-program unzstd
Build & Public Release	Set up Gradle	2026-02-01T20:25:51.0331648Z Received 868220928 of 1329661357 (65.3%), 164.1 MBs/sec
Build & Public Release	Set up Gradle	2026-02-01T20:25:52.0075574Z Cache restored successfully
Build & Public Release	Set up Gradle	2026-02-01T20:25:52.0331341Z Received 1086324736 of 1329661357 (81.7%), 171.3 MBs/sec
Build & Public Release	Set up Gradle	2026-02-01T20:25:52.1778019Z Restored cache entry with key gradle-dependencies-v1-b3ba458e98787b341f020e1a58774519 to /home/runner/.gradle/caches/modules-*/files-*/*/*/*/* in 6487ms
Build & Public Release	Set up Gradle	2026-02-01T20:25:52.9332915Z Received 1329661357 of 1329661357 (100.0%), 182.5 MBs/sec
Build & Public Release	Set up Gradle	2026-02-01T20:25:52.9335578Z Cache Size: ~1268 MB (1329661357 B)
Build & Public Release	Set up Gradle	2026-02-01T20:25:52.9431747Z [command]/usr/bin/tar -xf /home/runner/work/_temp/636a0295-0608-48b3-a734-3b557defe72d/cache.tzst -P -C /home/runner/work/AniZen/AniZen --use-compress-program unzstd
Build & Public Release	Set up Gradle	2026-02-01T20:26:05.2401980Z Cache restored successfully
Build & Public Release	Set up Gradle	2026-02-01T20:26:05.3731051Z Restored cache entry with key gradle-transforms-v1-29b6ecf76579b0052284b4e6ec2672a2 to /home/runner/.gradle/caches/transforms-4/*/,/home/runner/.gradle/caches/*/transforms/*/ in 19681ms
Build & Public Release	Set up Gradle	2026-02-01T20:26:05.4069730Z ##[endgroup]
Build & Public Release	Set up Gradle	2026-02-01T20:26:05.4492205Z ##[group]All Gradle Wrapper jars are valid
Build & Public Release	Set up Gradle	2026-02-01T20:26:05.4493584Z âœ“ Found known Gradle Wrapper JAR files:
Build & Public Release	Set up Gradle	2026-02-01T20:26:05.4494180Z   7d3a4ac4de1c32b59bc6a4eb8ecb8e612ccd0cf1ae1e99f66902da64df296172 gradle/wrapper/gradle-wrapper.jar
Build & Public Release	Set up Gradle	2026-02-01T20:26:05.4495047Z ##[endgroup]
Build & Public Release	Run Code Analysis (Detekt)	ï»¿2026-02-01T20:26:05.4643202Z ##[group]Run ./gradlew detekt --no-daemon
Build & Public Release	Run Code Analysis (Detekt)	2026-02-01T20:26:05.4643728Z [36;1m./gradlew detekt --no-daemon[0m
Build & Public Release	Run Code Analysis (Detekt)	2026-02-01T20:26:05.4666162Z shell: /usr/bin/bash -e {0}
Build & Public Release	Run Code Analysis (Detekt)	2026-02-01T20:26:05.4666634Z env:
Build & Public Release	Run Code Analysis (Detekt)	2026-02-01T20:26:05.4667095Z   JAVA_HOME: /opt/hostedtoolcache/Java_Temurin-Hotspot_jdk/17.0.18-8/x64
Build & Public Release	Run Code Analysis (Detekt)	2026-02-01T20:26:05.4667716Z   JAVA_HOME_17_X64: /opt/hostedtoolcache/Java_Temurin-Hotspot_jdk/17.0.18-8/x64
Build & Public Release	Run Code Analysis (Detekt)	2026-02-01T20:26:05.4668228Z   GRADLE_ACTION_ID: gradle/actions/setup-gradle
Build & Public Release	Run Code Analysis (Detekt)	2026-02-01T20:26:05.4668652Z   GRADLE_USER_HOME: /home/runner/.gradle
Build & Public Release	Run Code Analysis (Detekt)	2026-02-01T20:26:05.4669087Z   GRADLE_BUILD_ACTION_SETUP_COMPLETED: true
Build & Public Release	Run Code Analysis (Detekt)	2026-02-01T20:26:05.4669690Z   GRADLE_BUILD_ACTION_CACHE_RESTORED: true
Build & Public Release	Run Code Analysis (Detekt)	2026-02-01T20:26:05.4670284Z   DEVELOCITY_INJECTION_INIT_SCRIPT_NAME: gradle-actions.inject-develocity.init.gradle
Build & Public Release	Run Code Analysis (Detekt)	2026-02-01T20:26:05.4670980Z   DEVELOCITY_INJECTION_CUSTOM_VALUE: gradle-actions
Build & Public Release	Run Code Analysis (Detekt)	2026-02-01T20:26:05.4671482Z   GITHUB_DEPENDENCY_GRAPH_ENABLED: false
Build & Public Release	Run Code Analysis (Detekt)	2026-02-01T20:26:05.4671834Z ##[endgroup]
Build & Public Release	Run Code Analysis (Detekt)	2026-02-01T20:26:08.6516723Z To honour the JVM settings for this build a single-use Daemon process will be forked. For more on this, please refer to https://docs.gradle.org/8.14.3/userguide/gradle_daemon.html#sec:disabling_the_daemon in the Gradle documentation.
Build & Public Release	Run Code Analysis (Detekt)	2026-02-01T20:26:10.1505310Z Daemon will be stopped at the end of the build 
Build & Public Release	Run Code Analysis (Detekt)	2026-02-01T20:26:10.4521114Z Configuration on demand is an incubating feature.
Build & Public Release	Run Code Analysis (Detekt)	2026-02-01T20:26:14.2530700Z Type-safe project accessors is an incubating feature.
Build & Public Release	Run Code Analysis (Detekt)	2026-02-01T20:26:17.6522402Z > Task :buildSrc:checkKotlinGradlePluginConfigurationErrors SKIPPED
Build & Public Release	Run Code Analysis (Detekt)	2026-02-01T20:26:17.7515447Z > Task :buildSrc:generateExternalPluginSpecBuilders FROM-CACHE
Build & Public Release	Run Code Analysis (Detekt)	2026-02-01T20:26:17.8515758Z > Task :buildSrc:extractPrecompiledScriptPluginPlugins FROM-CACHE
Build & Public Release	Run Code Analysis (Detekt)	2026-02-01T20:26:17.9554407Z > Task :buildSrc:compilePluginsBlocks FROM-CACHE
Build & Public Release	Run Code Analysis (Detekt)	2026-02-01T20:26:18.3527768Z > Task :buildSrc:generatePrecompiledScriptPluginAccessors FROM-CACHE
Build & Public Release	Run Code Analysis (Detekt)	2026-02-01T20:26:18.3531566Z > Task :buildSrc:generateScriptPluginAdapters FROM-CACHE
Build & Public Release	Run Code Analysis (Detekt)	2026-02-01T20:26:18.6508095Z > Task :buildSrc:compileKotlin FROM-CACHE
Build & Public Release	Run Code Analysis (Detekt)	2026-02-01T20:26:18.6511664Z > Task :buildSrc:compileJava NO-SOURCE
Build & Public Release	Run Code Analysis (Detekt)	2026-02-01T20:26:18.6514421Z > Task :buildSrc:compileGroovy NO-SOURCE
Build & Public Release	Run Code Analysis (Detekt)	2026-02-01T20:26:18.7510626Z > Task :buildSrc:pluginDescriptors
Build & Public Release	Run Code Analysis (Detekt)	2026-02-01T20:26:18.7514139Z > Task :buildSrc:processResources
Build & Public Release	Run Code Analysis (Detekt)	2026-02-01T20:26:18.7515117Z > Task :buildSrc:classes
Build & Public Release	Run Code Analysis (Detekt)	2026-02-01T20:26:19.0537425Z > Task :buildSrc:jar
Build & Public Release	Run Code Analysis (Detekt)	2026-02-01T20:26:26.5530832Z > Task :detekt NO-SOURCE
Build & Public Release	Run Code Analysis (Detekt)	2026-02-01T20:26:26.5531745Z gradle/actions: Writing build results to /home/runner/work/_temp/.gradle-actions/build-results/__run-1769977572498.json
Build & Public Release	Run Code Analysis (Detekt)	2026-02-01T20:26:26.6508036Z 
Build & Public Release	Run Code Analysis (Detekt)	2026-02-01T20:26:26.6509391Z [Incubating] Problems report is available at: file:///home/runner/work/AniZen/AniZen/build/reports/problems/problems-report.html
Build & Public Release	Run Code Analysis (Detekt)	2026-02-01T20:26:26.6510254Z 
Build & Public Release	Run Code Analysis (Detekt)	2026-02-01T20:26:26.6510735Z Deprecated Gradle features were used in this build, making it incompatible with Gradle 9.0.
Build & Public Release	Run Code Analysis (Detekt)	2026-02-01T20:26:26.6511369Z 
Build & Public Release	Run Code Analysis (Detekt)	2026-02-01T20:26:26.6512145Z You can use '--warning-mode all' to show the individual deprecation warnings and determine if they come from your own scripts or plugins.
Build & Public Release	Run Code Analysis (Detekt)	2026-02-01T20:26:26.6513143Z 
Build & Public Release	Run Code Analysis (Detekt)	2026-02-01T20:26:26.6514016Z For more on this, please refer to https://docs.gradle.org/8.14.3/userguide/command_line_interface.html#sec:command_line_warnings in the Gradle documentation.
Build & Public Release	Run Code Analysis (Detekt)	2026-02-01T20:26:26.6515081Z 
Build & Public Release	Run Code Analysis (Detekt)	2026-02-01T20:26:26.6515274Z BUILD SUCCESSFUL in 21s
Build & Public Release	Run Code Analysis (Detekt)	2026-02-01T20:26:26.6515756Z 9 actionable tasks: 3 executed, 6 from cache
Build & Public Release	Build Release APK	ï»¿2026-02-01T20:26:26.8694421Z ##[group]Run ./gradlew assembleRelease -Pinclude-telemetry=false -Penable-updater=false --no-daemon
Build & Public Release	Build Release APK	2026-02-01T20:26:26.8695258Z [36;1m./gradlew assembleRelease -Pinclude-telemetry=false -Penable-updater=false --no-daemon[0m
Build & Public Release	Build Release APK	2026-02-01T20:26:26.8714597Z shell: /usr/bin/bash -e {0}
Build & Public Release	Build Release APK	2026-02-01T20:26:26.8714886Z env:
Build & Public Release	Build Release APK	2026-02-01T20:26:26.8715209Z   JAVA_HOME: /opt/hostedtoolcache/Java_Temurin-Hotspot_jdk/17.0.18-8/x64
Build & Public Release	Build Release APK	2026-02-01T20:26:26.8715710Z   JAVA_HOME_17_X64: /opt/hostedtoolcache/Java_Temurin-Hotspot_jdk/17.0.18-8/x64
Build & Public Release	Build Release APK	2026-02-01T20:26:26.8716139Z   GRADLE_ACTION_ID: gradle/actions/setup-gradle
Build & Public Release	Build Release APK	2026-02-01T20:26:26.8716454Z   GRADLE_USER_HOME: /home/runner/.gradle
Build & Public Release	Build Release APK	2026-02-01T20:26:26.8716781Z   GRADLE_BUILD_ACTION_SETUP_COMPLETED: true
Build & Public Release	Build Release APK	2026-02-01T20:26:26.8717091Z   GRADLE_BUILD_ACTION_CACHE_RESTORED: true
Build & Public Release	Build Release APK	2026-02-01T20:26:26.8717543Z   DEVELOCITY_INJECTION_INIT_SCRIPT_NAME: gradle-actions.inject-develocity.init.gradle
Build & Public Release	Build Release APK	2026-02-01T20:26:26.8718027Z   DEVELOCITY_INJECTION_CUSTOM_VALUE: gradle-actions
Build & Public Release	Build Release APK	2026-02-01T20:26:26.8718400Z   GITHUB_DEPENDENCY_GRAPH_ENABLED: false
Build & Public Release	Build Release APK	2026-02-01T20:26:26.8718686Z ##[endgroup]
Build & Public Release	Build Release APK	2026-02-01T20:26:27.5056472Z To honour the JVM settings for this build a single-use Daemon process will be forked. For more on this, please refer to https://docs.gradle.org/8.14.3/userguide/gradle_daemon.html#sec:disabling_the_daemon in the Gradle documentation.
Build & Public Release	Build Release APK	2026-02-01T20:26:28.5043166Z Daemon will be stopped at the end of the build 
Build & Public Release	Build Release APK	2026-02-01T20:26:28.8042657Z Configuration on demand is an incubating feature.
Build & Public Release	Build Release APK	2026-02-01T20:26:31.8067318Z Type-safe project accessors is an incubating feature.
Build & Public Release	Build Release APK	2026-02-01T20:26:34.7051607Z > Task :buildSrc:checkKotlinGradlePluginConfigurationErrors SKIPPED
Build & Public Release	Build Release APK	2026-02-01T20:26:34.8060614Z > Task :buildSrc:generateExternalPluginSpecBuilders UP-TO-DATE
Build & Public Release	Build Release APK	2026-02-01T20:26:34.8062234Z > Task :buildSrc:extractPrecompiledScriptPluginPlugins UP-TO-DATE
Build & Public Release	Build Release APK	2026-02-01T20:26:35.0047256Z > Task :buildSrc:compilePluginsBlocks UP-TO-DATE
Build & Public Release	Build Release APK	2026-02-01T20:26:35.3042915Z > Task :buildSrc:generatePrecompiledScriptPluginAccessors UP-TO-DATE
Build & Public Release	Build Release APK	2026-02-01T20:26:35.3044441Z > Task :buildSrc:generateScriptPluginAdapters UP-TO-DATE
Build & Public Release	Build Release APK	2026-02-01T20:26:35.5050539Z > Task :buildSrc:compileKotlin UP-TO-DATE
Build & Public Release	Build Release APK	2026-02-01T20:26:35.5051879Z > Task :buildSrc:compileJava NO-SOURCE
Build & Public Release	Build Release APK	2026-02-01T20:26:35.5052596Z > Task :buildSrc:compileGroovy NO-SOURCE
Build & Public Release	Build Release APK	2026-02-01T20:26:35.5054385Z > Task :buildSrc:pluginDescriptors UP-TO-DATE
Build & Public Release	Build Release APK	2026-02-01T20:26:35.5068460Z > Task :buildSrc:processResources UP-TO-DATE
Build & Public Release	Build Release APK	2026-02-01T20:26:35.5069393Z > Task :buildSrc:classes UP-TO-DATE
Build & Public Release	Build Release APK	2026-02-01T20:26:35.5070123Z > Task :buildSrc:jar UP-TO-DATE
Build & Public Release	Build Release APK	2026-02-01T20:26:45.0042842Z > Task :data:preBuild UP-TO-DATE
Build & Public Release	Build Release APK	2026-02-01T20:26:45.0052616Z > Task :data:preReleaseBuild UP-TO-DATE
Build & Public Release	Build Release APK	2026-02-01T20:26:45.0061678Z > Task :domain:preBuild UP-TO-DATE
Build & Public Release	Build Release APK	2026-02-01T20:26:45.0062520Z > Task :core-metadata:preBuild UP-TO-DATE
Build & Public Release	Build Release APK	2026-02-01T20:26:45.0063060Z > Task :core-metadata:preReleaseBuild UP-TO-DATE
Build & Public Release	Build Release APK	2026-02-01T20:26:45.0063621Z > Task :domain:preReleaseBuild UP-TO-DATE
Build & Public Release	Build Release APK	2026-02-01T20:26:45.0064620Z > Task :app:preBuild UP-TO-DATE
Build & Public Release	Build Release APK	2026-02-01T20:26:45.0065619Z > Task :app:preReleaseBuild UP-TO-DATE
Build & Public Release	Build Release APK	2026-02-01T20:26:45.2061305Z > Task :domain:mergeReleaseJniLibFolders
Build & Public Release	Build Release APK	2026-02-01T20:26:45.2062695Z > Task :app:mergeReleaseJniLibFolders
Build & Public Release	Build Release APK	2026-02-01T20:26:45.2063169Z > Task :data:mergeReleaseJniLibFolders
Build & Public Release	Build Release APK	2026-02-01T20:26:45.2063679Z > Task :core-metadata:mergeReleaseJniLibFolders
Build & Public Release	Build Release APK	2026-02-01T20:26:45.2064239Z > Task :flagkit:preBuild UP-TO-DATE
Build & Public Release	Build Release APK	2026-02-01T20:26:45.2064720Z > Task :flagkit:preReleaseBuild UP-TO-DATE
Build & Public Release	Build Release APK	2026-02-01T20:26:45.2065267Z > Task :data:mergeReleaseNativeLibs NO-SOURCE
Build & Public Release	Build Release APK	2026-02-01T20:26:45.2065842Z > Task :domain:mergeReleaseNativeLibs NO-SOURCE
Build & Public Release	Build Release APK	2026-02-01T20:26:45.2066482Z > Task :core-metadata:mergeReleaseNativeLibs NO-SOURCE
Build & Public Release	Build Release APK	2026-02-01T20:26:45.2067060Z > Task :flagkit:mergeReleaseJniLibFolders
Build & Public Release	Build Release APK	2026-02-01T20:26:45.2067658Z > Task :flagkit:mergeReleaseNativeLibs NO-SOURCE
Build & Public Release	Build Release APK	2026-02-01T20:26:45.2068226Z > Task :data:copyReleaseJniLibsProjectOnly
Build & Public Release	Build Release APK	2026-02-01T20:26:45.2069530Z > Task :domain:copyReleaseJniLibsProjectOnly
Build & Public Release	Build Release APK	2026-02-01T20:26:45.2070108Z > Task :core-metadata:copyReleaseJniLibsProjectOnly
Build & Public Release	Build Release APK	2026-02-01T20:26:45.2070694Z > Task :i18n:generateLocalesConfig UP-TO-DATE
Build & Public Release	Build Release APK	2026-02-01T20:26:45.2071245Z > Task :flagkit:copyReleaseJniLibsProjectOnly
Build & Public Release	Build Release APK	2026-02-01T20:26:45.3058434Z > Task :i18n-ank:generateMRcommonMain FROM-CACHE
Build & Public Release	Build Release APK	2026-02-01T20:26:45.3096094Z > Task :i18n-sy:generateMRcommonMain FROM-CACHE
Build & Public Release	Build Release APK	2026-02-01T20:26:45.3097992Z > Task :i18n-kmk:generateMRcommonMain FROM-CACHE
Build & Public Release	Build Release APK	2026-02-01T20:26:45.3098741Z > Task :i18n-kmk:generateMRandroidDebug SKIPPED
Build & Public Release	Build Release APK	2026-02-01T20:26:45.3099524Z > Task :i18n-sy:generateMRandroidDebug SKIPPED
Build & Public Release	Build Release APK	2026-02-01T20:26:45.3100188Z > Task :i18n-ank:generateMRandroidDebug SKIPPED
Build & Public Release	Build Release APK	2026-02-01T20:26:45.4050879Z > Task :i18n-kmk:generateMRandroidInstrumentedTest FROM-CACHE
Build & Public Release	Build Release APK	2026-02-01T20:26:45.4070582Z > Task :i18n-kmk:generateMRandroidInstrumentedTestDebug SKIPPED
Build & Public Release	Build Release APK	2026-02-01T20:26:45.4071568Z > Task :i18n-ank:generateMRandroidInstrumentedTest FROM-CACHE
Build & Public Release	Build Release APK	2026-02-01T20:26:45.4072407Z > Task :i18n-ank:generateMRandroidInstrumentedTestDebug SKIPPED
Build & Public Release	Build Release APK	2026-02-01T20:26:45.4073164Z > Task :i18n-sy:generateMRandroidInstrumentedTest FROM-CACHE
Build & Public Release	Build Release APK	2026-02-01T20:26:45.4073863Z > Task :i18n-sy:generateMRandroidInstrumentedTestDebug SKIPPED
Build & Public Release	Build Release APK	2026-02-01T20:26:45.4074479Z > Task :i18n:generateMRcommonMain FROM-CACHE
Build & Public Release	Build Release APK	2026-02-01T20:26:45.4074991Z > Task :i18n:generateMRandroidDebug SKIPPED
Build & Public Release	Build Release APK	2026-02-01T20:26:45.4075595Z > Task :i18n:generateMRandroidInstrumentedTest FROM-CACHE
Build & Public Release	Build Release APK	2026-02-01T20:26:45.4076260Z > Task :i18n:generateMRandroidInstrumentedTestDebug SKIPPED
Build & Public Release	Build Release APK	2026-02-01T20:26:45.4076883Z > Task :i18n-ank:generateMRandroidMain FROM-CACHE
Build & Public Release	Build Release APK	2026-02-01T20:26:45.4077451Z > Task :i18n-ank:generateMRandroidRelease SKIPPED
Build & Public Release	Build Release APK	2026-02-01T20:26:45.4078036Z > Task :i18n-kmk:generateMRandroidMain FROM-CACHE
Build & Public Release	Build Release APK	2026-02-01T20:26:45.4078617Z > Task :i18n-kmk:generateMRandroidRelease SKIPPED
Build & Public Release	Build Release APK	2026-02-01T20:26:45.5070359Z > Task :i18n-ank:generateMRcommonTest FROM-CACHE
Build & Public Release	Build Release APK	2026-02-01T20:26:45.5073279Z > Task :i18n-kmk:generateMRcommonTest FROM-CACHE
Build & Public Release	Build Release APK	2026-02-01T20:26:45.5074063Z > Task :i18n-ank:generateMRandroidUnitTest FROM-CACHE
Build & Public Release	Build Release APK	2026-02-01T20:26:45.5074827Z > Task :i18n-ank:generateMRandroidUnitTestDebug SKIPPED
Build & Public Release	Build Release APK	2026-02-01T20:26:45.5075669Z > Task :i18n-ank:generateMRandroidUnitTestRelease SKIPPED
Build & Public Release	Build Release APK	2026-02-01T20:26:45.5084992Z > Task :i18n-ank:preBuild UP-TO-DATE
Build & Public Release	Build Release APK	2026-02-01T20:26:45.5085780Z > Task :i18n-ank:preReleaseBuild UP-TO-DATE
Build & Public Release	Build Release APK	2026-02-01T20:26:45.5086480Z > Task :i18n-sy:generateMRandroidMain FROM-CACHE
Build & Public Release	Build Release APK	2026-02-01T20:26:45.5087221Z > Task :i18n-sy:generateMRandroidRelease SKIPPED
Build & Public Release	Build Release APK	2026-02-01T20:26:45.5087976Z > Task :i18n-kmk:generateMRandroidUnitTest FROM-CACHE
Build & Public Release	Build Release APK	2026-02-01T20:26:45.5088745Z > Task :i18n-kmk:generateMRandroidUnitTestDebug SKIPPED
Build & Public Release	Build Release APK	2026-02-01T20:26:45.5089648Z > Task :i18n-sy:generateMRcommonTest FROM-CACHE
Build & Public Release	Build Release APK	2026-02-01T20:26:45.5097569Z > Task :i18n-kmk:generateMRandroidUnitTestRelease SKIPPED
Build & Public Release	Build Release APK	2026-02-01T20:26:45.5098320Z > Task :i18n-kmk:preBuild UP-TO-DATE
Build & Public Release	Build Release APK	2026-02-01T20:26:45.5098911Z > Task :i18n-ank:mergeReleaseJniLibFolders
Build & Public Release	Build Release APK	2026-02-01T20:26:45.5099730Z > Task :i18n-kmk:preReleaseBuild UP-TO-DATE
Build & Public Release	Build Release APK	2026-02-01T20:26:45.5100363Z > Task :i18n-ank:mergeReleaseNativeLibs NO-SOURCE
Build & Public Release	Build Release APK	2026-02-01T20:26:45.5100980Z > Task :i18n-kmk:mergeReleaseJniLibFolders
Build & Public Release	Build Release APK	2026-02-01T20:26:45.5101650Z > Task :i18n-sy:generateMRandroidUnitTest FROM-CACHE
Build & Public Release	Build Release APK	2026-02-01T20:26:45.5102387Z > Task :i18n-sy:generateMRandroidUnitTestDebug SKIPPED
Build & Public Release	Build Release APK	2026-02-01T20:26:45.5103155Z > Task :i18n-sy:generateMRandroidUnitTestRelease SKIPPED
Build & Public Release	Build Release APK	2026-02-01T20:26:45.5103923Z > Task :i18n-sy:preBuild UP-TO-DATE
Build & Public Release	Build Release APK	2026-02-01T20:26:45.5104583Z > Task :i18n-kmk:mergeReleaseNativeLibs NO-SOURCE
Build & Public Release	Build Release APK	2026-02-01T20:26:45.5105236Z > Task :i18n-sy:preReleaseBuild UP-TO-DATE
Build & Public Release	Build Release APK	2026-02-01T20:26:45.5105914Z > Task :i18n-ank:copyReleaseJniLibsProjectOnly
Build & Public Release	Build Release APK	2026-02-01T20:26:45.5106570Z > Task :presentation-core:preBuild UP-TO-DATE
Build & Public Release	Build Release APK	2026-02-01T20:26:45.5107193Z > Task :presentation-core:preReleaseBuild UP-TO-DATE
Build & Public Release	Build Release APK	2026-02-01T20:26:45.5107886Z > Task :i18n-kmk:copyReleaseJniLibsProjectOnly
Build & Public Release	Build Release APK	2026-02-01T20:26:45.5108888Z > Task :presentation-widget:preBuild UP-TO-DATE
Build & Public Release	Build Release APK	2026-02-01T20:26:45.5126184Z > Task :presentation-widget:preReleaseBuild UP-TO-DATE
Build & Public Release	Build Release APK	2026-02-01T20:26:45.5127193Z > Task :i18n-sy:mergeReleaseJniLibFolders
Build & Public Release	Build Release APK	2026-02-01T20:26:45.5127824Z > Task :presentation-core:mergeReleaseJniLibFolders
Build & Public Release	Build Release APK	2026-02-01T20:26:45.5128479Z > Task :presentation-core:mergeReleaseNativeLibs NO-SOURCE
Build & Public Release	Build Release APK	2026-02-01T20:26:45.5129389Z > Task :i18n-sy:mergeReleaseNativeLibs NO-SOURCE
Build & Public Release	Build Release APK	2026-02-01T20:26:45.5130039Z > Task :presentation-widget:mergeReleaseJniLibFolders
Build & Public Release	Build Release APK	2026-02-01T20:26:45.5130789Z > Task :presentation-widget:mergeReleaseNativeLibs NO-SOURCE
Build & Public Release	Build Release APK	2026-02-01T20:26:45.5131486Z > Task :i18n-sy:copyReleaseJniLibsProjectOnly
Build & Public Release	Build Release APK	2026-02-01T20:26:45.5132180Z > Task :presentation-core:copyReleaseJniLibsProjectOnly
Build & Public Release	Build Release APK	2026-02-01T20:26:45.5132892Z > Task :source-api:preBuild UP-TO-DATE
Build & Public Release	Build Release APK	2026-02-01T20:26:45.5133467Z > Task :source-api:preReleaseBuild UP-TO-DATE
Build & Public Release	Build Release APK	2026-02-01T20:26:45.5134088Z > Task :source-local:preBuild UP-TO-DATE
Build & Public Release	Build Release APK	2026-02-01T20:26:45.5134724Z > Task :source-local:preReleaseBuild UP-TO-DATE
Build & Public Release	Build Release APK	2026-02-01T20:26:45.5135428Z > Task :presentation-widget:copyReleaseJniLibsProjectOnly
Build & Public Release	Build Release APK	2026-02-01T20:26:45.5157297Z > Task :telemetry:preBuild UP-TO-DATE
Build & Public Release	Build Release APK	2026-02-01T20:26:45.5157880Z > Task :telemetry:preReleaseBuild UP-TO-DATE
Build & Public Release	Build Release APK	2026-02-01T20:26:45.6047018Z > Task :source-api:mergeReleaseJniLibFolders
Build & Public Release	Build Release APK	2026-02-01T20:26:45.6057052Z > Task :source-local:mergeReleaseJniLibFolders
Build & Public Release	Build Release APK	2026-02-01T20:26:45.6064511Z > Task :telemetry:mergeReleaseJniLibFolders
Build & Public Release	Build Release APK	2026-02-01T20:26:45.6076434Z > Task :telemetry:mergeReleaseNativeLibs NO-SOURCE
Build & Public Release	Build Release APK	2026-02-01T20:26:45.6088675Z > Task :source-local:mergeReleaseNativeLibs NO-SOURCE
Build & Public Release	Build Release APK	2026-02-01T20:26:45.6089744Z > Task :source-api:mergeReleaseNativeLibs NO-SOURCE
Build & Public Release	Build Release APK	2026-02-01T20:26:45.6090753Z > Task :source-local:copyReleaseJniLibsProjectOnly
Build & Public Release	Build Release APK	2026-02-01T20:26:45.6091534Z > Task :telemetry:copyReleaseJniLibsProjectOnly
Build & Public Release	Build Release APK	2026-02-01T20:26:45.6093017Z > Task :core:common:preBuild UP-TO-DATE
Build & Public Release	Build Release APK	2026-02-01T20:26:45.6093578Z > Task :core:archive:preBuild UP-TO-DATE
Build & Public Release	Build Release APK	2026-02-01T20:26:45.6094125Z > Task :core:archive:preReleaseBuild UP-TO-DATE
Build & Public Release	Build Release APK	2026-02-01T20:26:45.6094698Z > Task :source-api:copyReleaseJniLibsProjectOnly
Build & Public Release	Build Release APK	2026-02-01T20:26:45.6095292Z > Task :core:common:preReleaseBuild UP-TO-DATE
Build & Public Release	Build Release APK	2026-02-01T20:26:45.6095850Z > Task :core-metadata:prepareReleaseArtProfile
Build & Public Release	Build Release APK	2026-02-01T20:26:45.6096416Z > Task :core:archive:mergeReleaseJniLibFolders
Build & Public Release	Build Release APK	2026-02-01T20:26:45.6117867Z > Task :data:prepareReleaseArtProfile
Build & Public Release	Build Release APK	2026-02-01T20:26:45.6118851Z > Task :core:common:mergeReleaseJniLibFolders
Build & Public Release	Build Release APK	2026-02-01T20:26:45.6119756Z > Task :core:archive:mergeReleaseNativeLibs NO-SOURCE
Build & Public Release	Build Release APK	2026-02-01T20:26:45.6120500Z > Task :core:common:mergeReleaseNativeLibs NO-SOURCE
Build & Public Release	Build Release APK	2026-02-01T20:26:45.6121041Z > Task :domain:prepareReleaseArtProfile
Build & Public Release	Build Release APK	2026-02-01T20:26:45.6121886Z > Task :core:common:copyReleaseJniLibsProjectOnly
Build & Public Release	Build Release APK	2026-02-01T20:26:45.6122543Z > Task :core:archive:copyReleaseJniLibsProjectOnly
Build & Public Release	Build Release APK	2026-02-01T20:26:45.6123079Z > Task :flagkit:prepareReleaseArtProfile
Build & Public Release	Build Release APK	2026-02-01T20:26:45.6123578Z > Task :i18n-ank:prepareReleaseArtProfile
Build & Public Release	Build Release APK	2026-02-01T20:26:45.6124060Z > Task :i18n-sy:prepareReleaseArtProfile
Build & Public Release	Build Release APK	2026-02-01T20:26:45.6124525Z > Task :i18n-kmk:prepareReleaseArtProfile
Build & Public Release	Build Release APK	2026-02-01T20:26:45.6125078Z > Task :presentation-core:prepareReleaseArtProfile
Build & Public Release	Build Release APK	2026-02-01T20:26:45.6125609Z > Task :source-api:prepareReleaseArtProfile
Build & Public Release	Build Release APK	2026-02-01T20:26:45.6126169Z > Task :presentation-widget:prepareReleaseArtProfile
Build & Public Release	Build Release APK	2026-02-01T20:26:45.6126753Z > Task :source-local:prepareReleaseArtProfile
Build & Public Release	Build Release APK	2026-02-01T20:26:45.6127255Z > Task :telemetry:prepareReleaseArtProfile
Build & Public Release	Build Release APK	2026-02-01T20:26:45.6127899Z > Task :core-metadata:checkKotlinGradlePluginConfigurationErrors SKIPPED
Build & Public Release	Build Release APK	2026-02-01T20:26:45.7089967Z > Task :core:common:prepareReleaseArtProfile
Build & Public Release	Build Release APK	2026-02-01T20:26:45.7091009Z > Task :core:archive:prepareReleaseArtProfile
Build & Public Release	Build Release APK	2026-02-01T20:26:45.7091721Z > Task :core-metadata:generateReleaseResValues FROM-CACHE
Build & Public Release	Build Release APK	2026-02-01T20:26:45.7092563Z > Task :source-api:generateReleaseResValues FROM-CACHE
Build & Public Release	Build Release APK	2026-02-01T20:26:45.7093677Z > Task :core-metadata:generateReleaseResources FROM-CACHE
Build & Public Release	Build Release APK	2026-02-01T20:26:45.7094476Z > Task :i18n-sy:generateReleaseResValues FROM-CACHE
Build & Public Release	Build Release APK	2026-02-01T20:26:45.7095268Z > Task :i18n:generateMRandroidMain FROM-CACHE
Build & Public Release	Build Release APK	2026-02-01T20:26:45.7095979Z > Task :i18n:generateMRandroidRelease SKIPPED
Build & Public Release	Build Release APK	2026-02-01T20:26:45.7096633Z > Task :i18n-sy:generateReleaseResources FROM-CACHE
Build & Public Release	Build Release APK	2026-02-01T20:26:45.7100178Z > Task :source-api:generateReleaseResources FROM-CACHE
Build & Public Release	Build Release APK	2026-02-01T20:26:45.7101025Z > Task :i18n:generateMRcommonTest FROM-CACHE
Build & Public Release	Build Release APK	2026-02-01T20:26:45.7101780Z > Task :core-metadata:packageReleaseResources FROM-CACHE
Build & Public Release	Build Release APK	2026-02-01T20:26:45.7102487Z > Task :source-api:packageReleaseResources FROM-CACHE
Build & Public Release	Build Release APK	2026-02-01T20:26:45.7103215Z > Task :i18n:generateMRandroidUnitTest FROM-CACHE
Build & Public Release	Build Release APK	2026-02-01T20:26:45.7103938Z > Task :i18n:generateMRandroidUnitTestDebug SKIPPED
Build & Public Release	Build Release APK	2026-02-01T20:26:45.7104656Z > Task :i18n:generateMRandroidUnitTestRelease SKIPPED
Build & Public Release	Build Release APK	2026-02-01T20:26:45.7105283Z > Task :i18n:preBuild UP-TO-DATE
Build & Public Release	Build Release APK	2026-02-01T20:26:45.7105832Z > Task :i18n:preReleaseBuild UP-TO-DATE
Build & Public Release	Build Release APK	2026-02-01T20:26:45.7111750Z > Task :i18n:mergeReleaseJniLibFolders
Build & Public Release	Build Release APK	2026-02-01T20:26:45.7114882Z > Task :i18n:mergeReleaseNativeLibs NO-SOURCE
Build & Public Release	Build Release APK	2026-02-01T20:26:45.7115601Z > Task :i18n:copyReleaseJniLibsProjectOnly
Build & Public Release	Build Release APK	2026-02-01T20:26:45.7116197Z > Task :i18n-sy:packageReleaseResources FROM-CACHE
Build & Public Release	Build Release APK	2026-02-01T20:26:45.7116763Z > Task :i18n:prepareReleaseArtProfile
Build & Public Release	Build Release APK	2026-02-01T20:26:45.8043502Z > Task :i18n:generateReleaseResValues FROM-CACHE
Build & Public Release	Build Release APK	2026-02-01T20:26:46.8054137Z > Task :source-api:parseReleaseLocalResources FROM-CACHE
Build & Public Release	Build Release APK	2026-02-01T20:26:46.8056062Z > Task :i18n:generateReleaseResources FROM-CACHE
Build & Public Release	Build Release APK	2026-02-01T20:26:46.8056728Z > Task :i18n-sy:parseReleaseLocalResources FROM-CACHE
Build & Public Release	Build Release APK	2026-02-01T20:26:46.9042707Z > Task :i18n-sy:generateReleaseRFile FROM-CACHE
Build & Public Release	Build Release APK	2026-02-01T20:26:46.9045029Z > Task :core:common:generateReleaseResValues FROM-CACHE
Build & Public Release	Build Release APK	2026-02-01T20:26:46.9046367Z > Task :core:common:generateReleaseResources FROM-CACHE
Build & Public Release	Build Release APK	2026-02-01T20:26:46.9047830Z > Task :core:common:packageReleaseResources FROM-CACHE
Build & Public Release	Build Release APK	2026-02-01T20:26:47.0060994Z > Task :core:common:parseReleaseLocalResources FROM-CACHE
Build & Public Release	Build Release APK	2026-02-01T20:26:47.0062750Z > Task :source-api:kmpPartiallyResolvedDependenciesChecker
Build & Public Release	Build Release APK	2026-02-01T20:26:47.0064370Z > Task :source-api:checkKotlinGradlePluginConfigurationErrors SKIPPED
Build & Public Release	Build Release APK	2026-02-01T20:26:47.0065942Z > Task :i18n-sy:kmpPartiallyResolvedDependenciesChecker
Build & Public Release	Build Release APK	2026-02-01T20:26:47.0067467Z > Task :i18n-sy:checkKotlinGradlePluginConfigurationErrors SKIPPED
Build & Public Release	Build Release APK	2026-02-01T20:26:47.0069533Z > Task :i18n:packageReleaseResources FROM-CACHE
Build & Public Release	Build Release APK	2026-02-01T20:26:47.0071276Z > Task :i18n:parseReleaseLocalResources FROM-CACHE
Build & Public Release	Build Release APK	2026-02-01T20:26:47.0072920Z > Task :i18n:generateReleaseRFile FROM-CACHE
Build & Public Release	Build Release APK	2026-02-01T20:26:47.4072113Z > Task :core-metadata:parseReleaseLocalResources FROM-CACHE
Build & Public Release	Build Release APK	2026-02-01T20:26:47.4093956Z > Task :i18n:kmpPartiallyResolvedDependenciesChecker
Build & Public Release	Build Release APK	2026-02-01T20:26:47.4095050Z > Task :i18n:checkKotlinGradlePluginConfigurationErrors SKIPPED
Build & Public Release	Build Release APK	2026-02-01T20:26:47.4095941Z > Task :core:common:generateReleaseRFile FROM-CACHE
Build & Public Release	Build Release APK	2026-02-01T20:26:47.5044471Z > Task :i18n-sy:compileReleaseKotlinAndroid FROM-CACHE
Build & Public Release	Build Release APK	2026-02-01T20:26:47.5050368Z > Task :i18n:compileReleaseKotlinAndroid FROM-CACHE
Build & Public Release	Build Release APK	2026-02-01T20:26:47.5071020Z > Task :source-api:generateReleaseRFile FROM-CACHE
Build & Public Release	Build Release APK	2026-02-01T20:26:47.5072189Z > Task :i18n:javaPreCompileRelease FROM-CACHE
Build & Public Release	Build Release APK	2026-02-01T20:26:47.5072986Z > Task :i18n:compileReleaseJavaWithJavac NO-SOURCE
Build & Public Release	Build Release APK	2026-02-01T20:26:47.6101160Z > Task :core-metadata:generateReleaseRFile FROM-CACHE
Build & Public Release	Build Release APK	2026-02-01T20:26:47.6102139Z > Task :i18n-sy:javaPreCompileRelease FROM-CACHE
Build & Public Release	Build Release APK	2026-02-01T20:26:47.6102891Z > Task :i18n-sy:compileReleaseJavaWithJavac NO-SOURCE
Build & Public Release	Build Release APK	2026-02-01T20:26:47.7042170Z > Task :i18n-sy:bundleLibCompileToJarRelease
Build & Public Release	Build Release APK	2026-02-01T20:26:47.7045721Z > Task :i18n:bundleLibCompileToJarRelease
Build & Public Release	Build Release APK	2026-02-01T20:26:47.7071920Z > Task :core:common:checkKotlinGradlePluginConfigurationErrors SKIPPED
Build & Public Release	Build Release APK	2026-02-01T20:26:47.8042714Z > Task :source-api:javaPreCompileRelease FROM-CACHE
Build & Public Release	Build Release APK	2026-02-01T20:26:47.8047353Z > Task :core-metadata:javaPreCompileRelease FROM-CACHE
Build & Public Release	Build Release APK	2026-02-01T20:26:47.8049536Z > Task :domain:checkKotlinGradlePluginConfigurationErrors SKIPPED
Build & Public Release	Build Release APK	2026-02-01T20:26:47.8050452Z > Task :app:mergeReleaseArtProfile
Build & Public Release	Build Release APK	2026-02-01T20:26:48.2068157Z > Task :app:mergeReleaseNativeLibs
Build & Public Release	Build Release APK	2026-02-01T20:26:48.2068867Z > Task :domain:generateReleaseResValues FROM-CACHE
Build & Public Release	Build Release APK	2026-02-01T20:26:48.2069688Z > Task :i18n-ank:generateReleaseResValues FROM-CACHE
Build & Public Release	Build Release APK	2026-02-01T20:26:48.2070351Z > Task :i18n-ank:generateReleaseResources FROM-CACHE
Build & Public Release	Build Release APK	2026-02-01T20:26:48.2070982Z > Task :domain:generateReleaseResources FROM-CACHE
Build & Public Release	Build Release APK	2026-02-01T20:26:48.2071599Z > Task :domain:packageReleaseResources FROM-CACHE
Build & Public Release	Build Release APK	2026-02-01T20:26:48.2072141Z > Task :i18n-ank:packageReleaseResources FROM-CACHE
Build & Public Release	Build Release APK	2026-02-01T20:26:48.2072793Z > Task :domain:parseReleaseLocalResources FROM-CACHE
Build & Public Release	Build Release APK	2026-02-01T20:26:48.2073392Z > Task :domain:javaPreCompileRelease FROM-CACHE
Build & Public Release	Build Release APK	2026-02-01T20:26:48.2074051Z > Task :source-local:kmpPartiallyResolvedDependenciesChecker
Build & Public Release	Build Release APK	2026-02-01T20:26:48.2074712Z > Task :i18n-ank:parseReleaseLocalResources FROM-CACHE
Build & Public Release	Build Release APK	2026-02-01T20:26:48.2075366Z > Task :source-local:checkKotlinGradlePluginConfigurationErrors SKIPPED
Build & Public Release	Build Release APK	2026-02-01T20:26:48.2076023Z > Task :source-local:generateReleaseResValues FROM-CACHE
Build & Public Release	Build Release APK	2026-02-01T20:26:48.2076398Z > Task :source-local:generateReleaseResources FROM-CACHE
Build & Public Release	Build Release APK	2026-02-01T20:26:48.2110096Z > Task :i18n-ank:generateReleaseRFile FROM-CACHE
Build & Public Release	Build Release APK	2026-02-01T20:26:48.2110861Z > Task :source-local:packageReleaseResources FROM-CACHE
Build & Public Release	Build Release APK	2026-02-01T20:26:48.3074044Z > Task :i18n-ank:kmpPartiallyResolvedDependenciesChecker
Build & Public Release	Build Release APK	2026-02-01T20:26:48.3082060Z > Task :i18n-ank:checkKotlinGradlePluginConfigurationErrors SKIPPED
Build & Public Release	Build Release APK	2026-02-01T20:26:48.3084023Z > Task :domain:generateReleaseRFile FROM-CACHE
Build & Public Release	Build Release APK	2026-02-01T20:26:48.3085448Z > Task :i18n-ank:compileReleaseKotlinAndroid FROM-CACHE
Build & Public Release	Build Release APK	2026-02-01T20:26:48.3087233Z > Task :source-local:parseReleaseLocalResources FROM-CACHE
Build & Public Release	Build Release APK	2026-02-01T20:26:48.3090652Z > Task :i18n-ank:javaPreCompileRelease FROM-CACHE
Build & Public Release	Build Release APK	2026-02-01T20:26:48.4053781Z > Task :i18n-ank:compileReleaseJavaWithJavac NO-SOURCE
Build & Public Release	Build Release APK	2026-02-01T20:26:48.4055661Z > Task :core:archive:generateReleaseResValues FROM-CACHE
Build & Public Release	Build Release APK	2026-02-01T20:26:48.4057687Z > Task :core:archive:generateReleaseResources FROM-CACHE
Build & Public Release	Build Release APK	2026-02-01T20:26:48.4063012Z > Task :core:archive:packageReleaseResources FROM-CACHE
Build & Public Release	Build Release APK	2026-02-01T20:26:48.4064749Z > Task :core:archive:parseReleaseLocalResources FROM-CACHE
Build & Public Release	Build Release APK	2026-02-01T20:26:48.4068970Z > Task :i18n-ank:bundleLibCompileToJarRelease
Build & Public Release	Build Release APK	2026-02-01T20:26:48.4070863Z > Task :source-local:javaPreCompileRelease FROM-CACHE
Build & Public Release	Build Release APK	2026-02-01T20:26:48.4074637Z > Task :data:checkKotlinGradlePluginConfigurationErrors SKIPPED
Build & Public Release	Build Release APK	2026-02-01T20:26:48.5046232Z > Task :core:archive:generateReleaseRFile FROM-CACHE
Build & Public Release	Build Release APK	2026-02-01T20:26:48.5048720Z > Task :data:generateReleaseDatabaseInterface FROM-CACHE
Build & Public Release	Build Release APK	2026-02-01T20:26:48.5049716Z > Task :core:archive:checkKotlinGradlePluginConfigurationErrors SKIPPED
Build & Public Release	Build Release APK	2026-02-01T20:26:48.5050439Z > Task :core:archive:javaPreCompileRelease FROM-CACHE
Build & Public Release	Build Release APK	2026-02-01T20:26:48.5050963Z > Task :data:generateReleaseResValues FROM-CACHE
Build & Public Release	Build Release APK	2026-02-01T20:26:48.5051535Z > Task :core:common:compileReleaseKotlin FROM-CACHE
Build & Public Release	Build Release APK	2026-02-01T20:26:48.5052116Z > Task :source-local:generateReleaseRFile FROM-CACHE
Build & Public Release	Build Release APK	2026-02-01T20:26:48.5052659Z > Task :data:generateReleaseResources FROM-CACHE
Build & Public Release	Build Release APK	2026-02-01T20:26:48.5053391Z > Task :presentation-core:checkKotlinGradlePluginConfigurationErrors SKIPPED
Build & Public Release	Build Release APK	2026-02-01T20:26:48.5054161Z > Task :core:common:javaPreCompileRelease FROM-CACHE
Build & Public Release	Build Release APK	2026-02-01T20:26:48.5054756Z > Task :presentation-core:generateReleaseResValues FROM-CACHE
Build & Public Release	Build Release APK	2026-02-01T20:26:48.5055375Z > Task :core:common:compileReleaseJavaWithJavac NO-SOURCE
Build & Public Release	Build Release APK	2026-02-01T20:26:48.5055952Z > Task :data:packageReleaseResources FROM-CACHE
Build & Public Release	Build Release APK	2026-02-01T20:26:48.6053859Z > Task :data:parseReleaseLocalResources FROM-CACHE
Build & Public Release	Build Release APK	2026-02-01T20:26:48.6056848Z > Task :presentation-core:generateReleaseResources FROM-CACHE
Build & Public Release	Build Release APK	2026-02-01T20:26:48.6114219Z > Task :presentation-core:packageReleaseResources FROM-CACHE
Build & Public Release	Build Release APK	2026-02-01T20:26:48.6115372Z > Task :core:common:bundleLibCompileToJarRelease
Build & Public Release	Build Release APK	2026-02-01T20:26:48.6116098Z > Task :presentation-core:parseReleaseLocalResources FROM-CACHE
Build & Public Release	Build Release APK	2026-02-01T20:26:48.7044825Z > Task :data:generateReleaseRFile FROM-CACHE
Build & Public Release	Build Release APK	2026-02-01T20:26:48.7090623Z > Task :data:javaPreCompileRelease FROM-CACHE
Build & Public Release	Build Release APK	2026-02-01T20:26:48.7091357Z > Task :core:archive:compileReleaseKotlin FROM-CACHE
Build & Public Release	Build Release APK	2026-02-01T20:26:48.8041386Z > Task :core:archive:compileReleaseJavaWithJavac NO-SOURCE
Build & Public Release	Build Release APK	2026-02-01T20:26:48.8045527Z > Task :source-api:compileReleaseKotlinAndroid FROM-CACHE
Build & Public Release	Build Release APK	2026-02-01T20:26:48.8049667Z > Task :core:archive:bundleLibCompileToJarRelease
Build & Public Release	Build Release APK	2026-02-01T20:26:48.8052719Z > Task :source-api:compileReleaseJavaWithJavac NO-SOURCE
Build & Public Release	Build Release APK	2026-02-01T20:26:48.8053733Z > Task :core:archive:mergeReleaseGeneratedProguardFiles
Build & Public Release	Build Release APK	2026-02-01T20:26:48.8069950Z > Task :core:archive:exportReleaseConsumerProguardFiles
Build & Public Release	Build Release APK	2026-02-01T20:26:48.8070829Z > Task :presentation-widget:checkKotlinGradlePluginConfigurationErrors SKIPPED
Build & Public Release	Build Release APK	2026-02-01T20:26:48.8072146Z > Task :presentation-widget:generateReleaseResValues FROM-CACHE
Build & Public Release	Build Release APK	2026-02-01T20:26:48.8073068Z > Task :presentation-widget:generateReleaseResources FROM-CACHE
Build & Public Release	Build Release APK	2026-02-01T20:26:48.9052053Z > Task :presentation-widget:packageReleaseResources FROM-CACHE
Build & Public Release	Build Release APK	2026-02-01T20:26:48.9052894Z > Task :presentation-widget:parseReleaseLocalResources FROM-CACHE
Build & Public Release	Build Release APK	2026-02-01T20:26:48.9053630Z > Task :presentation-widget:javaPreCompileRelease FROM-CACHE
Build & Public Release	Build Release APK	2026-02-01T20:26:48.9054276Z > Task :source-api:mergeReleaseGeneratedProguardFiles
Build & Public Release	Build Release APK	2026-02-01T20:26:48.9054841Z > Task :source-api:bundleLibCompileToJarRelease
Build & Public Release	Build Release APK	2026-02-01T20:26:48.9055739Z > Task :source-api:exportReleaseConsumerProguardFiles
Build & Public Release	Build Release APK	2026-02-01T20:26:48.9056478Z > Task :presentation-core:generateReleaseRFile FROM-CACHE
Build & Public Release	Build Release APK	2026-02-01T20:26:49.0062839Z > Task :core-metadata:compileReleaseKotlin FROM-CACHE
Build & Public Release	Build Release APK	2026-02-01T20:26:49.0065703Z > Task :core-metadata:compileReleaseJavaWithJavac NO-SOURCE
Build & Public Release	Build Release APK	2026-02-01T20:26:49.1063098Z > Task :core-metadata:bundleLibCompileToJarRelease
Build & Public Release	Build Release APK	2026-02-01T20:26:49.1064211Z > Task :core-metadata:mergeReleaseGeneratedProguardFiles
Build & Public Release	Build Release APK	2026-02-01T20:26:49.1065144Z > Task :core-metadata:exportReleaseConsumerProguardFiles
Build & Public Release	Build Release APK	2026-02-01T20:26:49.2080838Z > Task :presentation-core:compileReleaseKotlin FROM-CACHE
Build & Public Release	Build Release APK	2026-02-01T20:26:49.2082340Z > Task :presentation-core:javaPreCompileRelease FROM-CACHE
Build & Public Release	Build Release APK	2026-02-01T20:26:49.2083335Z > Task :presentation-core:compileReleaseJavaWithJavac NO-SOURCE
Build & Public Release	Build Release APK	2026-02-01T20:26:49.3062390Z > Task :presentation-core:bundleLibCompileToJarRelease
Build & Public Release	Build Release APK	2026-02-01T20:26:49.3064067Z > Task :presentation-core:mergeReleaseGeneratedProguardFiles
Build & Public Release	Build Release APK	2026-02-01T20:26:49.3065517Z > Task :domain:compileReleaseKotlin FROM-CACHE
Build & Public Release	Build Release APK	2026-02-01T20:26:49.3084417Z > Task :presentation-core:exportReleaseConsumerProguardFiles
Build & Public Release	Build Release APK	2026-02-01T20:26:49.3131696Z > Task :flagkit:checkKotlinGradlePluginConfigurationErrors SKIPPED
Build & Public Release	Build Release APK	2026-02-01T20:26:49.3132589Z > Task :presentation-widget:generateReleaseRFile FROM-CACHE
Build & Public Release	Build Release APK	2026-02-01T20:26:49.3133327Z > Task :domain:compileReleaseJavaWithJavac NO-SOURCE
Build & Public Release	Build Release APK	2026-02-01T20:26:49.4041211Z > Task :flagkit:generateReleaseResValues FROM-CACHE
Build & Public Release	Build Release APK	2026-02-01T20:26:49.5081746Z > Task :flagkit:generateReleaseResources FROM-CACHE
Build & Public Release	Build Release APK	2026-02-01T20:26:49.5084778Z > Task :domain:mergeReleaseGeneratedProguardFiles
Build & Public Release	Build Release APK	2026-02-01T20:26:49.5085712Z > Task :domain:bundleLibCompileToJarRelease
Build & Public Release	Build Release APK	2026-02-01T20:26:49.5086550Z > Task :core:common:mergeReleaseGeneratedProguardFiles
Build & Public Release	Build Release APK	2026-02-01T20:26:49.5087341Z > Task :domain:exportReleaseConsumerProguardFiles
Build & Public Release	Build Release APK	2026-02-01T20:26:49.5088869Z > Task :app:expandReleaseL8ArtProfileWildcards FROM-CACHE
Build & Public Release	Build Release APK	2026-02-01T20:26:49.6041952Z > Task :flagkit:packageReleaseResources FROM-CACHE
Build & Public Release	Build Release APK	2026-02-01T20:26:49.6045016Z > Task :source-local:compileReleaseKotlinAndroid FROM-CACHE
Build & Public Release	Build Release APK	2026-02-01T20:26:49.6047848Z > Task :source-local:compileReleaseJavaWithJavac NO-SOURCE
Build & Public Release	Build Release APK	2026-02-01T20:26:49.7082698Z > Task :source-local:mergeReleaseGeneratedProguardFiles
Build & Public Release	Build Release APK	2026-02-01T20:26:49.8041883Z > Task :source-local:exportReleaseConsumerProguardFiles
Build & Public Release	Build Release APK	2026-02-01T20:26:49.8044943Z > Task :flagkit:parseReleaseLocalResources FROM-CACHE
Build & Public Release	Build Release APK	2026-02-01T20:26:49.8045777Z > Task :flagkit:generateReleaseRFile FROM-CACHE
Build & Public Release	Build Release APK	2026-02-01T20:26:49.9042582Z > Task :data:compileReleaseKotlin FROM-CACHE
Build & Public Release	Build Release APK	2026-02-01T20:26:49.9046345Z > Task :data:compileReleaseJavaWithJavac NO-SOURCE
Build & Public Release	Build Release APK	2026-02-01T20:26:49.9048381Z > Task :flagkit:compileReleaseKotlin FROM-CACHE
Build & Public Release	Build Release APK	2026-02-01T20:26:49.9050453Z > Task :flagkit:javaPreCompileRelease FROM-CACHE
Build & Public Release	Build Release APK	2026-02-01T20:26:49.9052605Z > Task :flagkit:compileReleaseJavaWithJavac NO-SOURCE
Build & Public Release	Build Release APK	2026-02-01T20:26:49.9054551Z > Task :flagkit:mergeReleaseGeneratedProguardFiles
Build & Public Release	Build Release APK	2026-02-01T20:26:50.3066088Z > Task :app:stripReleaseDebugSymbols
Build & Public Release	Build Release APK	2026-02-01T20:26:50.3066941Z > Task :data:mergeReleaseGeneratedProguardFiles
Build & Public Release	Build Release APK	2026-02-01T20:26:50.3067748Z > Task :flagkit:exportReleaseConsumerProguardFiles
Build & Public Release	Build Release APK	2026-02-01T20:26:50.3068559Z > Task :app:extractReleaseNativeSymbolTables FROM-CACHE
Build & Public Release	Build Release APK	2026-02-01T20:26:50.3069596Z > Task :core:common:exportReleaseConsumerProguardFiles
Build & Public Release	Build Release APK	2026-02-01T20:26:50.3070410Z > Task :app:mergeReleaseNativeDebugMetadata NO-SOURCE
Build & Public Release	Build Release APK	2026-02-01T20:26:50.3071218Z > Task :i18n-kmk:kmpPartiallyResolvedDependenciesChecker
Build & Public Release	Build Release APK	2026-02-01T20:26:50.3072012Z > Task :data:exportReleaseConsumerProguardFiles
Build & Public Release	Build Release APK	2026-02-01T20:26:50.3072905Z > Task :i18n-kmk:checkKotlinGradlePluginConfigurationErrors SKIPPED
Build & Public Release	Build Release APK	2026-02-01T20:26:50.3073781Z > Task :i18n-ank:mergeReleaseGeneratedProguardFiles
Build & Public Release	Build Release APK	2026-02-01T20:26:50.3074547Z > Task :i18n:mergeReleaseGeneratedProguardFiles
Build & Public Release	Build Release APK	2026-02-01T20:26:50.3075287Z > Task :i18n:exportReleaseConsumerProguardFiles
Build & Public Release	Build Release APK	2026-02-01T20:26:50.3076043Z > Task :i18n-ank:exportReleaseConsumerProguardFiles
Build & Public Release	Build Release APK	2026-02-01T20:26:50.3076804Z > Task :i18n-kmk:generateReleaseResValues FROM-CACHE
Build & Public Release	Build Release APK	2026-02-01T20:26:50.3077666Z > Task :telemetry:checkKotlinGradlePluginConfigurationErrors SKIPPED
Build & Public Release	Build Release APK	2026-02-01T20:26:50.3078483Z > Task :i18n-sy:mergeReleaseGeneratedProguardFiles
Build & Public Release	Build Release APK	2026-02-01T20:26:50.3079180Z > Task :i18n-kmk:generateReleaseResources FROM-CACHE
Build & Public Release	Build Release APK	2026-02-01T20:26:50.3080056Z > Task :telemetry:generateReleaseResValues FROM-CACHE
Build & Public Release	Build Release APK	2026-02-01T20:26:50.3080852Z > Task :presentation-widget:compileReleaseKotlin FROM-CACHE
Build & Public Release	Build Release APK	2026-02-01T20:26:50.3081765Z > Task :presentation-widget:compileReleaseJavaWithJavac NO-SOURCE
Build & Public Release	Build Release APK	2026-02-01T20:26:50.3082646Z > Task :i18n-sy:exportReleaseConsumerProguardFiles
Build & Public Release	Build Release APK	2026-02-01T20:26:50.3083329Z > Task :telemetry:generateReleaseResources FROM-CACHE
Build & Public Release	Build Release APK	2026-02-01T20:26:50.3084154Z > Task :presentation-widget:mergeReleaseGeneratedProguardFiles
Build & Public Release	Build Release APK	2026-02-01T20:26:50.3085011Z > Task :presentation-widget:exportReleaseConsumerProguardFiles
Build & Public Release	Build Release APK	2026-02-01T20:26:50.3085766Z > Task :telemetry:packageReleaseResources FROM-CACHE
Build & Public Release	Build Release APK	2026-02-01T20:26:50.3086378Z > Task :i18n-kmk:packageReleaseResources FROM-CACHE
Build & Public Release	Build Release APK	2026-02-01T20:26:50.4053050Z > Task :telemetry:parseReleaseLocalResources FROM-CACHE
Build & Public Release	Build Release APK	2026-02-01T20:26:50.4056011Z > Task :i18n-kmk:parseReleaseLocalResources FROM-CACHE
Build & Public Release	Build Release APK	2026-02-01T20:26:50.4057495Z > Task :telemetry:generateReleaseRFile FROM-CACHE
Build & Public Release	Build Release APK	2026-02-01T20:26:50.4059596Z > Task :core-metadata:writeReleaseAarMetadata
Build & Public Release	Build Release APK	2026-02-01T20:26:50.4060977Z > Task :i18n-kmk:generateReleaseRFile FROM-CACHE
Build & Public Release	Build Release APK	2026-02-01T20:26:50.4062274Z > Task :data:writeReleaseAarMetadata
Build & Public Release	Build Release APK	2026-02-01T20:26:50.4063264Z > Task :app:buildKotlinToolingMetadata
Build & Public Release	Build Release APK	2026-02-01T20:26:50.4064081Z > Task :telemetry:compileReleaseKotlin FROM-CACHE
Build & Public Release	Build Release APK	2026-02-01T20:26:50.4064891Z > Task :telemetry:javaPreCompileRelease FROM-CACHE
Build & Public Release	Build Release APK	2026-02-01T20:26:50.5042727Z > Task :telemetry:compileReleaseJavaWithJavac NO-SOURCE
Build & Public Release	Build Release APK	2026-02-01T20:26:50.5045970Z > Task :telemetry:mergeReleaseGeneratedProguardFiles
Build & Public Release	Build Release APK	2026-02-01T20:26:50.5050090Z > Task :domain:writeReleaseAarMetadata
Build & Public Release	Build Release APK	2026-02-01T20:26:50.6091249Z > Task :telemetry:exportReleaseConsumerProguardFiles
Build & Public Release	Build Release APK	2026-02-01T20:26:50.6094210Z > Task :flagkit:writeReleaseAarMetadata
Build & Public Release	Build Release APK	2026-02-01T20:26:50.6095363Z > Task :i18n-ank:writeReleaseAarMetadata
Build & Public Release	Build Release APK	2026-02-01T20:26:50.6095877Z > Task :i18n:writeReleaseAarMetadata
Build & Public Release	Build Release APK	2026-02-01T20:26:50.6104793Z > Task :app:checkKotlinGradlePluginConfigurationErrors SKIPPED
Build & Public Release	Build Release APK	2026-02-01T20:26:50.6105499Z > Task :i18n-kmk:compileReleaseKotlinAndroid FROM-CACHE
Build & Public Release	Build Release APK	2026-02-01T20:26:50.6106083Z > Task :i18n-sy:writeReleaseAarMetadata
Build & Public Release	Build Release APK	2026-02-01T20:26:50.6106630Z > Task :presentation-core:writeReleaseAarMetadata
Build & Public Release	Build Release APK	2026-02-01T20:26:50.6107228Z > Task :i18n-kmk:javaPreCompileRelease FROM-CACHE
Build & Public Release	Build Release APK	2026-02-01T20:26:50.7043545Z > Task :i18n-kmk:compileReleaseJavaWithJavac NO-SOURCE
Build & Public Release	Build Release APK	2026-02-01T20:26:50.7054195Z > Task :presentation-widget:writeReleaseAarMetadata
Build & Public Release	Build Release APK	2026-02-01T20:26:50.7058011Z > Task :i18n-kmk:mergeReleaseGeneratedProguardFiles
Build & Public Release	Build Release APK	2026-02-01T20:26:50.7062198Z > Task :source-api:writeReleaseAarMetadata
Build & Public Release	Build Release APK	2026-02-01T20:26:50.7066493Z > Task :i18n-kmk:exportReleaseConsumerProguardFiles
Build & Public Release	Build Release APK	2026-02-01T20:26:50.7074956Z > Task :source-local:writeReleaseAarMetadata
Build & Public Release	Build Release APK	2026-02-01T20:26:50.7077363Z > Task :i18n-kmk:writeReleaseAarMetadata
Build & Public Release	Build Release APK	2026-02-01T20:26:50.7080693Z > Task :telemetry:writeReleaseAarMetadata
Build & Public Release	Build Release APK	2026-02-01T20:26:50.7082699Z > Task :core:archive:writeReleaseAarMetadata
Build & Public Release	Build Release APK	2026-02-01T20:26:50.7088191Z > Task :core-metadata:extractDeepLinksRelease FROM-CACHE
Build & Public Release	Build Release APK	2026-02-01T20:26:50.7095276Z > Task :core:common:writeReleaseAarMetadata
Build & Public Release	Build Release APK	2026-02-01T20:26:50.7095935Z > Task :core-metadata:processReleaseManifest FROM-CACHE
Build & Public Release	Build Release APK	2026-02-01T20:26:50.7096550Z > Task :domain:extractDeepLinksRelease FROM-CACHE
Build & Public Release	Build Release APK	2026-02-01T20:26:50.7097078Z > Task :data:extractDeepLinksRelease FROM-CACHE
Build & Public Release	Build Release APK	2026-02-01T20:26:50.7097616Z > Task :domain:processReleaseManifest FROM-CACHE
Build & Public Release	Build Release APK	2026-02-01T20:26:50.7098179Z > Task :flagkit:extractDeepLinksRelease FROM-CACHE
Build & Public Release	Build Release APK	2026-02-01T20:26:50.7098790Z > Task :data:processReleaseManifest FROM-CACHE
Build & Public Release	Build Release APK	2026-02-01T20:26:50.8045779Z > Task :i18n:extractDeepLinksRelease FROM-CACHE
Build & Public Release	Build Release APK	2026-02-01T20:26:50.8046813Z > Task :flagkit:processReleaseManifest FROM-CACHE
Build & Public Release	Build Release APK	2026-02-01T20:26:50.8047637Z > Task :i18n-ank:extractDeepLinksRelease FROM-CACHE
Build & Public Release	Build Release APK	2026-02-01T20:26:50.8048395Z > Task :i18n:processReleaseManifest FROM-CACHE
Build & Public Release	Build Release APK	2026-02-01T20:26:50.8049139Z > Task :app:checkReleaseDuplicateClasses
Build & Public Release	Build Release APK	2026-02-01T20:26:50.8050039Z > Task :i18n-ank:processReleaseManifest FROM-CACHE
Build & Public Release	Build Release APK	2026-02-01T20:26:50.8055577Z > Task :i18n-kmk:extractDeepLinksRelease FROM-CACHE
Build & Public Release	Build Release APK	2026-02-01T20:26:50.8060116Z > Task :presentation-core:extractDeepLinksRelease FROM-CACHE
Build & Public Release	Build Release APK	2026-02-01T20:26:50.8101950Z > Task :i18n-sy:extractDeepLinksRelease FROM-CACHE
Build & Public Release	Build Release APK	2026-02-01T20:26:50.8115482Z > Task :i18n-kmk:processReleaseManifest FROM-CACHE
Build & Public Release	Build Release APK	2026-02-01T20:26:50.8120326Z > Task :presentation-widget:extractDeepLinksRelease FROM-CACHE
Build & Public Release	Build Release APK	2026-02-01T20:26:50.8124296Z > Task :i18n-sy:processReleaseManifest FROM-CACHE
Build & Public Release	Build Release APK	2026-02-01T20:26:50.8131926Z > Task :presentation-core:processReleaseManifest FROM-CACHE
Build & Public Release	Build Release APK	2026-02-01T20:26:50.8132588Z > Task :source-api:extractDeepLinksRelease FROM-CACHE
Build & Public Release	Build Release APK	2026-02-01T20:26:50.8133516Z > Task :presentation-widget:processReleaseManifest FROM-CACHE
Build & Public Release	Build Release APK	2026-02-01T20:26:50.8134126Z > Task :source-local:extractDeepLinksRelease FROM-CACHE
Build & Public Release	Build Release APK	2026-02-01T20:26:50.8134717Z > Task :source-api:processReleaseManifest FROM-CACHE
Build & Public Release	Build Release APK	2026-02-01T20:26:50.8135277Z > Task :telemetry:extractDeepLinksRelease FROM-CACHE
Build & Public Release	Build Release APK	2026-02-01T20:26:50.8135822Z > Task :source-local:processReleaseManifest FROM-CACHE
Build & Public Release	Build Release APK	2026-02-01T20:26:50.8143752Z > Task :core:archive:extractDeepLinksRelease FROM-CACHE
Build & Public Release	Build Release APK	2026-02-01T20:26:50.8144464Z > Task :core:common:extractDeepLinksRelease FROM-CACHE
Build & Public Release	Build Release APK	2026-02-01T20:26:50.8145016Z > Task :core:archive:processReleaseManifest FROM-CACHE
Build & Public Release	Build Release APK	2026-02-01T20:26:50.8149034Z > Task :telemetry:processReleaseManifest FROM-CACHE
Build & Public Release	Build Release APK	2026-02-01T20:26:50.8149818Z > Task :core:common:processReleaseManifest FROM-CACHE
Build & Public Release	Build Release APK	2026-02-01T20:26:50.8150306Z > Task :flagkit:bundleLibCompileToJarRelease
Build & Public Release	Build Release APK	2026-02-01T20:26:50.9070875Z > Task :i18n-kmk:bundleLibCompileToJarRelease
Build & Public Release	Build Release APK	2026-02-01T20:26:50.9071909Z > Task :data:bundleLibCompileToJarRelease
Build & Public Release	Build Release APK	2026-02-01T20:26:50.9072718Z > Task :presentation-widget:bundleLibCompileToJarRelease
Build & Public Release	Build Release APK	2026-02-01T20:26:50.9073467Z > Task :telemetry:bundleLibCompileToJarRelease
Build & Public Release	Build Release APK	2026-02-01T20:26:50.9074540Z > Task :core-metadata:bundleLibRuntimeToJarRelease
Build & Public Release	Build Release APK	2026-02-01T20:26:50.9075303Z > Task :source-local:bundleLibCompileToJarRelease
Build & Public Release	Build Release APK	2026-02-01T20:26:50.9076063Z > Task :app:dataBindingMergeDependencyArtifactsRelease
Build & Public Release	Build Release APK	2026-02-01T20:26:50.9079526Z > Task :app:generateReleaseResValues FROM-CACHE
Build & Public Release	Build Release APK	2026-02-01T20:26:50.9080290Z > Task :data:bundleLibRuntimeToJarRelease
Build & Public Release	Build Release APK	2026-02-01T20:26:50.9080955Z > Task :flagkit:bundleLibRuntimeToJarRelease
Build & Public Release	Build Release APK	2026-02-01T20:26:50.9081625Z > Task :i18n:bundleLibRuntimeToJarRelease
Build & Public Release	Build Release APK	2026-02-01T20:26:50.9082880Z > Task :domain:bundleLibRuntimeToJarRelease
Build & Public Release	Build Release APK	2026-02-01T20:26:50.9083720Z > Task :i18n-kmk:bundleLibRuntimeToJarRelease
Build & Public Release	Build Release APK	2026-02-01T20:26:50.9084721Z > Task :i18n-ank:bundleLibRuntimeToJarRelease
Build & Public Release	Build Release APK	2026-02-01T20:26:50.9085524Z > Task :i18n-sy:bundleLibRuntimeToJarRelease
Build & Public Release	Build Release APK	2026-02-01T20:26:51.0053378Z > Task :presentation-widget:bundleLibRuntimeToJarRelease
Build & Public Release	Build Release APK	2026-02-01T20:26:51.0054148Z > Task :presentation-core:bundleLibRuntimeToJarRelease
Build & Public Release	Build Release APK	2026-02-01T20:26:51.0054748Z > Task :source-api:bundleLibRuntimeToJarRelease
Build & Public Release	Build Release APK	2026-02-01T20:26:51.0055274Z > Task :core:archive:bundleLibRuntimeToJarRelease
Build & Public Release	Build Release APK	2026-02-01T20:26:51.0055824Z > Task :telemetry:bundleLibRuntimeToJarRelease
Build & Public Release	Build Release APK	2026-02-01T20:26:51.0056352Z > Task :source-local:bundleLibRuntimeToJarRelease
Build & Public Release	Build Release APK	2026-02-01T20:26:51.0056923Z > Task :core:common:bundleLibRuntimeToJarRelease
Build & Public Release	Build Release APK	2026-02-01T20:26:51.0057456Z > Task :core-metadata:processReleaseJavaRes
Build & Public Release	Build Release APK	2026-02-01T20:26:51.0057998Z > Task :app:generateReleaseResources FROM-CACHE
Build & Public Release	Build Release APK	2026-02-01T20:26:51.0058508Z > Task :data:processReleaseJavaRes
Build & Public Release	Build Release APK	2026-02-01T20:26:51.0058969Z > Task :flagkit:processReleaseJavaRes
Build & Public Release	Build Release APK	2026-02-01T20:26:51.0059720Z > Task :app:prepareLibraryDefinitionsRelease FROM-CACHE
Build & Public Release	Build Release APK	2026-02-01T20:26:51.0060312Z > Task :i18n:processReleaseJavaRes
Build & Public Release	Build Release APK	2026-02-01T20:26:51.0060786Z > Task :domain:processReleaseJavaRes
Build & Public Release	Build Release APK	2026-02-01T20:26:51.0061280Z > Task :i18n-ank:processReleaseJavaRes
Build & Public Release	Build Release APK	2026-02-01T20:26:51.1050555Z > Task :i18n-sy:processReleaseJavaRes
Build & Public Release	Build Release APK	2026-02-01T20:26:51.1065670Z > Task :i18n-kmk:processReleaseJavaRes
Build & Public Release	Build Release APK	2026-02-01T20:26:51.1066363Z > Task :presentation-core:processReleaseJavaRes
Build & Public Release	Build Release APK	2026-02-01T20:26:51.1067019Z > Task :presentation-widget:processReleaseJavaRes
Build & Public Release	Build Release APK	2026-02-01T20:26:51.1067599Z > Task :source-local:processReleaseJavaRes
Build & Public Release	Build Release APK	2026-02-01T20:26:51.1068137Z > Task :source-api:processReleaseJavaRes
Build & Public Release	Build Release APK	2026-02-01T20:26:51.1068638Z > Task :telemetry:processReleaseJavaRes
Build & Public Release	Build Release APK	2026-02-01T20:26:51.1069157Z > Task :core:archive:processReleaseJavaRes
Build & Public Release	Build Release APK	2026-02-01T20:26:51.2075521Z > Task :data:mergeReleaseShaders
Build & Public Release	Build Release APK	2026-02-01T20:26:51.2076375Z > Task :data:compileReleaseShaders NO-SOURCE
Build & Public Release	Build Release APK	2026-02-01T20:26:51.2076979Z > Task :data:generateReleaseAssets UP-TO-DATE
Build & Public Release	Build Release APK	2026-02-01T20:26:51.2077555Z > Task :core-metadata:mergeReleaseShaders
Build & Public Release	Build Release APK	2026-02-01T20:26:51.2078978Z > Task :core:common:processReleaseJavaRes
Build & Public Release	Build Release APK	2026-02-01T20:26:51.2080054Z > Task :core-metadata:compileReleaseShaders NO-SOURCE
Build & Public Release	Build Release APK	2026-02-01T20:26:51.2080734Z > Task :core-metadata:generateReleaseAssets UP-TO-DATE
Build & Public Release	Build Release APK	2026-02-01T20:26:51.2081301Z > Task :data:mergeReleaseAssets
Build & Public Release	Build Release APK	2026-02-01T20:26:51.2081771Z > Task :domain:mergeReleaseShaders
Build & Public Release	Build Release APK	2026-02-01T20:26:51.2082243Z > Task :core-metadata:mergeReleaseAssets
Build & Public Release	Build Release APK	2026-02-01T20:26:51.2082730Z > Task :domain:compileReleaseShaders NO-SOURCE
Build & Public Release	Build Release APK	2026-02-01T20:26:51.2083261Z > Task :domain:generateReleaseAssets UP-TO-DATE
Build & Public Release	Build Release APK	2026-02-01T20:26:51.2083744Z > Task :flagkit:mergeReleaseShaders
Build & Public Release	Build Release APK	2026-02-01T20:26:51.2084250Z > Task :flagkit:compileReleaseShaders NO-SOURCE
Build & Public Release	Build Release APK	2026-02-01T20:26:51.2084791Z > Task :flagkit:generateReleaseAssets UP-TO-DATE
Build & Public Release	Build Release APK	2026-02-01T20:26:51.2085317Z > Task :i18n:mergeReleaseShaders
Build & Public Release	Build Release APK	2026-02-01T20:26:51.2085789Z > Task :i18n:compileReleaseShaders NO-SOURCE
Build & Public Release	Build Release APK	2026-02-01T20:26:51.2086264Z > Task :i18n:generateReleaseAssets UP-TO-DATE
Build & Public Release	Build Release APK	2026-02-01T20:26:51.2086733Z > Task :i18n:releaseAssetsCopyForAGP NO-SOURCE
Build & Public Release	Build Release APK	2026-02-01T20:26:51.2087231Z > Task :flagkit:mergeReleaseAssets
Build & Public Release	Build Release APK	2026-02-01T20:26:51.2087675Z > Task :domain:mergeReleaseAssets
Build & Public Release	Build Release APK	2026-02-01T20:26:51.2088127Z > Task :i18n-kmk:mergeReleaseShaders
Build & Public Release	Build Release APK	2026-02-01T20:26:51.2088792Z > Task :i18n:mergeReleaseAssets
Build & Public Release	Build Release APK	2026-02-01T20:26:51.2089365Z > Task :i18n-ank:mergeReleaseShaders
Build & Public Release	Build Release APK	2026-02-01T20:26:51.2089853Z > Task :i18n-kmk:compileReleaseShaders NO-SOURCE
Build & Public Release	Build Release APK	2026-02-01T20:26:51.2090424Z > Task :i18n-kmk:generateReleaseAssets UP-TO-DATE
Build & Public Release	Build Release APK	2026-02-01T20:26:51.2091005Z > Task :i18n-kmk:releaseAssetsCopyForAGP NO-SOURCE
Build & Public Release	Build Release APK	2026-02-01T20:26:51.2091581Z > Task :i18n-ank:compileReleaseShaders NO-SOURCE
Build & Public Release	Build Release APK	2026-02-01T20:26:51.2092141Z > Task :i18n-ank:generateReleaseAssets UP-TO-DATE
Build & Public Release	Build Release APK	2026-02-01T20:26:51.2092660Z > Task :i18n-ank:releaseAssetsCopyForAGP NO-SOURCE
Build & Public Release	Build Release APK	2026-02-01T20:26:51.3058741Z > Task :i18n-sy:mergeReleaseShaders
Build & Public Release	Build Release APK	2026-02-01T20:26:51.3059411Z > Task :i18n-kmk:mergeReleaseAssets
Build & Public Release	Build Release APK	2026-02-01T20:26:51.3059913Z > Task :i18n-sy:compileReleaseShaders NO-SOURCE
Build & Public Release	Build Release APK	2026-02-01T20:26:51.3060485Z > Task :i18n-sy:generateReleaseAssets UP-TO-DATE
Build & Public Release	Build Release APK	2026-02-01T20:26:51.3061037Z > Task :i18n-sy:releaseAssetsCopyForAGP NO-SOURCE
Build & Public Release	Build Release APK	2026-02-01T20:26:51.3061496Z > Task :i18n-ank:mergeReleaseAssets
Build & Public Release	Build Release APK	2026-02-01T20:26:51.3061982Z > Task :presentation-core:mergeReleaseShaders
Build & Public Release	Build Release APK	2026-02-01T20:26:51.3062432Z > Task :i18n-sy:mergeReleaseAssets
Build & Public Release	Build Release APK	2026-02-01T20:26:51.3062956Z > Task :presentation-core:compileReleaseShaders NO-SOURCE
Build & Public Release	Build Release APK	2026-02-01T20:26:51.3063605Z > Task :presentation-core:generateReleaseAssets UP-TO-DATE
Build & Public Release	Build Release APK	2026-02-01T20:26:51.3064182Z > Task :presentation-widget:mergeReleaseShaders
Build & Public Release	Build Release APK	2026-02-01T20:26:51.3064760Z > Task :presentation-widget:compileReleaseShaders NO-SOURCE
Build & Public Release	Build Release APK	2026-02-01T20:26:51.3065431Z > Task :presentation-widget:generateReleaseAssets UP-TO-DATE
Build & Public Release	Build Release APK	2026-02-01T20:26:51.3066025Z > Task :source-api:mergeReleaseShaders
Build & Public Release	Build Release APK	2026-02-01T20:26:51.3066530Z > Task :source-api:compileReleaseShaders NO-SOURCE
Build & Public Release	Build Release APK	2026-02-01T20:26:51.3067066Z > Task :source-api:generateReleaseAssets UP-TO-DATE
Build & Public Release	Build Release APK	2026-02-01T20:26:51.3067635Z > Task :presentation-core:mergeReleaseAssets
Build & Public Release	Build Release APK	2026-02-01T20:26:51.3068148Z > Task :source-api:releaseAssetsCopyForAGP NO-SOURCE
Build & Public Release	Build Release APK	2026-02-01T20:26:51.3068738Z > Task :presentation-widget:mergeReleaseAssets
Build & Public Release	Build Release APK	2026-02-01T20:26:51.3069419Z > Task :source-local:mergeReleaseShaders
Build & Public Release	Build Release APK	2026-02-01T20:26:51.3069877Z > Task :source-api:mergeReleaseAssets
Build & Public Release	Build Release APK	2026-02-01T20:26:51.3070348Z > Task :telemetry:mergeReleaseShaders
Build & Public Release	Build Release APK	2026-02-01T20:26:51.3070838Z > Task :source-local:compileReleaseShaders NO-SOURCE
Build & Public Release	Build Release APK	2026-02-01T20:26:51.3071377Z > Task :source-local:generateReleaseAssets UP-TO-DATE
Build & Public Release	Build Release APK	2026-02-01T20:26:51.3071924Z > Task :telemetry:compileReleaseShaders NO-SOURCE
Build & Public Release	Build Release APK	2026-02-01T20:26:51.3072487Z > Task :telemetry:generateReleaseAssets UP-TO-DATE
Build & Public Release	Build Release APK	2026-02-01T20:26:51.3073075Z > Task :source-local:releaseAssetsCopyForAGP NO-SOURCE
Build & Public Release	Build Release APK	2026-02-01T20:26:51.3073566Z > Task :core:archive:mergeReleaseShaders
Build & Public Release	Build Release APK	2026-02-01T20:26:51.3074089Z > Task :core:archive:compileReleaseShaders NO-SOURCE
Build & Public Release	Build Release APK	2026-02-01T20:26:51.3074699Z > Task :core:archive:generateReleaseAssets UP-TO-DATE
Build & Public Release	Build Release APK	2026-02-01T20:26:51.3075682Z > Task :source-local:mergeReleaseAssets
Build & Public Release	Build Release APK	2026-02-01T20:26:51.3076148Z > Task :telemetry:mergeReleaseAssets
Build & Public Release	Build Release APK	2026-02-01T20:26:51.3077105Z > Task :core-metadata:stripReleaseDebugSymbols NO-SOURCE
Build & Public Release	Build Release APK	2026-02-01T20:26:51.3077770Z > Task :core:archive:mergeReleaseAssets
Build & Public Release	Build Release APK	2026-02-01T20:26:51.3078316Z > Task :core:common:mergeReleaseShaders
Build & Public Release	Build Release APK	2026-02-01T20:26:51.3078949Z > Task :core-metadata:copyReleaseJniLibsProjectAndLocalJars
Build & Public Release	Build Release APK	2026-02-01T20:26:51.3079867Z > Task :core-metadata:extractDeepLinksForAarRelease FROM-CACHE
Build & Public Release	Build Release APK	2026-02-01T20:26:51.3080585Z > Task :core:common:compileReleaseShaders NO-SOURCE
Build & Public Release	Build Release APK	2026-02-01T20:26:51.3081227Z > Task :core:common:generateReleaseAssets UP-TO-DATE
Build & Public Release	Build Release APK	2026-02-01T20:26:51.3081842Z > Task :i18n:compileReleaseLibraryResources FROM-CACHE
Build & Public Release	Build Release APK	2026-02-01T20:26:51.4052872Z > Task :i18n-sy:compileReleaseLibraryResources FROM-CACHE
Build & Public Release	Build Release APK	2026-02-01T20:26:51.4054182Z > Task :core:common:mergeReleaseAssets
Build & Public Release	Build Release APK	2026-02-01T20:26:51.4054902Z > Task :source-api:compileReleaseLibraryResources FROM-CACHE
Build & Public Release	Build Release APK	2026-02-01T20:26:51.4055677Z > Task :data:stripReleaseDebugSymbols NO-SOURCE
Build & Public Release	Build Release APK	2026-02-01T20:26:51.4056406Z > Task :core:common:compileReleaseLibraryResources FROM-CACHE
Build & Public Release	Build Release APK	2026-02-01T20:26:51.4057589Z > Task :data:copyReleaseJniLibsProjectAndLocalJars
Build & Public Release	Build Release APK	2026-02-01T20:26:51.4058328Z > Task :data:extractDeepLinksForAarRelease FROM-CACHE
Build & Public Release	Build Release APK	2026-02-01T20:26:51.4059080Z > Task :domain:compileReleaseLibraryResources FROM-CACHE
Build & Public Release	Build Release APK	2026-02-01T20:26:51.4059848Z > Task :i18n-ank:compileReleaseLibraryResources FROM-CACHE
Build & Public Release	Build Release APK	2026-02-01T20:26:51.4060420Z > Task :domain:stripReleaseDebugSymbols NO-SOURCE
Build & Public Release	Build Release APK	2026-02-01T20:26:51.4061083Z > Task :domain:copyReleaseJniLibsProjectAndLocalJars
Build & Public Release	Build Release APK	2026-02-01T20:26:51.4061730Z > Task :domain:extractDeepLinksForAarRelease FROM-CACHE
Build & Public Release	Build Release APK	2026-02-01T20:26:51.8054003Z > Task :app:prepareReleaseShortcutXML
Build & Public Release	Build Release APK	2026-02-01T20:26:52.9081715Z > Task :core-metadata:extractReleaseAnnotations FROM-CACHE
Build & Public Release	Build Release APK	2026-02-01T20:26:52.9086255Z > Task :core-metadata:mergeReleaseConsumerProguardFiles
Build & Public Release	Build Release APK	2026-02-01T20:26:53.0060631Z > Task :core-metadata:prepareLintJarForPublish
Build & Public Release	Build Release APK	2026-02-01T20:26:53.1040770Z > Task :data:extractReleaseAnnotations FROM-CACHE
Build & Public Release	Build Release APK	2026-02-01T20:26:53.1043676Z > Task :domain:extractReleaseAnnotations FROM-CACHE
Build & Public Release	Build Release APK	2026-02-01T20:26:53.2041443Z > Task :app:mergeReleaseResources FROM-CACHE
Build & Public Release	Build Release APK	2026-02-01T20:26:53.2050672Z > Task :data:mergeReleaseConsumerProguardFiles
Build & Public Release	Build Release APK	2026-02-01T20:26:53.2052246Z > Task :core-metadata:mergeReleaseJavaResource
Build & Public Release	Build Release APK	2026-02-01T20:26:53.2053581Z > Task :data:mergeReleaseJavaResource
Build & Public Release	Build Release APK	2026-02-01T20:26:53.2054847Z > Task :data:syncReleaseLibJars FROM-CACHE
Build & Public Release	Build Release APK	2026-02-01T20:26:53.2057564Z > Task :data:prepareLintJarForPublish
Build & Public Release	Build Release APK	2026-02-01T20:26:53.2058190Z > Task :domain:mergeReleaseConsumerProguardFiles
Build & Public Release	Build Release APK	2026-02-01T20:26:53.3060092Z > Task :domain:prepareLintJarForPublish
Build & Public Release	Build Release APK	2026-02-01T20:26:53.3130303Z > Task :app:dataBindingGenBaseClassesRelease FROM-CACHE
Build & Public Release	Build Release APK	2026-02-01T20:26:53.3131126Z > Task :data:mapReleaseSourceSetPaths
Build & Public Release	Build Release APK	2026-02-01T20:26:53.3131732Z > Task :core-metadata:mapReleaseSourceSetPaths
Build & Public Release	Build Release APK	2026-02-01T20:26:53.3132371Z > Task :domain:mergeReleaseJavaResource
Build & Public Release	Build Release APK	2026-02-01T20:26:53.3132969Z > Task :core-metadata:syncReleaseLibJars FROM-CACHE
Build & Public Release	Build Release APK	2026-02-01T20:26:53.3133621Z > Task :domain:syncReleaseLibJars FROM-CACHE
Build & Public Release	Build Release APK	2026-02-01T20:26:53.3134197Z > Task :app:generateReleaseBuildConfig
Build & Public Release	Build Release APK	2026-02-01T20:26:53.3134750Z > Task :core-metadata:bundleReleaseAar
Build & Public Release	Build Release APK	2026-02-01T20:26:53.4062654Z > Task :domain:bundleReleaseAar
Build & Public Release	Build Release APK	2026-02-01T20:26:53.4065829Z > Task :domain:mapReleaseSourceSetPaths
Build & Public Release	Build Release APK	2026-02-01T20:26:53.4068577Z > Task :data:bundleReleaseAar
Build & Public Release	Build Release APK	2026-02-01T20:26:53.6040928Z > Task :app:checkReleaseAarMetadata
Build & Public Release	Build Release APK	2026-02-01T20:26:53.7041080Z > Task :app:mapReleaseSourceSetPaths
Build & Public Release	Build Release APK	2026-02-01T20:26:53.7047787Z > Task :app:createReleaseCompatibleScreenManifests
Build & Public Release	Build Release APK	2026-02-01T20:26:53.7049431Z > Task :app:extractDeepLinksRelease FROM-CACHE
Build & Public Release	Build Release APK	2026-02-01T20:26:53.8052666Z > Task :domain:mergeReleaseResources FROM-CACHE
Build & Public Release	Build Release APK	2026-02-01T20:26:53.9041434Z > Task :core-metadata:mergeReleaseResources FROM-CACHE
Build & Public Release	Build Release APK	2026-02-01T20:26:54.0041294Z > Task :data:mergeReleaseResources FROM-CACHE
Build & Public Release	Build Release APK	2026-02-01T20:26:54.2085223Z > Task :core-metadata:verifyReleaseResources FROM-CACHE
Build & Public Release	Build Release APK	2026-02-01T20:26:54.2101935Z > Task :core-metadata:assembleRelease
Build & Public Release	Build Release APK	2026-02-01T20:26:54.2102999Z > Task :flagkit:stripReleaseDebugSymbols NO-SOURCE
Build & Public Release	Build Release APK	2026-02-01T20:26:54.2103926Z > Task :domain:verifyReleaseResources FROM-CACHE
Build & Public Release	Build Release APK	2026-02-01T20:26:54.2104766Z > Task :domain:assembleRelease
Build & Public Release	Build Release APK	2026-02-01T20:26:54.2105566Z > Task :flagkit:extractDeepLinksForAarRelease FROM-CACHE
Build & Public Release	Build Release APK	2026-02-01T20:26:54.2106477Z > Task :flagkit:copyReleaseJniLibsProjectAndLocalJars
Build & Public Release	Build Release APK	2026-02-01T20:26:54.2107331Z > Task :data:verifyReleaseResources FROM-CACHE
Build & Public Release	Build Release APK	2026-02-01T20:26:54.2108107Z > Task :data:assembleRelease
Build & Public Release	Build Release APK	2026-02-01T20:26:54.2108910Z > Task :i18n:stripReleaseDebugSymbols NO-SOURCE
Build & Public Release	Build Release APK	2026-02-01T20:26:54.2109942Z > Task :i18n-ank:stripReleaseDebugSymbols NO-SOURCE
Build & Public Release	Build Release APK	2026-02-01T20:26:54.2110795Z > Task :i18n-ank:copyReleaseJniLibsProjectAndLocalJars
Build & Public Release	Build Release APK	2026-02-01T20:26:54.2111671Z > Task :i18n:copyReleaseJniLibsProjectAndLocalJars
Build & Public Release	Build Release APK	2026-02-01T20:26:54.2112516Z > Task :app:processReleaseMainManifest FROM-CACHE
Build & Public Release	Build Release APK	2026-02-01T20:26:54.2113340Z > Task :flagkit:extractReleaseAnnotations FROM-CACHE
Build & Public Release	Build Release APK	2026-02-01T20:26:54.2114464Z > Task :i18n:extractDeepLinksForAarRelease FROM-CACHE
Build & Public Release	Build Release APK	2026-02-01T20:26:54.2115319Z > Task :flagkit:mergeReleaseConsumerProguardFiles
Build & Public Release	Build Release APK	2026-02-01T20:26:54.3053428Z > Task :i18n-ank:extractDeepLinksForAarRelease FROM-CACHE
Build & Public Release	Build Release APK	2026-02-01T20:26:54.3054515Z > Task :app:processReleaseManifest FROM-CACHE
Build & Public Release	Build Release APK	2026-02-01T20:26:54.3055314Z > Task :flagkit:prepareLintJarForPublish
Build & Public Release	Build Release APK	2026-02-01T20:26:54.3056193Z > Task :app:processReleaseManifestForPackage FROM-CACHE
Build & Public Release	Build Release APK	2026-02-01T20:26:54.3056963Z > Task :flagkit:mergeReleaseJavaResource
Build & Public Release	Build Release APK	2026-02-01T20:26:54.3057669Z > Task :flagkit:syncReleaseLibJars FROM-CACHE
Build & Public Release	Build Release APK	2026-02-01T20:26:54.3058418Z > Task :i18n-ank:extractReleaseAnnotations FROM-CACHE
Build & Public Release	Build Release APK	2026-02-01T20:26:54.3059374Z > Task :i18n-ank:mergeReleaseConsumerProguardFiles
Build & Public Release	Build Release APK	2026-02-01T20:26:54.3060156Z > Task :i18n:extractReleaseAnnotations FROM-CACHE
Build & Public Release	Build Release APK	2026-02-01T20:26:54.3060939Z > Task :i18n:mergeReleaseConsumerProguardFiles
Build & Public Release	Build Release APK	2026-02-01T20:26:54.4076285Z > Task :i18n-ank:prepareLintJarForPublish
Build & Public Release	Build Release APK	2026-02-01T20:26:54.4077793Z > Task :i18n:prepareLintJarForPublish
Build & Public Release	Build Release APK	2026-02-01T20:26:54.4079401Z > Task :i18n:mergeReleaseJavaResource
Build & Public Release	Build Release APK	2026-02-01T20:26:54.4080535Z > Task :i18n-ank:mergeReleaseJavaResource
Build & Public Release	Build Release APK	2026-02-01T20:26:54.4082398Z > Task :i18n:syncReleaseLibJars FROM-CACHE
Build & Public Release	Build Release APK	2026-02-01T20:26:54.4084246Z > Task :i18n-ank:syncReleaseLibJars FROM-CACHE
Build & Public Release	Build Release APK	2026-02-01T20:26:54.4085396Z > Task :flagkit:bundleReleaseAar
Build & Public Release	Build Release APK	2026-02-01T20:26:54.4086398Z > Task :i18n-ank:bundleReleaseAar
Build & Public Release	Build Release APK	2026-02-01T20:26:54.4087459Z > Task :flagkit:mapReleaseSourceSetPaths
Build & Public Release	Build Release APK	2026-02-01T20:26:54.5040926Z > Task :i18n-ank:mapReleaseSourceSetPaths
Build & Public Release	Build Release APK	2026-02-01T20:26:54.6042267Z > Task :i18n-ank:mergeReleaseResources FROM-CACHE
Build & Public Release	Build Release APK	2026-02-01T20:26:54.6043301Z > Task :i18n-ank:verifyReleaseResources FROM-CACHE
Build & Public Release	Build Release APK	2026-02-01T20:26:54.6044147Z > Task :i18n-ank:assembleRelease
Build & Public Release	Build Release APK	2026-02-01T20:26:54.6044911Z > Task :i18n-kmk:stripReleaseDebugSymbols NO-SOURCE
Build & Public Release	Build Release APK	2026-02-01T20:26:54.6045799Z > Task :i18n-kmk:copyReleaseJniLibsProjectAndLocalJars
Build & Public Release	Build Release APK	2026-02-01T20:26:54.6046688Z > Task :i18n-kmk:extractDeepLinksForAarRelease FROM-CACHE
Build & Public Release	Build Release APK	2026-02-01T20:26:54.6047593Z > Task :i18n-kmk:extractReleaseAnnotations FROM-CACHE
Build & Public Release	Build Release APK	2026-02-01T20:26:54.6048388Z > Task :i18n-kmk:mergeReleaseConsumerProguardFiles
Build & Public Release	Build Release APK	2026-02-01T20:26:54.6049184Z > Task :i18n-kmk:prepareLintJarForPublish
Build & Public Release	Build Release APK	2026-02-01T20:26:54.6050012Z > Task :i18n-kmk:mergeReleaseJavaResource
Build & Public Release	Build Release APK	2026-02-01T20:26:54.6050781Z > Task :i18n-kmk:syncReleaseLibJars FROM-CACHE
Build & Public Release	Build Release APK	2026-02-01T20:26:54.7041163Z > Task :i18n-kmk:bundleReleaseAar
Build & Public Release	Build Release APK	2026-02-01T20:26:54.7041876Z > Task :i18n:bundleReleaseAar
Build & Public Release	Build Release APK	2026-02-01T20:26:54.7042638Z > Task :i18n-kmk:mapReleaseSourceSetPaths
Build & Public Release	Build Release APK	2026-02-01T20:26:54.7043339Z > Task :i18n:mapReleaseSourceSetPaths
Build & Public Release	Build Release APK	2026-02-01T20:26:54.7044002Z > Task :i18n-sy:stripReleaseDebugSymbols NO-SOURCE
Build & Public Release	Build Release APK	2026-02-01T20:26:54.7044867Z > Task :i18n-sy:copyReleaseJniLibsProjectAndLocalJars
Build & Public Release	Build Release APK	2026-02-01T20:26:54.7046328Z > Task :i18n-sy:extractDeepLinksForAarRelease FROM-CACHE
Build & Public Release	Build Release APK	2026-02-01T20:26:54.8071822Z > Task :i18n-sy:extractReleaseAnnotations FROM-CACHE
Build & Public Release	Build Release APK	2026-02-01T20:26:54.8073289Z > Task :i18n-sy:mergeReleaseConsumerProguardFiles
Build & Public Release	Build Release APK	2026-02-01T20:26:54.8074152Z > Task :i18n-sy:prepareLintJarForPublish
Build & Public Release	Build Release APK	2026-02-01T20:26:54.8076815Z > Task :i18n-sy:mergeReleaseJavaResource
Build & Public Release	Build Release APK	2026-02-01T20:26:54.8078122Z > Task :i18n-sy:syncReleaseLibJars FROM-CACHE
Build & Public Release	Build Release APK	2026-02-01T20:26:54.8079102Z > Task :i18n-kmk:mergeReleaseResources FROM-CACHE
Build & Public Release	Build Release APK	2026-02-01T20:26:54.9071170Z > Task :i18n-sy:bundleReleaseAar
Build & Public Release	Build Release APK	2026-02-01T20:26:54.9073167Z > Task :i18n-sy:mapReleaseSourceSetPaths
Build & Public Release	Build Release APK	2026-02-01T20:26:54.9074104Z > Task :presentation-core:stripReleaseDebugSymbols NO-SOURCE
Build & Public Release	Build Release APK	2026-02-01T20:26:54.9075128Z > Task :presentation-core:copyReleaseJniLibsProjectAndLocalJars
Build & Public Release	Build Release APK	2026-02-01T20:26:54.9076028Z > Task :flagkit:mergeReleaseResources FROM-CACHE
Build & Public Release	Build Release APK	2026-02-01T20:26:54.9076908Z > Task :presentation-core:extractDeepLinksForAarRelease FROM-CACHE
Build & Public Release	Build Release APK	2026-02-01T20:26:55.0040627Z > Task :app:processReleaseResources FROM-CACHE
Build & Public Release	Build Release APK	2026-02-01T20:26:55.0041894Z > Task :presentation-core:extractReleaseAnnotations FROM-CACHE
Build & Public Release	Build Release APK	2026-02-01T20:26:55.0043184Z > Task :i18n-kmk:verifyReleaseResources FROM-CACHE
Build & Public Release	Build Release APK	2026-02-01T20:26:55.0046944Z > Task :i18n-kmk:assembleRelease
Build & Public Release	Build Release APK	2026-02-01T20:26:55.2042777Z > Task :i18n-sy:mergeReleaseResources FROM-CACHE
Build & Public Release	Build Release APK	2026-02-01T20:26:55.2045558Z > Task :flagkit:verifyReleaseResources FROM-CACHE
Build & Public Release	Build Release APK	2026-02-01T20:26:55.2048011Z > Task :flagkit:assembleRelease
Build & Public Release	Build Release APK	2026-02-01T20:26:55.2049368Z > Task :presentation-core:mergeReleaseConsumerProguardFiles
Build & Public Release	Build Release APK	2026-02-01T20:26:55.2052530Z > Task :presentation-core:prepareLintJarForPublish
Build & Public Release	Build Release APK	2026-02-01T20:26:55.2054825Z > Task :i18n-sy:verifyReleaseResources FROM-CACHE
Build & Public Release	Build Release APK	2026-02-01T20:26:55.2056702Z > Task :i18n-sy:assembleRelease
Build & Public Release	Build Release APK	2026-02-01T20:26:55.2058647Z > Task :presentation-widget:stripReleaseDebugSymbols NO-SOURCE
Build & Public Release	Build Release APK	2026-02-01T20:26:55.2059862Z > Task :presentation-widget:copyReleaseJniLibsProjectAndLocalJars
Build & Public Release	Build Release APK	2026-02-01T20:26:55.2061719Z > Task :presentation-core:mergeReleaseJavaResource
Build & Public Release	Build Release APK	2026-02-01T20:26:55.2063448Z > Task :presentation-widget:extractDeepLinksForAarRelease FROM-CACHE
Build & Public Release	Build Release APK	2026-02-01T20:26:55.2065133Z > Task :i18n:mergeReleaseResources FROM-CACHE
Build & Public Release	Build Release APK	2026-02-01T20:26:55.3042818Z > Task :presentation-core:mapReleaseSourceSetPaths
Build & Public Release	Build Release APK	2026-02-01T20:26:55.3046021Z > Task :presentation-core:syncReleaseLibJars FROM-CACHE
Build & Public Release	Build Release APK	2026-02-01T20:26:55.3049162Z > Task :presentation-widget:extractReleaseAnnotations FROM-CACHE
Build & Public Release	Build Release APK	2026-02-01T20:26:55.3051339Z > Task :i18n:verifyReleaseResources FROM-CACHE
Build & Public Release	Build Release APK	2026-02-01T20:26:55.3051916Z > Task :i18n:assembleRelease
Build & Public Release	Build Release APK	2026-02-01T20:26:55.3053598Z > Task :source-api:stripReleaseDebugSymbols NO-SOURCE
Build & Public Release	Build Release APK	2026-02-01T20:26:55.3054456Z > Task :presentation-widget:mergeReleaseConsumerProguardFiles
Build & Public Release	Build Release APK	2026-02-01T20:26:55.3055267Z > Task :source-api:copyReleaseJniLibsProjectAndLocalJars
Build & Public Release	Build Release APK	2026-02-01T20:26:55.3055994Z > Task :presentation-widget:prepareLintJarForPublish
Build & Public Release	Build Release APK	2026-02-01T20:26:55.4041544Z > Task :source-api:extractDeepLinksForAarRelease FROM-CACHE
Build & Public Release	Build Release APK	2026-02-01T20:26:55.4042674Z > Task :presentation-widget:mergeReleaseJavaResource
Build & Public Release	Build Release APK	2026-02-01T20:26:55.4043688Z > Task :presentation-widget:syncReleaseLibJars FROM-CACHE
Build & Public Release	Build Release APK	2026-02-01T20:26:55.4044605Z > Task :presentation-core:bundleReleaseAar
Build & Public Release	Build Release APK	2026-02-01T20:26:55.4045395Z > Task :source-api:extractReleaseAnnotations FROM-CACHE
Build & Public Release	Build Release APK	2026-02-01T20:26:55.4046261Z > Task :source-api:mergeReleaseConsumerProguardFiles
Build & Public Release	Build Release APK	2026-02-01T20:26:55.4047071Z > Task :presentation-widget:bundleReleaseAar
Build & Public Release	Build Release APK	2026-02-01T20:26:55.5040949Z > Task :source-api:prepareLintJarForPublish
Build & Public Release	Build Release APK	2026-02-01T20:26:55.6092364Z > Task :source-api:mergeReleaseJavaResource
Build & Public Release	Build Release APK	2026-02-01T20:26:55.6095299Z > Task :source-api:syncReleaseLibJars FROM-CACHE
Build & Public Release	Build Release APK	2026-02-01T20:26:55.6096698Z > Task :presentation-widget:mapReleaseSourceSetPaths
Build & Public Release	Build Release APK	2026-02-01T20:26:55.6097971Z > Task :source-api:bundleReleaseAar
Build & Public Release	Build Release APK	2026-02-01T20:26:55.6099177Z > Task :source-api:mapReleaseSourceSetPaths
Build & Public Release	Build Release APK	2026-02-01T20:26:55.7041037Z > Task :presentation-core:mergeReleaseResources FROM-CACHE
Build & Public Release	Build Release APK	2026-02-01T20:26:56.0041624Z > Task :presentation-core:verifyReleaseResources FROM-CACHE
Build & Public Release	Build Release APK	2026-02-01T20:26:56.0042878Z > Task :presentation-core:assembleRelease
Build & Public Release	Build Release APK	2026-02-01T20:26:56.0043780Z > Task :presentation-core:compileReleaseLibraryResources FROM-CACHE
Build & Public Release	Build Release APK	2026-02-01T20:26:56.0044673Z > Task :source-local:stripReleaseDebugSymbols NO-SOURCE
Build & Public Release	Build Release APK	2026-02-01T20:26:56.0045406Z > Task :source-local:copyReleaseJniLibsProjectAndLocalJars
Build & Public Release	Build Release APK	2026-02-01T20:26:56.0046333Z > Task :source-local:extractDeepLinksForAarRelease FROM-CACHE
Build & Public Release	Build Release APK	2026-02-01T20:26:56.0047195Z > Task :source-local:extractReleaseAnnotations FROM-CACHE
Build & Public Release	Build Release APK	2026-02-01T20:26:56.1041500Z > Task :source-local:mergeReleaseConsumerProguardFiles
Build & Public Release	Build Release APK	2026-02-01T20:26:56.1042642Z > Task :source-local:prepareLintJarForPublish
Build & Public Release	Build Release APK	2026-02-01T20:26:56.1043489Z > Task :source-local:mergeReleaseJavaResource
Build & Public Release	Build Release APK	2026-02-01T20:26:56.1044166Z > Task :app:javaPreCompileRelease FROM-CACHE
Build & Public Release	Build Release APK	2026-02-01T20:26:56.1044856Z > Task :app:extractProguardFiles
Build & Public Release	Build Release APK	2026-02-01T20:26:56.1045456Z > Task :app:mergeReleaseStartupProfile
Build & Public Release	Build Release APK	2026-02-01T20:26:56.1046114Z > Task :app:generateReleaseAssets UP-TO-DATE
Build & Public Release	Build Release APK	2026-02-01T20:26:56.2041106Z > Task :source-api:mergeReleaseResources FROM-CACHE
Build & Public Release	Build Release APK	2026-02-01T20:26:56.3041389Z > Task :presentation-widget:mergeReleaseResources FROM-CACHE
Build & Public Release	Build Release APK	2026-02-01T20:26:56.3044504Z > Task :source-api:verifyReleaseResources FROM-CACHE
Build & Public Release	Build Release APK	2026-02-01T20:26:56.3047267Z > Task :source-api:assembleRelease
Build & Public Release	Build Release APK	2026-02-01T20:26:56.3050299Z > Task :source-local:syncReleaseLibJars FROM-CACHE
Build & Public Release	Build Release APK	2026-02-01T20:26:56.4053520Z > Task :source-local:bundleReleaseAar
Build & Public Release	Build Release APK	2026-02-01T20:26:56.4056846Z > Task :core-metadata:compileReleaseLibraryResources FROM-CACHE
Build & Public Release	Build Release APK	2026-02-01T20:26:56.4057867Z > Task :source-local:mapReleaseSourceSetPaths
Build & Public Release	Build Release APK	2026-02-01T20:26:56.5070549Z > Task :app:mergeReleaseAssets
Build & Public Release	Build Release APK	2026-02-01T20:26:56.6041147Z > Task :app:compressReleaseAssets FROM-CACHE
Build & Public Release	Build Release APK	2026-02-01T20:26:56.8041783Z > Task :app:extractReleaseVersionControlInfo
Build & Public Release	Build Release APK	2026-02-01T20:26:56.8043501Z > Task :app:validateSigningRelease
Build & Public Release	Build Release APK	2026-02-01T20:26:56.8044754Z > Task :app:writeReleaseAppMetadata
Build & Public Release	Build Release APK	2026-02-01T20:26:56.8047595Z > Task :source-local:mergeReleaseResources FROM-CACHE
Build & Public Release	Build Release APK	2026-02-01T20:26:56.8050044Z > Task :core:archive:compileReleaseLibraryResources FROM-CACHE
Build & Public Release	Build Release APK	2026-02-01T20:26:56.8051920Z > Task :app:writeReleaseSigningConfigVersions
Build & Public Release	Build Release APK	2026-02-01T20:26:56.8053728Z > Task :telemetry:stripReleaseDebugSymbols NO-SOURCE
Build & Public Release	Build Release APK	2026-02-01T20:26:56.8055623Z > Task :telemetry:copyReleaseJniLibsProjectAndLocalJars
Build & Public Release	Build Release APK	2026-02-01T20:26:56.8057543Z > Task :telemetry:extractDeepLinksForAarRelease FROM-CACHE
Build & Public Release	Build Release APK	2026-02-01T20:26:56.8059014Z > Task :telemetry:extractReleaseAnnotations FROM-CACHE
Build & Public Release	Build Release APK	2026-02-01T20:26:56.9075382Z > Task :telemetry:mergeReleaseConsumerProguardFiles
Build & Public Release	Build Release APK	2026-02-01T20:26:56.9076381Z > Task :telemetry:prepareLintJarForPublish
Build & Public Release	Build Release APK	2026-02-01T20:26:56.9077046Z > Task :telemetry:mergeReleaseJavaResource
Build & Public Release	Build Release APK	2026-02-01T20:26:57.0082872Z > Task :telemetry:syncReleaseLibJars FROM-CACHE
Build & Public Release	Build Release APK	2026-02-01T20:26:57.0083849Z > Task :telemetry:bundleReleaseAar
Build & Public Release	Build Release APK	2026-02-01T20:26:57.0084466Z > Task :telemetry:mapReleaseSourceSetPaths
Build & Public Release	Build Release APK	2026-02-01T20:26:57.0085194Z > Task :telemetry:mergeReleaseResources FROM-CACHE
Build & Public Release	Build Release APK	2026-02-01T20:26:57.0124869Z > Task :telemetry:verifyReleaseResources FROM-CACHE
Build & Public Release	Build Release APK	2026-02-01T20:26:57.0125844Z > Task :telemetry:assembleRelease
Build & Public Release	Build Release APK	2026-02-01T20:26:57.0127054Z > Task :core:archive:stripReleaseDebugSymbols NO-SOURCE
Build & Public Release	Build Release APK	2026-02-01T20:26:57.0127937Z > Task :core:archive:copyReleaseJniLibsProjectAndLocalJars
Build & Public Release	Build Release APK	2026-02-01T20:26:57.0128768Z > Task :source-local:verifyReleaseResources FROM-CACHE
Build & Public Release	Build Release APK	2026-02-01T20:26:57.0129664Z > Task :source-local:assembleRelease
Build & Public Release	Build Release APK	2026-02-01T20:26:57.0130366Z > Task :presentation-widget:verifyReleaseResources FROM-CACHE
Build & Public Release	Build Release APK	2026-02-01T20:26:57.0131128Z > Task :presentation-widget:assembleRelease
Build & Public Release	Build Release APK	2026-02-01T20:26:57.0131885Z > Task :core:archive:extractDeepLinksForAarRelease FROM-CACHE
Build & Public Release	Build Release APK	2026-02-01T20:26:57.0132675Z > Task :core:common:stripReleaseDebugSymbols NO-SOURCE
Build & Public Release	Build Release APK	2026-02-01T20:26:57.0133755Z > Task :core:common:extractDeepLinksForAarRelease FROM-CACHE
Build & Public Release	Build Release APK	2026-02-01T20:26:57.0134570Z > Task :core:common:copyReleaseJniLibsProjectAndLocalJars
Build & Public Release	Build Release APK	2026-02-01T20:26:57.1082906Z > Task :core:archive:extractReleaseAnnotations FROM-CACHE
Build & Public Release	Build Release APK	2026-02-01T20:26:57.1103403Z > Task :core:archive:mergeReleaseConsumerProguardFiles
Build & Public Release	Build Release APK	2026-02-01T20:26:57.1104187Z > Task :core:archive:prepareLintJarForPublish
Build & Public Release	Build Release APK	2026-02-01T20:26:57.1104790Z > Task :core:archive:mergeReleaseJavaResource
Build & Public Release	Build Release APK	2026-02-01T20:26:57.1105411Z > Task :core:archive:mapReleaseSourceSetPaths
Build & Public Release	Build Release APK	2026-02-01T20:26:57.1106065Z > Task :core:archive:syncReleaseLibJars FROM-CACHE
Build & Public Release	Build Release APK	2026-02-01T20:26:57.2041491Z > Task :core:archive:bundleReleaseAar
Build & Public Release	Build Release APK	2026-02-01T20:26:57.2044916Z > Task :core:common:extractReleaseAnnotations FROM-CACHE
Build & Public Release	Build Release APK	2026-02-01T20:26:57.2045956Z > Task :core:common:mergeReleaseConsumerProguardFiles
Build & Public Release	Build Release APK	2026-02-01T20:26:57.2046713Z > Task :core:common:prepareLintJarForPublish
Build & Public Release	Build Release APK	2026-02-01T20:26:57.2047415Z > Task :core:common:mergeReleaseJavaResource
Build & Public Release	Build Release APK	2026-02-01T20:26:57.2048088Z > Task :core:common:mapReleaseSourceSetPaths
Build & Public Release	Build Release APK	2026-02-01T20:26:57.2048773Z > Task :core:common:syncReleaseLibJars FROM-CACHE
Build & Public Release	Build Release APK	2026-02-01T20:26:57.3040797Z > Task :core:common:bundleReleaseAar
Build & Public Release	Build Release APK	2026-02-01T20:26:57.5048679Z > Task :core:archive:mergeReleaseResources FROM-CACHE
Build & Public Release	Build Release APK	2026-02-01T20:26:57.6082184Z > Task :core:common:mergeReleaseResources FROM-CACHE
Build & Public Release	Build Release APK	2026-02-01T20:26:57.7041077Z > Task :core:archive:verifyReleaseResources FROM-CACHE
Build & Public Release	Build Release APK	2026-02-01T20:26:57.7042123Z > Task :core:archive:assembleRelease
Build & Public Release	Build Release APK	2026-02-01T20:26:57.8041170Z > Task :core:common:verifyReleaseResources FROM-CACHE
Build & Public Release	Build Release APK	2026-02-01T20:26:57.8042244Z > Task :core:common:assembleRelease
Build & Public Release	Build Release APK	2026-02-01T20:27:25.0040944Z > Task :app:compileReleaseKotlin
Build & Public Release	Build Release APK	2026-02-01T20:27:37.7061978Z e: file:///home/runner/work/AniZen/AniZen/app/src/main/java/eu/kanade/presentation/anime/components/AnimeInfoHeader.kt:435:18 Property delegate must have a 'getValue(Nothing?, KProperty0<*>)' method. None of the following functions is applicable:
Build & Public Release	Build Release APK	2026-02-01T20:27:37.7064446Z fun FloatState.getValue(thisObj: Any?, property: KProperty<*>): Float
Build & Public Release	Build Release APK	2026-02-01T20:27:37.7065566Z fun DoubleState.getValue(thisObj: Any?, property: KProperty<*>): Double
Build & Public Release	Build Release APK	2026-02-01T20:27:37.7066542Z fun IntState.getValue(thisObj: Any?, property: KProperty<*>): Int
Build & Public Release	Build Release APK	2026-02-01T20:27:37.7067546Z fun LongState.getValue(thisObj: Any?, property: KProperty<*>): Long
Build & Public Release	Build Release APK	2026-02-01T20:27:37.7068472Z fun <T> State<T>.getValue(thisObj: Any?, property: KProperty<*>): T
Build & Public Release	Build Release APK	2026-02-01T20:27:37.7070305Z e: file:///home/runner/work/AniZen/AniZen/app/src/main/java/eu/kanade/presentation/anime/components/AnimeInfoHeader.kt:435:46 Cannot infer type for type parameter 'T'. Specify it explicitly.
Build & Public Release	Build Release APK	2026-02-01T20:27:37.7073158Z e: file:///home/runner/work/AniZen/AniZen/app/src/main/java/eu/kanade/presentation/anime/components/AnimeInfoHeader.kt:435:46 Unresolved reference. None of the following candidates is applicable because of a receiver type mismatch:
Build & Public Release	Build Release APK	2026-02-01T20:27:37.7075362Z fun <T> StateFlow<T>.collectAsState(context: CoroutineContext = ...): State<T>
Build & Public Release	Build Release APK	2026-02-01T20:27:37.7077466Z e: file:///home/runner/work/AniZen/AniZen/app/src/main/java/eu/kanade/presentation/anime/components/AnimeInfoHeader.kt:436:29 Property delegate must have a 'getValue(Nothing?, KProperty0<*>)' method. None of the following functions is applicable:
Build & Public Release	Build Release APK	2026-02-01T20:27:37.7080410Z fun FloatState.getValue(thisObj: Any?, property: KProperty<*>): Float
Build & Public Release	Build Release APK	2026-02-01T20:27:37.7081320Z fun DoubleState.getValue(thisObj: Any?, property: KProperty<*>): Double
Build & Public Release	Build Release APK	2026-02-01T20:27:37.7082212Z fun IntState.getValue(thisObj: Any?, property: KProperty<*>): Int
Build & Public Release	Build Release APK	2026-02-01T20:27:37.7083051Z fun LongState.getValue(thisObj: Any?, property: KProperty<*>): Long
Build & Public Release	Build Release APK	2026-02-01T20:27:37.7083867Z fun <T> State<T>.getValue(thisObj: Any?, property: KProperty<*>): T
Build & Public Release	Build Release APK	2026-02-01T20:27:37.7085477Z e: file:///home/runner/work/AniZen/AniZen/app/src/main/java/eu/kanade/presentation/anime/components/AnimeInfoHeader.kt:436:68 Cannot infer type for type parameter 'T'. Specify it explicitly.
Build & Public Release	Build Release APK	2026-02-01T20:27:37.7088503Z e: file:///home/runner/work/AniZen/AniZen/app/src/main/java/eu/kanade/presentation/anime/components/AnimeInfoHeader.kt:436:68 Unresolved reference. None of the following candidates is applicable because of a receiver type mismatch:
Build & Public Release	Build Release APK	2026-02-01T20:27:37.7090637Z fun <T> StateFlow<T>.collectAsState(context: CoroutineContext = ...): State<T>
Build & Public Release	Build Release APK	2026-02-01T20:27:37.7092247Z e: file:///home/runner/work/AniZen/AniZen/app/src/main/java/eu/kanade/presentation/anime/components/AnimeInfoHeader.kt:438:9 Unresolved reference 'not' for operator '!'.
Build & Public Release	Build Release APK	2026-02-01T20:27:37.7094386Z e: file:///home/runner/work/AniZen/AniZen/app/src/main/java/eu/kanade/presentation/anime/components/AnimeInfoHeader.kt:438:22 Unresolved reference 'not' for operator '!'.
Build & Public Release	Build Release APK	2026-02-01T20:27:37.8043888Z 
Build & Public Release	Build Release APK	2026-02-01T20:27:37.8046767Z > Task :app:compileReleaseKotlin FAILED
Build & Public Release	Build Release APK	2026-02-01T20:27:37.8050213Z gradle/actions: Writing build results to /home/runner/work/_temp/.gradle-actions/build-results/__run_2-1769977590107.json
Build & Public Release	Build Release APK	2026-02-01T20:27:37.9049425Z 
Build & Public Release	Build Release APK	2026-02-01T20:27:37.9049494Z 
Build & Public Release	Build Release APK	2026-02-01T20:27:37.9052729Z [Incubating] Problems report is available at: file:///home/runner/work/AniZen/AniZen/build/reports/problems/problems-report.html
Build & Public Release	Build Release APK	2026-02-01T20:27:37.9077009Z 
Build & Public Release	Build Release APK	2026-02-01T20:27:37.9080247Z Deprecated Gradle features were used in this build, making it incompatible with Gradle 9.0.
Build & Public Release	Build Release APK	2026-02-01T20:27:37.9085161Z FAILURE: Build failed with an exception.
Build & Public Release	Build Release APK	2026-02-01T20:27:37.9085539Z 
Build & Public Release	Build Release APK	2026-02-01T20:27:37.9085705Z * What went wrong:
Build & Public Release	Build Release APK	2026-02-01T20:27:37.9086213Z Execution failed for task ':app:compileReleaseKotlin'.
Build & Public Release	Build Release APK	2026-02-01T20:27:37.9087481Z > A failure occurred while executing org.jetbrains.kotlin.compilerRunner.GradleCompilerRunnerWithWorkers$GradleKotlinCompilerWorkAction
Build & Public Release	Build Release APK	2026-02-01T20:27:37.9088677Z    > Compilation error. See log for more details
Build & Public Release	Build Release APK	2026-02-01T20:27:37.9089058Z 
Build & Public Release	Build Release APK	2026-02-01T20:27:37.9089367Z * Try:
Build & Public Release	Build Release APK	2026-02-01T20:27:37.9089829Z > Run with --stacktrace option to get the stack trace.
Build & Public Release	Build Release APK	2026-02-01T20:27:37.9090551Z > Run with --info or --debug option to get more log output.
Build & Public Release	Build Release APK	2026-02-01T20:27:37.9091181Z > Run with --scan to get full insights.
Build & Public Release	Build Release APK	2026-02-01T20:27:37.9095273Z > Get more help at https://help.gradle.org.
Build & Public Release	Build Release APK	2026-02-01T20:27:37.9095684Z 
Build & Public Release	Build Release APK	2026-02-01T20:27:37.9095856Z BUILD FAILED in 1m 10s
Build & Public Release	Build Release APK	2026-02-01T20:27:37.9096128Z 
Build & Public Release	Build Release APK	2026-02-01T20:27:37.9096857Z You can use '--warning-mode all' to show the individual deprecation warnings and determine if they come from your own scripts or plugins.
Build & Public Release	Build Release APK	2026-02-01T20:27:37.9097733Z 
Build & Public Release	Build Release APK	2026-02-01T20:27:37.9098570Z For more on this, please refer to https://docs.gradle.org/8.14.3/userguide/command_line_interface.html#sec:command_line_warnings in the Gradle documentation.
Build & Public Release	Build Release APK	2026-02-01T20:27:37.9100010Z 544 actionable tasks: 281 executed, 254 from cache, 9 up-to-date
Build & Public Release	Build Release APK	2026-02-01T20:27:38.4066426Z ##[error]Process completed with exit code 1.
Build & Public Release	Post Set up Gradle	ï»¿2026-02-01T20:27:38.4239854Z Post job cleanup.
Build & Public Release	Post Set up Gradle	2026-02-01T20:27:38.7188205Z In post-action step
Build & Public Release	Post Set up Gradle	2026-02-01T20:27:38.7199155Z ##[group]Stopping Gradle daemons
Build & Public Release	Post Set up Gradle	2026-02-01T20:27:38.7200470Z Stopping Gradle daemons for /home/runner/.gradle/wrapper/dists/gradle-8.14.3-bin/cv11ve7ro1n3o1j4so8xd9n66/gradle-8.14.3
Build & Public Release	Post Set up Gradle	2026-02-01T20:27:38.7217381Z [command]/home/runner/.gradle/wrapper/dists/gradle-8.14.3-bin/cv11ve7ro1n3o1j4so8xd9n66/gradle-8.14.3/bin/gradle --stop
Build & Public Release	Post Set up Gradle	2026-02-01T20:27:39.2926724Z No Gradle daemons are running.
Build & Public Release	Post Set up Gradle	2026-02-01T20:27:39.2993970Z ##[endgroup]
Build & Public Release	Post Set up Gradle	2026-02-01T20:27:39.2994764Z Not performing cache-cleanup due to build failure
Build & Public Release	Post Set up Gradle	2026-02-01T20:27:39.2996022Z ##[group]Caching Gradle state
Build & Public Release	Post Set up Gradle	2026-02-01T20:27:46.3506508Z [command]/usr/bin/tar --posix -cf cache.tzst --exclude cache.tzst -P -C /home/runner/work/AniZen/AniZen --files-from manifest.txt --use-compress-program zstdmt
Build & Public Release	Post Set up Gradle	2026-02-01T20:27:48.1578325Z Sent 12299889 of 280735345 (4.4%), 11.7 MBs/sec
Build & Public Release	Post Set up Gradle	2026-02-01T20:27:48.6921370Z Sent 280735345 of 280735345 (100.0%), 174.5 MBs/sec
Build & Public Release	Post Set up Gradle	2026-02-01T20:27:48.8497409Z Saved cache entry with key gradle-home-v1|Linux-X64|build-release[16cd6cc2a04430ca045959c87cb8ce3a]-af9addc21690b5bea61c1a1ab688e54bf48c5487 from /home/runner/.gradle/caches,/home/runner/.gradle/notifications,/home/runner/.gradle/.setup-gradle in 2512ms
Build & Public Release	Post Set up Gradle	2026-02-01T20:27:48.8500349Z ##[endgroup]
Build & Public Release	Post Set up Gradle	2026-02-01T20:27:48.8505308Z Generating Job Summary
Build & Public Release	Post Set up Gradle	2026-02-01T20:27:48.8518602Z Completed post-action step
Build & Public Release	Post Set up JDK	ï»¿2026-02-01T20:27:48.8689008Z Post job cleanup.
Build & Public Release	Post Clone repo	ï»¿2026-02-01T20:27:49.0347165Z Post job cleanup.
Build & Public Release	Post Clone repo	2026-02-01T20:27:49.1235936Z [command]/usr/bin/git version
Build & Public Release	Post Clone repo	2026-02-01T20:27:49.1268555Z git version 2.52.0
Build & Public Release	Post Clone repo	2026-02-01T20:27:49.1308752Z Temporarily overriding HOME='/home/runner/work/_temp/6dace64a-fd7b-49b5-b30e-5d41780e1f98' before making global git config changes
Build & Public Release	Post Clone repo	2026-02-01T20:27:49.1310274Z Adding repository directory to the temporary git global config as a safe directory
Build & Public Release	Post Clone repo	2026-02-01T20:27:49.1323304Z [command]/usr/bin/git config --global --add safe.directory /home/runner/work/AniZen/AniZen
Build & Public Release	Post Clone repo	2026-02-01T20:27:49.1356072Z [command]/usr/bin/git config --local --name-only --get-regexp core\.sshCommand
Build & Public Release	Post Clone repo	2026-02-01T20:27:49.1387659Z [command]/usr/bin/git submodule foreach --recursive sh -c "git config --local --name-only --get-regexp 'core\.sshCommand' && git config --local --unset-all 'core.sshCommand' || :"
Build & Public Release	Post Clone repo	2026-02-01T20:27:49.1582093Z [command]/usr/bin/git config --local --name-only --get-regexp http\.https\:\/\/github\.com\/\.extraheader
Build & Public Release	Post Clone repo	2026-02-01T20:27:49.1602504Z http.https://github.com/.extraheader
Build & Public Release	Post Clone repo	2026-02-01T20:27:49.1613456Z [command]/usr/bin/git config --local --unset-all http.https://github.com/.extraheader
Build & Public Release	Post Clone repo	2026-02-01T20:27:49.1641704Z [command]/usr/bin/git submodule foreach --recursive sh -c "git config --local --name-only --get-regexp 'http\.https\:\/\/github\.com\/\.extraheader' && git config --local --unset-all 'http.https://github.com/.extraheader' || :"
Build & Public Release	Post Clone repo	2026-02-01T20:27:49.1827255Z [command]/usr/bin/git config --local --name-only --get-regexp ^includeIf\.gitdir:
Build & Public Release	Post Clone repo	2026-02-01T20:27:49.1855218Z [command]/usr/bin/git submodule foreach --recursive git config --local --show-origin --name-only --get-regexp remote.origin.url
Build & Public Release	Complete job	ï»¿2026-02-01T20:27:49.2132948Z Cleaning up orphan processes
