Build & Public Release	Set up job	ï»¿2026-02-01T17:20:40.3729731Z Current runner version: '2.331.0'
Build & Public Release	Set up job	2026-02-01T17:20:40.3753217Z ##[group]Runner Image Provisioner
Build & Public Release	Set up job	2026-02-01T17:20:40.3754264Z Hosted Compute Agent
Build & Public Release	Set up job	2026-02-01T17:20:40.3754906Z Version: 20260123.484
Build & Public Release	Set up job	2026-02-01T17:20:40.3755505Z Commit: 6bd6555ca37d84114959e1c76d2c01448ff61c5d
Build & Public Release	Set up job	2026-02-01T17:20:40.3756153Z Build Date: 2026-01-23T19:41:17Z
Build & Public Release	Set up job	2026-02-01T17:20:40.3756851Z Worker ID: {3f5438db-b90c-492e-b399-f776b7532dec}
Build & Public Release	Set up job	2026-02-01T17:20:40.3757548Z Azure Region: eastus
Build & Public Release	Set up job	2026-02-01T17:20:40.3758042Z ##[endgroup]
Build & Public Release	Set up job	2026-02-01T17:20:40.3759535Z ##[group]Operating System
Build & Public Release	Set up job	2026-02-01T17:20:40.3760117Z Ubuntu
Build & Public Release	Set up job	2026-02-01T17:20:40.3760594Z 24.04.3
Build & Public Release	Set up job	2026-02-01T17:20:40.3761056Z LTS
Build & Public Release	Set up job	2026-02-01T17:20:40.3761561Z ##[endgroup]
Build & Public Release	Set up job	2026-02-01T17:20:40.3762022Z ##[group]Runner Image
Build & Public Release	Set up job	2026-02-01T17:20:40.3762600Z Image: ubuntu-24.04
Build & Public Release	Set up job	2026-02-01T17:20:40.3763133Z Version: 20260126.10.1
Build & Public Release	Set up job	2026-02-01T17:20:40.3764320Z Included Software: https://github.com/actions/runner-images/blob/ubuntu24/20260126.10/images/ubuntu/Ubuntu2404-Readme.md
Build & Public Release	Set up job	2026-02-01T17:20:40.3766313Z Image Release: https://github.com/actions/runner-images/releases/tag/ubuntu24%2F20260126.10
Build & Public Release	Set up job	2026-02-01T17:20:40.3767821Z ##[endgroup]
Build & Public Release	Set up job	2026-02-01T17:20:40.3769169Z ##[group]GITHUB_TOKEN Permissions
Build & Public Release	Set up job	2026-02-01T17:20:40.3770975Z Contents: write
Build & Public Release	Set up job	2026-02-01T17:20:40.3771503Z Metadata: read
Build & Public Release	Set up job	2026-02-01T17:20:40.3772167Z ##[endgroup]
Build & Public Release	Set up job	2026-02-01T17:20:40.3774351Z Secret source: Actions
Build & Public Release	Set up job	2026-02-01T17:20:40.3775070Z Prepare workflow directory
Build & Public Release	Set up job	2026-02-01T17:20:40.4100574Z Prepare all required actions
Build & Public Release	Set up job	2026-02-01T17:20:40.4138198Z Getting action download info
Build & Public Release	Set up job	2026-02-01T17:20:40.7517998Z Download action repository 'actions/checkout@v4' (SHA:34e114876b0b11c390a56381ad16ebd13914f8d5)
Build & Public Release	Set up job	2026-02-01T17:20:40.8494155Z Download action repository 'actions/setup-java@v4' (SHA:c1e323688fd81a25caa38c78aa6df2d33d3e20d9)
Build & Public Release	Set up job	2026-02-01T17:20:41.1486521Z Download action repository 'gradle/actions@v4' (SHA:ed408507eac070d1f99cc633dbcf757c94c7933a)
Build & Public Release	Set up job	2026-02-01T17:20:41.8685805Z Download action repository 'softprops/action-gh-release@v1' (SHA:de2c0eb89ae2a093876385947365aca7b0e5f844)
Build & Public Release	Set up job	2026-02-01T17:20:42.1936467Z Complete job name: Build & Public Release
Build & Public Release	Clone repo	ï»¿2026-02-01T17:20:42.2750214Z ##[group]Run actions/checkout@v4
Build & Public Release	Clone repo	2026-02-01T17:20:42.2751546Z with:
Build & Public Release	Clone repo	2026-02-01T17:20:42.2752271Z   fetch-depth: 1
Build & Public Release	Clone repo	2026-02-01T17:20:42.2753100Z   repository: salmanbappi/AniZen
Build & Public Release	Clone repo	2026-02-01T17:20:42.2754547Z   token: ***
Build & Public Release	Clone repo	2026-02-01T17:20:42.2755302Z   ssh-strict: true
Build & Public Release	Clone repo	2026-02-01T17:20:42.2756076Z   ssh-user: git
Build & Public Release	Clone repo	2026-02-01T17:20:42.2756867Z   persist-credentials: true
Build & Public Release	Clone repo	2026-02-01T17:20:42.2757744Z   clean: true
Build & Public Release	Clone repo	2026-02-01T17:20:42.2758545Z   sparse-checkout-cone-mode: true
Build & Public Release	Clone repo	2026-02-01T17:20:42.2759521Z   fetch-tags: false
Build & Public Release	Clone repo	2026-02-01T17:20:42.2760308Z   show-progress: true
Build & Public Release	Clone repo	2026-02-01T17:20:42.2761129Z   lfs: false
Build & Public Release	Clone repo	2026-02-01T17:20:42.2761880Z   submodules: false
Build & Public Release	Clone repo	2026-02-01T17:20:42.2762685Z   set-safe-directory: true
Build & Public Release	Clone repo	2026-02-01T17:20:42.2763949Z ##[endgroup]
Build & Public Release	Clone repo	2026-02-01T17:20:42.3919117Z Syncing repository: salmanbappi/AniZen
Build & Public Release	Clone repo	2026-02-01T17:20:42.3923268Z ##[group]Getting Git version info
Build & Public Release	Clone repo	2026-02-01T17:20:42.3925666Z Working directory is '/home/runner/work/AniZen/AniZen'
Build & Public Release	Clone repo	2026-02-01T17:20:42.3928816Z [command]/usr/bin/git version
Build & Public Release	Clone repo	2026-02-01T17:20:42.3967042Z git version 2.52.0
Build & Public Release	Clone repo	2026-02-01T17:20:42.3993122Z ##[endgroup]
Build & Public Release	Clone repo	2026-02-01T17:20:42.4007437Z Temporarily overriding HOME='/home/runner/work/_temp/d5c0a916-97a4-42df-ac6c-cbf889bf3532' before making global git config changes
Build & Public Release	Clone repo	2026-02-01T17:20:42.4012271Z Adding repository directory to the temporary git global config as a safe directory
Build & Public Release	Clone repo	2026-02-01T17:20:42.4021630Z [command]/usr/bin/git config --global --add safe.directory /home/runner/work/AniZen/AniZen
Build & Public Release	Clone repo	2026-02-01T17:20:42.4060164Z Deleting the contents of '/home/runner/work/AniZen/AniZen'
Build & Public Release	Clone repo	2026-02-01T17:20:42.4063854Z ##[group]Initializing the repository
Build & Public Release	Clone repo	2026-02-01T17:20:42.4067468Z [command]/usr/bin/git init /home/runner/work/AniZen/AniZen
Build & Public Release	Clone repo	2026-02-01T17:20:42.4193297Z hint: Using 'master' as the name for the initial branch. This default branch name
Build & Public Release	Clone repo	2026-02-01T17:20:42.4197283Z hint: will change to "main" in Git 3.0. To configure the initial branch name
Build & Public Release	Clone repo	2026-02-01T17:20:42.4200694Z hint: to use in all of your new repositories, which will suppress this warning,
Build & Public Release	Clone repo	2026-02-01T17:20:42.4203954Z hint: call:
Build & Public Release	Clone repo	2026-02-01T17:20:42.4206736Z hint:
Build & Public Release	Clone repo	2026-02-01T17:20:42.4209093Z hint: 	git config --global init.defaultBranch <name>
Build & Public Release	Clone repo	2026-02-01T17:20:42.4211173Z hint:
Build & Public Release	Clone repo	2026-02-01T17:20:42.4213081Z hint: Names commonly chosen instead of 'master' are 'main', 'trunk' and
Build & Public Release	Clone repo	2026-02-01T17:20:42.4216341Z hint: 'development'. The just-created branch can be renamed via this command:
Build & Public Release	Clone repo	2026-02-01T17:20:42.4218307Z hint:
Build & Public Release	Clone repo	2026-02-01T17:20:42.4219087Z hint: 	git branch -m <name>
Build & Public Release	Clone repo	2026-02-01T17:20:42.4219968Z hint:
Build & Public Release	Clone repo	2026-02-01T17:20:42.4221424Z hint: Disable this message with "git config set advice.defaultBranchName false"
Build & Public Release	Clone repo	2026-02-01T17:20:42.4223417Z Initialized empty Git repository in /home/runner/work/AniZen/AniZen/.git/
Build & Public Release	Clone repo	2026-02-01T17:20:42.4228194Z [command]/usr/bin/git remote add origin https://github.com/salmanbappi/AniZen
Build & Public Release	Clone repo	2026-02-01T17:20:42.4259178Z ##[endgroup]
Build & Public Release	Clone repo	2026-02-01T17:20:42.4260585Z ##[group]Disabling automatic garbage collection
Build & Public Release	Clone repo	2026-02-01T17:20:42.4261870Z [command]/usr/bin/git config --local gc.auto 0
Build & Public Release	Clone repo	2026-02-01T17:20:42.4289049Z ##[endgroup]
Build & Public Release	Clone repo	2026-02-01T17:20:42.4290357Z ##[group]Setting up auth
Build & Public Release	Clone repo	2026-02-01T17:20:42.4295213Z [command]/usr/bin/git config --local --name-only --get-regexp core\.sshCommand
Build & Public Release	Clone repo	2026-02-01T17:20:42.4326519Z [command]/usr/bin/git submodule foreach --recursive sh -c "git config --local --name-only --get-regexp 'core\.sshCommand' && git config --local --unset-all 'core.sshCommand' || :"
Build & Public Release	Clone repo	2026-02-01T17:20:42.4726668Z [command]/usr/bin/git config --local --name-only --get-regexp http\.https\:\/\/github\.com\/\.extraheader
Build & Public Release	Clone repo	2026-02-01T17:20:42.4755946Z [command]/usr/bin/git submodule foreach --recursive sh -c "git config --local --name-only --get-regexp 'http\.https\:\/\/github\.com\/\.extraheader' && git config --local --unset-all 'http.https://github.com/.extraheader' || :"
Build & Public Release	Clone repo	2026-02-01T17:20:42.4972851Z [command]/usr/bin/git config --local --name-only --get-regexp ^includeIf\.gitdir:
Build & Public Release	Clone repo	2026-02-01T17:20:42.5001899Z [command]/usr/bin/git submodule foreach --recursive git config --local --show-origin --name-only --get-regexp remote.origin.url
Build & Public Release	Clone repo	2026-02-01T17:20:42.5225732Z [command]/usr/bin/git config --local http.https://github.com/.extraheader AUTHORIZATION: basic ***
Build & Public Release	Clone repo	2026-02-01T17:20:42.5257600Z ##[endgroup]
Build & Public Release	Clone repo	2026-02-01T17:20:42.5259010Z ##[group]Fetching the repository
Build & Public Release	Clone repo	2026-02-01T17:20:42.5266150Z [command]/usr/bin/git -c protocol.version=2 fetch --no-tags --prune --no-recurse-submodules --depth=1 origin +c2a2f53a0645a85e8dda8dbb5b5d9df04542a66f:refs/remotes/origin/master
Build & Public Release	Clone repo	2026-02-01T17:20:43.1749529Z From https://github.com/salmanbappi/AniZen
Build & Public Release	Clone repo	2026-02-01T17:20:43.1751952Z  * [new ref]         c2a2f53a0645a85e8dda8dbb5b5d9df04542a66f -> origin/master
Build & Public Release	Clone repo	2026-02-01T17:20:43.1782199Z ##[endgroup]
Build & Public Release	Clone repo	2026-02-01T17:20:43.1782923Z ##[group]Determining the checkout info
Build & Public Release	Clone repo	2026-02-01T17:20:43.1785231Z ##[endgroup]
Build & Public Release	Clone repo	2026-02-01T17:20:43.1789986Z [command]/usr/bin/git sparse-checkout disable
Build & Public Release	Clone repo	2026-02-01T17:20:43.1830622Z [command]/usr/bin/git config --local --unset-all extensions.worktreeConfig
Build & Public Release	Clone repo	2026-02-01T17:20:43.1855529Z ##[group]Checking out the ref
Build & Public Release	Clone repo	2026-02-01T17:20:43.1859714Z [command]/usr/bin/git checkout --progress --force -B master refs/remotes/origin/master
Build & Public Release	Clone repo	2026-02-01T17:20:43.3450539Z Reset branch 'master'
Build & Public Release	Clone repo	2026-02-01T17:20:43.3451569Z branch 'master' set up to track 'origin/master'.
Build & Public Release	Clone repo	2026-02-01T17:20:43.3463268Z ##[endgroup]
Build & Public Release	Clone repo	2026-02-01T17:20:43.3502735Z [command]/usr/bin/git log -1 --format=%H
Build & Public Release	Clone repo	2026-02-01T17:20:43.3524290Z c2a2f53a0645a85e8dda8dbb5b5d9df04542a66f
Build & Public Release	Set up JDK	ï»¿2026-02-01T17:20:43.3833367Z ##[group]Run actions/setup-java@v4
Build & Public Release	Set up JDK	2026-02-01T17:20:43.3833938Z with:
Build & Public Release	Set up JDK	2026-02-01T17:20:43.3834165Z   java-version: 17
Build & Public Release	Set up JDK	2026-02-01T17:20:43.3834405Z   distribution: temurin
Build & Public Release	Set up JDK	2026-02-01T17:20:43.3834653Z   java-package: jdk
Build & Public Release	Set up JDK	2026-02-01T17:20:43.3834893Z   check-latest: false
Build & Public Release	Set up JDK	2026-02-01T17:20:43.3835127Z   server-id: github
Build & Public Release	Set up JDK	2026-02-01T17:20:43.3835563Z   server-username: GITHUB_ACTOR
Build & Public Release	Set up JDK	2026-02-01T17:20:43.3835854Z   server-password: GITHUB_TOKEN
Build & Public Release	Set up JDK	2026-02-01T17:20:43.3836126Z   overwrite-settings: true
Build & Public Release	Set up JDK	2026-02-01T17:20:43.3836382Z   job-status: success
Build & Public Release	Set up JDK	2026-02-01T17:20:43.3836754Z   token: ***
Build & Public Release	Set up JDK	2026-02-01T17:20:43.3836984Z ##[endgroup]
Build & Public Release	Set up JDK	2026-02-01T17:20:43.5786136Z ##[group]Installed distributions
Build & Public Release	Set up JDK	2026-02-01T17:20:43.5861669Z Resolved Java 17.0.18+8 from tool-cache
Build & Public Release	Set up JDK	2026-02-01T17:20:43.5863981Z Setting Java 17.0.18+8 as the default
Build & Public Release	Set up JDK	2026-02-01T17:20:43.5876803Z Creating toolchains.xml for JDK version 17 from temurin
Build & Public Release	Set up JDK	2026-02-01T17:20:43.5954537Z Writing to /home/runner/.m2/toolchains.xml
Build & Public Release	Set up JDK	2026-02-01T17:20:43.5955059Z 
Build & Public Release	Set up JDK	2026-02-01T17:20:43.5955348Z Java configuration:
Build & Public Release	Set up JDK	2026-02-01T17:20:43.5956615Z   Distribution: temurin
Build & Public Release	Set up JDK	2026-02-01T17:20:43.5957126Z   Version: 17.0.18+8
Build & Public Release	Set up JDK	2026-02-01T17:20:43.5957995Z   Path: /opt/hostedtoolcache/Java_Temurin-Hotspot_jdk/17.0.18-8/x64
Build & Public Release	Set up JDK	2026-02-01T17:20:43.5958619Z 
Build & Public Release	Set up JDK	2026-02-01T17:20:43.5959167Z ##[endgroup]
Build & Public Release	Set up JDK	2026-02-01T17:20:43.5980917Z Creating settings.xml with server-id: github
Build & Public Release	Set up JDK	2026-02-01T17:20:43.5985054Z Writing to /home/runner/.m2/settings.xml
Build & Public Release	Set up Gradle	ï»¿2026-02-01T17:20:43.6239874Z ##[group]Run gradle/actions/setup-gradle@v4
Build & Public Release	Set up Gradle	2026-02-01T17:20:43.6240227Z with:
Build & Public Release	Set up Gradle	2026-02-01T17:20:43.6240456Z   cache-disabled: false
Build & Public Release	Set up Gradle	2026-02-01T17:20:43.6240709Z   cache-read-only: false
Build & Public Release	Set up Gradle	2026-02-01T17:20:43.6240974Z   cache-write-only: false
Build & Public Release	Set up Gradle	2026-02-01T17:20:43.6241252Z   cache-overwrite-existing: false
Build & Public Release	Set up Gradle	2026-02-01T17:20:43.6241540Z   cache-cleanup: on-success
Build & Public Release	Set up Gradle	2026-02-01T17:20:43.6241864Z   gradle-home-cache-includes: caches
Build & Public Release	Set up Gradle	notifications
Build & Public Release	Set up Gradle	
Build & Public Release	Set up Gradle	2026-02-01T17:20:43.6242217Z   add-job-summary: always
Build & Public Release	Set up Gradle	2026-02-01T17:20:43.6242504Z   add-job-summary-as-pr-comment: never
Build & Public Release	Set up Gradle	2026-02-01T17:20:43.6242815Z   dependency-graph: disabled
Build & Public Release	Set up Gradle	2026-02-01T17:20:43.6243155Z   dependency-graph-report-dir: dependency-graph-reports
Build & Public Release	Set up Gradle	2026-02-01T17:20:43.6243780Z   dependency-graph-continue-on-failure: true
Build & Public Release	Set up Gradle	2026-02-01T17:20:43.6244114Z   build-scan-publish: false
Build & Public Release	Set up Gradle	2026-02-01T17:20:43.6244410Z   validate-wrappers: true
Build & Public Release	Set up Gradle	2026-02-01T17:20:43.6244684Z   allow-snapshot-wrappers: false
Build & Public Release	Set up Gradle	2026-02-01T17:20:43.6244988Z   gradle-home-cache-strict-match: false
Build & Public Release	Set up Gradle	2026-02-01T17:20:43.6245329Z   workflow-job-context: null
Build & Public Release	Set up Gradle	2026-02-01T17:20:43.6245777Z   github-token: ***
Build & Public Release	Set up Gradle	2026-02-01T17:20:43.6246002Z env:
Build & Public Release	Set up Gradle	2026-02-01T17:20:43.6246322Z   JAVA_HOME: /opt/hostedtoolcache/Java_Temurin-Hotspot_jdk/17.0.18-8/x64
Build & Public Release	Set up Gradle	2026-02-01T17:20:43.6246845Z   JAVA_HOME_17_X64: /opt/hostedtoolcache/Java_Temurin-Hotspot_jdk/17.0.18-8/x64
Build & Public Release	Set up Gradle	2026-02-01T17:20:43.6247254Z ##[endgroup]
Build & Public Release	Set up Gradle	2026-02-01T17:20:45.2197949Z Merged default JDK locations into /home/runner/.m2/toolchains.xml
Build & Public Release	Set up Gradle	2026-02-01T17:20:45.2200027Z Preparing cache for cleanup.
Build & Public Release	Set up Gradle	2026-02-01T17:20:45.2203281Z ##[group]Restore Gradle state from cache
Build & Public Release	Set up Gradle	2026-02-01T17:20:45.3087653Z Cache hit for restore-key: gradle-home-v1|Linux-X64|build-release[16cd6cc2a04430ca045959c87cb8ce3a]-5f7b4d5c16f451eeeb252735991e18885e49dd1d
Build & Public Release	Set up Gradle	2026-02-01T17:20:46.4267700Z Received 268435456 of 276715555 (97.0%), 241.5 MBs/sec
Build & Public Release	Set up Gradle	2026-02-01T17:20:46.5081265Z Received 276715555 of 276715555 (100.0%), 231.3 MBs/sec
Build & Public Release	Set up Gradle	2026-02-01T17:20:46.5085268Z Cache Size: ~264 MB (276715555 B)
Build & Public Release	Set up Gradle	2026-02-01T17:20:46.5128005Z [command]/usr/bin/tar -xf /home/runner/work/_temp/28243f3d-d594-468c-b025-da813d51d653/cache.tzst -P -C /home/runner/work/AniZen/AniZen --use-compress-program unzstd
Build & Public Release	Set up Gradle	2026-02-01T17:20:47.2307293Z Cache restored successfully
Build & Public Release	Set up Gradle	2026-02-01T17:20:47.2831236Z Restored cache entry with key gradle-home-v1|Linux-X64|build-release[16cd6cc2a04430ca045959c87cb8ce3a]-c2a2f53a0645a85e8dda8dbb5b5d9df04542a66f to /home/runner/.gradle/caches,/home/runner/.gradle/notifications,/home/runner/.gradle/.setup-gradle in 2061ms
Build & Public Release	Set up Gradle	2026-02-01T17:20:47.3530529Z Cache hit for: gradle-instrumented-jars-v1-96193fd7dd0a0d6e681c73ac65e8298e
Build & Public Release	Set up Gradle	2026-02-01T17:20:47.3581511Z Cache hit for: gradle-dependencies-v1-b3ba458e98787b341f020e1a58774519
Build & Public Release	Set up Gradle	2026-02-01T17:20:47.3600155Z Cache hit for: gradle-kotlin-dsl-v1-900d09f8bd24a77c702d5ecbbfd928b0
Build & Public Release	Set up Gradle	2026-02-01T17:20:47.3604840Z Cache hit for: gradle-wrapper-zips-v1-5ae5d3da5e8e0c748d04bcdd9bc97bdb
Build & Public Release	Set up Gradle	2026-02-01T17:20:47.3634998Z Cache hit for: gradle-generated-gradle-jars-v1-4434c59050703a48bf14168622b59891
Build & Public Release	Set up Gradle	2026-02-01T17:20:47.3653183Z Cache hit for: gradle-groovy-dsl-v1-b41929d1daf4306fd0a3ff1d2c2e1e89
Build & Public Release	Set up Gradle	2026-02-01T17:20:47.3685558Z Cache hit for: gradle-transforms-v1-106c918056e6c1ed2bd84bcbf9e5056d
Build & Public Release	Set up Gradle	2026-02-01T17:20:47.7966541Z Received 121708 of 121708 (100.0%), 0.3 MBs/sec
Build & Public Release	Set up Gradle	2026-02-01T17:20:47.7967286Z Cache Size: ~0 MB (121708 B)
Build & Public Release	Set up Gradle	2026-02-01T17:20:47.9300112Z Received 3288260 of 3288260 (100.0%), 6.9 MBs/sec
Build & Public Release	Set up Gradle	2026-02-01T17:20:47.9300802Z Cache Size: ~3 MB (3288260 B)
Build & Public Release	Set up Gradle	2026-02-01T17:20:47.9602557Z Received 188031 of 188031 (100.0%), 0.4 MBs/sec
Build & Public Release	Set up Gradle	2026-02-01T17:20:47.9603239Z Cache Size: ~0 MB (188031 B)
Build & Public Release	Set up Gradle	2026-02-01T17:20:48.2995485Z Received 41092997 of 41092997 (100.0%), 48.8 MBs/sec
Build & Public Release	Set up Gradle	2026-02-01T17:20:48.2996185Z Cache Size: ~39 MB (41092997 B)
Build & Public Release	Set up Gradle	2026-02-01T17:20:48.4318568Z Received 92274688 of 136706942 (67.5%), 84.5 MBs/sec
Build & Public Release	Set up Gradle	2026-02-01T17:20:48.4320860Z Received 67108864 of 688624236 (9.7%), 62.4 MBs/sec
Build & Public Release	Set up Gradle	2026-02-01T17:20:48.4801300Z Received 79691776 of 1328413586 (6.0%), 73.8 MBs/sec
Build & Public Release	Set up Gradle	2026-02-01T17:20:48.7277681Z [command]/usr/bin/tar -xf /home/runner/work/_temp/6ccfdc89-2bff-4239-9f64-a5b49b972c59/cache.tzst -P -C /home/runner/work/AniZen/AniZen --use-compress-program unzstd
Build & Public Release	Set up Gradle	2026-02-01T17:20:48.7969484Z Cache restored successfully
Build & Public Release	Set up Gradle	2026-02-01T17:20:48.7974047Z [command]/usr/bin/tar -xf /home/runner/work/_temp/726ce395-5249-4599-829c-d4c0782a256c/cache.tzst -P -C /home/runner/work/AniZen/AniZen --use-compress-program unzstd
Build & Public Release	Set up Gradle	2026-02-01T17:20:48.9317447Z Received 136706942 of 136706942 (100.0%), 84.5 MBs/sec
Build & Public Release	Set up Gradle	2026-02-01T17:20:48.9318127Z Cache Size: ~130 MB (136706942 B)
Build & Public Release	Set up Gradle	2026-02-01T17:20:48.9322196Z Restored cache entry with key gradle-instrumented-jars-v1-96193fd7dd0a0d6e681c73ac65e8298e to /home/runner/.gradle/caches/jars-*/*/ in 1647ms
Build & Public Release	Set up Gradle	2026-02-01T17:20:48.9324294Z [command]/usr/bin/tar -xf /home/runner/work/_temp/8389daa7-c2cc-499e-9ab6-c13c11ea089e/cache.tzst -P -C /home/runner/work/AniZen/AniZen --use-compress-program unzstd
Build & Public Release	Set up Gradle	2026-02-01T17:20:49.0916108Z Cache restored successfully
Build & Public Release	Set up Gradle	2026-02-01T17:20:49.1218866Z Restored cache entry with key gradle-groovy-dsl-v1-b41929d1daf4306fd0a3ff1d2c2e1e89 to /home/runner/.gradle/caches/*/groovy-dsl/*/ in 1835ms
Build & Public Release	Set up Gradle	2026-02-01T17:20:49.2125612Z [command]/usr/bin/tar -xf /home/runner/work/_temp/b96dfad1-42be-4ef4-abf5-27cb2dfefba5/cache.tzst -P -C /home/runner/work/AniZen/AniZen --use-compress-program unzstd
Build & Public Release	Set up Gradle	2026-02-01T17:20:49.4417591Z Received 167772160 of 688624236 (24.4%), 78.6 MBs/sec
Build & Public Release	Set up Gradle	2026-02-01T17:20:49.4842888Z Received 201326592 of 1328413586 (15.2%), 94.3 MBs/sec
Build & Public Release	Set up Gradle	2026-02-01T17:20:49.7458180Z [command]/usr/bin/tar -xf /home/runner/work/_temp/72f298d3-448d-4da0-abd5-a426c93e604c/cache.tzst -P -C /home/runner/work/AniZen/AniZen --use-compress-program unzstd
Build & Public Release	Set up Gradle	2026-02-01T17:20:49.7744687Z Cache restored successfully
Build & Public Release	Set up Gradle	2026-02-01T17:20:49.8141325Z Restored cache entry with key gradle-generated-gradle-jars-v1-4434c59050703a48bf14168622b59891 to /home/runner/.gradle/caches/8.14.3/generated-gradle-jars/gradle-api-8.14.3.jar in 2530ms
Build & Public Release	Set up Gradle	2026-02-01T17:20:50.3112367Z Cache restored successfully
Build & Public Release	Set up Gradle	2026-02-01T17:20:50.3692090Z Restored cache entry with key gradle-wrapper-zips-v1-5ae5d3da5e8e0c748d04bcdd9bc97bdb to /home/runner/.gradle/wrapper/dists/gradle-8.14.3-bin/cv11ve7ro1n3o1j4so8xd9n66 in 3083ms
Build & Public Release	Set up Gradle	2026-02-01T17:20:50.4441819Z Received 285212672 of 688624236 (41.4%), 89.5 MBs/sec
Build & Public Release	Set up Gradle	2026-02-01T17:20:50.4929466Z Received 348127232 of 1328413586 (26.2%), 109.1 MBs/sec
Build & Public Release	Set up Gradle	2026-02-01T17:20:50.6930527Z Cache restored successfully
Build & Public Release	Set up Gradle	2026-02-01T17:20:50.7006515Z Restored cache entry with key gradle-kotlin-dsl-v1-900d09f8bd24a77c702d5ecbbfd928b0 to /home/runner/.gradle/caches/*/kotlin-dsl/accessors/*/,/home/runner/.gradle/caches/*/kotlin-dsl/scripts/*/ in 3414ms
Build & Public Release	Set up Gradle	2026-02-01T17:20:51.4584835Z Received 402653184 of 688624236 (58.5%), 94.8 MBs/sec
Build & Public Release	Set up Gradle	2026-02-01T17:20:51.4920412Z Received 536870912 of 1328413586 (40.4%), 126.7 MBs/sec
Build & Public Release	Set up Gradle	2026-02-01T17:20:52.4610753Z Received 511705088 of 688624236 (74.3%), 96.5 MBs/sec
Build & Public Release	Set up Gradle	2026-02-01T17:20:52.4983786Z Received 796917760 of 1328413586 (60.0%), 150.5 MBs/sec
Build & Public Release	Set up Gradle	2026-02-01T17:20:53.4624290Z Received 650117120 of 688624236 (94.4%), 102.4 MBs/sec
Build & Public Release	Set up Gradle	2026-02-01T17:20:53.5007163Z Received 977272832 of 1328413586 (73.6%), 154.0 MBs/sec
Build & Public Release	Set up Gradle	2026-02-01T17:20:53.9811335Z Received 688624236 of 688624236 (100.0%), 99.9 MBs/sec
Build & Public Release	Set up Gradle	2026-02-01T17:20:53.9842580Z Cache Size: ~657 MB (688624236 B)
Build & Public Release	Set up Gradle	2026-02-01T17:20:54.0586874Z [command]/usr/bin/tar -xf /home/runner/work/_temp/3f893f05-3e0f-47dd-af31-6c2650d224b4/cache.tzst -P -C /home/runner/work/AniZen/AniZen --use-compress-program unzstd
Build & Public Release	Set up Gradle	2026-02-01T17:20:54.5010714Z Received 1207959552 of 1328413586 (90.9%), 163.4 MBs/sec
Build & Public Release	Set up Gradle	2026-02-01T17:20:55.0177011Z Received 1328413586 of 1328413586 (100.0%), 167.4 MBs/sec
Build & Public Release	Set up Gradle	2026-02-01T17:20:55.0183260Z Cache Size: ~1267 MB (1328413586 B)
Build & Public Release	Set up Gradle	2026-02-01T17:20:55.0278055Z [command]/usr/bin/tar -xf /home/runner/work/_temp/d323ff4d-25c3-44ea-a46c-f2502b7ee824/cache.tzst -P -C /home/runner/work/AniZen/AniZen --use-compress-program unzstd
Build & Public Release	Set up Gradle	2026-02-01T17:20:55.5770928Z Cache restored successfully
Build & Public Release	Set up Gradle	2026-02-01T17:20:55.8534833Z Restored cache entry with key gradle-dependencies-v1-b3ba458e98787b341f020e1a58774519 to /home/runner/.gradle/caches/modules-*/files-*/*/*/*/* in 8568ms
Build & Public Release	Set up Gradle	2026-02-01T17:21:09.1076077Z Cache restored successfully
Build & Public Release	Set up Gradle	2026-02-01T17:21:09.3193396Z Restored cache entry with key gradle-transforms-v1-106c918056e6c1ed2bd84bcbf9e5056d to /home/runner/.gradle/caches/transforms-4/*/,/home/runner/.gradle/caches/*/transforms/*/ in 22033ms
Build & Public Release	Set up Gradle	2026-02-01T17:21:09.3295522Z ##[endgroup]
Build & Public Release	Set up Gradle	2026-02-01T17:21:09.3816412Z ##[group]All Gradle Wrapper jars are valid
Build & Public Release	Set up Gradle	2026-02-01T17:21:09.3817708Z âœ“ Found known Gradle Wrapper JAR files:
Build & Public Release	Set up Gradle	2026-02-01T17:21:09.3818423Z   7d3a4ac4de1c32b59bc6a4eb8ecb8e612ccd0cf1ae1e99f66902da64df296172 gradle/wrapper/gradle-wrapper.jar
Build & Public Release	Set up Gradle	2026-02-01T17:21:09.3819275Z ##[endgroup]
Build & Public Release	Run Code Analysis (Detekt)	ï»¿2026-02-01T17:21:09.3976834Z ##[group]Run ./gradlew detekt --no-daemon
Build & Public Release	Run Code Analysis (Detekt)	2026-02-01T17:21:09.3977267Z [36;1m./gradlew detekt --no-daemon[0m
Build & Public Release	Run Code Analysis (Detekt)	2026-02-01T17:21:09.4014046Z shell: /usr/bin/bash -e {0}
Build & Public Release	Run Code Analysis (Detekt)	2026-02-01T17:21:09.4014337Z env:
Build & Public Release	Run Code Analysis (Detekt)	2026-02-01T17:21:09.4014661Z   JAVA_HOME: /opt/hostedtoolcache/Java_Temurin-Hotspot_jdk/17.0.18-8/x64
Build & Public Release	Run Code Analysis (Detekt)	2026-02-01T17:21:09.4015208Z   JAVA_HOME_17_X64: /opt/hostedtoolcache/Java_Temurin-Hotspot_jdk/17.0.18-8/x64
Build & Public Release	Run Code Analysis (Detekt)	2026-02-01T17:21:09.4015646Z   GRADLE_ACTION_ID: gradle/actions/setup-gradle
Build & Public Release	Run Code Analysis (Detekt)	2026-02-01T17:21:09.4015967Z   GRADLE_USER_HOME: /home/runner/.gradle
Build & Public Release	Run Code Analysis (Detekt)	2026-02-01T17:21:09.4016276Z   GRADLE_BUILD_ACTION_SETUP_COMPLETED: true
Build & Public Release	Run Code Analysis (Detekt)	2026-02-01T17:21:09.4016587Z   GRADLE_BUILD_ACTION_CACHE_RESTORED: true
Build & Public Release	Run Code Analysis (Detekt)	2026-02-01T17:21:09.4017026Z   DEVELOCITY_INJECTION_INIT_SCRIPT_NAME: gradle-actions.inject-develocity.init.gradle
Build & Public Release	Run Code Analysis (Detekt)	2026-02-01T17:21:09.4017534Z   DEVELOCITY_INJECTION_CUSTOM_VALUE: gradle-actions
Build & Public Release	Run Code Analysis (Detekt)	2026-02-01T17:21:09.4017869Z   GITHUB_DEPENDENCY_GRAPH_ENABLED: false
Build & Public Release	Run Code Analysis (Detekt)	2026-02-01T17:21:09.4018144Z ##[endgroup]
Build & Public Release	Run Code Analysis (Detekt)	2026-02-01T17:21:11.0060889Z To honour the JVM settings for this build a single-use Daemon process will be forked. For more on this, please refer to https://docs.gradle.org/8.14.3/userguide/gradle_daemon.html#sec:disabling_the_daemon in the Gradle documentation.
Build & Public Release	Run Code Analysis (Detekt)	2026-02-01T17:21:12.5046674Z Daemon will be stopped at the end of the build 
Build & Public Release	Run Code Analysis (Detekt)	2026-02-01T17:21:12.9055783Z Configuration on demand is an incubating feature.
Build & Public Release	Run Code Analysis (Detekt)	2026-02-01T17:21:18.5046561Z Type-safe project accessors is an incubating feature.
Build & Public Release	Run Code Analysis (Detekt)	2026-02-01T17:21:21.8055845Z > Task :buildSrc:checkKotlinGradlePluginConfigurationErrors SKIPPED
Build & Public Release	Run Code Analysis (Detekt)	2026-02-01T17:21:21.9055762Z > Task :buildSrc:generateExternalPluginSpecBuilders FROM-CACHE
Build & Public Release	Run Code Analysis (Detekt)	2026-02-01T17:21:22.0059548Z > Task :buildSrc:extractPrecompiledScriptPluginPlugins FROM-CACHE
Build & Public Release	Run Code Analysis (Detekt)	2026-02-01T17:21:22.1088836Z > Task :buildSrc:compilePluginsBlocks FROM-CACHE
Build & Public Release	Run Code Analysis (Detekt)	2026-02-01T17:21:22.5048027Z > Task :buildSrc:generatePrecompiledScriptPluginAccessors FROM-CACHE
Build & Public Release	Run Code Analysis (Detekt)	2026-02-01T17:21:22.5052460Z > Task :buildSrc:generateScriptPluginAdapters FROM-CACHE
Build & Public Release	Run Code Analysis (Detekt)	2026-02-01T17:21:23.0051224Z > Task :buildSrc:compileKotlin FROM-CACHE
Build & Public Release	Run Code Analysis (Detekt)	2026-02-01T17:21:23.0056035Z > Task :buildSrc:compileJava NO-SOURCE
Build & Public Release	Run Code Analysis (Detekt)	2026-02-01T17:21:23.0060132Z > Task :buildSrc:compileGroovy NO-SOURCE
Build & Public Release	Run Code Analysis (Detekt)	2026-02-01T17:21:23.0064243Z > Task :buildSrc:pluginDescriptors
Build & Public Release	Run Code Analysis (Detekt)	2026-02-01T17:21:23.0091953Z > Task :buildSrc:processResources
Build & Public Release	Run Code Analysis (Detekt)	2026-02-01T17:21:23.0092541Z > Task :buildSrc:classes
Build & Public Release	Run Code Analysis (Detekt)	2026-02-01T17:21:23.4074692Z > Task :buildSrc:jar
Build & Public Release	Run Code Analysis (Detekt)	2026-02-01T17:21:31.4051092Z > Task :detekt NO-SOURCE
Build & Public Release	Run Code Analysis (Detekt)	2026-02-01T17:21:31.4052404Z gradle/actions: Writing build results to /home/runner/work/_temp/.gradle-actions/build-results/__run-1769966476740.json
Build & Public Release	Run Code Analysis (Detekt)	2026-02-01T17:21:31.5022214Z 
Build & Public Release	Run Code Analysis (Detekt)	2026-02-01T17:21:31.5031079Z [Incubating] Problems report is available at: file:///home/runner/work/AniZen/AniZen/build/reports/problems/problems-report.html
Build & Public Release	Run Code Analysis (Detekt)	2026-02-01T17:21:31.5035059Z 
Build & Public Release	Run Code Analysis (Detekt)	2026-02-01T17:21:31.5039889Z Deprecated Gradle features were used in this build, making it incompatible with Gradle 9.0.
Build & Public Release	Run Code Analysis (Detekt)	2026-02-01T17:21:31.5045390Z 
Build & Public Release	Run Code Analysis (Detekt)	2026-02-01T17:21:31.5054720Z You can use '--warning-mode all' to show the individual deprecation warnings and determine if they come from your own scripts or plugins.
Build & Public Release	Run Code Analysis (Detekt)	2026-02-01T17:21:31.5057699Z 
Build & Public Release	Run Code Analysis (Detekt)	2026-02-01T17:21:31.5061661Z For more on this, please refer to https://docs.gradle.org/8.14.3/userguide/command_line_interface.html#sec:command_line_warnings in the Gradle documentation.
Build & Public Release	Run Code Analysis (Detekt)	2026-02-01T17:21:31.5064498Z 
Build & Public Release	Run Code Analysis (Detekt)	2026-02-01T17:21:31.5070871Z BUILD SUCCESSFUL in 21s
Build & Public Release	Run Code Analysis (Detekt)	2026-02-01T17:21:31.5073770Z 9 actionable tasks: 3 executed, 6 from cache
Build & Public Release	Build Release APK	ï»¿2026-02-01T17:21:31.6605776Z ##[group]Run ./gradlew assembleRelease -Pinclude-telemetry=false -Penable-updater=false --no-daemon
Build & Public Release	Build Release APK	2026-02-01T17:21:31.6606629Z [36;1m./gradlew assembleRelease -Pinclude-telemetry=false -Penable-updater=false --no-daemon[0m
Build & Public Release	Build Release APK	2026-02-01T17:21:31.6637960Z shell: /usr/bin/bash -e {0}
Build & Public Release	Build Release APK	2026-02-01T17:21:31.6638237Z env:
Build & Public Release	Build Release APK	2026-02-01T17:21:31.6638707Z   JAVA_HOME: /opt/hostedtoolcache/Java_Temurin-Hotspot_jdk/17.0.18-8/x64
Build & Public Release	Build Release APK	2026-02-01T17:21:31.6639471Z   JAVA_HOME_17_X64: /opt/hostedtoolcache/Java_Temurin-Hotspot_jdk/17.0.18-8/x64
Build & Public Release	Build Release APK	2026-02-01T17:21:31.6639936Z   GRADLE_ACTION_ID: gradle/actions/setup-gradle
Build & Public Release	Build Release APK	2026-02-01T17:21:31.6640261Z   GRADLE_USER_HOME: /home/runner/.gradle
Build & Public Release	Build Release APK	2026-02-01T17:21:31.6640584Z   GRADLE_BUILD_ACTION_SETUP_COMPLETED: true
Build & Public Release	Build Release APK	2026-02-01T17:21:31.6640915Z   GRADLE_BUILD_ACTION_CACHE_RESTORED: true
Build & Public Release	Build Release APK	2026-02-01T17:21:31.6641384Z   DEVELOCITY_INJECTION_INIT_SCRIPT_NAME: gradle-actions.inject-develocity.init.gradle
Build & Public Release	Build Release APK	2026-02-01T17:21:31.6641881Z   DEVELOCITY_INJECTION_CUSTOM_VALUE: gradle-actions
Build & Public Release	Build Release APK	2026-02-01T17:21:31.6642263Z   GITHUB_DEPENDENCY_GRAPH_ENABLED: false
Build & Public Release	Build Release APK	2026-02-01T17:21:31.6642552Z ##[endgroup]
Build & Public Release	Build Release APK	2026-02-01T17:21:32.3386687Z To honour the JVM settings for this build a single-use Daemon process will be forked. For more on this, please refer to https://docs.gradle.org/8.14.3/userguide/gradle_daemon.html#sec:disabling_the_daemon in the Gradle documentation.
Build & Public Release	Build Release APK	2026-02-01T17:21:33.3370154Z Daemon will be stopped at the end of the build 
Build & Public Release	Build Release APK	2026-02-01T17:21:33.7370451Z Configuration on demand is an incubating feature.
Build & Public Release	Build Release APK	2026-02-01T17:21:36.7384980Z Type-safe project accessors is an incubating feature.
Build & Public Release	Build Release APK	2026-02-01T17:21:39.8396802Z > Task :buildSrc:checkKotlinGradlePluginConfigurationErrors SKIPPED
Build & Public Release	Build Release APK	2026-02-01T17:21:39.9377787Z > Task :buildSrc:generateExternalPluginSpecBuilders UP-TO-DATE
Build & Public Release	Build Release APK	2026-02-01T17:21:39.9378705Z > Task :buildSrc:extractPrecompiledScriptPluginPlugins UP-TO-DATE
Build & Public Release	Build Release APK	2026-02-01T17:21:40.1368736Z > Task :buildSrc:compilePluginsBlocks UP-TO-DATE
Build & Public Release	Build Release APK	2026-02-01T17:21:40.5370481Z > Task :buildSrc:generatePrecompiledScriptPluginAccessors UP-TO-DATE
Build & Public Release	Build Release APK	2026-02-01T17:21:40.5378311Z > Task :buildSrc:generateScriptPluginAdapters UP-TO-DATE
Build & Public Release	Build Release APK	2026-02-01T17:21:40.8382255Z > Task :buildSrc:compileKotlin UP-TO-DATE
Build & Public Release	Build Release APK	2026-02-01T17:21:40.8390626Z > Task :buildSrc:compileJava NO-SOURCE
Build & Public Release	Build Release APK	2026-02-01T17:21:40.8391455Z > Task :buildSrc:compileGroovy NO-SOURCE
Build & Public Release	Build Release APK	2026-02-01T17:21:40.8396480Z > Task :buildSrc:pluginDescriptors UP-TO-DATE
Build & Public Release	Build Release APK	2026-02-01T17:21:40.8397217Z > Task :buildSrc:processResources UP-TO-DATE
Build & Public Release	Build Release APK	2026-02-01T17:21:40.8429200Z > Task :buildSrc:classes UP-TO-DATE
Build & Public Release	Build Release APK	2026-02-01T17:21:40.8429778Z > Task :buildSrc:jar UP-TO-DATE
Build & Public Release	Build Release APK	2026-02-01T17:21:50.7367965Z > Task :core-metadata:preBuild UP-TO-DATE
Build & Public Release	Build Release APK	2026-02-01T17:21:50.7387787Z > Task :core-metadata:preReleaseBuild UP-TO-DATE
Build & Public Release	Build Release APK	2026-02-01T17:21:50.7397710Z > Task :data:preBuild UP-TO-DATE
Build & Public Release	Build Release APK	2026-02-01T17:21:50.7398177Z > Task :domain:preBuild UP-TO-DATE
Build & Public Release	Build Release APK	2026-02-01T17:21:50.7398622Z > Task :domain:preReleaseBuild UP-TO-DATE
Build & Public Release	Build Release APK	2026-02-01T17:21:50.7399103Z > Task :app:preBuild UP-TO-DATE
Build & Public Release	Build Release APK	2026-02-01T17:21:50.7399598Z > Task :data:preReleaseBuild UP-TO-DATE
Build & Public Release	Build Release APK	2026-02-01T17:21:50.7400093Z > Task :app:preReleaseBuild UP-TO-DATE
Build & Public Release	Build Release APK	2026-02-01T17:21:50.8418961Z > Task :domain:mergeReleaseJniLibFolders
Build & Public Release	Build Release APK	2026-02-01T17:21:50.8420044Z > Task :data:mergeReleaseJniLibFolders
Build & Public Release	Build Release APK	2026-02-01T17:21:50.8435409Z > Task :core-metadata:mergeReleaseJniLibFolders
Build & Public Release	Build Release APK	2026-02-01T17:21:50.8439585Z > Task :app:mergeReleaseJniLibFolders
Build & Public Release	Build Release APK	2026-02-01T17:21:50.8440258Z > Task :core-metadata:mergeReleaseNativeLibs NO-SOURCE
Build & Public Release	Build Release APK	2026-02-01T17:21:50.8440909Z > Task :flagkit:preBuild UP-TO-DATE
Build & Public Release	Build Release APK	2026-02-01T17:21:50.8441429Z > Task :flagkit:preReleaseBuild UP-TO-DATE
Build & Public Release	Build Release APK	2026-02-01T17:21:50.8442004Z > Task :data:mergeReleaseNativeLibs NO-SOURCE
Build & Public Release	Build Release APK	2026-02-01T17:21:50.8442552Z > Task :domain:mergeReleaseNativeLibs NO-SOURCE
Build & Public Release	Build Release APK	2026-02-01T17:21:50.9367158Z > Task :domain:copyReleaseJniLibsProjectOnly
Build & Public Release	Build Release APK	2026-02-01T17:21:50.9382361Z > Task :core-metadata:copyReleaseJniLibsProjectOnly
Build & Public Release	Build Release APK	2026-02-01T17:21:50.9383273Z > Task :i18n:generateLocalesConfig UP-TO-DATE
Build & Public Release	Build Release APK	2026-02-01T17:21:50.9385798Z > Task :flagkit:mergeReleaseJniLibFolders
Build & Public Release	Build Release APK	2026-02-01T17:21:50.9386428Z > Task :data:copyReleaseJniLibsProjectOnly
Build & Public Release	Build Release APK	2026-02-01T17:21:50.9387026Z > Task :flagkit:mergeReleaseNativeLibs NO-SOURCE
Build & Public Release	Build Release APK	2026-02-01T17:21:50.9387615Z > Task :flagkit:copyReleaseJniLibsProjectOnly
Build & Public Release	Build Release APK	2026-02-01T17:21:51.0368985Z > Task :i18n-kmk:generateMRcommonMain FROM-CACHE
Build & Public Release	Build Release APK	2026-02-01T17:21:51.0414112Z > Task :i18n-kmk:generateMRandroidDebug SKIPPED
Build & Public Release	Build Release APK	2026-02-01T17:21:51.0422086Z > Task :i18n-ank:generateMRcommonMain FROM-CACHE
Build & Public Release	Build Release APK	2026-02-01T17:21:51.0422771Z > Task :i18n-ank:generateMRandroidDebug SKIPPED
Build & Public Release	Build Release APK	2026-02-01T17:21:51.0423365Z > Task :i18n-sy:generateMRcommonMain FROM-CACHE
Build & Public Release	Build Release APK	2026-02-01T17:21:51.0424139Z > Task :i18n-sy:generateMRandroidDebug SKIPPED
Build & Public Release	Build Release APK	2026-02-01T17:21:51.0424816Z > Task :i18n-sy:generateMRandroidInstrumentedTest FROM-CACHE
Build & Public Release	Build Release APK	2026-02-01T17:21:51.0425586Z > Task :i18n-sy:generateMRandroidInstrumentedTestDebug SKIPPED
Build & Public Release	Build Release APK	2026-02-01T17:21:51.0426372Z > Task :i18n-kmk:generateMRandroidInstrumentedTest FROM-CACHE
Build & Public Release	Build Release APK	2026-02-01T17:21:51.0427191Z > Task :i18n-kmk:generateMRandroidInstrumentedTestDebug SKIPPED
Build & Public Release	Build Release APK	2026-02-01T17:21:51.0427974Z > Task :i18n-ank:generateMRandroidInstrumentedTest FROM-CACHE
Build & Public Release	Build Release APK	2026-02-01T17:21:51.0428761Z > Task :i18n-ank:generateMRandroidInstrumentedTestDebug SKIPPED
Build & Public Release	Build Release APK	2026-02-01T17:21:51.1407584Z > Task :i18n:generateMRcommonMain FROM-CACHE
Build & Public Release	Build Release APK	2026-02-01T17:21:51.1408564Z > Task :i18n:generateMRandroidDebug SKIPPED
Build & Public Release	Build Release APK	2026-02-01T17:21:51.1409302Z > Task :i18n-kmk:generateMRandroidMain FROM-CACHE
Build & Public Release	Build Release APK	2026-02-01T17:21:51.1410063Z > Task :i18n-kmk:generateMRandroidRelease SKIPPED
Build & Public Release	Build Release APK	2026-02-01T17:21:51.1410737Z > Task :i18n-ank:generateMRandroidMain FROM-CACHE
Build & Public Release	Build Release APK	2026-02-01T17:21:51.1417146Z > Task :i18n-ank:generateMRandroidRelease SKIPPED
Build & Public Release	Build Release APK	2026-02-01T17:21:51.1418208Z > Task :i18n:generateMRandroidInstrumentedTest FROM-CACHE
Build & Public Release	Build Release APK	2026-02-01T17:21:51.1419245Z > Task :i18n:generateMRandroidInstrumentedTestDebug SKIPPED
Build & Public Release	Build Release APK	2026-02-01T17:21:51.1420223Z > Task :i18n-kmk:generateMRcommonTest FROM-CACHE
Build & Public Release	Build Release APK	2026-02-01T17:21:51.1421091Z > Task :i18n-sy:generateMRandroidMain FROM-CACHE
Build & Public Release	Build Release APK	2026-02-01T17:21:51.1422041Z > Task :i18n-sy:generateMRandroidRelease SKIPPED
Build & Public Release	Build Release APK	2026-02-01T17:21:51.1422852Z > Task :i18n-ank:generateMRcommonTest FROM-CACHE
Build & Public Release	Build Release APK	2026-02-01T17:21:51.1423928Z > Task :i18n-kmk:generateMRandroidUnitTest FROM-CACHE
Build & Public Release	Build Release APK	2026-02-01T17:21:51.1483347Z > Task :i18n-sy:generateMRcommonTest FROM-CACHE
Build & Public Release	Build Release APK	2026-02-01T17:21:51.1488106Z > Task :i18n-kmk:generateMRandroidUnitTestDebug SKIPPED
Build & Public Release	Build Release APK	2026-02-01T17:21:51.1489052Z > Task :i18n-kmk:generateMRandroidUnitTestRelease SKIPPED
Build & Public Release	Build Release APK	2026-02-01T17:21:51.1490216Z > Task :i18n-kmk:preBuild UP-TO-DATE
Build & Public Release	Build Release APK	2026-02-01T17:21:51.1490921Z > Task :i18n-kmk:preReleaseBuild UP-TO-DATE
Build & Public Release	Build Release APK	2026-02-01T17:21:51.1491696Z > Task :i18n-ank:generateMRandroidUnitTest FROM-CACHE
Build & Public Release	Build Release APK	2026-02-01T17:21:51.1492499Z > Task :i18n-ank:generateMRandroidUnitTestDebug SKIPPED
Build & Public Release	Build Release APK	2026-02-01T17:21:51.1493350Z > Task :i18n-ank:generateMRandroidUnitTestRelease SKIPPED
Build & Public Release	Build Release APK	2026-02-01T17:21:51.1494415Z > Task :i18n-ank:preBuild UP-TO-DATE
Build & Public Release	Build Release APK	2026-02-01T17:21:51.1495111Z > Task :i18n-ank:preReleaseBuild UP-TO-DATE
Build & Public Release	Build Release APK	2026-02-01T17:21:51.1495856Z > Task :i18n-sy:generateMRandroidUnitTest FROM-CACHE
Build & Public Release	Build Release APK	2026-02-01T17:21:51.1496715Z > Task :i18n-sy:generateMRandroidUnitTestDebug SKIPPED
Build & Public Release	Build Release APK	2026-02-01T17:21:51.1497539Z > Task :i18n-sy:generateMRandroidUnitTestRelease SKIPPED
Build & Public Release	Build Release APK	2026-02-01T17:21:51.1498449Z > Task :i18n-sy:preBuild UP-TO-DATE
Build & Public Release	Build Release APK	2026-02-01T17:21:51.1499198Z > Task :i18n-sy:preReleaseBuild UP-TO-DATE
Build & Public Release	Build Release APK	2026-02-01T17:21:51.1499984Z > Task :i18n-kmk:mergeReleaseJniLibFolders
Build & Public Release	Build Release APK	2026-02-01T17:21:51.1501013Z > Task :i18n-kmk:mergeReleaseNativeLibs NO-SOURCE
Build & Public Release	Build Release APK	2026-02-01T17:21:51.2366364Z > Task :i18n-ank:mergeReleaseJniLibFolders
Build & Public Release	Build Release APK	2026-02-01T17:21:51.2418993Z > Task :i18n-ank:mergeReleaseNativeLibs NO-SOURCE
Build & Public Release	Build Release APK	2026-02-01T17:21:51.2419710Z > Task :i18n-sy:mergeReleaseJniLibFolders
Build & Public Release	Build Release APK	2026-02-01T17:21:51.2420278Z > Task :i18n-ank:copyReleaseJniLibsProjectOnly
Build & Public Release	Build Release APK	2026-02-01T17:21:51.2420922Z > Task :i18n-sy:mergeReleaseNativeLibs NO-SOURCE
Build & Public Release	Build Release APK	2026-02-01T17:21:51.2421540Z > Task :i18n-kmk:copyReleaseJniLibsProjectOnly
Build & Public Release	Build Release APK	2026-02-01T17:21:51.2422460Z > Task :presentation-widget:preBuild UP-TO-DATE
Build & Public Release	Build Release APK	2026-02-01T17:21:51.2423061Z > Task :presentation-core:preBuild UP-TO-DATE
Build & Public Release	Build Release APK	2026-02-01T17:21:51.2423901Z > Task :presentation-core:preReleaseBuild UP-TO-DATE
Build & Public Release	Build Release APK	2026-02-01T17:21:51.2424606Z > Task :presentation-widget:preReleaseBuild UP-TO-DATE
Build & Public Release	Build Release APK	2026-02-01T17:21:51.2425257Z > Task :i18n-sy:copyReleaseJniLibsProjectOnly
Build & Public Release	Build Release APK	2026-02-01T17:21:51.2425813Z > Task :source-api:preBuild UP-TO-DATE
Build & Public Release	Build Release APK	2026-02-01T17:21:51.2426597Z > Task :source-api:preReleaseBuild UP-TO-DATE
Build & Public Release	Build Release APK	2026-02-01T17:21:51.2427178Z > Task :presentation-core:mergeReleaseJniLibFolders
Build & Public Release	Build Release APK	2026-02-01T17:21:51.2427835Z > Task :presentation-widget:mergeReleaseJniLibFolders
Build & Public Release	Build Release APK	2026-02-01T17:21:51.2428517Z > Task :presentation-core:mergeReleaseNativeLibs NO-SOURCE
Build & Public Release	Build Release APK	2026-02-01T17:21:51.2429145Z > Task :source-api:mergeReleaseJniLibFolders
Build & Public Release	Build Release APK	2026-02-01T17:21:51.2429797Z > Task :presentation-widget:mergeReleaseNativeLibs NO-SOURCE
Build & Public Release	Build Release APK	2026-02-01T17:21:51.2430461Z > Task :source-api:mergeReleaseNativeLibs NO-SOURCE
Build & Public Release	Build Release APK	2026-02-01T17:21:51.2431128Z > Task :presentation-core:copyReleaseJniLibsProjectOnly
Build & Public Release	Build Release APK	2026-02-01T17:21:51.2431725Z > Task :source-local:preBuild UP-TO-DATE
Build & Public Release	Build Release APK	2026-02-01T17:21:51.2432269Z > Task :source-local:preReleaseBuild UP-TO-DATE
Build & Public Release	Build Release APK	2026-02-01T17:21:51.2432904Z > Task :presentation-widget:copyReleaseJniLibsProjectOnly
Build & Public Release	Build Release APK	2026-02-01T17:21:51.2433675Z > Task :telemetry:preBuild UP-TO-DATE
Build & Public Release	Build Release APK	2026-02-01T17:21:51.2434246Z > Task :source-api:copyReleaseJniLibsProjectOnly
Build & Public Release	Build Release APK	2026-02-01T17:21:51.2434841Z > Task :telemetry:preReleaseBuild UP-TO-DATE
Build & Public Release	Build Release APK	2026-02-01T17:21:51.2435388Z > Task :core:archive:preBuild UP-TO-DATE
Build & Public Release	Build Release APK	2026-02-01T17:21:51.2435931Z > Task :core:archive:preReleaseBuild UP-TO-DATE
Build & Public Release	Build Release APK	2026-02-01T17:21:51.2436498Z > Task :telemetry:mergeReleaseJniLibFolders
Build & Public Release	Build Release APK	2026-02-01T17:21:51.2437049Z > Task :source-local:mergeReleaseJniLibFolders
Build & Public Release	Build Release APK	2026-02-01T17:21:51.2437620Z > Task :core:archive:mergeReleaseJniLibFolders
Build & Public Release	Build Release APK	2026-02-01T17:21:51.2438239Z > Task :source-local:mergeReleaseNativeLibs NO-SOURCE
Build & Public Release	Build Release APK	2026-02-01T17:21:51.2438876Z > Task :core:archive:mergeReleaseNativeLibs NO-SOURCE
Build & Public Release	Build Release APK	2026-02-01T17:21:51.2439487Z > Task :telemetry:mergeReleaseNativeLibs NO-SOURCE
Build & Public Release	Build Release APK	2026-02-01T17:21:51.2444672Z > Task :telemetry:copyReleaseJniLibsProjectOnly
Build & Public Release	Build Release APK	2026-02-01T17:21:51.3396521Z > Task :core:common:preBuild UP-TO-DATE
Build & Public Release	Build Release APK	2026-02-01T17:21:51.3397629Z > Task :source-local:copyReleaseJniLibsProjectOnly
Build & Public Release	Build Release APK	2026-02-01T17:21:51.3399217Z > Task :core:common:preReleaseBuild UP-TO-DATE
Build & Public Release	Build Release APK	2026-02-01T17:21:51.3400128Z > Task :core:archive:copyReleaseJniLibsProjectOnly
Build & Public Release	Build Release APK	2026-02-01T17:21:51.3401279Z > Task :core-metadata:prepareReleaseArtProfile
Build & Public Release	Build Release APK	2026-02-01T17:21:51.3402035Z > Task :data:prepareReleaseArtProfile
Build & Public Release	Build Release APK	2026-02-01T17:21:51.3402771Z > Task :domain:prepareReleaseArtProfile
Build & Public Release	Build Release APK	2026-02-01T17:21:51.3403740Z > Task :core:common:mergeReleaseJniLibFolders
Build & Public Release	Build Release APK	2026-02-01T17:21:51.3404715Z > Task :flagkit:prepareReleaseArtProfile
Build & Public Release	Build Release APK	2026-02-01T17:21:51.3405547Z > Task :i18n-ank:prepareReleaseArtProfile
Build & Public Release	Build Release APK	2026-02-01T17:21:51.3406435Z > Task :core:common:mergeReleaseNativeLibs NO-SOURCE
Build & Public Release	Build Release APK	2026-02-01T17:21:51.3407307Z > Task :i18n-sy:prepareReleaseArtProfile
Build & Public Release	Build Release APK	2026-02-01T17:21:51.3412068Z > Task :i18n-kmk:prepareReleaseArtProfile
Build & Public Release	Build Release APK	2026-02-01T17:21:51.3413084Z > Task :core:common:copyReleaseJniLibsProjectOnly
Build & Public Release	Build Release APK	2026-02-01T17:21:51.3413961Z > Task :presentation-widget:prepareReleaseArtProfile
Build & Public Release	Build Release APK	2026-02-01T17:21:51.3414598Z > Task :source-api:prepareReleaseArtProfile
Build & Public Release	Build Release APK	2026-02-01T17:21:51.3415202Z > Task :presentation-core:prepareReleaseArtProfile
Build & Public Release	Build Release APK	2026-02-01T17:21:51.3415811Z > Task :telemetry:prepareReleaseArtProfile
Build & Public Release	Build Release APK	2026-02-01T17:21:51.3416379Z > Task :source-local:prepareReleaseArtProfile
Build & Public Release	Build Release APK	2026-02-01T17:21:51.3416956Z > Task :core:archive:prepareReleaseArtProfile
Build & Public Release	Build Release APK	2026-02-01T17:21:51.3417696Z > Task :core-metadata:checkKotlinGradlePluginConfigurationErrors SKIPPED
Build & Public Release	Build Release APK	2026-02-01T17:21:51.3480475Z > Task :core:common:prepareReleaseArtProfile
Build & Public Release	Build Release APK	2026-02-01T17:21:51.3481261Z > Task :core-metadata:generateReleaseResValues FROM-CACHE
Build & Public Release	Build Release APK	2026-02-01T17:21:51.3481942Z > Task :i18n-sy:generateReleaseResValues FROM-CACHE
Build & Public Release	Build Release APK	2026-02-01T17:21:51.3483036Z > Task :source-api:generateReleaseResValues FROM-CACHE
Build & Public Release	Build Release APK	2026-02-01T17:21:51.3483867Z > Task :source-api:generateReleaseResources FROM-CACHE
Build & Public Release	Build Release APK	2026-02-01T17:21:51.3484511Z > Task :core-metadata:generateReleaseResources FROM-CACHE
Build & Public Release	Build Release APK	2026-02-01T17:21:51.3485101Z > Task :i18n-sy:generateReleaseResources FROM-CACHE
Build & Public Release	Build Release APK	2026-02-01T17:21:51.3485646Z > Task :i18n:generateMRandroidMain FROM-CACHE
Build & Public Release	Build Release APK	2026-02-01T17:21:51.3486151Z > Task :i18n:generateMRandroidRelease SKIPPED
Build & Public Release	Build Release APK	2026-02-01T17:21:51.4366677Z > Task :i18n:generateMRcommonTest FROM-CACHE
Build & Public Release	Build Release APK	2026-02-01T17:21:51.4367442Z > Task :source-api:packageReleaseResources FROM-CACHE
Build & Public Release	Build Release APK	2026-02-01T17:21:51.4368367Z > Task :core-metadata:packageReleaseResources FROM-CACHE
Build & Public Release	Build Release APK	2026-02-01T17:21:51.4369615Z > Task :i18n:generateMRandroidUnitTest FROM-CACHE
Build & Public Release	Build Release APK	2026-02-01T17:21:51.4370834Z > Task :i18n:generateMRandroidUnitTestDebug SKIPPED
Build & Public Release	Build Release APK	2026-02-01T17:21:51.4372076Z > Task :i18n:generateMRandroidUnitTestRelease SKIPPED
Build & Public Release	Build Release APK	2026-02-01T17:21:51.4373175Z > Task :i18n:preBuild UP-TO-DATE
Build & Public Release	Build Release APK	2026-02-01T17:21:51.4374580Z > Task :i18n:preReleaseBuild UP-TO-DATE
Build & Public Release	Build Release APK	2026-02-01T17:21:51.4375597Z > Task :i18n-sy:packageReleaseResources FROM-CACHE
Build & Public Release	Build Release APK	2026-02-01T17:21:52.8406627Z > Task :i18n-sy:parseReleaseLocalResources FROM-CACHE
Build & Public Release	Build Release APK	2026-02-01T17:21:52.8407849Z > Task :i18n:mergeReleaseJniLibFolders
Build & Public Release	Build Release APK	2026-02-01T17:21:52.8408716Z > Task :source-api:parseReleaseLocalResources FROM-CACHE
Build & Public Release	Build Release APK	2026-02-01T17:21:52.8409551Z > Task :core-metadata:parseReleaseLocalResources FROM-CACHE
Build & Public Release	Build Release APK	2026-02-01T17:21:52.8410299Z > Task :i18n:mergeReleaseNativeLibs NO-SOURCE
Build & Public Release	Build Release APK	2026-02-01T17:21:52.8411019Z > Task :source-api:kmpPartiallyResolvedDependenciesChecker
Build & Public Release	Build Release APK	2026-02-01T17:21:52.8411926Z > Task :source-api:checkKotlinGradlePluginConfigurationErrors SKIPPED
Build & Public Release	Build Release APK	2026-02-01T17:21:52.8412774Z > Task :core:common:generateReleaseResValues FROM-CACHE
Build & Public Release	Build Release APK	2026-02-01T17:21:52.8413434Z > Task :i18n:copyReleaseJniLibsProjectOnly
Build & Public Release	Build Release APK	2026-02-01T17:21:52.8414231Z > Task :source-api:javaPreCompileRelease FROM-CACHE
Build & Public Release	Build Release APK	2026-02-01T17:21:52.8414880Z > Task :i18n:prepareReleaseArtProfile
Build & Public Release	Build Release APK	2026-02-01T17:21:52.8415509Z > Task :core:common:generateReleaseResources FROM-CACHE
Build & Public Release	Build Release APK	2026-02-01T17:21:52.8416223Z > Task :core-metadata:javaPreCompileRelease FROM-CACHE
Build & Public Release	Build Release APK	2026-02-01T17:21:52.8416894Z > Task :i18n:generateReleaseResValues FROM-CACHE
Build & Public Release	Build Release APK	2026-02-01T17:21:52.8417567Z > Task :core:common:packageReleaseResources FROM-CACHE
Build & Public Release	Build Release APK	2026-02-01T17:21:52.8418183Z > Task :i18n:generateReleaseResources FROM-CACHE
Build & Public Release	Build Release APK	2026-02-01T17:21:52.8429820Z > Task :core:common:parseReleaseLocalResources FROM-CACHE
Build & Public Release	Build Release APK	2026-02-01T17:21:52.8431852Z > Task :core:common:checkKotlinGradlePluginConfigurationErrors SKIPPED
Build & Public Release	Build Release APK	2026-02-01T17:21:52.8432695Z > Task :core:common:javaPreCompileRelease FROM-CACHE
Build & Public Release	Build Release APK	2026-02-01T17:21:52.8433653Z > Task :domain:checkKotlinGradlePluginConfigurationErrors SKIPPED
Build & Public Release	Build Release APK	2026-02-01T17:21:52.8434465Z > Task :domain:generateReleaseResValues FROM-CACHE
Build & Public Release	Build Release APK	2026-02-01T17:21:52.8435117Z > Task :domain:generateReleaseResources FROM-CACHE
Build & Public Release	Build Release APK	2026-02-01T17:21:52.9435060Z > Task :domain:packageReleaseResources FROM-CACHE
Build & Public Release	Build Release APK	2026-02-01T17:21:52.9464435Z > Task :domain:parseReleaseLocalResources FROM-CACHE
Build & Public Release	Build Release APK	2026-02-01T17:21:52.9465153Z > Task :i18n-sy:generateReleaseRFile FROM-CACHE
Build & Public Release	Build Release APK	2026-02-01T17:21:52.9465850Z > Task :i18n-sy:kmpPartiallyResolvedDependenciesChecker
Build & Public Release	Build Release APK	2026-02-01T17:21:52.9466680Z > Task :i18n-sy:checkKotlinGradlePluginConfigurationErrors SKIPPED
Build & Public Release	Build Release APK	2026-02-01T17:21:52.9467478Z > Task :i18n-ank:generateReleaseResValues FROM-CACHE
Build & Public Release	Build Release APK	2026-02-01T17:21:52.9468162Z > Task :i18n-ank:generateReleaseResources FROM-CACHE
Build & Public Release	Build Release APK	2026-02-01T17:21:52.9468834Z > Task :i18n-ank:packageReleaseResources FROM-CACHE
Build & Public Release	Build Release APK	2026-02-01T17:21:52.9469504Z > Task :i18n-ank:parseReleaseLocalResources FROM-CACHE
Build & Public Release	Build Release APK	2026-02-01T17:21:53.0394169Z > Task :i18n-ank:generateReleaseRFile FROM-CACHE
Build & Public Release	Build Release APK	2026-02-01T17:21:53.0395436Z > Task :i18n-ank:kmpPartiallyResolvedDependenciesChecker
Build & Public Release	Build Release APK	2026-02-01T17:21:53.0396501Z > Task :i18n-ank:checkKotlinGradlePluginConfigurationErrors SKIPPED
Build & Public Release	Build Release APK	2026-02-01T17:21:53.0397426Z > Task :i18n:packageReleaseResources FROM-CACHE
Build & Public Release	Build Release APK	2026-02-01T17:21:53.0414228Z > Task :i18n:parseReleaseLocalResources FROM-CACHE
Build & Public Release	Build Release APK	2026-02-01T17:21:53.0415936Z > Task :i18n:generateReleaseRFile FROM-CACHE
Build & Public Release	Build Release APK	2026-02-01T17:21:53.1368025Z > Task :i18n-sy:compileReleaseKotlinAndroid FROM-CACHE
Build & Public Release	Build Release APK	2026-02-01T17:21:53.1369297Z > Task :i18n:kmpPartiallyResolvedDependenciesChecker
Build & Public Release	Build Release APK	2026-02-01T17:21:53.1370425Z > Task :i18n:checkKotlinGradlePluginConfigurationErrors SKIPPED
Build & Public Release	Build Release APK	2026-02-01T17:21:53.1371423Z > Task :i18n-ank:compileReleaseKotlinAndroid FROM-CACHE
Build & Public Release	Build Release APK	2026-02-01T17:21:53.1372354Z > Task :i18n-sy:javaPreCompileRelease FROM-CACHE
Build & Public Release	Build Release APK	2026-02-01T17:21:53.1373210Z > Task :i18n-sy:compileReleaseJavaWithJavac NO-SOURCE
Build & Public Release	Build Release APK	2026-02-01T17:21:53.2376172Z > Task :i18n:compileReleaseKotlinAndroid FROM-CACHE
Build & Public Release	Build Release APK	2026-02-01T17:21:53.2376891Z > Task :i18n:javaPreCompileRelease FROM-CACHE
Build & Public Release	Build Release APK	2026-02-01T17:21:53.2377502Z > Task :i18n:compileReleaseJavaWithJavac NO-SOURCE
Build & Public Release	Build Release APK	2026-02-01T17:21:53.3374628Z > Task :i18n:bundleLibCompileToJarRelease
Build & Public Release	Build Release APK	2026-02-01T17:21:53.3375826Z > Task :i18n-ank:javaPreCompileRelease FROM-CACHE
Build & Public Release	Build Release APK	2026-02-01T17:21:53.3376847Z > Task :i18n-ank:compileReleaseJavaWithJavac NO-SOURCE
Build & Public Release	Build Release APK	2026-02-01T17:21:53.4373013Z > Task :i18n-ank:bundleLibCompileToJarRelease
Build & Public Release	Build Release APK	2026-02-01T17:21:53.4374409Z > Task :i18n-sy:bundleLibCompileToJarRelease
Build & Public Release	Build Release APK	2026-02-01T17:21:53.4375325Z > Task :source-local:kmpPartiallyResolvedDependenciesChecker
Build & Public Release	Build Release APK	2026-02-01T17:21:53.4376445Z > Task :source-local:checkKotlinGradlePluginConfigurationErrors SKIPPED
Build & Public Release	Build Release APK	2026-02-01T17:21:53.4377402Z > Task :domain:javaPreCompileRelease FROM-CACHE
Build & Public Release	Build Release APK	2026-02-01T17:21:53.4378258Z > Task :source-local:generateReleaseResValues FROM-CACHE
Build & Public Release	Build Release APK	2026-02-01T17:21:53.4379094Z > Task :core:archive:generateReleaseResValues FROM-CACHE
Build & Public Release	Build Release APK	2026-02-01T17:21:53.4380002Z > Task :source-local:generateReleaseResources FROM-CACHE
Build & Public Release	Build Release APK	2026-02-01T17:21:53.4380934Z > Task :source-local:packageReleaseResources FROM-CACHE
Build & Public Release	Build Release APK	2026-02-01T17:21:53.4381731Z > Task :source-local:parseReleaseLocalResources FROM-CACHE
Build & Public Release	Build Release APK	2026-02-01T17:21:53.4382516Z > Task :source-local:javaPreCompileRelease FROM-CACHE
Build & Public Release	Build Release APK	2026-02-01T17:21:53.4383330Z > Task :data:checkKotlinGradlePluginConfigurationErrors SKIPPED
Build & Public Release	Build Release APK	2026-02-01T17:21:53.5370914Z > Task :core:archive:generateReleaseResources FROM-CACHE
Build & Public Release	Build Release APK	2026-02-01T17:21:53.5378069Z > Task :core:archive:packageReleaseResources FROM-CACHE
Build & Public Release	Build Release APK	2026-02-01T17:21:53.5381820Z > Task :core:archive:parseReleaseLocalResources FROM-CACHE
Build & Public Release	Build Release APK	2026-02-01T17:21:53.5385811Z > Task :core:archive:checkKotlinGradlePluginConfigurationErrors SKIPPED
Build & Public Release	Build Release APK	2026-02-01T17:21:53.5389979Z > Task :core:archive:javaPreCompileRelease FROM-CACHE
Build & Public Release	Build Release APK	2026-02-01T17:21:53.5393937Z > Task :presentation-core:checkKotlinGradlePluginConfigurationErrors SKIPPED
Build & Public Release	Build Release APK	2026-02-01T17:21:53.5397835Z > Task :presentation-core:generateReleaseResValues FROM-CACHE
Build & Public Release	Build Release APK	2026-02-01T17:21:53.6433059Z > Task :presentation-core:generateReleaseResources FROM-CACHE
Build & Public Release	Build Release APK	2026-02-01T17:21:53.6455418Z > Task :presentation-core:packageReleaseResources FROM-CACHE
Build & Public Release	Build Release APK	2026-02-01T17:21:53.6456323Z > Task :presentation-core:parseReleaseLocalResources FROM-CACHE
Build & Public Release	Build Release APK	2026-02-01T17:21:53.6457122Z > Task :presentation-core:javaPreCompileRelease FROM-CACHE
Build & Public Release	Build Release APK	2026-02-01T17:21:53.6457973Z > Task :presentation-widget:checkKotlinGradlePluginConfigurationErrors SKIPPED
Build & Public Release	Build Release APK	2026-02-01T17:21:53.6458837Z > Task :presentation-widget:generateReleaseResValues FROM-CACHE
Build & Public Release	Build Release APK	2026-02-01T17:21:53.6459502Z > Task :core:common:generateReleaseRFile FROM-CACHE
Build & Public Release	Build Release APK	2026-02-01T17:21:53.6460148Z > Task :presentation-widget:generateReleaseResources FROM-CACHE
Build & Public Release	Build Release APK	2026-02-01T17:21:54.1384970Z > Task :source-api:generateReleaseRFile FROM-CACHE
Build & Public Release	Build Release APK	2026-02-01T17:21:54.1386346Z > Task :data:generateReleaseDatabaseInterface FROM-CACHE
Build & Public Release	Build Release APK	2026-02-01T17:21:54.2366378Z > Task :core-metadata:generateReleaseRFile FROM-CACHE
Build & Public Release	Build Release APK	2026-02-01T17:21:54.3397189Z > Task :domain:generateReleaseRFile FROM-CACHE
Build & Public Release	Build Release APK	2026-02-01T17:21:54.4365673Z > Task :core:common:compileReleaseKotlin FROM-CACHE
Build & Public Release	Build Release APK	2026-02-01T17:21:54.4371455Z > Task :core:common:compileReleaseJavaWithJavac NO-SOURCE
Build & Public Release	Build Release APK	2026-02-01T17:21:54.4380716Z > Task :core:archive:generateReleaseRFile FROM-CACHE
Build & Public Release	Build Release APK	2026-02-01T17:21:54.4386191Z > Task :app:mergeReleaseArtProfile
Build & Public Release	Build Release APK	2026-02-01T17:21:54.4397528Z > Task :core:common:bundleLibCompileToJarRelease
Build & Public Release	Build Release APK	2026-02-01T17:21:54.4402107Z > Task :source-local:generateReleaseRFile FROM-CACHE
Build & Public Release	Build Release APK	2026-02-01T17:21:54.6382109Z > Task :core:archive:compileReleaseKotlin FROM-CACHE
Build & Public Release	Build Release APK	2026-02-01T17:21:54.6403897Z > Task :core:archive:compileReleaseJavaWithJavac NO-SOURCE
Build & Public Release	Build Release APK	2026-02-01T17:21:54.6405096Z > Task :core:archive:bundleLibCompileToJarRelease
Build & Public Release	Build Release APK	2026-02-01T17:21:54.6409669Z > Task :core:archive:mergeReleaseGeneratedProguardFiles
Build & Public Release	Build Release APK	2026-02-01T17:21:54.6410838Z > Task :core:archive:exportReleaseConsumerProguardFiles
Build & Public Release	Build Release APK	2026-02-01T17:21:54.6411867Z > Task :data:generateReleaseResValues FROM-CACHE
Build & Public Release	Build Release APK	2026-02-01T17:21:54.6412927Z > Task :data:generateReleaseResources FROM-CACHE
Build & Public Release	Build Release APK	2026-02-01T17:21:54.6413821Z > Task :source-api:compileReleaseKotlinAndroid FROM-CACHE
Build & Public Release	Build Release APK	2026-02-01T17:21:54.6414576Z > Task :source-api:compileReleaseJavaWithJavac NO-SOURCE
Build & Public Release	Build Release APK	2026-02-01T17:21:54.6415274Z > Task :data:packageReleaseResources FROM-CACHE
Build & Public Release	Build Release APK	2026-02-01T17:21:54.7388498Z > Task :data:parseReleaseLocalResources FROM-CACHE
Build & Public Release	Build Release APK	2026-02-01T17:21:54.7392807Z > Task :source-api:bundleLibCompileToJarRelease
Build & Public Release	Build Release APK	2026-02-01T17:21:54.8380324Z > Task :data:generateReleaseRFile FROM-CACHE
Build & Public Release	Build Release APK	2026-02-01T17:21:55.3366984Z > Task :app:mergeReleaseNativeLibs
Build & Public Release	Build Release APK	2026-02-01T17:21:55.3369750Z > Task :data:javaPreCompileRelease FROM-CACHE
Build & Public Release	Build Release APK	2026-02-01T17:21:55.4398915Z > Task :core-metadata:compileReleaseKotlin FROM-CACHE
Build & Public Release	Build Release APK	2026-02-01T17:21:55.4444790Z > Task :core-metadata:compileReleaseJavaWithJavac NO-SOURCE
Build & Public Release	Build Release APK	2026-02-01T17:21:55.4445821Z > Task :core-metadata:bundleLibCompileToJarRelease
Build & Public Release	Build Release APK	2026-02-01T17:21:55.4446694Z > Task :core-metadata:mergeReleaseGeneratedProguardFiles
Build & Public Release	Build Release APK	2026-02-01T17:21:55.4447685Z > Task :core-metadata:exportReleaseConsumerProguardFiles
Build & Public Release	Build Release APK	2026-02-01T17:21:55.5367127Z > Task :presentation-widget:packageReleaseResources FROM-CACHE
Build & Public Release	Build Release APK	2026-02-01T17:21:55.5368115Z > Task :presentation-widget:parseReleaseLocalResources FROM-CACHE
Build & Public Release	Build Release APK	2026-02-01T17:21:55.5369007Z > Task :presentation-widget:javaPreCompileRelease FROM-CACHE
Build & Public Release	Build Release APK	2026-02-01T17:21:55.5369780Z > Task :source-api:mergeReleaseGeneratedProguardFiles
Build & Public Release	Build Release APK	2026-02-01T17:21:55.6366415Z > Task :domain:compileReleaseKotlin FROM-CACHE
Build & Public Release	Build Release APK	2026-02-01T17:21:55.6367425Z > Task :domain:compileReleaseJavaWithJavac NO-SOURCE
Build & Public Release	Build Release APK	2026-02-01T17:21:55.6368247Z > Task :source-api:exportReleaseConsumerProguardFiles
Build & Public Release	Build Release APK	2026-02-01T17:21:55.6368976Z > Task :domain:mergeReleaseGeneratedProguardFiles
Build & Public Release	Build Release APK	2026-02-01T17:21:55.6370247Z > Task :presentation-core:generateReleaseRFile FROM-CACHE
Build & Public Release	Build Release APK	2026-02-01T17:21:55.6370915Z > Task :domain:exportReleaseConsumerProguardFiles
Build & Public Release	Build Release APK	2026-02-01T17:21:55.7367499Z > Task :domain:bundleLibCompileToJarRelease
Build & Public Release	Build Release APK	2026-02-01T17:21:55.8413632Z > Task :app:expandReleaseL8ArtProfileWildcards FROM-CACHE
Build & Public Release	Build Release APK	2026-02-01T17:21:55.8415847Z > Task :source-local:compileReleaseKotlinAndroid FROM-CACHE
Build & Public Release	Build Release APK	2026-02-01T17:21:55.8418340Z > Task :source-local:compileReleaseJavaWithJavac NO-SOURCE
Build & Public Release	Build Release APK	2026-02-01T17:21:55.8420988Z > Task :source-local:mergeReleaseGeneratedProguardFiles
Build & Public Release	Build Release APK	2026-02-01T17:21:55.8422075Z > Task :presentation-widget:generateReleaseRFile FROM-CACHE
Build & Public Release	Build Release APK	2026-02-01T17:21:55.8426588Z > Task :source-local:exportReleaseConsumerProguardFiles
Build & Public Release	Build Release APK	2026-02-01T17:21:55.8428884Z > Task :flagkit:checkKotlinGradlePluginConfigurationErrors SKIPPED
Build & Public Release	Build Release APK	2026-02-01T17:21:55.8431251Z > Task :flagkit:generateReleaseResValues FROM-CACHE
Build & Public Release	Build Release APK	2026-02-01T17:21:55.9371953Z > Task :presentation-core:compileReleaseKotlin FROM-CACHE
Build & Public Release	Build Release APK	2026-02-01T17:21:55.9375472Z > Task :presentation-core:compileReleaseJavaWithJavac NO-SOURCE
Build & Public Release	Build Release APK	2026-02-01T17:21:56.0384773Z > Task :flagkit:generateReleaseResources FROM-CACHE
Build & Public Release	Build Release APK	2026-02-01T17:21:56.0385597Z > Task :presentation-core:mergeReleaseGeneratedProguardFiles
Build & Public Release	Build Release APK	2026-02-01T17:21:56.0386716Z > Task :presentation-core:exportReleaseConsumerProguardFiles
Build & Public Release	Build Release APK	2026-02-01T17:21:56.0388010Z > Task :presentation-core:bundleLibCompileToJarRelease
Build & Public Release	Build Release APK	2026-02-01T17:21:56.1368652Z > Task :flagkit:packageReleaseResources FROM-CACHE
Build & Public Release	Build Release APK	2026-02-01T17:21:56.1369841Z > Task :flagkit:parseReleaseLocalResources FROM-CACHE
Build & Public Release	Build Release APK	2026-02-01T17:21:56.1370499Z > Task :data:compileReleaseKotlin FROM-CACHE
Build & Public Release	Build Release APK	2026-02-01T17:21:56.1371098Z > Task :flagkit:generateReleaseRFile FROM-CACHE
Build & Public Release	Build Release APK	2026-02-01T17:21:56.1371733Z > Task :data:compileReleaseJavaWithJavac NO-SOURCE
Build & Public Release	Build Release APK	2026-02-01T17:21:56.2366043Z > Task :flagkit:compileReleaseKotlin FROM-CACHE
Build & Public Release	Build Release APK	2026-02-01T17:21:56.2366735Z > Task :flagkit:javaPreCompileRelease FROM-CACHE
Build & Public Release	Build Release APK	2026-02-01T17:21:56.2367373Z > Task :flagkit:compileReleaseJavaWithJavac NO-SOURCE
Build & Public Release	Build Release APK	2026-02-01T17:21:56.2368038Z > Task :flagkit:mergeReleaseGeneratedProguardFiles
Build & Public Release	Build Release APK	2026-02-01T17:21:56.5382790Z > Task :app:stripReleaseDebugSymbols
Build & Public Release	Build Release APK	2026-02-01T17:21:56.5398202Z > Task :data:mergeReleaseGeneratedProguardFiles
Build & Public Release	Build Release APK	2026-02-01T17:21:56.5399190Z > Task :app:extractReleaseNativeSymbolTables FROM-CACHE
Build & Public Release	Build Release APK	2026-02-01T17:21:56.5400132Z > Task :app:mergeReleaseNativeDebugMetadata NO-SOURCE
Build & Public Release	Build Release APK	2026-02-01T17:21:56.5400822Z > Task :flagkit:exportReleaseConsumerProguardFiles
Build & Public Release	Build Release APK	2026-02-01T17:21:56.5401521Z > Task :core:common:mergeReleaseGeneratedProguardFiles
Build & Public Release	Build Release APK	2026-02-01T17:21:56.5402326Z > Task :data:exportReleaseConsumerProguardFiles
Build & Public Release	Build Release APK	2026-02-01T17:21:56.5403016Z > Task :i18n-kmk:kmpPartiallyResolvedDependenciesChecker
Build & Public Release	Build Release APK	2026-02-01T17:21:56.5404007Z > Task :i18n-kmk:checkKotlinGradlePluginConfigurationErrors SKIPPED
Build & Public Release	Build Release APK	2026-02-01T17:21:56.5404825Z > Task :i18n:mergeReleaseGeneratedProguardFiles
Build & Public Release	Build Release APK	2026-02-01T17:21:56.5405525Z > Task :i18n-kmk:generateReleaseResValues FROM-CACHE
Build & Public Release	Build Release APK	2026-02-01T17:21:56.5406237Z > Task :i18n-kmk:generateReleaseResources FROM-CACHE
Build & Public Release	Build Release APK	2026-02-01T17:21:56.5406890Z > Task :i18n:exportReleaseConsumerProguardFiles
Build & Public Release	Build Release APK	2026-02-01T17:21:56.5407587Z > Task :core:common:exportReleaseConsumerProguardFiles
Build & Public Release	Build Release APK	2026-02-01T17:21:56.5408272Z > Task :i18n-sy:mergeReleaseGeneratedProguardFiles
Build & Public Release	Build Release APK	2026-02-01T17:21:56.5408904Z > Task :i18n-ank:mergeReleaseGeneratedProguardFiles
Build & Public Release	Build Release APK	2026-02-01T17:21:56.5409568Z > Task :i18n-sy:exportReleaseConsumerProguardFiles
Build & Public Release	Build Release APK	2026-02-01T17:21:56.5410391Z > Task :telemetry:checkKotlinGradlePluginConfigurationErrors SKIPPED
Build & Public Release	Build Release APK	2026-02-01T17:21:56.5411209Z > Task :i18n-ank:exportReleaseConsumerProguardFiles
Build & Public Release	Build Release APK	2026-02-01T17:21:56.5411879Z > Task :telemetry:generateReleaseResValues FROM-CACHE
Build & Public Release	Build Release APK	2026-02-01T17:21:56.5412586Z > Task :telemetry:generateReleaseResources FROM-CACHE
Build & Public Release	Build Release APK	2026-02-01T17:21:56.6382403Z > Task :telemetry:packageReleaseResources FROM-CACHE
Build & Public Release	Build Release APK	2026-02-01T17:21:56.6383791Z > Task :i18n-kmk:packageReleaseResources FROM-CACHE
Build & Public Release	Build Release APK	2026-02-01T17:21:56.6384867Z > Task :telemetry:parseReleaseLocalResources FROM-CACHE
Build & Public Release	Build Release APK	2026-02-01T17:21:56.6386106Z > Task :i18n-kmk:parseReleaseLocalResources FROM-CACHE
Build & Public Release	Build Release APK	2026-02-01T17:21:56.6386938Z > Task :telemetry:generateReleaseRFile FROM-CACHE
Build & Public Release	Build Release APK	2026-02-01T17:21:56.6389626Z > Task :presentation-widget:compileReleaseKotlin FROM-CACHE
Build & Public Release	Build Release APK	2026-02-01T17:21:56.6390461Z > Task :presentation-widget:compileReleaseJavaWithJavac NO-SOURCE
Build & Public Release	Build Release APK	2026-02-01T17:21:56.6391201Z > Task :i18n-kmk:generateReleaseRFile FROM-CACHE
Build & Public Release	Build Release APK	2026-02-01T17:21:56.6391924Z > Task :presentation-widget:mergeReleaseGeneratedProguardFiles
Build & Public Release	Build Release APK	2026-02-01T17:21:56.6392762Z > Task :presentation-widget:exportReleaseConsumerProguardFiles
Build & Public Release	Build Release APK	2026-02-01T17:21:56.6393604Z > Task :app:buildKotlinToolingMetadata
Build & Public Release	Build Release APK	2026-02-01T17:21:56.7371830Z > Task :telemetry:compileReleaseKotlin FROM-CACHE
Build & Public Release	Build Release APK	2026-02-01T17:21:56.7377379Z > Task :telemetry:javaPreCompileRelease FROM-CACHE
Build & Public Release	Build Release APK	2026-02-01T17:21:56.7381614Z > Task :telemetry:compileReleaseJavaWithJavac NO-SOURCE
Build & Public Release	Build Release APK	2026-02-01T17:21:56.7382363Z > Task :telemetry:mergeReleaseGeneratedProguardFiles
Build & Public Release	Build Release APK	2026-02-01T17:21:56.7383086Z > Task :i18n-kmk:compileReleaseKotlinAndroid FROM-CACHE
Build & Public Release	Build Release APK	2026-02-01T17:21:56.7383915Z > Task :core-metadata:writeReleaseAarMetadata
Build & Public Release	Build Release APK	2026-02-01T17:21:56.7405806Z > Task :i18n-kmk:javaPreCompileRelease FROM-CACHE
Build & Public Release	Build Release APK	2026-02-01T17:21:56.7413345Z > Task :i18n-kmk:compileReleaseJavaWithJavac NO-SOURCE
Build & Public Release	Build Release APK	2026-02-01T17:21:56.7419116Z > Task :i18n-kmk:mergeReleaseGeneratedProguardFiles
Build & Public Release	Build Release APK	2026-02-01T17:21:56.7423932Z > Task :data:writeReleaseAarMetadata
Build & Public Release	Build Release APK	2026-02-01T17:21:56.7430302Z > Task :domain:writeReleaseAarMetadata
Build & Public Release	Build Release APK	2026-02-01T17:21:56.7444519Z > Task :i18n-kmk:exportReleaseConsumerProguardFiles
Build & Public Release	Build Release APK	2026-02-01T17:21:56.7445159Z > Task :i18n:writeReleaseAarMetadata
Build & Public Release	Build Release APK	2026-02-01T17:21:56.9399325Z > Task :telemetry:exportReleaseConsumerProguardFiles
Build & Public Release	Build Release APK	2026-02-01T17:21:56.9400093Z > Task :i18n-ank:writeReleaseAarMetadata
Build & Public Release	Build Release APK	2026-02-01T17:21:56.9400659Z > Task :i18n-kmk:writeReleaseAarMetadata
Build & Public Release	Build Release APK	2026-02-01T17:21:56.9406147Z > Task :flagkit:writeReleaseAarMetadata
Build & Public Release	Build Release APK	2026-02-01T17:21:56.9406853Z > Task :presentation-core:writeReleaseAarMetadata
Build & Public Release	Build Release APK	2026-02-01T17:21:56.9407480Z > Task :i18n-sy:writeReleaseAarMetadata
Build & Public Release	Build Release APK	2026-02-01T17:21:56.9409204Z > Task :source-local:writeReleaseAarMetadata
Build & Public Release	Build Release APK	2026-02-01T17:21:56.9409934Z > Task :app:checkKotlinGradlePluginConfigurationErrors SKIPPED
Build & Public Release	Build Release APK	2026-02-01T17:21:56.9410629Z > Task :source-api:writeReleaseAarMetadata
Build & Public Release	Build Release APK	2026-02-01T17:21:56.9411316Z > Task :presentation-widget:writeReleaseAarMetadata
Build & Public Release	Build Release APK	2026-02-01T17:21:56.9411987Z > Task :telemetry:writeReleaseAarMetadata
Build & Public Release	Build Release APK	2026-02-01T17:21:56.9412571Z > Task :core:archive:writeReleaseAarMetadata
Build & Public Release	Build Release APK	2026-02-01T17:21:56.9413213Z > Task :core-metadata:extractDeepLinksRelease FROM-CACHE
Build & Public Release	Build Release APK	2026-02-01T17:21:56.9414063Z > Task :core:common:writeReleaseAarMetadata
Build & Public Release	Build Release APK	2026-02-01T17:21:56.9414659Z > Task :data:extractDeepLinksRelease FROM-CACHE
Build & Public Release	Build Release APK	2026-02-01T17:21:56.9429866Z > Task :core-metadata:processReleaseManifest FROM-CACHE
Build & Public Release	Build Release APK	2026-02-01T17:21:56.9430564Z > Task :domain:extractDeepLinksRelease FROM-CACHE
Build & Public Release	Build Release APK	2026-02-01T17:21:56.9431188Z > Task :data:processReleaseManifest FROM-CACHE
Build & Public Release	Build Release APK	2026-02-01T17:21:56.9431827Z > Task :flagkit:extractDeepLinksRelease FROM-CACHE
Build & Public Release	Build Release APK	2026-02-01T17:21:56.9432463Z > Task :domain:processReleaseManifest FROM-CACHE
Build & Public Release	Build Release APK	2026-02-01T17:21:57.0381195Z > Task :i18n:extractDeepLinksRelease FROM-CACHE
Build & Public Release	Build Release APK	2026-02-01T17:21:57.0382283Z > Task :flagkit:processReleaseManifest FROM-CACHE
Build & Public Release	Build Release APK	2026-02-01T17:21:57.0384759Z > Task :i18n-ank:extractDeepLinksRelease FROM-CACHE
Build & Public Release	Build Release APK	2026-02-01T17:21:57.0388057Z > Task :i18n:processReleaseManifest FROM-CACHE
Build & Public Release	Build Release APK	2026-02-01T17:21:57.0388749Z > Task :i18n-ank:processReleaseManifest FROM-CACHE
Build & Public Release	Build Release APK	2026-02-01T17:21:57.0389408Z > Task :i18n-kmk:extractDeepLinksRelease FROM-CACHE
Build & Public Release	Build Release APK	2026-02-01T17:21:57.0390095Z > Task :i18n-sy:extractDeepLinksRelease FROM-CACHE
Build & Public Release	Build Release APK	2026-02-01T17:21:57.0390734Z > Task :i18n-kmk:processReleaseManifest FROM-CACHE
Build & Public Release	Build Release APK	2026-02-01T17:21:57.0391423Z > Task :presentation-core:extractDeepLinksRelease FROM-CACHE
Build & Public Release	Build Release APK	2026-02-01T17:21:57.0392126Z > Task :i18n-sy:processReleaseManifest FROM-CACHE
Build & Public Release	Build Release APK	2026-02-01T17:21:57.0393192Z > Task :presentation-widget:extractDeepLinksRelease FROM-CACHE
Build & Public Release	Build Release APK	2026-02-01T17:21:57.0394163Z > Task :presentation-core:processReleaseManifest FROM-CACHE
Build & Public Release	Build Release APK	2026-02-01T17:21:57.0394927Z > Task :presentation-widget:processReleaseManifest FROM-CACHE
Build & Public Release	Build Release APK	2026-02-01T17:21:57.0395653Z > Task :source-api:extractDeepLinksRelease FROM-CACHE
Build & Public Release	Build Release APK	2026-02-01T17:21:57.0396374Z > Task :source-local:extractDeepLinksRelease FROM-CACHE
Build & Public Release	Build Release APK	2026-02-01T17:21:57.1366697Z > Task :source-api:processReleaseManifest FROM-CACHE
Build & Public Release	Build Release APK	2026-02-01T17:21:57.1367767Z > Task :source-local:processReleaseManifest FROM-CACHE
Build & Public Release	Build Release APK	2026-02-01T17:21:57.1368611Z > Task :core:archive:extractDeepLinksRelease FROM-CACHE
Build & Public Release	Build Release APK	2026-02-01T17:21:57.1369416Z > Task :telemetry:extractDeepLinksRelease FROM-CACHE
Build & Public Release	Build Release APK	2026-02-01T17:21:57.1370208Z > Task :core:archive:processReleaseManifest FROM-CACHE
Build & Public Release	Build Release APK	2026-02-01T17:21:57.1371031Z > Task :telemetry:processReleaseManifest FROM-CACHE
Build & Public Release	Build Release APK	2026-02-01T17:21:57.1371826Z > Task :core:common:extractDeepLinksRelease FROM-CACHE
Build & Public Release	Build Release APK	2026-02-01T17:21:57.1372699Z > Task :core:common:processReleaseManifest FROM-CACHE
Build & Public Release	Build Release APK	2026-02-01T17:21:57.1373665Z > Task :app:checkReleaseDuplicateClasses
Build & Public Release	Build Release APK	2026-02-01T17:21:57.1374432Z > Task :flagkit:bundleLibCompileToJarRelease
Build & Public Release	Build Release APK	2026-02-01T17:21:57.1375185Z > Task :i18n-kmk:bundleLibCompileToJarRelease
Build & Public Release	Build Release APK	2026-02-01T17:21:57.2388823Z > Task :source-local:bundleLibCompileToJarRelease
Build & Public Release	Build Release APK	2026-02-01T17:21:57.2393684Z > Task :app:dataBindingMergeDependencyArtifactsRelease
Build & Public Release	Build Release APK	2026-02-01T17:21:57.2397631Z > Task :presentation-widget:bundleLibCompileToJarRelease
Build & Public Release	Build Release APK	2026-02-01T17:21:57.2400793Z > Task :app:generateReleaseResValues FROM-CACHE
Build & Public Release	Build Release APK	2026-02-01T17:21:57.2403262Z > Task :data:bundleLibCompileToJarRelease
Build & Public Release	Build Release APK	2026-02-01T17:21:57.2405869Z > Task :core-metadata:bundleLibRuntimeToJarRelease
Build & Public Release	Build Release APK	2026-02-01T17:21:57.2409798Z > Task :telemetry:bundleLibCompileToJarRelease
Build & Public Release	Build Release APK	2026-02-01T17:21:57.2419441Z > Task :flagkit:bundleLibRuntimeToJarRelease
Build & Public Release	Build Release APK	2026-02-01T17:21:57.2420020Z > Task :i18n:bundleLibRuntimeToJarRelease
Build & Public Release	Build Release APK	2026-02-01T17:21:57.2429050Z > Task :i18n-ank:bundleLibRuntimeToJarRelease
Build & Public Release	Build Release APK	2026-02-01T17:21:57.2429620Z > Task :i18n-kmk:bundleLibRuntimeToJarRelease
Build & Public Release	Build Release APK	2026-02-01T17:21:57.2430137Z > Task :i18n-sy:bundleLibRuntimeToJarRelease
Build & Public Release	Build Release APK	2026-02-01T17:21:57.2430684Z > Task :app:generateReleaseResources FROM-CACHE
Build & Public Release	Build Release APK	2026-02-01T17:21:57.2431288Z > Task :app:prepareLibraryDefinitionsRelease FROM-CACHE
Build & Public Release	Build Release APK	2026-02-01T17:21:57.2431847Z > Task :data:bundleLibRuntimeToJarRelease
Build & Public Release	Build Release APK	2026-02-01T17:21:57.3399766Z > Task :domain:bundleLibRuntimeToJarRelease
Build & Public Release	Build Release APK	2026-02-01T17:21:57.3400885Z > Task :presentation-widget:bundleLibRuntimeToJarRelease
Build & Public Release	Build Release APK	2026-02-01T17:21:57.3402817Z > Task :presentation-core:bundleLibRuntimeToJarRelease
Build & Public Release	Build Release APK	2026-02-01T17:21:57.3403737Z > Task :source-local:bundleLibRuntimeToJarRelease
Build & Public Release	Build Release APK	2026-02-01T17:21:57.3404381Z > Task :telemetry:bundleLibRuntimeToJarRelease
Build & Public Release	Build Release APK	2026-02-01T17:21:57.3405023Z > Task :core:archive:bundleLibRuntimeToJarRelease
Build & Public Release	Build Release APK	2026-02-01T17:21:57.3405674Z > Task :source-api:bundleLibRuntimeToJarRelease
Build & Public Release	Build Release APK	2026-02-01T17:21:57.3406311Z > Task :core:common:bundleLibRuntimeToJarRelease
Build & Public Release	Build Release APK	2026-02-01T17:21:57.3406951Z > Task :core-metadata:processReleaseJavaRes
Build & Public Release	Build Release APK	2026-02-01T17:21:57.4370595Z > Task :data:processReleaseJavaRes
Build & Public Release	Build Release APK	2026-02-01T17:21:57.4371298Z > Task :flagkit:processReleaseJavaRes
Build & Public Release	Build Release APK	2026-02-01T17:21:57.4371884Z > Task :i18n:processReleaseJavaRes
Build & Public Release	Build Release APK	2026-02-01T17:21:57.4372422Z > Task :i18n-ank:processReleaseJavaRes
Build & Public Release	Build Release APK	2026-02-01T17:21:57.4372982Z > Task :domain:processReleaseJavaRes
Build & Public Release	Build Release APK	2026-02-01T17:21:57.4373708Z > Task :i18n-kmk:processReleaseJavaRes
Build & Public Release	Build Release APK	2026-02-01T17:21:57.4374523Z > Task :i18n-sy:processReleaseJavaRes
Build & Public Release	Build Release APK	2026-02-01T17:21:57.4375546Z > Task :presentation-widget:processReleaseJavaRes
Build & Public Release	Build Release APK	2026-02-01T17:21:57.4376384Z > Task :presentation-core:processReleaseJavaRes
Build & Public Release	Build Release APK	2026-02-01T17:21:57.4377161Z > Task :source-api:processReleaseJavaRes
Build & Public Release	Build Release APK	2026-02-01T17:21:57.4378032Z > Task :source-local:processReleaseJavaRes
Build & Public Release	Build Release APK	2026-02-01T17:21:57.4378716Z > Task :telemetry:processReleaseJavaRes
Build & Public Release	Build Release APK	2026-02-01T17:21:57.4379516Z > Task :core:archive:processReleaseJavaRes
Build & Public Release	Build Release APK	2026-02-01T17:21:57.5365834Z > Task :core-metadata:mergeReleaseShaders
Build & Public Release	Build Release APK	2026-02-01T17:21:57.5371219Z > Task :data:mergeReleaseShaders
Build & Public Release	Build Release APK	2026-02-01T17:21:57.5379350Z > Task :core:common:processReleaseJavaRes
Build & Public Release	Build Release APK	2026-02-01T17:21:57.5391225Z > Task :data:compileReleaseShaders NO-SOURCE
Build & Public Release	Build Release APK	2026-02-01T17:21:57.5392291Z > Task :data:generateReleaseAssets UP-TO-DATE
Build & Public Release	Build Release APK	2026-02-01T17:21:57.5393154Z > Task :core-metadata:compileReleaseShaders NO-SOURCE
Build & Public Release	Build Release APK	2026-02-01T17:21:57.5394255Z > Task :core-metadata:generateReleaseAssets UP-TO-DATE
Build & Public Release	Build Release APK	2026-02-01T17:21:57.5395111Z > Task :domain:mergeReleaseShaders
Build & Public Release	Build Release APK	2026-02-01T17:21:57.5395876Z > Task :domain:compileReleaseShaders NO-SOURCE
Build & Public Release	Build Release APK	2026-02-01T17:21:57.5396657Z > Task :core-metadata:mergeReleaseAssets
Build & Public Release	Build Release APK	2026-02-01T17:21:57.5397403Z > Task :data:mergeReleaseAssets
Build & Public Release	Build Release APK	2026-02-01T17:21:57.5399681Z > Task :domain:generateReleaseAssets UP-TO-DATE
Build & Public Release	Build Release APK	2026-02-01T17:21:57.5400572Z > Task :flagkit:mergeReleaseShaders
Build & Public Release	Build Release APK	2026-02-01T17:21:57.5401327Z > Task :i18n:mergeReleaseShaders
Build & Public Release	Build Release APK	2026-02-01T17:21:57.5402154Z > Task :flagkit:compileReleaseShaders NO-SOURCE
Build & Public Release	Build Release APK	2026-02-01T17:21:57.5403127Z > Task :i18n:compileReleaseShaders NO-SOURCE
Build & Public Release	Build Release APK	2026-02-01T17:21:57.5403992Z > Task :flagkit:generateReleaseAssets UP-TO-DATE
Build & Public Release	Build Release APK	2026-02-01T17:21:57.5404615Z > Task :i18n:generateReleaseAssets UP-TO-DATE
Build & Public Release	Build Release APK	2026-02-01T17:21:57.5405161Z > Task :domain:mergeReleaseAssets
Build & Public Release	Build Release APK	2026-02-01T17:21:57.5405697Z > Task :i18n:releaseAssetsCopyForAGP NO-SOURCE
Build & Public Release	Build Release APK	2026-02-01T17:21:57.5406261Z > Task :flagkit:mergeReleaseAssets
Build & Public Release	Build Release APK	2026-02-01T17:21:57.5406760Z > Task :i18n-ank:mergeReleaseShaders
Build & Public Release	Build Release APK	2026-02-01T17:21:57.5407672Z > Task :i18n-ank:compileReleaseShaders NO-SOURCE
Build & Public Release	Build Release APK	2026-02-01T17:21:57.5408225Z > Task :i18n:mergeReleaseAssets
Build & Public Release	Build Release APK	2026-02-01T17:21:57.5408745Z > Task :i18n-ank:generateReleaseAssets UP-TO-DATE
Build & Public Release	Build Release APK	2026-02-01T17:21:57.5409360Z > Task :i18n-ank:releaseAssetsCopyForAGP NO-SOURCE
Build & Public Release	Build Release APK	2026-02-01T17:21:57.5409921Z > Task :i18n-kmk:mergeReleaseShaders
Build & Public Release	Build Release APK	2026-02-01T17:21:57.5410420Z > Task :i18n-sy:mergeReleaseShaders
Build & Public Release	Build Release APK	2026-02-01T17:21:57.5410941Z > Task :i18n-kmk:compileReleaseShaders NO-SOURCE
Build & Public Release	Build Release APK	2026-02-01T17:21:57.5411538Z > Task :i18n-kmk:generateReleaseAssets UP-TO-DATE
Build & Public Release	Build Release APK	2026-02-01T17:21:57.5412124Z > Task :i18n-sy:compileReleaseShaders NO-SOURCE
Build & Public Release	Build Release APK	2026-02-01T17:21:57.5412694Z > Task :i18n-sy:generateReleaseAssets UP-TO-DATE
Build & Public Release	Build Release APK	2026-02-01T17:21:57.5413279Z > Task :i18n-kmk:releaseAssetsCopyForAGP NO-SOURCE
Build & Public Release	Build Release APK	2026-02-01T17:21:57.5414027Z > Task :i18n-sy:releaseAssetsCopyForAGP NO-SOURCE
Build & Public Release	Build Release APK	2026-02-01T17:21:57.5414561Z > Task :i18n-ank:mergeReleaseAssets
Build & Public Release	Build Release APK	2026-02-01T17:21:57.5415050Z > Task :i18n-sy:mergeReleaseAssets
Build & Public Release	Build Release APK	2026-02-01T17:21:57.5415594Z > Task :presentation-core:mergeReleaseShaders
Build & Public Release	Build Release APK	2026-02-01T17:21:57.5416131Z > Task :i18n-kmk:mergeReleaseAssets
Build & Public Release	Build Release APK	2026-02-01T17:21:57.5416721Z > Task :presentation-core:compileReleaseShaders NO-SOURCE
Build & Public Release	Build Release APK	2026-02-01T17:21:57.5417430Z > Task :presentation-core:generateReleaseAssets UP-TO-DATE
Build & Public Release	Build Release APK	2026-02-01T17:21:57.5418092Z > Task :presentation-widget:mergeReleaseShaders
Build & Public Release	Build Release APK	2026-02-01T17:21:57.5418684Z > Task :presentation-core:mergeReleaseAssets
Build & Public Release	Build Release APK	2026-02-01T17:21:57.5419355Z > Task :presentation-widget:compileReleaseShaders NO-SOURCE
Build & Public Release	Build Release APK	2026-02-01T17:21:57.5420122Z > Task :presentation-widget:generateReleaseAssets UP-TO-DATE
Build & Public Release	Build Release APK	2026-02-01T17:21:57.5420779Z > Task :source-api:mergeReleaseShaders
Build & Public Release	Build Release APK	2026-02-01T17:21:57.5421353Z > Task :source-api:compileReleaseShaders NO-SOURCE
Build & Public Release	Build Release APK	2026-02-01T17:21:57.5421989Z > Task :source-api:generateReleaseAssets UP-TO-DATE
Build & Public Release	Build Release APK	2026-02-01T17:21:57.6435884Z > Task :presentation-widget:mergeReleaseAssets
Build & Public Release	Build Release APK	2026-02-01T17:21:57.6438415Z > Task :source-api:releaseAssetsCopyForAGP NO-SOURCE
Build & Public Release	Build Release APK	2026-02-01T17:21:57.6445287Z > Task :source-local:mergeReleaseShaders
Build & Public Release	Build Release APK	2026-02-01T17:21:57.6445972Z > Task :source-local:compileReleaseShaders NO-SOURCE
Build & Public Release	Build Release APK	2026-02-01T17:21:57.6446696Z > Task :source-local:generateReleaseAssets UP-TO-DATE
Build & Public Release	Build Release APK	2026-02-01T17:21:57.6447357Z > Task :telemetry:mergeReleaseShaders
Build & Public Release	Build Release APK	2026-02-01T17:21:57.6448008Z > Task :source-local:releaseAssetsCopyForAGP NO-SOURCE
Build & Public Release	Build Release APK	2026-02-01T17:21:57.6448692Z > Task :telemetry:compileReleaseShaders NO-SOURCE
Build & Public Release	Build Release APK	2026-02-01T17:21:57.6449807Z > Task :telemetry:generateReleaseAssets UP-TO-DATE
Build & Public Release	Build Release APK	2026-02-01T17:21:57.6450428Z > Task :source-api:mergeReleaseAssets
Build & Public Release	Build Release APK	2026-02-01T17:21:57.6450986Z > Task :telemetry:mergeReleaseAssets
Build & Public Release	Build Release APK	2026-02-01T17:21:57.6451561Z > Task :source-local:mergeReleaseAssets
Build & Public Release	Build Release APK	2026-02-01T17:21:57.6452133Z > Task :core:archive:mergeReleaseShaders
Build & Public Release	Build Release APK	2026-02-01T17:21:57.6452808Z > Task :core-metadata:stripReleaseDebugSymbols NO-SOURCE
Build & Public Release	Build Release APK	2026-02-01T17:21:57.6453704Z > Task :core:archive:compileReleaseShaders NO-SOURCE
Build & Public Release	Build Release APK	2026-02-01T17:21:57.6454422Z > Task :core:archive:generateReleaseAssets UP-TO-DATE
Build & Public Release	Build Release APK	2026-02-01T17:21:57.6455059Z > Task :core:common:mergeReleaseShaders
Build & Public Release	Build Release APK	2026-02-01T17:21:57.6455661Z > Task :core:common:compileReleaseShaders NO-SOURCE
Build & Public Release	Build Release APK	2026-02-01T17:21:57.6456352Z > Task :core:common:generateReleaseAssets UP-TO-DATE
Build & Public Release	Build Release APK	2026-02-01T17:21:57.6457066Z > Task :core-metadata:copyReleaseJniLibsProjectAndLocalJars
Build & Public Release	Build Release APK	2026-02-01T17:21:57.6457867Z > Task :core-metadata:extractDeepLinksForAarRelease FROM-CACHE
Build & Public Release	Build Release APK	2026-02-01T17:21:57.6458561Z > Task :core:common:mergeReleaseAssets
Build & Public Release	Build Release APK	2026-02-01T17:21:57.6459131Z > Task :core:archive:mergeReleaseAssets
Build & Public Release	Build Release APK	2026-02-01T17:21:57.6459774Z > Task :i18n:compileReleaseLibraryResources FROM-CACHE
Build & Public Release	Build Release APK	2026-02-01T17:21:57.6460527Z > Task :i18n-sy:compileReleaseLibraryResources FROM-CACHE
Build & Public Release	Build Release APK	2026-02-01T17:21:57.6461310Z > Task :core:common:compileReleaseLibraryResources FROM-CACHE
Build & Public Release	Build Release APK	2026-02-01T17:21:57.6462065Z > Task :source-api:compileReleaseLibraryResources FROM-CACHE
Build & Public Release	Build Release APK	2026-02-01T17:21:57.6462801Z > Task :data:stripReleaseDebugSymbols NO-SOURCE
Build & Public Release	Build Release APK	2026-02-01T17:21:57.6463957Z > Task :domain:compileReleaseLibraryResources FROM-CACHE
Build & Public Release	Build Release APK	2026-02-01T17:21:57.6464651Z > Task :data:extractDeepLinksForAarRelease FROM-CACHE
Build & Public Release	Build Release APK	2026-02-01T17:21:57.6465328Z > Task :data:copyReleaseJniLibsProjectAndLocalJars
Build & Public Release	Build Release APK	2026-02-01T17:21:57.6466059Z > Task :i18n-ank:compileReleaseLibraryResources FROM-CACHE
Build & Public Release	Build Release APK	2026-02-01T17:21:57.6466755Z > Task :domain:stripReleaseDebugSymbols NO-SOURCE
Build & Public Release	Build Release APK	2026-02-01T17:21:57.6467430Z > Task :domain:copyReleaseJniLibsProjectAndLocalJars
Build & Public Release	Build Release APK	2026-02-01T17:21:57.6468141Z > Task :domain:extractDeepLinksForAarRelease FROM-CACHE
Build & Public Release	Build Release APK	2026-02-01T17:21:57.8365384Z > Task :app:prepareReleaseShortcutXML
Build & Public Release	Build Release APK	2026-02-01T17:21:59.0365682Z > Task :core-metadata:extractReleaseAnnotations FROM-CACHE
Build & Public Release	Build Release APK	2026-02-01T17:21:59.0384384Z > Task :core-metadata:mergeReleaseConsumerProguardFiles
Build & Public Release	Build Release APK	2026-02-01T17:21:59.0388999Z > Task :core-metadata:prepareLintJarForPublish
Build & Public Release	Build Release APK	2026-02-01T17:21:59.3394916Z > Task :core-metadata:mergeReleaseJavaResource
Build & Public Release	Build Release APK	2026-02-01T17:21:59.3396126Z > Task :data:extractReleaseAnnotations FROM-CACHE
Build & Public Release	Build Release APK	2026-02-01T17:21:59.3396955Z > Task :data:mergeReleaseConsumerProguardFiles
Build & Public Release	Build Release APK	2026-02-01T17:21:59.3397736Z > Task :core-metadata:syncReleaseLibJars FROM-CACHE
Build & Public Release	Build Release APK	2026-02-01T17:21:59.3398513Z > Task :domain:extractReleaseAnnotations FROM-CACHE
Build & Public Release	Build Release APK	2026-02-01T17:21:59.3399251Z > Task :data:prepareLintJarForPublish
Build & Public Release	Build Release APK	2026-02-01T17:21:59.3400045Z > Task :domain:mergeReleaseConsumerProguardFiles
Build & Public Release	Build Release APK	2026-02-01T17:21:59.3400831Z > Task :domain:prepareLintJarForPublish
Build & Public Release	Build Release APK	2026-02-01T17:21:59.3401397Z > Task :data:mergeReleaseJavaResource
Build & Public Release	Build Release APK	2026-02-01T17:21:59.3401910Z > Task :domain:mergeReleaseJavaResource
Build & Public Release	Build Release APK	2026-02-01T17:21:59.4404853Z > Task :domain:syncReleaseLibJars FROM-CACHE
Build & Public Release	Build Release APK	2026-02-01T17:21:59.4405692Z > Task :core-metadata:bundleReleaseAar
Build & Public Release	Build Release APK	2026-02-01T17:21:59.4406251Z > Task :data:mapReleaseSourceSetPaths
Build & Public Release	Build Release APK	2026-02-01T17:21:59.4406819Z > Task :core-metadata:mapReleaseSourceSetPaths
Build & Public Release	Build Release APK	2026-02-01T17:21:59.5414873Z > Task :domain:bundleReleaseAar
Build & Public Release	Build Release APK	2026-02-01T17:21:59.5415823Z > Task :data:syncReleaseLibJars FROM-CACHE
Build & Public Release	Build Release APK	2026-02-01T17:21:59.5416671Z > Task :domain:mapReleaseSourceSetPaths
Build & Public Release	Build Release APK	2026-02-01T17:21:59.6365159Z > Task :data:bundleReleaseAar
Build & Public Release	Build Release APK	2026-02-01T17:21:59.6370154Z > Task :flagkit:stripReleaseDebugSymbols NO-SOURCE
Build & Public Release	Build Release APK	2026-02-01T17:21:59.6371260Z > Task :flagkit:copyReleaseJniLibsProjectAndLocalJars
Build & Public Release	Build Release APK	2026-02-01T17:21:59.6372418Z > Task :flagkit:extractDeepLinksForAarRelease FROM-CACHE
Build & Public Release	Build Release APK	2026-02-01T17:21:59.6373662Z > Task :app:mergeReleaseResources FROM-CACHE
Build & Public Release	Build Release APK	2026-02-01T17:21:59.6374613Z > Task :flagkit:extractReleaseAnnotations FROM-CACHE
Build & Public Release	Build Release APK	2026-02-01T17:21:59.8365294Z > Task :app:dataBindingGenBaseClassesRelease FROM-CACHE
Build & Public Release	Build Release APK	2026-02-01T17:22:00.0365466Z > Task :core-metadata:mergeReleaseResources FROM-CACHE
Build & Public Release	Build Release APK	2026-02-01T17:22:00.0369991Z > Task :domain:mergeReleaseResources FROM-CACHE
Build & Public Release	Build Release APK	2026-02-01T17:22:00.1365940Z > Task :app:generateReleaseBuildConfig
Build & Public Release	Build Release APK	2026-02-01T17:22:00.1371457Z > Task :data:mergeReleaseResources FROM-CACHE
Build & Public Release	Build Release APK	2026-02-01T17:22:00.2366550Z > Task :domain:verifyReleaseResources FROM-CACHE
Build & Public Release	Build Release APK	2026-02-01T17:22:00.2367481Z > Task :domain:assembleRelease
Build & Public Release	Build Release APK	2026-02-01T17:22:00.2368287Z > Task :flagkit:mergeReleaseConsumerProguardFiles
Build & Public Release	Build Release APK	2026-02-01T17:22:00.2369008Z > Task :flagkit:prepareLintJarForPublish
Build & Public Release	Build Release APK	2026-02-01T17:22:00.3404843Z > Task :flagkit:mergeReleaseJavaResource
Build & Public Release	Build Release APK	2026-02-01T17:22:00.3405771Z > Task :app:checkReleaseAarMetadata
Build & Public Release	Build Release APK	2026-02-01T17:22:00.3406421Z > Task :app:mapReleaseSourceSetPaths
Build & Public Release	Build Release APK	2026-02-01T17:22:00.3407271Z > Task :core-metadata:verifyReleaseResources FROM-CACHE
Build & Public Release	Build Release APK	2026-02-01T17:22:00.3407932Z > Task :core-metadata:assembleRelease
Build & Public Release	Build Release APK	2026-02-01T17:22:00.3408498Z > Task :i18n:stripReleaseDebugSymbols NO-SOURCE
Build & Public Release	Build Release APK	2026-02-01T17:22:00.3409136Z > Task :i18n:copyReleaseJniLibsProjectAndLocalJars
Build & Public Release	Build Release APK	2026-02-01T17:22:00.3409775Z > Task :flagkit:syncReleaseLibJars FROM-CACHE
Build & Public Release	Build Release APK	2026-02-01T17:22:00.3410384Z > Task :i18n:extractDeepLinksForAarRelease FROM-CACHE
Build & Public Release	Build Release APK	2026-02-01T17:22:00.3411017Z > Task :app:createReleaseCompatibleScreenManifests
Build & Public Release	Build Release APK	2026-02-01T17:22:00.3411620Z > Task :app:extractDeepLinksRelease FROM-CACHE
Build & Public Release	Build Release APK	2026-02-01T17:22:00.4366824Z > Task :i18n:extractReleaseAnnotations FROM-CACHE
Build & Public Release	Build Release APK	2026-02-01T17:22:00.4373204Z > Task :i18n:mergeReleaseConsumerProguardFiles
Build & Public Release	Build Release APK	2026-02-01T17:22:00.4379412Z > Task :data:verifyReleaseResources FROM-CACHE
Build & Public Release	Build Release APK	2026-02-01T17:22:00.4379998Z > Task :data:assembleRelease
Build & Public Release	Build Release APK	2026-02-01T17:22:00.5365186Z > Task :flagkit:bundleReleaseAar
Build & Public Release	Build Release APK	2026-02-01T17:22:00.5370376Z > Task :flagkit:mapReleaseSourceSetPaths
Build & Public Release	Build Release APK	2026-02-01T17:22:00.5377350Z > Task :i18n:prepareLintJarForPublish
Build & Public Release	Build Release APK	2026-02-01T17:22:00.5377939Z > Task :i18n:mergeReleaseJavaResource
Build & Public Release	Build Release APK	2026-02-01T17:22:00.5378524Z > Task :i18n-ank:stripReleaseDebugSymbols NO-SOURCE
Build & Public Release	Build Release APK	2026-02-01T17:22:00.6372704Z > Task :i18n-ank:copyReleaseJniLibsProjectAndLocalJars
Build & Public Release	Build Release APK	2026-02-01T17:22:00.6374089Z > Task :i18n-ank:extractDeepLinksForAarRelease FROM-CACHE
Build & Public Release	Build Release APK	2026-02-01T17:22:00.6374948Z > Task :i18n:mapReleaseSourceSetPaths
Build & Public Release	Build Release APK	2026-02-01T17:22:00.7365523Z > Task :app:processReleaseMainManifest FROM-CACHE
Build & Public Release	Build Release APK	2026-02-01T17:22:00.7379799Z > Task :i18n-ank:extractReleaseAnnotations FROM-CACHE
Build & Public Release	Build Release APK	2026-02-01T17:22:00.7380826Z > Task :i18n:syncReleaseLibJars FROM-CACHE
Build & Public Release	Build Release APK	2026-02-01T17:22:00.7385674Z > Task :app:processReleaseManifest FROM-CACHE
Build & Public Release	Build Release APK	2026-02-01T17:22:00.7387801Z > Task :i18n-ank:mergeReleaseConsumerProguardFiles
Build & Public Release	Build Release APK	2026-02-01T17:22:00.7389916Z > Task :app:processReleaseManifestForPackage FROM-CACHE
Build & Public Release	Build Release APK	2026-02-01T17:22:00.7391006Z > Task :i18n-ank:prepareLintJarForPublish
Build & Public Release	Build Release APK	2026-02-01T17:22:00.7391736Z > Task :i18n-ank:mergeReleaseJavaResource
Build & Public Release	Build Release APK	2026-02-01T17:22:00.7392536Z > Task :i18n-ank:syncReleaseLibJars FROM-CACHE
Build & Public Release	Build Release APK	2026-02-01T17:22:00.8380752Z > Task :i18n-ank:bundleReleaseAar
Build & Public Release	Build Release APK	2026-02-01T17:22:00.8381665Z > Task :i18n-ank:mapReleaseSourceSetPaths
Build & Public Release	Build Release APK	2026-02-01T17:22:00.9365859Z > Task :i18n-ank:mergeReleaseResources FROM-CACHE
Build & Public Release	Build Release APK	2026-02-01T17:22:00.9367857Z > Task :i18n:bundleReleaseAar
Build & Public Release	Build Release APK	2026-02-01T17:22:01.0379477Z > Task :i18n-kmk:stripReleaseDebugSymbols NO-SOURCE
Build & Public Release	Build Release APK	2026-02-01T17:22:01.0382160Z > Task :i18n-kmk:copyReleaseJniLibsProjectAndLocalJars
Build & Public Release	Build Release APK	2026-02-01T17:22:01.0382848Z > Task :i18n-ank:verifyReleaseResources FROM-CACHE
Build & Public Release	Build Release APK	2026-02-01T17:22:01.0383668Z > Task :i18n-ank:assembleRelease
Build & Public Release	Build Release APK	2026-02-01T17:22:01.0384264Z > Task :i18n-kmk:extractDeepLinksForAarRelease FROM-CACHE
Build & Public Release	Build Release APK	2026-02-01T17:22:01.0384944Z > Task :i18n-kmk:extractReleaseAnnotations FROM-CACHE
Build & Public Release	Build Release APK	2026-02-01T17:22:01.0385587Z > Task :flagkit:mergeReleaseResources FROM-CACHE
Build & Public Release	Build Release APK	2026-02-01T17:22:01.0386216Z > Task :i18n-kmk:mergeReleaseConsumerProguardFiles
Build & Public Release	Build Release APK	2026-02-01T17:22:01.0386807Z > Task :i18n-kmk:prepareLintJarForPublish
Build & Public Release	Build Release APK	2026-02-01T17:22:01.1366665Z > Task :i18n-kmk:mergeReleaseJavaResource
Build & Public Release	Build Release APK	2026-02-01T17:22:01.1375656Z > Task :i18n-kmk:syncReleaseLibJars FROM-CACHE
Build & Public Release	Build Release APK	2026-02-01T17:22:01.1376282Z > Task :i18n-kmk:bundleReleaseAar
Build & Public Release	Build Release APK	2026-02-01T17:22:01.1376842Z > Task :i18n-kmk:mapReleaseSourceSetPaths
Build & Public Release	Build Release APK	2026-02-01T17:22:01.1377479Z > Task :i18n-sy:stripReleaseDebugSymbols NO-SOURCE
Build & Public Release	Build Release APK	2026-02-01T17:22:01.1378166Z > Task :i18n-sy:copyReleaseJniLibsProjectAndLocalJars
Build & Public Release	Build Release APK	2026-02-01T17:22:01.1378874Z > Task :i18n-sy:extractDeepLinksForAarRelease FROM-CACHE
Build & Public Release	Build Release APK	2026-02-01T17:22:01.2378190Z > Task :i18n-sy:extractReleaseAnnotations FROM-CACHE
Build & Public Release	Build Release APK	2026-02-01T17:22:01.2385816Z > Task :i18n-sy:mergeReleaseConsumerProguardFiles
Build & Public Release	Build Release APK	2026-02-01T17:22:01.2386423Z > Task :i18n-sy:prepareLintJarForPublish
Build & Public Release	Build Release APK	2026-02-01T17:22:01.2386951Z > Task :i18n-sy:mergeReleaseJavaResource
Build & Public Release	Build Release APK	2026-02-01T17:22:01.2387492Z > Task :i18n-sy:syncReleaseLibJars FROM-CACHE
Build & Public Release	Build Release APK	2026-02-01T17:22:01.3369897Z > Task :i18n-sy:bundleReleaseAar
Build & Public Release	Build Release APK	2026-02-01T17:22:01.3372360Z > Task :i18n-sy:mapReleaseSourceSetPaths
Build & Public Release	Build Release APK	2026-02-01T17:22:01.3374549Z > Task :presentation-core:stripReleaseDebugSymbols NO-SOURCE
Build & Public Release	Build Release APK	2026-02-01T17:22:01.3376525Z > Task :presentation-core:copyReleaseJniLibsProjectAndLocalJars
Build & Public Release	Build Release APK	2026-02-01T17:22:01.3389242Z > Task :presentation-core:extractDeepLinksForAarRelease FROM-CACHE
Build & Public Release	Build Release APK	2026-02-01T17:22:01.4365571Z > Task :flagkit:verifyReleaseResources FROM-CACHE
Build & Public Release	Build Release APK	2026-02-01T17:22:01.4367847Z > Task :flagkit:assembleRelease
Build & Public Release	Build Release APK	2026-02-01T17:22:01.4368892Z > Task :i18n:mergeReleaseResources FROM-CACHE
Build & Public Release	Build Release APK	2026-02-01T17:22:01.4370007Z > Task :presentation-core:extractReleaseAnnotations FROM-CACHE
Build & Public Release	Build Release APK	2026-02-01T17:22:01.4370966Z > Task :presentation-core:mergeReleaseConsumerProguardFiles
Build & Public Release	Build Release APK	2026-02-01T17:22:01.4371889Z > Task :presentation-core:prepareLintJarForPublish
Build & Public Release	Build Release APK	2026-02-01T17:22:01.4372890Z > Task :app:processReleaseResources FROM-CACHE
Build & Public Release	Build Release APK	2026-02-01T17:22:01.4374090Z > Task :presentation-core:mergeReleaseJavaResource
Build & Public Release	Build Release APK	2026-02-01T17:22:01.5388694Z > Task :i18n:verifyReleaseResources FROM-CACHE
Build & Public Release	Build Release APK	2026-02-01T17:22:01.5425474Z > Task :i18n:assembleRelease
Build & Public Release	Build Release APK	2026-02-01T17:22:01.5426166Z > Task :i18n-kmk:mergeReleaseResources FROM-CACHE
Build & Public Release	Build Release APK	2026-02-01T17:22:01.5426891Z > Task :i18n-kmk:verifyReleaseResources FROM-CACHE
Build & Public Release	Build Release APK	2026-02-01T17:22:01.5427569Z > Task :i18n-kmk:assembleRelease
Build & Public Release	Build Release APK	2026-02-01T17:22:01.5428277Z > Task :presentation-widget:stripReleaseDebugSymbols NO-SOURCE
Build & Public Release	Build Release APK	2026-02-01T17:22:01.5429193Z > Task :presentation-widget:copyReleaseJniLibsProjectAndLocalJars
Build & Public Release	Build Release APK	2026-02-01T17:22:01.5430119Z > Task :presentation-widget:extractDeepLinksForAarRelease FROM-CACHE
Build & Public Release	Build Release APK	2026-02-01T17:22:01.6365595Z > Task :i18n-sy:mergeReleaseResources FROM-CACHE
Build & Public Release	Build Release APK	2026-02-01T17:22:01.6366576Z > Task :presentation-core:syncReleaseLibJars FROM-CACHE
Build & Public Release	Build Release APK	2026-02-01T17:22:01.6367465Z > Task :presentation-widget:extractReleaseAnnotations FROM-CACHE
Build & Public Release	Build Release APK	2026-02-01T17:22:01.6368377Z > Task :presentation-widget:mergeReleaseConsumerProguardFiles
Build & Public Release	Build Release APK	2026-02-01T17:22:01.7365713Z > Task :presentation-widget:prepareLintJarForPublish
Build & Public Release	Build Release APK	2026-02-01T17:22:01.7366484Z > Task :i18n-sy:verifyReleaseResources FROM-CACHE
Build & Public Release	Build Release APK	2026-02-01T17:22:01.7367315Z > Task :i18n-sy:assembleRelease
Build & Public Release	Build Release APK	2026-02-01T17:22:01.7368014Z > Task :source-api:stripReleaseDebugSymbols NO-SOURCE
Build & Public Release	Build Release APK	2026-02-01T17:22:01.7368821Z > Task :presentation-widget:mergeReleaseJavaResource
Build & Public Release	Build Release APK	2026-02-01T17:22:01.7369653Z > Task :source-api:copyReleaseJniLibsProjectAndLocalJars
Build & Public Release	Build Release APK	2026-02-01T17:22:01.7370512Z > Task :source-api:extractDeepLinksForAarRelease FROM-CACHE
Build & Public Release	Build Release APK	2026-02-01T17:22:01.7371367Z > Task :presentation-widget:syncReleaseLibJars FROM-CACHE
Build & Public Release	Build Release APK	2026-02-01T17:22:01.7372142Z > Task :presentation-core:bundleReleaseAar
Build & Public Release	Build Release APK	2026-02-01T17:22:01.7372761Z > Task :presentation-core:mapReleaseSourceSetPaths
Build & Public Release	Build Release APK	2026-02-01T17:22:01.7375223Z > Task :presentation-widget:bundleReleaseAar
Build & Public Release	Build Release APK	2026-02-01T17:22:01.8379068Z > Task :source-api:extractReleaseAnnotations FROM-CACHE
Build & Public Release	Build Release APK	2026-02-01T17:22:01.8379885Z > Task :source-api:mergeReleaseConsumerProguardFiles
Build & Public Release	Build Release APK	2026-02-01T17:22:01.8380527Z > Task :source-api:prepareLintJarForPublish
Build & Public Release	Build Release APK	2026-02-01T17:22:01.8381112Z > Task :source-api:mergeReleaseJavaResource
Build & Public Release	Build Release APK	2026-02-01T17:22:01.8391662Z > Task :presentation-widget:mapReleaseSourceSetPaths
Build & Public Release	Build Release APK	2026-02-01T17:22:01.8392300Z > Task :source-api:syncReleaseLibJars FROM-CACHE
Build & Public Release	Build Release APK	2026-02-01T17:22:01.9382896Z > Task :source-api:bundleReleaseAar
Build & Public Release	Build Release APK	2026-02-01T17:22:01.9403246Z > Task :source-api:mapReleaseSourceSetPaths
Build & Public Release	Build Release APK	2026-02-01T17:22:02.3366906Z > Task :presentation-core:mergeReleaseResources FROM-CACHE
Build & Public Release	Build Release APK	2026-02-01T17:22:02.5365240Z > Task :source-api:mergeReleaseResources FROM-CACHE
Build & Public Release	Build Release APK	2026-02-01T17:22:02.6396476Z > Task :presentation-core:verifyReleaseResources FROM-CACHE
Build & Public Release	Build Release APK	2026-02-01T17:22:02.6397646Z > Task :presentation-core:assembleRelease
Build & Public Release	Build Release APK	2026-02-01T17:22:02.7365388Z > Task :presentation-core:compileReleaseLibraryResources FROM-CACHE
Build & Public Release	Build Release APK	2026-02-01T17:22:02.7370250Z > Task :source-local:stripReleaseDebugSymbols NO-SOURCE
Build & Public Release	Build Release APK	2026-02-01T17:22:02.7374695Z > Task :source-local:copyReleaseJniLibsProjectAndLocalJars
Build & Public Release	Build Release APK	2026-02-01T17:22:02.7379190Z > Task :source-local:extractDeepLinksForAarRelease FROM-CACHE
Build & Public Release	Build Release APK	2026-02-01T17:22:02.7380238Z > Task :source-api:verifyReleaseResources FROM-CACHE
Build & Public Release	Build Release APK	2026-02-01T17:22:02.7384645Z > Task :source-api:assembleRelease
Build & Public Release	Build Release APK	2026-02-01T17:22:02.7385663Z > Task :core-metadata:compileReleaseLibraryResources FROM-CACHE
Build & Public Release	Build Release APK	2026-02-01T17:22:02.7386801Z > Task :core:archive:compileReleaseLibraryResources FROM-CACHE
Build & Public Release	Build Release APK	2026-02-01T17:22:02.7387842Z > Task :telemetry:stripReleaseDebugSymbols NO-SOURCE
Build & Public Release	Build Release APK	2026-02-01T17:22:02.7388770Z > Task :source-local:extractReleaseAnnotations FROM-CACHE
Build & Public Release	Build Release APK	2026-02-01T17:22:02.7390079Z > Task :telemetry:copyReleaseJniLibsProjectAndLocalJars
Build & Public Release	Build Release APK	2026-02-01T17:22:02.7391063Z > Task :source-local:mergeReleaseConsumerProguardFiles
Build & Public Release	Build Release APK	2026-02-01T17:22:02.8367408Z > Task :presentation-widget:mergeReleaseResources FROM-CACHE
Build & Public Release	Build Release APK	2026-02-01T17:22:02.8369679Z > Task :telemetry:extractDeepLinksForAarRelease FROM-CACHE
Build & Public Release	Build Release APK	2026-02-01T17:22:02.8371678Z > Task :source-local:prepareLintJarForPublish
Build & Public Release	Build Release APK	2026-02-01T17:22:02.8373919Z > Task :telemetry:extractReleaseAnnotations FROM-CACHE
Build & Public Release	Build Release APK	2026-02-01T17:22:02.8382215Z > Task :app:javaPreCompileRelease FROM-CACHE
Build & Public Release	Build Release APK	2026-02-01T17:22:02.8382797Z > Task :app:extractProguardFiles
Build & Public Release	Build Release APK	2026-02-01T17:22:02.8383320Z > Task :app:mergeReleaseStartupProfile
Build & Public Release	Build Release APK	2026-02-01T17:22:02.8384313Z > Task :app:generateReleaseAssets UP-TO-DATE
Build & Public Release	Build Release APK	2026-02-01T17:22:02.9365181Z > Task :source-local:mergeReleaseJavaResource
Build & Public Release	Build Release APK	2026-02-01T17:22:03.0365849Z > Task :app:mergeReleaseAssets
Build & Public Release	Build Release APK	2026-02-01T17:22:03.0366663Z > Task :app:compressReleaseAssets FROM-CACHE
Build & Public Release	Build Release APK	2026-02-01T17:22:03.0367447Z > Task :source-local:syncReleaseLibJars FROM-CACHE
Build & Public Release	Build Release APK	2026-02-01T17:22:03.0368239Z > Task :source-local:bundleReleaseAar
Build & Public Release	Build Release APK	2026-02-01T17:22:03.1406793Z > Task :source-local:mapReleaseSourceSetPaths
Build & Public Release	Build Release APK	2026-02-01T17:22:03.2395258Z > Task :app:extractReleaseVersionControlInfo
Build & Public Release	Build Release APK	2026-02-01T17:22:03.2396158Z > Task :app:validateSigningRelease
Build & Public Release	Build Release APK	2026-02-01T17:22:03.2396924Z > Task :app:writeReleaseAppMetadata
Build & Public Release	Build Release APK	2026-02-01T17:22:03.2397581Z > Task :app:writeReleaseSigningConfigVersions
Build & Public Release	Build Release APK	2026-02-01T17:22:03.3366624Z > Task :telemetry:mergeReleaseConsumerProguardFiles
Build & Public Release	Build Release APK	2026-02-01T17:22:03.3367403Z > Task :telemetry:prepareLintJarForPublish
Build & Public Release	Build Release APK	2026-02-01T17:22:03.3367982Z > Task :telemetry:mergeReleaseJavaResource
Build & Public Release	Build Release APK	2026-02-01T17:22:03.3368557Z > Task :telemetry:syncReleaseLibJars FROM-CACHE
Build & Public Release	Build Release APK	2026-02-01T17:22:03.3369118Z > Task :telemetry:bundleReleaseAar
Build & Public Release	Build Release APK	2026-02-01T17:22:03.3369885Z > Task :telemetry:mapReleaseSourceSetPaths
Build & Public Release	Build Release APK	2026-02-01T17:22:03.3370552Z > Task :telemetry:mergeReleaseResources FROM-CACHE
Build & Public Release	Build Release APK	2026-02-01T17:22:03.3371154Z > Task :telemetry:verifyReleaseResources FROM-CACHE
Build & Public Release	Build Release APK	2026-02-01T17:22:03.3371720Z > Task :telemetry:assembleRelease
Build & Public Release	Build Release APK	2026-02-01T17:22:03.3372279Z > Task :core:archive:stripReleaseDebugSymbols NO-SOURCE
Build & Public Release	Build Release APK	2026-02-01T17:22:03.3372963Z > Task :core:archive:copyReleaseJniLibsProjectAndLocalJars
Build & Public Release	Build Release APK	2026-02-01T17:22:03.3373917Z > Task :core:archive:extractDeepLinksForAarRelease FROM-CACHE
Build & Public Release	Build Release APK	2026-02-01T17:22:03.4366396Z > Task :core:archive:extractReleaseAnnotations FROM-CACHE
Build & Public Release	Build Release APK	2026-02-01T17:22:03.4367219Z > Task :core:archive:mergeReleaseConsumerProguardFiles
Build & Public Release	Build Release APK	2026-02-01T17:22:03.4368213Z > Task :core:archive:prepareLintJarForPublish
Build & Public Release	Build Release APK	2026-02-01T17:22:03.4368829Z > Task :core:archive:mergeReleaseJavaResource
Build & Public Release	Build Release APK	2026-02-01T17:22:03.4369440Z > Task :core:archive:syncReleaseLibJars FROM-CACHE
Build & Public Release	Build Release APK	2026-02-01T17:22:03.4370057Z > Task :core:archive:bundleReleaseAar
Build & Public Release	Build Release APK	2026-02-01T17:22:03.4370712Z > Task :presentation-widget:verifyReleaseResources FROM-CACHE
Build & Public Release	Build Release APK	2026-02-01T17:22:03.4371401Z > Task :presentation-widget:assembleRelease
Build & Public Release	Build Release APK	2026-02-01T17:22:03.5430767Z > Task :core:common:stripReleaseDebugSymbols NO-SOURCE
Build & Public Release	Build Release APK	2026-02-01T17:22:03.5431775Z > Task :core:common:copyReleaseJniLibsProjectAndLocalJars
Build & Public Release	Build Release APK	2026-02-01T17:22:03.5432669Z > Task :core:common:extractDeepLinksForAarRelease FROM-CACHE
Build & Public Release	Build Release APK	2026-02-01T17:22:03.5433652Z > Task :core:archive:mapReleaseSourceSetPaths
Build & Public Release	Build Release APK	2026-02-01T17:22:03.6365527Z > Task :core:common:extractReleaseAnnotations FROM-CACHE
Build & Public Release	Build Release APK	2026-02-01T17:22:03.6366512Z > Task :core:common:mergeReleaseConsumerProguardFiles
Build & Public Release	Build Release APK	2026-02-01T17:22:03.6367326Z > Task :core:common:prepareLintJarForPublish
Build & Public Release	Build Release APK	2026-02-01T17:22:03.6368124Z > Task :core:common:mergeReleaseJavaResource
Build & Public Release	Build Release APK	2026-02-01T17:22:03.6368887Z > Task :core:common:syncReleaseLibJars FROM-CACHE
Build & Public Release	Build Release APK	2026-02-01T17:22:03.6369647Z > Task :source-local:mergeReleaseResources FROM-CACHE
Build & Public Release	Build Release APK	2026-02-01T17:22:03.7386166Z > Task :core:common:bundleReleaseAar
Build & Public Release	Build Release APK	2026-02-01T17:22:03.7386864Z > Task :core:common:mapReleaseSourceSetPaths
Build & Public Release	Build Release APK	2026-02-01T17:22:03.9404684Z > Task :source-local:verifyReleaseResources FROM-CACHE
Build & Public Release	Build Release APK	2026-02-01T17:22:03.9405783Z > Task :source-local:assembleRelease
Build & Public Release	Build Release APK	2026-02-01T17:22:04.0375979Z > Task :core:archive:mergeReleaseResources FROM-CACHE
Build & Public Release	Build Release APK	2026-02-01T17:22:04.2405811Z > Task :core:common:mergeReleaseResources FROM-CACHE
Build & Public Release	Build Release APK	2026-02-01T17:22:04.2407018Z > Task :core:archive:verifyReleaseResources FROM-CACHE
Build & Public Release	Build Release APK	2026-02-01T17:22:04.2407978Z > Task :core:archive:assembleRelease
Build & Public Release	Build Release APK	2026-02-01T17:22:04.4365562Z > Task :core:common:verifyReleaseResources FROM-CACHE
Build & Public Release	Build Release APK	2026-02-01T17:22:04.4366588Z > Task :core:common:assembleRelease
Build & Public Release	Build Release APK	2026-02-01T17:22:31.4365996Z > Task :app:compileReleaseKotlin
Build & Public Release	Build Release APK	2026-02-01T17:22:42.7425570Z e: file:///home/runner/work/AniZen/AniZen/app/src/main/java/eu/kanade/tachiyomi/ui/browse/source/browse/SourceFilterSheet.kt:159:17 Unresolved reference 'Box'.
Build & Public Release	Build Release APK	2026-02-01T17:22:42.7426795Z 
Build & Public Release	Build Release APK	2026-02-01T17:22:42.7427180Z > Task :app:compileReleaseKotlin FAILED
Build & Public Release	Build Release APK	2026-02-01T17:22:42.7428289Z gradle/actions: Writing build results to /home/runner/work/_temp/.gradle-actions/build-results/__run_2-1769966494982.json
Build & Public Release	Build Release APK	2026-02-01T17:22:42.7432594Z e: file:///home/runner/work/AniZen/AniZen/app/src/main/java/eu/kanade/tachiyomi/ui/browse/source/browse/SourceFilterSheet.kt:168:21 @Composable invocations can only happen from the context of a @Composable function
Build & Public Release	Build Release APK	2026-02-01T17:22:42.8364626Z 
Build & Public Release	Build Release APK	2026-02-01T17:22:42.8365162Z FAILURE: Build failed with an exception.
Build & Public Release	Build Release APK	2026-02-01T17:22:42.8365569Z 
Build & Public Release	Build Release APK	2026-02-01T17:22:42.8365583Z 
Build & Public Release	Build Release APK	2026-02-01T17:22:42.8366708Z * What went wrong:
Build & Public Release	Build Release APK	2026-02-01T17:22:42.8367202Z Execution failed for task ':app:compileReleaseKotlin'.
Build & Public Release	Build Release APK	2026-02-01T17:22:42.8368442Z > A failure occurred while executing org.jetbrains.kotlin.compilerRunner.GradleCompilerRunnerWithWorkers$GradleKotlinCompilerWorkAction
Build & Public Release	Build Release APK	2026-02-01T17:22:42.8369631Z    > Compilation error. See log for more details
Build & Public Release	Build Release APK	2026-02-01T17:22:42.8369999Z 
Build & Public Release	Build Release APK	2026-02-01T17:22:42.8370139Z * Try:
Build & Public Release	Build Release APK	2026-02-01T17:22:42.8370541Z > Run with --stacktrace option to get the stack trace.
Build & Public Release	Build Release APK	2026-02-01T17:22:42.8371194Z > Run with --info or --debug option to get more log output.
Build & Public Release	Build Release APK	2026-02-01T17:22:42.8371787Z > Run with --scan to get full insights.
Build & Public Release	Build Release APK	2026-02-01T17:22:42.8372332Z > Get more help at https://help.gradle.org.
Build & Public Release	Build Release APK	2026-02-01T17:22:42.8372700Z 
Build & Public Release	Build Release APK	2026-02-01T17:22:42.8372860Z BUILD FAILED in 1m 11s
Build & Public Release	Build Release APK	2026-02-01T17:22:42.8377513Z [Incubating] Problems report is available at: file:///home/runner/work/AniZen/AniZen/build/reports/problems/problems-report.html
Build & Public Release	Build Release APK	2026-02-01T17:22:42.8405208Z 
Build & Public Release	Build Release APK	2026-02-01T17:22:42.8405748Z Deprecated Gradle features were used in this build, making it incompatible with Gradle 9.0.
Build & Public Release	Build Release APK	2026-02-01T17:22:42.8406824Z 
Build & Public Release	Build Release APK	2026-02-01T17:22:42.8407550Z You can use '--warning-mode all' to show the individual deprecation warnings and determine if they come from your own scripts or plugins.
Build & Public Release	Build Release APK	2026-02-01T17:22:42.8408443Z 
Build & Public Release	Build Release APK	2026-02-01T17:22:42.8409280Z For more on this, please refer to https://docs.gradle.org/8.14.3/userguide/command_line_interface.html#sec:command_line_warnings in the Gradle documentation.
Build & Public Release	Build Release APK	2026-02-01T17:22:42.8410583Z 544 actionable tasks: 281 executed, 254 from cache, 9 up-to-date
Build & Public Release	Build Release APK	2026-02-01T17:22:43.3865553Z ##[error]Process completed with exit code 1.
Build & Public Release	Post Set up Gradle	ï»¿2026-02-01T17:22:43.4046924Z Post job cleanup.
Build & Public Release	Post Set up Gradle	2026-02-01T17:22:43.7122074Z In post-action step
Build & Public Release	Post Set up Gradle	2026-02-01T17:22:43.7134267Z ##[group]Stopping Gradle daemons
Build & Public Release	Post Set up Gradle	2026-02-01T17:22:43.7136251Z Stopping Gradle daemons for /home/runner/.gradle/wrapper/dists/gradle-8.14.3-bin/cv11ve7ro1n3o1j4so8xd9n66/gradle-8.14.3
Build & Public Release	Post Set up Gradle	2026-02-01T17:22:43.7153764Z [command]/home/runner/.gradle/wrapper/dists/gradle-8.14.3-bin/cv11ve7ro1n3o1j4so8xd9n66/gradle-8.14.3/bin/gradle --stop
Build & Public Release	Post Set up Gradle	2026-02-01T17:22:44.3285114Z No Gradle daemons are running.
Build & Public Release	Post Set up Gradle	2026-02-01T17:22:44.3372470Z ##[endgroup]
Build & Public Release	Post Set up Gradle	2026-02-01T17:22:44.3374545Z Not performing cache-cleanup due to build failure
Build & Public Release	Post Set up Gradle	2026-02-01T17:22:44.3375260Z ##[group]Caching Gradle state
Build & Public Release	Post Set up Gradle	2026-02-01T17:22:55.6656406Z [command]/usr/bin/tar --posix -cf cache.tzst --exclude cache.tzst -P -C /home/runner/work/AniZen/AniZen --files-from manifest.txt --use-compress-program zstdmt
Build & Public Release	Post Set up Gradle	2026-02-01T17:22:57.4741649Z Sent 276663746 of 276663746 (100.0%), 275.4 MBs/sec
Build & Public Release	Post Set up Gradle	2026-02-01T17:22:57.6009988Z Saved cache entry with key gradle-home-v1|Linux-X64|build-release[16cd6cc2a04430ca045959c87cb8ce3a]-c2a2f53a0645a85e8dda8dbb5b5d9df04542a66f from /home/runner/.gradle/caches,/home/runner/.gradle/notifications,/home/runner/.gradle/.setup-gradle in 1949ms
Build & Public Release	Post Set up Gradle	2026-02-01T17:22:57.6012713Z ##[endgroup]
Build & Public Release	Post Set up Gradle	2026-02-01T17:22:57.6018032Z Generating Job Summary
Build & Public Release	Post Set up Gradle	2026-02-01T17:22:57.6031179Z Completed post-action step
Build & Public Release	Post Set up JDK	ï»¿2026-02-01T17:22:57.6277558Z Post job cleanup.
Build & Public Release	Post Clone repo	ï»¿2026-02-01T17:22:57.8018913Z Post job cleanup.
Build & Public Release	Post Clone repo	2026-02-01T17:22:57.8971613Z [command]/usr/bin/git version
Build & Public Release	Post Clone repo	2026-02-01T17:22:57.9009331Z git version 2.52.0
Build & Public Release	Post Clone repo	2026-02-01T17:22:57.9054067Z Temporarily overriding HOME='/home/runner/work/_temp/3abe38ae-084a-4557-9005-4fe30481a00e' before making global git config changes
Build & Public Release	Post Clone repo	2026-02-01T17:22:57.9055522Z Adding repository directory to the temporary git global config as a safe directory
Build & Public Release	Post Clone repo	2026-02-01T17:22:57.9060634Z [command]/usr/bin/git config --global --add safe.directory /home/runner/work/AniZen/AniZen
Build & Public Release	Post Clone repo	2026-02-01T17:22:57.9095698Z [command]/usr/bin/git config --local --name-only --get-regexp core\.sshCommand
Build & Public Release	Post Clone repo	2026-02-01T17:22:57.9128455Z [command]/usr/bin/git submodule foreach --recursive sh -c "git config --local --name-only --get-regexp 'core\.sshCommand' && git config --local --unset-all 'core.sshCommand' || :"
Build & Public Release	Post Clone repo	2026-02-01T17:22:57.9358654Z [command]/usr/bin/git config --local --name-only --get-regexp http\.https\:\/\/github\.com\/\.extraheader
Build & Public Release	Post Clone repo	2026-02-01T17:22:57.9381592Z http.https://github.com/.extraheader
Build & Public Release	Post Clone repo	2026-02-01T17:22:57.9394076Z [command]/usr/bin/git config --local --unset-all http.https://github.com/.extraheader
Build & Public Release	Post Clone repo	2026-02-01T17:22:57.9425484Z [command]/usr/bin/git submodule foreach --recursive sh -c "git config --local --name-only --get-regexp 'http\.https\:\/\/github\.com\/\.extraheader' && git config --local --unset-all 'http.https://github.com/.extraheader' || :"
Build & Public Release	Post Clone repo	2026-02-01T17:22:57.9646957Z [command]/usr/bin/git config --local --name-only --get-regexp ^includeIf\.gitdir:
Build & Public Release	Post Clone repo	2026-02-01T17:22:57.9678756Z [command]/usr/bin/git submodule foreach --recursive git config --local --show-origin --name-only --get-regexp remote.origin.url
Build & Public Release	Complete job	ï»¿2026-02-01T17:22:58.0008565Z Cleaning up orphan processes
