Build & Public Release	Set up job	ï»¿2026-02-01T19:03:44.0621204Z Current runner version: '2.331.0'
Build & Public Release	Set up job	2026-02-01T19:03:44.0645393Z ##[group]Runner Image Provisioner
Build & Public Release	Set up job	2026-02-01T19:03:44.0646252Z Hosted Compute Agent
Build & Public Release	Set up job	2026-02-01T19:03:44.0646742Z Version: 20260123.484
Build & Public Release	Set up job	2026-02-01T19:03:44.0647348Z Commit: 6bd6555ca37d84114959e1c76d2c01448ff61c5d
Build & Public Release	Set up job	2026-02-01T19:03:44.0647954Z Build Date: 2026-01-23T19:41:17Z
Build & Public Release	Set up job	2026-02-01T19:03:44.0648571Z Worker ID: {64fc79d1-1537-448d-91db-4343faa29fc8}
Build & Public Release	Set up job	2026-02-01T19:03:44.0649228Z Azure Region: westcentralus
Build & Public Release	Set up job	2026-02-01T19:03:44.0649770Z ##[endgroup]
Build & Public Release	Set up job	2026-02-01T19:03:44.0651168Z ##[group]Operating System
Build & Public Release	Set up job	2026-02-01T19:03:44.0651785Z Ubuntu
Build & Public Release	Set up job	2026-02-01T19:03:44.0652208Z 24.04.3
Build & Public Release	Set up job	2026-02-01T19:03:44.0652647Z LTS
Build & Public Release	Set up job	2026-02-01T19:03:44.0653121Z ##[endgroup]
Build & Public Release	Set up job	2026-02-01T19:03:44.0653562Z ##[group]Runner Image
Build & Public Release	Set up job	2026-02-01T19:03:44.0654062Z Image: ubuntu-24.04
Build & Public Release	Set up job	2026-02-01T19:03:44.0654495Z Version: 20260126.10.1
Build & Public Release	Set up job	2026-02-01T19:03:44.0655428Z Included Software: https://github.com/actions/runner-images/blob/ubuntu24/20260126.10/images/ubuntu/Ubuntu2404-Readme.md
Build & Public Release	Set up job	2026-02-01T19:03:44.0656924Z Image Release: https://github.com/actions/runner-images/releases/tag/ubuntu24%2F20260126.10
Build & Public Release	Set up job	2026-02-01T19:03:44.0657719Z ##[endgroup]
Build & Public Release	Set up job	2026-02-01T19:03:44.0658584Z ##[group]GITHUB_TOKEN Permissions
Build & Public Release	Set up job	2026-02-01T19:03:44.0660428Z Contents: write
Build & Public Release	Set up job	2026-02-01T19:03:44.0660925Z Metadata: read
Build & Public Release	Set up job	2026-02-01T19:03:44.0661692Z ##[endgroup]
Build & Public Release	Set up job	2026-02-01T19:03:44.0663940Z Secret source: Actions
Build & Public Release	Set up job	2026-02-01T19:03:44.0664560Z Prepare workflow directory
Build & Public Release	Set up job	2026-02-01T19:03:44.0985953Z Prepare all required actions
Build & Public Release	Set up job	2026-02-01T19:03:44.1024333Z Getting action download info
Build & Public Release	Set up job	2026-02-01T19:03:44.5260717Z Download action repository 'actions/checkout@v4' (SHA:34e114876b0b11c390a56381ad16ebd13914f8d5)
Build & Public Release	Set up job	2026-02-01T19:03:44.5967063Z Download action repository 'actions/setup-java@v4' (SHA:c1e323688fd81a25caa38c78aa6df2d33d3e20d9)
Build & Public Release	Set up job	2026-02-01T19:03:45.4573579Z Download action repository 'gradle/actions@v4' (SHA:ed408507eac070d1f99cc633dbcf757c94c7933a)
Build & Public Release	Set up job	2026-02-01T19:03:46.7498938Z Download action repository 'softprops/action-gh-release@v1' (SHA:de2c0eb89ae2a093876385947365aca7b0e5f844)
Build & Public Release	Set up job	2026-02-01T19:03:47.3978234Z Complete job name: Build & Public Release
Build & Public Release	Clone repo	ï»¿2026-02-01T19:03:47.4649117Z ##[group]Run actions/checkout@v4
Build & Public Release	Clone repo	2026-02-01T19:03:47.4649711Z with:
Build & Public Release	Clone repo	2026-02-01T19:03:47.4649939Z   fetch-depth: 1
Build & Public Release	Clone repo	2026-02-01T19:03:47.4650187Z   repository: salmanbappi/AniZen
Build & Public Release	Clone repo	2026-02-01T19:03:47.4650677Z   token: ***
Build & Public Release	Clone repo	2026-02-01T19:03:47.4650892Z   ssh-strict: true
Build & Public Release	Clone repo	2026-02-01T19:03:47.4651271Z   ssh-user: git
Build & Public Release	Clone repo	2026-02-01T19:03:47.4651516Z   persist-credentials: true
Build & Public Release	Clone repo	2026-02-01T19:03:47.4651778Z   clean: true
Build & Public Release	Clone repo	2026-02-01T19:03:47.4652024Z   sparse-checkout-cone-mode: true
Build & Public Release	Clone repo	2026-02-01T19:03:47.4652322Z   fetch-tags: false
Build & Public Release	Clone repo	2026-02-01T19:03:47.4652543Z   show-progress: true
Build & Public Release	Clone repo	2026-02-01T19:03:47.4652782Z   lfs: false
Build & Public Release	Clone repo	2026-02-01T19:03:47.4652988Z   submodules: false
Build & Public Release	Clone repo	2026-02-01T19:03:47.4653223Z   set-safe-directory: true
Build & Public Release	Clone repo	2026-02-01T19:03:47.4653673Z ##[endgroup]
Build & Public Release	Clone repo	2026-02-01T19:03:47.5670413Z Syncing repository: salmanbappi/AniZen
Build & Public Release	Clone repo	2026-02-01T19:03:47.5672269Z ##[group]Getting Git version info
Build & Public Release	Clone repo	2026-02-01T19:03:47.5672696Z Working directory is '/home/runner/work/AniZen/AniZen'
Build & Public Release	Clone repo	2026-02-01T19:03:47.5673241Z [command]/usr/bin/git version
Build & Public Release	Clone repo	2026-02-01T19:03:47.5736441Z git version 2.52.0
Build & Public Release	Clone repo	2026-02-01T19:03:47.5759549Z ##[endgroup]
Build & Public Release	Clone repo	2026-02-01T19:03:47.5772887Z Temporarily overriding HOME='/home/runner/work/_temp/1998a38d-a72c-4e1b-9e17-b60e4af71e8e' before making global git config changes
Build & Public Release	Clone repo	2026-02-01T19:03:47.5773892Z Adding repository directory to the temporary git global config as a safe directory
Build & Public Release	Clone repo	2026-02-01T19:03:47.5785936Z [command]/usr/bin/git config --global --add safe.directory /home/runner/work/AniZen/AniZen
Build & Public Release	Clone repo	2026-02-01T19:03:47.5820189Z Deleting the contents of '/home/runner/work/AniZen/AniZen'
Build & Public Release	Clone repo	2026-02-01T19:03:47.5823749Z ##[group]Initializing the repository
Build & Public Release	Clone repo	2026-02-01T19:03:47.5828248Z [command]/usr/bin/git init /home/runner/work/AniZen/AniZen
Build & Public Release	Clone repo	2026-02-01T19:03:47.5926746Z hint: Using 'master' as the name for the initial branch. This default branch name
Build & Public Release	Clone repo	2026-02-01T19:03:47.5928198Z hint: will change to "main" in Git 3.0. To configure the initial branch name
Build & Public Release	Clone repo	2026-02-01T19:03:47.5929006Z hint: to use in all of your new repositories, which will suppress this warning,
Build & Public Release	Clone repo	2026-02-01T19:03:47.5929656Z hint: call:
Build & Public Release	Clone repo	2026-02-01T19:03:47.5929967Z hint:
Build & Public Release	Clone repo	2026-02-01T19:03:47.5930471Z hint: 	git config --global init.defaultBranch <name>
Build & Public Release	Clone repo	2026-02-01T19:03:47.5930942Z hint:
Build & Public Release	Clone repo	2026-02-01T19:03:47.5931564Z hint: Names commonly chosen instead of 'master' are 'main', 'trunk' and
Build & Public Release	Clone repo	2026-02-01T19:03:47.5932385Z hint: 'development'. The just-created branch can be renamed via this command:
Build & Public Release	Clone repo	2026-02-01T19:03:47.5933036Z hint:
Build & Public Release	Clone repo	2026-02-01T19:03:47.5933418Z hint: 	git branch -m <name>
Build & Public Release	Clone repo	2026-02-01T19:03:47.5933825Z hint:
Build & Public Release	Clone repo	2026-02-01T19:03:47.5934357Z hint: Disable this message with "git config set advice.defaultBranchName false"
Build & Public Release	Clone repo	2026-02-01T19:03:47.5935284Z Initialized empty Git repository in /home/runner/work/AniZen/AniZen/.git/
Build & Public Release	Clone repo	2026-02-01T19:03:47.5942849Z [command]/usr/bin/git remote add origin https://github.com/salmanbappi/AniZen
Build & Public Release	Clone repo	2026-02-01T19:03:47.5972009Z ##[endgroup]
Build & Public Release	Clone repo	2026-02-01T19:03:47.5972473Z ##[group]Disabling automatic garbage collection
Build & Public Release	Clone repo	2026-02-01T19:03:47.5976124Z [command]/usr/bin/git config --local gc.auto 0
Build & Public Release	Clone repo	2026-02-01T19:03:47.5999444Z ##[endgroup]
Build & Public Release	Clone repo	2026-02-01T19:03:47.5999863Z ##[group]Setting up auth
Build & Public Release	Clone repo	2026-02-01T19:03:47.6006379Z [command]/usr/bin/git config --local --name-only --get-regexp core\.sshCommand
Build & Public Release	Clone repo	2026-02-01T19:03:47.6032020Z [command]/usr/bin/git submodule foreach --recursive sh -c "git config --local --name-only --get-regexp 'core\.sshCommand' && git config --local --unset-all 'core.sshCommand' || :"
Build & Public Release	Clone repo	2026-02-01T19:03:47.6321351Z [command]/usr/bin/git config --local --name-only --get-regexp http\.https\:\/\/github\.com\/\.extraheader
Build & Public Release	Clone repo	2026-02-01T19:03:47.6346094Z [command]/usr/bin/git submodule foreach --recursive sh -c "git config --local --name-only --get-regexp 'http\.https\:\/\/github\.com\/\.extraheader' && git config --local --unset-all 'http.https://github.com/.extraheader' || :"
Build & Public Release	Clone repo	2026-02-01T19:03:47.6522530Z [command]/usr/bin/git config --local --name-only --get-regexp ^includeIf\.gitdir:
Build & Public Release	Clone repo	2026-02-01T19:03:47.6556374Z [command]/usr/bin/git submodule foreach --recursive git config --local --show-origin --name-only --get-regexp remote.origin.url
Build & Public Release	Clone repo	2026-02-01T19:03:47.6733393Z [command]/usr/bin/git config --local http.https://github.com/.extraheader AUTHORIZATION: basic ***
Build & Public Release	Clone repo	2026-02-01T19:03:47.6763025Z ##[endgroup]
Build & Public Release	Clone repo	2026-02-01T19:03:47.6763841Z ##[group]Fetching the repository
Build & Public Release	Clone repo	2026-02-01T19:03:47.6772091Z [command]/usr/bin/git -c protocol.version=2 fetch --no-tags --prune --no-recurse-submodules --depth=1 origin +ab7e246a819267b91c8fbb74ff0ec9743e287c6e:refs/remotes/origin/master
Build & Public Release	Clone repo	2026-02-01T19:03:48.7136025Z From https://github.com/salmanbappi/AniZen
Build & Public Release	Clone repo	2026-02-01T19:03:48.7136853Z  * [new ref]         ab7e246a819267b91c8fbb74ff0ec9743e287c6e -> origin/master
Build & Public Release	Clone repo	2026-02-01T19:03:48.7167016Z ##[endgroup]
Build & Public Release	Clone repo	2026-02-01T19:03:48.7167678Z ##[group]Determining the checkout info
Build & Public Release	Clone repo	2026-02-01T19:03:48.7168719Z ##[endgroup]
Build & Public Release	Clone repo	2026-02-01T19:03:48.7174682Z [command]/usr/bin/git sparse-checkout disable
Build & Public Release	Clone repo	2026-02-01T19:03:48.7209433Z [command]/usr/bin/git config --local --unset-all extensions.worktreeConfig
Build & Public Release	Clone repo	2026-02-01T19:03:48.7231686Z ##[group]Checking out the ref
Build & Public Release	Clone repo	2026-02-01T19:03:48.7236397Z [command]/usr/bin/git checkout --progress --force -B master refs/remotes/origin/master
Build & Public Release	Clone repo	2026-02-01T19:03:48.8370461Z Reset branch 'master'
Build & Public Release	Clone repo	2026-02-01T19:03:48.8372657Z branch 'master' set up to track 'origin/master'.
Build & Public Release	Clone repo	2026-02-01T19:03:48.8379621Z ##[endgroup]
Build & Public Release	Clone repo	2026-02-01T19:03:48.8415437Z [command]/usr/bin/git log -1 --format=%H
Build & Public Release	Clone repo	2026-02-01T19:03:48.8435149Z ab7e246a819267b91c8fbb74ff0ec9743e287c6e
Build & Public Release	Set up JDK	ï»¿2026-02-01T19:03:48.8648239Z ##[group]Run actions/setup-java@v4
Build & Public Release	Set up JDK	2026-02-01T19:03:48.8648515Z with:
Build & Public Release	Set up JDK	2026-02-01T19:03:48.8648713Z   java-version: 17
Build & Public Release	Set up JDK	2026-02-01T19:03:48.8648895Z   distribution: temurin
Build & Public Release	Set up JDK	2026-02-01T19:03:48.8649102Z   java-package: jdk
Build & Public Release	Set up JDK	2026-02-01T19:03:48.8649281Z   check-latest: false
Build & Public Release	Set up JDK	2026-02-01T19:03:48.8649476Z   server-id: github
Build & Public Release	Set up JDK	2026-02-01T19:03:48.8649824Z   server-username: GITHUB_ACTOR
Build & Public Release	Set up JDK	2026-02-01T19:03:48.8650048Z   server-password: GITHUB_TOKEN
Build & Public Release	Set up JDK	2026-02-01T19:03:48.8650276Z   overwrite-settings: true
Build & Public Release	Set up JDK	2026-02-01T19:03:48.8650483Z   job-status: success
Build & Public Release	Set up JDK	2026-02-01T19:03:48.8650829Z   token: ***
Build & Public Release	Set up JDK	2026-02-01T19:03:48.8651224Z ##[endgroup]
Build & Public Release	Set up JDK	2026-02-01T19:03:49.0504432Z ##[group]Installed distributions
Build & Public Release	Set up JDK	2026-02-01T19:03:49.0565464Z Resolved Java 17.0.18+8 from tool-cache
Build & Public Release	Set up JDK	2026-02-01T19:03:49.0566193Z Setting Java 17.0.18+8 as the default
Build & Public Release	Set up JDK	2026-02-01T19:03:49.0577876Z Creating toolchains.xml for JDK version 17 from temurin
Build & Public Release	Set up JDK	2026-02-01T19:03:49.0646435Z Writing to /home/runner/.m2/toolchains.xml
Build & Public Release	Set up JDK	2026-02-01T19:03:49.0646905Z 
Build & Public Release	Set up JDK	2026-02-01T19:03:49.0647142Z Java configuration:
Build & Public Release	Set up JDK	2026-02-01T19:03:49.0649663Z   Distribution: temurin
Build & Public Release	Set up JDK	2026-02-01T19:03:49.0650477Z   Version: 17.0.18+8
Build & Public Release	Set up JDK	2026-02-01T19:03:49.0651513Z   Path: /opt/hostedtoolcache/Java_Temurin-Hotspot_jdk/17.0.18-8/x64
Build & Public Release	Set up JDK	2026-02-01T19:03:49.0652031Z 
Build & Public Release	Set up JDK	2026-02-01T19:03:49.0652507Z ##[endgroup]
Build & Public Release	Set up JDK	2026-02-01T19:03:49.0666635Z Creating settings.xml with server-id: github
Build & Public Release	Set up JDK	2026-02-01T19:03:49.0673093Z Writing to /home/runner/.m2/settings.xml
Build & Public Release	Set up Gradle	ï»¿2026-02-01T19:03:49.0856705Z ##[group]Run gradle/actions/setup-gradle@v4
Build & Public Release	Set up Gradle	2026-02-01T19:03:49.0856991Z with:
Build & Public Release	Set up Gradle	2026-02-01T19:03:49.0857174Z   cache-disabled: false
Build & Public Release	Set up Gradle	2026-02-01T19:03:49.0857384Z   cache-read-only: false
Build & Public Release	Set up Gradle	2026-02-01T19:03:49.0857593Z   cache-write-only: false
Build & Public Release	Set up Gradle	2026-02-01T19:03:49.0857819Z   cache-overwrite-existing: false
Build & Public Release	Set up Gradle	2026-02-01T19:03:49.0858144Z   cache-cleanup: on-success
Build & Public Release	Set up Gradle	2026-02-01T19:03:49.0858400Z   gradle-home-cache-includes: caches
Build & Public Release	Set up Gradle	notifications
Build & Public Release	Set up Gradle	
Build & Public Release	Set up Gradle	2026-02-01T19:03:49.0858706Z   add-job-summary: always
Build & Public Release	Set up Gradle	2026-02-01T19:03:49.0858929Z   add-job-summary-as-pr-comment: never
Build & Public Release	Set up Gradle	2026-02-01T19:03:49.0859188Z   dependency-graph: disabled
Build & Public Release	Set up Gradle	2026-02-01T19:03:49.0859468Z   dependency-graph-report-dir: dependency-graph-reports
Build & Public Release	Set up Gradle	2026-02-01T19:03:49.0859805Z   dependency-graph-continue-on-failure: true
Build & Public Release	Set up Gradle	2026-02-01T19:03:49.0860081Z   build-scan-publish: false
Build & Public Release	Set up Gradle	2026-02-01T19:03:49.0860306Z   validate-wrappers: true
Build & Public Release	Set up Gradle	2026-02-01T19:03:49.0860529Z   allow-snapshot-wrappers: false
Build & Public Release	Set up Gradle	2026-02-01T19:03:49.0860773Z   gradle-home-cache-strict-match: false
Build & Public Release	Set up Gradle	2026-02-01T19:03:49.0861353Z   workflow-job-context: null
Build & Public Release	Set up Gradle	2026-02-01T19:03:49.0861854Z   github-token: ***
Build & Public Release	Set up Gradle	2026-02-01T19:03:49.0862033Z env:
Build & Public Release	Set up Gradle	2026-02-01T19:03:49.0862285Z   JAVA_HOME: /opt/hostedtoolcache/Java_Temurin-Hotspot_jdk/17.0.18-8/x64
Build & Public Release	Set up Gradle	2026-02-01T19:03:49.0862725Z   JAVA_HOME_17_X64: /opt/hostedtoolcache/Java_Temurin-Hotspot_jdk/17.0.18-8/x64
Build & Public Release	Set up Gradle	2026-02-01T19:03:49.0863062Z ##[endgroup]
Build & Public Release	Set up Gradle	2026-02-01T19:03:49.5087275Z Merged default JDK locations into /home/runner/.m2/toolchains.xml
Build & Public Release	Set up Gradle	2026-02-01T19:03:49.5088939Z Preparing cache for cleanup.
Build & Public Release	Set up Gradle	2026-02-01T19:03:49.5092454Z ##[group]Restore Gradle state from cache
Build & Public Release	Set up Gradle	2026-02-01T19:03:49.7219997Z Cache hit for restore-key: gradle-home-v1|Linux-X64|build-release[16cd6cc2a04430ca045959c87cb8ce3a]-03613406bb679d603f68aeb6ba912e18d0fd1f24
Build & Public Release	Set up Gradle	2026-02-01T19:03:50.9334365Z Received 54525952 of 280703105 (19.4%), 51.9 MBs/sec
Build & Public Release	Set up Gradle	2026-02-01T19:03:51.9339606Z Received 213909504 of 280703105 (76.2%), 101.9 MBs/sec
Build & Public Release	Set up Gradle	2026-02-01T19:03:52.4230525Z Received 280703105 of 280703105 (100.0%), 107.6 MBs/sec
Build & Public Release	Set up Gradle	2026-02-01T19:03:52.4231680Z Cache Size: ~268 MB (280703105 B)
Build & Public Release	Set up Gradle	2026-02-01T19:03:52.4309297Z [command]/usr/bin/tar -xf /home/runner/work/_temp/90db5d78-1c49-4484-82aa-b48a8479c8dd/cache.tzst -P -C /home/runner/work/AniZen/AniZen --use-compress-program unzstd
Build & Public Release	Set up Gradle	2026-02-01T19:03:52.8598756Z Cache restored successfully
Build & Public Release	Set up Gradle	2026-02-01T19:03:52.8925392Z Restored cache entry with key gradle-home-v1|Linux-X64|build-release[16cd6cc2a04430ca045959c87cb8ce3a]-ab7e246a819267b91c8fbb74ff0ec9743e287c6e to /home/runner/.gradle/caches,/home/runner/.gradle/notifications,/home/runner/.gradle/.setup-gradle in 3382ms
Build & Public Release	Set up Gradle	2026-02-01T19:03:53.0745291Z Cache hit for: gradle-wrapper-zips-v1-5ae5d3da5e8e0c748d04bcdd9bc97bdb
Build & Public Release	Set up Gradle	2026-02-01T19:03:53.0802060Z Cache hit for: gradle-groovy-dsl-v1-09766ebd317f33d5bb22d8ecc7489b16
Build & Public Release	Set up Gradle	2026-02-01T19:03:53.0823302Z Cache hit for: gradle-transforms-v1-29b6ecf76579b0052284b4e6ec2672a2
Build & Public Release	Set up Gradle	2026-02-01T19:03:53.0839688Z Cache hit for: gradle-generated-gradle-jars-v1-4434c59050703a48bf14168622b59891
Build & Public Release	Set up Gradle	2026-02-01T19:03:53.0945678Z Cache hit for: gradle-dependencies-v1-b3ba458e98787b341f020e1a58774519
Build & Public Release	Set up Gradle	2026-02-01T19:03:53.0996642Z Cache hit for: gradle-instrumented-jars-v1-eeb1900d10d40451b3dd4fb7a3242ff1
Build & Public Release	Set up Gradle	2026-02-01T19:03:53.1059893Z Cache hit for: gradle-kotlin-dsl-v1-900d09f8bd24a77c702d5ecbbfd928b0
Build & Public Release	Set up Gradle	2026-02-01T19:03:53.7286930Z Received 121615 of 121615 (100.0%), 0.3 MBs/sec
Build & Public Release	Set up Gradle	2026-02-01T19:03:53.7288813Z Cache Size: ~0 MB (121615 B)
Build & Public Release	Set up Gradle	2026-02-01T19:03:53.7355575Z [command]/usr/bin/tar -xf /home/runner/work/_temp/7c4e239e-b8e4-4e2d-a5e1-16c2386970de/cache.tzst -P -C /home/runner/work/AniZen/AniZen --use-compress-program unzstd
Build & Public Release	Set up Gradle	2026-02-01T19:03:53.7454041Z Received 187618 of 187618 (100.0%), 0.4 MBs/sec
Build & Public Release	Set up Gradle	2026-02-01T19:03:53.7454906Z Cache Size: ~0 MB (187618 B)
Build & Public Release	Set up Gradle	2026-02-01T19:03:53.7465763Z Cache restored successfully
Build & Public Release	Set up Gradle	2026-02-01T19:03:53.7472785Z Restored cache entry with key gradle-instrumented-jars-v1-eeb1900d10d40451b3dd4fb7a3242ff1 to /home/runner/.gradle/caches/jars-*/*/ in 852ms
Build & Public Release	Set up Gradle	2026-02-01T19:03:53.7488634Z [command]/usr/bin/tar -xf /home/runner/work/_temp/8f4605b1-8e52-4075-a3c5-fc9255b6f294/cache.tzst -P -C /home/runner/work/AniZen/AniZen --use-compress-program unzstd
Build & Public Release	Set up Gradle	2026-02-01T19:03:53.7686924Z Cache restored successfully
Build & Public Release	Set up Gradle	2026-02-01T19:03:53.7728696Z Restored cache entry with key gradle-groovy-dsl-v1-09766ebd317f33d5bb22d8ecc7489b16 to /home/runner/.gradle/caches/*/groovy-dsl/*/ in 877ms
Build & Public Release	Set up Gradle	2026-02-01T19:03:54.1526949Z Received 134217728 of 1329661357 (10.1%), 125.5 MBs/sec
Build & Public Release	Set up Gradle	2026-02-01T19:03:54.1530683Z Received 54525952 of 688624236 (7.9%), 51.7 MBs/sec
Build & Public Release	Set up Gradle	2026-02-01T19:03:54.2641668Z Received 3288260 of 3288260 (100.0%), 3.6 MBs/sec
Build & Public Release	Set up Gradle	2026-02-01T19:03:54.2644715Z Cache Size: ~3 MB (3288260 B)
Build & Public Release	Set up Gradle	2026-02-01T19:03:54.2952892Z Received 33554432 of 136706942 (24.5%), 31.9 MBs/sec
Build & Public Release	Set up Gradle	2026-02-01T19:03:54.3174435Z [command]/usr/bin/tar -xf /home/runner/work/_temp/bc238d9d-886d-4ffe-afa5-786c6f07a043/cache.tzst -P -C /home/runner/work/AniZen/AniZen --use-compress-program unzstd
Build & Public Release	Set up Gradle	2026-02-01T19:03:54.3294492Z Received 33554432 of 41092997 (81.7%), 32.0 MBs/sec
Build & Public Release	Set up Gradle	2026-02-01T19:03:54.4631626Z Received 41092997 of 41092997 (100.0%), 34.6 MBs/sec
Build & Public Release	Set up Gradle	2026-02-01T19:03:54.4632387Z Cache Size: ~39 MB (41092997 B)
Build & Public Release	Set up Gradle	2026-02-01T19:03:54.5411993Z [command]/usr/bin/tar -xf /home/runner/work/_temp/8a2173e3-4e55-4c16-94f7-9ecf021c4755/cache.tzst -P -C /home/runner/work/AniZen/AniZen --use-compress-program unzstd
Build & Public Release	Set up Gradle	2026-02-01T19:03:54.9336918Z Cache restored successfully
Build & Public Release	Set up Gradle	2026-02-01T19:03:55.0177773Z Restored cache entry with key gradle-generated-gradle-jars-v1-4434c59050703a48bf14168622b59891 to /home/runner/.gradle/caches/8.14.3/generated-gradle-jars/gradle-api-8.14.3.jar in 2124ms
Build & Public Release	Set up Gradle	2026-02-01T19:03:55.1662353Z Received 268435456 of 1329661357 (20.2%), 125.9 MBs/sec
Build & Public Release	Set up Gradle	2026-02-01T19:03:55.1663617Z Received 163577856 of 688624236 (23.8%), 77.3 MBs/sec
Build & Public Release	Set up Gradle	2026-02-01T19:03:55.1998028Z Cache restored successfully
Build & Public Release	Set up Gradle	2026-02-01T19:03:55.2030902Z Restored cache entry with key gradle-kotlin-dsl-v1-900d09f8bd24a77c702d5ecbbfd928b0 to /home/runner/.gradle/caches/*/kotlin-dsl/accessors/*/,/home/runner/.gradle/caches/*/kotlin-dsl/scripts/*/ in 2307ms
Build & Public Release	Set up Gradle	2026-02-01T19:03:55.3018835Z Received 134217728 of 136706942 (98.2%), 63.7 MBs/sec
Build & Public Release	Set up Gradle	2026-02-01T19:03:55.4320258Z Received 136706942 of 136706942 (100.0%), 61.0 MBs/sec
Build & Public Release	Set up Gradle	2026-02-01T19:03:55.4321446Z Cache Size: ~130 MB (136706942 B)
Build & Public Release	Set up Gradle	2026-02-01T19:03:55.4373212Z [command]/usr/bin/tar -xf /home/runner/work/_temp/0712b97f-61b9-406a-93bc-492030d7a6dc/cache.tzst -P -C /home/runner/work/AniZen/AniZen --use-compress-program unzstd
Build & Public Release	Set up Gradle	2026-02-01T19:03:55.6194170Z Cache restored successfully
Build & Public Release	Set up Gradle	2026-02-01T19:03:55.6372152Z Restored cache entry with key gradle-wrapper-zips-v1-5ae5d3da5e8e0c748d04bcdd9bc97bdb to /home/runner/.gradle/wrapper/dists/gradle-8.14.3-bin/cv11ve7ro1n3o1j4so8xd9n66 in 2742ms
Build & Public Release	Set up Gradle	2026-02-01T19:03:56.1660244Z Received 432013312 of 1329661357 (32.5%), 135.8 MBs/sec
Build & Public Release	Set up Gradle	2026-02-01T19:03:56.1661459Z Received 310378496 of 688624236 (45.1%), 98.1 MBs/sec
Build & Public Release	Set up Gradle	2026-02-01T19:03:57.1674573Z Received 612368384 of 1329661357 (46.1%), 144.7 MBs/sec
Build & Public Release	Set up Gradle	2026-02-01T19:03:57.1676142Z Received 452984832 of 688624236 (65.8%), 107.5 MBs/sec
Build & Public Release	Set up Gradle	2026-02-01T19:03:58.1677707Z Received 784334848 of 1329661357 (59.0%), 148.6 MBs/sec
Build & Public Release	Set up Gradle	2026-02-01T19:03:58.1679027Z Received 616562688 of 688624236 (89.5%), 117.1 MBs/sec
Build & Public Release	Set up Gradle	2026-02-01T19:03:58.8334335Z Received 688624236 of 688624236 (100.0%), 115.5 MBs/sec
Build & Public Release	Set up Gradle	2026-02-01T19:03:58.8335888Z Cache Size: ~657 MB (688624236 B)
Build & Public Release	Set up Gradle	2026-02-01T19:03:58.8502519Z [command]/usr/bin/tar -xf /home/runner/work/_temp/55b08aae-92dd-4b59-a59d-3f6cbe5e51c2/cache.tzst -P -C /home/runner/work/AniZen/AniZen --use-compress-program unzstd
Build & Public Release	Set up Gradle	2026-02-01T19:03:59.1686006Z Received 939524096 of 1329661357 (70.7%), 148.4 MBs/sec
Build & Public Release	Set up Gradle	2026-02-01T19:03:59.9632203Z Cache restored successfully
Build & Public Release	Set up Gradle	2026-02-01T19:04:00.0405434Z Restored cache entry with key gradle-dependencies-v1-b3ba458e98787b341f020e1a58774519 to /home/runner/.gradle/caches/modules-*/files-*/*/*/*/* in 7146ms
Build & Public Release	Set up Gradle	2026-02-01T19:04:00.1701524Z Received 1107296256 of 1329661357 (83.3%), 150.1 MBs/sec
Build & Public Release	Set up Gradle	2026-02-01T19:04:01.1705528Z Received 1308622848 of 1329661357 (98.4%), 155.3 MBs/sec
Build & Public Release	Set up Gradle	2026-02-01T19:04:01.3314297Z Received 1329661357 of 1329661357 (100.0%), 154.7 MBs/sec
Build & Public Release	Set up Gradle	2026-02-01T19:04:01.3316936Z Cache Size: ~1268 MB (1329661357 B)
Build & Public Release	Set up Gradle	2026-02-01T19:04:01.3353725Z [command]/usr/bin/tar -xf /home/runner/work/_temp/7b9f5d7f-6418-4e42-9a3e-14a8cf7fb468/cache.tzst -P -C /home/runner/work/AniZen/AniZen --use-compress-program unzstd
Build & Public Release	Set up Gradle	2026-02-01T19:04:11.7102243Z Cache restored successfully
Build & Public Release	Set up Gradle	2026-02-01T19:04:11.8423991Z Restored cache entry with key gradle-transforms-v1-29b6ecf76579b0052284b4e6ec2672a2 to /home/runner/.gradle/caches/transforms-4/*/,/home/runner/.gradle/caches/*/transforms/*/ in 18947ms
Build & Public Release	Set up Gradle	2026-02-01T19:04:11.8924364Z ##[endgroup]
Build & Public Release	Set up Gradle	2026-02-01T19:04:11.9317257Z ##[group]All Gradle Wrapper jars are valid
Build & Public Release	Set up Gradle	2026-02-01T19:04:11.9318495Z âœ“ Found known Gradle Wrapper JAR files:
Build & Public Release	Set up Gradle	2026-02-01T19:04:11.9319253Z   7d3a4ac4de1c32b59bc6a4eb8ecb8e612ccd0cf1ae1e99f66902da64df296172 gradle/wrapper/gradle-wrapper.jar
Build & Public Release	Set up Gradle	2026-02-01T19:04:11.9320115Z ##[endgroup]
Build & Public Release	Run Code Analysis (Detekt)	ï»¿2026-02-01T19:04:12.0115744Z ##[group]Run ./gradlew detekt --no-daemon
Build & Public Release	Run Code Analysis (Detekt)	2026-02-01T19:04:12.0116361Z [36;1m./gradlew detekt --no-daemon[0m
Build & Public Release	Run Code Analysis (Detekt)	2026-02-01T19:04:12.0138678Z shell: /usr/bin/bash -e {0}
Build & Public Release	Run Code Analysis (Detekt)	2026-02-01T19:04:12.0139159Z env:
Build & Public Release	Run Code Analysis (Detekt)	2026-02-01T19:04:12.0139617Z   JAVA_HOME: /opt/hostedtoolcache/Java_Temurin-Hotspot_jdk/17.0.18-8/x64
Build & Public Release	Run Code Analysis (Detekt)	2026-02-01T19:04:12.0140207Z   JAVA_HOME_17_X64: /opt/hostedtoolcache/Java_Temurin-Hotspot_jdk/17.0.18-8/x64
Build & Public Release	Run Code Analysis (Detekt)	2026-02-01T19:04:12.0140777Z   GRADLE_ACTION_ID: gradle/actions/setup-gradle
Build & Public Release	Run Code Analysis (Detekt)	2026-02-01T19:04:12.0141435Z   GRADLE_USER_HOME: /home/runner/.gradle
Build & Public Release	Run Code Analysis (Detekt)	2026-02-01T19:04:12.0141860Z   GRADLE_BUILD_ACTION_SETUP_COMPLETED: true
Build & Public Release	Run Code Analysis (Detekt)	2026-02-01T19:04:12.0142306Z   GRADLE_BUILD_ACTION_CACHE_RESTORED: true
Build & Public Release	Run Code Analysis (Detekt)	2026-02-01T19:04:12.0142882Z   DEVELOCITY_INJECTION_INIT_SCRIPT_NAME: gradle-actions.inject-develocity.init.gradle
Build & Public Release	Run Code Analysis (Detekt)	2026-02-01T19:04:12.0143486Z   DEVELOCITY_INJECTION_CUSTOM_VALUE: gradle-actions
Build & Public Release	Run Code Analysis (Detekt)	2026-02-01T19:04:12.0143909Z   GITHUB_DEPENDENCY_GRAPH_ENABLED: false
Build & Public Release	Run Code Analysis (Detekt)	2026-02-01T19:04:12.0144311Z ##[endgroup]
Build & Public Release	Run Code Analysis (Detekt)	2026-02-01T19:04:16.2288173Z To honour the JVM settings for this build a single-use Daemon process will be forked. For more on this, please refer to https://docs.gradle.org/8.14.3/userguide/gradle_daemon.html#sec:disabling_the_daemon in the Gradle documentation.
Build & Public Release	Run Code Analysis (Detekt)	2026-02-01T19:04:17.5280185Z Daemon will be stopped at the end of the build 
Build & Public Release	Run Code Analysis (Detekt)	2026-02-01T19:04:17.9279426Z Configuration on demand is an incubating feature.
Build & Public Release	Run Code Analysis (Detekt)	2026-02-01T19:04:21.2298027Z Type-safe project accessors is an incubating feature.
Build & Public Release	Run Code Analysis (Detekt)	2026-02-01T19:04:24.3289703Z > Task :buildSrc:checkKotlinGradlePluginConfigurationErrors SKIPPED
Build & Public Release	Run Code Analysis (Detekt)	2026-02-01T19:04:24.5289112Z > Task :buildSrc:generateExternalPluginSpecBuilders FROM-CACHE
Build & Public Release	Run Code Analysis (Detekt)	2026-02-01T19:04:24.6286068Z > Task :buildSrc:extractPrecompiledScriptPluginPlugins FROM-CACHE
Build & Public Release	Run Code Analysis (Detekt)	2026-02-01T19:04:24.7295652Z > Task :buildSrc:compilePluginsBlocks FROM-CACHE
Build & Public Release	Run Code Analysis (Detekt)	2026-02-01T19:04:25.0279281Z > Task :buildSrc:generatePrecompiledScriptPluginAccessors FROM-CACHE
Build & Public Release	Run Code Analysis (Detekt)	2026-02-01T19:04:25.0285101Z > Task :buildSrc:generateScriptPluginAdapters FROM-CACHE
Build & Public Release	Run Code Analysis (Detekt)	2026-02-01T19:04:25.5383814Z > Task :buildSrc:compileKotlin FROM-CACHE
Build & Public Release	Run Code Analysis (Detekt)	2026-02-01T19:04:25.5384576Z > Task :buildSrc:compileJava NO-SOURCE
Build & Public Release	Run Code Analysis (Detekt)	2026-02-01T19:04:25.5385059Z > Task :buildSrc:compileGroovy NO-SOURCE
Build & Public Release	Run Code Analysis (Detekt)	2026-02-01T19:04:25.6280468Z > Task :buildSrc:pluginDescriptors
Build & Public Release	Run Code Analysis (Detekt)	2026-02-01T19:04:25.6281629Z > Task :buildSrc:processResources
Build & Public Release	Run Code Analysis (Detekt)	2026-02-01T19:04:25.6295235Z > Task :buildSrc:classes
Build & Public Release	Run Code Analysis (Detekt)	2026-02-01T19:04:25.9285793Z > Task :buildSrc:jar
Build & Public Release	Run Code Analysis (Detekt)	2026-02-01T19:04:33.9282928Z > Task :detekt NO-SOURCE
Build & Public Release	Run Code Analysis (Detekt)	2026-02-01T19:04:33.9283936Z gradle/actions: Writing build results to /home/runner/work/_temp/.gradle-actions/build-results/__run-1769972659559.json
Build & Public Release	Run Code Analysis (Detekt)	2026-02-01T19:04:34.0253239Z 
Build & Public Release	Run Code Analysis (Detekt)	2026-02-01T19:04:34.0254334Z [Incubating] Problems report is available at: file:///home/runner/work/AniZen/AniZen/build/reports/problems/problems-report.html
Build & Public Release	Run Code Analysis (Detekt)	2026-02-01T19:04:34.0255243Z 
Build & Public Release	Run Code Analysis (Detekt)	2026-02-01T19:04:34.0255697Z Deprecated Gradle features were used in this build, making it incompatible with Gradle 9.0.
Build & Public Release	Run Code Analysis (Detekt)	2026-02-01T19:04:34.0256347Z 
Build & Public Release	Run Code Analysis (Detekt)	2026-02-01T19:04:34.0257073Z You can use '--warning-mode all' to show the individual deprecation warnings and determine if they come from your own scripts or plugins.
Build & Public Release	Run Code Analysis (Detekt)	2026-02-01T19:04:34.0257871Z 
Build & Public Release	Run Code Analysis (Detekt)	2026-02-01T19:04:34.0258661Z For more on this, please refer to https://docs.gradle.org/8.14.3/userguide/command_line_interface.html#sec:command_line_warnings in the Gradle documentation.
Build & Public Release	Run Code Analysis (Detekt)	2026-02-01T19:04:34.0259548Z 
Build & Public Release	Run Code Analysis (Detekt)	2026-02-01T19:04:34.0259696Z BUILD SUCCESSFUL in 21s
Build & Public Release	Run Code Analysis (Detekt)	2026-02-01T19:04:34.0260123Z 9 actionable tasks: 3 executed, 6 from cache
Build & Public Release	Build Release APK	ï»¿2026-02-01T19:04:34.1092538Z ##[group]Run ./gradlew assembleRelease -Pinclude-telemetry=false -Penable-updater=false --no-daemon
Build & Public Release	Build Release APK	2026-02-01T19:04:34.1093332Z [36;1m./gradlew assembleRelease -Pinclude-telemetry=false -Penable-updater=false --no-daemon[0m
Build & Public Release	Build Release APK	2026-02-01T19:04:34.1111947Z shell: /usr/bin/bash -e {0}
Build & Public Release	Build Release APK	2026-02-01T19:04:34.1112392Z env:
Build & Public Release	Build Release APK	2026-02-01T19:04:34.1112846Z   JAVA_HOME: /opt/hostedtoolcache/Java_Temurin-Hotspot_jdk/17.0.18-8/x64
Build & Public Release	Build Release APK	2026-02-01T19:04:34.1113364Z   JAVA_HOME_17_X64: /opt/hostedtoolcache/Java_Temurin-Hotspot_jdk/17.0.18-8/x64
Build & Public Release	Build Release APK	2026-02-01T19:04:34.1113802Z   GRADLE_ACTION_ID: gradle/actions/setup-gradle
Build & Public Release	Build Release APK	2026-02-01T19:04:34.1114125Z   GRADLE_USER_HOME: /home/runner/.gradle
Build & Public Release	Build Release APK	2026-02-01T19:04:34.1114440Z   GRADLE_BUILD_ACTION_SETUP_COMPLETED: true
Build & Public Release	Build Release APK	2026-02-01T19:04:34.1114758Z   GRADLE_BUILD_ACTION_CACHE_RESTORED: true
Build & Public Release	Build Release APK	2026-02-01T19:04:34.1115222Z   DEVELOCITY_INJECTION_INIT_SCRIPT_NAME: gradle-actions.inject-develocity.init.gradle
Build & Public Release	Build Release APK	2026-02-01T19:04:34.1115711Z   DEVELOCITY_INJECTION_CUSTOM_VALUE: gradle-actions
Build & Public Release	Build Release APK	2026-02-01T19:04:34.1116113Z   GITHUB_DEPENDENCY_GRAPH_ENABLED: false
Build & Public Release	Build Release APK	2026-02-01T19:04:34.1116404Z ##[endgroup]
Build & Public Release	Build Release APK	2026-02-01T19:04:34.7620562Z To honour the JVM settings for this build a single-use Daemon process will be forked. For more on this, please refer to https://docs.gradle.org/8.14.3/userguide/gradle_daemon.html#sec:disabling_the_daemon in the Gradle documentation.
Build & Public Release	Build Release APK	2026-02-01T19:04:35.6611709Z Daemon will be stopped at the end of the build 
Build & Public Release	Build Release APK	2026-02-01T19:04:36.0610226Z Configuration on demand is an incubating feature.
Build & Public Release	Build Release APK	2026-02-01T19:04:39.1642421Z Type-safe project accessors is an incubating feature.
Build & Public Release	Build Release APK	2026-02-01T19:04:42.1620515Z > Task :buildSrc:checkKotlinGradlePluginConfigurationErrors SKIPPED
Build & Public Release	Build Release APK	2026-02-01T19:04:42.2618256Z > Task :buildSrc:generateExternalPluginSpecBuilders UP-TO-DATE
Build & Public Release	Build Release APK	2026-02-01T19:04:42.2623682Z > Task :buildSrc:extractPrecompiledScriptPluginPlugins UP-TO-DATE
Build & Public Release	Build Release APK	2026-02-01T19:04:42.4611100Z > Task :buildSrc:compilePluginsBlocks UP-TO-DATE
Build & Public Release	Build Release APK	2026-02-01T19:04:42.7614447Z > Task :buildSrc:generatePrecompiledScriptPluginAccessors UP-TO-DATE
Build & Public Release	Build Release APK	2026-02-01T19:04:42.7615580Z > Task :buildSrc:generateScriptPluginAdapters UP-TO-DATE
Build & Public Release	Build Release APK	2026-02-01T19:04:42.9625423Z > Task :buildSrc:compileKotlin UP-TO-DATE
Build & Public Release	Build Release APK	2026-02-01T19:04:42.9628513Z > Task :buildSrc:compileJava NO-SOURCE
Build & Public Release	Build Release APK	2026-02-01T19:04:42.9630700Z > Task :buildSrc:compileGroovy NO-SOURCE
Build & Public Release	Build Release APK	2026-02-01T19:04:42.9631353Z > Task :buildSrc:pluginDescriptors UP-TO-DATE
Build & Public Release	Build Release APK	2026-02-01T19:04:42.9631879Z > Task :buildSrc:processResources UP-TO-DATE
Build & Public Release	Build Release APK	2026-02-01T19:04:42.9632441Z > Task :buildSrc:classes UP-TO-DATE
Build & Public Release	Build Release APK	2026-02-01T19:04:42.9633453Z > Task :buildSrc:jar UP-TO-DATE
Build & Public Release	Build Release APK	2026-02-01T19:04:52.1619304Z > Task :data:preBuild UP-TO-DATE
Build & Public Release	Build Release APK	2026-02-01T19:04:52.1619914Z > Task :app:preBuild UP-TO-DATE
Build & Public Release	Build Release APK	2026-02-01T19:04:52.1655870Z > Task :domain:preBuild UP-TO-DATE
Build & Public Release	Build Release APK	2026-02-01T19:04:52.1656759Z > Task :app:preReleaseBuild UP-TO-DATE
Build & Public Release	Build Release APK	2026-02-01T19:04:52.1675478Z > Task :data:preReleaseBuild UP-TO-DATE
Build & Public Release	Build Release APK	2026-02-01T19:04:52.1676459Z > Task :core-metadata:preBuild UP-TO-DATE
Build & Public Release	Build Release APK	2026-02-01T19:04:52.1677380Z > Task :domain:preReleaseBuild UP-TO-DATE
Build & Public Release	Build Release APK	2026-02-01T19:04:52.1678370Z > Task :core-metadata:preReleaseBuild UP-TO-DATE
Build & Public Release	Build Release APK	2026-02-01T19:04:52.3652122Z > Task :app:mergeReleaseJniLibFolders
Build & Public Release	Build Release APK	2026-02-01T19:04:52.3658664Z > Task :data:mergeReleaseJniLibFolders
Build & Public Release	Build Release APK	2026-02-01T19:04:52.3659320Z > Task :domain:mergeReleaseJniLibFolders
Build & Public Release	Build Release APK	2026-02-01T19:04:52.3659945Z > Task :core-metadata:mergeReleaseJniLibFolders
Build & Public Release	Build Release APK	2026-02-01T19:04:52.3660536Z > Task :flagkit:preBuild UP-TO-DATE
Build & Public Release	Build Release APK	2026-02-01T19:04:52.3661230Z > Task :flagkit:preReleaseBuild UP-TO-DATE
Build & Public Release	Build Release APK	2026-02-01T19:04:52.3661850Z > Task :domain:mergeReleaseNativeLibs NO-SOURCE
Build & Public Release	Build Release APK	2026-02-01T19:04:52.3662454Z > Task :data:mergeReleaseNativeLibs NO-SOURCE
Build & Public Release	Build Release APK	2026-02-01T19:04:52.3663080Z > Task :core-metadata:mergeReleaseNativeLibs NO-SOURCE
Build & Public Release	Build Release APK	2026-02-01T19:04:52.3663691Z > Task :flagkit:mergeReleaseJniLibFolders
Build & Public Release	Build Release APK	2026-02-01T19:04:52.3664263Z > Task :flagkit:mergeReleaseNativeLibs NO-SOURCE
Build & Public Release	Build Release APK	2026-02-01T19:04:52.3664874Z > Task :domain:copyReleaseJniLibsProjectOnly
Build & Public Release	Build Release APK	2026-02-01T19:04:52.3666034Z > Task :core-metadata:copyReleaseJniLibsProjectOnly
Build & Public Release	Build Release APK	2026-02-01T19:04:52.3666670Z > Task :i18n:generateLocalesConfig UP-TO-DATE
Build & Public Release	Build Release APK	2026-02-01T19:04:52.3667279Z > Task :flagkit:copyReleaseJniLibsProjectOnly
Build & Public Release	Build Release APK	2026-02-01T19:04:52.3667887Z > Task :data:copyReleaseJniLibsProjectOnly
Build & Public Release	Build Release APK	2026-02-01T19:04:52.4660163Z > Task :i18n-ank:generateMRcommonMain FROM-CACHE
Build & Public Release	Build Release APK	2026-02-01T19:04:52.4712434Z > Task :i18n-ank:generateMRandroidDebug SKIPPED
Build & Public Release	Build Release APK	2026-02-01T19:04:52.4713286Z > Task :i18n-kmk:generateMRcommonMain FROM-CACHE
Build & Public Release	Build Release APK	2026-02-01T19:04:52.4713954Z > Task :i18n-sy:generateMRcommonMain FROM-CACHE
Build & Public Release	Build Release APK	2026-02-01T19:04:52.4714624Z > Task :i18n-kmk:generateMRandroidDebug SKIPPED
Build & Public Release	Build Release APK	2026-02-01T19:04:52.4715263Z > Task :i18n-sy:generateMRandroidDebug SKIPPED
Build & Public Release	Build Release APK	2026-02-01T19:04:52.4715975Z > Task :i18n-ank:generateMRandroidInstrumentedTest FROM-CACHE
Build & Public Release	Build Release APK	2026-02-01T19:04:52.4716780Z > Task :i18n-kmk:generateMRandroidInstrumentedTest FROM-CACHE
Build & Public Release	Build Release APK	2026-02-01T19:04:52.4717626Z > Task :i18n-ank:generateMRandroidInstrumentedTestDebug SKIPPED
Build & Public Release	Build Release APK	2026-02-01T19:04:52.4718541Z > Task :i18n-kmk:generateMRandroidInstrumentedTestDebug SKIPPED
Build & Public Release	Build Release APK	2026-02-01T19:04:52.4719399Z > Task :i18n-sy:generateMRandroidInstrumentedTest FROM-CACHE
Build & Public Release	Build Release APK	2026-02-01T19:04:52.4720108Z > Task :i18n:generateMRcommonMain FROM-CACHE
Build & Public Release	Build Release APK	2026-02-01T19:04:52.4720832Z > Task :i18n-sy:generateMRandroidInstrumentedTestDebug SKIPPED
Build & Public Release	Build Release APK	2026-02-01T19:04:52.4721683Z > Task :i18n:generateMRandroidDebug SKIPPED
Build & Public Release	Build Release APK	2026-02-01T19:04:52.5634938Z > Task :i18n:generateMRandroidInstrumentedTest FROM-CACHE
Build & Public Release	Build Release APK	2026-02-01T19:04:52.5640024Z > Task :i18n:generateMRandroidInstrumentedTestDebug SKIPPED
Build & Public Release	Build Release APK	2026-02-01T19:04:52.5644416Z > Task :i18n-kmk:generateMRandroidMain FROM-CACHE
Build & Public Release	Build Release APK	2026-02-01T19:04:52.5672062Z > Task :i18n-kmk:generateMRandroidRelease SKIPPED
Build & Public Release	Build Release APK	2026-02-01T19:04:52.5697203Z > Task :i18n-kmk:generateMRcommonTest FROM-CACHE
Build & Public Release	Build Release APK	2026-02-01T19:04:52.5698188Z > Task :i18n-ank:generateMRandroidMain FROM-CACHE
Build & Public Release	Build Release APK	2026-02-01T19:04:52.5698955Z > Task :i18n-ank:generateMRandroidRelease SKIPPED
Build & Public Release	Build Release APK	2026-02-01T19:04:52.5699774Z > Task :i18n-kmk:generateMRandroidUnitTest FROM-CACHE
Build & Public Release	Build Release APK	2026-02-01T19:04:52.5700632Z > Task :i18n-kmk:generateMRandroidUnitTestDebug SKIPPED
Build & Public Release	Build Release APK	2026-02-01T19:04:52.5702053Z > Task :i18n-kmk:generateMRandroidUnitTestRelease SKIPPED
Build & Public Release	Build Release APK	2026-02-01T19:04:52.5703154Z > Task :i18n-ank:generateMRcommonTest FROM-CACHE
Build & Public Release	Build Release APK	2026-02-01T19:04:52.5703854Z > Task :i18n-kmk:preBuild UP-TO-DATE
Build & Public Release	Build Release APK	2026-02-01T19:04:52.5713733Z > Task :i18n-kmk:preReleaseBuild UP-TO-DATE
Build & Public Release	Build Release APK	2026-02-01T19:04:52.6644203Z > Task :i18n-sy:generateMRandroidMain FROM-CACHE
Build & Public Release	Build Release APK	2026-02-01T19:04:52.6650301Z > Task :i18n-kmk:mergeReleaseJniLibFolders
Build & Public Release	Build Release APK	2026-02-01T19:04:52.6683330Z > Task :i18n-sy:generateMRandroidRelease SKIPPED
Build & Public Release	Build Release APK	2026-02-01T19:04:52.6686335Z > Task :i18n-ank:generateMRandroidUnitTest FROM-CACHE
Build & Public Release	Build Release APK	2026-02-01T19:04:52.6689179Z > Task :i18n-kmk:mergeReleaseNativeLibs NO-SOURCE
Build & Public Release	Build Release APK	2026-02-01T19:04:52.6737865Z > Task :i18n-ank:generateMRandroidUnitTestDebug SKIPPED
Build & Public Release	Build Release APK	2026-02-01T19:04:52.6738915Z > Task :i18n-ank:generateMRandroidUnitTestRelease SKIPPED
Build & Public Release	Build Release APK	2026-02-01T19:04:52.6739770Z > Task :i18n-ank:preBuild UP-TO-DATE
Build & Public Release	Build Release APK	2026-02-01T19:04:52.6740410Z > Task :i18n-ank:preReleaseBuild UP-TO-DATE
Build & Public Release	Build Release APK	2026-02-01T19:04:52.6741294Z > Task :i18n-kmk:copyReleaseJniLibsProjectOnly
Build & Public Release	Build Release APK	2026-02-01T19:04:52.6742054Z > Task :presentation-core:preBuild UP-TO-DATE
Build & Public Release	Build Release APK	2026-02-01T19:04:52.6742825Z > Task :presentation-core:preReleaseBuild UP-TO-DATE
Build & Public Release	Build Release APK	2026-02-01T19:04:52.6743558Z > Task :i18n-sy:generateMRcommonTest FROM-CACHE
Build & Public Release	Build Release APK	2026-02-01T19:04:52.6744289Z > Task :presentation-core:mergeReleaseJniLibFolders
Build & Public Release	Build Release APK	2026-02-01T19:04:52.6744993Z > Task :i18n-sy:generateMRandroidUnitTest FROM-CACHE
Build & Public Release	Build Release APK	2026-02-01T19:04:52.6745559Z > Task :i18n-ank:mergeReleaseJniLibFolders
Build & Public Release	Build Release APK	2026-02-01T19:04:52.6746123Z > Task :i18n-sy:generateMRandroidUnitTestDebug SKIPPED
Build & Public Release	Build Release APK	2026-02-01T19:04:52.6746787Z > Task :presentation-core:mergeReleaseNativeLibs NO-SOURCE
Build & Public Release	Build Release APK	2026-02-01T19:04:52.6747635Z > Task :i18n-sy:generateMRandroidUnitTestRelease SKIPPED
Build & Public Release	Build Release APK	2026-02-01T19:04:52.6748398Z > Task :i18n-ank:mergeReleaseNativeLibs NO-SOURCE
Build & Public Release	Build Release APK	2026-02-01T19:04:52.6749340Z > Task :i18n-sy:preBuild UP-TO-DATE
Build & Public Release	Build Release APK	2026-02-01T19:04:52.6749884Z > Task :i18n-sy:preReleaseBuild UP-TO-DATE
Build & Public Release	Build Release APK	2026-02-01T19:04:52.6750854Z > Task :presentation-core:copyReleaseJniLibsProjectOnly
Build & Public Release	Build Release APK	2026-02-01T19:04:52.6751757Z > Task :i18n-ank:copyReleaseJniLibsProjectOnly
Build & Public Release	Build Release APK	2026-02-01T19:04:52.6752448Z > Task :presentation-widget:preBuild UP-TO-DATE
Build & Public Release	Build Release APK	2026-02-01T19:04:52.6753127Z > Task :presentation-widget:preReleaseBuild UP-TO-DATE
Build & Public Release	Build Release APK	2026-02-01T19:04:52.6753813Z > Task :source-api:preBuild UP-TO-DATE
Build & Public Release	Build Release APK	2026-02-01T19:04:52.6754503Z > Task :source-api:preReleaseBuild UP-TO-DATE
Build & Public Release	Build Release APK	2026-02-01T19:04:52.6755167Z > Task :i18n-sy:mergeReleaseJniLibFolders
Build & Public Release	Build Release APK	2026-02-01T19:04:52.6755806Z > Task :i18n-sy:mergeReleaseNativeLibs NO-SOURCE
Build & Public Release	Build Release APK	2026-02-01T19:04:52.6756604Z > Task :presentation-widget:mergeReleaseJniLibFolders
Build & Public Release	Build Release APK	2026-02-01T19:04:52.6757356Z > Task :source-api:mergeReleaseJniLibFolders
Build & Public Release	Build Release APK	2026-02-01T19:04:52.6758804Z > Task :presentation-widget:mergeReleaseNativeLibs NO-SOURCE
Build & Public Release	Build Release APK	2026-02-01T19:04:52.6759501Z > Task :source-api:mergeReleaseNativeLibs NO-SOURCE
Build & Public Release	Build Release APK	2026-02-01T19:04:52.6760135Z > Task :i18n-sy:copyReleaseJniLibsProjectOnly
Build & Public Release	Build Release APK	2026-02-01T19:04:52.6760635Z > Task :source-local:preBuild UP-TO-DATE
Build & Public Release	Build Release APK	2026-02-01T19:04:52.6761252Z > Task :source-local:preReleaseBuild UP-TO-DATE
Build & Public Release	Build Release APK	2026-02-01T19:04:52.7642072Z > Task :presentation-widget:copyReleaseJniLibsProjectOnly
Build & Public Release	Build Release APK	2026-02-01T19:04:52.7646514Z > Task :source-api:copyReleaseJniLibsProjectOnly
Build & Public Release	Build Release APK	2026-02-01T19:04:52.7656546Z > Task :telemetry:preBuild UP-TO-DATE
Build & Public Release	Build Release APK	2026-02-01T19:04:52.7732061Z > Task :telemetry:preReleaseBuild UP-TO-DATE
Build & Public Release	Build Release APK	2026-02-01T19:04:52.7748454Z > Task :source-local:mergeReleaseJniLibFolders
Build & Public Release	Build Release APK	2026-02-01T19:04:52.7749145Z > Task :source-local:mergeReleaseNativeLibs NO-SOURCE
Build & Public Release	Build Release APK	2026-02-01T19:04:52.7749731Z > Task :core:archive:preBuild UP-TO-DATE
Build & Public Release	Build Release APK	2026-02-01T19:04:52.7750304Z > Task :core:archive:preReleaseBuild UP-TO-DATE
Build & Public Release	Build Release APK	2026-02-01T19:04:52.7750868Z > Task :telemetry:mergeReleaseJniLibFolders
Build & Public Release	Build Release APK	2026-02-01T19:04:52.7751656Z > Task :telemetry:mergeReleaseNativeLibs NO-SOURCE
Build & Public Release	Build Release APK	2026-02-01T19:04:52.7758224Z > Task :source-local:copyReleaseJniLibsProjectOnly
Build & Public Release	Build Release APK	2026-02-01T19:04:52.7758835Z > Task :core:common:preBuild UP-TO-DATE
Build & Public Release	Build Release APK	2026-02-01T19:04:52.7759368Z > Task :core:common:preReleaseBuild UP-TO-DATE
Build & Public Release	Build Release APK	2026-02-01T19:04:52.7760229Z > Task :core:archive:mergeReleaseJniLibFolders
Build & Public Release	Build Release APK	2026-02-01T19:04:52.7760813Z > Task :i18n:generateMRandroidMain FROM-CACHE
Build & Public Release	Build Release APK	2026-02-01T19:04:52.7771864Z > Task :telemetry:copyReleaseJniLibsProjectOnly
Build & Public Release	Build Release APK	2026-02-01T19:04:52.7772543Z > Task :i18n:generateMRandroidRelease SKIPPED
Build & Public Release	Build Release APK	2026-02-01T19:04:52.7773223Z > Task :core:archive:mergeReleaseNativeLibs NO-SOURCE
Build & Public Release	Build Release APK	2026-02-01T19:04:52.7773836Z > Task :core:common:mergeReleaseJniLibFolders
Build & Public Release	Build Release APK	2026-02-01T19:04:52.7774470Z > Task :core:common:mergeReleaseNativeLibs NO-SOURCE
Build & Public Release	Build Release APK	2026-02-01T19:04:52.7775072Z > Task :i18n:generateMRcommonTest FROM-CACHE
Build & Public Release	Build Release APK	2026-02-01T19:04:52.7775576Z > Task :core-metadata:prepareReleaseArtProfile
Build & Public Release	Build Release APK	2026-02-01T19:04:52.7776121Z > Task :core:archive:copyReleaseJniLibsProjectOnly
Build & Public Release	Build Release APK	2026-02-01T19:04:52.7776648Z > Task :data:prepareReleaseArtProfile
Build & Public Release	Build Release APK	2026-02-01T19:04:52.7777170Z > Task :domain:prepareReleaseArtProfile
Build & Public Release	Build Release APK	2026-02-01T19:04:52.7777745Z > Task :core:common:copyReleaseJniLibsProjectOnly
Build & Public Release	Build Release APK	2026-02-01T19:04:52.7778373Z > Task :i18n:generateMRandroidUnitTest FROM-CACHE
Build & Public Release	Build Release APK	2026-02-01T19:04:52.7778957Z > Task :flagkit:prepareReleaseArtProfile
Build & Public Release	Build Release APK	2026-02-01T19:04:52.7779520Z > Task :i18n:generateMRandroidUnitTestDebug SKIPPED
Build & Public Release	Build Release APK	2026-02-01T19:04:52.7780186Z > Task :i18n:generateMRandroidUnitTestRelease SKIPPED
Build & Public Release	Build Release APK	2026-02-01T19:04:52.7780772Z > Task :i18n-ank:prepareReleaseArtProfile
Build & Public Release	Build Release APK	2026-02-01T19:04:52.7781402Z > Task :i18n:preBuild UP-TO-DATE
Build & Public Release	Build Release APK	2026-02-01T19:04:52.7781813Z > Task :i18n:preReleaseBuild UP-TO-DATE
Build & Public Release	Build Release APK	2026-02-01T19:04:52.7782274Z > Task :presentation-core:prepareReleaseArtProfile
Build & Public Release	Build Release APK	2026-02-01T19:04:52.7782799Z > Task :i18n-kmk:prepareReleaseArtProfile
Build & Public Release	Build Release APK	2026-02-01T19:04:52.7783290Z > Task :i18n-sy:prepareReleaseArtProfile
Build & Public Release	Build Release APK	2026-02-01T19:04:52.7783780Z > Task :i18n:mergeReleaseJniLibFolders
Build & Public Release	Build Release APK	2026-02-01T19:04:52.7784285Z > Task :i18n:mergeReleaseNativeLibs NO-SOURCE
Build & Public Release	Build Release APK	2026-02-01T19:04:52.7785083Z > Task :source-api:prepareReleaseArtProfile
Build & Public Release	Build Release APK	2026-02-01T19:04:52.7785705Z > Task :presentation-widget:prepareReleaseArtProfile
Build & Public Release	Build Release APK	2026-02-01T19:04:52.7786347Z > Task :source-local:prepareReleaseArtProfile
Build & Public Release	Build Release APK	2026-02-01T19:04:52.7786933Z > Task :i18n:copyReleaseJniLibsProjectOnly
Build & Public Release	Build Release APK	2026-02-01T19:04:52.8608921Z > Task :core:archive:prepareReleaseArtProfile
Build & Public Release	Build Release APK	2026-02-01T19:04:52.8621183Z > Task :i18n:prepareReleaseArtProfile
Build & Public Release	Build Release APK	2026-02-01T19:04:52.8622048Z > Task :core:common:prepareReleaseArtProfile
Build & Public Release	Build Release APK	2026-02-01T19:04:52.8622922Z > Task :core-metadata:checkKotlinGradlePluginConfigurationErrors SKIPPED
Build & Public Release	Build Release APK	2026-02-01T19:04:52.8623762Z > Task :telemetry:prepareReleaseArtProfile
Build & Public Release	Build Release APK	2026-02-01T19:04:52.8624519Z > Task :source-api:generateReleaseResValues FROM-CACHE
Build & Public Release	Build Release APK	2026-02-01T19:04:52.8625198Z > Task :i18n:generateReleaseResValues FROM-CACHE
Build & Public Release	Build Release APK	2026-02-01T19:04:52.8625923Z > Task :core-metadata:generateReleaseResValues FROM-CACHE
Build & Public Release	Build Release APK	2026-02-01T19:04:52.8626580Z > Task :source-api:generateReleaseResources FROM-CACHE
Build & Public Release	Build Release APK	2026-02-01T19:04:52.8627268Z > Task :core-metadata:generateReleaseResources FROM-CACHE
Build & Public Release	Build Release APK	2026-02-01T19:04:52.8627944Z > Task :i18n:generateReleaseResources FROM-CACHE
Build & Public Release	Build Release APK	2026-02-01T19:04:52.8628575Z > Task :source-api:packageReleaseResources FROM-CACHE
Build & Public Release	Build Release APK	2026-02-01T19:04:52.8652042Z > Task :core-metadata:packageReleaseResources FROM-CACHE
Build & Public Release	Build Release APK	2026-02-01T19:04:53.0608837Z > Task :i18n:packageReleaseResources FROM-CACHE
Build & Public Release	Build Release APK	2026-02-01T19:04:53.7608752Z > Task :i18n:parseReleaseLocalResources FROM-CACHE
Build & Public Release	Build Release APK	2026-02-01T19:04:53.7612799Z > Task :core-metadata:parseReleaseLocalResources FROM-CACHE
Build & Public Release	Build Release APK	2026-02-01T19:04:53.7614250Z > Task :i18n-sy:generateReleaseResValues FROM-CACHE
Build & Public Release	Build Release APK	2026-02-01T19:04:53.7615632Z > Task :i18n-sy:generateReleaseResources FROM-CACHE
Build & Public Release	Build Release APK	2026-02-01T19:04:53.7616959Z > Task :i18n-sy:packageReleaseResources FROM-CACHE
Build & Public Release	Build Release APK	2026-02-01T19:04:53.8613808Z > Task :i18n-sy:parseReleaseLocalResources FROM-CACHE
Build & Public Release	Build Release APK	2026-02-01T19:04:53.8616944Z > Task :i18n-sy:generateReleaseRFile FROM-CACHE
Build & Public Release	Build Release APK	2026-02-01T19:04:53.8619775Z > Task :core:common:generateReleaseResValues FROM-CACHE
Build & Public Release	Build Release APK	2026-02-01T19:04:53.8622511Z > Task :core:common:generateReleaseResources FROM-CACHE
Build & Public Release	Build Release APK	2026-02-01T19:04:53.8623989Z > Task :core:common:packageReleaseResources FROM-CACHE
Build & Public Release	Build Release APK	2026-02-01T19:04:53.8636820Z > Task :core:common:parseReleaseLocalResources FROM-CACHE
Build & Public Release	Build Release APK	2026-02-01T19:04:53.8638457Z > Task :i18n-sy:kmpPartiallyResolvedDependenciesChecker
Build & Public Release	Build Release APK	2026-02-01T19:04:53.8642873Z > Task :i18n-sy:checkKotlinGradlePluginConfigurationErrors SKIPPED
Build & Public Release	Build Release APK	2026-02-01T19:04:53.9609531Z > Task :source-api:parseReleaseLocalResources FROM-CACHE
Build & Public Release	Build Release APK	2026-02-01T19:04:53.9627335Z > Task :source-api:kmpPartiallyResolvedDependenciesChecker
Build & Public Release	Build Release APK	2026-02-01T19:04:53.9630297Z > Task :source-api:checkKotlinGradlePluginConfigurationErrors SKIPPED
Build & Public Release	Build Release APK	2026-02-01T19:04:53.9631617Z > Task :core:common:checkKotlinGradlePluginConfigurationErrors SKIPPED
Build & Public Release	Build Release APK	2026-02-01T19:04:53.9635608Z > Task :core:common:javaPreCompileRelease FROM-CACHE
Build & Public Release	Build Release APK	2026-02-01T19:04:53.9636587Z > Task :source-api:javaPreCompileRelease FROM-CACHE
Build & Public Release	Build Release APK	2026-02-01T19:04:53.9659634Z > Task :core-metadata:javaPreCompileRelease FROM-CACHE
Build & Public Release	Build Release APK	2026-02-01T19:04:53.9660489Z > Task :domain:checkKotlinGradlePluginConfigurationErrors SKIPPED
Build & Public Release	Build Release APK	2026-02-01T19:04:53.9661410Z > Task :domain:generateReleaseResValues FROM-CACHE
Build & Public Release	Build Release APK	2026-02-01T19:04:53.9662096Z > Task :domain:generateReleaseResources FROM-CACHE
Build & Public Release	Build Release APK	2026-02-01T19:04:53.9662739Z > Task :domain:packageReleaseResources FROM-CACHE
Build & Public Release	Build Release APK	2026-02-01T19:04:53.9663433Z > Task :domain:parseReleaseLocalResources FROM-CACHE
Build & Public Release	Build Release APK	2026-02-01T19:04:53.9664125Z > Task :i18n-ank:generateReleaseResValues FROM-CACHE
Build & Public Release	Build Release APK	2026-02-01T19:04:54.0629920Z > Task :i18n-ank:generateReleaseResources FROM-CACHE
Build & Public Release	Build Release APK	2026-02-01T19:04:54.1617939Z > Task :i18n-ank:packageReleaseResources FROM-CACHE
Build & Public Release	Build Release APK	2026-02-01T19:04:54.1618771Z > Task :i18n-ank:parseReleaseLocalResources FROM-CACHE
Build & Public Release	Build Release APK	2026-02-01T19:04:54.1624569Z > Task :i18n-ank:generateReleaseRFile FROM-CACHE
Build & Public Release	Build Release APK	2026-02-01T19:04:54.1625279Z > Task :i18n-ank:kmpPartiallyResolvedDependenciesChecker
Build & Public Release	Build Release APK	2026-02-01T19:04:54.1626569Z > Task :i18n-ank:checkKotlinGradlePluginConfigurationErrors SKIPPED
Build & Public Release	Build Release APK	2026-02-01T19:04:54.3633964Z > Task :i18n:generateReleaseRFile FROM-CACHE
Build & Public Release	Build Release APK	2026-02-01T19:04:54.4608823Z > Task :i18n-ank:compileReleaseKotlinAndroid FROM-CACHE
Build & Public Release	Build Release APK	2026-02-01T19:04:54.4610072Z > Task :i18n-sy:compileReleaseKotlinAndroid FROM-CACHE
Build & Public Release	Build Release APK	2026-02-01T19:04:54.4611185Z > Task :i18n:kmpPartiallyResolvedDependenciesChecker
Build & Public Release	Build Release APK	2026-02-01T19:04:54.4612190Z > Task :i18n:checkKotlinGradlePluginConfigurationErrors SKIPPED
Build & Public Release	Build Release APK	2026-02-01T19:04:55.1682190Z > Task :app:mergeReleaseNativeLibs
Build & Public Release	Build Release APK	2026-02-01T19:04:55.1683192Z > Task :i18n-sy:javaPreCompileRelease FROM-CACHE
Build & Public Release	Build Release APK	2026-02-01T19:04:55.1684008Z > Task :i18n-sy:compileReleaseJavaWithJavac NO-SOURCE
Build & Public Release	Build Release APK	2026-02-01T19:04:55.1684780Z > Task :core:common:generateReleaseRFile FROM-CACHE
Build & Public Release	Build Release APK	2026-02-01T19:04:55.1685444Z > Task :i18n:compileReleaseKotlinAndroid FROM-CACHE
Build & Public Release	Build Release APK	2026-02-01T19:04:55.1686090Z > Task :i18n:javaPreCompileRelease FROM-CACHE
Build & Public Release	Build Release APK	2026-02-01T19:04:55.2618749Z > Task :source-api:generateReleaseRFile FROM-CACHE
Build & Public Release	Build Release APK	2026-02-01T19:04:55.2620083Z > Task :i18n-sy:bundleLibCompileToJarRelease
Build & Public Release	Build Release APK	2026-02-01T19:04:55.2624834Z > Task :i18n:compileReleaseJavaWithJavac NO-SOURCE
Build & Public Release	Build Release APK	2026-02-01T19:04:55.2625833Z > Task :i18n:bundleLibCompileToJarRelease
Build & Public Release	Build Release APK	2026-02-01T19:04:55.3635115Z > Task :core-metadata:generateReleaseRFile FROM-CACHE
Build & Public Release	Build Release APK	2026-02-01T19:04:55.4611662Z > Task :domain:generateReleaseRFile FROM-CACHE
Build & Public Release	Build Release APK	2026-02-01T19:04:55.4612668Z > Task :app:mergeReleaseArtProfile
Build & Public Release	Build Release APK	2026-02-01T19:04:55.4613408Z > Task :i18n-ank:javaPreCompileRelease FROM-CACHE
Build & Public Release	Build Release APK	2026-02-01T19:04:55.4614174Z > Task :i18n-ank:compileReleaseJavaWithJavac NO-SOURCE
Build & Public Release	Build Release APK	2026-02-01T19:04:55.4614948Z > Task :i18n-ank:bundleLibCompileToJarRelease
Build & Public Release	Build Release APK	2026-02-01T19:04:55.4615651Z > Task :domain:javaPreCompileRelease FROM-CACHE
Build & Public Release	Build Release APK	2026-02-01T19:04:55.4616487Z > Task :source-local:kmpPartiallyResolvedDependenciesChecker
Build & Public Release	Build Release APK	2026-02-01T19:04:55.4617416Z > Task :source-local:checkKotlinGradlePluginConfigurationErrors SKIPPED
Build & Public Release	Build Release APK	2026-02-01T19:04:55.4618247Z > Task :source-local:generateReleaseResValues FROM-CACHE
Build & Public Release	Build Release APK	2026-02-01T19:04:55.4619094Z > Task :source-local:generateReleaseResources FROM-CACHE
Build & Public Release	Build Release APK	2026-02-01T19:04:55.5610067Z > Task :source-local:packageReleaseResources FROM-CACHE
Build & Public Release	Build Release APK	2026-02-01T19:04:55.5614388Z > Task :source-local:parseReleaseLocalResources FROM-CACHE
Build & Public Release	Build Release APK	2026-02-01T19:04:55.5615412Z > Task :core:archive:generateReleaseResValues FROM-CACHE
Build & Public Release	Build Release APK	2026-02-01T19:04:55.8614824Z > Task :app:stripReleaseDebugSymbols
Build & Public Release	Build Release APK	2026-02-01T19:04:55.8615600Z > Task :source-local:javaPreCompileRelease FROM-CACHE
Build & Public Release	Build Release APK	2026-02-01T19:04:55.9626843Z > Task :data:checkKotlinGradlePluginConfigurationErrors SKIPPED
Build & Public Release	Build Release APK	2026-02-01T19:04:55.9628178Z > Task :core:archive:generateReleaseResources FROM-CACHE
Build & Public Release	Build Release APK	2026-02-01T19:04:55.9629291Z > Task :core:archive:packageReleaseResources FROM-CACHE
Build & Public Release	Build Release APK	2026-02-01T19:04:55.9630334Z > Task :core:archive:parseReleaseLocalResources FROM-CACHE
Build & Public Release	Build Release APK	2026-02-01T19:04:55.9631501Z > Task :data:generateReleaseDatabaseInterface FROM-CACHE
Build & Public Release	Build Release APK	2026-02-01T19:04:55.9632496Z > Task :data:generateReleaseResValues FROM-CACHE
Build & Public Release	Build Release APK	2026-02-01T19:04:55.9633414Z > Task :data:generateReleaseResources FROM-CACHE
Build & Public Release	Build Release APK	2026-02-01T19:04:55.9634285Z > Task :data:packageReleaseResources FROM-CACHE
Build & Public Release	Build Release APK	2026-02-01T19:04:55.9635140Z > Task :core:archive:generateReleaseRFile FROM-CACHE
Build & Public Release	Build Release APK	2026-02-01T19:04:55.9636007Z > Task :core:common:compileReleaseKotlin FROM-CACHE
Build & Public Release	Build Release APK	2026-02-01T19:04:56.0626424Z > Task :data:parseReleaseLocalResources FROM-CACHE
Build & Public Release	Build Release APK	2026-02-01T19:04:56.0629741Z > Task :core:common:compileReleaseJavaWithJavac NO-SOURCE
Build & Public Release	Build Release APK	2026-02-01T19:04:56.0631385Z > Task :core:archive:checkKotlinGradlePluginConfigurationErrors SKIPPED
Build & Public Release	Build Release APK	2026-02-01T19:04:56.0632745Z > Task :core:archive:javaPreCompileRelease FROM-CACHE
Build & Public Release	Build Release APK	2026-02-01T19:04:56.0633556Z > Task :core:common:bundleLibCompileToJarRelease
Build & Public Release	Build Release APK	2026-02-01T19:04:56.0636765Z > Task :source-local:generateReleaseRFile FROM-CACHE
Build & Public Release	Build Release APK	2026-02-01T19:04:56.0637659Z > Task :data:generateReleaseRFile FROM-CACHE
Build & Public Release	Build Release APK	2026-02-01T19:04:56.0638381Z > Task :data:javaPreCompileRelease FROM-CACHE
Build & Public Release	Build Release APK	2026-02-01T19:04:56.0642898Z > Task :presentation-core:checkKotlinGradlePluginConfigurationErrors SKIPPED
Build & Public Release	Build Release APK	2026-02-01T19:04:56.0644108Z > Task :presentation-core:generateReleaseResValues FROM-CACHE
Build & Public Release	Build Release APK	2026-02-01T19:04:56.1663950Z > Task :presentation-core:generateReleaseResources FROM-CACHE
Build & Public Release	Build Release APK	2026-02-01T19:04:56.1668960Z > Task :presentation-core:packageReleaseResources FROM-CACHE
Build & Public Release	Build Release APK	2026-02-01T19:04:56.1670039Z > Task :presentation-core:parseReleaseLocalResources FROM-CACHE
Build & Public Release	Build Release APK	2026-02-01T19:04:56.1671210Z > Task :core:archive:compileReleaseKotlin FROM-CACHE
Build & Public Release	Build Release APK	2026-02-01T19:04:56.1672104Z > Task :core:archive:compileReleaseJavaWithJavac NO-SOURCE
Build & Public Release	Build Release APK	2026-02-01T19:04:56.1672956Z > Task :core:archive:bundleLibCompileToJarRelease
Build & Public Release	Build Release APK	2026-02-01T19:04:56.2608265Z > Task :core:archive:mergeReleaseGeneratedProguardFiles
Build & Public Release	Build Release APK	2026-02-01T19:04:56.2611278Z > Task :core:archive:exportReleaseConsumerProguardFiles
Build & Public Release	Build Release APK	2026-02-01T19:04:56.2613914Z > Task :presentation-widget:checkKotlinGradlePluginConfigurationErrors SKIPPED
Build & Public Release	Build Release APK	2026-02-01T19:04:56.2616644Z > Task :source-api:compileReleaseKotlinAndroid FROM-CACHE
Build & Public Release	Build Release APK	2026-02-01T19:04:56.2619643Z > Task :source-api:compileReleaseJavaWithJavac NO-SOURCE
Build & Public Release	Build Release APK	2026-02-01T19:04:56.2620601Z > Task :presentation-widget:generateReleaseResValues FROM-CACHE
Build & Public Release	Build Release APK	2026-02-01T19:04:56.2623710Z > Task :presentation-widget:generateReleaseResources FROM-CACHE
Build & Public Release	Build Release APK	2026-02-01T19:04:56.2624586Z > Task :source-api:bundleLibCompileToJarRelease
Build & Public Release	Build Release APK	2026-02-01T19:04:56.2625716Z > Task :presentation-widget:packageReleaseResources FROM-CACHE
Build & Public Release	Build Release APK	2026-02-01T19:04:56.3652334Z > Task :core-metadata:compileReleaseKotlin FROM-CACHE
Build & Public Release	Build Release APK	2026-02-01T19:04:56.3653885Z > Task :core-metadata:compileReleaseJavaWithJavac NO-SOURCE
Build & Public Release	Build Release APK	2026-02-01T19:04:56.4632630Z > Task :presentation-core:generateReleaseRFile FROM-CACHE
Build & Public Release	Build Release APK	2026-02-01T19:04:56.4633849Z > Task :core-metadata:bundleLibCompileToJarRelease
Build & Public Release	Build Release APK	2026-02-01T19:04:56.4634767Z > Task :core-metadata:mergeReleaseGeneratedProguardFiles
Build & Public Release	Build Release APK	2026-02-01T19:04:56.4635720Z > Task :core-metadata:exportReleaseConsumerProguardFiles
Build & Public Release	Build Release APK	2026-02-01T19:04:56.5615956Z > Task :presentation-widget:parseReleaseLocalResources FROM-CACHE
Build & Public Release	Build Release APK	2026-02-01T19:04:56.6610175Z > Task :app:expandReleaseL8ArtProfileWildcards FROM-CACHE
Build & Public Release	Build Release APK	2026-02-01T19:04:56.6611175Z > Task :app:extractReleaseNativeSymbolTables FROM-CACHE
Build & Public Release	Build Release APK	2026-02-01T19:04:56.6612219Z > Task :app:mergeReleaseNativeDebugMetadata NO-SOURCE
Build & Public Release	Build Release APK	2026-02-01T19:04:56.6612768Z > Task :source-api:mergeReleaseGeneratedProguardFiles
Build & Public Release	Build Release APK	2026-02-01T19:04:56.6613328Z > Task :source-api:exportReleaseConsumerProguardFiles
Build & Public Release	Build Release APK	2026-02-01T19:04:56.6613966Z > Task :flagkit:checkKotlinGradlePluginConfigurationErrors SKIPPED
Build & Public Release	Build Release APK	2026-02-01T19:04:56.6614662Z > Task :flagkit:generateReleaseResValues FROM-CACHE
Build & Public Release	Build Release APK	2026-02-01T19:04:56.6615272Z > Task :domain:compileReleaseKotlin FROM-CACHE
Build & Public Release	Build Release APK	2026-02-01T19:04:56.6615895Z > Task :domain:compileReleaseJavaWithJavac NO-SOURCE
Build & Public Release	Build Release APK	2026-02-01T19:04:56.7617862Z > Task :presentation-widget:generateReleaseRFile FROM-CACHE
Build & Public Release	Build Release APK	2026-02-01T19:04:56.7618759Z > Task :presentation-widget:javaPreCompileRelease FROM-CACHE
Build & Public Release	Build Release APK	2026-02-01T19:04:56.7619556Z > Task :core:common:mergeReleaseGeneratedProguardFiles
Build & Public Release	Build Release APK	2026-02-01T19:04:56.7620331Z > Task :flagkit:generateReleaseResources FROM-CACHE
Build & Public Release	Build Release APK	2026-02-01T19:04:56.7621169Z > Task :presentation-core:compileReleaseKotlin FROM-CACHE
Build & Public Release	Build Release APK	2026-02-01T19:04:56.7621900Z > Task :core:common:exportReleaseConsumerProguardFiles
Build & Public Release	Build Release APK	2026-02-01T19:04:56.7622630Z > Task :presentation-core:javaPreCompileRelease FROM-CACHE
Build & Public Release	Build Release APK	2026-02-01T19:04:56.7623275Z > Task :domain:mergeReleaseGeneratedProguardFiles
Build & Public Release	Build Release APK	2026-02-01T19:04:56.7624005Z > Task :presentation-core:compileReleaseJavaWithJavac NO-SOURCE
Build & Public Release	Build Release APK	2026-02-01T19:04:56.7624727Z > Task :domain:exportReleaseConsumerProguardFiles
Build & Public Release	Build Release APK	2026-02-01T19:04:56.7625379Z > Task :i18n:mergeReleaseGeneratedProguardFiles
Build & Public Release	Build Release APK	2026-02-01T19:04:56.7626144Z > Task :presentation-core:mergeReleaseGeneratedProguardFiles
Build & Public Release	Build Release APK	2026-02-01T19:04:56.7626842Z > Task :presentation-core:bundleLibCompileToJarRelease
Build & Public Release	Build Release APK	2026-02-01T19:04:56.7627584Z > Task :presentation-core:exportReleaseConsumerProguardFiles
Build & Public Release	Build Release APK	2026-02-01T19:04:56.7628674Z > Task :i18n-kmk:kmpPartiallyResolvedDependenciesChecker
Build & Public Release	Build Release APK	2026-02-01T19:04:56.7629478Z > Task :i18n-kmk:checkKotlinGradlePluginConfigurationErrors SKIPPED
Build & Public Release	Build Release APK	2026-02-01T19:04:56.7630246Z > Task :flagkit:packageReleaseResources FROM-CACHE
Build & Public Release	Build Release APK	2026-02-01T19:04:56.8622512Z > Task :i18n-kmk:generateReleaseResValues FROM-CACHE
Build & Public Release	Build Release APK	2026-02-01T19:04:56.8623191Z > Task :domain:bundleLibCompileToJarRelease
Build & Public Release	Build Release APK	2026-02-01T19:04:56.8623770Z > Task :i18n:exportReleaseConsumerProguardFiles
Build & Public Release	Build Release APK	2026-02-01T19:04:56.8624358Z > Task :flagkit:parseReleaseLocalResources FROM-CACHE
Build & Public Release	Build Release APK	2026-02-01T19:04:56.8624973Z > Task :i18n-kmk:generateReleaseResources FROM-CACHE
Build & Public Release	Build Release APK	2026-02-01T19:04:56.8625524Z > Task :flagkit:generateReleaseRFile FROM-CACHE
Build & Public Release	Build Release APK	2026-02-01T19:04:56.9614125Z > Task :source-local:compileReleaseKotlinAndroid FROM-CACHE
Build & Public Release	Build Release APK	2026-02-01T19:04:56.9616092Z > Task :source-local:compileReleaseJavaWithJavac NO-SOURCE
Build & Public Release	Build Release APK	2026-02-01T19:04:56.9622023Z > Task :source-local:mergeReleaseGeneratedProguardFiles
Build & Public Release	Build Release APK	2026-02-01T19:04:56.9622806Z > Task :source-local:exportReleaseConsumerProguardFiles
Build & Public Release	Build Release APK	2026-02-01T19:04:56.9623557Z > Task :flagkit:compileReleaseKotlin FROM-CACHE
Build & Public Release	Build Release APK	2026-02-01T19:04:56.9624287Z > Task :presentation-widget:compileReleaseKotlin FROM-CACHE
Build & Public Release	Build Release APK	2026-02-01T19:04:56.9625024Z > Task :flagkit:javaPreCompileRelease FROM-CACHE
Build & Public Release	Build Release APK	2026-02-01T19:04:56.9625717Z > Task :flagkit:compileReleaseJavaWithJavac NO-SOURCE
Build & Public Release	Build Release APK	2026-02-01T19:04:56.9626530Z > Task :presentation-widget:compileReleaseJavaWithJavac NO-SOURCE
Build & Public Release	Build Release APK	2026-02-01T19:04:56.9639349Z > Task :flagkit:mergeReleaseGeneratedProguardFiles
Build & Public Release	Build Release APK	2026-02-01T19:04:56.9641538Z > Task :presentation-widget:mergeReleaseGeneratedProguardFiles
Build & Public Release	Build Release APK	2026-02-01T19:04:57.0614034Z > Task :flagkit:exportReleaseConsumerProguardFiles
Build & Public Release	Build Release APK	2026-02-01T19:04:57.0618997Z > Task :i18n-kmk:packageReleaseResources FROM-CACHE
Build & Public Release	Build Release APK	2026-02-01T19:04:57.0629094Z > Task :i18n-ank:mergeReleaseGeneratedProguardFiles
Build & Public Release	Build Release APK	2026-02-01T19:04:57.0632211Z > Task :presentation-widget:exportReleaseConsumerProguardFiles
Build & Public Release	Build Release APK	2026-02-01T19:04:57.0635466Z > Task :i18n-sy:mergeReleaseGeneratedProguardFiles
Build & Public Release	Build Release APK	2026-02-01T19:04:57.0638403Z > Task :i18n-kmk:parseReleaseLocalResources FROM-CACHE
Build & Public Release	Build Release APK	2026-02-01T19:04:57.0641506Z > Task :i18n-ank:exportReleaseConsumerProguardFiles
Build & Public Release	Build Release APK	2026-02-01T19:04:57.0644475Z > Task :telemetry:checkKotlinGradlePluginConfigurationErrors SKIPPED
Build & Public Release	Build Release APK	2026-02-01T19:04:57.0647746Z > Task :i18n-sy:exportReleaseConsumerProguardFiles
Build & Public Release	Build Release APK	2026-02-01T19:04:57.0650420Z > Task :telemetry:generateReleaseResValues FROM-CACHE
Build & Public Release	Build Release APK	2026-02-01T19:04:57.0653159Z > Task :telemetry:generateReleaseResources FROM-CACHE
Build & Public Release	Build Release APK	2026-02-01T19:04:57.0653867Z > Task :i18n-kmk:generateReleaseRFile FROM-CACHE
Build & Public Release	Build Release APK	2026-02-01T19:04:57.0654666Z > Task :telemetry:packageReleaseResources FROM-CACHE
Build & Public Release	Build Release APK	2026-02-01T19:04:57.0655519Z > Task :telemetry:parseReleaseLocalResources FROM-CACHE
Build & Public Release	Build Release APK	2026-02-01T19:04:57.1608257Z > Task :app:buildKotlinToolingMetadata
Build & Public Release	Build Release APK	2026-02-01T19:04:57.1609011Z > Task :data:compileReleaseKotlin FROM-CACHE
Build & Public Release	Build Release APK	2026-02-01T19:04:57.1610257Z > Task :i18n-kmk:compileReleaseKotlinAndroid FROM-CACHE
Build & Public Release	Build Release APK	2026-02-01T19:04:57.1610941Z > Task :telemetry:generateReleaseRFile FROM-CACHE
Build & Public Release	Build Release APK	2026-02-01T19:04:57.1611755Z > Task :data:compileReleaseJavaWithJavac NO-SOURCE
Build & Public Release	Build Release APK	2026-02-01T19:04:57.1612220Z > Task :i18n-kmk:javaPreCompileRelease FROM-CACHE
Build & Public Release	Build Release APK	2026-02-01T19:04:57.1612597Z > Task :data:mergeReleaseGeneratedProguardFiles
Build & Public Release	Build Release APK	2026-02-01T19:04:57.1613085Z > Task :i18n-kmk:compileReleaseJavaWithJavac NO-SOURCE
Build & Public Release	Build Release APK	2026-02-01T19:04:57.1613459Z > Task :i18n-kmk:mergeReleaseGeneratedProguardFiles
Build & Public Release	Build Release APK	2026-02-01T19:04:57.2611887Z > Task :i18n-kmk:exportReleaseConsumerProguardFiles
Build & Public Release	Build Release APK	2026-02-01T19:04:57.2642043Z > Task :data:exportReleaseConsumerProguardFiles
Build & Public Release	Build Release APK	2026-02-01T19:04:57.3608263Z > Task :telemetry:compileReleaseKotlin FROM-CACHE
Build & Public Release	Build Release APK	2026-02-01T19:04:57.3617837Z > Task :telemetry:javaPreCompileRelease FROM-CACHE
Build & Public Release	Build Release APK	2026-02-01T19:04:57.3623956Z > Task :data:writeReleaseAarMetadata
Build & Public Release	Build Release APK	2026-02-01T19:04:57.3626942Z > Task :app:checkKotlinGradlePluginConfigurationErrors SKIPPED
Build & Public Release	Build Release APK	2026-02-01T19:04:57.3630053Z > Task :telemetry:compileReleaseJavaWithJavac NO-SOURCE
Build & Public Release	Build Release APK	2026-02-01T19:04:57.3636052Z > Task :core-metadata:writeReleaseAarMetadata
Build & Public Release	Build Release APK	2026-02-01T19:04:57.3638863Z > Task :telemetry:mergeReleaseGeneratedProguardFiles
Build & Public Release	Build Release APK	2026-02-01T19:04:57.3642810Z > Task :domain:writeReleaseAarMetadata
Build & Public Release	Build Release APK	2026-02-01T19:04:57.3645668Z > Task :telemetry:exportReleaseConsumerProguardFiles
Build & Public Release	Build Release APK	2026-02-01T19:04:57.3648452Z > Task :flagkit:writeReleaseAarMetadata
Build & Public Release	Build Release APK	2026-02-01T19:04:57.3652256Z > Task :i18n:writeReleaseAarMetadata
Build & Public Release	Build Release APK	2026-02-01T19:04:57.3653807Z > Task :i18n-ank:writeReleaseAarMetadata
Build & Public Release	Build Release APK	2026-02-01T19:04:57.3655262Z > Task :i18n-kmk:writeReleaseAarMetadata
Build & Public Release	Build Release APK	2026-02-01T19:04:57.3671711Z > Task :i18n-sy:writeReleaseAarMetadata
Build & Public Release	Build Release APK	2026-02-01T19:04:57.3672674Z > Task :presentation-core:writeReleaseAarMetadata
Build & Public Release	Build Release APK	2026-02-01T19:04:57.3673620Z > Task :presentation-widget:writeReleaseAarMetadata
Build & Public Release	Build Release APK	2026-02-01T19:04:57.3674352Z > Task :source-api:writeReleaseAarMetadata
Build & Public Release	Build Release APK	2026-02-01T19:04:57.3674974Z > Task :source-local:writeReleaseAarMetadata
Build & Public Release	Build Release APK	2026-02-01T19:04:57.3675661Z > Task :core:archive:writeReleaseAarMetadata
Build & Public Release	Build Release APK	2026-02-01T19:04:57.4617913Z > Task :telemetry:writeReleaseAarMetadata
Build & Public Release	Build Release APK	2026-02-01T19:04:57.4621237Z > Task :core:common:writeReleaseAarMetadata
Build & Public Release	Build Release APK	2026-02-01T19:04:57.4621910Z > Task :core-metadata:extractDeepLinksRelease FROM-CACHE
Build & Public Release	Build Release APK	2026-02-01T19:04:57.4622632Z > Task :data:extractDeepLinksRelease FROM-CACHE
Build & Public Release	Build Release APK	2026-02-01T19:04:57.4623265Z > Task :data:processReleaseManifest FROM-CACHE
Build & Public Release	Build Release APK	2026-02-01T19:04:57.4623924Z > Task :core-metadata:processReleaseManifest FROM-CACHE
Build & Public Release	Build Release APK	2026-02-01T19:04:57.4624614Z > Task :domain:extractDeepLinksRelease FROM-CACHE
Build & Public Release	Build Release APK	2026-02-01T19:04:57.4625275Z > Task :flagkit:extractDeepLinksRelease FROM-CACHE
Build & Public Release	Build Release APK	2026-02-01T19:04:57.4625944Z > Task :domain:processReleaseManifest FROM-CACHE
Build & Public Release	Build Release APK	2026-02-01T19:04:57.4626592Z > Task :flagkit:processReleaseManifest FROM-CACHE
Build & Public Release	Build Release APK	2026-02-01T19:04:57.4627229Z > Task :i18n:extractDeepLinksRelease FROM-CACHE
Build & Public Release	Build Release APK	2026-02-01T19:04:57.4627888Z > Task :i18n-ank:extractDeepLinksRelease FROM-CACHE
Build & Public Release	Build Release APK	2026-02-01T19:04:57.4628529Z > Task :i18n:processReleaseManifest FROM-CACHE
Build & Public Release	Build Release APK	2026-02-01T19:04:57.4629178Z > Task :i18n-ank:processReleaseManifest FROM-CACHE
Build & Public Release	Build Release APK	2026-02-01T19:04:57.4629841Z > Task :i18n-kmk:extractDeepLinksRelease FROM-CACHE
Build & Public Release	Build Release APK	2026-02-01T19:04:57.4630524Z > Task :i18n-sy:extractDeepLinksRelease FROM-CACHE
Build & Public Release	Build Release APK	2026-02-01T19:04:57.4631649Z > Task :i18n-kmk:processReleaseManifest FROM-CACHE
Build & Public Release	Build Release APK	2026-02-01T19:04:57.4632411Z > Task :presentation-core:extractDeepLinksRelease FROM-CACHE
Build & Public Release	Build Release APK	2026-02-01T19:04:57.4689870Z > Task :i18n-sy:processReleaseManifest FROM-CACHE
Build & Public Release	Build Release APK	2026-02-01T19:04:57.4691136Z > Task :presentation-widget:extractDeepLinksRelease FROM-CACHE
Build & Public Release	Build Release APK	2026-02-01T19:04:57.4692125Z > Task :presentation-core:processReleaseManifest FROM-CACHE
Build & Public Release	Build Release APK	2026-02-01T19:04:57.4692989Z > Task :presentation-widget:processReleaseManifest FROM-CACHE
Build & Public Release	Build Release APK	2026-02-01T19:04:57.4693784Z > Task :source-api:extractDeepLinksRelease FROM-CACHE
Build & Public Release	Build Release APK	2026-02-01T19:04:57.5609594Z > Task :source-local:extractDeepLinksRelease FROM-CACHE
Build & Public Release	Build Release APK	2026-02-01T19:04:57.5610556Z > Task :source-api:processReleaseManifest FROM-CACHE
Build & Public Release	Build Release APK	2026-02-01T19:04:57.5614572Z > Task :source-local:processReleaseManifest FROM-CACHE
Build & Public Release	Build Release APK	2026-02-01T19:04:57.5615626Z > Task :app:checkReleaseDuplicateClasses
Build & Public Release	Build Release APK	2026-02-01T19:04:57.5616372Z > Task :core:archive:extractDeepLinksRelease FROM-CACHE
Build & Public Release	Build Release APK	2026-02-01T19:04:57.5617206Z > Task :telemetry:extractDeepLinksRelease FROM-CACHE
Build & Public Release	Build Release APK	2026-02-01T19:04:57.5618029Z > Task :core:common:extractDeepLinksRelease FROM-CACHE
Build & Public Release	Build Release APK	2026-02-01T19:04:57.5618747Z > Task :core:common:processReleaseManifest FROM-CACHE
Build & Public Release	Build Release APK	2026-02-01T19:04:57.5619373Z > Task :telemetry:processReleaseManifest FROM-CACHE
Build & Public Release	Build Release APK	2026-02-01T19:04:57.5620031Z > Task :core:archive:processReleaseManifest FROM-CACHE
Build & Public Release	Build Release APK	2026-02-01T19:04:57.6636495Z > Task :i18n-kmk:bundleLibCompileToJarRelease
Build & Public Release	Build Release APK	2026-02-01T19:04:57.6637444Z > Task :flagkit:bundleLibCompileToJarRelease
Build & Public Release	Build Release APK	2026-02-01T19:04:57.6638183Z > Task :source-local:bundleLibCompileToJarRelease
Build & Public Release	Build Release APK	2026-02-01T19:04:57.6638985Z > Task :presentation-widget:bundleLibCompileToJarRelease
Build & Public Release	Build Release APK	2026-02-01T19:04:57.6639828Z > Task :app:dataBindingMergeDependencyArtifactsRelease
Build & Public Release	Build Release APK	2026-02-01T19:04:57.6640857Z > Task :app:generateReleaseResValues FROM-CACHE
Build & Public Release	Build Release APK	2026-02-01T19:04:57.6641697Z > Task :data:bundleLibCompileToJarRelease
Build & Public Release	Build Release APK	2026-02-01T19:04:57.6642318Z > Task :core-metadata:bundleLibRuntimeToJarRelease
Build & Public Release	Build Release APK	2026-02-01T19:04:57.6642988Z > Task :telemetry:bundleLibCompileToJarRelease
Build & Public Release	Build Release APK	2026-02-01T19:04:57.6643573Z > Task :flagkit:bundleLibRuntimeToJarRelease
Build & Public Release	Build Release APK	2026-02-01T19:04:57.6644155Z > Task :i18n:bundleLibRuntimeToJarRelease
Build & Public Release	Build Release APK	2026-02-01T19:04:57.6644729Z > Task :data:bundleLibRuntimeToJarRelease
Build & Public Release	Build Release APK	2026-02-01T19:04:57.6645317Z > Task :i18n-ank:bundleLibRuntimeToJarRelease
Build & Public Release	Build Release APK	2026-02-01T19:04:57.6645945Z > Task :i18n-sy:bundleLibRuntimeToJarRelease
Build & Public Release	Build Release APK	2026-02-01T19:04:57.6646529Z > Task :domain:bundleLibRuntimeToJarRelease
Build & Public Release	Build Release APK	2026-02-01T19:04:57.6647129Z > Task :i18n-kmk:bundleLibRuntimeToJarRelease
Build & Public Release	Build Release APK	2026-02-01T19:04:57.7615239Z > Task :presentation-widget:bundleLibRuntimeToJarRelease
Build & Public Release	Build Release APK	2026-02-01T19:04:57.7616354Z > Task :presentation-core:bundleLibRuntimeToJarRelease
Build & Public Release	Build Release APK	2026-02-01T19:04:57.7617154Z > Task :app:generateReleaseResources FROM-CACHE
Build & Public Release	Build Release APK	2026-02-01T19:04:57.7617873Z > Task :source-api:bundleLibRuntimeToJarRelease
Build & Public Release	Build Release APK	2026-02-01T19:04:57.7618610Z > Task :core:archive:bundleLibRuntimeToJarRelease
Build & Public Release	Build Release APK	2026-02-01T19:04:57.7619342Z > Task :source-local:bundleLibRuntimeToJarRelease
Build & Public Release	Build Release APK	2026-02-01T19:04:57.7620084Z > Task :telemetry:bundleLibRuntimeToJarRelease
Build & Public Release	Build Release APK	2026-02-01T19:04:57.7620824Z > Task :app:prepareLibraryDefinitionsRelease FROM-CACHE
Build & Public Release	Build Release APK	2026-02-01T19:04:57.7621743Z > Task :core:common:bundleLibRuntimeToJarRelease
Build & Public Release	Build Release APK	2026-02-01T19:04:57.7622371Z > Task :core-metadata:processReleaseJavaRes
Build & Public Release	Build Release APK	2026-02-01T19:04:57.7622975Z > Task :data:processReleaseJavaRes
Build & Public Release	Build Release APK	2026-02-01T19:04:57.7623573Z > Task :flagkit:processReleaseJavaRes
Build & Public Release	Build Release APK	2026-02-01T19:04:57.8609152Z > Task :i18n:processReleaseJavaRes
Build & Public Release	Build Release APK	2026-02-01T19:04:57.8610276Z > Task :domain:processReleaseJavaRes
Build & Public Release	Build Release APK	2026-02-01T19:04:57.8611495Z > Task :i18n-ank:processReleaseJavaRes
Build & Public Release	Build Release APK	2026-02-01T19:04:57.8612311Z > Task :i18n-sy:processReleaseJavaRes
Build & Public Release	Build Release APK	2026-02-01T19:04:57.8613360Z > Task :i18n-kmk:processReleaseJavaRes
Build & Public Release	Build Release APK	2026-02-01T19:04:57.8614637Z > Task :presentation-widget:processReleaseJavaRes
Build & Public Release	Build Release APK	2026-02-01T19:04:57.8615687Z > Task :presentation-core:processReleaseJavaRes
Build & Public Release	Build Release APK	2026-02-01T19:04:57.8616652Z > Task :source-api:processReleaseJavaRes
Build & Public Release	Build Release APK	2026-02-01T19:04:57.8617951Z > Task :telemetry:processReleaseJavaRes
Build & Public Release	Build Release APK	2026-02-01T19:04:57.8618925Z > Task :core:archive:processReleaseJavaRes
Build & Public Release	Build Release APK	2026-02-01T19:04:57.8619893Z > Task :source-local:processReleaseJavaRes
Build & Public Release	Build Release APK	2026-02-01T19:04:57.8620856Z > Task :core:common:processReleaseJavaRes
Build & Public Release	Build Release APK	2026-02-01T19:04:57.8622024Z > Task :core-metadata:mergeReleaseShaders
Build & Public Release	Build Release APK	2026-02-01T19:04:57.8624156Z > Task :data:mergeReleaseShaders
Build & Public Release	Build Release APK	2026-02-01T19:04:57.8626947Z > Task :data:compileReleaseShaders NO-SOURCE
Build & Public Release	Build Release APK	2026-02-01T19:04:57.8631305Z > Task :domain:mergeReleaseShaders
Build & Public Release	Build Release APK	2026-02-01T19:04:57.8632736Z > Task :data:generateReleaseAssets UP-TO-DATE
Build & Public Release	Build Release APK	2026-02-01T19:04:57.8637975Z > Task :core-metadata:compileReleaseShaders NO-SOURCE
Build & Public Release	Build Release APK	2026-02-01T19:04:57.8638592Z > Task :core-metadata:generateReleaseAssets UP-TO-DATE
Build & Public Release	Build Release APK	2026-02-01T19:04:57.8639359Z > Task :domain:compileReleaseShaders NO-SOURCE
Build & Public Release	Build Release APK	2026-02-01T19:04:57.8640234Z > Task :domain:generateReleaseAssets UP-TO-DATE
Build & Public Release	Build Release APK	2026-02-01T19:04:57.8640727Z > Task :data:mergeReleaseAssets
Build & Public Release	Build Release APK	2026-02-01T19:04:57.9614783Z > Task :core-metadata:mergeReleaseAssets
Build & Public Release	Build Release APK	2026-02-01T19:04:57.9620707Z > Task :domain:mergeReleaseAssets
Build & Public Release	Build Release APK	2026-02-01T19:04:57.9621629Z > Task :i18n-ank:mergeReleaseShaders
Build & Public Release	Build Release APK	2026-02-01T19:04:57.9622179Z > Task :i18n:mergeReleaseShaders
Build & Public Release	Build Release APK	2026-02-01T19:04:57.9622687Z > Task :flagkit:mergeReleaseShaders
Build & Public Release	Build Release APK	2026-02-01T19:04:57.9623183Z > Task :i18n:compileReleaseShaders NO-SOURCE
Build & Public Release	Build Release APK	2026-02-01T19:04:57.9623688Z > Task :i18n:generateReleaseAssets UP-TO-DATE
Build & Public Release	Build Release APK	2026-02-01T19:04:57.9624220Z > Task :flagkit:compileReleaseShaders NO-SOURCE
Build & Public Release	Build Release APK	2026-02-01T19:04:57.9624808Z > Task :flagkit:generateReleaseAssets UP-TO-DATE
Build & Public Release	Build Release APK	2026-02-01T19:04:57.9625428Z > Task :i18n-ank:compileReleaseShaders NO-SOURCE
Build & Public Release	Build Release APK	2026-02-01T19:04:57.9626050Z > Task :i18n-ank:generateReleaseAssets UP-TO-DATE
Build & Public Release	Build Release APK	2026-02-01T19:04:57.9626962Z > Task :i18n:releaseAssetsCopyForAGP NO-SOURCE
Build & Public Release	Build Release APK	2026-02-01T19:04:57.9627525Z > Task :i18n-ank:releaseAssetsCopyForAGP NO-SOURCE
Build & Public Release	Build Release APK	2026-02-01T19:04:57.9628042Z > Task :flagkit:mergeReleaseAssets
Build & Public Release	Build Release APK	2026-02-01T19:04:57.9628566Z > Task :i18n-ank:mergeReleaseAssets
Build & Public Release	Build Release APK	2026-02-01T19:04:57.9629075Z > Task :i18n:mergeReleaseAssets
Build & Public Release	Build Release APK	2026-02-01T19:04:57.9629530Z > Task :i18n-kmk:mergeReleaseShaders
Build & Public Release	Build Release APK	2026-02-01T19:04:57.9630073Z > Task :i18n-kmk:compileReleaseShaders NO-SOURCE
Build & Public Release	Build Release APK	2026-02-01T19:04:57.9630603Z > Task :i18n-kmk:generateReleaseAssets UP-TO-DATE
Build & Public Release	Build Release APK	2026-02-01T19:04:57.9631305Z > Task :i18n-kmk:releaseAssetsCopyForAGP NO-SOURCE
Build & Public Release	Build Release APK	2026-02-01T19:04:57.9638871Z > Task :i18n-sy:mergeReleaseShaders
Build & Public Release	Build Release APK	2026-02-01T19:04:57.9641699Z > Task :i18n-sy:compileReleaseShaders NO-SOURCE
Build & Public Release	Build Release APK	2026-02-01T19:04:57.9642265Z > Task :i18n-sy:generateReleaseAssets UP-TO-DATE
Build & Public Release	Build Release APK	2026-02-01T19:04:57.9658176Z > Task :presentation-core:mergeReleaseShaders
Build & Public Release	Build Release APK	2026-02-01T19:04:57.9658769Z > Task :i18n-sy:releaseAssetsCopyForAGP NO-SOURCE
Build & Public Release	Build Release APK	2026-02-01T19:04:57.9659404Z > Task :presentation-core:compileReleaseShaders NO-SOURCE
Build & Public Release	Build Release APK	2026-02-01T19:04:57.9660243Z > Task :presentation-core:generateReleaseAssets UP-TO-DATE
Build & Public Release	Build Release APK	2026-02-01T19:04:57.9660789Z > Task :i18n-kmk:mergeReleaseAssets
Build & Public Release	Build Release APK	2026-02-01T19:04:57.9661389Z > Task :presentation-core:mergeReleaseAssets
Build & Public Release	Build Release APK	2026-02-01T19:04:57.9661881Z > Task :i18n-sy:mergeReleaseAssets
Build & Public Release	Build Release APK	2026-02-01T19:04:57.9662310Z > Task :source-local:mergeReleaseShaders
Build & Public Release	Build Release APK	2026-02-01T19:04:57.9662781Z > Task :presentation-widget:mergeReleaseShaders
Build & Public Release	Build Release APK	2026-02-01T19:04:57.9663252Z > Task :source-api:mergeReleaseShaders
Build & Public Release	Build Release APK	2026-02-01T19:04:57.9663761Z > Task :source-local:compileReleaseShaders NO-SOURCE
Build & Public Release	Build Release APK	2026-02-01T19:04:57.9664332Z > Task :source-local:generateReleaseAssets UP-TO-DATE
Build & Public Release	Build Release APK	2026-02-01T19:04:57.9664939Z > Task :presentation-widget:compileReleaseShaders NO-SOURCE
Build & Public Release	Build Release APK	2026-02-01T19:04:57.9665601Z > Task :presentation-widget:generateReleaseAssets UP-TO-DATE
Build & Public Release	Build Release APK	2026-02-01T19:04:57.9666239Z > Task :source-local:releaseAssetsCopyForAGP NO-SOURCE
Build & Public Release	Build Release APK	2026-02-01T19:04:57.9666849Z > Task :source-api:compileReleaseShaders NO-SOURCE
Build & Public Release	Build Release APK	2026-02-01T19:04:57.9667415Z > Task :source-api:generateReleaseAssets UP-TO-DATE
Build & Public Release	Build Release APK	2026-02-01T19:04:57.9667974Z > Task :source-api:releaseAssetsCopyForAGP NO-SOURCE
Build & Public Release	Build Release APK	2026-02-01T19:04:57.9669001Z > Task :presentation-widget:mergeReleaseAssets
Build & Public Release	Build Release APK	2026-02-01T19:04:57.9669489Z > Task :source-local:mergeReleaseAssets
Build & Public Release	Build Release APK	2026-02-01T19:04:57.9669950Z > Task :source-api:mergeReleaseAssets
Build & Public Release	Build Release APK	2026-02-01T19:04:58.0629550Z > Task :telemetry:mergeReleaseShaders
Build & Public Release	Build Release APK	2026-02-01T19:04:58.0632823Z > Task :core:archive:mergeReleaseShaders
Build & Public Release	Build Release APK	2026-02-01T19:04:58.0635637Z > Task :telemetry:compileReleaseShaders NO-SOURCE
Build & Public Release	Build Release APK	2026-02-01T19:04:58.0638493Z > Task :telemetry:generateReleaseAssets UP-TO-DATE
Build & Public Release	Build Release APK	2026-02-01T19:04:58.0641404Z > Task :core:archive:compileReleaseShaders NO-SOURCE
Build & Public Release	Build Release APK	2026-02-01T19:04:58.0644216Z > Task :core:archive:generateReleaseAssets UP-TO-DATE
Build & Public Release	Build Release APK	2026-02-01T19:04:58.0646982Z > Task :core:common:mergeReleaseShaders
Build & Public Release	Build Release APK	2026-02-01T19:04:58.0649690Z > Task :core:archive:mergeReleaseAssets
Build & Public Release	Build Release APK	2026-02-01T19:04:58.0652548Z > Task :core:common:compileReleaseShaders NO-SOURCE
Build & Public Release	Build Release APK	2026-02-01T19:04:58.0655376Z > Task :core:common:generateReleaseAssets UP-TO-DATE
Build & Public Release	Build Release APK	2026-02-01T19:04:58.0658532Z > Task :telemetry:mergeReleaseAssets
Build & Public Release	Build Release APK	2026-02-01T19:04:58.0659485Z > Task :core-metadata:stripReleaseDebugSymbols NO-SOURCE
Build & Public Release	Build Release APK	2026-02-01T19:04:58.0660286Z > Task :i18n:compileReleaseLibraryResources FROM-CACHE
Build & Public Release	Build Release APK	2026-02-01T19:04:58.0661222Z > Task :core-metadata:copyReleaseJniLibsProjectAndLocalJars
Build & Public Release	Build Release APK	2026-02-01T19:04:58.0661961Z > Task :core:common:mergeReleaseAssets
Build & Public Release	Build Release APK	2026-02-01T19:04:58.0662658Z > Task :i18n-sy:compileReleaseLibraryResources FROM-CACHE
Build & Public Release	Build Release APK	2026-02-01T19:04:58.0663905Z > Task :core-metadata:extractDeepLinksForAarRelease FROM-CACHE
Build & Public Release	Build Release APK	2026-02-01T19:04:58.0668932Z > Task :core:common:compileReleaseLibraryResources FROM-CACHE
Build & Public Release	Build Release APK	2026-02-01T19:04:58.0670195Z > Task :source-api:compileReleaseLibraryResources FROM-CACHE
Build & Public Release	Build Release APK	2026-02-01T19:04:58.0671397Z > Task :data:stripReleaseDebugSymbols NO-SOURCE
Build & Public Release	Build Release APK	2026-02-01T19:04:58.0672777Z > Task :data:copyReleaseJniLibsProjectAndLocalJars
Build & Public Release	Build Release APK	2026-02-01T19:04:58.0674185Z > Task :domain:compileReleaseLibraryResources FROM-CACHE
Build & Public Release	Build Release APK	2026-02-01T19:04:58.0675154Z > Task :data:extractDeepLinksForAarRelease FROM-CACHE
Build & Public Release	Build Release APK	2026-02-01T19:04:58.0676123Z > Task :i18n-ank:compileReleaseLibraryResources FROM-CACHE
Build & Public Release	Build Release APK	2026-02-01T19:04:58.0677175Z > Task :domain:stripReleaseDebugSymbols NO-SOURCE
Build & Public Release	Build Release APK	2026-02-01T19:04:58.0678210Z > Task :domain:copyReleaseJniLibsProjectAndLocalJars
Build & Public Release	Build Release APK	2026-02-01T19:04:58.0680212Z > Task :domain:extractDeepLinksForAarRelease FROM-CACHE
Build & Public Release	Build Release APK	2026-02-01T19:04:58.1692091Z > Task :app:prepareReleaseShortcutXML
Build & Public Release	Build Release APK	2026-02-01T19:04:59.5630746Z > Task :core-metadata:extractReleaseAnnotations FROM-CACHE
Build & Public Release	Build Release APK	2026-02-01T19:04:59.5631973Z > Task :core-metadata:mergeReleaseConsumerProguardFiles
Build & Public Release	Build Release APK	2026-02-01T19:04:59.6614082Z > Task :core-metadata:prepareLintJarForPublish
Build & Public Release	Build Release APK	2026-02-01T19:04:59.6617352Z > Task :app:mergeReleaseResources FROM-CACHE
Build & Public Release	Build Release APK	2026-02-01T19:04:59.8635415Z > Task :core-metadata:mergeReleaseJavaResource
Build & Public Release	Build Release APK	2026-02-01T19:04:59.8639139Z > Task :core-metadata:syncReleaseLibJars FROM-CACHE
Build & Public Release	Build Release APK	2026-02-01T19:04:59.8640072Z > Task :data:extractReleaseAnnotations FROM-CACHE
Build & Public Release	Build Release APK	2026-02-01T19:04:59.8641210Z > Task :app:dataBindingGenBaseClassesRelease FROM-CACHE
Build & Public Release	Build Release APK	2026-02-01T19:04:59.8642154Z > Task :data:mergeReleaseConsumerProguardFiles
Build & Public Release	Build Release APK	2026-02-01T19:04:59.9618857Z > Task :data:prepareLintJarForPublish
Build & Public Release	Build Release APK	2026-02-01T19:04:59.9622103Z > Task :data:mergeReleaseJavaResource
Build & Public Release	Build Release APK	2026-02-01T19:04:59.9624899Z > Task :core-metadata:bundleReleaseAar
Build & Public Release	Build Release APK	2026-02-01T19:04:59.9627392Z > Task :data:syncReleaseLibJars FROM-CACHE
Build & Public Release	Build Release APK	2026-02-01T19:04:59.9629966Z > Task :domain:extractReleaseAnnotations FROM-CACHE
Build & Public Release	Build Release APK	2026-02-01T19:04:59.9632777Z > Task :domain:mergeReleaseConsumerProguardFiles
Build & Public Release	Build Release APK	2026-02-01T19:04:59.9635412Z > Task :app:generateReleaseBuildConfig
Build & Public Release	Build Release APK	2026-02-01T19:05:00.0633348Z > Task :data:bundleReleaseAar
Build & Public Release	Build Release APK	2026-02-01T19:05:00.0665926Z > Task :domain:prepareLintJarForPublish
Build & Public Release	Build Release APK	2026-02-01T19:05:00.1623809Z > Task :data:mapReleaseSourceSetPaths
Build & Public Release	Build Release APK	2026-02-01T19:05:00.1627180Z > Task :core-metadata:mapReleaseSourceSetPaths
Build & Public Release	Build Release APK	2026-02-01T19:05:00.1629957Z > Task :domain:mergeReleaseJavaResource
Build & Public Release	Build Release APK	2026-02-01T19:05:00.1632849Z > Task :domain:syncReleaseLibJars FROM-CACHE
Build & Public Release	Build Release APK	2026-02-01T19:05:00.1635752Z > Task :app:checkReleaseAarMetadata
Build & Public Release	Build Release APK	2026-02-01T19:05:00.2627261Z > Task :app:mapReleaseSourceSetPaths
Build & Public Release	Build Release APK	2026-02-01T19:05:00.2628556Z > Task :app:createReleaseCompatibleScreenManifests
Build & Public Release	Build Release APK	2026-02-01T19:05:00.2629229Z > Task :app:extractDeepLinksRelease FROM-CACHE
Build & Public Release	Build Release APK	2026-02-01T19:05:00.2629800Z > Task :domain:bundleReleaseAar
Build & Public Release	Build Release APK	2026-02-01T19:05:00.2630346Z > Task :domain:mapReleaseSourceSetPaths
Build & Public Release	Build Release APK	2026-02-01T19:05:00.5608147Z > Task :data:mergeReleaseResources FROM-CACHE
Build & Public Release	Build Release APK	2026-02-01T19:05:00.6610444Z > Task :app:processReleaseMainManifest FROM-CACHE
Build & Public Release	Build Release APK	2026-02-01T19:05:00.6615655Z > Task :app:processReleaseManifest FROM-CACHE
Build & Public Release	Build Release APK	2026-02-01T19:05:00.6618680Z > Task :app:processReleaseManifestForPackage FROM-CACHE
Build & Public Release	Build Release APK	2026-02-01T19:05:00.6630512Z > Task :core-metadata:mergeReleaseResources FROM-CACHE
Build & Public Release	Build Release APK	2026-02-01T19:05:00.6631428Z > Task :app:javaPreCompileRelease FROM-CACHE
Build & Public Release	Build Release APK	2026-02-01T19:05:00.6632056Z > Task :domain:mergeReleaseResources FROM-CACHE
Build & Public Release	Build Release APK	2026-02-01T19:05:00.6632615Z > Task :app:extractProguardFiles
Build & Public Release	Build Release APK	2026-02-01T19:05:00.6633139Z > Task :app:mergeReleaseStartupProfile
Build & Public Release	Build Release APK	2026-02-01T19:05:00.6633690Z > Task :app:generateReleaseAssets UP-TO-DATE
Build & Public Release	Build Release APK	2026-02-01T19:05:00.8642565Z > Task :app:mergeReleaseAssets
Build & Public Release	Build Release APK	2026-02-01T19:05:00.9609702Z > Task :domain:verifyReleaseResources FROM-CACHE
Build & Public Release	Build Release APK	2026-02-01T19:05:00.9610749Z > Task :domain:assembleRelease
Build & Public Release	Build Release APK	2026-02-01T19:05:00.9611690Z > Task :flagkit:stripReleaseDebugSymbols NO-SOURCE
Build & Public Release	Build Release APK	2026-02-01T19:05:00.9612582Z > Task :flagkit:copyReleaseJniLibsProjectAndLocalJars
Build & Public Release	Build Release APK	2026-02-01T19:05:00.9613500Z > Task :flagkit:extractDeepLinksForAarRelease FROM-CACHE
Build & Public Release	Build Release APK	2026-02-01T19:05:00.9614336Z > Task :app:compressReleaseAssets FROM-CACHE
Build & Public Release	Build Release APK	2026-02-01T19:05:00.9615103Z > Task :flagkit:extractReleaseAnnotations FROM-CACHE
Build & Public Release	Build Release APK	2026-02-01T19:05:00.9616246Z > Task :flagkit:mergeReleaseConsumerProguardFiles
Build & Public Release	Build Release APK	2026-02-01T19:05:00.9617089Z > Task :core-metadata:verifyReleaseResources FROM-CACHE
Build & Public Release	Build Release APK	2026-02-01T19:05:00.9617859Z > Task :core-metadata:assembleRelease
Build & Public Release	Build Release APK	2026-02-01T19:05:01.0630108Z > Task :data:verifyReleaseResources FROM-CACHE
Build & Public Release	Build Release APK	2026-02-01T19:05:01.0633692Z > Task :data:assembleRelease
Build & Public Release	Build Release APK	2026-02-01T19:05:01.0636478Z > Task :flagkit:prepareLintJarForPublish
Build & Public Release	Build Release APK	2026-02-01T19:05:01.0640543Z > Task :i18n:stripReleaseDebugSymbols NO-SOURCE
Build & Public Release	Build Release APK	2026-02-01T19:05:01.0643268Z > Task :flagkit:mergeReleaseJavaResource
Build & Public Release	Build Release APK	2026-02-01T19:05:01.0646165Z > Task :i18n:copyReleaseJniLibsProjectAndLocalJars
Build & Public Release	Build Release APK	2026-02-01T19:05:01.0648084Z > Task :i18n:extractDeepLinksForAarRelease FROM-CACHE
Build & Public Release	Build Release APK	2026-02-01T19:05:01.0651801Z > Task :i18n-ank:stripReleaseDebugSymbols NO-SOURCE
Build & Public Release	Build Release APK	2026-02-01T19:05:01.0652626Z > Task :flagkit:mapReleaseSourceSetPaths
Build & Public Release	Build Release APK	2026-02-01T19:05:01.0653430Z > Task :i18n-ank:copyReleaseJniLibsProjectAndLocalJars
Build & Public Release	Build Release APK	2026-02-01T19:05:01.0654162Z > Task :i18n-ank:extractDeepLinksForAarRelease FROM-CACHE
Build & Public Release	Build Release APK	2026-02-01T19:05:01.0654891Z > Task :flagkit:syncReleaseLibJars FROM-CACHE
Build & Public Release	Build Release APK	2026-02-01T19:05:01.0655529Z > Task :i18n-ank:extractReleaseAnnotations FROM-CACHE
Build & Public Release	Build Release APK	2026-02-01T19:05:01.0656214Z > Task :i18n-ank:mergeReleaseConsumerProguardFiles
Build & Public Release	Build Release APK	2026-02-01T19:05:01.1617037Z > Task :i18n-ank:prepareLintJarForPublish
Build & Public Release	Build Release APK	2026-02-01T19:05:01.1618691Z > Task :i18n:extractReleaseAnnotations FROM-CACHE
Build & Public Release	Build Release APK	2026-02-01T19:05:01.1623750Z > Task :i18n:mergeReleaseConsumerProguardFiles
Build & Public Release	Build Release APK	2026-02-01T19:05:01.1625095Z > Task :i18n-ank:mergeReleaseJavaResource
Build & Public Release	Build Release APK	2026-02-01T19:05:01.1626240Z > Task :i18n:prepareLintJarForPublish
Build & Public Release	Build Release APK	2026-02-01T19:05:01.1627378Z > Task :i18n-ank:syncReleaseLibJars FROM-CACHE
Build & Public Release	Build Release APK	2026-02-01T19:05:01.1628537Z > Task :i18n:mergeReleaseJavaResource
Build & Public Release	Build Release APK	2026-02-01T19:05:01.1629638Z > Task :i18n:syncReleaseLibJars FROM-CACHE
Build & Public Release	Build Release APK	2026-02-01T19:05:01.1630728Z > Task :i18n-ank:bundleReleaseAar
Build & Public Release	Build Release APK	2026-02-01T19:05:01.2623312Z > Task :flagkit:bundleReleaseAar
Build & Public Release	Build Release APK	2026-02-01T19:05:01.2624190Z > Task :i18n-ank:mapReleaseSourceSetPaths
Build & Public Release	Build Release APK	2026-02-01T19:05:01.3623192Z > Task :i18n-ank:mergeReleaseResources FROM-CACHE
Build & Public Release	Build Release APK	2026-02-01T19:05:01.3626408Z > Task :i18n-ank:verifyReleaseResources FROM-CACHE
Build & Public Release	Build Release APK	2026-02-01T19:05:01.3629176Z > Task :i18n-ank:assembleRelease
Build & Public Release	Build Release APK	2026-02-01T19:05:01.3637359Z > Task :i18n-kmk:stripReleaseDebugSymbols NO-SOURCE
Build & Public Release	Build Release APK	2026-02-01T19:05:01.3640373Z > Task :i18n-kmk:copyReleaseJniLibsProjectAndLocalJars
Build & Public Release	Build Release APK	2026-02-01T19:05:01.3643374Z > Task :i18n-kmk:extractDeepLinksForAarRelease FROM-CACHE
Build & Public Release	Build Release APK	2026-02-01T19:05:01.3646389Z > Task :i18n-kmk:extractReleaseAnnotations FROM-CACHE
Build & Public Release	Build Release APK	2026-02-01T19:05:01.3647288Z > Task :i18n-kmk:mergeReleaseConsumerProguardFiles
Build & Public Release	Build Release APK	2026-02-01T19:05:01.3648116Z > Task :i18n-kmk:prepareLintJarForPublish
Build & Public Release	Build Release APK	2026-02-01T19:05:01.3648870Z > Task :i18n-kmk:mergeReleaseJavaResource
Build & Public Release	Build Release APK	2026-02-01T19:05:01.4654825Z > Task :i18n-kmk:syncReleaseLibJars FROM-CACHE
Build & Public Release	Build Release APK	2026-02-01T19:05:01.4655928Z > Task :app:processReleaseResources FROM-CACHE
Build & Public Release	Build Release APK	2026-02-01T19:05:01.4656745Z > Task :i18n-kmk:bundleReleaseAar
Build & Public Release	Build Release APK	2026-02-01T19:05:01.4657495Z > Task :i18n-kmk:mapReleaseSourceSetPaths
Build & Public Release	Build Release APK	2026-02-01T19:05:01.5608133Z > Task :i18n:bundleReleaseAar
Build & Public Release	Build Release APK	2026-02-01T19:05:01.5611599Z > Task :i18n:mapReleaseSourceSetPaths
Build & Public Release	Build Release APK	2026-02-01T19:05:01.6608746Z > Task :flagkit:mergeReleaseResources FROM-CACHE
Build & Public Release	Build Release APK	2026-02-01T19:05:01.6612147Z > Task :i18n-kmk:mergeReleaseResources FROM-CACHE
Build & Public Release	Build Release APK	2026-02-01T19:05:01.6615015Z > Task :i18n-kmk:verifyReleaseResources FROM-CACHE
Build & Public Release	Build Release APK	2026-02-01T19:05:01.6617774Z > Task :i18n-kmk:assembleRelease
Build & Public Release	Build Release APK	2026-02-01T19:05:01.6620452Z > Task :i18n-sy:stripReleaseDebugSymbols NO-SOURCE
Build & Public Release	Build Release APK	2026-02-01T19:05:01.6622080Z > Task :i18n-sy:copyReleaseJniLibsProjectAndLocalJars
Build & Public Release	Build Release APK	2026-02-01T19:05:01.6624996Z > Task :i18n-sy:extractDeepLinksForAarRelease FROM-CACHE
Build & Public Release	Build Release APK	2026-02-01T19:05:01.7608526Z > Task :i18n-sy:extractReleaseAnnotations FROM-CACHE
Build & Public Release	Build Release APK	2026-02-01T19:05:01.7611829Z > Task :i18n-sy:mergeReleaseConsumerProguardFiles
Build & Public Release	Build Release APK	2026-02-01T19:05:01.7613267Z > Task :i18n-sy:prepareLintJarForPublish
Build & Public Release	Build Release APK	2026-02-01T19:05:01.7616096Z > Task :i18n-sy:mergeReleaseJavaResource
Build & Public Release	Build Release APK	2026-02-01T19:05:01.7619202Z > Task :i18n-sy:syncReleaseLibJars FROM-CACHE
Build & Public Release	Build Release APK	2026-02-01T19:05:01.8610039Z > Task :i18n-sy:bundleReleaseAar
Build & Public Release	Build Release APK	2026-02-01T19:05:01.8611322Z > Task :flagkit:verifyReleaseResources FROM-CACHE
Build & Public Release	Build Release APK	2026-02-01T19:05:01.8612209Z > Task :flagkit:assembleRelease
Build & Public Release	Build Release APK	2026-02-01T19:05:01.8613206Z > Task :presentation-core:stripReleaseDebugSymbols NO-SOURCE
Build & Public Release	Build Release APK	2026-02-01T19:05:01.8614141Z > Task :i18n-sy:mapReleaseSourceSetPaths
Build & Public Release	Build Release APK	2026-02-01T19:05:01.8614996Z > Task :presentation-core:copyReleaseJniLibsProjectAndLocalJars
Build & Public Release	Build Release APK	2026-02-01T19:05:01.8615993Z > Task :presentation-core:extractDeepLinksForAarRelease FROM-CACHE
Build & Public Release	Build Release APK	2026-02-01T19:05:01.8616841Z > Task :i18n:mergeReleaseResources FROM-CACHE
Build & Public Release	Build Release APK	2026-02-01T19:05:01.9609134Z > Task :i18n-sy:mergeReleaseResources FROM-CACHE
Build & Public Release	Build Release APK	2026-02-01T19:05:01.9610446Z > Task :presentation-core:extractReleaseAnnotations FROM-CACHE
Build & Public Release	Build Release APK	2026-02-01T19:05:01.9611677Z > Task :presentation-core:mergeReleaseConsumerProguardFiles
Build & Public Release	Build Release APK	2026-02-01T19:05:01.9613300Z > Task :i18n:verifyReleaseResources FROM-CACHE
Build & Public Release	Build Release APK	2026-02-01T19:05:01.9614120Z > Task :i18n:assembleRelease
Build & Public Release	Build Release APK	2026-02-01T19:05:01.9614805Z > Task :i18n-sy:verifyReleaseResources FROM-CACHE
Build & Public Release	Build Release APK	2026-02-01T19:05:01.9617650Z > Task :i18n-sy:assembleRelease
Build & Public Release	Build Release APK	2026-02-01T19:05:01.9618357Z > Task :presentation-core:mergeReleaseJavaResource
Build & Public Release	Build Release APK	2026-02-01T19:05:01.9619197Z > Task :presentation-core:prepareLintJarForPublish
Build & Public Release	Build Release APK	2026-02-01T19:05:01.9620122Z > Task :presentation-widget:stripReleaseDebugSymbols NO-SOURCE
Build & Public Release	Build Release APK	2026-02-01T19:05:01.9621174Z > Task :source-api:stripReleaseDebugSymbols NO-SOURCE
Build & Public Release	Build Release APK	2026-02-01T19:05:02.0630392Z > Task :presentation-core:mapReleaseSourceSetPaths
Build & Public Release	Build Release APK	2026-02-01T19:05:02.0631704Z > Task :presentation-core:syncReleaseLibJars FROM-CACHE
Build & Public Release	Build Release APK	2026-02-01T19:05:02.0632700Z > Task :source-api:copyReleaseJniLibsProjectAndLocalJars
Build & Public Release	Build Release APK	2026-02-01T19:05:02.0633736Z > Task :presentation-widget:copyReleaseJniLibsProjectAndLocalJars
Build & Public Release	Build Release APK	2026-02-01T19:05:02.0634750Z > Task :presentation-widget:extractDeepLinksForAarRelease FROM-CACHE
Build & Public Release	Build Release APK	2026-02-01T19:05:02.0635565Z > Task :presentation-core:bundleReleaseAar
Build & Public Release	Build Release APK	2026-02-01T19:05:02.0636426Z > Task :source-api:extractDeepLinksForAarRelease FROM-CACHE
Build & Public Release	Build Release APK	2026-02-01T19:05:02.1608925Z > Task :source-api:extractReleaseAnnotations FROM-CACHE
Build & Public Release	Build Release APK	2026-02-01T19:05:02.1610047Z > Task :source-api:mergeReleaseConsumerProguardFiles
Build & Public Release	Build Release APK	2026-02-01T19:05:02.1611447Z > Task :source-api:prepareLintJarForPublish
Build & Public Release	Build Release APK	2026-02-01T19:05:02.1612406Z > Task :presentation-widget:extractReleaseAnnotations FROM-CACHE
Build & Public Release	Build Release APK	2026-02-01T19:05:02.1613261Z > Task :source-api:mergeReleaseJavaResource
Build & Public Release	Build Release APK	2026-02-01T19:05:02.1614117Z > Task :presentation-widget:mergeReleaseConsumerProguardFiles
Build & Public Release	Build Release APK	2026-02-01T19:05:02.1615015Z > Task :presentation-widget:prepareLintJarForPublish
Build & Public Release	Build Release APK	2026-02-01T19:05:02.1615824Z > Task :source-api:syncReleaseLibJars FROM-CACHE
Build & Public Release	Build Release APK	2026-02-01T19:05:02.1616629Z > Task :presentation-widget:mergeReleaseJavaResource
Build & Public Release	Build Release APK	2026-02-01T19:05:02.1617585Z > Task :presentation-widget:syncReleaseLibJars FROM-CACHE
Build & Public Release	Build Release APK	2026-02-01T19:05:02.2608170Z > Task :source-api:bundleReleaseAar
Build & Public Release	Build Release APK	2026-02-01T19:05:02.2609213Z > Task :source-api:mapReleaseSourceSetPaths
Build & Public Release	Build Release APK	2026-02-01T19:05:02.2609996Z > Task :presentation-widget:bundleReleaseAar
Build & Public Release	Build Release APK	2026-02-01T19:05:02.3608234Z > Task :presentation-widget:mapReleaseSourceSetPaths
Build & Public Release	Build Release APK	2026-02-01T19:05:02.5608412Z > Task :source-api:mergeReleaseResources FROM-CACHE
Build & Public Release	Build Release APK	2026-02-01T19:05:02.6608254Z > Task :presentation-core:mergeReleaseResources FROM-CACHE
Build & Public Release	Build Release APK	2026-02-01T19:05:02.8608336Z > Task :source-api:verifyReleaseResources FROM-CACHE
Build & Public Release	Build Release APK	2026-02-01T19:05:02.9608756Z > Task :presentation-core:verifyReleaseResources FROM-CACHE
Build & Public Release	Build Release APK	2026-02-01T19:05:02.9612101Z > Task :presentation-core:assembleRelease
Build & Public Release	Build Release APK	2026-02-01T19:05:02.9615024Z > Task :presentation-core:compileReleaseLibraryResources FROM-CACHE
Build & Public Release	Build Release APK	2026-02-01T19:05:02.9617883Z > Task :source-api:assembleRelease
Build & Public Release	Build Release APK	2026-02-01T19:05:02.9620612Z > Task :source-local:stripReleaseDebugSymbols NO-SOURCE
Build & Public Release	Build Release APK	2026-02-01T19:05:02.9622405Z > Task :source-local:copyReleaseJniLibsProjectAndLocalJars
Build & Public Release	Build Release APK	2026-02-01T19:05:02.9624043Z > Task :source-local:extractDeepLinksForAarRelease FROM-CACHE
Build & Public Release	Build Release APK	2026-02-01T19:05:03.0610709Z > Task :source-local:extractReleaseAnnotations FROM-CACHE
Build & Public Release	Build Release APK	2026-02-01T19:05:03.0613375Z > Task :source-local:mergeReleaseConsumerProguardFiles
Build & Public Release	Build Release APK	2026-02-01T19:05:03.0614853Z > Task :source-local:prepareLintJarForPublish
Build & Public Release	Build Release APK	2026-02-01T19:05:03.0616113Z > Task :app:extractReleaseVersionControlInfo
Build & Public Release	Build Release APK	2026-02-01T19:05:03.0617845Z > Task :app:validateSigningRelease
Build & Public Release	Build Release APK	2026-02-01T19:05:03.0619191Z > Task :app:writeReleaseAppMetadata
Build & Public Release	Build Release APK	2026-02-01T19:05:03.0620491Z > Task :source-local:mergeReleaseJavaResource
Build & Public Release	Build Release APK	2026-02-01T19:05:03.0622233Z > Task :source-local:syncReleaseLibJars FROM-CACHE
Build & Public Release	Build Release APK	2026-02-01T19:05:03.0623654Z > Task :app:writeReleaseSigningConfigVersions
Build & Public Release	Build Release APK	2026-02-01T19:05:03.0631151Z > Task :core-metadata:compileReleaseLibraryResources FROM-CACHE
Build & Public Release	Build Release APK	2026-02-01T19:05:03.1610246Z > Task :core:archive:compileReleaseLibraryResources FROM-CACHE
Build & Public Release	Build Release APK	2026-02-01T19:05:03.1626044Z > Task :telemetry:stripReleaseDebugSymbols NO-SOURCE
Build & Public Release	Build Release APK	2026-02-01T19:05:03.1626833Z > Task :telemetry:copyReleaseJniLibsProjectAndLocalJars
Build & Public Release	Build Release APK	2026-02-01T19:05:03.1627641Z > Task :telemetry:extractDeepLinksForAarRelease FROM-CACHE
Build & Public Release	Build Release APK	2026-02-01T19:05:03.1628369Z > Task :telemetry:extractReleaseAnnotations FROM-CACHE
Build & Public Release	Build Release APK	2026-02-01T19:05:03.1629083Z > Task :presentation-widget:mergeReleaseResources FROM-CACHE
Build & Public Release	Build Release APK	2026-02-01T19:05:03.1629819Z > Task :telemetry:mergeReleaseConsumerProguardFiles
Build & Public Release	Build Release APK	2026-02-01T19:05:03.1630414Z > Task :source-local:bundleReleaseAar
Build & Public Release	Build Release APK	2026-02-01T19:05:03.1631098Z > Task :telemetry:prepareLintJarForPublish
Build & Public Release	Build Release APK	2026-02-01T19:05:03.1631681Z > Task :source-local:mapReleaseSourceSetPaths
Build & Public Release	Build Release APK	2026-02-01T19:05:03.4640111Z > Task :telemetry:mergeReleaseJavaResource
Build & Public Release	Build Release APK	2026-02-01T19:05:03.4655599Z > Task :telemetry:syncReleaseLibJars FROM-CACHE
Build & Public Release	Build Release APK	2026-02-01T19:05:03.4656363Z > Task :telemetry:bundleReleaseAar
Build & Public Release	Build Release APK	2026-02-01T19:05:03.4657050Z > Task :telemetry:mapReleaseSourceSetPaths
Build & Public Release	Build Release APK	2026-02-01T19:05:03.4657768Z > Task :telemetry:mergeReleaseResources FROM-CACHE
Build & Public Release	Build Release APK	2026-02-01T19:05:03.4658514Z > Task :telemetry:verifyReleaseResources FROM-CACHE
Build & Public Release	Build Release APK	2026-02-01T19:05:03.4659228Z > Task :telemetry:assembleRelease
Build & Public Release	Build Release APK	2026-02-01T19:05:03.5618205Z > Task :core:archive:stripReleaseDebugSymbols NO-SOURCE
Build & Public Release	Build Release APK	2026-02-01T19:05:03.5619799Z > Task :core:archive:copyReleaseJniLibsProjectAndLocalJars
Build & Public Release	Build Release APK	2026-02-01T19:05:03.5620876Z > Task :core:archive:extractDeepLinksForAarRelease FROM-CACHE
Build & Public Release	Build Release APK	2026-02-01T19:05:03.5621741Z > Task :core:archive:extractReleaseAnnotations FROM-CACHE
Build & Public Release	Build Release APK	2026-02-01T19:05:03.5622362Z > Task :core:archive:mergeReleaseConsumerProguardFiles
Build & Public Release	Build Release APK	2026-02-01T19:05:03.5622966Z > Task :core:archive:prepareLintJarForPublish
Build & Public Release	Build Release APK	2026-02-01T19:05:03.6658297Z > Task :core:archive:mergeReleaseJavaResource
Build & Public Release	Build Release APK	2026-02-01T19:05:03.6662111Z > Task :core:archive:syncReleaseLibJars FROM-CACHE
Build & Public Release	Build Release APK	2026-02-01T19:05:03.6663149Z > Task :source-local:mergeReleaseResources FROM-CACHE
Build & Public Release	Build Release APK	2026-02-01T19:05:03.6663859Z > Task :core:archive:bundleReleaseAar
Build & Public Release	Build Release APK	2026-02-01T19:05:03.7634464Z > Task :core:archive:mapReleaseSourceSetPaths
Build & Public Release	Build Release APK	2026-02-01T19:05:03.7637577Z > Task :presentation-widget:verifyReleaseResources FROM-CACHE
Build & Public Release	Build Release APK	2026-02-01T19:05:03.7640625Z > Task :presentation-widget:assembleRelease
Build & Public Release	Build Release APK	2026-02-01T19:05:03.7654477Z > Task :core:common:stripReleaseDebugSymbols NO-SOURCE
Build & Public Release	Build Release APK	2026-02-01T19:05:03.7655586Z > Task :core:common:copyReleaseJniLibsProjectAndLocalJars
Build & Public Release	Build Release APK	2026-02-01T19:05:03.7656569Z > Task :core:common:extractDeepLinksForAarRelease FROM-CACHE
Build & Public Release	Build Release APK	2026-02-01T19:05:03.8607803Z > Task :source-local:verifyReleaseResources FROM-CACHE
Build & Public Release	Build Release APK	2026-02-01T19:05:03.8610938Z > Task :source-local:assembleRelease
Build & Public Release	Build Release APK	2026-02-01T19:05:03.8613177Z > Task :core:common:extractReleaseAnnotations FROM-CACHE
Build & Public Release	Build Release APK	2026-02-01T19:05:03.8614613Z > Task :core:common:mergeReleaseConsumerProguardFiles
Build & Public Release	Build Release APK	2026-02-01T19:05:03.8615604Z > Task :core:common:prepareLintJarForPublish
Build & Public Release	Build Release APK	2026-02-01T19:05:03.9608358Z > Task :core:common:mergeReleaseJavaResource
Build & Public Release	Build Release APK	2026-02-01T19:05:03.9609275Z > Task :core:common:mapReleaseSourceSetPaths
Build & Public Release	Build Release APK	2026-02-01T19:05:03.9609913Z > Task :core:common:syncReleaseLibJars FROM-CACHE
Build & Public Release	Build Release APK	2026-02-01T19:05:04.0608326Z > Task :core:common:bundleReleaseAar
Build & Public Release	Build Release APK	2026-02-01T19:05:04.0612514Z > Task :core:archive:mergeReleaseResources FROM-CACHE
Build & Public Release	Build Release APK	2026-02-01T19:05:04.3634290Z > Task :core:archive:verifyReleaseResources FROM-CACHE
Build & Public Release	Build Release APK	2026-02-01T19:05:04.3682139Z > Task :core:archive:assembleRelease
Build & Public Release	Build Release APK	2026-02-01T19:05:04.4608550Z > Task :core:common:mergeReleaseResources FROM-CACHE
Build & Public Release	Build Release APK	2026-02-01T19:05:04.5608064Z > Task :core:common:verifyReleaseResources FROM-CACHE
Build & Public Release	Build Release APK	2026-02-01T19:05:04.5611801Z > Task :core:common:assembleRelease
Build & Public Release	Build Release APK	2026-02-01T19:05:31.4609557Z > Task :app:compileReleaseKotlin
Build & Public Release	Build Release APK	2026-02-01T19:05:43.7624386Z e: file:///home/runner/work/AniZen/AniZen/app/src/main/java/eu/kanade/presentation/anime/AnimeScreen.kt:267:13 No parameter with name 'onFetchAIEpisodeSummary' found.
Build & Public Release	Build Release APK	2026-02-01T19:05:43.7626490Z e: file:///home/runner/work/AniZen/AniZen/app/src/main/java/eu/kanade/presentation/anime/AnimeScreen.kt:780:55 Unresolved reference 'onFetchAIEpisodeSummary'.
Build & Public Release	Build Release APK	2026-02-01T19:05:43.7628488Z e: file:///home/runner/work/AniZen/AniZen/app/src/main/java/eu/kanade/tachiyomi/ui/anime/AnimeScreen.kt:125:45 Unresolved reference 'snackbarHostState'.
Build & Public Release	Build Release APK	2026-02-01T19:05:43.7630558Z e: file:///home/runner/work/AniZen/AniZen/app/src/main/java/eu/kanade/tachiyomi/ui/anime/AnimeScreen.kt:340:37 Unresolved reference 'setAnimeViewerFlags'.
Build & Public Release	Build Release APK	2026-02-01T19:05:43.7643353Z e: file:///home/runner/work/AniZen/AniZen/app/src/main/java/eu/kanade/tachiyomi/ui/anime/AnimeScreenModel.kt:168:24 Unresolved reference 'storagePreferences'.
Build & Public Release	Build Release APK	2026-02-01T19:05:43.7645696Z e: file:///home/runner/work/AniZen/AniZen/app/src/main/java/eu/kanade/tachiyomi/ui/anime/AnimeScreenModel.kt:168:65 Cannot infer type for type parameter 'R'. Specify it explicitly.
Build & Public Release	Build Release APK	2026-02-01T19:05:43.7648057Z e: file:///home/runner/work/AniZen/AniZen/app/src/main/java/eu/kanade/tachiyomi/ui/anime/AnimeScreenModel.kt:283:17 Unresolved reference 'snackbarHostState'.
Build & Public Release	Build Release APK	2026-02-01T19:05:43.7661737Z e: file:///home/runner/work/AniZen/AniZen/app/src/main/java/eu/kanade/tachiyomi/ui/anime/AnimeScreenModel.kt:362:34 Unresolved reference 'snackbarHostState'.
Build & Public Release	Build Release APK	2026-02-01T19:05:43.7663663Z e: file:///home/runner/work/AniZen/AniZen/app/src/main/java/eu/kanade/tachiyomi/ui/anime/AnimeScreenModel.kt:476:36 Unresolved reference 'animeRepository'.
Build & Public Release	Build Release APK	2026-02-01T19:05:43.7665831Z e: file:///home/runner/work/AniZen/AniZen/app/src/main/java/eu/kanade/tachiyomi/ui/anime/AnimeScreenModel.kt:504:16 Function invocation 'getCategories()' expected.
Build & Public Release	Build Release APK	2026-02-01T19:05:43.7667503Z e: file:///home/runner/work/AniZen/AniZen/app/src/main/java/eu/kanade/tachiyomi/ui/anime/AnimeScreenModel.kt:504:30 Unresolved reference 'await'.
Build & Public Release	Build Release APK	2026-02-01T19:05:43.7669110Z e: file:///home/runner/work/AniZen/AniZen/app/src/main/java/eu/kanade/tachiyomi/ui/anime/AnimeScreenModel.kt:504:50 Unresolved reference 'it'.
Build & Public Release	Build Release APK	2026-02-01T19:05:43.7670743Z e: file:///home/runner/work/AniZen/AniZen/app/src/main/java/eu/kanade/tachiyomi/ui/anime/AnimeScreenModel.kt:514:16 Function invocation 'getCategories()' expected.
Build & Public Release	Build Release APK	2026-02-01T19:05:43.7672515Z e: file:///home/runner/work/AniZen/AniZen/app/src/main/java/eu/kanade/tachiyomi/ui/anime/AnimeScreenModel.kt:514:30 Unresolved reference 'await'.
Build & Public Release	Build Release APK	2026-02-01T19:05:43.7673985Z e: file:///home/runner/work/AniZen/AniZen/app/src/main/java/eu/kanade/tachiyomi/ui/anime/AnimeScreenModel.kt:515:20 Unresolved reference 'it'.
Build & Public Release	Build Release APK	2026-02-01T19:05:43.7675602Z e: file:///home/runner/work/AniZen/AniZen/app/src/main/java/eu/kanade/tachiyomi/ui/anime/AnimeScreenModel.kt:539:13 Unresolved reference 'setAnimeCategories'.
Build & Public Release	Build Release APK	2026-02-01T19:05:43.7677429Z e: file:///home/runner/work/AniZen/AniZen/app/src/main/java/eu/kanade/tachiyomi/ui/anime/AnimeScreenModel.kt:641:35 Unresolved reference 'syncEpisodesWithSource'.
Build & Public Release	Build Release APK	2026-02-01T19:05:43.7679282Z e: file:///home/runner/work/AniZen/AniZen/app/src/main/java/eu/kanade/tachiyomi/ui/anime/AnimeScreenModel.kt:661:17 Unresolved reference 'snackbarHostState'.
Build & Public Release	Build Release APK	2026-02-01T19:05:43.7681256Z e: file:///home/runner/work/AniZen/AniZen/app/src/main/java/eu/kanade/tachiyomi/ui/anime/AnimeScreenModel.kt:663:28 Unresolved reference 'animeRepository'.
Build & Public Release	Build Release APK	2026-02-01T19:05:43.7683284Z e: file:///home/runner/work/AniZen/AniZen/app/src/main/java/eu/kanade/tachiyomi/ui/anime/AnimeScreenModel.kt:756:30 Unresolved reference 'snackbarHostState'.
Build & Public Release	Build Release APK	2026-02-01T19:05:43.7684357Z 
Build & Public Release	Build Release APK	2026-02-01T19:05:43.7684577Z > Task :app:compileReleaseKotlin FAILED
Build & Public Release	Build Release APK	2026-02-01T19:05:43.7685638Z e: file:///home/runner/work/AniZen/AniZen/app/src/main/java/eu/kanade/tachiyomi/ui/anime/AnimeScreenModel.kt:842:26 Unresolved reference 'getTracks'.
Build & Public Release	Build Release APK	2026-02-01T19:05:43.7687426Z e: file:///home/runner/work/AniZen/AniZen/app/src/main/java/eu/kanade/tachiyomi/ui/anime/AnimeScreenModel.kt:844:59 Cannot infer type for value parameter 'track'. Specify it explicitly.
Build & Public Release	Build Release APK	2026-02-01T19:05:43.7689473Z e: file:///home/runner/work/AniZen/AniZen/app/src/main/java/eu/kanade/tachiyomi/ui/anime/AnimeScreenModel.kt:844:93 Unresolved reference 'lastEpisodeSeen'.
Build & Public Release	Build Release APK	2026-02-01T19:05:43.7691451Z e: file:///home/runner/work/AniZen/AniZen/app/src/main/java/eu/kanade/tachiyomi/ui/anime/AnimeScreenModel.kt:846:17 Unresolved reference 'not' for operator '!'.
Build & Public Release	Build Release APK	2026-02-01T19:05:43.7693260Z e: file:///home/runner/work/AniZen/AniZen/app/src/main/java/eu/kanade/tachiyomi/ui/anime/AnimeScreenModel.kt:858:26 Unresolved reference 'snackbarHostState'.
Build & Public Release	Build Release APK	2026-02-01T19:05:43.7695005Z e: file:///home/runner/work/AniZen/AniZen/app/src/main/java/eu/kanade/tachiyomi/ui/anime/AnimeScreenModel.kt:939:38 Unresolved reference 'filterEpisodesForDownload'.
Build & Public Release	Build Release APK	2026-02-01T19:05:43.7696794Z e: file:///home/runner/work/AniZen/AniZen/app/src/main/java/eu/kanade/tachiyomi/ui/anime/AnimeScreenModel.kt:1051:13 Unresolved reference 'snackbarHostState'.
Build & Public Release	Build Release APK	2026-02-01T19:05:43.7698776Z e: file:///home/runner/work/AniZen/AniZen/app/src/main/java/eu/kanade/tachiyomi/ui/anime/AnimeScreenModel.kt:1153:13 Cannot infer type for type parameter 'T1'. Specify it explicitly.
Build & Public Release	Build Release APK	2026-02-01T19:05:43.7700839Z e: file:///home/runner/work/AniZen/AniZen/app/src/main/java/eu/kanade/tachiyomi/ui/anime/AnimeScreenModel.kt:1153:13 Cannot infer type for type parameter 'R'. Specify it explicitly.
Build & Public Release	Build Release APK	2026-02-01T19:05:43.7702958Z e: file:///home/runner/work/AniZen/AniZen/app/src/main/java/eu/kanade/tachiyomi/ui/anime/AnimeScreenModel.kt:1154:17 Unresolved reference 'getTracks'.
Build & Public Release	Build Release APK	2026-02-01T19:05:43.7704907Z e: file:///home/runner/work/AniZen/AniZen/app/src/main/java/eu/kanade/tachiyomi/ui/anime/AnimeScreenModel.kt:1154:47 Cannot infer type for type parameter 'T'. Specify it explicitly.
Build & Public Release	Build Release APK	2026-02-01T19:05:43.7707138Z e: file:///home/runner/work/AniZen/AniZen/app/src/main/java/eu/kanade/tachiyomi/ui/anime/AnimeScreenModel.kt:1156:17 Cannot infer type for type parameter 'T1'. Specify it explicitly.
Build & Public Release	Build Release APK	2026-02-01T19:05:43.7709033Z e: file:///home/runner/work/AniZen/AniZen/app/src/main/java/eu/kanade/tachiyomi/ui/anime/AnimeScreenModel.kt:1162:58 Cannot infer type for type parameter 'T'. Specify it explicitly.
Build & Public Release	Build Release APK	2026-02-01T19:05:43.7711217Z e: file:///home/runner/work/AniZen/AniZen/app/src/main/java/eu/kanade/tachiyomi/ui/anime/AnimeScreenModel.kt:1162:65 Cannot infer type for type parameter 'T'. Specify it explicitly.
Build & Public Release	Build Release APK	2026-02-01T19:05:43.7713320Z e: file:///home/runner/work/AniZen/AniZen/app/src/main/java/eu/kanade/tachiyomi/ui/anime/AnimeScreenModel.kt:1162:70 Unresolved reference 'trackerId'.
Build & Public Release	Build Release APK	2026-02-01T19:05:43.7714908Z e: file:///home/runner/work/AniZen/AniZen/app/src/main/java/eu/kanade/tachiyomi/ui/anime/AnimeScreenModel.kt:1163:40 Unresolved reference 'size'.
Build & Public Release	Build Release APK	2026-02-01T19:05:43.7716663Z e: file:///home/runner/work/AniZen/AniZen/app/src/main/java/eu/kanade/tachiyomi/ui/anime/AnimeScreenModel.kt:1163:45 Cannot infer type for type parameter 'A'. Specify it explicitly.
Build & Public Release	Build Release APK	2026-02-01T19:05:43.7718586Z e: file:///home/runner/work/AniZen/AniZen/app/src/main/java/eu/kanade/tachiyomi/ui/anime/AnimeScreenModel.kt:1163:45 Cannot infer type for type parameter 'B'. Specify it explicitly.
Build & Public Release	Build Release APK	2026-02-01T19:05:43.7720476Z e: file:///home/runner/work/AniZen/AniZen/app/src/main/java/eu/kanade/tachiyomi/ui/anime/AnimeScreenModel.kt:1165:18 Cannot infer type for type parameter 'T'. Specify it explicitly.
Build & Public Release	Build Release APK	2026-02-01T19:05:43.7722518Z e: file:///home/runner/work/AniZen/AniZen/app/src/main/java/eu/kanade/tachiyomi/ui/anime/AnimeScreenModel.kt:1166:18 Cannot infer type for type parameter 'T'. Specify it explicitly.
Build & Public Release	Build Release APK	2026-02-01T19:05:43.7724601Z e: file:///home/runner/work/AniZen/AniZen/app/src/main/java/eu/kanade/tachiyomi/ui/anime/AnimeScreenModel.kt:1167:18 Cannot infer type for type parameter 'T'. Specify it explicitly.
Build & Public Release	Build Release APK	2026-02-01T19:05:43.7726754Z e: file:///home/runner/work/AniZen/AniZen/app/src/main/java/eu/kanade/tachiyomi/ui/anime/AnimeScreenModel.kt:1167:34 Cannot infer type for type parameter 'T'. Specify it explicitly.
Build & Public Release	Build Release APK	2026-02-01T19:05:43.7734693Z e: file:///home/runner/work/AniZen/AniZen/app/src/main/java/eu/kanade/tachiyomi/ui/anime/AnimeScreenModel.kt:1167:34 Operator call 'component1()' is ambiguous for destructuring of type 'uninferred ERROR CLASS: Cannot infer argument for type parameter T'. Applicable candidates:
Build & Public Release	Build Release APK	2026-02-01T19:05:43.7736872Z fun <T> Array<out T>.component1(): T
Build & Public Release	Build Release APK	2026-02-01T19:05:43.7737408Z fun ByteArray.component1(): Byte
Build & Public Release	Build Release APK	2026-02-01T19:05:43.7737959Z fun ShortArray.component1(): Short
Build & Public Release	Build Release APK	2026-02-01T19:05:43.7738480Z fun IntArray.component1(): Int
Build & Public Release	Build Release APK	2026-02-01T19:05:43.7738913Z fun LongArray.component1(): Long
Build & Public Release	Build Release APK	2026-02-01T19:05:43.7739412Z fun FloatArray.component1(): Float
Build & Public Release	Build Release APK	2026-02-01T19:05:43.7739884Z fun DoubleArray.component1(): Double
Build & Public Release	Build Release APK	2026-02-01T19:05:43.7740394Z fun BooleanArray.component1(): Boolean
Build & Public Release	Build Release APK	2026-02-01T19:05:43.7740828Z fun CharArray.component1(): Char
Build & Public Release	Build Release APK	2026-02-01T19:05:43.7741431Z fun <T> List<T>.component1(): T
Build & Public Release	Build Release APK	2026-02-01T19:05:43.7741864Z fun <K, V> Map.Entry<K, V>.component1(): K
Build & Public Release	Build Release APK	2026-02-01T19:05:43.7742378Z fun UIntArray.component1(): UInt
Build & Public Release	Build Release APK	2026-02-01T19:05:43.7742814Z fun ULongArray.component1(): ULong
Build & Public Release	Build Release APK	2026-02-01T19:05:43.7743266Z fun UByteArray.component1(): UByte
Build & Public Release	Build Release APK	2026-02-01T19:05:43.7743713Z fun UShortArray.component1(): UShort
Build & Public Release	Build Release APK	2026-02-01T19:05:43.7745483Z e: file:///home/runner/work/AniZen/AniZen/app/src/main/java/eu/kanade/tachiyomi/ui/anime/AnimeScreenModel.kt:1167:34 Operator call 'component2()' is ambiguous for destructuring of type 'uninferred ERROR CLASS: Cannot infer argument for type parameter T'. Applicable candidates:
Build & Public Release	Build Release APK	2026-02-01T19:05:43.7747264Z fun <T> Array<out T>.component2(): T
Build & Public Release	Build Release APK	2026-02-01T19:05:43.7747775Z fun ByteArray.component2(): Byte
Build & Public Release	Build Release APK	2026-02-01T19:05:43.7748547Z fun ShortArray.component2(): Short
Build & Public Release	Build Release APK	2026-02-01T19:05:43.7749049Z fun IntArray.component2(): Int
Build & Public Release	Build Release APK	2026-02-01T19:05:43.7749488Z fun LongArray.component2(): Long
Build & Public Release	Build Release APK	2026-02-01T19:05:43.7749969Z fun FloatArray.component2(): Float
Build & Public Release	Build Release APK	2026-02-01T19:05:43.7750424Z fun DoubleArray.component2(): Double
Build & Public Release	Build Release APK	2026-02-01T19:05:43.7750872Z fun BooleanArray.component2(): Boolean
Build & Public Release	Build Release APK	2026-02-01T19:05:43.7751545Z fun CharArray.component2(): Char
Build & Public Release	Build Release APK	2026-02-01T19:05:43.7752003Z fun <T> List<T>.component2(): T
Build & Public Release	Build Release APK	2026-02-01T19:05:43.7752431Z fun <K, V> Map.Entry<K, V>.component2(): V
Build & Public Release	Build Release APK	2026-02-01T19:05:43.7752932Z fun UIntArray.component2(): UInt
Build & Public Release	Build Release APK	2026-02-01T19:05:43.7753431Z fun ULongArray.component2(): ULong
Build & Public Release	Build Release APK	2026-02-01T19:05:43.7753912Z fun UByteArray.component2(): UByte
Build & Public Release	Build Release APK	2026-02-01T19:05:43.7754397Z fun UShortArray.component2(): UShort
Build & Public Release	Build Release APK	2026-02-01T19:05:43.7755621Z e: file:///home/runner/work/AniZen/AniZen/app/src/main/java/eu/kanade/tachiyomi/ui/anime/AnimeScreenModel.kt:1178:13 Cannot infer type for type parameter 'T1'. Specify it explicitly.
Build & Public Release	Build Release APK	2026-02-01T19:05:43.7757763Z e: file:///home/runner/work/AniZen/AniZen/app/src/main/java/eu/kanade/tachiyomi/ui/anime/AnimeScreenModel.kt:1178:13 Cannot infer type for type parameter 'R'. Specify it explicitly.
Build & Public Release	Build Release APK	2026-02-01T19:05:43.7759707Z e: file:///home/runner/work/AniZen/AniZen/app/src/main/java/eu/kanade/tachiyomi/ui/anime/AnimeScreenModel.kt:1179:17 Unresolved reference 'getTracks'.
Build & Public Release	Build Release APK	2026-02-01T19:05:43.7761668Z e: file:///home/runner/work/AniZen/AniZen/app/src/main/java/eu/kanade/tachiyomi/ui/anime/AnimeScreenModel.kt:1179:47 Cannot infer type for type parameter 'T'. Specify it explicitly.
Build & Public Release	Build Release APK	2026-02-01T19:05:43.7763712Z e: file:///home/runner/work/AniZen/AniZen/app/src/main/java/eu/kanade/tachiyomi/ui/anime/AnimeScreenModel.kt:1181:17 Cannot infer type for type parameter 'T1'. Specify it explicitly.
Build & Public Release	Build Release APK	2026-02-01T19:05:43.7765902Z e: file:///home/runner/work/AniZen/AniZen/app/src/main/java/eu/kanade/tachiyomi/ui/anime/AnimeScreenModel.kt:1186:33 Unresolved reference 'it'.
Build & Public Release	Build Release APK	2026-02-01T19:05:43.7767659Z e: file:///home/runner/work/AniZen/AniZen/app/src/main/java/eu/kanade/tachiyomi/ui/anime/AnimeScreenModel.kt:1192:18 Cannot infer type for type parameter 'T'. Specify it explicitly.
Build & Public Release	Build Release APK	2026-02-01T19:05:43.7769526Z e: file:///home/runner/work/AniZen/AniZen/app/src/main/java/eu/kanade/tachiyomi/ui/anime/AnimeScreenModel.kt:1193:18 Cannot infer type for type parameter 'T'. Specify it explicitly.
Build & Public Release	Build Release APK	2026-02-01T19:05:43.7780026Z e: file:///home/runner/work/AniZen/AniZen/app/src/main/java/eu/kanade/tachiyomi/ui/anime/AnimeScreenModel.kt:1193:34 Cannot infer type for type parameter 'T'. Specify it explicitly.
Build & Public Release	Build Release APK	2026-02-01T19:05:43.7798599Z e: file:///home/runner/work/AniZen/AniZen/app/src/main/java/eu/kanade/tachiyomi/ui/anime/AnimeScreenModel.kt:1205:9 Unresolved reference 'setAnimeViewerFlags'.
Build & Public Release	Build Release APK	2026-02-01T19:05:43.7801143Z e: file:///home/runner/work/AniZen/AniZen/app/src/main/java/eu/kanade/tachiyomi/ui/browse/source/browse/BrowseSourceScreenModel.kt:286:34 Unresolved reference 'getFilterList'.
Build & Public Release	Build Release APK	2026-02-01T19:05:43.8607944Z 
Build & Public Release	Build Release APK	2026-02-01T19:05:43.8609092Z gradle/actions: Writing build results to /home/runner/work/_temp/.gradle-actions/build-results/__run_2-1769972677510.json
Build & Public Release	Build Release APK	2026-02-01T19:05:43.8610550Z FAILURE: Build failed with an exception.
Build & Public Release	Build Release APK	2026-02-01T19:05:43.8610885Z 
Build & Public Release	Build Release APK	2026-02-01T19:05:43.8611182Z * What went wrong:
Build & Public Release	Build Release APK	2026-02-01T19:05:43.8611884Z Execution failed for task ':app:compileReleaseKotlin'.
Build & Public Release	Build Release APK	2026-02-01T19:05:43.8612969Z > A failure occurred while executing org.jetbrains.kotlin.compilerRunner.GradleCompilerRunnerWithWorkers$GradleKotlinCompilerWorkAction
Build & Public Release	Build Release APK	2026-02-01T19:05:43.8614022Z    > Compilation error. See log for more details
Build & Public Release	Build Release APK	2026-02-01T19:05:43.8614377Z 
Build & Public Release	Build Release APK	2026-02-01T19:05:43.8614507Z * Try:
Build & Public Release	Build Release APK	2026-02-01T19:05:43.8614914Z > Run with --stacktrace option to get the stack trace.
Build & Public Release	Build Release APK	2026-02-01T19:05:43.8615568Z > Run with --info or --debug option to get more log output.
Build & Public Release	Build Release APK	2026-02-01T19:05:43.8616135Z > Run with --scan to get full insights.
Build & Public Release	Build Release APK	2026-02-01T19:05:43.8616644Z > Get more help at https://help.gradle.org.
Build & Public Release	Build Release APK	2026-02-01T19:05:43.8617282Z 
Build & Public Release	Build Release APK	2026-02-01T19:05:43.8617429Z BUILD FAILED in 1m 9s
Build & Public Release	Build Release APK	2026-02-01T19:05:43.8618000Z 
Build & Public Release	Build Release APK	2026-02-01T19:05:43.8618745Z [Incubating] Problems report is available at: file:///home/runner/work/AniZen/AniZen/build/reports/problems/problems-report.html
Build & Public Release	Build Release APK	2026-02-01T19:05:43.8620060Z 
Build & Public Release	Build Release APK	2026-02-01T19:05:43.8621358Z Deprecated Gradle features were used in this build, making it incompatible with Gradle 9.0.
Build & Public Release	Build Release APK	2026-02-01T19:05:43.8622577Z 
Build & Public Release	Build Release APK	2026-02-01T19:05:43.8623910Z You can use '--warning-mode all' to show the individual deprecation warnings and determine if they come from your own scripts or plugins.
Build & Public Release	Build Release APK	2026-02-01T19:05:43.8625407Z 
Build & Public Release	Build Release APK	2026-02-01T19:05:43.8626866Z For more on this, please refer to https://docs.gradle.org/8.14.3/userguide/command_line_interface.html#sec:command_line_warnings in the Gradle documentation.
Build & Public Release	Build Release APK	2026-02-01T19:05:43.8628697Z 544 actionable tasks: 281 executed, 254 from cache, 9 up-to-date
Build & Public Release	Build Release APK	2026-02-01T19:05:44.3259003Z ##[error]Process completed with exit code 1.
Build & Public Release	Post Set up Gradle	ï»¿2026-02-01T19:05:44.3439209Z Post job cleanup.
Build & Public Release	Post Set up Gradle	2026-02-01T19:05:44.6526370Z In post-action step
Build & Public Release	Post Set up Gradle	2026-02-01T19:05:44.6534658Z ##[group]Stopping Gradle daemons
Build & Public Release	Post Set up Gradle	2026-02-01T19:05:44.6536082Z Stopping Gradle daemons for /home/runner/.gradle/wrapper/dists/gradle-8.14.3-bin/cv11ve7ro1n3o1j4so8xd9n66/gradle-8.14.3
Build & Public Release	Post Set up Gradle	2026-02-01T19:05:44.6552783Z [command]/home/runner/.gradle/wrapper/dists/gradle-8.14.3-bin/cv11ve7ro1n3o1j4so8xd9n66/gradle-8.14.3/bin/gradle --stop
Build & Public Release	Post Set up Gradle	2026-02-01T19:05:45.2541063Z No Gradle daemons are running.
Build & Public Release	Post Set up Gradle	2026-02-01T19:05:45.2619818Z ##[endgroup]
Build & Public Release	Post Set up Gradle	2026-02-01T19:05:45.2620533Z Not performing cache-cleanup due to build failure
Build & Public Release	Post Set up Gradle	2026-02-01T19:05:45.2621312Z ##[group]Caching Gradle state
Build & Public Release	Post Set up Gradle	2026-02-01T19:05:52.4568247Z [command]/usr/bin/tar --posix -cf cache.tzst --exclude cache.tzst -P -C /home/runner/work/AniZen/AniZen --files-from manifest.txt --use-compress-program zstdmt
Build & Public Release	Post Set up Gradle	2026-02-01T19:05:54.3928952Z Sent 12290572 of 280726028 (4.4%), 11.7 MBs/sec
Build & Public Release	Post Set up Gradle	2026-02-01T19:05:55.3929359Z Sent 213617164 of 280726028 (76.1%), 101.9 MBs/sec
Build & Public Release	Post Set up Gradle	2026-02-01T19:05:55.4975096Z Sent 280726028 of 280726028 (100.0%), 127.2 MBs/sec
Build & Public Release	Post Set up Gradle	2026-02-01T19:05:55.7398362Z Saved cache entry with key gradle-home-v1|Linux-X64|build-release[16cd6cc2a04430ca045959c87cb8ce3a]-ab7e246a819267b91c8fbb74ff0ec9743e287c6e from /home/runner/.gradle/caches,/home/runner/.gradle/notifications,/home/runner/.gradle/.setup-gradle in 3298ms
Build & Public Release	Post Set up Gradle	2026-02-01T19:05:55.7400766Z ##[endgroup]
Build & Public Release	Post Set up Gradle	2026-02-01T19:05:55.7405569Z Generating Job Summary
Build & Public Release	Post Set up Gradle	2026-02-01T19:05:55.7419438Z Completed post-action step
Build & Public Release	Post Set up JDK	ï»¿2026-02-01T19:05:55.7603064Z Post job cleanup.
Build & Public Release	Post Clone repo	ï»¿2026-02-01T19:05:55.9268689Z Post job cleanup.
Build & Public Release	Post Clone repo	2026-02-01T19:05:56.0156536Z [command]/usr/bin/git version
Build & Public Release	Post Clone repo	2026-02-01T19:05:56.0190713Z git version 2.52.0
Build & Public Release	Post Clone repo	2026-02-01T19:05:56.0233577Z Temporarily overriding HOME='/home/runner/work/_temp/a1cdb661-ab9e-4737-84d4-ad13bd94ad53' before making global git config changes
Build & Public Release	Post Clone repo	2026-02-01T19:05:56.0234357Z Adding repository directory to the temporary git global config as a safe directory
Build & Public Release	Post Clone repo	2026-02-01T19:05:56.0241160Z [command]/usr/bin/git config --global --add safe.directory /home/runner/work/AniZen/AniZen
Build & Public Release	Post Clone repo	2026-02-01T19:05:56.0279736Z [command]/usr/bin/git config --local --name-only --get-regexp core\.sshCommand
Build & Public Release	Post Clone repo	2026-02-01T19:05:56.0308994Z [command]/usr/bin/git submodule foreach --recursive sh -c "git config --local --name-only --get-regexp 'core\.sshCommand' && git config --local --unset-all 'core.sshCommand' || :"
Build & Public Release	Post Clone repo	2026-02-01T19:05:56.0502077Z [command]/usr/bin/git config --local --name-only --get-regexp http\.https\:\/\/github\.com\/\.extraheader
Build & Public Release	Post Clone repo	2026-02-01T19:05:56.0522418Z http.https://github.com/.extraheader
Build & Public Release	Post Clone repo	2026-02-01T19:05:56.0534873Z [command]/usr/bin/git config --local --unset-all http.https://github.com/.extraheader
Build & Public Release	Post Clone repo	2026-02-01T19:05:56.0563973Z [command]/usr/bin/git submodule foreach --recursive sh -c "git config --local --name-only --get-regexp 'http\.https\:\/\/github\.com\/\.extraheader' && git config --local --unset-all 'http.https://github.com/.extraheader' || :"
Build & Public Release	Post Clone repo	2026-02-01T19:05:56.0752406Z [command]/usr/bin/git config --local --name-only --get-regexp ^includeIf\.gitdir:
Build & Public Release	Post Clone repo	2026-02-01T19:05:56.0781105Z [command]/usr/bin/git submodule foreach --recursive git config --local --show-origin --name-only --get-regexp remote.origin.url
Build & Public Release	Complete job	ï»¿2026-02-01T19:05:56.1077798Z Cleaning up orphan processes
