Build & Public Release	Set up job	ï»¿2026-02-02T03:42:01.6733199Z Current runner version: '2.331.0'
Build & Public Release	Set up job	2026-02-02T03:42:01.6758585Z ##[group]Runner Image Provisioner
Build & Public Release	Set up job	2026-02-02T03:42:01.6759494Z Hosted Compute Agent
Build & Public Release	Set up job	2026-02-02T03:42:01.6759994Z Version: 20260123.484
Build & Public Release	Set up job	2026-02-02T03:42:01.6760500Z Commit: 6bd6555ca37d84114959e1c76d2c01448ff61c5d
Build & Public Release	Set up job	2026-02-02T03:42:01.6761156Z Build Date: 2026-01-23T19:41:17Z
Build & Public Release	Set up job	2026-02-02T03:42:01.6761737Z Worker ID: {945ec499-9392-4630-b695-588fbf9d6bf4}
Build & Public Release	Set up job	2026-02-02T03:42:01.6762380Z Azure Region: westcentralus
Build & Public Release	Set up job	2026-02-02T03:42:01.6762933Z ##[endgroup]
Build & Public Release	Set up job	2026-02-02T03:42:01.6764436Z ##[group]Operating System
Build & Public Release	Set up job	2026-02-02T03:42:01.6764961Z Ubuntu
Build & Public Release	Set up job	2026-02-02T03:42:01.6765391Z 24.04.3
Build & Public Release	Set up job	2026-02-02T03:42:01.6765816Z LTS
Build & Public Release	Set up job	2026-02-02T03:42:01.6766211Z ##[endgroup]
Build & Public Release	Set up job	2026-02-02T03:42:01.6766656Z ##[group]Runner Image
Build & Public Release	Set up job	2026-02-02T03:42:01.6767106Z Image: ubuntu-24.04
Build & Public Release	Set up job	2026-02-02T03:42:01.6767565Z Version: 20260126.10.1
Build & Public Release	Set up job	2026-02-02T03:42:01.6768462Z Included Software: https://github.com/actions/runner-images/blob/ubuntu24/20260126.10/images/ubuntu/Ubuntu2404-Readme.md
Build & Public Release	Set up job	2026-02-02T03:42:01.6769940Z Image Release: https://github.com/actions/runner-images/releases/tag/ubuntu24%2F20260126.10
Build & Public Release	Set up job	2026-02-02T03:42:01.6770721Z ##[endgroup]
Build & Public Release	Set up job	2026-02-02T03:42:01.6771622Z ##[group]GITHUB_TOKEN Permissions
Build & Public Release	Set up job	2026-02-02T03:42:01.6773731Z Contents: write
Build & Public Release	Set up job	2026-02-02T03:42:01.6774303Z Metadata: read
Build & Public Release	Set up job	2026-02-02T03:42:01.6774743Z ##[endgroup]
Build & Public Release	Set up job	2026-02-02T03:42:01.6776842Z Secret source: Actions
Build & Public Release	Set up job	2026-02-02T03:42:01.6777494Z Prepare workflow directory
Build & Public Release	Set up job	2026-02-02T03:42:01.7150249Z Prepare all required actions
Build & Public Release	Set up job	2026-02-02T03:42:01.7190581Z Getting action download info
Build & Public Release	Set up job	2026-02-02T03:42:02.1297803Z Download action repository 'actions/checkout@v4' (SHA:34e114876b0b11c390a56381ad16ebd13914f8d5)
Build & Public Release	Set up job	2026-02-02T03:42:02.2327350Z Download action repository 'actions/setup-java@v4' (SHA:c1e323688fd81a25caa38c78aa6df2d33d3e20d9)
Build & Public Release	Set up job	2026-02-02T03:42:03.1075085Z Download action repository 'gradle/actions@v4' (SHA:ed408507eac070d1f99cc633dbcf757c94c7933a)
Build & Public Release	Set up job	2026-02-02T03:42:04.3329055Z Download action repository 'softprops/action-gh-release@v1' (SHA:de2c0eb89ae2a093876385947365aca7b0e5f844)
Build & Public Release	Set up job	2026-02-02T03:42:05.0409395Z Complete job name: Build & Public Release
Build & Public Release	Clone repo	ï»¿2026-02-02T03:42:05.1185583Z ##[group]Run actions/checkout@v4
Build & Public Release	Clone repo	2026-02-02T03:42:05.1186175Z with:
Build & Public Release	Clone repo	2026-02-02T03:42:05.1186373Z   fetch-depth: 1
Build & Public Release	Clone repo	2026-02-02T03:42:05.1186598Z   repository: salmanbappi/AniZen
Build & Public Release	Clone repo	2026-02-02T03:42:05.1187104Z   token: ***
Build & Public Release	Clone repo	2026-02-02T03:42:05.1187294Z   ssh-strict: true
Build & Public Release	Clone repo	2026-02-02T03:42:05.1187471Z   ssh-user: git
Build & Public Release	Clone repo	2026-02-02T03:42:05.1187684Z   persist-credentials: true
Build & Public Release	Clone repo	2026-02-02T03:42:05.1187899Z   clean: true
Build & Public Release	Clone repo	2026-02-02T03:42:05.1188119Z   sparse-checkout-cone-mode: true
Build & Public Release	Clone repo	2026-02-02T03:42:05.1188395Z   fetch-tags: false
Build & Public Release	Clone repo	2026-02-02T03:42:05.1188582Z   show-progress: true
Build & Public Release	Clone repo	2026-02-02T03:42:05.1188783Z   lfs: false
Build & Public Release	Clone repo	2026-02-02T03:42:05.1188950Z   submodules: false
Build & Public Release	Clone repo	2026-02-02T03:42:05.1189149Z   set-safe-directory: true
Build & Public Release	Clone repo	2026-02-02T03:42:05.1189513Z ##[endgroup]
Build & Public Release	Clone repo	2026-02-02T03:42:05.2341393Z Syncing repository: salmanbappi/AniZen
Build & Public Release	Clone repo	2026-02-02T03:42:05.2343868Z ##[group]Getting Git version info
Build & Public Release	Clone repo	2026-02-02T03:42:05.2344282Z Working directory is '/home/runner/work/AniZen/AniZen'
Build & Public Release	Clone repo	2026-02-02T03:42:05.2344845Z [command]/usr/bin/git version
Build & Public Release	Clone repo	2026-02-02T03:42:05.2397257Z git version 2.52.0
Build & Public Release	Clone repo	2026-02-02T03:42:05.2425375Z ##[endgroup]
Build & Public Release	Clone repo	2026-02-02T03:42:05.2455909Z Temporarily overriding HOME='/home/runner/work/_temp/ef3e4bd6-f5fa-4e88-ab37-7c0ecd774da0' before making global git config changes
Build & Public Release	Clone repo	2026-02-02T03:42:05.2457477Z Adding repository directory to the temporary git global config as a safe directory
Build & Public Release	Clone repo	2026-02-02T03:42:05.2463439Z [command]/usr/bin/git config --global --add safe.directory /home/runner/work/AniZen/AniZen
Build & Public Release	Clone repo	2026-02-02T03:42:05.2510187Z Deleting the contents of '/home/runner/work/AniZen/AniZen'
Build & Public Release	Clone repo	2026-02-02T03:42:05.2514991Z ##[group]Initializing the repository
Build & Public Release	Clone repo	2026-02-02T03:42:05.2521523Z [command]/usr/bin/git init /home/runner/work/AniZen/AniZen
Build & Public Release	Clone repo	2026-02-02T03:42:05.2635924Z hint: Using 'master' as the name for the initial branch. This default branch name
Build & Public Release	Clone repo	2026-02-02T03:42:05.2637457Z hint: will change to "main" in Git 3.0. To configure the initial branch name
Build & Public Release	Clone repo	2026-02-02T03:42:05.2638241Z hint: to use in all of your new repositories, which will suppress this warning,
Build & Public Release	Clone repo	2026-02-02T03:42:05.2638864Z hint: call:
Build & Public Release	Clone repo	2026-02-02T03:42:05.2639121Z hint:
Build & Public Release	Clone repo	2026-02-02T03:42:05.2639603Z hint: 	git config --global init.defaultBranch <name>
Build & Public Release	Clone repo	2026-02-02T03:42:05.2640059Z hint:
Build & Public Release	Clone repo	2026-02-02T03:42:05.2640519Z hint: Names commonly chosen instead of 'master' are 'main', 'trunk' and
Build & Public Release	Clone repo	2026-02-02T03:42:05.2641206Z hint: 'development'. The just-created branch can be renamed via this command:
Build & Public Release	Clone repo	2026-02-02T03:42:05.2641760Z hint:
Build & Public Release	Clone repo	2026-02-02T03:42:05.2642052Z hint: 	git branch -m <name>
Build & Public Release	Clone repo	2026-02-02T03:42:05.2642420Z hint:
Build & Public Release	Clone repo	2026-02-02T03:42:05.2642879Z hint: Disable this message with "git config set advice.defaultBranchName false"
Build & Public Release	Clone repo	2026-02-02T03:42:05.2643914Z Initialized empty Git repository in /home/runner/work/AniZen/AniZen/.git/
Build & Public Release	Clone repo	2026-02-02T03:42:05.2652432Z [command]/usr/bin/git remote add origin https://github.com/salmanbappi/AniZen
Build & Public Release	Clone repo	2026-02-02T03:42:05.2689656Z ##[endgroup]
Build & Public Release	Clone repo	2026-02-02T03:42:05.2690344Z ##[group]Disabling automatic garbage collection
Build & Public Release	Clone repo	2026-02-02T03:42:05.2696065Z [command]/usr/bin/git config --local gc.auto 0
Build & Public Release	Clone repo	2026-02-02T03:42:05.2732249Z ##[endgroup]
Build & Public Release	Clone repo	2026-02-02T03:42:05.2733052Z ##[group]Setting up auth
Build & Public Release	Clone repo	2026-02-02T03:42:05.2743680Z [command]/usr/bin/git config --local --name-only --get-regexp core\.sshCommand
Build & Public Release	Clone repo	2026-02-02T03:42:05.2786640Z [command]/usr/bin/git submodule foreach --recursive sh -c "git config --local --name-only --get-regexp 'core\.sshCommand' && git config --local --unset-all 'core.sshCommand' || :"
Build & Public Release	Clone repo	2026-02-02T03:42:05.3152977Z [command]/usr/bin/git config --local --name-only --get-regexp http\.https\:\/\/github\.com\/\.extraheader
Build & Public Release	Clone repo	2026-02-02T03:42:05.3184015Z [command]/usr/bin/git submodule foreach --recursive sh -c "git config --local --name-only --get-regexp 'http\.https\:\/\/github\.com\/\.extraheader' && git config --local --unset-all 'http.https://github.com/.extraheader' || :"
Build & Public Release	Clone repo	2026-02-02T03:42:05.3398048Z [command]/usr/bin/git config --local --name-only --get-regexp ^includeIf\.gitdir:
Build & Public Release	Clone repo	2026-02-02T03:42:05.3430994Z [command]/usr/bin/git submodule foreach --recursive git config --local --show-origin --name-only --get-regexp remote.origin.url
Build & Public Release	Clone repo	2026-02-02T03:42:05.3646405Z [command]/usr/bin/git config --local http.https://github.com/.extraheader AUTHORIZATION: basic ***
Build & Public Release	Clone repo	2026-02-02T03:42:05.3683429Z ##[endgroup]
Build & Public Release	Clone repo	2026-02-02T03:42:05.3684191Z ##[group]Fetching the repository
Build & Public Release	Clone repo	2026-02-02T03:42:05.3693104Z [command]/usr/bin/git -c protocol.version=2 fetch --no-tags --prune --no-recurse-submodules --depth=1 origin +1b5c207c2167adc114a29f870e26a6533a39bd4c:refs/remotes/origin/master
Build & Public Release	Clone repo	2026-02-02T03:42:06.5011738Z From https://github.com/salmanbappi/AniZen
Build & Public Release	Clone repo	2026-02-02T03:42:06.5012698Z  * [new ref]         1b5c207c2167adc114a29f870e26a6533a39bd4c -> origin/master
Build & Public Release	Clone repo	2026-02-02T03:42:06.5046727Z ##[endgroup]
Build & Public Release	Clone repo	2026-02-02T03:42:06.5047424Z ##[group]Determining the checkout info
Build & Public Release	Clone repo	2026-02-02T03:42:06.5050062Z ##[endgroup]
Build & Public Release	Clone repo	2026-02-02T03:42:06.5055439Z [command]/usr/bin/git sparse-checkout disable
Build & Public Release	Clone repo	2026-02-02T03:42:06.5096510Z [command]/usr/bin/git config --local --unset-all extensions.worktreeConfig
Build & Public Release	Clone repo	2026-02-02T03:42:06.5123023Z ##[group]Checking out the ref
Build & Public Release	Clone repo	2026-02-02T03:42:06.5128662Z [command]/usr/bin/git checkout --progress --force -B master refs/remotes/origin/master
Build & Public Release	Clone repo	2026-02-02T03:42:06.6281392Z Reset branch 'master'
Build & Public Release	Clone repo	2026-02-02T03:42:06.6283672Z branch 'master' set up to track 'origin/master'.
Build & Public Release	Clone repo	2026-02-02T03:42:06.6292354Z ##[endgroup]
Build & Public Release	Clone repo	2026-02-02T03:42:06.6335220Z [command]/usr/bin/git log -1 --format=%H
Build & Public Release	Clone repo	2026-02-02T03:42:06.6359746Z 1b5c207c2167adc114a29f870e26a6533a39bd4c
Build & Public Release	Set up JDK	ï»¿2026-02-02T03:42:06.6592617Z ##[group]Run actions/setup-java@v4
Build & Public Release	Set up JDK	2026-02-02T03:42:06.6592905Z with:
Build & Public Release	Set up JDK	2026-02-02T03:42:06.6593094Z   java-version: 17
Build & Public Release	Set up JDK	2026-02-02T03:42:06.6593531Z   distribution: temurin
Build & Public Release	Set up JDK	2026-02-02T03:42:06.6593793Z   java-package: jdk
Build & Public Release	Set up JDK	2026-02-02T03:42:06.6593994Z   check-latest: false
Build & Public Release	Set up JDK	2026-02-02T03:42:06.6594201Z   server-id: github
Build & Public Release	Set up JDK	2026-02-02T03:42:06.6594624Z   server-username: GITHUB_ACTOR
Build & Public Release	Set up JDK	2026-02-02T03:42:06.6594866Z   server-password: GITHUB_TOKEN
Build & Public Release	Set up JDK	2026-02-02T03:42:06.6595113Z   overwrite-settings: true
Build & Public Release	Set up JDK	2026-02-02T03:42:06.6595364Z   job-status: success
Build & Public Release	Set up JDK	2026-02-02T03:42:06.6595769Z   token: ***
Build & Public Release	Set up JDK	2026-02-02T03:42:06.6595946Z ##[endgroup]
Build & Public Release	Set up JDK	2026-02-02T03:42:06.8674594Z ##[group]Installed distributions
Build & Public Release	Set up JDK	2026-02-02T03:42:06.8968774Z Resolved Java 17.0.18+8 from tool-cache
Build & Public Release	Set up JDK	2026-02-02T03:42:06.8969379Z Setting Java 17.0.18+8 as the default
Build & Public Release	Set up JDK	2026-02-02T03:42:06.8981969Z Creating toolchains.xml for JDK version 17 from temurin
Build & Public Release	Set up JDK	2026-02-02T03:42:06.9053760Z Writing to /home/runner/.m2/toolchains.xml
Build & Public Release	Set up JDK	2026-02-02T03:42:06.9054296Z 
Build & Public Release	Set up JDK	2026-02-02T03:42:06.9054537Z Java configuration:
Build & Public Release	Set up JDK	2026-02-02T03:42:06.9055057Z   Distribution: temurin
Build & Public Release	Set up JDK	2026-02-02T03:42:06.9056940Z   Version: 17.0.18+8
Build & Public Release	Set up JDK	2026-02-02T03:42:06.9057605Z   Path: /opt/hostedtoolcache/Java_Temurin-Hotspot_jdk/17.0.18-8/x64
Build & Public Release	Set up JDK	2026-02-02T03:42:06.9058103Z 
Build & Public Release	Set up JDK	2026-02-02T03:42:06.9058700Z ##[endgroup]
Build & Public Release	Set up JDK	2026-02-02T03:42:06.9075517Z Creating settings.xml with server-id: github
Build & Public Release	Set up JDK	2026-02-02T03:42:06.9078999Z Writing to /home/runner/.m2/settings.xml
Build & Public Release	Set up Gradle	ï»¿2026-02-02T03:42:06.9275075Z ##[group]Run gradle/actions/setup-gradle@v4
Build & Public Release	Set up Gradle	2026-02-02T03:42:06.9275378Z with:
Build & Public Release	Set up Gradle	2026-02-02T03:42:06.9275584Z   cache-disabled: false
Build & Public Release	Set up Gradle	2026-02-02T03:42:06.9275792Z   cache-read-only: false
Build & Public Release	Set up Gradle	2026-02-02T03:42:06.9276025Z   cache-write-only: false
Build & Public Release	Set up Gradle	2026-02-02T03:42:06.9276269Z   cache-overwrite-existing: false
Build & Public Release	Set up Gradle	2026-02-02T03:42:06.9276524Z   cache-cleanup: on-success
Build & Public Release	Set up Gradle	2026-02-02T03:42:06.9276788Z   gradle-home-cache-includes: caches
Build & Public Release	Set up Gradle	notifications
Build & Public Release	Set up Gradle	
Build & Public Release	Set up Gradle	2026-02-02T03:42:06.9277087Z   add-job-summary: always
Build & Public Release	Set up Gradle	2026-02-02T03:42:06.9277315Z   add-job-summary-as-pr-comment: never
Build & Public Release	Set up Gradle	2026-02-02T03:42:06.9277567Z   dependency-graph: disabled
Build & Public Release	Set up Gradle	2026-02-02T03:42:06.9277860Z   dependency-graph-report-dir: dependency-graph-reports
Build & Public Release	Set up Gradle	2026-02-02T03:42:06.9278203Z   dependency-graph-continue-on-failure: true
Build & Public Release	Set up Gradle	2026-02-02T03:42:06.9278966Z   build-scan-publish: false
Build & Public Release	Set up Gradle	2026-02-02T03:42:06.9279225Z   validate-wrappers: true
Build & Public Release	Set up Gradle	2026-02-02T03:42:06.9279474Z   allow-snapshot-wrappers: false
Build & Public Release	Set up Gradle	2026-02-02T03:42:06.9279735Z   gradle-home-cache-strict-match: false
Build & Public Release	Set up Gradle	2026-02-02T03:42:06.9280054Z   workflow-job-context: null
Build & Public Release	Set up Gradle	2026-02-02T03:42:06.9280505Z   github-token: ***
Build & Public Release	Set up Gradle	2026-02-02T03:42:06.9280679Z env:
Build & Public Release	Set up Gradle	2026-02-02T03:42:06.9280943Z   JAVA_HOME: /opt/hostedtoolcache/Java_Temurin-Hotspot_jdk/17.0.18-8/x64
Build & Public Release	Set up Gradle	2026-02-02T03:42:06.9281379Z   JAVA_HOME_17_X64: /opt/hostedtoolcache/Java_Temurin-Hotspot_jdk/17.0.18-8/x64
Build & Public Release	Set up Gradle	2026-02-02T03:42:06.9281714Z ##[endgroup]
Build & Public Release	Set up Gradle	2026-02-02T03:42:08.7311269Z Merged default JDK locations into /home/runner/.m2/toolchains.xml
Build & Public Release	Set up Gradle	2026-02-02T03:42:08.7312150Z Preparing cache for cleanup.
Build & Public Release	Set up Gradle	2026-02-02T03:42:08.7317836Z ##[group]Restore Gradle state from cache
Build & Public Release	Set up Gradle	2026-02-02T03:42:08.9771364Z Cache hit for restore-key: gradle-home-v1|Linux-X64|build-release[16cd6cc2a04430ca045959c87cb8ce3a]-23383e3924f00008bc34e22cf1c321d815a3e0b2
Build & Public Release	Set up Gradle	2026-02-02T03:42:10.2190249Z Received 41943040 of 277491759 (15.1%), 40.0 MBs/sec
Build & Public Release	Set up Gradle	2026-02-02T03:42:11.2187546Z Received 197132288 of 277491759 (71.0%), 94.0 MBs/sec
Build & Public Release	Set up Gradle	2026-02-02T03:42:11.7885883Z Received 277491759 of 277491759 (100.0%), 103.0 MBs/sec
Build & Public Release	Set up Gradle	2026-02-02T03:42:11.7889357Z Cache Size: ~265 MB (277491759 B)
Build & Public Release	Set up Gradle	2026-02-02T03:42:11.8050719Z [command]/usr/bin/tar -xf /home/runner/work/_temp/1fbb18c1-2f90-42b6-a7f7-6646289f61d4/cache.tzst -P -C /home/runner/work/AniZen/AniZen --use-compress-program unzstd
Build & Public Release	Set up Gradle	2026-02-02T03:42:12.2429012Z Cache restored successfully
Build & Public Release	Set up Gradle	2026-02-02T03:42:12.2736745Z Restored cache entry with key gradle-home-v1|Linux-X64|build-release[16cd6cc2a04430ca045959c87cb8ce3a]-1b5c207c2167adc114a29f870e26a6533a39bd4c to /home/runner/.gradle/caches,/home/runner/.gradle/notifications,/home/runner/.gradle/.setup-gradle in 3540ms
Build & Public Release	Set up Gradle	2026-02-02T03:42:12.4540382Z Cache hit for: gradle-kotlin-dsl-v1-900d09f8bd24a77c702d5ecbbfd928b0
Build & Public Release	Set up Gradle	2026-02-02T03:42:12.4596285Z Cache hit for: gradle-generated-gradle-jars-v1-4434c59050703a48bf14168622b59891
Build & Public Release	Set up Gradle	2026-02-02T03:42:12.4601399Z Cache hit for: gradle-transforms-v1-29b6ecf76579b0052284b4e6ec2672a2
Build & Public Release	Set up Gradle	2026-02-02T03:42:12.4638677Z Cache hit for: gradle-groovy-dsl-v1-562588832d470f1a0afa670b4f766935
Build & Public Release	Set up Gradle	2026-02-02T03:42:12.4716391Z Cache hit for: gradle-instrumented-jars-v1-2a21f88895a4e620315dd83c2665fff4
Build & Public Release	Set up Gradle	2026-02-02T03:42:12.4785046Z Cache hit for: gradle-dependencies-v1-b3ba458e98787b341f020e1a58774519
Build & Public Release	Set up Gradle	2026-02-02T03:42:12.4831532Z Cache hit for: gradle-wrapper-zips-v1-5ae5d3da5e8e0c748d04bcdd9bc97bdb
Build & Public Release	Set up Gradle	2026-02-02T03:42:12.9204337Z Received 122091 of 122091 (100.0%), 0.6 MBs/sec
Build & Public Release	Set up Gradle	2026-02-02T03:42:12.9205278Z Cache Size: ~0 MB (122091 B)
Build & Public Release	Set up Gradle	2026-02-02T03:42:12.9284265Z [command]/usr/bin/tar -xf /home/runner/work/_temp/a7606693-cf69-4be2-ad2a-735f5c8e4fc2/cache.tzst -P -C /home/runner/work/AniZen/AniZen --use-compress-program unzstd
Build & Public Release	Set up Gradle	2026-02-02T03:42:12.9377358Z Cache restored successfully
Build & Public Release	Set up Gradle	2026-02-02T03:42:12.9378895Z Restored cache entry with key gradle-instrumented-jars-v1-2a21f88895a4e620315dd83c2665fff4 to /home/runner/.gradle/caches/jars-*/*/ in 661ms
Build & Public Release	Set up Gradle	2026-02-02T03:42:13.0945056Z Received 188343 of 188343 (100.0%), 0.4 MBs/sec
Build & Public Release	Set up Gradle	2026-02-02T03:42:13.0945924Z Cache Size: ~0 MB (188343 B)
Build & Public Release	Set up Gradle	2026-02-02T03:42:13.0967267Z [command]/usr/bin/tar -xf /home/runner/work/_temp/8a84fbf8-dc0e-49f9-b148-ffa48861f603/cache.tzst -P -C /home/runner/work/AniZen/AniZen --use-compress-program unzstd
Build & Public Release	Set up Gradle	2026-02-02T03:42:13.1124431Z Cache restored successfully
Build & Public Release	Set up Gradle	2026-02-02T03:42:13.1128525Z Restored cache entry with key gradle-groovy-dsl-v1-562588832d470f1a0afa670b4f766935 to /home/runner/.gradle/caches/*/groovy-dsl/*/ in 836ms
Build & Public Release	Set up Gradle	2026-02-02T03:42:13.4233030Z Received 3288260 of 3288260 (100.0%), 4.2 MBs/sec
Build & Public Release	Set up Gradle	2026-02-02T03:42:13.4234419Z Cache Size: ~3 MB (3288260 B)
Build & Public Release	Set up Gradle	2026-02-02T03:42:13.5467679Z [command]/usr/bin/tar -xf /home/runner/work/_temp/283ae629-2b63-40a4-97b3-c731f492a826/cache.tzst -P -C /home/runner/work/AniZen/AniZen --use-compress-program unzstd
Build & Public Release	Set up Gradle	2026-02-02T03:42:13.6660707Z Received 41092997 of 41092997 (100.0%), 40.0 MBs/sec
Build & Public Release	Set up Gradle	2026-02-02T03:42:13.6662938Z Cache Size: ~39 MB (41092997 B)
Build & Public Release	Set up Gradle	2026-02-02T03:42:13.6874923Z Received 41943040 of 1329661357 (3.2%), 39.0 MBs/sec
Build & Public Release	Set up Gradle	2026-02-02T03:42:13.7217869Z Received 41943040 of 136706942 (30.7%), 39.2 MBs/sec
Build & Public Release	Set up Gradle	2026-02-02T03:42:13.7220106Z Received 37748736 of 688624236 (5.5%), 35.8 MBs/sec
Build & Public Release	Set up Gradle	2026-02-02T03:42:13.9117750Z [command]/usr/bin/tar -xf /home/runner/work/_temp/cf673657-dde9-42fb-9816-4b6987abbe6e/cache.tzst -P -C /home/runner/work/AniZen/AniZen --use-compress-program unzstd
Build & Public Release	Set up Gradle	2026-02-02T03:42:14.2753446Z Cache restored successfully
Build & Public Release	Set up Gradle	2026-02-02T03:42:14.2864865Z Restored cache entry with key gradle-generated-gradle-jars-v1-4434c59050703a48bf14168622b59891 to /home/runner/.gradle/caches/8.14.3/generated-gradle-jars/gradle-api-8.14.3.jar in 2012ms
Build & Public Release	Set up Gradle	2026-02-02T03:42:14.4960356Z Cache restored successfully
Build & Public Release	Set up Gradle	2026-02-02T03:42:14.5064380Z Restored cache entry with key gradle-kotlin-dsl-v1-900d09f8bd24a77c702d5ecbbfd928b0 to /home/runner/.gradle/caches/*/kotlin-dsl/accessors/*/,/home/runner/.gradle/caches/*/kotlin-dsl/scripts/*/ in 2229ms
Build & Public Release	Set up Gradle	2026-02-02T03:42:14.7244314Z Received 134217728 of 1329661357 (10.1%), 62.0 MBs/sec
Build & Public Release	Set up Gradle	2026-02-02T03:42:14.7245409Z Received 134217728 of 136706942 (98.2%), 63.3 MBs/sec
Build & Public Release	Set up Gradle	2026-02-02T03:42:14.7246544Z Received 134217728 of 688624236 (19.5%), 63.7 MBs/sec
Build & Public Release	Set up Gradle	2026-02-02T03:42:14.7802623Z Received 136706942 of 136706942 (100.0%), 62.7 MBs/sec
Build & Public Release	Set up Gradle	2026-02-02T03:42:14.7806088Z Cache Size: ~130 MB (136706942 B)
Build & Public Release	Set up Gradle	2026-02-02T03:42:14.7845750Z [command]/usr/bin/tar -xf /home/runner/work/_temp/8484fc7b-9886-4886-bb5e-93db575e77e3/cache.tzst -P -C /home/runner/work/AniZen/AniZen --use-compress-program unzstd
Build & Public Release	Set up Gradle	2026-02-02T03:42:15.0428477Z Cache restored successfully
Build & Public Release	Set up Gradle	2026-02-02T03:42:15.0588706Z Restored cache entry with key gradle-wrapper-zips-v1-5ae5d3da5e8e0c748d04bcdd9bc97bdb to /home/runner/.gradle/wrapper/dists/gradle-8.14.3-bin/cv11ve7ro1n3o1j4so8xd9n66 in 2783ms
Build & Public Release	Set up Gradle	2026-02-02T03:42:15.7274251Z Received 272629760 of 1329661357 (20.5%), 84.8 MBs/sec
Build & Public Release	Set up Gradle	2026-02-02T03:42:15.7275356Z Received 260046848 of 688624236 (37.8%), 82.4 MBs/sec
Build & Public Release	Set up Gradle	2026-02-02T03:42:16.7271893Z Received 436207616 of 1329661357 (32.8%), 102.3 MBs/sec
Build & Public Release	Set up Gradle	2026-02-02T03:42:16.7274261Z Received 360710144 of 688624236 (52.4%), 85.8 MBs/sec
Build & Public Release	Set up Gradle	2026-02-02T03:42:17.7272295Z Received 595591168 of 1329661357 (44.8%), 112.1 MBs/sec
Build & Public Release	Set up Gradle	2026-02-02T03:42:17.7273574Z Received 499122176 of 688624236 (72.5%), 95.0 MBs/sec
Build & Public Release	Set up Gradle	2026-02-02T03:42:18.7273539Z Received 729808896 of 1329661357 (54.9%), 114.7 MBs/sec
Build & Public Release	Set up Gradle	2026-02-02T03:42:18.7275743Z Received 645922816 of 688624236 (93.8%), 102.5 MBs/sec
Build & Public Release	Set up Gradle	2026-02-02T03:42:19.0966186Z Received 688624236 of 688624236 (100.0%), 102.9 MBs/sec
Build & Public Release	Set up Gradle	2026-02-02T03:42:19.0969052Z Cache Size: ~657 MB (688624236 B)
Build & Public Release	Set up Gradle	2026-02-02T03:42:19.0997669Z [command]/usr/bin/tar -xf /home/runner/work/_temp/c1351652-9ef5-434d-8e8f-be5dea514ffc/cache.tzst -P -C /home/runner/work/AniZen/AniZen --use-compress-program unzstd
Build & Public Release	Set up Gradle	2026-02-02T03:42:19.7282879Z Received 893386752 of 1329661357 (67.2%), 120.6 MBs/sec
Build & Public Release	Set up Gradle	2026-02-02T03:42:20.2445066Z Cache restored successfully
Build & Public Release	Set up Gradle	2026-02-02T03:42:20.3279883Z Restored cache entry with key gradle-dependencies-v1-b3ba458e98787b341f020e1a58774519 to /home/runner/.gradle/caches/modules-*/files-*/*/*/*/* in 8052ms
Build & Public Release	Set up Gradle	2026-02-02T03:42:20.7542430Z Received 1073741824 of 1329661357 (80.8%), 126.6 MBs/sec
Build & Public Release	Set up Gradle	2026-02-02T03:42:21.7511728Z Received 1254096896 of 1329661357 (94.3%), 131.6 MBs/sec
Build & Public Release	Set up Gradle	2026-02-02T03:42:22.1078220Z Received 1329661357 of 1329661357 (100.0%), 134.2 MBs/sec
Build & Public Release	Set up Gradle	2026-02-02T03:42:22.1080987Z Cache Size: ~1268 MB (1329661357 B)
Build & Public Release	Set up Gradle	2026-02-02T03:42:22.1110379Z [command]/usr/bin/tar -xf /home/runner/work/_temp/ce4c4637-cf3b-4396-9c5a-ee9865311038/cache.tzst -P -C /home/runner/work/AniZen/AniZen --use-compress-program unzstd
Build & Public Release	Set up Gradle	2026-02-02T03:42:32.8953922Z Cache restored successfully
Build & Public Release	Set up Gradle	2026-02-02T03:42:33.0373420Z Restored cache entry with key gradle-transforms-v1-29b6ecf76579b0052284b4e6ec2672a2 to /home/runner/.gradle/caches/transforms-4/*/,/home/runner/.gradle/caches/*/transforms/*/ in 20760ms
Build & Public Release	Set up Gradle	2026-02-02T03:42:33.0575473Z ##[endgroup]
Build & Public Release	Set up Gradle	2026-02-02T03:42:33.1014949Z ##[group]All Gradle Wrapper jars are valid
Build & Public Release	Set up Gradle	2026-02-02T03:42:33.1017734Z âœ“ Found known Gradle Wrapper JAR files:
Build & Public Release	Set up Gradle	2026-02-02T03:42:33.1018497Z   7d3a4ac4de1c32b59bc6a4eb8ecb8e612ccd0cf1ae1e99f66902da64df296172 gradle/wrapper/gradle-wrapper.jar
Build & Public Release	Set up Gradle	2026-02-02T03:42:33.1019513Z ##[endgroup]
Build & Public Release	Run Code Analysis (Detekt)	ï»¿2026-02-02T03:42:33.1533091Z ##[group]Run ./gradlew detekt --no-daemon
Build & Public Release	Run Code Analysis (Detekt)	2026-02-02T03:42:33.1533931Z [36;1m./gradlew detekt --no-daemon[0m
Build & Public Release	Run Code Analysis (Detekt)	2026-02-02T03:42:33.1556279Z shell: /usr/bin/bash -e {0}
Build & Public Release	Run Code Analysis (Detekt)	2026-02-02T03:42:33.1556770Z env:
Build & Public Release	Run Code Analysis (Detekt)	2026-02-02T03:42:33.1557225Z   JAVA_HOME: /opt/hostedtoolcache/Java_Temurin-Hotspot_jdk/17.0.18-8/x64
Build & Public Release	Run Code Analysis (Detekt)	2026-02-02T03:42:33.1557840Z   JAVA_HOME_17_X64: /opt/hostedtoolcache/Java_Temurin-Hotspot_jdk/17.0.18-8/x64
Build & Public Release	Run Code Analysis (Detekt)	2026-02-02T03:42:33.1558369Z   GRADLE_ACTION_ID: gradle/actions/setup-gradle
Build & Public Release	Run Code Analysis (Detekt)	2026-02-02T03:42:33.1558813Z   GRADLE_USER_HOME: /home/runner/.gradle
Build & Public Release	Run Code Analysis (Detekt)	2026-02-02T03:42:33.1559234Z   GRADLE_BUILD_ACTION_SETUP_COMPLETED: true
Build & Public Release	Run Code Analysis (Detekt)	2026-02-02T03:42:33.1559637Z   GRADLE_BUILD_ACTION_CACHE_RESTORED: true
Build & Public Release	Run Code Analysis (Detekt)	2026-02-02T03:42:33.1560180Z   DEVELOCITY_INJECTION_INIT_SCRIPT_NAME: gradle-actions.inject-develocity.init.gradle
Build & Public Release	Run Code Analysis (Detekt)	2026-02-02T03:42:33.1560805Z   DEVELOCITY_INJECTION_CUSTOM_VALUE: gradle-actions
Build & Public Release	Run Code Analysis (Detekt)	2026-02-02T03:42:33.1561222Z   GITHUB_DEPENDENCY_GRAPH_ENABLED: false
Build & Public Release	Run Code Analysis (Detekt)	2026-02-02T03:42:33.1561616Z ##[endgroup]
Build & Public Release	Run Code Analysis (Detekt)	2026-02-02T03:42:35.0362357Z To honour the JVM settings for this build a single-use Daemon process will be forked. For more on this, please refer to https://docs.gradle.org/8.14.3/userguide/gradle_daemon.html#sec:disabling_the_daemon in the Gradle documentation.
Build & Public Release	Run Code Analysis (Detekt)	2026-02-02T03:42:36.7349747Z Daemon will be stopped at the end of the build 
Build & Public Release	Run Code Analysis (Detekt)	2026-02-02T03:42:37.1364850Z Configuration on demand is an incubating feature.
Build & Public Release	Run Code Analysis (Detekt)	2026-02-02T03:42:41.8352292Z Type-safe project accessors is an incubating feature.
Build & Public Release	Run Code Analysis (Detekt)	2026-02-02T03:42:45.5362198Z > Task :buildSrc:checkKotlinGradlePluginConfigurationErrors SKIPPED
Build & Public Release	Run Code Analysis (Detekt)	2026-02-02T03:42:45.7350701Z > Task :buildSrc:generateExternalPluginSpecBuilders FROM-CACHE
Build & Public Release	Run Code Analysis (Detekt)	2026-02-02T03:42:45.7354513Z > Task :buildSrc:extractPrecompiledScriptPluginPlugins FROM-CACHE
Build & Public Release	Run Code Analysis (Detekt)	2026-02-02T03:42:45.9373153Z > Task :buildSrc:compilePluginsBlocks FROM-CACHE
Build & Public Release	Run Code Analysis (Detekt)	2026-02-02T03:42:46.2364783Z > Task :buildSrc:generatePrecompiledScriptPluginAccessors FROM-CACHE
Build & Public Release	Run Code Analysis (Detekt)	2026-02-02T03:42:46.2368133Z > Task :buildSrc:generateScriptPluginAdapters FROM-CACHE
Build & Public Release	Run Code Analysis (Detekt)	2026-02-02T03:42:46.7365935Z > Task :buildSrc:compileKotlin FROM-CACHE
Build & Public Release	Run Code Analysis (Detekt)	2026-02-02T03:42:46.7369605Z > Task :buildSrc:compileJava NO-SOURCE
Build & Public Release	Run Code Analysis (Detekt)	2026-02-02T03:42:46.7370201Z > Task :buildSrc:compileGroovy NO-SOURCE
Build & Public Release	Run Code Analysis (Detekt)	2026-02-02T03:42:46.7370760Z > Task :buildSrc:pluginDescriptors
Build & Public Release	Run Code Analysis (Detekt)	2026-02-02T03:42:46.8353057Z > Task :buildSrc:processResources
Build & Public Release	Run Code Analysis (Detekt)	2026-02-02T03:42:46.8359237Z > Task :buildSrc:classes
Build & Public Release	Run Code Analysis (Detekt)	2026-02-02T03:42:47.1349178Z > Task :buildSrc:jar
Build & Public Release	Run Code Analysis (Detekt)	2026-02-02T03:42:55.0360666Z > Task :detekt NO-SOURCE
Build & Public Release	Run Code Analysis (Detekt)	2026-02-02T03:42:55.1349025Z gradle/actions: Writing build results to /home/runner/work/_temp/.gradle-actions/build-results/__run-1770003759906.json
Build & Public Release	Run Code Analysis (Detekt)	2026-02-02T03:42:55.1352336Z 
Build & Public Release	Run Code Analysis (Detekt)	2026-02-02T03:42:55.1355506Z [Incubating] Problems report is available at: file:///home/runner/work/AniZen/AniZen/build/reports/problems/problems-report.html
Build & Public Release	Run Code Analysis (Detekt)	2026-02-02T03:42:55.1357360Z 
Build & Public Release	Run Code Analysis (Detekt)	2026-02-02T03:42:55.1358617Z Deprecated Gradle features were used in this build, making it incompatible with Gradle 9.0.
Build & Public Release	Run Code Analysis (Detekt)	2026-02-02T03:42:55.1362245Z 
Build & Public Release	Run Code Analysis (Detekt)	2026-02-02T03:42:55.1365256Z You can use '--warning-mode all' to show the individual deprecation warnings and determine if they come from your own scripts or plugins.
Build & Public Release	Run Code Analysis (Detekt)	2026-02-02T03:42:55.1366247Z 
Build & Public Release	Run Code Analysis (Detekt)	2026-02-02T03:42:55.1367109Z For more on this, please refer to https://docs.gradle.org/8.14.3/userguide/command_line_interface.html#sec:command_line_warnings in the Gradle documentation.
Build & Public Release	Run Code Analysis (Detekt)	2026-02-02T03:42:55.1368140Z 
Build & Public Release	Run Code Analysis (Detekt)	2026-02-02T03:42:55.1368400Z BUILD SUCCESSFUL in 21s
Build & Public Release	Run Code Analysis (Detekt)	2026-02-02T03:42:55.1368891Z 9 actionable tasks: 3 executed, 6 from cache
Build & Public Release	Build Release APK	ï»¿2026-02-02T03:42:55.3238935Z ##[group]Run ./gradlew assembleRelease -Pinclude-telemetry=false -Penable-updater=false --no-daemon
Build & Public Release	Build Release APK	2026-02-02T03:42:55.3239733Z [36;1m./gradlew assembleRelease -Pinclude-telemetry=false -Penable-updater=false --no-daemon[0m
Build & Public Release	Build Release APK	2026-02-02T03:42:55.3258761Z shell: /usr/bin/bash -e {0}
Build & Public Release	Build Release APK	2026-02-02T03:42:55.3259059Z env:
Build & Public Release	Build Release APK	2026-02-02T03:42:55.3259390Z   JAVA_HOME: /opt/hostedtoolcache/Java_Temurin-Hotspot_jdk/17.0.18-8/x64
Build & Public Release	Build Release APK	2026-02-02T03:42:55.3259881Z   JAVA_HOME_17_X64: /opt/hostedtoolcache/Java_Temurin-Hotspot_jdk/17.0.18-8/x64
Build & Public Release	Build Release APK	2026-02-02T03:42:55.3260325Z   GRADLE_ACTION_ID: gradle/actions/setup-gradle
Build & Public Release	Build Release APK	2026-02-02T03:42:55.3260649Z   GRADLE_USER_HOME: /home/runner/.gradle
Build & Public Release	Build Release APK	2026-02-02T03:42:55.3260952Z   GRADLE_BUILD_ACTION_SETUP_COMPLETED: true
Build & Public Release	Build Release APK	2026-02-02T03:42:55.3261264Z   GRADLE_BUILD_ACTION_CACHE_RESTORED: true
Build & Public Release	Build Release APK	2026-02-02T03:42:55.3261709Z   DEVELOCITY_INJECTION_INIT_SCRIPT_NAME: gradle-actions.inject-develocity.init.gradle
Build & Public Release	Build Release APK	2026-02-02T03:42:55.3262180Z   DEVELOCITY_INJECTION_CUSTOM_VALUE: gradle-actions
Build & Public Release	Build Release APK	2026-02-02T03:42:55.3262574Z   GITHUB_DEPENDENCY_GRAPH_ENABLED: false
Build & Public Release	Build Release APK	2026-02-02T03:42:55.3262864Z ##[endgroup]
Build & Public Release	Build Release APK	2026-02-02T03:42:55.9969961Z To honour the JVM settings for this build a single-use Daemon process will be forked. For more on this, please refer to https://docs.gradle.org/8.14.3/userguide/gradle_daemon.html#sec:disabling_the_daemon in the Gradle documentation.
Build & Public Release	Build Release APK	2026-02-02T03:42:56.9971571Z Daemon will be stopped at the end of the build 
Build & Public Release	Build Release APK	2026-02-02T03:42:57.2945784Z Configuration on demand is an incubating feature.
Build & Public Release	Build Release APK	2026-02-02T03:43:00.5946269Z Type-safe project accessors is an incubating feature.
Build & Public Release	Build Release APK	2026-02-02T03:43:03.9963384Z > Task :buildSrc:checkKotlinGradlePluginConfigurationErrors SKIPPED
Build & Public Release	Build Release APK	2026-02-02T03:43:04.1958209Z > Task :buildSrc:generateExternalPluginSpecBuilders UP-TO-DATE
Build & Public Release	Build Release APK	2026-02-02T03:43:04.1964515Z > Task :buildSrc:extractPrecompiledScriptPluginPlugins UP-TO-DATE
Build & Public Release	Build Release APK	2026-02-02T03:43:04.3958782Z > Task :buildSrc:compilePluginsBlocks UP-TO-DATE
Build & Public Release	Build Release APK	2026-02-02T03:43:04.6945321Z > Task :buildSrc:generatePrecompiledScriptPluginAccessors UP-TO-DATE
Build & Public Release	Build Release APK	2026-02-02T03:43:04.6951760Z > Task :buildSrc:generateScriptPluginAdapters UP-TO-DATE
Build & Public Release	Build Release APK	2026-02-02T03:43:05.0008643Z > Task :buildSrc:compileKotlin UP-TO-DATE
Build & Public Release	Build Release APK	2026-02-02T03:43:05.0039128Z > Task :buildSrc:compileJava NO-SOURCE
Build & Public Release	Build Release APK	2026-02-02T03:43:05.0040430Z > Task :buildSrc:compileGroovy NO-SOURCE
Build & Public Release	Build Release APK	2026-02-02T03:43:05.0055629Z > Task :buildSrc:pluginDescriptors UP-TO-DATE
Build & Public Release	Build Release APK	2026-02-02T03:43:05.0056274Z > Task :buildSrc:processResources UP-TO-DATE
Build & Public Release	Build Release APK	2026-02-02T03:43:05.0056826Z > Task :buildSrc:classes UP-TO-DATE
Build & Public Release	Build Release APK	2026-02-02T03:43:05.0057303Z > Task :buildSrc:jar UP-TO-DATE
Build & Public Release	Build Release APK	2026-02-02T03:43:15.7947421Z > Task :domain:preBuild UP-TO-DATE
Build & Public Release	Build Release APK	2026-02-02T03:43:15.7958145Z > Task :core-metadata:preBuild UP-TO-DATE
Build & Public Release	Build Release APK	2026-02-02T03:43:15.7970066Z > Task :data:preBuild UP-TO-DATE
Build & Public Release	Build Release APK	2026-02-02T03:43:15.7971694Z > Task :core-metadata:preReleaseBuild UP-TO-DATE
Build & Public Release	Build Release APK	2026-02-02T03:43:15.8022786Z > Task :data:preReleaseBuild UP-TO-DATE
Build & Public Release	Build Release APK	2026-02-02T03:43:15.8024998Z > Task :domain:preReleaseBuild UP-TO-DATE
Build & Public Release	Build Release APK	2026-02-02T03:43:15.8025945Z > Task :app:preBuild UP-TO-DATE
Build & Public Release	Build Release APK	2026-02-02T03:43:15.8031376Z > Task :app:preReleaseBuild UP-TO-DATE
Build & Public Release	Build Release APK	2026-02-02T03:43:15.9974864Z > Task :domain:mergeReleaseJniLibFolders
Build & Public Release	Build Release APK	2026-02-02T03:43:15.9975861Z > Task :data:mergeReleaseJniLibFolders
Build & Public Release	Build Release APK	2026-02-02T03:43:15.9980748Z > Task :app:mergeReleaseJniLibFolders
Build & Public Release	Build Release APK	2026-02-02T03:43:15.9981746Z > Task :core-metadata:mergeReleaseJniLibFolders
Build & Public Release	Build Release APK	2026-02-02T03:43:15.9985130Z > Task :data:mergeReleaseNativeLibs NO-SOURCE
Build & Public Release	Build Release APK	2026-02-02T03:43:15.9986710Z > Task :domain:mergeReleaseNativeLibs NO-SOURCE
Build & Public Release	Build Release APK	2026-02-02T03:43:15.9987395Z > Task :flagkit:preBuild UP-TO-DATE
Build & Public Release	Build Release APK	2026-02-02T03:43:15.9987986Z > Task :flagkit:preReleaseBuild UP-TO-DATE
Build & Public Release	Build Release APK	2026-02-02T03:43:15.9988666Z > Task :core-metadata:mergeReleaseNativeLibs NO-SOURCE
Build & Public Release	Build Release APK	2026-02-02T03:43:15.9989384Z > Task :domain:copyReleaseJniLibsProjectOnly
Build & Public Release	Build Release APK	2026-02-02T03:43:15.9990015Z > Task :i18n:generateLocalesConfig UP-TO-DATE
Build & Public Release	Build Release APK	2026-02-02T03:43:15.9990716Z > Task :data:copyReleaseJniLibsProjectOnly
Build & Public Release	Build Release APK	2026-02-02T03:43:15.9992663Z > Task :core-metadata:copyReleaseJniLibsProjectOnly
Build & Public Release	Build Release APK	2026-02-02T03:43:15.9993717Z > Task :flagkit:mergeReleaseJniLibFolders
Build & Public Release	Build Release APK	2026-02-02T03:43:15.9994673Z > Task :flagkit:mergeReleaseNativeLibs NO-SOURCE
Build & Public Release	Build Release APK	2026-02-02T03:43:16.0970206Z > Task :flagkit:copyReleaseJniLibsProjectOnly
Build & Public Release	Build Release APK	2026-02-02T03:43:16.1949200Z > Task :i18n-kmk:generateMRcommonMain FROM-CACHE
Build & Public Release	Build Release APK	2026-02-02T03:43:16.1952281Z > Task :i18n-sy:generateMRcommonMain FROM-CACHE
Build & Public Release	Build Release APK	2026-02-02T03:43:16.1955221Z > Task :i18n-ank:generateMRcommonMain FROM-CACHE
Build & Public Release	Build Release APK	2026-02-02T03:43:16.1967504Z > Task :i18n-kmk:generateMRandroidDebug SKIPPED
Build & Public Release	Build Release APK	2026-02-02T03:43:16.1970205Z > Task :i18n-ank:generateMRandroidDebug SKIPPED
Build & Public Release	Build Release APK	2026-02-02T03:43:16.1972649Z > Task :i18n-sy:generateMRandroidDebug SKIPPED
Build & Public Release	Build Release APK	2026-02-02T03:43:16.2994678Z > Task :i18n-kmk:generateMRandroidInstrumentedTest FROM-CACHE
Build & Public Release	Build Release APK	2026-02-02T03:43:16.3004489Z > Task :i18n-kmk:generateMRandroidInstrumentedTestDebug SKIPPED
Build & Public Release	Build Release APK	2026-02-02T03:43:16.3005827Z > Task :i18n-sy:generateMRandroidInstrumentedTest FROM-CACHE
Build & Public Release	Build Release APK	2026-02-02T03:43:16.3016433Z > Task :i18n-ank:generateMRandroidInstrumentedTest FROM-CACHE
Build & Public Release	Build Release APK	2026-02-02T03:43:16.3021919Z > Task :i18n-ank:generateMRandroidInstrumentedTestDebug SKIPPED
Build & Public Release	Build Release APK	2026-02-02T03:43:16.3029188Z > Task :i18n-sy:generateMRandroidInstrumentedTestDebug SKIPPED
Build & Public Release	Build Release APK	2026-02-02T03:43:16.3030587Z > Task :i18n:generateMRcommonMain FROM-CACHE
Build & Public Release	Build Release APK	2026-02-02T03:43:16.3031099Z > Task :i18n:generateMRandroidDebug SKIPPED
Build & Public Release	Build Release APK	2026-02-02T03:43:16.3031725Z > Task :i18n:generateMRandroidInstrumentedTest FROM-CACHE
Build & Public Release	Build Release APK	2026-02-02T03:43:16.3032367Z > Task :i18n:generateMRandroidInstrumentedTestDebug SKIPPED
Build & Public Release	Build Release APK	2026-02-02T03:43:16.3032955Z > Task :i18n-kmk:generateMRandroidMain FROM-CACHE
Build & Public Release	Build Release APK	2026-02-02T03:43:16.3033668Z > Task :i18n-kmk:generateMRandroidRelease SKIPPED
Build & Public Release	Build Release APK	2026-02-02T03:43:16.3987924Z > Task :i18n-ank:generateMRandroidMain FROM-CACHE
Build & Public Release	Build Release APK	2026-02-02T03:43:16.3989121Z > Task :i18n-ank:generateMRandroidRelease SKIPPED
Build & Public Release	Build Release APK	2026-02-02T03:43:16.3989928Z > Task :i18n-sy:generateMRandroidMain FROM-CACHE
Build & Public Release	Build Release APK	2026-02-02T03:43:16.3992286Z > Task :i18n-sy:generateMRandroidRelease SKIPPED
Build & Public Release	Build Release APK	2026-02-02T03:43:16.3993067Z > Task :i18n-kmk:generateMRcommonTest FROM-CACHE
Build & Public Release	Build Release APK	2026-02-02T03:43:16.3993947Z > Task :i18n-sy:generateMRcommonTest FROM-CACHE
Build & Public Release	Build Release APK	2026-02-02T03:43:16.3996195Z > Task :i18n-ank:generateMRcommonTest FROM-CACHE
Build & Public Release	Build Release APK	2026-02-02T03:43:16.3996972Z > Task :i18n-sy:generateMRandroidUnitTest FROM-CACHE
Build & Public Release	Build Release APK	2026-02-02T03:43:16.3998619Z > Task :i18n-sy:generateMRandroidUnitTestDebug SKIPPED
Build & Public Release	Build Release APK	2026-02-02T03:43:16.4041760Z > Task :i18n-sy:generateMRandroidUnitTestRelease SKIPPED
Build & Public Release	Build Release APK	2026-02-02T03:43:16.4042927Z > Task :i18n-sy:preBuild UP-TO-DATE
Build & Public Release	Build Release APK	2026-02-02T03:43:16.4044017Z > Task :i18n-sy:preReleaseBuild UP-TO-DATE
Build & Public Release	Build Release APK	2026-02-02T03:43:16.4044793Z > Task :i18n-kmk:generateMRandroidUnitTest FROM-CACHE
Build & Public Release	Build Release APK	2026-02-02T03:43:16.4045521Z > Task :i18n-kmk:generateMRandroidUnitTestDebug SKIPPED
Build & Public Release	Build Release APK	2026-02-02T03:43:16.4047419Z > Task :i18n-kmk:generateMRandroidUnitTestRelease SKIPPED
Build & Public Release	Build Release APK	2026-02-02T03:43:16.4048029Z > Task :i18n-kmk:preBuild UP-TO-DATE
Build & Public Release	Build Release APK	2026-02-02T03:43:16.4048554Z > Task :i18n-kmk:preReleaseBuild UP-TO-DATE
Build & Public Release	Build Release APK	2026-02-02T03:43:16.4049132Z > Task :i18n-ank:generateMRandroidUnitTest FROM-CACHE
Build & Public Release	Build Release APK	2026-02-02T03:43:16.4049735Z > Task :i18n-ank:generateMRandroidUnitTestDebug SKIPPED
Build & Public Release	Build Release APK	2026-02-02T03:43:16.4050324Z > Task :i18n-sy:mergeReleaseJniLibFolders
Build & Public Release	Build Release APK	2026-02-02T03:43:16.4050962Z > Task :i18n-ank:generateMRandroidUnitTestRelease SKIPPED
Build & Public Release	Build Release APK	2026-02-02T03:43:16.4051517Z > Task :i18n-ank:preBuild UP-TO-DATE
Build & Public Release	Build Release APK	2026-02-02T03:43:16.4051973Z > Task :i18n-ank:preReleaseBuild UP-TO-DATE
Build & Public Release	Build Release APK	2026-02-02T03:43:16.4052469Z > Task :i18n-sy:mergeReleaseNativeLibs NO-SOURCE
Build & Public Release	Build Release APK	2026-02-02T03:43:16.4052977Z > Task :i18n-kmk:mergeReleaseJniLibFolders
Build & Public Release	Build Release APK	2026-02-02T03:43:16.4053622Z > Task :i18n-kmk:mergeReleaseNativeLibs NO-SOURCE
Build & Public Release	Build Release APK	2026-02-02T03:43:16.4054146Z > Task :i18n-sy:copyReleaseJniLibsProjectOnly
Build & Public Release	Build Release APK	2026-02-02T03:43:16.4054680Z > Task :presentation-core:preBuild UP-TO-DATE
Build & Public Release	Build Release APK	2026-02-02T03:43:16.4055166Z > Task :i18n-ank:mergeReleaseJniLibFolders
Build & Public Release	Build Release APK	2026-02-02T03:43:16.4055739Z > Task :presentation-core:preReleaseBuild UP-TO-DATE
Build & Public Release	Build Release APK	2026-02-02T03:43:16.4056564Z > Task :i18n-kmk:copyReleaseJniLibsProjectOnly
Build & Public Release	Build Release APK	2026-02-02T03:43:16.4057060Z > Task :presentation-widget:preBuild UP-TO-DATE
Build & Public Release	Build Release APK	2026-02-02T03:43:16.4057597Z > Task :presentation-widget:preReleaseBuild UP-TO-DATE
Build & Public Release	Build Release APK	2026-02-02T03:43:16.4058157Z > Task :i18n-ank:mergeReleaseNativeLibs NO-SOURCE
Build & Public Release	Build Release APK	2026-02-02T03:43:16.4955078Z > Task :i18n-ank:copyReleaseJniLibsProjectOnly
Build & Public Release	Build Release APK	2026-02-02T03:43:16.4965805Z > Task :source-api:preBuild UP-TO-DATE
Build & Public Release	Build Release APK	2026-02-02T03:43:16.4968382Z > Task :source-api:preReleaseBuild UP-TO-DATE
Build & Public Release	Build Release APK	2026-02-02T03:43:16.5019660Z > Task :presentation-core:mergeReleaseJniLibFolders
Build & Public Release	Build Release APK	2026-02-02T03:43:16.5020416Z > Task :presentation-widget:mergeReleaseJniLibFolders
Build & Public Release	Build Release APK	2026-02-02T03:43:16.5021100Z > Task :presentation-widget:mergeReleaseNativeLibs NO-SOURCE
Build & Public Release	Build Release APK	2026-02-02T03:43:16.5021876Z > Task :presentation-core:mergeReleaseNativeLibs NO-SOURCE
Build & Public Release	Build Release APK	2026-02-02T03:43:16.5022622Z > Task :presentation-core:copyReleaseJniLibsProjectOnly
Build & Public Release	Build Release APK	2026-02-02T03:43:16.5023472Z > Task :source-local:preBuild UP-TO-DATE
Build & Public Release	Build Release APK	2026-02-02T03:43:16.5024119Z > Task :source-local:preReleaseBuild UP-TO-DATE
Build & Public Release	Build Release APK	2026-02-02T03:43:16.5024733Z > Task :source-api:mergeReleaseJniLibFolders
Build & Public Release	Build Release APK	2026-02-02T03:43:16.5025458Z > Task :presentation-widget:copyReleaseJniLibsProjectOnly
Build & Public Release	Build Release APK	2026-02-02T03:43:16.5026116Z > Task :telemetry:preBuild UP-TO-DATE
Build & Public Release	Build Release APK	2026-02-02T03:43:16.5026684Z > Task :telemetry:preReleaseBuild UP-TO-DATE
Build & Public Release	Build Release APK	2026-02-02T03:43:16.5027670Z > Task :source-api:mergeReleaseNativeLibs NO-SOURCE
Build & Public Release	Build Release APK	2026-02-02T03:43:16.5028449Z > Task :source-api:copyReleaseJniLibsProjectOnly
Build & Public Release	Build Release APK	2026-02-02T03:43:16.5029283Z > Task :telemetry:mergeReleaseJniLibFolders
Build & Public Release	Build Release APK	2026-02-02T03:43:16.5029953Z > Task :source-local:mergeReleaseJniLibFolders
Build & Public Release	Build Release APK	2026-02-02T03:43:16.5030585Z > Task :telemetry:mergeReleaseNativeLibs NO-SOURCE
Build & Public Release	Build Release APK	2026-02-02T03:43:16.5031563Z > Task :source-local:mergeReleaseNativeLibs NO-SOURCE
Build & Public Release	Build Release APK	2026-02-02T03:43:16.5032204Z > Task :core:archive:preBuild UP-TO-DATE
Build & Public Release	Build Release APK	2026-02-02T03:43:16.5042644Z > Task :core:archive:preReleaseBuild UP-TO-DATE
Build & Public Release	Build Release APK	2026-02-02T03:43:16.5070220Z > Task :source-local:copyReleaseJniLibsProjectOnly
Build & Public Release	Build Release APK	2026-02-02T03:43:16.5071306Z > Task :telemetry:copyReleaseJniLibsProjectOnly
Build & Public Release	Build Release APK	2026-02-02T03:43:16.5072449Z > Task :core:common:preBuild UP-TO-DATE
Build & Public Release	Build Release APK	2026-02-02T03:43:16.5073142Z > Task :core:common:preReleaseBuild UP-TO-DATE
Build & Public Release	Build Release APK	2026-02-02T03:43:16.5958176Z > Task :core-metadata:prepareReleaseArtProfile
Build & Public Release	Build Release APK	2026-02-02T03:43:16.5976680Z > Task :core:archive:mergeReleaseJniLibFolders
Build & Public Release	Build Release APK	2026-02-02T03:43:16.5978392Z > Task :core:common:mergeReleaseJniLibFolders
Build & Public Release	Build Release APK	2026-02-02T03:43:16.6064766Z > Task :core:archive:mergeReleaseNativeLibs NO-SOURCE
Build & Public Release	Build Release APK	2026-02-02T03:43:16.6065538Z > Task :core:common:mergeReleaseNativeLibs NO-SOURCE
Build & Public Release	Build Release APK	2026-02-02T03:43:16.6066139Z > Task :data:prepareReleaseArtProfile
Build & Public Release	Build Release APK	2026-02-02T03:43:16.6066712Z > Task :core:common:copyReleaseJniLibsProjectOnly
Build & Public Release	Build Release APK	2026-02-02T03:43:16.6067302Z > Task :core:archive:copyReleaseJniLibsProjectOnly
Build & Public Release	Build Release APK	2026-02-02T03:43:16.6068004Z > Task :flagkit:prepareReleaseArtProfile
Build & Public Release	Build Release APK	2026-02-02T03:43:16.6068561Z > Task :i18n-ank:prepareReleaseArtProfile
Build & Public Release	Build Release APK	2026-02-02T03:43:16.6069143Z > Task :domain:prepareReleaseArtProfile
Build & Public Release	Build Release APK	2026-02-02T03:43:16.6069673Z > Task :i18n-kmk:prepareReleaseArtProfile
Build & Public Release	Build Release APK	2026-02-02T03:43:16.6070251Z > Task :i18n-sy:prepareReleaseArtProfile
Build & Public Release	Build Release APK	2026-02-02T03:43:16.6070856Z > Task :presentation-widget:prepareReleaseArtProfile
Build & Public Release	Build Release APK	2026-02-02T03:43:16.6071542Z > Task :presentation-core:prepareReleaseArtProfile
Build & Public Release	Build Release APK	2026-02-02T03:43:16.6072174Z > Task :source-api:prepareReleaseArtProfile
Build & Public Release	Build Release APK	2026-02-02T03:43:16.6072841Z > Task :i18n:generateMRandroidMain FROM-CACHE
Build & Public Release	Build Release APK	2026-02-02T03:43:16.6073626Z > Task :i18n:generateMRandroidRelease SKIPPED
Build & Public Release	Build Release APK	2026-02-02T03:43:16.6074271Z > Task :telemetry:prepareReleaseArtProfile
Build & Public Release	Build Release APK	2026-02-02T03:43:16.6074885Z > Task :source-local:prepareReleaseArtProfile
Build & Public Release	Build Release APK	2026-02-02T03:43:16.6075704Z > Task :core-metadata:checkKotlinGradlePluginConfigurationErrors SKIPPED
Build & Public Release	Build Release APK	2026-02-02T03:43:16.6076392Z > Task :core:common:prepareReleaseArtProfile
Build & Public Release	Build Release APK	2026-02-02T03:43:16.6076996Z > Task :core:archive:prepareReleaseArtProfile
Build & Public Release	Build Release APK	2026-02-02T03:43:16.6078151Z > Task :core-metadata:generateReleaseResValues FROM-CACHE
Build & Public Release	Build Release APK	2026-02-02T03:43:16.6078873Z > Task :i18n:generateMRcommonTest FROM-CACHE
Build & Public Release	Build Release APK	2026-02-02T03:43:16.6079558Z > Task :i18n-sy:generateReleaseResValues FROM-CACHE
Build & Public Release	Build Release APK	2026-02-02T03:43:16.6080313Z > Task :core-metadata:generateReleaseResources FROM-CACHE
Build & Public Release	Build Release APK	2026-02-02T03:43:16.6081098Z > Task :source-api:generateReleaseResValues FROM-CACHE
Build & Public Release	Build Release APK	2026-02-02T03:43:16.6081664Z > Task :i18n:generateMRandroidUnitTest FROM-CACHE
Build & Public Release	Build Release APK	2026-02-02T03:43:16.6082159Z > Task :i18n:generateMRandroidUnitTestDebug SKIPPED
Build & Public Release	Build Release APK	2026-02-02T03:43:16.6082745Z > Task :i18n-sy:generateReleaseResources FROM-CACHE
Build & Public Release	Build Release APK	2026-02-02T03:43:16.6083483Z > Task :i18n:generateMRandroidUnitTestRelease SKIPPED
Build & Public Release	Build Release APK	2026-02-02T03:43:16.6084082Z > Task :i18n:preBuild UP-TO-DATE
Build & Public Release	Build Release APK	2026-02-02T03:43:16.6084525Z > Task :i18n:preReleaseBuild UP-TO-DATE
Build & Public Release	Build Release APK	2026-02-02T03:43:16.6085019Z > Task :source-api:generateReleaseResources FROM-CACHE
Build & Public Release	Build Release APK	2026-02-02T03:43:16.6960243Z > Task :core-metadata:packageReleaseResources FROM-CACHE
Build & Public Release	Build Release APK	2026-02-02T03:43:16.6961377Z > Task :i18n:mergeReleaseJniLibFolders
Build & Public Release	Build Release APK	2026-02-02T03:43:16.6964753Z > Task :i18n:mergeReleaseNativeLibs NO-SOURCE
Build & Public Release	Build Release APK	2026-02-02T03:43:16.6965640Z > Task :i18n:copyReleaseJniLibsProjectOnly
Build & Public Release	Build Release APK	2026-02-02T03:43:16.6966448Z > Task :source-api:packageReleaseResources FROM-CACHE
Build & Public Release	Build Release APK	2026-02-02T03:43:16.6967113Z > Task :i18n:prepareReleaseArtProfile
Build & Public Release	Build Release APK	2026-02-02T03:43:16.7962533Z > Task :i18n-sy:packageReleaseResources FROM-CACHE
Build & Public Release	Build Release APK	2026-02-02T03:43:16.7964745Z > Task :i18n:generateReleaseResValues FROM-CACHE
Build & Public Release	Build Release APK	2026-02-02T03:43:18.3944784Z > Task :i18n:generateReleaseResources FROM-CACHE
Build & Public Release	Build Release APK	2026-02-02T03:43:18.5951924Z > Task :source-api:parseReleaseLocalResources FROM-CACHE
Build & Public Release	Build Release APK	2026-02-02T03:43:18.5953146Z > Task :i18n-sy:parseReleaseLocalResources FROM-CACHE
Build & Public Release	Build Release APK	2026-02-02T03:43:18.5954088Z > Task :i18n:packageReleaseResources FROM-CACHE
Build & Public Release	Build Release APK	2026-02-02T03:43:18.5954838Z > Task :i18n:parseReleaseLocalResources FROM-CACHE
Build & Public Release	Build Release APK	2026-02-02T03:43:18.5956169Z > Task :i18n:generateReleaseRFile FROM-CACHE
Build & Public Release	Build Release APK	2026-02-02T03:43:18.6970787Z > Task :core:common:generateReleaseResValues FROM-CACHE
Build & Public Release	Build Release APK	2026-02-02T03:43:18.6974204Z > Task :core:common:generateReleaseResources FROM-CACHE
Build & Public Release	Build Release APK	2026-02-02T03:43:18.6976448Z > Task :core:common:packageReleaseResources FROM-CACHE
Build & Public Release	Build Release APK	2026-02-02T03:43:18.6978073Z > Task :core:common:parseReleaseLocalResources FROM-CACHE
Build & Public Release	Build Release APK	2026-02-02T03:43:18.6979716Z > Task :source-api:kmpPartiallyResolvedDependenciesChecker
Build & Public Release	Build Release APK	2026-02-02T03:43:18.6997771Z > Task :source-api:checkKotlinGradlePluginConfigurationErrors SKIPPED
Build & Public Release	Build Release APK	2026-02-02T03:43:18.6998734Z > Task :i18n:kmpPartiallyResolvedDependenciesChecker
Build & Public Release	Build Release APK	2026-02-02T03:43:18.7001757Z > Task :i18n:checkKotlinGradlePluginConfigurationErrors SKIPPED
Build & Public Release	Build Release APK	2026-02-02T03:43:18.7002568Z > Task :core-metadata:parseReleaseLocalResources FROM-CACHE
Build & Public Release	Build Release APK	2026-02-02T03:43:18.7003534Z > Task :core:common:checkKotlinGradlePluginConfigurationErrors SKIPPED
Build & Public Release	Build Release APK	2026-02-02T03:43:18.7978303Z > Task :core:common:javaPreCompileRelease FROM-CACHE
Build & Public Release	Build Release APK	2026-02-02T03:43:18.7981436Z > Task :source-api:javaPreCompileRelease FROM-CACHE
Build & Public Release	Build Release APK	2026-02-02T03:43:18.7985983Z > Task :core-metadata:javaPreCompileRelease FROM-CACHE
Build & Public Release	Build Release APK	2026-02-02T03:43:18.8017240Z > Task :domain:checkKotlinGradlePluginConfigurationErrors SKIPPED
Build & Public Release	Build Release APK	2026-02-02T03:43:18.8018532Z > Task :domain:generateReleaseResValues FROM-CACHE
Build & Public Release	Build Release APK	2026-02-02T03:43:18.8019370Z > Task :domain:generateReleaseResources FROM-CACHE
Build & Public Release	Build Release APK	2026-02-02T03:43:18.8023062Z > Task :domain:packageReleaseResources FROM-CACHE
Build & Public Release	Build Release APK	2026-02-02T03:43:18.8024282Z > Task :domain:parseReleaseLocalResources FROM-CACHE
Build & Public Release	Build Release APK	2026-02-02T03:43:18.8945995Z > Task :i18n-ank:generateReleaseResValues FROM-CACHE
Build & Public Release	Build Release APK	2026-02-02T03:43:18.8991192Z > Task :i18n-ank:generateReleaseResources FROM-CACHE
Build & Public Release	Build Release APK	2026-02-02T03:43:18.9005468Z > Task :i18n-ank:packageReleaseResources FROM-CACHE
Build & Public Release	Build Release APK	2026-02-02T03:43:18.9006748Z > Task :i18n-ank:parseReleaseLocalResources FROM-CACHE
Build & Public Release	Build Release APK	2026-02-02T03:43:18.9008297Z > Task :i18n-ank:generateReleaseRFile FROM-CACHE
Build & Public Release	Build Release APK	2026-02-02T03:43:18.9009785Z > Task :i18n-ank:kmpPartiallyResolvedDependenciesChecker
Build & Public Release	Build Release APK	2026-02-02T03:43:18.9018200Z > Task :i18n-ank:checkKotlinGradlePluginConfigurationErrors SKIPPED
Build & Public Release	Build Release APK	2026-02-02T03:43:18.9967521Z > Task :i18n-sy:generateReleaseRFile FROM-CACHE
Build & Public Release	Build Release APK	2026-02-02T03:43:19.1986508Z > Task :core:common:generateReleaseRFile FROM-CACHE
Build & Public Release	Build Release APK	2026-02-02T03:43:19.2944772Z > Task :i18n-ank:compileReleaseKotlinAndroid FROM-CACHE
Build & Public Release	Build Release APK	2026-02-02T03:43:19.2948565Z > Task :i18n:compileReleaseKotlinAndroid FROM-CACHE
Build & Public Release	Build Release APK	2026-02-02T03:43:19.2949467Z > Task :i18n:javaPreCompileRelease FROM-CACHE
Build & Public Release	Build Release APK	2026-02-02T03:43:19.2950217Z > Task :i18n:compileReleaseJavaWithJavac NO-SOURCE
Build & Public Release	Build Release APK	2026-02-02T03:43:19.4945639Z > Task :source-api:generateReleaseRFile FROM-CACHE
Build & Public Release	Build Release APK	2026-02-02T03:43:19.5944425Z > Task :app:mergeReleaseArtProfile
Build & Public Release	Build Release APK	2026-02-02T03:43:19.5970834Z > Task :i18n:bundleLibCompileToJarRelease
Build & Public Release	Build Release APK	2026-02-02T03:43:19.5971788Z > Task :i18n-sy:kmpPartiallyResolvedDependenciesChecker
Build & Public Release	Build Release APK	2026-02-02T03:43:19.5972718Z > Task :i18n-sy:checkKotlinGradlePluginConfigurationErrors SKIPPED
Build & Public Release	Build Release APK	2026-02-02T03:43:19.5973730Z > Task :core-metadata:generateReleaseRFile FROM-CACHE
Build & Public Release	Build Release APK	2026-02-02T03:43:19.6969131Z > Task :domain:generateReleaseRFile FROM-CACHE
Build & Public Release	Build Release APK	2026-02-02T03:43:19.6970168Z > Task :i18n-ank:javaPreCompileRelease FROM-CACHE
Build & Public Release	Build Release APK	2026-02-02T03:43:19.6970968Z > Task :i18n-ank:compileReleaseJavaWithJavac NO-SOURCE
Build & Public Release	Build Release APK	2026-02-02T03:43:19.6971734Z > Task :i18n-ank:bundleLibCompileToJarRelease
Build & Public Release	Build Release APK	2026-02-02T03:43:19.7945503Z > Task :domain:javaPreCompileRelease FROM-CACHE
Build & Public Release	Build Release APK	2026-02-02T03:43:19.7946514Z > Task :source-local:kmpPartiallyResolvedDependenciesChecker
Build & Public Release	Build Release APK	2026-02-02T03:43:19.7949408Z > Task :source-local:checkKotlinGradlePluginConfigurationErrors SKIPPED
Build & Public Release	Build Release APK	2026-02-02T03:43:19.7950247Z > Task :source-local:generateReleaseResValues FROM-CACHE
Build & Public Release	Build Release APK	2026-02-02T03:43:19.9953118Z > Task :app:mergeReleaseNativeLibs
Build & Public Release	Build Release APK	2026-02-02T03:43:19.9954052Z > Task :core:archive:generateReleaseResValues FROM-CACHE
Build & Public Release	Build Release APK	2026-02-02T03:43:19.9954776Z > Task :core:archive:generateReleaseResources FROM-CACHE
Build & Public Release	Build Release APK	2026-02-02T03:43:20.0970714Z > Task :i18n-sy:compileReleaseKotlinAndroid FROM-CACHE
Build & Public Release	Build Release APK	2026-02-02T03:43:20.0971810Z > Task :i18n-sy:javaPreCompileRelease FROM-CACHE
Build & Public Release	Build Release APK	2026-02-02T03:43:20.0973136Z > Task :i18n-sy:compileReleaseJavaWithJavac NO-SOURCE
Build & Public Release	Build Release APK	2026-02-02T03:43:20.0981735Z > Task :core:archive:packageReleaseResources FROM-CACHE
Build & Public Release	Build Release APK	2026-02-02T03:43:20.0984336Z > Task :core:archive:parseReleaseLocalResources FROM-CACHE
Build & Public Release	Build Release APK	2026-02-02T03:43:20.0985001Z > Task :i18n-sy:bundleLibCompileToJarRelease
Build & Public Release	Build Release APK	2026-02-02T03:43:20.0985627Z > Task :source-local:generateReleaseResources FROM-CACHE
Build & Public Release	Build Release APK	2026-02-02T03:43:20.0986233Z > Task :source-local:packageReleaseResources FROM-CACHE
Build & Public Release	Build Release APK	2026-02-02T03:43:20.0986841Z > Task :source-local:parseReleaseLocalResources FROM-CACHE
Build & Public Release	Build Release APK	2026-02-02T03:43:20.0987431Z > Task :core:archive:generateReleaseRFile FROM-CACHE
Build & Public Release	Build Release APK	2026-02-02T03:43:20.0988123Z > Task :core:archive:checkKotlinGradlePluginConfigurationErrors SKIPPED
Build & Public Release	Build Release APK	2026-02-02T03:43:20.0988835Z > Task :core:archive:javaPreCompileRelease FROM-CACHE
Build & Public Release	Build Release APK	2026-02-02T03:43:20.0989556Z > Task :data:checkKotlinGradlePluginConfigurationErrors SKIPPED
Build & Public Release	Build Release APK	2026-02-02T03:43:20.1946887Z > Task :source-local:generateReleaseRFile FROM-CACHE
Build & Public Release	Build Release APK	2026-02-02T03:43:20.2946375Z > Task :source-local:javaPreCompileRelease FROM-CACHE
Build & Public Release	Build Release APK	2026-02-02T03:43:20.2947935Z > Task :presentation-core:checkKotlinGradlePluginConfigurationErrors SKIPPED
Build & Public Release	Build Release APK	2026-02-02T03:43:20.2949120Z > Task :presentation-core:generateReleaseResValues FROM-CACHE
Build & Public Release	Build Release APK	2026-02-02T03:43:20.2950136Z > Task :presentation-core:generateReleaseResources FROM-CACHE
Build & Public Release	Build Release APK	2026-02-02T03:43:20.2951138Z > Task :presentation-core:packageReleaseResources FROM-CACHE
Build & Public Release	Build Release APK	2026-02-02T03:43:20.2952099Z > Task :data:generateReleaseDatabaseInterface FROM-CACHE
Build & Public Release	Build Release APK	2026-02-02T03:43:20.2953015Z > Task :data:generateReleaseResValues FROM-CACHE
Build & Public Release	Build Release APK	2026-02-02T03:43:20.2954147Z > Task :presentation-core:parseReleaseLocalResources FROM-CACHE
Build & Public Release	Build Release APK	2026-02-02T03:43:20.2955031Z > Task :data:generateReleaseResources FROM-CACHE
Build & Public Release	Build Release APK	2026-02-02T03:43:20.2955860Z > Task :data:packageReleaseResources FROM-CACHE
Build & Public Release	Build Release APK	2026-02-02T03:43:20.2956560Z > Task :data:parseReleaseLocalResources FROM-CACHE
Build & Public Release	Build Release APK	2026-02-02T03:43:20.3967742Z > Task :core:common:compileReleaseKotlin FROM-CACHE
Build & Public Release	Build Release APK	2026-02-02T03:43:20.3968900Z > Task :core:common:compileReleaseJavaWithJavac NO-SOURCE
Build & Public Release	Build Release APK	2026-02-02T03:43:20.3969781Z > Task :core:common:bundleLibCompileToJarRelease
Build & Public Release	Build Release APK	2026-02-02T03:43:20.3970541Z > Task :data:generateReleaseRFile FROM-CACHE
Build & Public Release	Build Release APK	2026-02-02T03:43:20.5946090Z > Task :core:archive:compileReleaseKotlin FROM-CACHE
Build & Public Release	Build Release APK	2026-02-02T03:43:20.5948899Z > Task :core:archive:compileReleaseJavaWithJavac NO-SOURCE
Build & Public Release	Build Release APK	2026-02-02T03:43:20.5953813Z > Task :presentation-core:generateReleaseRFile FROM-CACHE
Build & Public Release	Build Release APK	2026-02-02T03:43:20.5954508Z > Task :data:javaPreCompileRelease FROM-CACHE
Build & Public Release	Build Release APK	2026-02-02T03:43:20.5955117Z > Task :core:archive:bundleLibCompileToJarRelease
Build & Public Release	Build Release APK	2026-02-02T03:43:20.5956491Z > Task :core:archive:mergeReleaseGeneratedProguardFiles
Build & Public Release	Build Release APK	2026-02-02T03:43:20.5957074Z > Task :source-api:compileReleaseKotlinAndroid FROM-CACHE
Build & Public Release	Build Release APK	2026-02-02T03:43:20.6975254Z > Task :core:archive:exportReleaseConsumerProguardFiles
Build & Public Release	Build Release APK	2026-02-02T03:43:20.6976109Z > Task :source-api:compileReleaseJavaWithJavac NO-SOURCE
Build & Public Release	Build Release APK	2026-02-02T03:43:20.6977032Z > Task :presentation-widget:checkKotlinGradlePluginConfigurationErrors SKIPPED
Build & Public Release	Build Release APK	2026-02-02T03:43:20.6978021Z > Task :presentation-widget:generateReleaseResValues FROM-CACHE
Build & Public Release	Build Release APK	2026-02-02T03:43:20.6978825Z > Task :presentation-widget:generateReleaseResources FROM-CACHE
Build & Public Release	Build Release APK	2026-02-02T03:43:20.6979544Z > Task :source-api:bundleLibCompileToJarRelease
Build & Public Release	Build Release APK	2026-02-02T03:43:20.6980267Z > Task :presentation-widget:packageReleaseResources FROM-CACHE
Build & Public Release	Build Release APK	2026-02-02T03:43:20.8947545Z > Task :core-metadata:compileReleaseKotlin FROM-CACHE
Build & Public Release	Build Release APK	2026-02-02T03:43:20.8948663Z > Task :core-metadata:compileReleaseJavaWithJavac NO-SOURCE
Build & Public Release	Build Release APK	2026-02-02T03:43:20.9944429Z > Task :core-metadata:bundleLibCompileToJarRelease
Build & Public Release	Build Release APK	2026-02-02T03:43:20.9978998Z > Task :core-metadata:mergeReleaseGeneratedProguardFiles
Build & Public Release	Build Release APK	2026-02-02T03:43:20.9980174Z > Task :presentation-core:compileReleaseKotlin FROM-CACHE
Build & Public Release	Build Release APK	2026-02-02T03:43:20.9981052Z > Task :core-metadata:exportReleaseConsumerProguardFiles
Build & Public Release	Build Release APK	2026-02-02T03:43:20.9981937Z > Task :presentation-core:javaPreCompileRelease FROM-CACHE
Build & Public Release	Build Release APK	2026-02-02T03:43:20.9982812Z > Task :presentation-core:compileReleaseJavaWithJavac NO-SOURCE
Build & Public Release	Build Release APK	2026-02-02T03:43:20.9984261Z > Task :presentation-widget:parseReleaseLocalResources FROM-CACHE
Build & Public Release	Build Release APK	2026-02-02T03:43:21.0972347Z > Task :presentation-core:bundleLibCompileToJarRelease
Build & Public Release	Build Release APK	2026-02-02T03:43:21.0974330Z > Task :source-api:mergeReleaseGeneratedProguardFiles
Build & Public Release	Build Release APK	2026-02-02T03:43:21.0975554Z > Task :source-api:exportReleaseConsumerProguardFiles
Build & Public Release	Build Release APK	2026-02-02T03:43:21.0977016Z > Task :presentation-core:mergeReleaseGeneratedProguardFiles
Build & Public Release	Build Release APK	2026-02-02T03:43:21.0978003Z > Task :presentation-core:exportReleaseConsumerProguardFiles
Build & Public Release	Build Release APK	2026-02-02T03:43:21.0979053Z > Task :flagkit:checkKotlinGradlePluginConfigurationErrors SKIPPED
Build & Public Release	Build Release APK	2026-02-02T03:43:21.0979978Z > Task :domain:compileReleaseKotlin FROM-CACHE
Build & Public Release	Build Release APK	2026-02-02T03:43:21.0980781Z > Task :domain:compileReleaseJavaWithJavac NO-SOURCE
Build & Public Release	Build Release APK	2026-02-02T03:43:21.0981591Z > Task :flagkit:generateReleaseResValues FROM-CACHE
Build & Public Release	Build Release APK	2026-02-02T03:43:21.1956752Z > Task :presentation-widget:generateReleaseRFile FROM-CACHE
Build & Public Release	Build Release APK	2026-02-02T03:43:21.1958033Z > Task :presentation-widget:javaPreCompileRelease FROM-CACHE
Build & Public Release	Build Release APK	2026-02-02T03:43:21.1958914Z > Task :domain:mergeReleaseGeneratedProguardFiles
Build & Public Release	Build Release APK	2026-02-02T03:43:21.1959725Z > Task :domain:exportReleaseConsumerProguardFiles
Build & Public Release	Build Release APK	2026-02-02T03:43:21.1960501Z > Task :flagkit:generateReleaseResources FROM-CACHE
Build & Public Release	Build Release APK	2026-02-02T03:43:21.2975331Z > Task :domain:bundleLibCompileToJarRelease
Build & Public Release	Build Release APK	2026-02-02T03:43:21.2978574Z > Task :core:common:mergeReleaseGeneratedProguardFiles
Build & Public Release	Build Release APK	2026-02-02T03:43:21.3976518Z > Task :flagkit:packageReleaseResources FROM-CACHE
Build & Public Release	Build Release APK	2026-02-02T03:43:21.3977933Z > Task :source-local:compileReleaseKotlinAndroid FROM-CACHE
Build & Public Release	Build Release APK	2026-02-02T03:43:21.3978859Z > Task :source-local:compileReleaseJavaWithJavac NO-SOURCE
Build & Public Release	Build Release APK	2026-02-02T03:43:21.3979738Z > Task :source-local:mergeReleaseGeneratedProguardFiles
Build & Public Release	Build Release APK	2026-02-02T03:43:21.3980615Z > Task :source-local:exportReleaseConsumerProguardFiles
Build & Public Release	Build Release APK	2026-02-02T03:43:21.3981835Z > Task :flagkit:parseReleaseLocalResources FROM-CACHE
Build & Public Release	Build Release APK	2026-02-02T03:43:21.3982728Z > Task :app:expandReleaseL8ArtProfileWildcards FROM-CACHE
Build & Public Release	Build Release APK	2026-02-02T03:43:21.4963874Z > Task :flagkit:generateReleaseRFile FROM-CACHE
Build & Public Release	Build Release APK	2026-02-02T03:43:21.4966776Z > Task :presentation-widget:compileReleaseKotlin FROM-CACHE
Build & Public Release	Build Release APK	2026-02-02T03:43:21.4969561Z > Task :presentation-widget:compileReleaseJavaWithJavac NO-SOURCE
Build & Public Release	Build Release APK	2026-02-02T03:43:21.5986696Z > Task :presentation-widget:mergeReleaseGeneratedProguardFiles
Build & Public Release	Build Release APK	2026-02-02T03:43:21.5987919Z > Task :flagkit:compileReleaseKotlin FROM-CACHE
Build & Public Release	Build Release APK	2026-02-02T03:43:21.5988698Z > Task :flagkit:javaPreCompileRelease FROM-CACHE
Build & Public Release	Build Release APK	2026-02-02T03:43:21.5989505Z > Task :flagkit:compileReleaseJavaWithJavac NO-SOURCE
Build & Public Release	Build Release APK	2026-02-02T03:43:21.5990301Z > Task :data:compileReleaseKotlin FROM-CACHE
Build & Public Release	Build Release APK	2026-02-02T03:43:21.5991073Z > Task :data:compileReleaseJavaWithJavac NO-SOURCE
Build & Public Release	Build Release APK	2026-02-02T03:43:21.5991849Z > Task :flagkit:mergeReleaseGeneratedProguardFiles
Build & Public Release	Build Release APK	2026-02-02T03:43:21.5992626Z > Task :data:mergeReleaseGeneratedProguardFiles
Build & Public Release	Build Release APK	2026-02-02T03:43:21.6945841Z > Task :flagkit:exportReleaseConsumerProguardFiles
Build & Public Release	Build Release APK	2026-02-02T03:43:21.6948394Z > Task :presentation-widget:exportReleaseConsumerProguardFiles
Build & Public Release	Build Release APK	2026-02-02T03:43:21.6950667Z > Task :data:exportReleaseConsumerProguardFiles
Build & Public Release	Build Release APK	2026-02-02T03:43:21.6953100Z > Task :i18n-kmk:kmpPartiallyResolvedDependenciesChecker
Build & Public Release	Build Release APK	2026-02-02T03:43:21.6955912Z > Task :i18n-kmk:checkKotlinGradlePluginConfigurationErrors SKIPPED
Build & Public Release	Build Release APK	2026-02-02T03:43:21.6958400Z > Task :i18n-kmk:generateReleaseResValues FROM-CACHE
Build & Public Release	Build Release APK	2026-02-02T03:43:21.6959701Z > Task :core:common:exportReleaseConsumerProguardFiles
Build & Public Release	Build Release APK	2026-02-02T03:43:21.6961612Z > Task :i18n:mergeReleaseGeneratedProguardFiles
Build & Public Release	Build Release APK	2026-02-02T03:43:21.6962840Z > Task :i18n-ank:mergeReleaseGeneratedProguardFiles
Build & Public Release	Build Release APK	2026-02-02T03:43:21.6974731Z > Task :i18n:exportReleaseConsumerProguardFiles
Build & Public Release	Build Release APK	2026-02-02T03:43:21.6975708Z > Task :i18n-ank:exportReleaseConsumerProguardFiles
Build & Public Release	Build Release APK	2026-02-02T03:43:21.6976666Z > Task :telemetry:checkKotlinGradlePluginConfigurationErrors SKIPPED
Build & Public Release	Build Release APK	2026-02-02T03:43:21.6977627Z > Task :i18n-sy:mergeReleaseGeneratedProguardFiles
Build & Public Release	Build Release APK	2026-02-02T03:43:21.6978465Z > Task :telemetry:generateReleaseResValues FROM-CACHE
Build & Public Release	Build Release APK	2026-02-02T03:43:21.6980536Z > Task :i18n-sy:exportReleaseConsumerProguardFiles
Build & Public Release	Build Release APK	2026-02-02T03:43:21.7965124Z > Task :telemetry:generateReleaseResources FROM-CACHE
Build & Public Release	Build Release APK	2026-02-02T03:43:21.7966259Z > Task :telemetry:packageReleaseResources FROM-CACHE
Build & Public Release	Build Release APK	2026-02-02T03:43:21.7967044Z > Task :telemetry:parseReleaseLocalResources FROM-CACHE
Build & Public Release	Build Release APK	2026-02-02T03:43:21.7967732Z > Task :telemetry:generateReleaseRFile FROM-CACHE
Build & Public Release	Build Release APK	2026-02-02T03:43:21.8945132Z > Task :app:buildKotlinToolingMetadata
Build & Public Release	Build Release APK	2026-02-02T03:43:21.8945869Z > Task :telemetry:compileReleaseKotlin FROM-CACHE
Build & Public Release	Build Release APK	2026-02-02T03:43:21.8946505Z > Task :telemetry:javaPreCompileRelease FROM-CACHE
Build & Public Release	Build Release APK	2026-02-02T03:43:21.8947179Z > Task :telemetry:compileReleaseJavaWithJavac NO-SOURCE
Build & Public Release	Build Release APK	2026-02-02T03:43:21.8948034Z > Task :telemetry:mergeReleaseGeneratedProguardFiles
Build & Public Release	Build Release APK	2026-02-02T03:43:22.2946878Z > Task :app:stripReleaseDebugSymbols
Build & Public Release	Build Release APK	2026-02-02T03:43:22.2960832Z > Task :i18n-kmk:generateReleaseResources FROM-CACHE
Build & Public Release	Build Release APK	2026-02-02T03:43:22.2961543Z > Task :i18n-kmk:packageReleaseResources FROM-CACHE
Build & Public Release	Build Release APK	2026-02-02T03:43:22.2962275Z > Task :i18n-kmk:parseReleaseLocalResources FROM-CACHE
Build & Public Release	Build Release APK	2026-02-02T03:43:22.2962895Z > Task :i18n-kmk:generateReleaseRFile FROM-CACHE
Build & Public Release	Build Release APK	2026-02-02T03:43:22.3944697Z > Task :i18n-kmk:compileReleaseKotlinAndroid FROM-CACHE
Build & Public Release	Build Release APK	2026-02-02T03:43:22.3945533Z > Task :i18n-kmk:javaPreCompileRelease FROM-CACHE
Build & Public Release	Build Release APK	2026-02-02T03:43:22.3946200Z > Task :i18n-kmk:compileReleaseJavaWithJavac NO-SOURCE
Build & Public Release	Build Release APK	2026-02-02T03:43:22.3947099Z > Task :i18n-kmk:mergeReleaseGeneratedProguardFiles
Build & Public Release	Build Release APK	2026-02-02T03:43:22.3947856Z > Task :i18n-kmk:exportReleaseConsumerProguardFiles
Build & Public Release	Build Release APK	2026-02-02T03:43:22.5004178Z > Task :telemetry:exportReleaseConsumerProguardFiles
Build & Public Release	Build Release APK	2026-02-02T03:43:22.5028015Z > Task :core-metadata:writeReleaseAarMetadata
Build & Public Release	Build Release APK	2026-02-02T03:43:22.5075884Z > Task :data:writeReleaseAarMetadata
Build & Public Release	Build Release APK	2026-02-02T03:43:22.5076934Z > Task :domain:writeReleaseAarMetadata
Build & Public Release	Build Release APK	2026-02-02T03:43:22.5077384Z > Task :flagkit:writeReleaseAarMetadata
Build & Public Release	Build Release APK	2026-02-02T03:43:22.5077818Z > Task :i18n:writeReleaseAarMetadata
Build & Public Release	Build Release APK	2026-02-02T03:43:22.5078251Z > Task :i18n-ank:writeReleaseAarMetadata
Build & Public Release	Build Release APK	2026-02-02T03:43:22.5078736Z > Task :presentation-core:writeReleaseAarMetadata
Build & Public Release	Build Release APK	2026-02-02T03:43:22.5079239Z > Task :i18n-kmk:writeReleaseAarMetadata
Build & Public Release	Build Release APK	2026-02-02T03:43:22.5080376Z > Task :i18n-sy:writeReleaseAarMetadata
Build & Public Release	Build Release APK	2026-02-02T03:43:22.5080898Z > Task :app:extractReleaseNativeSymbolTables FROM-CACHE
Build & Public Release	Build Release APK	2026-02-02T03:43:22.5081430Z > Task :source-api:writeReleaseAarMetadata
Build & Public Release	Build Release APK	2026-02-02T03:43:22.5081937Z > Task :presentation-widget:writeReleaseAarMetadata
Build & Public Release	Build Release APK	2026-02-02T03:43:22.5082517Z > Task :app:mergeReleaseNativeDebugMetadata NO-SOURCE
Build & Public Release	Build Release APK	2026-02-02T03:43:22.5083187Z > Task :app:checkKotlinGradlePluginConfigurationErrors SKIPPED
Build & Public Release	Build Release APK	2026-02-02T03:43:22.5083974Z > Task :telemetry:writeReleaseAarMetadata
Build & Public Release	Build Release APK	2026-02-02T03:43:22.5974514Z > Task :source-local:writeReleaseAarMetadata
Build & Public Release	Build Release APK	2026-02-02T03:43:22.5975952Z > Task :core:archive:writeReleaseAarMetadata
Build & Public Release	Build Release APK	2026-02-02T03:43:22.5976608Z > Task :core:common:writeReleaseAarMetadata
Build & Public Release	Build Release APK	2026-02-02T03:43:22.5977332Z > Task :core-metadata:extractDeepLinksRelease FROM-CACHE
Build & Public Release	Build Release APK	2026-02-02T03:43:22.5978040Z > Task :data:extractDeepLinksRelease FROM-CACHE
Build & Public Release	Build Release APK	2026-02-02T03:43:22.5978729Z > Task :core-metadata:processReleaseManifest FROM-CACHE
Build & Public Release	Build Release APK	2026-02-02T03:43:22.5979431Z > Task :domain:extractDeepLinksRelease FROM-CACHE
Build & Public Release	Build Release APK	2026-02-02T03:43:22.5980171Z > Task :data:processReleaseManifest FROM-CACHE
Build & Public Release	Build Release APK	2026-02-02T03:43:22.5980873Z > Task :flagkit:extractDeepLinksRelease FROM-CACHE
Build & Public Release	Build Release APK	2026-02-02T03:43:22.5981546Z > Task :domain:processReleaseManifest FROM-CACHE
Build & Public Release	Build Release APK	2026-02-02T03:43:22.5982158Z > Task :app:checkReleaseDuplicateClasses
Build & Public Release	Build Release APK	2026-02-02T03:43:22.5982794Z > Task :i18n-ank:extractDeepLinksRelease FROM-CACHE
Build & Public Release	Build Release APK	2026-02-02T03:43:22.5983604Z > Task :flagkit:processReleaseManifest FROM-CACHE
Build & Public Release	Build Release APK	2026-02-02T03:43:22.5984249Z > Task :i18n:extractDeepLinksRelease FROM-CACHE
Build & Public Release	Build Release APK	2026-02-02T03:43:22.6980495Z > Task :i18n-kmk:extractDeepLinksRelease FROM-CACHE
Build & Public Release	Build Release APK	2026-02-02T03:43:22.6983664Z > Task :i18n-ank:processReleaseManifest FROM-CACHE
Build & Public Release	Build Release APK	2026-02-02T03:43:22.6984904Z > Task :i18n:processReleaseManifest FROM-CACHE
Build & Public Release	Build Release APK	2026-02-02T03:43:22.6985581Z > Task :i18n-sy:extractDeepLinksRelease FROM-CACHE
Build & Public Release	Build Release APK	2026-02-02T03:43:22.6986381Z > Task :presentation-core:extractDeepLinksRelease FROM-CACHE
Build & Public Release	Build Release APK	2026-02-02T03:43:22.6987234Z > Task :i18n-kmk:processReleaseManifest FROM-CACHE
Build & Public Release	Build Release APK	2026-02-02T03:43:22.6988024Z > Task :i18n-sy:processReleaseManifest FROM-CACHE
Build & Public Release	Build Release APK	2026-02-02T03:43:22.6988798Z > Task :presentation-core:processReleaseManifest FROM-CACHE
Build & Public Release	Build Release APK	2026-02-02T03:43:22.6989699Z > Task :presentation-widget:extractDeepLinksRelease FROM-CACHE
Build & Public Release	Build Release APK	2026-02-02T03:43:22.6990597Z > Task :source-api:extractDeepLinksRelease FROM-CACHE
Build & Public Release	Build Release APK	2026-02-02T03:43:22.6993016Z > Task :source-local:extractDeepLinksRelease FROM-CACHE
Build & Public Release	Build Release APK	2026-02-02T03:43:22.6997216Z > Task :presentation-widget:processReleaseManifest FROM-CACHE
Build & Public Release	Build Release APK	2026-02-02T03:43:22.7000077Z > Task :telemetry:extractDeepLinksRelease FROM-CACHE
Build & Public Release	Build Release APK	2026-02-02T03:43:22.7001165Z > Task :source-api:processReleaseManifest FROM-CACHE
Build & Public Release	Build Release APK	2026-02-02T03:43:22.7947049Z > Task :core:archive:extractDeepLinksRelease FROM-CACHE
Build & Public Release	Build Release APK	2026-02-02T03:43:22.7950767Z > Task :telemetry:processReleaseManifest FROM-CACHE
Build & Public Release	Build Release APK	2026-02-02T03:43:22.7956934Z > Task :source-local:processReleaseManifest FROM-CACHE
Build & Public Release	Build Release APK	2026-02-02T03:43:22.7961620Z > Task :core:common:extractDeepLinksRelease FROM-CACHE
Build & Public Release	Build Release APK	2026-02-02T03:43:22.7994934Z > Task :core:archive:processReleaseManifest FROM-CACHE
Build & Public Release	Build Release APK	2026-02-02T03:43:22.8001747Z > Task :core:common:processReleaseManifest FROM-CACHE
Build & Public Release	Build Release APK	2026-02-02T03:43:22.8002760Z > Task :flagkit:bundleLibCompileToJarRelease
Build & Public Release	Build Release APK	2026-02-02T03:43:22.8022978Z > Task :i18n-kmk:bundleLibCompileToJarRelease
Build & Public Release	Build Release APK	2026-02-02T03:43:22.8024284Z > Task :data:bundleLibCompileToJarRelease
Build & Public Release	Build Release APK	2026-02-02T03:43:22.8968661Z > Task :source-local:bundleLibCompileToJarRelease
Build & Public Release	Build Release APK	2026-02-02T03:43:22.8971879Z > Task :presentation-widget:bundleLibCompileToJarRelease
Build & Public Release	Build Release APK	2026-02-02T03:43:22.8973075Z > Task :telemetry:bundleLibCompileToJarRelease
Build & Public Release	Build Release APK	2026-02-02T03:43:22.8973922Z > Task :core-metadata:bundleLibRuntimeToJarRelease
Build & Public Release	Build Release APK	2026-02-02T03:43:22.8974680Z > Task :app:dataBindingMergeDependencyArtifactsRelease
Build & Public Release	Build Release APK	2026-02-02T03:43:22.8975416Z > Task :app:generateReleaseResValues FROM-CACHE
Build & Public Release	Build Release APK	2026-02-02T03:43:22.8976148Z > Task :flagkit:bundleLibRuntimeToJarRelease
Build & Public Release	Build Release APK	2026-02-02T03:43:22.8976821Z > Task :i18n:bundleLibRuntimeToJarRelease
Build & Public Release	Build Release APK	2026-02-02T03:43:22.8977382Z > Task :data:bundleLibRuntimeToJarRelease
Build & Public Release	Build Release APK	2026-02-02T03:43:22.8977975Z > Task :i18n-ank:bundleLibRuntimeToJarRelease
Build & Public Release	Build Release APK	2026-02-02T03:43:22.8978612Z > Task :i18n-kmk:bundleLibRuntimeToJarRelease
Build & Public Release	Build Release APK	2026-02-02T03:43:22.8979244Z > Task :i18n-sy:bundleLibRuntimeToJarRelease
Build & Public Release	Build Release APK	2026-02-02T03:43:22.8979869Z > Task :domain:bundleLibRuntimeToJarRelease
Build & Public Release	Build Release APK	2026-02-02T03:43:22.9945408Z > Task :presentation-widget:bundleLibRuntimeToJarRelease
Build & Public Release	Build Release APK	2026-02-02T03:43:22.9946713Z > Task :presentation-core:bundleLibRuntimeToJarRelease
Build & Public Release	Build Release APK	2026-02-02T03:43:22.9947503Z > Task :telemetry:bundleLibRuntimeToJarRelease
Build & Public Release	Build Release APK	2026-02-02T03:43:22.9948209Z > Task :source-api:bundleLibRuntimeToJarRelease
Build & Public Release	Build Release APK	2026-02-02T03:43:22.9948954Z > Task :source-local:bundleLibRuntimeToJarRelease
Build & Public Release	Build Release APK	2026-02-02T03:43:22.9949783Z > Task :core:archive:bundleLibRuntimeToJarRelease
Build & Public Release	Build Release APK	2026-02-02T03:43:22.9950622Z > Task :core:common:bundleLibRuntimeToJarRelease
Build & Public Release	Build Release APK	2026-02-02T03:43:22.9951431Z > Task :core-metadata:processReleaseJavaRes
Build & Public Release	Build Release APK	2026-02-02T03:43:22.9952163Z > Task :data:processReleaseJavaRes
Build & Public Release	Build Release APK	2026-02-02T03:43:22.9952826Z > Task :app:generateReleaseResources FROM-CACHE
Build & Public Release	Build Release APK	2026-02-02T03:43:22.9953633Z > Task :domain:processReleaseJavaRes
Build & Public Release	Build Release APK	2026-02-02T03:43:22.9954497Z > Task :i18n:processReleaseJavaRes
Build & Public Release	Build Release APK	2026-02-02T03:43:22.9955098Z > Task :flagkit:processReleaseJavaRes
Build & Public Release	Build Release APK	2026-02-02T03:43:23.0945345Z > Task :app:prepareLibraryDefinitionsRelease FROM-CACHE
Build & Public Release	Build Release APK	2026-02-02T03:43:23.0946413Z > Task :i18n-ank:processReleaseJavaRes
Build & Public Release	Build Release APK	2026-02-02T03:43:23.0947124Z > Task :i18n-kmk:processReleaseJavaRes
Build & Public Release	Build Release APK	2026-02-02T03:43:23.0955568Z > Task :i18n-sy:processReleaseJavaRes
Build & Public Release	Build Release APK	2026-02-02T03:43:23.0956167Z > Task :presentation-widget:processReleaseJavaRes
Build & Public Release	Build Release APK	2026-02-02T03:43:23.0957731Z > Task :presentation-core:processReleaseJavaRes
Build & Public Release	Build Release APK	2026-02-02T03:43:23.0958595Z > Task :source-api:processReleaseJavaRes
Build & Public Release	Build Release APK	2026-02-02T03:43:23.0959059Z > Task :source-local:processReleaseJavaRes
Build & Public Release	Build Release APK	2026-02-02T03:43:23.0959510Z > Task :telemetry:processReleaseJavaRes
Build & Public Release	Build Release APK	2026-02-02T03:43:23.0959963Z > Task :core:archive:processReleaseJavaRes
Build & Public Release	Build Release APK	2026-02-02T03:43:23.1944486Z > Task :core:common:processReleaseJavaRes
Build & Public Release	Build Release APK	2026-02-02T03:43:23.1964704Z > Task :core-metadata:mergeReleaseShaders
Build & Public Release	Build Release APK	2026-02-02T03:43:23.1965789Z > Task :domain:mergeReleaseShaders
Build & Public Release	Build Release APK	2026-02-02T03:43:23.1966397Z > Task :data:mergeReleaseShaders
Build & Public Release	Build Release APK	2026-02-02T03:43:23.1967093Z > Task :core-metadata:compileReleaseShaders NO-SOURCE
Build & Public Release	Build Release APK	2026-02-02T03:43:23.1967820Z > Task :domain:compileReleaseShaders NO-SOURCE
Build & Public Release	Build Release APK	2026-02-02T03:43:23.1968643Z > Task :core-metadata:generateReleaseAssets UP-TO-DATE
Build & Public Release	Build Release APK	2026-02-02T03:43:23.1969313Z > Task :domain:generateReleaseAssets UP-TO-DATE
Build & Public Release	Build Release APK	2026-02-02T03:43:23.1970059Z > Task :data:compileReleaseShaders NO-SOURCE
Build & Public Release	Build Release APK	2026-02-02T03:43:23.1970799Z > Task :data:generateReleaseAssets UP-TO-DATE
Build & Public Release	Build Release APK	2026-02-02T03:43:23.1971403Z > Task :domain:mergeReleaseAssets
Build & Public Release	Build Release APK	2026-02-02T03:43:23.1971994Z > Task :data:mergeReleaseAssets
Build & Public Release	Build Release APK	2026-02-02T03:43:23.1972908Z > Task :core-metadata:mergeReleaseAssets
Build & Public Release	Build Release APK	2026-02-02T03:43:23.1973779Z > Task :flagkit:mergeReleaseShaders
Build & Public Release	Build Release APK	2026-02-02T03:43:23.1974381Z > Task :flagkit:compileReleaseShaders NO-SOURCE
Build & Public Release	Build Release APK	2026-02-02T03:43:23.1975015Z > Task :flagkit:generateReleaseAssets UP-TO-DATE
Build & Public Release	Build Release APK	2026-02-02T03:43:23.1975524Z > Task :i18n:mergeReleaseShaders
Build & Public Release	Build Release APK	2026-02-02T03:43:23.1975997Z > Task :i18n:compileReleaseShaders NO-SOURCE
Build & Public Release	Build Release APK	2026-02-02T03:43:23.1976514Z > Task :i18n:generateReleaseAssets UP-TO-DATE
Build & Public Release	Build Release APK	2026-02-02T03:43:23.1977018Z > Task :i18n:releaseAssetsCopyForAGP NO-SOURCE
Build & Public Release	Build Release APK	2026-02-02T03:43:23.1977490Z > Task :i18n-ank:mergeReleaseShaders
Build & Public Release	Build Release APK	2026-02-02T03:43:23.1977972Z > Task :flagkit:mergeReleaseAssets
Build & Public Release	Build Release APK	2026-02-02T03:43:23.1978914Z > Task :i18n-ank:compileReleaseShaders NO-SOURCE
Build & Public Release	Build Release APK	2026-02-02T03:43:23.1979466Z > Task :i18n-ank:generateReleaseAssets UP-TO-DATE
Build & Public Release	Build Release APK	2026-02-02T03:43:23.1980026Z > Task :i18n-ank:releaseAssetsCopyForAGP NO-SOURCE
Build & Public Release	Build Release APK	2026-02-02T03:43:23.1980520Z > Task :i18n-kmk:mergeReleaseShaders
Build & Public Release	Build Release APK	2026-02-02T03:43:23.1980973Z > Task :i18n:mergeReleaseAssets
Build & Public Release	Build Release APK	2026-02-02T03:43:23.2963907Z > Task :i18n-kmk:compileReleaseShaders NO-SOURCE
Build & Public Release	Build Release APK	2026-02-02T03:43:23.2966289Z > Task :i18n-kmk:generateReleaseAssets UP-TO-DATE
Build & Public Release	Build Release APK	2026-02-02T03:43:23.2967133Z > Task :i18n-ank:mergeReleaseAssets
Build & Public Release	Build Release APK	2026-02-02T03:43:23.2967934Z > Task :i18n-kmk:releaseAssetsCopyForAGP NO-SOURCE
Build & Public Release	Build Release APK	2026-02-02T03:43:23.2968658Z > Task :i18n-sy:mergeReleaseShaders
Build & Public Release	Build Release APK	2026-02-02T03:43:23.2969322Z > Task :presentation-core:mergeReleaseShaders
Build & Public Release	Build Release APK	2026-02-02T03:43:23.2970033Z > Task :i18n-sy:compileReleaseShaders NO-SOURCE
Build & Public Release	Build Release APK	2026-02-02T03:43:23.2970762Z > Task :i18n-sy:generateReleaseAssets UP-TO-DATE
Build & Public Release	Build Release APK	2026-02-02T03:43:23.2971574Z > Task :i18n-sy:releaseAssetsCopyForAGP NO-SOURCE
Build & Public Release	Build Release APK	2026-02-02T03:43:23.2972398Z > Task :i18n-kmk:mergeReleaseAssets
Build & Public Release	Build Release APK	2026-02-02T03:43:23.2973426Z > Task :presentation-core:compileReleaseShaders NO-SOURCE
Build & Public Release	Build Release APK	2026-02-02T03:43:23.2974359Z > Task :presentation-core:generateReleaseAssets UP-TO-DATE
Build & Public Release	Build Release APK	2026-02-02T03:43:23.2975182Z > Task :presentation-core:mergeReleaseAssets
Build & Public Release	Build Release APK	2026-02-02T03:43:23.2975906Z > Task :presentation-widget:mergeReleaseShaders
Build & Public Release	Build Release APK	2026-02-02T03:43:23.2976715Z > Task :presentation-widget:compileReleaseShaders NO-SOURCE
Build & Public Release	Build Release APK	2026-02-02T03:43:23.2977473Z > Task :i18n-sy:mergeReleaseAssets
Build & Public Release	Build Release APK	2026-02-02T03:43:23.2978229Z > Task :presentation-widget:generateReleaseAssets UP-TO-DATE
Build & Public Release	Build Release APK	2026-02-02T03:43:23.2979081Z > Task :source-api:mergeReleaseShaders
Build & Public Release	Build Release APK	2026-02-02T03:43:23.2987129Z > Task :presentation-widget:mergeReleaseAssets
Build & Public Release	Build Release APK	2026-02-02T03:43:23.2988054Z > Task :source-local:mergeReleaseShaders
Build & Public Release	Build Release APK	2026-02-02T03:43:23.2991597Z > Task :source-api:compileReleaseShaders NO-SOURCE
Build & Public Release	Build Release APK	2026-02-02T03:43:23.2992473Z > Task :source-api:generateReleaseAssets UP-TO-DATE
Build & Public Release	Build Release APK	2026-02-02T03:43:23.2993434Z > Task :source-api:releaseAssetsCopyForAGP NO-SOURCE
Build & Public Release	Build Release APK	2026-02-02T03:43:23.3001124Z > Task :source-local:compileReleaseShaders NO-SOURCE
Build & Public Release	Build Release APK	2026-02-02T03:43:23.3002319Z > Task :source-local:generateReleaseAssets UP-TO-DATE
Build & Public Release	Build Release APK	2026-02-02T03:43:23.3003040Z > Task :source-local:releaseAssetsCopyForAGP NO-SOURCE
Build & Public Release	Build Release APK	2026-02-02T03:43:23.3003803Z > Task :source-api:mergeReleaseAssets
Build & Public Release	Build Release APK	2026-02-02T03:43:23.3004508Z > Task :telemetry:mergeReleaseShaders
Build & Public Release	Build Release APK	2026-02-02T03:43:23.3005153Z > Task :telemetry:compileReleaseShaders NO-SOURCE
Build & Public Release	Build Release APK	2026-02-02T03:43:23.3005985Z > Task :telemetry:generateReleaseAssets UP-TO-DATE
Build & Public Release	Build Release APK	2026-02-02T03:43:23.3006788Z > Task :source-local:mergeReleaseAssets
Build & Public Release	Build Release APK	2026-02-02T03:43:23.3007464Z > Task :telemetry:mergeReleaseAssets
Build & Public Release	Build Release APK	2026-02-02T03:43:23.3008131Z > Task :core:archive:mergeReleaseShaders
Build & Public Release	Build Release APK	2026-02-02T03:43:23.3009014Z > Task :core-metadata:stripReleaseDebugSymbols NO-SOURCE
Build & Public Release	Build Release APK	2026-02-02T03:43:23.3009921Z > Task :core:archive:compileReleaseShaders NO-SOURCE
Build & Public Release	Build Release APK	2026-02-02T03:43:23.3010806Z > Task :core:archive:generateReleaseAssets UP-TO-DATE
Build & Public Release	Build Release APK	2026-02-02T03:43:23.3011395Z > Task :core:common:mergeReleaseShaders
Build & Public Release	Build Release APK	2026-02-02T03:43:23.3015378Z > Task :core:common:compileReleaseShaders NO-SOURCE
Build & Public Release	Build Release APK	2026-02-02T03:43:23.3016506Z > Task :core:common:generateReleaseAssets UP-TO-DATE
Build & Public Release	Build Release APK	2026-02-02T03:43:23.3018385Z > Task :core-metadata:copyReleaseJniLibsProjectAndLocalJars
Build & Public Release	Build Release APK	2026-02-02T03:43:23.3978315Z > Task :core-metadata:extractDeepLinksForAarRelease FROM-CACHE
Build & Public Release	Build Release APK	2026-02-02T03:43:23.3979344Z > Task :core:archive:mergeReleaseAssets
Build & Public Release	Build Release APK	2026-02-02T03:43:23.3981553Z > Task :core:common:mergeReleaseAssets
Build & Public Release	Build Release APK	2026-02-02T03:43:23.3984062Z > Task :i18n:compileReleaseLibraryResources FROM-CACHE
Build & Public Release	Build Release APK	2026-02-02T03:43:23.3986463Z > Task :i18n-sy:compileReleaseLibraryResources FROM-CACHE
Build & Public Release	Build Release APK	2026-02-02T03:43:23.3988893Z > Task :source-api:compileReleaseLibraryResources FROM-CACHE
Build & Public Release	Build Release APK	2026-02-02T03:43:23.3991333Z > Task :core:common:compileReleaseLibraryResources FROM-CACHE
Build & Public Release	Build Release APK	2026-02-02T03:43:23.3993821Z > Task :data:stripReleaseDebugSymbols NO-SOURCE
Build & Public Release	Build Release APK	2026-02-02T03:43:23.3996136Z > Task :domain:compileReleaseLibraryResources FROM-CACHE
Build & Public Release	Build Release APK	2026-02-02T03:43:23.3996883Z > Task :data:copyReleaseJniLibsProjectAndLocalJars
Build & Public Release	Build Release APK	2026-02-02T03:43:23.3998210Z > Task :i18n-ank:compileReleaseLibraryResources FROM-CACHE
Build & Public Release	Build Release APK	2026-02-02T03:43:23.4000005Z > Task :domain:stripReleaseDebugSymbols NO-SOURCE
Build & Public Release	Build Release APK	2026-02-02T03:43:23.4000591Z > Task :data:extractDeepLinksForAarRelease FROM-CACHE
Build & Public Release	Build Release APK	2026-02-02T03:43:23.4001224Z > Task :domain:copyReleaseJniLibsProjectAndLocalJars
Build & Public Release	Build Release APK	2026-02-02T03:43:23.4001833Z > Task :domain:extractDeepLinksForAarRelease FROM-CACHE
Build & Public Release	Build Release APK	2026-02-02T03:43:23.9954942Z > Task :app:prepareReleaseShortcutXML
Build & Public Release	Build Release APK	2026-02-02T03:43:24.8944700Z > Task :core-metadata:extractReleaseAnnotations FROM-CACHE
Build & Public Release	Build Release APK	2026-02-02T03:43:24.8947761Z > Task :core-metadata:mergeReleaseConsumerProguardFiles
Build & Public Release	Build Release APK	2026-02-02T03:43:24.8950331Z > Task :core-metadata:prepareLintJarForPublish
Build & Public Release	Build Release APK	2026-02-02T03:43:25.0950294Z > Task :domain:extractReleaseAnnotations FROM-CACHE
Build & Public Release	Build Release APK	2026-02-02T03:43:25.0961270Z > Task :data:extractReleaseAnnotations FROM-CACHE
Build & Public Release	Build Release APK	2026-02-02T03:43:25.0968937Z > Task :data:mergeReleaseConsumerProguardFiles
Build & Public Release	Build Release APK	2026-02-02T03:43:25.0969978Z > Task :core-metadata:mergeReleaseJavaResource
Build & Public Release	Build Release APK	2026-02-02T03:43:25.0970749Z > Task :data:prepareLintJarForPublish
Build & Public Release	Build Release APK	2026-02-02T03:43:25.0971456Z > Task :domain:mergeReleaseConsumerProguardFiles
Build & Public Release	Build Release APK	2026-02-02T03:43:25.1949530Z > Task :data:mergeReleaseJavaResource
Build & Public Release	Build Release APK	2026-02-02T03:43:25.1950635Z > Task :core-metadata:mapReleaseSourceSetPaths
Build & Public Release	Build Release APK	2026-02-02T03:43:25.1951545Z > Task :core-metadata:syncReleaseLibJars FROM-CACHE
Build & Public Release	Build Release APK	2026-02-02T03:43:25.1952259Z > Task :domain:prepareLintJarForPublish
Build & Public Release	Build Release APK	2026-02-02T03:43:25.1953015Z > Task :data:mapReleaseSourceSetPaths
Build & Public Release	Build Release APK	2026-02-02T03:43:25.1953771Z > Task :domain:mergeReleaseJavaResource
Build & Public Release	Build Release APK	2026-02-02T03:43:25.1954488Z > Task :data:syncReleaseLibJars FROM-CACHE
Build & Public Release	Build Release APK	2026-02-02T03:43:25.1956639Z > Task :domain:syncReleaseLibJars FROM-CACHE
Build & Public Release	Build Release APK	2026-02-02T03:43:25.1957462Z > Task :core-metadata:bundleReleaseAar
Build & Public Release	Build Release APK	2026-02-02T03:43:25.2990879Z > Task :domain:bundleReleaseAar
Build & Public Release	Build Release APK	2026-02-02T03:43:25.3001729Z > Task :data:bundleReleaseAar
Build & Public Release	Build Release APK	2026-02-02T03:43:25.3002452Z > Task :domain:mapReleaseSourceSetPaths
Build & Public Release	Build Release APK	2026-02-02T03:43:25.3944689Z > Task :flagkit:stripReleaseDebugSymbols NO-SOURCE
Build & Public Release	Build Release APK	2026-02-02T03:43:25.3945512Z > Task :flagkit:copyReleaseJniLibsProjectAndLocalJars
Build & Public Release	Build Release APK	2026-02-02T03:43:25.3946269Z > Task :flagkit:extractDeepLinksForAarRelease FROM-CACHE
Build & Public Release	Build Release APK	2026-02-02T03:43:25.3947135Z > Task :flagkit:extractReleaseAnnotations FROM-CACHE
Build & Public Release	Build Release APK	2026-02-02T03:43:25.3947904Z > Task :flagkit:mergeReleaseConsumerProguardFiles
Build & Public Release	Build Release APK	2026-02-02T03:43:25.3948609Z > Task :flagkit:prepareLintJarForPublish
Build & Public Release	Build Release APK	2026-02-02T03:43:25.3949243Z > Task :flagkit:mergeReleaseJavaResource
Build & Public Release	Build Release APK	2026-02-02T03:43:25.3949853Z > Task :flagkit:syncReleaseLibJars FROM-CACHE
Build & Public Release	Build Release APK	2026-02-02T03:43:25.4955510Z > Task :flagkit:bundleReleaseAar
Build & Public Release	Build Release APK	2026-02-02T03:43:25.4956389Z > Task :app:mergeReleaseResources FROM-CACHE
Build & Public Release	Build Release APK	2026-02-02T03:43:25.5958729Z > Task :flagkit:mapReleaseSourceSetPaths
Build & Public Release	Build Release APK	2026-02-02T03:43:25.6944075Z > Task :core-metadata:mergeReleaseResources FROM-CACHE
Build & Public Release	Build Release APK	2026-02-02T03:43:25.7943384Z > Task :data:mergeReleaseResources FROM-CACHE
Build & Public Release	Build Release APK	2026-02-02T03:43:25.7943994Z > Task :app:dataBindingGenBaseClassesRelease FROM-CACHE
Build & Public Release	Build Release APK	2026-02-02T03:43:25.9994630Z > Task :data:verifyReleaseResources FROM-CACHE
Build & Public Release	Build Release APK	2026-02-02T03:43:25.9995468Z > Task :data:assembleRelease
Build & Public Release	Build Release APK	2026-02-02T03:43:25.9996081Z > Task :domain:mergeReleaseResources FROM-CACHE
Build & Public Release	Build Release APK	2026-02-02T03:43:25.9996843Z > Task :core-metadata:verifyReleaseResources FROM-CACHE
Build & Public Release	Build Release APK	2026-02-02T03:43:25.9997539Z > Task :core-metadata:assembleRelease
Build & Public Release	Build Release APK	2026-02-02T03:43:25.9998156Z > Task :i18n:stripReleaseDebugSymbols NO-SOURCE
Build & Public Release	Build Release APK	2026-02-02T03:43:25.9998830Z > Task :app:generateReleaseBuildConfig
Build & Public Release	Build Release APK	2026-02-02T03:43:25.9999539Z > Task :i18n:copyReleaseJniLibsProjectAndLocalJars
Build & Public Release	Build Release APK	2026-02-02T03:43:26.0000304Z > Task :i18n:extractDeepLinksForAarRelease FROM-CACHE
Build & Public Release	Build Release APK	2026-02-02T03:43:26.0944177Z > Task :i18n:extractReleaseAnnotations FROM-CACHE
Build & Public Release	Build Release APK	2026-02-02T03:43:26.0974722Z > Task :i18n:mergeReleaseConsumerProguardFiles
Build & Public Release	Build Release APK	2026-02-02T03:43:26.1944665Z > Task :domain:verifyReleaseResources FROM-CACHE
Build & Public Release	Build Release APK	2026-02-02T03:43:26.1945381Z > Task :domain:assembleRelease
Build & Public Release	Build Release APK	2026-02-02T03:43:26.1945962Z > Task :i18n:prepareLintJarForPublish
Build & Public Release	Build Release APK	2026-02-02T03:43:26.2959386Z > Task :i18n:mergeReleaseJavaResource
Build & Public Release	Build Release APK	2026-02-02T03:43:26.2960074Z > Task :i18n:mapReleaseSourceSetPaths
Build & Public Release	Build Release APK	2026-02-02T03:43:26.2960649Z > Task :i18n:syncReleaseLibJars FROM-CACHE
Build & Public Release	Build Release APK	2026-02-02T03:43:26.2961219Z > Task :app:checkReleaseAarMetadata
Build & Public Release	Build Release APK	2026-02-02T03:43:26.2961832Z > Task :i18n-ank:stripReleaseDebugSymbols NO-SOURCE
Build & Public Release	Build Release APK	2026-02-02T03:43:26.2962531Z > Task :i18n-ank:copyReleaseJniLibsProjectAndLocalJars
Build & Public Release	Build Release APK	2026-02-02T03:43:26.2963182Z > Task :app:mapReleaseSourceSetPaths
Build & Public Release	Build Release APK	2026-02-02T03:43:26.2964143Z > Task :i18n-ank:extractDeepLinksForAarRelease FROM-CACHE
Build & Public Release	Build Release APK	2026-02-02T03:43:26.3944062Z > Task :app:createReleaseCompatibleScreenManifests
Build & Public Release	Build Release APK	2026-02-02T03:43:26.3945311Z > Task :app:extractDeepLinksRelease FROM-CACHE
Build & Public Release	Build Release APK	2026-02-02T03:43:26.3946263Z > Task :i18n-ank:extractReleaseAnnotations FROM-CACHE
Build & Public Release	Build Release APK	2026-02-02T03:43:26.3947166Z > Task :i18n-ank:mergeReleaseConsumerProguardFiles
Build & Public Release	Build Release APK	2026-02-02T03:43:26.4944144Z > Task :flagkit:mergeReleaseResources FROM-CACHE
Build & Public Release	Build Release APK	2026-02-02T03:43:26.4949552Z > Task :i18n-ank:prepareLintJarForPublish
Build & Public Release	Build Release APK	2026-02-02T03:43:26.5973763Z > Task :i18n:bundleReleaseAar
Build & Public Release	Build Release APK	2026-02-02T03:43:26.6005892Z > Task :i18n-ank:mergeReleaseJavaResource
Build & Public Release	Build Release APK	2026-02-02T03:43:26.6945183Z > Task :i18n-ank:syncReleaseLibJars FROM-CACHE
Build & Public Release	Build Release APK	2026-02-02T03:43:26.6948195Z > Task :app:processReleaseMainManifest FROM-CACHE
Build & Public Release	Build Release APK	2026-02-02T03:43:26.6951372Z > Task :app:processReleaseManifest FROM-CACHE
Build & Public Release	Build Release APK	2026-02-02T03:43:26.6965827Z > Task :flagkit:verifyReleaseResources FROM-CACHE
Build & Public Release	Build Release APK	2026-02-02T03:43:26.6967283Z > Task :flagkit:assembleRelease
Build & Public Release	Build Release APK	2026-02-02T03:43:26.6968486Z > Task :i18n-kmk:stripReleaseDebugSymbols NO-SOURCE
Build & Public Release	Build Release APK	2026-02-02T03:43:26.6969846Z > Task :app:processReleaseManifestForPackage FROM-CACHE
Build & Public Release	Build Release APK	2026-02-02T03:43:26.6971237Z > Task :i18n-kmk:copyReleaseJniLibsProjectAndLocalJars
Build & Public Release	Build Release APK	2026-02-02T03:43:26.6972609Z > Task :i18n-kmk:extractDeepLinksForAarRelease FROM-CACHE
Build & Public Release	Build Release APK	2026-02-02T03:43:26.6974366Z > Task :i18n-ank:bundleReleaseAar
Build & Public Release	Build Release APK	2026-02-02T03:43:26.6975817Z > Task :i18n-ank:mapReleaseSourceSetPaths
Build & Public Release	Build Release APK	2026-02-02T03:43:26.7944205Z > Task :i18n-kmk:extractReleaseAnnotations FROM-CACHE
Build & Public Release	Build Release APK	2026-02-02T03:43:26.7946854Z > Task :i18n-kmk:mergeReleaseConsumerProguardFiles
Build & Public Release	Build Release APK	2026-02-02T03:43:26.8957582Z > Task :i18n-ank:mergeReleaseResources FROM-CACHE
Build & Public Release	Build Release APK	2026-02-02T03:43:26.8960296Z > Task :i18n-kmk:prepareLintJarForPublish
Build & Public Release	Build Release APK	2026-02-02T03:43:26.8961179Z > Task :i18n-kmk:mergeReleaseJavaResource
Build & Public Release	Build Release APK	2026-02-02T03:43:26.8962144Z > Task :i18n-ank:verifyReleaseResources FROM-CACHE
Build & Public Release	Build Release APK	2026-02-02T03:43:26.8963188Z > Task :i18n-ank:assembleRelease
Build & Public Release	Build Release APK	2026-02-02T03:43:26.8964094Z > Task :i18n:mergeReleaseResources FROM-CACHE
Build & Public Release	Build Release APK	2026-02-02T03:43:26.8964935Z > Task :i18n-kmk:syncReleaseLibJars FROM-CACHE
Build & Public Release	Build Release APK	2026-02-02T03:43:26.8965831Z > Task :i18n-sy:stripReleaseDebugSymbols NO-SOURCE
Build & Public Release	Build Release APK	2026-02-02T03:43:26.8966719Z > Task :i18n-sy:copyReleaseJniLibsProjectAndLocalJars
Build & Public Release	Build Release APK	2026-02-02T03:43:26.8967584Z > Task :i18n-sy:extractDeepLinksForAarRelease FROM-CACHE
Build & Public Release	Build Release APK	2026-02-02T03:43:26.9965310Z > Task :i18n-kmk:bundleReleaseAar
Build & Public Release	Build Release APK	2026-02-02T03:43:26.9994364Z > Task :i18n-sy:extractReleaseAnnotations FROM-CACHE
Build & Public Release	Build Release APK	2026-02-02T03:43:26.9995577Z > Task :i18n-sy:mergeReleaseConsumerProguardFiles
Build & Public Release	Build Release APK	2026-02-02T03:43:26.9996518Z > Task :i18n-kmk:mapReleaseSourceSetPaths
Build & Public Release	Build Release APK	2026-02-02T03:43:26.9997229Z > Task :i18n-sy:prepareLintJarForPublish
Build & Public Release	Build Release APK	2026-02-02T03:43:26.9998067Z > Task :i18n:verifyReleaseResources FROM-CACHE
Build & Public Release	Build Release APK	2026-02-02T03:43:27.0000742Z > Task :i18n:assembleRelease
Build & Public Release	Build Release APK	2026-02-02T03:43:27.0001464Z > Task :i18n-sy:mergeReleaseJavaResource
Build & Public Release	Build Release APK	2026-02-02T03:43:27.0002343Z > Task :presentation-core:stripReleaseDebugSymbols NO-SOURCE
Build & Public Release	Build Release APK	2026-02-02T03:43:27.0003461Z > Task :presentation-core:copyReleaseJniLibsProjectAndLocalJars
Build & Public Release	Build Release APK	2026-02-02T03:43:27.0006791Z > Task :i18n-sy:mapReleaseSourceSetPaths
Build & Public Release	Build Release APK	2026-02-02T03:43:27.0945879Z > Task :presentation-core:extractDeepLinksForAarRelease FROM-CACHE
Build & Public Release	Build Release APK	2026-02-02T03:43:27.0946992Z > Task :i18n-sy:syncReleaseLibJars FROM-CACHE
Build & Public Release	Build Release APK	2026-02-02T03:43:27.0947584Z > Task :i18n-kmk:mergeReleaseResources FROM-CACHE
Build & Public Release	Build Release APK	2026-02-02T03:43:27.0948214Z > Task :i18n-kmk:verifyReleaseResources FROM-CACHE
Build & Public Release	Build Release APK	2026-02-02T03:43:27.0948737Z > Task :i18n-kmk:assembleRelease
Build & Public Release	Build Release APK	2026-02-02T03:43:27.0949264Z > Task :presentation-widget:stripReleaseDebugSymbols NO-SOURCE
Build & Public Release	Build Release APK	2026-02-02T03:43:27.0949862Z > Task :i18n-sy:bundleReleaseAar
Build & Public Release	Build Release APK	2026-02-02T03:43:27.0950470Z > Task :presentation-widget:copyReleaseJniLibsProjectAndLocalJars
Build & Public Release	Build Release APK	2026-02-02T03:43:27.1994071Z > Task :presentation-widget:extractDeepLinksForAarRelease FROM-CACHE
Build & Public Release	Build Release APK	2026-02-02T03:43:27.1995211Z > Task :presentation-core:extractReleaseAnnotations FROM-CACHE
Build & Public Release	Build Release APK	2026-02-02T03:43:27.1995979Z > Task :presentation-core:mergeReleaseConsumerProguardFiles
Build & Public Release	Build Release APK	2026-02-02T03:43:27.1996626Z > Task :presentation-core:prepareLintJarForPublish
Build & Public Release	Build Release APK	2026-02-02T03:43:27.1997206Z > Task :presentation-core:mergeReleaseJavaResource
Build & Public Release	Build Release APK	2026-02-02T03:43:27.2966391Z > Task :i18n-sy:mergeReleaseResources FROM-CACHE
Build & Public Release	Build Release APK	2026-02-02T03:43:27.2967174Z > Task :presentation-core:syncReleaseLibJars FROM-CACHE
Build & Public Release	Build Release APK	2026-02-02T03:43:27.2967799Z > Task :presentation-widget:extractReleaseAnnotations FROM-CACHE
Build & Public Release	Build Release APK	2026-02-02T03:43:27.2968561Z > Task :presentation-widget:mergeReleaseConsumerProguardFiles
Build & Public Release	Build Release APK	2026-02-02T03:43:27.2969210Z > Task :i18n-sy:verifyReleaseResources FROM-CACHE
Build & Public Release	Build Release APK	2026-02-02T03:43:27.2969804Z > Task :i18n-sy:assembleRelease
Build & Public Release	Build Release APK	2026-02-02T03:43:27.2970334Z > Task :presentation-widget:prepareLintJarForPublish
Build & Public Release	Build Release APK	2026-02-02T03:43:27.2971003Z > Task :source-api:stripReleaseDebugSymbols NO-SOURCE
Build & Public Release	Build Release APK	2026-02-02T03:43:27.2971733Z > Task :source-api:copyReleaseJniLibsProjectAndLocalJars
Build & Public Release	Build Release APK	2026-02-02T03:43:27.2972358Z > Task :presentation-core:bundleReleaseAar
Build & Public Release	Build Release APK	2026-02-02T03:43:27.2972971Z > Task :presentation-widget:mergeReleaseJavaResource
Build & Public Release	Build Release APK	2026-02-02T03:43:27.2973880Z > Task :source-api:extractDeepLinksForAarRelease FROM-CACHE
Build & Public Release	Build Release APK	2026-02-02T03:43:27.3945923Z > Task :presentation-core:mapReleaseSourceSetPaths
Build & Public Release	Build Release APK	2026-02-02T03:43:27.3946706Z > Task :app:processReleaseResources FROM-CACHE
Build & Public Release	Build Release APK	2026-02-02T03:43:27.3947351Z > Task :presentation-widget:mapReleaseSourceSetPaths
Build & Public Release	Build Release APK	2026-02-02T03:43:27.3948296Z > Task :presentation-widget:syncReleaseLibJars FROM-CACHE
Build & Public Release	Build Release APK	2026-02-02T03:43:27.3949041Z > Task :source-api:extractReleaseAnnotations FROM-CACHE
Build & Public Release	Build Release APK	2026-02-02T03:43:27.3949760Z > Task :source-api:mergeReleaseConsumerProguardFiles
Build & Public Release	Build Release APK	2026-02-02T03:43:27.4977784Z > Task :source-api:prepareLintJarForPublish
Build & Public Release	Build Release APK	2026-02-02T03:43:27.4980167Z > Task :source-api:mergeReleaseJavaResource
Build & Public Release	Build Release APK	2026-02-02T03:43:27.4980986Z > Task :source-api:syncReleaseLibJars FROM-CACHE
Build & Public Release	Build Release APK	2026-02-02T03:43:27.4981770Z > Task :presentation-widget:bundleReleaseAar
Build & Public Release	Build Release APK	2026-02-02T03:43:27.4982461Z > Task :source-api:bundleReleaseAar
Build & Public Release	Build Release APK	2026-02-02T03:43:27.5943828Z > Task :source-api:mapReleaseSourceSetPaths
Build & Public Release	Build Release APK	2026-02-02T03:43:27.6971220Z > Task :presentation-core:mergeReleaseResources FROM-CACHE
Build & Public Release	Build Release APK	2026-02-02T03:43:27.9944089Z > Task :source-api:mergeReleaseResources FROM-CACHE
Build & Public Release	Build Release APK	2026-02-02T03:43:28.0943820Z > Task :presentation-core:verifyReleaseResources FROM-CACHE
Build & Public Release	Build Release APK	2026-02-02T03:43:28.0945118Z > Task :presentation-core:assembleRelease
Build & Public Release	Build Release APK	2026-02-02T03:43:28.0945954Z > Task :presentation-core:compileReleaseLibraryResources FROM-CACHE
Build & Public Release	Build Release APK	2026-02-02T03:43:28.0946650Z > Task :source-local:stripReleaseDebugSymbols NO-SOURCE
Build & Public Release	Build Release APK	2026-02-02T03:43:28.1945240Z > Task :source-local:copyReleaseJniLibsProjectAndLocalJars
Build & Public Release	Build Release APK	2026-02-02T03:43:28.1948495Z > Task :source-local:extractDeepLinksForAarRelease FROM-CACHE
Build & Public Release	Build Release APK	2026-02-02T03:43:28.1951203Z > Task :source-api:verifyReleaseResources FROM-CACHE
Build & Public Release	Build Release APK	2026-02-02T03:43:28.1953969Z > Task :source-api:assembleRelease
Build & Public Release	Build Release APK	2026-02-02T03:43:28.1956653Z > Task :core-metadata:compileReleaseLibraryResources FROM-CACHE
Build & Public Release	Build Release APK	2026-02-02T03:43:28.1958919Z > Task :core:archive:compileReleaseLibraryResources FROM-CACHE
Build & Public Release	Build Release APK	2026-02-02T03:43:28.1960720Z > Task :telemetry:stripReleaseDebugSymbols NO-SOURCE
Build & Public Release	Build Release APK	2026-02-02T03:43:28.1962514Z > Task :source-local:extractReleaseAnnotations FROM-CACHE
Build & Public Release	Build Release APK	2026-02-02T03:43:28.1964471Z > Task :telemetry:copyReleaseJniLibsProjectAndLocalJars
Build & Public Release	Build Release APK	2026-02-02T03:43:28.1984214Z > Task :telemetry:extractDeepLinksForAarRelease FROM-CACHE
Build & Public Release	Build Release APK	2026-02-02T03:43:28.1985693Z > Task :source-local:mergeReleaseConsumerProguardFiles
Build & Public Release	Build Release APK	2026-02-02T03:43:28.1988548Z > Task :source-local:prepareLintJarForPublish
Build & Public Release	Build Release APK	2026-02-02T03:43:28.2950742Z > Task :source-local:mergeReleaseJavaResource
Build & Public Release	Build Release APK	2026-02-02T03:43:28.2969536Z > Task :telemetry:extractReleaseAnnotations FROM-CACHE
Build & Public Release	Build Release APK	2026-02-02T03:43:28.2972374Z > Task :telemetry:mergeReleaseConsumerProguardFiles
Build & Public Release	Build Release APK	2026-02-02T03:43:28.2975344Z > Task :source-local:syncReleaseLibJars FROM-CACHE
Build & Public Release	Build Release APK	2026-02-02T03:43:28.2978047Z > Task :telemetry:prepareLintJarForPublish
Build & Public Release	Build Release APK	2026-02-02T03:43:28.2981688Z > Task :telemetry:mergeReleaseJavaResource
Build & Public Release	Build Release APK	2026-02-02T03:43:28.2984739Z > Task :source-local:bundleReleaseAar
Build & Public Release	Build Release APK	2026-02-02T03:43:28.2987093Z > Task :telemetry:syncReleaseLibJars FROM-CACHE
Build & Public Release	Build Release APK	2026-02-02T03:43:28.2988981Z > Task :telemetry:bundleReleaseAar
Build & Public Release	Build Release APK	2026-02-02T03:43:28.3025717Z > Task :presentation-widget:mergeReleaseResources FROM-CACHE
Build & Public Release	Build Release APK	2026-02-02T03:43:28.3078461Z > Task :telemetry:mapReleaseSourceSetPaths
Build & Public Release	Build Release APK	2026-02-02T03:43:28.3085020Z > Task :source-local:mapReleaseSourceSetPaths
Build & Public Release	Build Release APK	2026-02-02T03:43:28.3087058Z > Task :telemetry:mergeReleaseResources FROM-CACHE
Build & Public Release	Build Release APK	2026-02-02T03:43:28.3957764Z > Task :telemetry:verifyReleaseResources FROM-CACHE
Build & Public Release	Build Release APK	2026-02-02T03:43:28.4011824Z > Task :telemetry:assembleRelease
Build & Public Release	Build Release APK	2026-02-02T03:43:28.4013070Z > Task :core:archive:stripReleaseDebugSymbols NO-SOURCE
Build & Public Release	Build Release APK	2026-02-02T03:43:28.4014340Z > Task :core:archive:copyReleaseJniLibsProjectAndLocalJars
Build & Public Release	Build Release APK	2026-02-02T03:43:28.4015321Z > Task :core:archive:extractDeepLinksForAarRelease FROM-CACHE
Build & Public Release	Build Release APK	2026-02-02T03:43:28.4945902Z > Task :core:archive:extractReleaseAnnotations FROM-CACHE
Build & Public Release	Build Release APK	2026-02-02T03:43:28.4949390Z > Task :core:archive:mergeReleaseConsumerProguardFiles
Build & Public Release	Build Release APK	2026-02-02T03:43:28.4950329Z > Task :core:archive:prepareLintJarForPublish
Build & Public Release	Build Release APK	2026-02-02T03:43:28.4951234Z > Task :core:archive:mergeReleaseJavaResource
Build & Public Release	Build Release APK	2026-02-02T03:43:28.4955360Z > Task :core:archive:syncReleaseLibJars FROM-CACHE
Build & Public Release	Build Release APK	2026-02-02T03:43:28.5955943Z > Task :core:archive:bundleReleaseAar
Build & Public Release	Build Release APK	2026-02-02T03:43:28.6015271Z > Task :core:archive:mapReleaseSourceSetPaths
Build & Public Release	Build Release APK	2026-02-02T03:43:28.6956372Z > Task :source-local:mergeReleaseResources FROM-CACHE
Build & Public Release	Build Release APK	2026-02-02T03:43:29.0006141Z > Task :source-local:verifyReleaseResources FROM-CACHE
Build & Public Release	Build Release APK	2026-02-02T03:43:29.0007289Z > Task :app:javaPreCompileRelease FROM-CACHE
Build & Public Release	Build Release APK	2026-02-02T03:43:29.0008023Z > Task :app:extractProguardFiles
Build & Public Release	Build Release APK	2026-02-02T03:43:29.0009213Z > Task :app:mergeReleaseStartupProfile
Build & Public Release	Build Release APK	2026-02-02T03:43:29.0009926Z > Task :app:generateReleaseAssets UP-TO-DATE
Build & Public Release	Build Release APK	2026-02-02T03:43:29.0944074Z > Task :presentation-widget:verifyReleaseResources FROM-CACHE
Build & Public Release	Build Release APK	2026-02-02T03:43:29.0947321Z > Task :presentation-widget:assembleRelease
Build & Public Release	Build Release APK	2026-02-02T03:43:29.0948165Z > Task :source-local:assembleRelease
Build & Public Release	Build Release APK	2026-02-02T03:43:29.0951001Z > Task :core:common:stripReleaseDebugSymbols NO-SOURCE
Build & Public Release	Build Release APK	2026-02-02T03:43:29.1944312Z > Task :core:archive:mergeReleaseResources FROM-CACHE
Build & Public Release	Build Release APK	2026-02-02T03:43:29.1947656Z > Task :core:common:copyReleaseJniLibsProjectAndLocalJars
Build & Public Release	Build Release APK	2026-02-02T03:43:29.1950565Z > Task :core:common:extractDeepLinksForAarRelease FROM-CACHE
Build & Public Release	Build Release APK	2026-02-02T03:43:29.2957278Z > Task :core:archive:verifyReleaseResources FROM-CACHE
Build & Public Release	Build Release APK	2026-02-02T03:43:29.2960612Z > Task :core:archive:assembleRelease
Build & Public Release	Build Release APK	2026-02-02T03:43:29.2961473Z > Task :app:mergeReleaseAssets
Build & Public Release	Build Release APK	2026-02-02T03:43:29.2962315Z > Task :app:compressReleaseAssets FROM-CACHE
Build & Public Release	Build Release APK	2026-02-02T03:43:29.3959321Z > Task :core:common:extractReleaseAnnotations FROM-CACHE
Build & Public Release	Build Release APK	2026-02-02T03:43:29.3962615Z > Task :core:common:mergeReleaseConsumerProguardFiles
Build & Public Release	Build Release APK	2026-02-02T03:43:29.3965371Z > Task :core:common:prepareLintJarForPublish
Build & Public Release	Build Release APK	2026-02-02T03:43:29.3967898Z > Task :core:common:mergeReleaseJavaResource
Build & Public Release	Build Release APK	2026-02-02T03:43:29.3968646Z > Task :core:common:mapReleaseSourceSetPaths
Build & Public Release	Build Release APK	2026-02-02T03:43:29.3971105Z > Task :core:common:syncReleaseLibJars FROM-CACHE
Build & Public Release	Build Release APK	2026-02-02T03:43:29.4944269Z > Task :core:common:bundleReleaseAar
Build & Public Release	Build Release APK	2026-02-02T03:43:29.4948804Z > Task :app:extractReleaseVersionControlInfo
Build & Public Release	Build Release APK	2026-02-02T03:43:29.4951885Z > Task :app:validateSigningRelease
Build & Public Release	Build Release APK	2026-02-02T03:43:29.4955058Z > Task :app:writeReleaseAppMetadata
Build & Public Release	Build Release APK	2026-02-02T03:43:29.5974773Z > Task :app:writeReleaseSigningConfigVersions
Build & Public Release	Build Release APK	2026-02-02T03:43:29.7943983Z > Task :core:common:mergeReleaseResources FROM-CACHE
Build & Public Release	Build Release APK	2026-02-02T03:43:29.8943997Z > Task :core:common:verifyReleaseResources FROM-CACHE
Build & Public Release	Build Release APK	2026-02-02T03:43:29.8947045Z > Task :core:common:assembleRelease
Build & Public Release	Build Release APK	2026-02-02T03:43:57.3944319Z > Task :app:compileReleaseKotlin
Build & Public Release	Build Release APK	2026-02-02T03:44:10.9954037Z e: file:///home/runner/work/AniZen/AniZen/app/src/main/java/eu/kanade/tachiyomi/ui/browse/source/browse/BrowseSourceScreen.kt:123:22 Property delegate must have a 'getValue(Nothing?, KProperty0<*>)' method. None of the following functions is applicable:
Build & Public Release	Build Release APK	2026-02-02T03:44:10.9958502Z fun FloatState.getValue(thisObj: Any?, property: KProperty<*>): Float
Build & Public Release	Build Release APK	2026-02-02T03:44:10.9962232Z fun DoubleState.getValue(thisObj: Any?, property: KProperty<*>): Double
Build & Public Release	Build Release APK	2026-02-02T03:44:10.9962844Z 
Build & Public Release	Build Release APK	2026-02-02T03:44:10.9963643Z fun IntState.getValue(thisObj: Any?, property: KProperty<*>): Int
Build & Public Release	Build Release APK	2026-02-02T03:44:10.9964360Z > Task :app:compileReleaseKotlin FAILED
Build & Public Release	Build Release APK	2026-02-02T03:44:11.0008144Z fun LongState.getValue(thisObj: Any?, property: KProperty<*>): Long
Build & Public Release	Build Release APK	2026-02-02T03:44:11.0009674Z fun <T> State<T>.getValue(thisObj: Any?, property: KProperty<*>): T
Build & Public Release	Build Release APK	2026-02-02T03:44:11.0011616Z e: file:///home/runner/work/AniZen/AniZen/app/src/main/java/eu/kanade/tachiyomi/ui/browse/source/browse/BrowseSourceScreen.kt:123:50 Cannot infer type for type parameter 'T'. Specify it explicitly.
Build & Public Release	Build Release APK	2026-02-02T03:44:11.0014940Z e: file:///home/runner/work/AniZen/AniZen/app/src/main/java/eu/kanade/tachiyomi/ui/browse/source/browse/BrowseSourceScreen.kt:123:50 Unresolved reference. None of the following candidates is applicable because of a receiver type mismatch:
Build & Public Release	Build Release APK	2026-02-02T03:44:11.0017582Z fun <T> StateFlow<T>.collectAsState(context: CoroutineContext = ...): State<T>
Build & Public Release	Build Release APK	2026-02-02T03:44:11.0943092Z 
Build & Public Release	Build Release APK	2026-02-02T03:44:11.0964742Z FAILURE: Build failed with an exception.
Build & Public Release	Build Release APK	2026-02-02T03:44:11.0965835Z gradle/actions: Writing build results to /home/runner/work/_temp/.gradle-actions/build-results/__run_2-1770003778632.json
Build & Public Release	Build Release APK	2026-02-02T03:44:11.0967736Z 
Build & Public Release	Build Release APK	2026-02-02T03:44:11.0967752Z 
Build & Public Release	Build Release APK	2026-02-02T03:44:11.0969887Z * What went wrong:
Build & Public Release	Build Release APK	2026-02-02T03:44:11.0970907Z [Incubating] Problems report is available at: file:///home/runner/work/AniZen/AniZen/build/reports/problems/problems-report.html
Build & Public Release	Build Release APK	2026-02-02T03:44:11.0972167Z Execution failed for task ':app:compileReleaseKotlin'.
Build & Public Release	Build Release APK	2026-02-02T03:44:11.0972620Z 
Build & Public Release	Build Release APK	2026-02-02T03:44:11.0973107Z Deprecated Gradle features were used in this build, making it incompatible with Gradle 9.0.
Build & Public Release	Build Release APK	2026-02-02T03:44:11.0975896Z 
Build & Public Release	Build Release APK	2026-02-02T03:44:11.0976606Z You can use '--warning-mode all' to show the individual deprecation warnings and determine if they come from your own scripts or plugins.
Build & Public Release	Build Release APK	2026-02-02T03:44:11.0978406Z > A failure occurred while executing org.jetbrains.kotlin.compilerRunner.GradleCompilerRunnerWithWorkers$GradleKotlinCompilerWorkAction
Build & Public Release	Build Release APK	2026-02-02T03:44:11.0979613Z    > Compilation error. See log for more details
Build & Public Release	Build Release APK	2026-02-02T03:44:11.0980037Z 
Build & Public Release	Build Release APK	2026-02-02T03:44:11.0980188Z * Try:
Build & Public Release	Build Release APK	2026-02-02T03:44:11.0980624Z > Run with --stacktrace option to get the stack trace.
Build & Public Release	Build Release APK	2026-02-02T03:44:11.0981336Z > Run with --info or --debug option to get more log output.
Build & Public Release	Build Release APK	2026-02-02T03:44:11.0981964Z > Run with --scan to get full insights.
Build & Public Release	Build Release APK	2026-02-02T03:44:11.0982550Z > Get more help at https://help.gradle.org.
Build & Public Release	Build Release APK	2026-02-02T03:44:11.0982919Z 
Build & Public Release	Build Release APK	2026-02-02T03:44:11.0983080Z BUILD FAILED in 1m 15s
Build & Public Release	Build Release APK	2026-02-02T03:44:11.0983507Z 
Build & Public Release	Build Release APK	2026-02-02T03:44:11.0984370Z For more on this, please refer to https://docs.gradle.org/8.14.3/userguide/command_line_interface.html#sec:command_line_warnings in the Gradle documentation.
Build & Public Release	Build Release APK	2026-02-02T03:44:11.0985707Z 544 actionable tasks: 281 executed, 254 from cache, 9 up-to-date
Build & Public Release	Build Release APK	2026-02-02T03:44:11.6726101Z ##[error]Process completed with exit code 1.
Build & Public Release	Post Set up Gradle	ï»¿2026-02-02T03:44:11.6947674Z Post job cleanup.
Build & Public Release	Post Set up Gradle	2026-02-02T03:44:12.0178867Z In post-action step
Build & Public Release	Post Set up Gradle	2026-02-02T03:44:12.0191220Z ##[group]Stopping Gradle daemons
Build & Public Release	Post Set up Gradle	2026-02-02T03:44:12.0192315Z Stopping Gradle daemons for /home/runner/.gradle/wrapper/dists/gradle-8.14.3-bin/cv11ve7ro1n3o1j4so8xd9n66/gradle-8.14.3
Build & Public Release	Post Set up Gradle	2026-02-02T03:44:12.0211522Z [command]/home/runner/.gradle/wrapper/dists/gradle-8.14.3-bin/cv11ve7ro1n3o1j4so8xd9n66/gradle-8.14.3/bin/gradle --stop
Build & Public Release	Post Set up Gradle	2026-02-02T03:44:12.6271754Z No Gradle daemons are running.
Build & Public Release	Post Set up Gradle	2026-02-02T03:44:12.6350286Z ##[endgroup]
Build & Public Release	Post Set up Gradle	2026-02-02T03:44:12.6351657Z Not performing cache-cleanup due to build failure
Build & Public Release	Post Set up Gradle	2026-02-02T03:44:12.6352421Z ##[group]Caching Gradle state
Build & Public Release	Post Set up Gradle	2026-02-02T03:44:20.2471524Z [command]/usr/bin/tar --posix -cf cache.tzst --exclude cache.tzst -P -C /home/runner/work/AniZen/AniZen --files-from manifest.txt --use-compress-program zstdmt
Build & Public Release	Post Set up Gradle	2026-02-02T03:44:22.2034167Z Sent 8941902 of 277377358 (3.2%), 8.5 MBs/sec
Build & Public Release	Post Set up Gradle	2026-02-02T03:44:23.1297437Z Sent 277377358 of 277377358 (100.0%), 137.3 MBs/sec
Build & Public Release	Post Set up Gradle	2026-02-02T03:44:23.3847279Z Saved cache entry with key gradle-home-v1|Linux-X64|build-release[16cd6cc2a04430ca045959c87cb8ce3a]-1b5c207c2167adc114a29f870e26a6533a39bd4c from /home/runner/.gradle/caches,/home/runner/.gradle/notifications,/home/runner/.gradle/.setup-gradle in 3151ms
Build & Public Release	Post Set up Gradle	2026-02-02T03:44:23.3848939Z ##[endgroup]
Build & Public Release	Post Set up Gradle	2026-02-02T03:44:23.3851108Z Generating Job Summary
Build & Public Release	Post Set up Gradle	2026-02-02T03:44:23.3868017Z Completed post-action step
Build & Public Release	Post Set up JDK	ï»¿2026-02-02T03:44:23.4060409Z Post job cleanup.
Build & Public Release	Post Clone repo	ï»¿2026-02-02T03:44:23.5754565Z Post job cleanup.
Build & Public Release	Post Clone repo	2026-02-02T03:44:23.6651475Z [command]/usr/bin/git version
Build & Public Release	Post Clone repo	2026-02-02T03:44:23.6683706Z git version 2.52.0
Build & Public Release	Post Clone repo	2026-02-02T03:44:23.6723371Z Temporarily overriding HOME='/home/runner/work/_temp/d73f423f-e7ef-489a-a3fb-c870f456d734' before making global git config changes
Build & Public Release	Post Clone repo	2026-02-02T03:44:23.6724775Z Adding repository directory to the temporary git global config as a safe directory
Build & Public Release	Post Clone repo	2026-02-02T03:44:23.6729172Z [command]/usr/bin/git config --global --add safe.directory /home/runner/work/AniZen/AniZen
Build & Public Release	Post Clone repo	2026-02-02T03:44:23.6766344Z [command]/usr/bin/git config --local --name-only --get-regexp core\.sshCommand
Build & Public Release	Post Clone repo	2026-02-02T03:44:23.6797089Z [command]/usr/bin/git submodule foreach --recursive sh -c "git config --local --name-only --get-regexp 'core\.sshCommand' && git config --local --unset-all 'core.sshCommand' || :"
Build & Public Release	Post Clone repo	2026-02-02T03:44:23.6991235Z [command]/usr/bin/git config --local --name-only --get-regexp http\.https\:\/\/github\.com\/\.extraheader
Build & Public Release	Post Clone repo	2026-02-02T03:44:23.7010611Z http.https://github.com/.extraheader
Build & Public Release	Post Clone repo	2026-02-02T03:44:23.7021948Z [command]/usr/bin/git config --local --unset-all http.https://github.com/.extraheader
Build & Public Release	Post Clone repo	2026-02-02T03:44:23.7047666Z [command]/usr/bin/git submodule foreach --recursive sh -c "git config --local --name-only --get-regexp 'http\.https\:\/\/github\.com\/\.extraheader' && git config --local --unset-all 'http.https://github.com/.extraheader' || :"
Build & Public Release	Post Clone repo	2026-02-02T03:44:23.7234517Z [command]/usr/bin/git config --local --name-only --get-regexp ^includeIf\.gitdir:
Build & Public Release	Post Clone repo	2026-02-02T03:44:23.7265328Z [command]/usr/bin/git submodule foreach --recursive git config --local --show-origin --name-only --get-regexp remote.origin.url
Build & Public Release	Complete job	ï»¿2026-02-02T03:44:23.7549265Z Cleaning up orphan processes
