Build & Public Release	Set up job	ï»¿2026-02-02T04:26:08.3486825Z Current runner version: '2.331.0'
Build & Public Release	Set up job	2026-02-02T04:26:08.3512207Z ##[group]Runner Image Provisioner
Build & Public Release	Set up job	2026-02-02T04:26:08.3513131Z Hosted Compute Agent
Build & Public Release	Set up job	2026-02-02T04:26:08.3513976Z Version: 20260123.484
Build & Public Release	Set up job	2026-02-02T04:26:08.3514526Z Commit: 6bd6555ca37d84114959e1c76d2c01448ff61c5d
Build & Public Release	Set up job	2026-02-02T04:26:08.3515291Z Build Date: 2026-01-23T19:41:17Z
Build & Public Release	Set up job	2026-02-02T04:26:08.3515882Z Worker ID: {8a99891f-e82d-4b0c-a978-41214c81a006}
Build & Public Release	Set up job	2026-02-02T04:26:08.3516624Z Azure Region: northcentralus
Build & Public Release	Set up job	2026-02-02T04:26:08.3517228Z ##[endgroup]
Build & Public Release	Set up job	2026-02-02T04:26:08.3518653Z ##[group]Operating System
Build & Public Release	Set up job	2026-02-02T04:26:08.3519211Z Ubuntu
Build & Public Release	Set up job	2026-02-02T04:26:08.3519767Z 24.04.3
Build & Public Release	Set up job	2026-02-02T04:26:08.3520205Z LTS
Build & Public Release	Set up job	2026-02-02T04:26:08.3520641Z ##[endgroup]
Build & Public Release	Set up job	2026-02-02T04:26:08.3521171Z ##[group]Runner Image
Build & Public Release	Set up job	2026-02-02T04:26:08.3521678Z Image: ubuntu-24.04
Build & Public Release	Set up job	2026-02-02T04:26:08.3522173Z Version: 20260126.10.1
Build & Public Release	Set up job	2026-02-02T04:26:08.3523129Z Included Software: https://github.com/actions/runner-images/blob/ubuntu24/20260126.10/images/ubuntu/Ubuntu2404-Readme.md
Build & Public Release	Set up job	2026-02-02T04:26:08.3524994Z Image Release: https://github.com/actions/runner-images/releases/tag/ubuntu24%2F20260126.10
Build & Public Release	Set up job	2026-02-02T04:26:08.3525941Z ##[endgroup]
Build & Public Release	Set up job	2026-02-02T04:26:08.3526933Z ##[group]GITHUB_TOKEN Permissions
Build & Public Release	Set up job	2026-02-02T04:26:08.3529084Z Contents: write
Build & Public Release	Set up job	2026-02-02T04:26:08.3529604Z Metadata: read
Build & Public Release	Set up job	2026-02-02T04:26:08.3530080Z ##[endgroup]
Build & Public Release	Set up job	2026-02-02T04:26:08.3532218Z Secret source: Actions
Build & Public Release	Set up job	2026-02-02T04:26:08.3533136Z Prepare workflow directory
Build & Public Release	Set up job	2026-02-02T04:26:08.3870245Z Prepare all required actions
Build & Public Release	Set up job	2026-02-02T04:26:08.3908507Z Getting action download info
Build & Public Release	Set up job	2026-02-02T04:26:08.7386537Z Download action repository 'actions/checkout@v4' (SHA:34e114876b0b11c390a56381ad16ebd13914f8d5)
Build & Public Release	Set up job	2026-02-02T04:26:08.8491423Z Download action repository 'actions/setup-java@v4' (SHA:c1e323688fd81a25caa38c78aa6df2d33d3e20d9)
Build & Public Release	Set up job	2026-02-02T04:26:09.3681460Z Download action repository 'gradle/actions@v4' (SHA:ed408507eac070d1f99cc633dbcf757c94c7933a)
Build & Public Release	Set up job	2026-02-02T04:26:10.6261757Z Download action repository 'softprops/action-gh-release@v1' (SHA:de2c0eb89ae2a093876385947365aca7b0e5f844)
Build & Public Release	Set up job	2026-02-02T04:26:11.0655189Z Complete job name: Build & Public Release
Build & Public Release	Clone repo	ï»¿2026-02-02T04:26:11.1336545Z ##[group]Run actions/checkout@v4
Build & Public Release	Clone repo	2026-02-02T04:26:11.1337243Z with:
Build & Public Release	Clone repo	2026-02-02T04:26:11.1337486Z   fetch-depth: 1
Build & Public Release	Clone repo	2026-02-02T04:26:11.1337993Z   repository: salmanbappi/AniZen
Build & Public Release	Clone repo	2026-02-02T04:26:11.1338594Z   token: ***
Build & Public Release	Clone repo	2026-02-02T04:26:11.1338835Z   ssh-strict: true
Build & Public Release	Clone repo	2026-02-02T04:26:11.1339112Z   ssh-user: git
Build & Public Release	Clone repo	2026-02-02T04:26:11.1339354Z   persist-credentials: true
Build & Public Release	Clone repo	2026-02-02T04:26:11.1339631Z   clean: true
Build & Public Release	Clone repo	2026-02-02T04:26:11.1339878Z   sparse-checkout-cone-mode: true
Build & Public Release	Clone repo	2026-02-02T04:26:11.1340191Z   fetch-tags: false
Build & Public Release	Clone repo	2026-02-02T04:26:11.1340441Z   show-progress: true
Build & Public Release	Clone repo	2026-02-02T04:26:11.1340702Z   lfs: false
Build & Public Release	Clone repo	2026-02-02T04:26:11.1340924Z   submodules: false
Build & Public Release	Clone repo	2026-02-02T04:26:11.1341175Z   set-safe-directory: true
Build & Public Release	Clone repo	2026-02-02T04:26:11.1341760Z ##[endgroup]
Build & Public Release	Clone repo	2026-02-02T04:26:11.2460940Z Syncing repository: salmanbappi/AniZen
Build & Public Release	Clone repo	2026-02-02T04:26:11.2463234Z ##[group]Getting Git version info
Build & Public Release	Clone repo	2026-02-02T04:26:11.2464210Z Working directory is '/home/runner/work/AniZen/AniZen'
Build & Public Release	Clone repo	2026-02-02T04:26:11.2465309Z [command]/usr/bin/git version
Build & Public Release	Clone repo	2026-02-02T04:26:11.2537150Z git version 2.52.0
Build & Public Release	Clone repo	2026-02-02T04:26:11.2565461Z ##[endgroup]
Build & Public Release	Clone repo	2026-02-02T04:26:11.2582275Z Temporarily overriding HOME='/home/runner/work/_temp/7de88b67-f2ab-41a0-b42f-948747baab4f' before making global git config changes
Build & Public Release	Clone repo	2026-02-02T04:26:11.2584065Z Adding repository directory to the temporary git global config as a safe directory
Build & Public Release	Clone repo	2026-02-02T04:26:11.2597037Z [command]/usr/bin/git config --global --add safe.directory /home/runner/work/AniZen/AniZen
Build & Public Release	Clone repo	2026-02-02T04:26:11.2638698Z Deleting the contents of '/home/runner/work/AniZen/AniZen'
Build & Public Release	Clone repo	2026-02-02T04:26:11.2642782Z ##[group]Initializing the repository
Build & Public Release	Clone repo	2026-02-02T04:26:11.2647549Z [command]/usr/bin/git init /home/runner/work/AniZen/AniZen
Build & Public Release	Clone repo	2026-02-02T04:26:11.2741257Z hint: Using 'master' as the name for the initial branch. This default branch name
Build & Public Release	Clone repo	2026-02-02T04:26:11.2742801Z hint: will change to "main" in Git 3.0. To configure the initial branch name
Build & Public Release	Clone repo	2026-02-02T04:26:11.2743687Z hint: to use in all of your new repositories, which will suppress this warning,
Build & Public Release	Clone repo	2026-02-02T04:26:11.2744557Z hint: call:
Build & Public Release	Clone repo	2026-02-02T04:26:11.2744974Z hint:
Build & Public Release	Clone repo	2026-02-02T04:26:11.2745561Z hint: 	git config --global init.defaultBranch <name>
Build & Public Release	Clone repo	2026-02-02T04:26:11.2746202Z hint:
Build & Public Release	Clone repo	2026-02-02T04:26:11.2746838Z hint: Names commonly chosen instead of 'master' are 'main', 'trunk' and
Build & Public Release	Clone repo	2026-02-02T04:26:11.2747854Z hint: 'development'. The just-created branch can be renamed via this command:
Build & Public Release	Clone repo	2026-02-02T04:26:11.2748689Z hint:
Build & Public Release	Clone repo	2026-02-02T04:26:11.2749137Z hint: 	git branch -m <name>
Build & Public Release	Clone repo	2026-02-02T04:26:11.2749651Z hint:
Build & Public Release	Clone repo	2026-02-02T04:26:11.2750309Z hint: Disable this message with "git config set advice.defaultBranchName false"
Build & Public Release	Clone repo	2026-02-02T04:26:11.2751455Z Initialized empty Git repository in /home/runner/work/AniZen/AniZen/.git/
Build & Public Release	Clone repo	2026-02-02T04:26:11.2758854Z [command]/usr/bin/git remote add origin https://github.com/salmanbappi/AniZen
Build & Public Release	Clone repo	2026-02-02T04:26:11.2793151Z ##[endgroup]
Build & Public Release	Clone repo	2026-02-02T04:26:11.2794152Z ##[group]Disabling automatic garbage collection
Build & Public Release	Clone repo	2026-02-02T04:26:11.2798583Z [command]/usr/bin/git config --local gc.auto 0
Build & Public Release	Clone repo	2026-02-02T04:26:11.2827337Z ##[endgroup]
Build & Public Release	Clone repo	2026-02-02T04:26:11.2828123Z ##[group]Setting up auth
Build & Public Release	Clone repo	2026-02-02T04:26:11.2835312Z [command]/usr/bin/git config --local --name-only --get-regexp core\.sshCommand
Build & Public Release	Clone repo	2026-02-02T04:26:11.2865791Z [command]/usr/bin/git submodule foreach --recursive sh -c "git config --local --name-only --get-regexp 'core\.sshCommand' && git config --local --unset-all 'core.sshCommand' || :"
Build & Public Release	Clone repo	2026-02-02T04:26:11.3210397Z [command]/usr/bin/git config --local --name-only --get-regexp http\.https\:\/\/github\.com\/\.extraheader
Build & Public Release	Clone repo	2026-02-02T04:26:11.3249629Z [command]/usr/bin/git submodule foreach --recursive sh -c "git config --local --name-only --get-regexp 'http\.https\:\/\/github\.com\/\.extraheader' && git config --local --unset-all 'http.https://github.com/.extraheader' || :"
Build & Public Release	Clone repo	2026-02-02T04:26:11.3481514Z [command]/usr/bin/git config --local --name-only --get-regexp ^includeIf\.gitdir:
Build & Public Release	Clone repo	2026-02-02T04:26:11.3512894Z [command]/usr/bin/git submodule foreach --recursive git config --local --show-origin --name-only --get-regexp remote.origin.url
Build & Public Release	Clone repo	2026-02-02T04:26:11.3777931Z [command]/usr/bin/git config --local http.https://github.com/.extraheader AUTHORIZATION: basic ***
Build & Public Release	Clone repo	2026-02-02T04:26:11.3816595Z ##[endgroup]
Build & Public Release	Clone repo	2026-02-02T04:26:11.3817406Z ##[group]Fetching the repository
Build & Public Release	Clone repo	2026-02-02T04:26:11.3826313Z [command]/usr/bin/git -c protocol.version=2 fetch --no-tags --prune --no-recurse-submodules --depth=1 origin +8d4a855d844b023fef604ad03d625a19337ca5ed:refs/remotes/origin/master
Build & Public Release	Clone repo	2026-02-02T04:26:12.1820066Z From https://github.com/salmanbappi/AniZen
Build & Public Release	Clone repo	2026-02-02T04:26:12.1822429Z  * [new ref]         8d4a855d844b023fef604ad03d625a19337ca5ed -> origin/master
Build & Public Release	Clone repo	2026-02-02T04:26:12.1854486Z ##[endgroup]
Build & Public Release	Clone repo	2026-02-02T04:26:12.1855133Z ##[group]Determining the checkout info
Build & Public Release	Clone repo	2026-02-02T04:26:12.1857450Z ##[endgroup]
Build & Public Release	Clone repo	2026-02-02T04:26:12.1862561Z [command]/usr/bin/git sparse-checkout disable
Build & Public Release	Clone repo	2026-02-02T04:26:12.1908100Z [command]/usr/bin/git config --local --unset-all extensions.worktreeConfig
Build & Public Release	Clone repo	2026-02-02T04:26:12.1937074Z ##[group]Checking out the ref
Build & Public Release	Clone repo	2026-02-02T04:26:12.1940839Z [command]/usr/bin/git checkout --progress --force -B master refs/remotes/origin/master
Build & Public Release	Clone repo	2026-02-02T04:26:12.3556542Z Reset branch 'master'
Build & Public Release	Clone repo	2026-02-02T04:26:12.3557927Z branch 'master' set up to track 'origin/master'.
Build & Public Release	Clone repo	2026-02-02T04:26:12.3570060Z ##[endgroup]
Build & Public Release	Clone repo	2026-02-02T04:26:12.3609141Z [command]/usr/bin/git log -1 --format=%H
Build & Public Release	Clone repo	2026-02-02T04:26:12.3631095Z 8d4a855d844b023fef604ad03d625a19337ca5ed
Build & Public Release	Set up JDK	ï»¿2026-02-02T04:26:12.3943181Z ##[group]Run actions/setup-java@v4
Build & Public Release	Set up JDK	2026-02-02T04:26:12.3943726Z with:
Build & Public Release	Set up JDK	2026-02-02T04:26:12.3943919Z   java-version: 17
Build & Public Release	Set up JDK	2026-02-02T04:26:12.3944117Z   distribution: temurin
Build & Public Release	Set up JDK	2026-02-02T04:26:12.3944320Z   java-package: jdk
Build & Public Release	Set up JDK	2026-02-02T04:26:12.3944533Z   check-latest: false
Build & Public Release	Set up JDK	2026-02-02T04:26:12.3944722Z   server-id: github
Build & Public Release	Set up JDK	2026-02-02T04:26:12.3945107Z   server-username: GITHUB_ACTOR
Build & Public Release	Set up JDK	2026-02-02T04:26:12.3945338Z   server-password: GITHUB_TOKEN
Build & Public Release	Set up JDK	2026-02-02T04:26:12.3945564Z   overwrite-settings: true
Build & Public Release	Set up JDK	2026-02-02T04:26:12.3945809Z   job-status: success
Build & Public Release	Set up JDK	2026-02-02T04:26:12.3946109Z   token: ***
Build & Public Release	Set up JDK	2026-02-02T04:26:12.3946295Z ##[endgroup]
Build & Public Release	Set up JDK	2026-02-02T04:26:12.5945980Z ##[group]Installed distributions
Build & Public Release	Set up JDK	2026-02-02T04:26:12.6017758Z Resolved Java 17.0.18+8 from tool-cache
Build & Public Release	Set up JDK	2026-02-02T04:26:12.6018767Z Setting Java 17.0.18+8 as the default
Build & Public Release	Set up JDK	2026-02-02T04:26:12.6031400Z Creating toolchains.xml for JDK version 17 from temurin
Build & Public Release	Set up JDK	2026-02-02T04:26:12.6109129Z Writing to /home/runner/.m2/toolchains.xml
Build & Public Release	Set up JDK	2026-02-02T04:26:12.6110082Z 
Build & Public Release	Set up JDK	2026-02-02T04:26:12.6110673Z Java configuration:
Build & Public Release	Set up JDK	2026-02-02T04:26:12.6111202Z   Distribution: temurin
Build & Public Release	Set up JDK	2026-02-02T04:26:12.6111672Z   Version: 17.0.18+8
Build & Public Release	Set up JDK	2026-02-02T04:26:12.6112514Z   Path: /opt/hostedtoolcache/Java_Temurin-Hotspot_jdk/17.0.18-8/x64
Build & Public Release	Set up JDK	2026-02-02T04:26:12.6113119Z 
Build & Public Release	Set up JDK	2026-02-02T04:26:12.6113987Z ##[endgroup]
Build & Public Release	Set up JDK	2026-02-02T04:26:12.6132187Z Creating settings.xml with server-id: github
Build & Public Release	Set up JDK	2026-02-02T04:26:12.6135479Z Writing to /home/runner/.m2/settings.xml
Build & Public Release	Set up Gradle	ï»¿2026-02-02T04:26:12.6373004Z ##[group]Run gradle/actions/setup-gradle@v4
Build & Public Release	Set up Gradle	2026-02-02T04:26:12.6373354Z with:
Build & Public Release	Set up Gradle	2026-02-02T04:26:12.6373703Z   cache-disabled: false
Build & Public Release	Set up Gradle	2026-02-02T04:26:12.6373929Z   cache-read-only: false
Build & Public Release	Set up Gradle	2026-02-02T04:26:12.6374142Z   cache-write-only: false
Build & Public Release	Set up Gradle	2026-02-02T04:26:12.6374372Z   cache-overwrite-existing: false
Build & Public Release	Set up Gradle	2026-02-02T04:26:12.6374615Z   cache-cleanup: on-success
Build & Public Release	Set up Gradle	2026-02-02T04:26:12.6374885Z   gradle-home-cache-includes: caches
Build & Public Release	Set up Gradle	notifications
Build & Public Release	Set up Gradle	
Build & Public Release	Set up Gradle	2026-02-02T04:26:12.6375199Z   add-job-summary: always
Build & Public Release	Set up Gradle	2026-02-02T04:26:12.6375431Z   add-job-summary-as-pr-comment: never
Build & Public Release	Set up Gradle	2026-02-02T04:26:12.6375701Z   dependency-graph: disabled
Build & Public Release	Set up Gradle	2026-02-02T04:26:12.6375989Z   dependency-graph-report-dir: dependency-graph-reports
Build & Public Release	Set up Gradle	2026-02-02T04:26:12.6376347Z   dependency-graph-continue-on-failure: true
Build & Public Release	Set up Gradle	2026-02-02T04:26:12.6376629Z   build-scan-publish: false
Build & Public Release	Set up Gradle	2026-02-02T04:26:12.6376876Z   validate-wrappers: true
Build & Public Release	Set up Gradle	2026-02-02T04:26:12.6377097Z   allow-snapshot-wrappers: false
Build & Public Release	Set up Gradle	2026-02-02T04:26:12.6377360Z   gradle-home-cache-strict-match: false
Build & Public Release	Set up Gradle	2026-02-02T04:26:12.6377663Z   workflow-job-context: null
Build & Public Release	Set up Gradle	2026-02-02T04:26:12.6378033Z   github-token: ***
Build & Public Release	Set up Gradle	2026-02-02T04:26:12.6378232Z env:
Build & Public Release	Set up Gradle	2026-02-02T04:26:12.6378501Z   JAVA_HOME: /opt/hostedtoolcache/Java_Temurin-Hotspot_jdk/17.0.18-8/x64
Build & Public Release	Set up Gradle	2026-02-02T04:26:12.6378984Z   JAVA_HOME_17_X64: /opt/hostedtoolcache/Java_Temurin-Hotspot_jdk/17.0.18-8/x64
Build & Public Release	Set up Gradle	2026-02-02T04:26:12.6379342Z ##[endgroup]
Build & Public Release	Set up Gradle	2026-02-02T04:26:13.1249464Z Merged default JDK locations into /home/runner/.m2/toolchains.xml
Build & Public Release	Set up Gradle	2026-02-02T04:26:13.1251803Z Preparing cache for cleanup.
Build & Public Release	Set up Gradle	2026-02-02T04:26:13.1256545Z ##[group]Restore Gradle state from cache
Build & Public Release	Set up Gradle	2026-02-02T04:26:13.2615604Z Cache hit for restore-key: gradle-home-v1|Linux-X64|build-release[16cd6cc2a04430ca045959c87cb8ce3a]-2b1dd00b55c269632d52112c5ee876cff5cb072d
Build & Public Release	Set up Gradle	2026-02-02T04:26:14.4014878Z Received 134217728 of 277709010 (48.3%), 124.0 MBs/sec
Build & Public Release	Set up Gradle	2026-02-02T04:26:15.3500722Z Received 277709010 of 277709010 (100.0%), 133.6 MBs/sec
Build & Public Release	Set up Gradle	2026-02-02T04:26:15.3548466Z Cache Size: ~265 MB (277709010 B)
Build & Public Release	Set up Gradle	2026-02-02T04:26:15.3676583Z [command]/usr/bin/tar -xf /home/runner/work/_temp/67a18122-41c2-44ee-8ab0-cc41d328d36e/cache.tzst -P -C /home/runner/work/AniZen/AniZen --use-compress-program unzstd
Build & Public Release	Set up Gradle	2026-02-02T04:26:16.0552271Z Cache restored successfully
Build & Public Release	Set up Gradle	2026-02-02T04:26:16.1101983Z Restored cache entry with key gradle-home-v1|Linux-X64|build-release[16cd6cc2a04430ca045959c87cb8ce3a]-8d4a855d844b023fef604ad03d625a19337ca5ed to /home/runner/.gradle/caches,/home/runner/.gradle/notifications,/home/runner/.gradle/.setup-gradle in 2983ms
Build & Public Release	Set up Gradle	2026-02-02T04:26:16.2224534Z Cache hit for: gradle-groovy-dsl-v1-52879bb45a965457ce15451ef81055b6
Build & Public Release	Set up Gradle	2026-02-02T04:26:16.2234809Z Cache hit for: gradle-generated-gradle-jars-v1-4434c59050703a48bf14168622b59891
Build & Public Release	Set up Gradle	2026-02-02T04:26:16.2287153Z Cache hit for: gradle-dependencies-v1-b3ba458e98787b341f020e1a58774519
Build & Public Release	Set up Gradle	2026-02-02T04:26:16.2322273Z Cache hit for: gradle-kotlin-dsl-v1-900d09f8bd24a77c702d5ecbbfd928b0
Build & Public Release	Set up Gradle	2026-02-02T04:26:16.2340441Z Cache hit for: gradle-wrapper-zips-v1-5ae5d3da5e8e0c748d04bcdd9bc97bdb
Build & Public Release	Set up Gradle	2026-02-02T04:26:16.2394979Z Cache hit for: gradle-transforms-v1-29b6ecf76579b0052284b4e6ec2672a2
Build & Public Release	Set up Gradle	2026-02-02T04:26:16.2415484Z Cache hit for: gradle-instrumented-jars-v1-232a3310ebe79647c3e006028145d49f
Build & Public Release	Set up Gradle	2026-02-02T04:26:16.5096388Z Received 121712 of 121712 (100.0%), 1.2 MBs/sec
Build & Public Release	Set up Gradle	2026-02-02T04:26:16.5097250Z Cache Size: ~0 MB (121712 B)
Build & Public Release	Set up Gradle	2026-02-02T04:26:16.5735557Z [command]/usr/bin/tar -xf /home/runner/work/_temp/512fd445-ac86-4777-b10e-03a3edc3678b/cache.tzst -P -C /home/runner/work/AniZen/AniZen --use-compress-program unzstd
Build & Public Release	Set up Gradle	2026-02-02T04:26:16.5906430Z Cache restored successfully
Build & Public Release	Set up Gradle	2026-02-02T04:26:16.5913333Z Restored cache entry with key gradle-instrumented-jars-v1-232a3310ebe79647c3e006028145d49f to /home/runner/.gradle/caches/jars-*/*/ in 478ms
Build & Public Release	Set up Gradle	2026-02-02T04:26:16.6402629Z Received 188024 of 188024 (100.0%), 0.7 MBs/sec
Build & Public Release	Set up Gradle	2026-02-02T04:26:16.6403346Z Cache Size: ~0 MB (188024 B)
Build & Public Release	Set up Gradle	2026-02-02T04:26:16.6450482Z [command]/usr/bin/tar -xf /home/runner/work/_temp/65c887d0-22dd-44dc-a3d7-7c3de8e00cc7/cache.tzst -P -C /home/runner/work/AniZen/AniZen --use-compress-program unzstd
Build & Public Release	Set up Gradle	2026-02-02T04:26:16.6742545Z Cache restored successfully
Build & Public Release	Set up Gradle	2026-02-02T04:26:16.6744807Z Restored cache entry with key gradle-groovy-dsl-v1-52879bb45a965457ce15451ef81055b6 to /home/runner/.gradle/caches/*/groovy-dsl/*/ in 561ms
Build & Public Release	Set up Gradle	2026-02-02T04:26:16.9844857Z Received 3288260 of 3288260 (100.0%), 5.1 MBs/sec
Build & Public Release	Set up Gradle	2026-02-02T04:26:16.9845676Z Cache Size: ~3 MB (3288260 B)
Build & Public Release	Set up Gradle	2026-02-02T04:26:17.1671696Z Received 41092997 of 41092997 (100.0%), 46.8 MBs/sec
Build & Public Release	Set up Gradle	2026-02-02T04:26:17.1673207Z Cache Size: ~39 MB (41092997 B)
Build & Public Release	Set up Gradle	2026-02-02T04:26:17.3616034Z Received 88080384 of 136706942 (64.4%), 82.8 MBs/sec
Build & Public Release	Set up Gradle	2026-02-02T04:26:17.3898868Z Received 62914560 of 688624236 (9.1%), 59.1 MBs/sec
Build & Public Release	Set up Gradle	2026-02-02T04:26:17.4153784Z Received 71303168 of 1329661357 (5.4%), 66.5 MBs/sec
Build & Public Release	Set up Gradle	2026-02-02T04:26:17.4525276Z [command]/usr/bin/tar -xf /home/runner/work/_temp/bcd2dc83-583d-4add-977b-42b96ef25edf/cache.tzst -P -C /home/runner/work/AniZen/AniZen --use-compress-program unzstd
Build & Public Release	Set up Gradle	2026-02-02T04:26:17.5952775Z [command]/usr/bin/tar -xf /home/runner/work/_temp/43d2d3e7-a618-4f95-a51d-c9f28ace473e/cache.tzst -P -C /home/runner/work/AniZen/AniZen --use-compress-program unzstd
Build & Public Release	Set up Gradle	2026-02-02T04:26:18.2181212Z Received 136706942 of 136706942 (100.0%), 69.7 MBs/sec
Build & Public Release	Set up Gradle	2026-02-02T04:26:18.2182997Z Cache Size: ~130 MB (136706942 B)
Build & Public Release	Set up Gradle	2026-02-02T04:26:18.2195768Z Cache restored successfully
Build & Public Release	Set up Gradle	2026-02-02T04:26:18.2545134Z Restored cache entry with key gradle-generated-gradle-jars-v1-4434c59050703a48bf14168622b59891 to /home/runner/.gradle/caches/8.14.3/generated-gradle-jars/gradle-api-8.14.3.jar in 2143ms
Build & Public Release	Set up Gradle	2026-02-02T04:26:18.3918420Z Received 142606336 of 688624236 (20.7%), 67.4 MBs/sec
Build & Public Release	Set up Gradle	2026-02-02T04:26:18.4257091Z Received 167772160 of 1329661357 (12.6%), 78.7 MBs/sec
Build & Public Release	Set up Gradle	2026-02-02T04:26:18.5105917Z [command]/usr/bin/tar -xf /home/runner/work/_temp/0c59f536-5650-4865-9fd6-c9a26121d11b/cache.tzst -P -C /home/runner/work/AniZen/AniZen --use-compress-program unzstd
Build & Public Release	Set up Gradle	2026-02-02T04:26:18.8635762Z Cache restored successfully
Build & Public Release	Set up Gradle	2026-02-02T04:26:18.9117298Z Restored cache entry with key gradle-wrapper-zips-v1-5ae5d3da5e8e0c748d04bcdd9bc97bdb to /home/runner/.gradle/wrapper/dists/gradle-8.14.3-bin/cv11ve7ro1n3o1j4so8xd9n66 in 2799ms
Build & Public Release	Set up Gradle	2026-02-02T04:26:19.2360346Z Cache restored successfully
Build & Public Release	Set up Gradle	2026-02-02T04:26:19.2392029Z Restored cache entry with key gradle-kotlin-dsl-v1-900d09f8bd24a77c702d5ecbbfd928b0 to /home/runner/.gradle/caches/*/kotlin-dsl/accessors/*/,/home/runner/.gradle/caches/*/kotlin-dsl/scripts/*/ in 3125ms
Build & Public Release	Set up Gradle	2026-02-02T04:26:19.3924835Z Received 301989888 of 688624236 (43.9%), 95.5 MBs/sec
Build & Public Release	Set up Gradle	2026-02-02T04:26:19.4251770Z Received 314572800 of 1329661357 (23.7%), 98.9 MBs/sec
Build & Public Release	Set up Gradle	2026-02-02T04:26:20.3946868Z Received 469762048 of 688624236 (68.2%), 111.4 MBs/sec
Build & Public Release	Set up Gradle	2026-02-02T04:26:20.4275102Z Received 486539264 of 1329661357 (36.6%), 115.0 MBs/sec
Build & Public Release	Set up Gradle	2026-02-02T04:26:21.3956600Z Received 654311424 of 688624236 (95.0%), 124.3 MBs/sec
Build & Public Release	Set up Gradle	2026-02-02T04:26:21.4270419Z Received 624951296 of 1329661357 (47.0%), 118.4 MBs/sec
Build & Public Release	Set up Gradle	2026-02-02T04:26:21.8402357Z Received 688624236 of 688624236 (100.0%), 120.1 MBs/sec
Build & Public Release	Set up Gradle	2026-02-02T04:26:21.8405538Z Cache Size: ~657 MB (688624236 B)
Build & Public Release	Set up Gradle	2026-02-02T04:26:21.9268804Z [command]/usr/bin/tar -xf /home/runner/work/_temp/80622727-e8dd-481e-9af1-fd13d6fbfec3/cache.tzst -P -C /home/runner/work/AniZen/AniZen --use-compress-program unzstd
Build & Public Release	Set up Gradle	2026-02-02T04:26:22.4269511Z Received 784334848 of 1329661357 (59.0%), 124.0 MBs/sec
Build & Public Release	Set up Gradle	2026-02-02T04:26:23.2584047Z Cache restored successfully
Build & Public Release	Set up Gradle	2026-02-02T04:26:23.4529474Z Received 939524096 of 1329661357 (70.7%), 127.0 MBs/sec
Build & Public Release	Set up Gradle	2026-02-02T04:26:23.8528605Z Restored cache entry with key gradle-dependencies-v1-b3ba458e98787b341f020e1a58774519 to /home/runner/.gradle/caches/modules-*/files-*/*/*/*/* in 7740ms
Build & Public Release	Set up Gradle	2026-02-02T04:26:24.4504518Z Received 1115684864 of 1329661357 (83.9%), 132.0 MBs/sec
Build & Public Release	Set up Gradle	2026-02-02T04:26:25.4505119Z Received 1325467053 of 1329661357 (99.7%), 139.6 MBs/sec
Build & Public Release	Set up Gradle	2026-02-02T04:26:25.5589620Z Received 1329661357 of 1329661357 (100.0%), 138.3 MBs/sec
Build & Public Release	Set up Gradle	2026-02-02T04:26:25.5593062Z Cache Size: ~1268 MB (1329661357 B)
Build & Public Release	Set up Gradle	2026-02-02T04:26:25.5673828Z [command]/usr/bin/tar -xf /home/runner/work/_temp/1a3a0979-ca73-4031-af06-12f7211f8c5d/cache.tzst -P -C /home/runner/work/AniZen/AniZen --use-compress-program unzstd
Build & Public Release	Set up Gradle	2026-02-02T04:26:38.2114380Z Cache restored successfully
Build & Public Release	Set up Gradle	2026-02-02T04:26:38.4318573Z Restored cache entry with key gradle-transforms-v1-29b6ecf76579b0052284b4e6ec2672a2 to /home/runner/.gradle/caches/transforms-4/*/,/home/runner/.gradle/caches/*/transforms/*/ in 22317ms
Build & Public Release	Set up Gradle	2026-02-02T04:26:38.4421089Z ##[endgroup]
Build & Public Release	Set up Gradle	2026-02-02T04:26:38.4959928Z ##[group]All Gradle Wrapper jars are valid
Build & Public Release	Set up Gradle	2026-02-02T04:26:38.4961259Z âœ“ Found known Gradle Wrapper JAR files:
Build & Public Release	Set up Gradle	2026-02-02T04:26:38.4961920Z   7d3a4ac4de1c32b59bc6a4eb8ecb8e612ccd0cf1ae1e99f66902da64df296172 gradle/wrapper/gradle-wrapper.jar
Build & Public Release	Set up Gradle	2026-02-02T04:26:38.4962693Z ##[endgroup]
Build & Public Release	Run Code Analysis (Detekt)	ï»¿2026-02-02T04:26:38.5110375Z ##[group]Run ./gradlew detekt --no-daemon
Build & Public Release	Run Code Analysis (Detekt)	2026-02-02T04:26:38.5110818Z [36;1m./gradlew detekt --no-daemon[0m
Build & Public Release	Run Code Analysis (Detekt)	2026-02-02T04:26:38.5144920Z shell: /usr/bin/bash -e {0}
Build & Public Release	Run Code Analysis (Detekt)	2026-02-02T04:26:38.5145232Z env:
Build & Public Release	Run Code Analysis (Detekt)	2026-02-02T04:26:38.5145579Z   JAVA_HOME: /opt/hostedtoolcache/Java_Temurin-Hotspot_jdk/17.0.18-8/x64
Build & Public Release	Run Code Analysis (Detekt)	2026-02-02T04:26:38.5146128Z   JAVA_HOME_17_X64: /opt/hostedtoolcache/Java_Temurin-Hotspot_jdk/17.0.18-8/x64
Build & Public Release	Run Code Analysis (Detekt)	2026-02-02T04:26:38.5146595Z   GRADLE_ACTION_ID: gradle/actions/setup-gradle
Build & Public Release	Run Code Analysis (Detekt)	2026-02-02T04:26:38.5146931Z   GRADLE_USER_HOME: /home/runner/.gradle
Build & Public Release	Run Code Analysis (Detekt)	2026-02-02T04:26:38.5147251Z   GRADLE_BUILD_ACTION_SETUP_COMPLETED: true
Build & Public Release	Run Code Analysis (Detekt)	2026-02-02T04:26:38.5147580Z   GRADLE_BUILD_ACTION_CACHE_RESTORED: true
Build & Public Release	Run Code Analysis (Detekt)	2026-02-02T04:26:38.5148057Z   DEVELOCITY_INJECTION_INIT_SCRIPT_NAME: gradle-actions.inject-develocity.init.gradle
Build & Public Release	Run Code Analysis (Detekt)	2026-02-02T04:26:38.5148577Z   DEVELOCITY_INJECTION_CUSTOM_VALUE: gradle-actions
Build & Public Release	Run Code Analysis (Detekt)	2026-02-02T04:26:38.5148925Z   GITHUB_DEPENDENCY_GRAPH_ENABLED: false
Build & Public Release	Run Code Analysis (Detekt)	2026-02-02T04:26:38.5149223Z ##[endgroup]
Build & Public Release	Run Code Analysis (Detekt)	2026-02-02T04:26:40.2047396Z To honour the JVM settings for this build a single-use Daemon process will be forked. For more on this, please refer to https://docs.gradle.org/8.14.3/userguide/gradle_daemon.html#sec:disabling_the_daemon in the Gradle documentation.
Build & Public Release	Run Code Analysis (Detekt)	2026-02-02T04:26:41.8039675Z Daemon will be stopped at the end of the build 
Build & Public Release	Run Code Analysis (Detekt)	2026-02-02T04:26:42.2039378Z Configuration on demand is an incubating feature.
Build & Public Release	Run Code Analysis (Detekt)	2026-02-02T04:26:47.6043825Z Type-safe project accessors is an incubating feature.
Build & Public Release	Run Code Analysis (Detekt)	2026-02-02T04:26:51.0088214Z > Task :buildSrc:checkKotlinGradlePluginConfigurationErrors SKIPPED
Build & Public Release	Run Code Analysis (Detekt)	2026-02-02T04:26:51.2059608Z > Task :buildSrc:generateExternalPluginSpecBuilders FROM-CACHE
Build & Public Release	Run Code Analysis (Detekt)	2026-02-02T04:26:51.2060804Z > Task :buildSrc:extractPrecompiledScriptPluginPlugins FROM-CACHE
Build & Public Release	Run Code Analysis (Detekt)	2026-02-02T04:26:51.4041284Z > Task :buildSrc:compilePluginsBlocks FROM-CACHE
Build & Public Release	Run Code Analysis (Detekt)	2026-02-02T04:26:51.7038686Z > Task :buildSrc:generatePrecompiledScriptPluginAccessors FROM-CACHE
Build & Public Release	Run Code Analysis (Detekt)	2026-02-02T04:26:51.7043836Z > Task :buildSrc:generateScriptPluginAdapters FROM-CACHE
Build & Public Release	Run Code Analysis (Detekt)	2026-02-02T04:26:52.1054265Z > Task :buildSrc:compileKotlin FROM-CACHE
Build & Public Release	Run Code Analysis (Detekt)	2026-02-02T04:26:52.2053663Z > Task :buildSrc:compileJava NO-SOURCE
Build & Public Release	Run Code Analysis (Detekt)	2026-02-02T04:26:52.2094533Z > Task :buildSrc:compileGroovy NO-SOURCE
Build & Public Release	Run Code Analysis (Detekt)	2026-02-02T04:26:52.2103257Z > Task :buildSrc:pluginDescriptors
Build & Public Release	Run Code Analysis (Detekt)	2026-02-02T04:26:52.2104190Z > Task :buildSrc:processResources
Build & Public Release	Run Code Analysis (Detekt)	2026-02-02T04:26:52.2104887Z > Task :buildSrc:classes
Build & Public Release	Run Code Analysis (Detekt)	2026-02-02T04:26:52.5044999Z > Task :buildSrc:jar
Build & Public Release	Run Code Analysis (Detekt)	2026-02-02T04:27:01.3037622Z > Task :detekt NO-SOURCE
Build & Public Release	Run Code Analysis (Detekt)	2026-02-02T04:27:01.3039054Z gradle/actions: Writing build results to /home/runner/work/_temp/.gradle-actions/build-results/__run-1770006405752.json
Build & Public Release	Run Code Analysis (Detekt)	2026-02-02T04:27:01.3039675Z 
Build & Public Release	Run Code Analysis (Detekt)	2026-02-02T04:27:01.3040759Z [Incubating] Problems report is available at: file:///home/runner/work/AniZen/AniZen/build/reports/problems/problems-report.html
Build & Public Release	Run Code Analysis (Detekt)	2026-02-02T04:27:01.3041404Z 
Build & Public Release	Run Code Analysis (Detekt)	2026-02-02T04:27:01.3041801Z Deprecated Gradle features were used in this build, making it incompatible with Gradle 9.0.
Build & Public Release	Run Code Analysis (Detekt)	2026-02-02T04:27:01.3042292Z 
Build & Public Release	Run Code Analysis (Detekt)	2026-02-02T04:27:01.3043709Z You can use '--warning-mode all' to show the individual deprecation warnings and determine if they come from your own scripts or plugins.
Build & Public Release	Run Code Analysis (Detekt)	2026-02-02T04:27:01.3044330Z 
Build & Public Release	Run Code Analysis (Detekt)	2026-02-02T04:27:01.3045433Z For more on this, please refer to https://docs.gradle.org/8.14.3/userguide/command_line_interface.html#sec:command_line_warnings in the Gradle documentation.
Build & Public Release	Run Code Analysis (Detekt)	2026-02-02T04:27:01.3046103Z 
Build & Public Release	Run Code Analysis (Detekt)	2026-02-02T04:27:01.3055292Z BUILD SUCCESSFUL in 22s
Build & Public Release	Run Code Analysis (Detekt)	2026-02-02T04:27:01.3055602Z 9 actionable tasks: 3 executed, 6 from cache
Build & Public Release	Build Release APK	ï»¿2026-02-02T04:27:01.4799469Z ##[group]Run ./gradlew assembleRelease -Pinclude-telemetry=false -Penable-updater=false --no-daemon
Build & Public Release	Build Release APK	2026-02-02T04:27:01.4800364Z [36;1m./gradlew assembleRelease -Pinclude-telemetry=false -Penable-updater=false --no-daemon[0m
Build & Public Release	Build Release APK	2026-02-02T04:27:01.4832594Z shell: /usr/bin/bash -e {0}
Build & Public Release	Build Release APK	2026-02-02T04:27:01.4832883Z env:
Build & Public Release	Build Release APK	2026-02-02T04:27:01.4833237Z   JAVA_HOME: /opt/hostedtoolcache/Java_Temurin-Hotspot_jdk/17.0.18-8/x64
Build & Public Release	Build Release APK	2026-02-02T04:27:01.4834079Z   JAVA_HOME_17_X64: /opt/hostedtoolcache/Java_Temurin-Hotspot_jdk/17.0.18-8/x64
Build & Public Release	Build Release APK	2026-02-02T04:27:01.4834569Z   GRADLE_ACTION_ID: gradle/actions/setup-gradle
Build & Public Release	Build Release APK	2026-02-02T04:27:01.4834920Z   GRADLE_USER_HOME: /home/runner/.gradle
Build & Public Release	Build Release APK	2026-02-02T04:27:01.4835244Z   GRADLE_BUILD_ACTION_SETUP_COMPLETED: true
Build & Public Release	Build Release APK	2026-02-02T04:27:01.4835594Z   GRADLE_BUILD_ACTION_CACHE_RESTORED: true
Build & Public Release	Build Release APK	2026-02-02T04:27:01.4836086Z   DEVELOCITY_INJECTION_INIT_SCRIPT_NAME: gradle-actions.inject-develocity.init.gradle
Build & Public Release	Build Release APK	2026-02-02T04:27:01.4836616Z   DEVELOCITY_INJECTION_CUSTOM_VALUE: gradle-actions
Build & Public Release	Build Release APK	2026-02-02T04:27:01.4837009Z   GITHUB_DEPENDENCY_GRAPH_ENABLED: false
Build & Public Release	Build Release APK	2026-02-02T04:27:01.4837310Z ##[endgroup]
Build & Public Release	Build Release APK	2026-02-02T04:27:02.1507600Z To honour the JVM settings for this build a single-use Daemon process will be forked. For more on this, please refer to https://docs.gradle.org/8.14.3/userguide/gradle_daemon.html#sec:disabling_the_daemon in the Gradle documentation.
Build & Public Release	Build Release APK	2026-02-02T04:27:03.2492444Z Daemon will be stopped at the end of the build 
Build & Public Release	Build Release APK	2026-02-02T04:27:03.5490020Z Configuration on demand is an incubating feature.
Build & Public Release	Build Release APK	2026-02-02T04:27:06.6504847Z Type-safe project accessors is an incubating feature.
Build & Public Release	Build Release APK	2026-02-02T04:27:09.6517007Z > Task :buildSrc:checkKotlinGradlePluginConfigurationErrors SKIPPED
Build & Public Release	Build Release APK	2026-02-02T04:27:09.7503370Z > Task :buildSrc:generateExternalPluginSpecBuilders UP-TO-DATE
Build & Public Release	Build Release APK	2026-02-02T04:27:09.7510466Z > Task :buildSrc:extractPrecompiledScriptPluginPlugins UP-TO-DATE
Build & Public Release	Build Release APK	2026-02-02T04:27:09.9509278Z > Task :buildSrc:compilePluginsBlocks UP-TO-DATE
Build & Public Release	Build Release APK	2026-02-02T04:27:10.3492849Z > Task :buildSrc:generatePrecompiledScriptPluginAccessors UP-TO-DATE
Build & Public Release	Build Release APK	2026-02-02T04:27:10.3494566Z > Task :buildSrc:generateScriptPluginAdapters UP-TO-DATE
Build & Public Release	Build Release APK	2026-02-02T04:27:10.6514827Z > Task :buildSrc:compileKotlin UP-TO-DATE
Build & Public Release	Build Release APK	2026-02-02T04:27:10.6516063Z > Task :buildSrc:compileJava NO-SOURCE
Build & Public Release	Build Release APK	2026-02-02T04:27:10.6516916Z > Task :buildSrc:compileGroovy NO-SOURCE
Build & Public Release	Build Release APK	2026-02-02T04:27:10.6517789Z > Task :buildSrc:pluginDescriptors UP-TO-DATE
Build & Public Release	Build Release APK	2026-02-02T04:27:10.6519103Z > Task :buildSrc:processResources UP-TO-DATE
Build & Public Release	Build Release APK	2026-02-02T04:27:10.6519895Z > Task :buildSrc:classes UP-TO-DATE
Build & Public Release	Build Release APK	2026-02-02T04:27:10.6520750Z > Task :buildSrc:jar UP-TO-DATE
Build & Public Release	Build Release APK	2026-02-02T04:27:20.8498159Z > Task :data:preBuild UP-TO-DATE
Build & Public Release	Build Release APK	2026-02-02T04:27:20.8499106Z > Task :data:preReleaseBuild UP-TO-DATE
Build & Public Release	Build Release APK	2026-02-02T04:27:20.8505435Z > Task :domain:preBuild UP-TO-DATE
Build & Public Release	Build Release APK	2026-02-02T04:27:20.8506216Z > Task :core-metadata:preBuild UP-TO-DATE
Build & Public Release	Build Release APK	2026-02-02T04:27:20.8506932Z > Task :domain:preReleaseBuild UP-TO-DATE
Build & Public Release	Build Release APK	2026-02-02T04:27:20.8507533Z > Task :core-metadata:preReleaseBuild UP-TO-DATE
Build & Public Release	Build Release APK	2026-02-02T04:27:20.8525481Z > Task :app:preBuild UP-TO-DATE
Build & Public Release	Build Release APK	2026-02-02T04:27:20.8526058Z > Task :app:preReleaseBuild UP-TO-DATE
Build & Public Release	Build Release APK	2026-02-02T04:27:21.0505030Z > Task :data:mergeReleaseJniLibFolders
Build & Public Release	Build Release APK	2026-02-02T04:27:21.0506112Z > Task :app:mergeReleaseJniLibFolders
Build & Public Release	Build Release APK	2026-02-02T04:27:21.0508334Z > Task :core-metadata:mergeReleaseJniLibFolders
Build & Public Release	Build Release APK	2026-02-02T04:27:21.0509869Z > Task :domain:mergeReleaseJniLibFolders
Build & Public Release	Build Release APK	2026-02-02T04:27:21.0510809Z > Task :flagkit:preBuild UP-TO-DATE
Build & Public Release	Build Release APK	2026-02-02T04:27:21.0511576Z > Task :flagkit:preReleaseBuild UP-TO-DATE
Build & Public Release	Build Release APK	2026-02-02T04:27:21.0517276Z > Task :data:mergeReleaseNativeLibs NO-SOURCE
Build & Public Release	Build Release APK	2026-02-02T04:27:21.0536172Z > Task :core-metadata:mergeReleaseNativeLibs NO-SOURCE
Build & Public Release	Build Release APK	2026-02-02T04:27:21.0537788Z > Task :domain:mergeReleaseNativeLibs NO-SOURCE
Build & Public Release	Build Release APK	2026-02-02T04:27:21.0539206Z > Task :flagkit:mergeReleaseJniLibFolders
Build & Public Release	Build Release APK	2026-02-02T04:27:21.0540176Z > Task :flagkit:mergeReleaseNativeLibs NO-SOURCE
Build & Public Release	Build Release APK	2026-02-02T04:27:21.0604541Z > Task :core-metadata:copyReleaseJniLibsProjectOnly
Build & Public Release	Build Release APK	2026-02-02T04:27:21.0605772Z > Task :i18n:generateLocalesConfig UP-TO-DATE
Build & Public Release	Build Release APK	2026-02-02T04:27:21.0606451Z > Task :domain:copyReleaseJniLibsProjectOnly
Build & Public Release	Build Release APK	2026-02-02T04:27:21.0607672Z > Task :data:copyReleaseJniLibsProjectOnly
Build & Public Release	Build Release APK	2026-02-02T04:27:21.1551040Z > Task :flagkit:copyReleaseJniLibsProjectOnly
Build & Public Release	Build Release APK	2026-02-02T04:27:21.2496572Z > Task :i18n-ank:generateMRcommonMain FROM-CACHE
Build & Public Release	Build Release APK	2026-02-02T04:27:21.2497634Z > Task :i18n-ank:generateMRandroidDebug SKIPPED
Build & Public Release	Build Release APK	2026-02-02T04:27:21.2498462Z > Task :i18n-kmk:generateMRcommonMain FROM-CACHE
Build & Public Release	Build Release APK	2026-02-02T04:27:21.2499280Z > Task :i18n-sy:generateMRcommonMain FROM-CACHE
Build & Public Release	Build Release APK	2026-02-02T04:27:21.2500140Z > Task :i18n-kmk:generateMRandroidDebug SKIPPED
Build & Public Release	Build Release APK	2026-02-02T04:27:21.2501317Z > Task :i18n-sy:generateMRandroidDebug SKIPPED
Build & Public Release	Build Release APK	2026-02-02T04:27:21.2502267Z > Task :i18n-ank:generateMRandroidInstrumentedTest FROM-CACHE
Build & Public Release	Build Release APK	2026-02-02T04:27:21.2503326Z > Task :i18n-ank:generateMRandroidInstrumentedTestDebug SKIPPED
Build & Public Release	Build Release APK	2026-02-02T04:27:21.2504578Z > Task :i18n-kmk:generateMRandroidInstrumentedTest FROM-CACHE
Build & Public Release	Build Release APK	2026-02-02T04:27:21.2505619Z > Task :i18n-kmk:generateMRandroidInstrumentedTestDebug SKIPPED
Build & Public Release	Build Release APK	2026-02-02T04:27:21.2506610Z > Task :i18n-sy:generateMRandroidInstrumentedTest FROM-CACHE
Build & Public Release	Build Release APK	2026-02-02T04:27:21.2507430Z > Task :i18n-sy:generateMRandroidInstrumentedTestDebug SKIPPED
Build & Public Release	Build Release APK	2026-02-02T04:27:21.3518333Z > Task :i18n-ank:generateMRandroidMain FROM-CACHE
Build & Public Release	Build Release APK	2026-02-02T04:27:21.3519396Z > Task :i18n-ank:generateMRandroidRelease SKIPPED
Build & Public Release	Build Release APK	2026-02-02T04:27:21.3520189Z > Task :i18n-kmk:generateMRandroidMain FROM-CACHE
Build & Public Release	Build Release APK	2026-02-02T04:27:21.3520847Z > Task :i18n-kmk:generateMRandroidRelease SKIPPED
Build & Public Release	Build Release APK	2026-02-02T04:27:21.3521510Z > Task :i18n-ank:generateMRcommonTest FROM-CACHE
Build & Public Release	Build Release APK	2026-02-02T04:27:21.3526138Z > Task :i18n-kmk:generateMRcommonTest FROM-CACHE
Build & Public Release	Build Release APK	2026-02-02T04:27:21.3551633Z > Task :i18n-ank:generateMRandroidUnitTest FROM-CACHE
Build & Public Release	Build Release APK	2026-02-02T04:27:21.3554121Z > Task :i18n-ank:generateMRandroidUnitTestDebug SKIPPED
Build & Public Release	Build Release APK	2026-02-02T04:27:21.3561002Z > Task :i18n-kmk:generateMRandroidUnitTest FROM-CACHE
Build & Public Release	Build Release APK	2026-02-02T04:27:21.3563177Z > Task :i18n:generateMRcommonMain FROM-CACHE
Build & Public Release	Build Release APK	2026-02-02T04:27:21.3566244Z > Task :i18n-kmk:generateMRandroidUnitTestDebug SKIPPED
Build & Public Release	Build Release APK	2026-02-02T04:27:21.3569366Z > Task :i18n-ank:generateMRandroidUnitTestRelease SKIPPED
Build & Public Release	Build Release APK	2026-02-02T04:27:21.3572019Z > Task :i18n:generateMRandroidDebug SKIPPED
Build & Public Release	Build Release APK	2026-02-02T04:27:21.3578944Z > Task :i18n-sy:generateMRandroidMain FROM-CACHE
Build & Public Release	Build Release APK	2026-02-02T04:27:21.3628744Z > Task :i18n-ank:preBuild UP-TO-DATE
Build & Public Release	Build Release APK	2026-02-02T04:27:21.3630115Z > Task :i18n-kmk:generateMRandroidUnitTestRelease SKIPPED
Build & Public Release	Build Release APK	2026-02-02T04:27:21.3631056Z > Task :i18n-sy:generateMRandroidRelease SKIPPED
Build & Public Release	Build Release APK	2026-02-02T04:27:21.3631880Z > Task :i18n-ank:preReleaseBuild UP-TO-DATE
Build & Public Release	Build Release APK	2026-02-02T04:27:21.3632640Z > Task :i18n-kmk:preBuild UP-TO-DATE
Build & Public Release	Build Release APK	2026-02-02T04:27:21.3633353Z > Task :i18n-kmk:preReleaseBuild UP-TO-DATE
Build & Public Release	Build Release APK	2026-02-02T04:27:21.3634350Z > Task :i18n-sy:generateMRcommonTest FROM-CACHE
Build & Public Release	Build Release APK	2026-02-02T04:27:21.3635379Z > Task :i18n:generateMRandroidInstrumentedTest FROM-CACHE
Build & Public Release	Build Release APK	2026-02-02T04:27:21.3636360Z > Task :i18n:generateMRandroidInstrumentedTestDebug SKIPPED
Build & Public Release	Build Release APK	2026-02-02T04:27:21.3637428Z > Task :i18n-ank:mergeReleaseJniLibFolders
Build & Public Release	Build Release APK	2026-02-02T04:27:21.3638183Z > Task :i18n-kmk:mergeReleaseJniLibFolders
Build & Public Release	Build Release APK	2026-02-02T04:27:21.3638964Z > Task :i18n-ank:mergeReleaseNativeLibs NO-SOURCE
Build & Public Release	Build Release APK	2026-02-02T04:27:21.3639728Z > Task :i18n-kmk:mergeReleaseNativeLibs NO-SOURCE
Build & Public Release	Build Release APK	2026-02-02T04:27:21.3640561Z > Task :i18n-sy:generateMRandroidUnitTest FROM-CACHE
Build & Public Release	Build Release APK	2026-02-02T04:27:21.3641392Z > Task :i18n-sy:generateMRandroidUnitTestDebug SKIPPED
Build & Public Release	Build Release APK	2026-02-02T04:27:21.3642273Z > Task :i18n-sy:generateMRandroidUnitTestRelease SKIPPED
Build & Public Release	Build Release APK	2026-02-02T04:27:21.3643149Z > Task :i18n-sy:preBuild UP-TO-DATE
Build & Public Release	Build Release APK	2026-02-02T04:27:21.3644106Z > Task :i18n-ank:copyReleaseJniLibsProjectOnly
Build & Public Release	Build Release APK	2026-02-02T04:27:21.3644886Z > Task :i18n-sy:preReleaseBuild UP-TO-DATE
Build & Public Release	Build Release APK	2026-02-02T04:27:21.3645635Z > Task :presentation-core:preBuild UP-TO-DATE
Build & Public Release	Build Release APK	2026-02-02T04:27:21.3646568Z > Task :presentation-core:preReleaseBuild UP-TO-DATE
Build & Public Release	Build Release APK	2026-02-02T04:27:21.3647473Z > Task :i18n-kmk:copyReleaseJniLibsProjectOnly
Build & Public Release	Build Release APK	2026-02-02T04:27:21.3648609Z > Task :presentation-widget:preBuild UP-TO-DATE
Build & Public Release	Build Release APK	2026-02-02T04:27:21.3649453Z > Task :presentation-widget:preReleaseBuild UP-TO-DATE
Build & Public Release	Build Release APK	2026-02-02T04:27:21.3650378Z > Task :presentation-core:mergeReleaseJniLibFolders
Build & Public Release	Build Release APK	2026-02-02T04:27:21.3651190Z > Task :i18n-sy:mergeReleaseJniLibFolders
Build & Public Release	Build Release APK	2026-02-02T04:27:21.3651950Z > Task :presentation-widget:mergeReleaseJniLibFolders
Build & Public Release	Build Release APK	2026-02-02T04:27:21.3652829Z > Task :presentation-widget:mergeReleaseNativeLibs NO-SOURCE
Build & Public Release	Build Release APK	2026-02-02T04:27:21.3654015Z > Task :presentation-core:mergeReleaseNativeLibs NO-SOURCE
Build & Public Release	Build Release APK	2026-02-02T04:27:21.3654851Z > Task :i18n-sy:mergeReleaseNativeLibs NO-SOURCE
Build & Public Release	Build Release APK	2026-02-02T04:27:21.3655779Z > Task :presentation-widget:copyReleaseJniLibsProjectOnly
Build & Public Release	Build Release APK	2026-02-02T04:27:21.3657161Z > Task :presentation-core:copyReleaseJniLibsProjectOnly
Build & Public Release	Build Release APK	2026-02-02T04:27:21.3658444Z > Task :i18n-sy:copyReleaseJniLibsProjectOnly
Build & Public Release	Build Release APK	2026-02-02T04:27:21.4548191Z > Task :source-local:preBuild UP-TO-DATE
Build & Public Release	Build Release APK	2026-02-02T04:27:21.4548866Z > Task :source-api:preBuild UP-TO-DATE
Build & Public Release	Build Release APK	2026-02-02T04:27:21.4549495Z > Task :source-api:preReleaseBuild UP-TO-DATE
Build & Public Release	Build Release APK	2026-02-02T04:27:21.4550123Z > Task :source-local:preReleaseBuild UP-TO-DATE
Build & Public Release	Build Release APK	2026-02-02T04:27:21.4550706Z > Task :telemetry:preBuild UP-TO-DATE
Build & Public Release	Build Release APK	2026-02-02T04:27:21.4551424Z > Task :telemetry:preReleaseBuild UP-TO-DATE
Build & Public Release	Build Release APK	2026-02-02T04:27:21.4552072Z > Task :source-local:mergeReleaseJniLibFolders
Build & Public Release	Build Release APK	2026-02-02T04:27:21.4619936Z > Task :source-api:mergeReleaseJniLibFolders
Build & Public Release	Build Release APK	2026-02-02T04:27:21.4644649Z > Task :telemetry:mergeReleaseJniLibFolders
Build & Public Release	Build Release APK	2026-02-02T04:27:21.4645596Z > Task :telemetry:mergeReleaseNativeLibs NO-SOURCE
Build & Public Release	Build Release APK	2026-02-02T04:27:21.4646439Z > Task :source-local:mergeReleaseNativeLibs NO-SOURCE
Build & Public Release	Build Release APK	2026-02-02T04:27:21.4647120Z > Task :source-api:mergeReleaseNativeLibs NO-SOURCE
Build & Public Release	Build Release APK	2026-02-02T04:27:21.4647783Z > Task :source-api:copyReleaseJniLibsProjectOnly
Build & Public Release	Build Release APK	2026-02-02T04:27:21.4648449Z > Task :telemetry:copyReleaseJniLibsProjectOnly
Build & Public Release	Build Release APK	2026-02-02T04:27:21.4649072Z > Task :core:common:preBuild UP-TO-DATE
Build & Public Release	Build Release APK	2026-02-02T04:27:21.4649707Z > Task :core:common:preReleaseBuild UP-TO-DATE
Build & Public Release	Build Release APK	2026-02-02T04:27:21.4650392Z > Task :source-local:copyReleaseJniLibsProjectOnly
Build & Public Release	Build Release APK	2026-02-02T04:27:21.4651045Z > Task :core:archive:preBuild UP-TO-DATE
Build & Public Release	Build Release APK	2026-02-02T04:27:21.4651651Z > Task :core:archive:preReleaseBuild UP-TO-DATE
Build & Public Release	Build Release APK	2026-02-02T04:27:21.4652304Z > Task :core-metadata:prepareReleaseArtProfile
Build & Public Release	Build Release APK	2026-02-02T04:27:21.4652965Z > Task :core:common:mergeReleaseJniLibFolders
Build & Public Release	Build Release APK	2026-02-02T04:27:21.4654251Z > Task :data:prepareReleaseArtProfile
Build & Public Release	Build Release APK	2026-02-02T04:27:21.4654879Z > Task :core:common:mergeReleaseNativeLibs NO-SOURCE
Build & Public Release	Build Release APK	2026-02-02T04:27:21.4655526Z > Task :domain:prepareReleaseArtProfile
Build & Public Release	Build Release APK	2026-02-02T04:27:21.4656154Z > Task :core:common:copyReleaseJniLibsProjectOnly
Build & Public Release	Build Release APK	2026-02-02T04:27:21.4656812Z > Task :core:archive:mergeReleaseJniLibFolders
Build & Public Release	Build Release APK	2026-02-02T04:27:21.4657420Z > Task :flagkit:prepareReleaseArtProfile
Build & Public Release	Build Release APK	2026-02-02T04:27:21.4658018Z > Task :i18n-ank:prepareReleaseArtProfile
Build & Public Release	Build Release APK	2026-02-02T04:27:21.4658679Z > Task :core:archive:mergeReleaseNativeLibs NO-SOURCE
Build & Public Release	Build Release APK	2026-02-02T04:27:21.4659337Z > Task :i18n-kmk:prepareReleaseArtProfile
Build & Public Release	Build Release APK	2026-02-02T04:27:21.4659919Z > Task :i18n-sy:prepareReleaseArtProfile
Build & Public Release	Build Release APK	2026-02-02T04:27:21.4660531Z > Task :presentation-core:prepareReleaseArtProfile
Build & Public Release	Build Release APK	2026-02-02T04:27:21.5492802Z > Task :core:archive:copyReleaseJniLibsProjectOnly
Build & Public Release	Build Release APK	2026-02-02T04:27:21.5508855Z > Task :presentation-widget:prepareReleaseArtProfile
Build & Public Release	Build Release APK	2026-02-02T04:27:21.5509621Z > Task :source-api:prepareReleaseArtProfile
Build & Public Release	Build Release APK	2026-02-02T04:27:21.5510264Z > Task :source-local:prepareReleaseArtProfile
Build & Public Release	Build Release APK	2026-02-02T04:27:21.5510900Z > Task :telemetry:prepareReleaseArtProfile
Build & Public Release	Build Release APK	2026-02-02T04:27:21.5511548Z > Task :core:archive:prepareReleaseArtProfile
Build & Public Release	Build Release APK	2026-02-02T04:27:21.5512381Z > Task :core-metadata:checkKotlinGradlePluginConfigurationErrors SKIPPED
Build & Public Release	Build Release APK	2026-02-02T04:27:21.5513238Z > Task :core:common:prepareReleaseArtProfile
Build & Public Release	Build Release APK	2026-02-02T04:27:21.5514204Z > Task :core-metadata:generateReleaseResValues FROM-CACHE
Build & Public Release	Build Release APK	2026-02-02T04:27:21.5514976Z > Task :source-api:generateReleaseResValues FROM-CACHE
Build & Public Release	Build Release APK	2026-02-02T04:27:21.5516084Z > Task :core-metadata:generateReleaseResources FROM-CACHE
Build & Public Release	Build Release APK	2026-02-02T04:27:21.5516829Z > Task :i18n-sy:generateReleaseResValues FROM-CACHE
Build & Public Release	Build Release APK	2026-02-02T04:27:21.5517559Z > Task :source-api:generateReleaseResources FROM-CACHE
Build & Public Release	Build Release APK	2026-02-02T04:27:21.5518326Z > Task :i18n-sy:generateReleaseResources FROM-CACHE
Build & Public Release	Build Release APK	2026-02-02T04:27:21.5519077Z > Task :core-metadata:packageReleaseResources FROM-CACHE
Build & Public Release	Build Release APK	2026-02-02T04:27:21.5519851Z > Task :source-api:packageReleaseResources FROM-CACHE
Build & Public Release	Build Release APK	2026-02-02T04:27:21.6488503Z > Task :i18n-sy:packageReleaseResources FROM-CACHE
Build & Public Release	Build Release APK	2026-02-02T04:27:21.6489241Z > Task :i18n:generateMRandroidMain FROM-CACHE
Build & Public Release	Build Release APK	2026-02-02T04:27:21.6489896Z > Task :i18n:generateMRandroidRelease SKIPPED
Build & Public Release	Build Release APK	2026-02-02T04:27:22.3489496Z > Task :i18n:generateMRcommonTest FROM-CACHE
Build & Public Release	Build Release APK	2026-02-02T04:27:22.3494002Z > Task :core-metadata:parseReleaseLocalResources FROM-CACHE
Build & Public Release	Build Release APK	2026-02-02T04:27:22.3495120Z > Task :i18n-sy:parseReleaseLocalResources FROM-CACHE
Build & Public Release	Build Release APK	2026-02-02T04:27:22.3496061Z > Task :source-api:parseReleaseLocalResources FROM-CACHE
Build & Public Release	Build Release APK	2026-02-02T04:27:22.3497855Z > Task :i18n:generateMRandroidUnitTest FROM-CACHE
Build & Public Release	Build Release APK	2026-02-02T04:27:22.3498889Z > Task :i18n:generateMRandroidUnitTestDebug SKIPPED
Build & Public Release	Build Release APK	2026-02-02T04:27:22.3500395Z > Task :source-api:kmpPartiallyResolvedDependenciesChecker
Build & Public Release	Build Release APK	2026-02-02T04:27:22.3501340Z > Task :i18n:generateMRandroidUnitTestRelease SKIPPED
Build & Public Release	Build Release APK	2026-02-02T04:27:22.3502320Z > Task :source-api:checkKotlinGradlePluginConfigurationErrors SKIPPED
Build & Public Release	Build Release APK	2026-02-02T04:27:22.3503226Z > Task :i18n:preBuild UP-TO-DATE
Build & Public Release	Build Release APK	2026-02-02T04:27:22.3504088Z > Task :i18n:preReleaseBuild UP-TO-DATE
Build & Public Release	Build Release APK	2026-02-02T04:27:22.3504898Z > Task :core:common:generateReleaseResValues FROM-CACHE
Build & Public Release	Build Release APK	2026-02-02T04:27:22.3505861Z > Task :core:common:generateReleaseResources FROM-CACHE
Build & Public Release	Build Release APK	2026-02-02T04:27:22.3507646Z > Task :source-api:javaPreCompileRelease FROM-CACHE
Build & Public Release	Build Release APK	2026-02-02T04:27:22.3508301Z > Task :i18n:mergeReleaseJniLibFolders
Build & Public Release	Build Release APK	2026-02-02T04:27:22.3508877Z > Task :i18n:mergeReleaseNativeLibs NO-SOURCE
Build & Public Release	Build Release APK	2026-02-02T04:27:22.3509582Z > Task :core-metadata:javaPreCompileRelease FROM-CACHE
Build & Public Release	Build Release APK	2026-02-02T04:27:22.3510465Z > Task :domain:checkKotlinGradlePluginConfigurationErrors SKIPPED
Build & Public Release	Build Release APK	2026-02-02T04:27:22.3511352Z > Task :core:common:packageReleaseResources FROM-CACHE
Build & Public Release	Build Release APK	2026-02-02T04:27:22.3512049Z > Task :i18n:copyReleaseJniLibsProjectOnly
Build & Public Release	Build Release APK	2026-02-02T04:27:22.3512675Z > Task :domain:generateReleaseResValues FROM-CACHE
Build & Public Release	Build Release APK	2026-02-02T04:27:22.3513736Z > Task :i18n:prepareReleaseArtProfile
Build & Public Release	Build Release APK	2026-02-02T04:27:22.3514377Z > Task :domain:generateReleaseResources FROM-CACHE
Build & Public Release	Build Release APK	2026-02-02T04:27:22.3515155Z > Task :i18n:generateReleaseResValues FROM-CACHE
Build & Public Release	Build Release APK	2026-02-02T04:27:22.3524054Z > Task :core:common:parseReleaseLocalResources FROM-CACHE
Build & Public Release	Build Release APK	2026-02-02T04:27:22.3525144Z > Task :core:common:checkKotlinGradlePluginConfigurationErrors SKIPPED
Build & Public Release	Build Release APK	2026-02-02T04:27:22.3526100Z > Task :core:common:javaPreCompileRelease FROM-CACHE
Build & Public Release	Build Release APK	2026-02-02T04:27:22.3527106Z > Task :i18n:generateReleaseResources FROM-CACHE
Build & Public Release	Build Release APK	2026-02-02T04:27:22.3529540Z > Task :domain:packageReleaseResources FROM-CACHE
Build & Public Release	Build Release APK	2026-02-02T04:27:22.4529577Z > Task :domain:parseReleaseLocalResources FROM-CACHE
Build & Public Release	Build Release APK	2026-02-02T04:27:22.4536845Z > Task :i18n-ank:generateReleaseResValues FROM-CACHE
Build & Public Release	Build Release APK	2026-02-02T04:27:22.4541611Z > Task :i18n-ank:generateReleaseResources FROM-CACHE
Build & Public Release	Build Release APK	2026-02-02T04:27:22.4546967Z > Task :i18n-sy:generateReleaseRFile FROM-CACHE
Build & Public Release	Build Release APK	2026-02-02T04:27:22.4548049Z > Task :i18n-sy:kmpPartiallyResolvedDependenciesChecker
Build & Public Release	Build Release APK	2026-02-02T04:27:22.4549160Z > Task :i18n-sy:checkKotlinGradlePluginConfigurationErrors SKIPPED
Build & Public Release	Build Release APK	2026-02-02T04:27:22.4587095Z > Task :i18n-ank:packageReleaseResources FROM-CACHE
Build & Public Release	Build Release APK	2026-02-02T04:27:22.5490162Z > Task :i18n-ank:parseReleaseLocalResources FROM-CACHE
Build & Public Release	Build Release APK	2026-02-02T04:27:22.5519232Z > Task :i18n-ank:generateReleaseRFile FROM-CACHE
Build & Public Release	Build Release APK	2026-02-02T04:27:22.5523919Z > Task :i18n-ank:kmpPartiallyResolvedDependenciesChecker
Build & Public Release	Build Release APK	2026-02-02T04:27:22.5528706Z > Task :i18n-ank:checkKotlinGradlePluginConfigurationErrors SKIPPED
Build & Public Release	Build Release APK	2026-02-02T04:27:22.6528571Z > Task :i18n:packageReleaseResources FROM-CACHE
Build & Public Release	Build Release APK	2026-02-02T04:27:22.6530603Z > Task :i18n:parseReleaseLocalResources FROM-CACHE
Build & Public Release	Build Release APK	2026-02-02T04:27:22.6531530Z > Task :i18n:generateReleaseRFile FROM-CACHE
Build & Public Release	Build Release APK	2026-02-02T04:27:22.7490757Z > Task :i18n-ank:compileReleaseKotlinAndroid FROM-CACHE
Build & Public Release	Build Release APK	2026-02-02T04:27:22.7497118Z > Task :i18n:kmpPartiallyResolvedDependenciesChecker
Build & Public Release	Build Release APK	2026-02-02T04:27:22.7500765Z > Task :i18n:checkKotlinGradlePluginConfigurationErrors SKIPPED
Build & Public Release	Build Release APK	2026-02-02T04:27:22.7503821Z > Task :i18n-sy:compileReleaseKotlinAndroid FROM-CACHE
Build & Public Release	Build Release APK	2026-02-02T04:27:22.7506661Z > Task :i18n-sy:javaPreCompileRelease FROM-CACHE
Build & Public Release	Build Release APK	2026-02-02T04:27:22.7509155Z > Task :i18n-sy:compileReleaseJavaWithJavac NO-SOURCE
Build & Public Release	Build Release APK	2026-02-02T04:27:22.8489037Z > Task :i18n:compileReleaseKotlinAndroid FROM-CACHE
Build & Public Release	Build Release APK	2026-02-02T04:27:22.8492846Z > Task :i18n:javaPreCompileRelease FROM-CACHE
Build & Public Release	Build Release APK	2026-02-02T04:27:22.8498180Z > Task :i18n:compileReleaseJavaWithJavac NO-SOURCE
Build & Public Release	Build Release APK	2026-02-02T04:27:23.1488630Z > Task :i18n:bundleLibCompileToJarRelease
Build & Public Release	Build Release APK	2026-02-02T04:27:23.1493813Z > Task :i18n-ank:javaPreCompileRelease FROM-CACHE
Build & Public Release	Build Release APK	2026-02-02T04:27:23.1494620Z > Task :i18n-ank:compileReleaseJavaWithJavac NO-SOURCE
Build & Public Release	Build Release APK	2026-02-02T04:27:23.5503681Z > Task :i18n-sy:bundleLibCompileToJarRelease
Build & Public Release	Build Release APK	2026-02-02T04:27:23.5504516Z > Task :i18n-ank:bundleLibCompileToJarRelease
Build & Public Release	Build Release APK	2026-02-02T04:27:23.5505335Z > Task :source-local:kmpPartiallyResolvedDependenciesChecker
Build & Public Release	Build Release APK	2026-02-02T04:27:23.5506327Z > Task :source-local:checkKotlinGradlePluginConfigurationErrors SKIPPED
Build & Public Release	Build Release APK	2026-02-02T04:27:23.5507256Z > Task :domain:javaPreCompileRelease FROM-CACHE
Build & Public Release	Build Release APK	2026-02-02T04:27:23.5507958Z > Task :core:common:generateReleaseRFile FROM-CACHE
Build & Public Release	Build Release APK	2026-02-02T04:27:23.5508714Z > Task :source-local:generateReleaseResValues FROM-CACHE
Build & Public Release	Build Release APK	2026-02-02T04:27:23.5509486Z > Task :core:archive:generateReleaseResValues FROM-CACHE
Build & Public Release	Build Release APK	2026-02-02T04:27:23.5510226Z > Task :source-local:generateReleaseResources FROM-CACHE
Build & Public Release	Build Release APK	2026-02-02T04:27:23.5510986Z > Task :source-local:packageReleaseResources FROM-CACHE
Build & Public Release	Build Release APK	2026-02-02T04:27:23.6518009Z > Task :source-api:generateReleaseRFile FROM-CACHE
Build & Public Release	Build Release APK	2026-02-02T04:27:23.8510268Z > Task :core-metadata:generateReleaseRFile FROM-CACHE
Build & Public Release	Build Release APK	2026-02-02T04:27:23.9490004Z > Task :domain:generateReleaseRFile FROM-CACHE
Build & Public Release	Build Release APK	2026-02-02T04:27:23.9491090Z > Task :source-local:parseReleaseLocalResources FROM-CACHE
Build & Public Release	Build Release APK	2026-02-02T04:27:23.9492042Z > Task :core:archive:generateReleaseResources FROM-CACHE
Build & Public Release	Build Release APK	2026-02-02T04:27:23.9492996Z > Task :core:archive:packageReleaseResources FROM-CACHE
Build & Public Release	Build Release APK	2026-02-02T04:27:23.9495291Z > Task :app:mergeReleaseArtProfile
Build & Public Release	Build Release APK	2026-02-02T04:27:23.9496247Z > Task :core:archive:parseReleaseLocalResources FROM-CACHE
Build & Public Release	Build Release APK	2026-02-02T04:27:24.0497819Z > Task :core:archive:generateReleaseRFile FROM-CACHE
Build & Public Release	Build Release APK	2026-02-02T04:27:24.0534797Z > Task :core:common:compileReleaseKotlin FROM-CACHE
Build & Public Release	Build Release APK	2026-02-02T04:27:24.0536082Z > Task :core:common:compileReleaseJavaWithJavac NO-SOURCE
Build & Public Release	Build Release APK	2026-02-02T04:27:24.1517502Z > Task :core:common:bundleLibCompileToJarRelease
Build & Public Release	Build Release APK	2026-02-02T04:27:24.1518565Z > Task :source-local:generateReleaseRFile FROM-CACHE
Build & Public Release	Build Release APK	2026-02-02T04:27:24.1519663Z > Task :core:archive:checkKotlinGradlePluginConfigurationErrors SKIPPED
Build & Public Release	Build Release APK	2026-02-02T04:27:24.7510020Z > Task :app:mergeReleaseNativeLibs
Build & Public Release	Build Release APK	2026-02-02T04:27:24.7511409Z > Task :source-local:javaPreCompileRelease FROM-CACHE
Build & Public Release	Build Release APK	2026-02-02T04:27:24.7513169Z > Task :data:checkKotlinGradlePluginConfigurationErrors SKIPPED
Build & Public Release	Build Release APK	2026-02-02T04:27:24.8506480Z > Task :data:generateReleaseDatabaseInterface FROM-CACHE
Build & Public Release	Build Release APK	2026-02-02T04:27:24.8528895Z > Task :data:generateReleaseResValues FROM-CACHE
Build & Public Release	Build Release APK	2026-02-02T04:27:24.8534125Z > Task :data:generateReleaseResources FROM-CACHE
Build & Public Release	Build Release APK	2026-02-02T04:27:24.8535208Z > Task :core:archive:compileReleaseKotlin FROM-CACHE
Build & Public Release	Build Release APK	2026-02-02T04:27:24.8540053Z > Task :core:archive:javaPreCompileRelease FROM-CACHE
Build & Public Release	Build Release APK	2026-02-02T04:27:24.8583905Z > Task :data:packageReleaseResources FROM-CACHE
Build & Public Release	Build Release APK	2026-02-02T04:27:24.8584726Z > Task :core:archive:compileReleaseJavaWithJavac NO-SOURCE
Build & Public Release	Build Release APK	2026-02-02T04:27:24.8585512Z > Task :data:parseReleaseLocalResources FROM-CACHE
Build & Public Release	Build Release APK	2026-02-02T04:27:24.9489501Z > Task :core:archive:bundleLibCompileToJarRelease
Build & Public Release	Build Release APK	2026-02-02T04:27:24.9490901Z > Task :core:archive:mergeReleaseGeneratedProguardFiles
Build & Public Release	Build Release APK	2026-02-02T04:27:24.9500593Z > Task :source-api:compileReleaseKotlinAndroid FROM-CACHE
Build & Public Release	Build Release APK	2026-02-02T04:27:24.9501403Z > Task :core:archive:exportReleaseConsumerProguardFiles
Build & Public Release	Build Release APK	2026-02-02T04:27:24.9507718Z > Task :source-api:compileReleaseJavaWithJavac NO-SOURCE
Build & Public Release	Build Release APK	2026-02-02T04:27:24.9510358Z > Task :presentation-core:checkKotlinGradlePluginConfigurationErrors SKIPPED
Build & Public Release	Build Release APK	2026-02-02T04:27:24.9512433Z > Task :presentation-core:generateReleaseResValues FROM-CACHE
Build & Public Release	Build Release APK	2026-02-02T04:27:24.9513306Z > Task :presentation-core:generateReleaseResources FROM-CACHE
Build & Public Release	Build Release APK	2026-02-02T04:27:24.9514309Z > Task :source-api:bundleLibCompileToJarRelease
Build & Public Release	Build Release APK	2026-02-02T04:27:24.9514986Z > Task :data:generateReleaseRFile FROM-CACHE
Build & Public Release	Build Release APK	2026-02-02T04:27:24.9515744Z > Task :presentation-core:packageReleaseResources FROM-CACHE
Build & Public Release	Build Release APK	2026-02-02T04:27:25.0507126Z > Task :data:javaPreCompileRelease FROM-CACHE
Build & Public Release	Build Release APK	2026-02-02T04:27:25.0511181Z > Task :presentation-core:parseReleaseLocalResources FROM-CACHE
Build & Public Release	Build Release APK	2026-02-02T04:27:25.0513335Z > Task :core-metadata:compileReleaseKotlin FROM-CACHE
Build & Public Release	Build Release APK	2026-02-02T04:27:25.0530189Z > Task :core-metadata:compileReleaseJavaWithJavac NO-SOURCE
Build & Public Release	Build Release APK	2026-02-02T04:27:25.1496296Z > Task :app:expandReleaseL8ArtProfileWildcards FROM-CACHE
Build & Public Release	Build Release APK	2026-02-02T04:27:25.1497717Z > Task :core-metadata:bundleLibCompileToJarRelease
Build & Public Release	Build Release APK	2026-02-02T04:27:25.1501371Z > Task :core-metadata:mergeReleaseGeneratedProguardFiles
Build & Public Release	Build Release APK	2026-02-02T04:27:25.1502454Z > Task :core-metadata:exportReleaseConsumerProguardFiles
Build & Public Release	Build Release APK	2026-02-02T04:27:25.1503920Z > Task :presentation-widget:checkKotlinGradlePluginConfigurationErrors SKIPPED
Build & Public Release	Build Release APK	2026-02-02T04:27:25.1505467Z > Task :presentation-widget:generateReleaseResValues FROM-CACHE
Build & Public Release	Build Release APK	2026-02-02T04:27:25.1506646Z > Task :presentation-widget:generateReleaseResources FROM-CACHE
Build & Public Release	Build Release APK	2026-02-02T04:27:25.2503900Z > Task :presentation-widget:packageReleaseResources FROM-CACHE
Build & Public Release	Build Release APK	2026-02-02T04:27:25.2514273Z > Task :presentation-widget:parseReleaseLocalResources FROM-CACHE
Build & Public Release	Build Release APK	2026-02-02T04:27:25.2515511Z > Task :presentation-widget:javaPreCompileRelease FROM-CACHE
Build & Public Release	Build Release APK	2026-02-02T04:27:25.2516506Z > Task :source-api:mergeReleaseGeneratedProguardFiles
Build & Public Release	Build Release APK	2026-02-02T04:27:25.3502807Z > Task :source-api:exportReleaseConsumerProguardFiles
Build & Public Release	Build Release APK	2026-02-02T04:27:25.3503906Z > Task :flagkit:checkKotlinGradlePluginConfigurationErrors SKIPPED
Build & Public Release	Build Release APK	2026-02-02T04:27:25.3509100Z > Task :flagkit:generateReleaseResValues FROM-CACHE
Build & Public Release	Build Release APK	2026-02-02T04:27:25.3513412Z > Task :presentation-core:generateReleaseRFile FROM-CACHE
Build & Public Release	Build Release APK	2026-02-02T04:27:25.4487447Z > Task :domain:compileReleaseKotlin FROM-CACHE
Build & Public Release	Build Release APK	2026-02-02T04:27:25.4492251Z > Task :domain:compileReleaseJavaWithJavac NO-SOURCE
Build & Public Release	Build Release APK	2026-02-02T04:27:25.8490520Z > Task :app:stripReleaseDebugSymbols
Build & Public Release	Build Release APK	2026-02-02T04:27:25.8492897Z > Task :app:extractReleaseNativeSymbolTables FROM-CACHE
Build & Public Release	Build Release APK	2026-02-02T04:27:25.8496029Z > Task :app:mergeReleaseNativeDebugMetadata NO-SOURCE
Build & Public Release	Build Release APK	2026-02-02T04:27:25.9497110Z > Task :flagkit:generateReleaseResources FROM-CACHE
Build & Public Release	Build Release APK	2026-02-02T04:27:25.9498782Z > Task :domain:mergeReleaseGeneratedProguardFiles
Build & Public Release	Build Release APK	2026-02-02T04:27:25.9500129Z > Task :domain:bundleLibCompileToJarRelease
Build & Public Release	Build Release APK	2026-02-02T04:27:25.9501026Z > Task :domain:exportReleaseConsumerProguardFiles
Build & Public Release	Build Release APK	2026-02-02T04:27:26.0500271Z > Task :presentation-widget:generateReleaseRFile FROM-CACHE
Build & Public Release	Build Release APK	2026-02-02T04:27:26.0502330Z > Task :source-local:compileReleaseKotlinAndroid FROM-CACHE
Build & Public Release	Build Release APK	2026-02-02T04:27:26.0503304Z > Task :source-local:compileReleaseJavaWithJavac NO-SOURCE
Build & Public Release	Build Release APK	2026-02-02T04:27:26.1514917Z > Task :source-local:mergeReleaseGeneratedProguardFiles
Build & Public Release	Build Release APK	2026-02-02T04:27:26.1544588Z > Task :source-local:exportReleaseConsumerProguardFiles
Build & Public Release	Build Release APK	2026-02-02T04:27:26.1545731Z > Task :core:common:mergeReleaseGeneratedProguardFiles
Build & Public Release	Build Release APK	2026-02-02T04:27:26.1546622Z > Task :core:common:exportReleaseConsumerProguardFiles
Build & Public Release	Build Release APK	2026-02-02T04:27:26.1547525Z > Task :presentation-core:compileReleaseKotlin FROM-CACHE
Build & Public Release	Build Release APK	2026-02-02T04:27:26.1548384Z > Task :i18n:mergeReleaseGeneratedProguardFiles
Build & Public Release	Build Release APK	2026-02-02T04:27:26.1549230Z > Task :presentation-core:javaPreCompileRelease FROM-CACHE
Build & Public Release	Build Release APK	2026-02-02T04:27:26.1550488Z > Task :i18n:exportReleaseConsumerProguardFiles
Build & Public Release	Build Release APK	2026-02-02T04:27:26.1551413Z > Task :i18n-kmk:kmpPartiallyResolvedDependenciesChecker
Build & Public Release	Build Release APK	2026-02-02T04:27:26.1552523Z > Task :i18n-kmk:checkKotlinGradlePluginConfigurationErrors SKIPPED
Build & Public Release	Build Release APK	2026-02-02T04:27:26.1553834Z > Task :presentation-core:compileReleaseJavaWithJavac NO-SOURCE
Build & Public Release	Build Release APK	2026-02-02T04:27:26.1555028Z > Task :i18n-kmk:generateReleaseResValues FROM-CACHE
Build & Public Release	Build Release APK	2026-02-02T04:27:26.1556071Z > Task :presentation-core:mergeReleaseGeneratedProguardFiles
Build & Public Release	Build Release APK	2026-02-02T04:27:26.1556917Z > Task :flagkit:packageReleaseResources FROM-CACHE
Build & Public Release	Build Release APK	2026-02-02T04:27:26.1557732Z > Task :presentation-core:exportReleaseConsumerProguardFiles
Build & Public Release	Build Release APK	2026-02-02T04:27:26.1558535Z > Task :i18n-kmk:generateReleaseResources FROM-CACHE
Build & Public Release	Build Release APK	2026-02-02T04:27:26.1559256Z > Task :flagkit:parseReleaseLocalResources FROM-CACHE
Build & Public Release	Build Release APK	2026-02-02T04:27:26.1560013Z > Task :presentation-core:bundleLibCompileToJarRelease
Build & Public Release	Build Release APK	2026-02-02T04:27:26.1560700Z > Task :data:compileReleaseKotlin FROM-CACHE
Build & Public Release	Build Release APK	2026-02-02T04:27:26.2487378Z > Task :data:compileReleaseJavaWithJavac NO-SOURCE
Build & Public Release	Build Release APK	2026-02-02T04:27:26.2488559Z > Task :data:mergeReleaseGeneratedProguardFiles
Build & Public Release	Build Release APK	2026-02-02T04:27:26.2489524Z > Task :i18n-kmk:packageReleaseResources FROM-CACHE
Build & Public Release	Build Release APK	2026-02-02T04:27:26.2490413Z > Task :data:exportReleaseConsumerProguardFiles
Build & Public Release	Build Release APK	2026-02-02T04:27:26.2491313Z > Task :i18n-kmk:parseReleaseLocalResources FROM-CACHE
Build & Public Release	Build Release APK	2026-02-02T04:27:26.2492254Z > Task :i18n-ank:mergeReleaseGeneratedProguardFiles
Build & Public Release	Build Release APK	2026-02-02T04:27:26.2493131Z > Task :i18n-kmk:generateReleaseRFile FROM-CACHE
Build & Public Release	Build Release APK	2026-02-02T04:27:26.2494171Z > Task :flagkit:generateReleaseRFile FROM-CACHE
Build & Public Release	Build Release APK	2026-02-02T04:27:26.2495034Z > Task :i18n-ank:exportReleaseConsumerProguardFiles
Build & Public Release	Build Release APK	2026-02-02T04:27:26.2495826Z > Task :i18n-sy:mergeReleaseGeneratedProguardFiles
Build & Public Release	Build Release APK	2026-02-02T04:27:26.2496601Z > Task :i18n-sy:exportReleaseConsumerProguardFiles
Build & Public Release	Build Release APK	2026-02-02T04:27:26.2497603Z > Task :telemetry:checkKotlinGradlePluginConfigurationErrors SKIPPED
Build & Public Release	Build Release APK	2026-02-02T04:27:26.2498719Z > Task :telemetry:generateReleaseResValues FROM-CACHE
Build & Public Release	Build Release APK	2026-02-02T04:27:26.2499572Z > Task :telemetry:generateReleaseResources FROM-CACHE
Build & Public Release	Build Release APK	2026-02-02T04:27:26.2500507Z > Task :presentation-widget:compileReleaseKotlin FROM-CACHE
Build & Public Release	Build Release APK	2026-02-02T04:27:26.3500879Z > Task :presentation-widget:compileReleaseJavaWithJavac NO-SOURCE
Build & Public Release	Build Release APK	2026-02-02T04:27:26.3502256Z > Task :i18n-kmk:compileReleaseKotlinAndroid FROM-CACHE
Build & Public Release	Build Release APK	2026-02-02T04:27:26.3503894Z > Task :i18n-kmk:javaPreCompileRelease FROM-CACHE
Build & Public Release	Build Release APK	2026-02-02T04:27:26.3504882Z > Task :presentation-widget:mergeReleaseGeneratedProguardFiles
Build & Public Release	Build Release APK	2026-02-02T04:27:26.3505912Z > Task :i18n-kmk:compileReleaseJavaWithJavac NO-SOURCE
Build & Public Release	Build Release APK	2026-02-02T04:27:26.3506923Z > Task :telemetry:packageReleaseResources FROM-CACHE
Build & Public Release	Build Release APK	2026-02-02T04:27:26.3507965Z > Task :i18n-kmk:mergeReleaseGeneratedProguardFiles
Build & Public Release	Build Release APK	2026-02-02T04:27:26.3509255Z > Task :presentation-widget:exportReleaseConsumerProguardFiles
Build & Public Release	Build Release APK	2026-02-02T04:27:26.3510390Z > Task :i18n-kmk:exportReleaseConsumerProguardFiles
Build & Public Release	Build Release APK	2026-02-02T04:27:26.3511362Z > Task :telemetry:parseReleaseLocalResources FROM-CACHE
Build & Public Release	Build Release APK	2026-02-02T04:27:26.3512344Z > Task :flagkit:compileReleaseKotlin FROM-CACHE
Build & Public Release	Build Release APK	2026-02-02T04:27:26.3513236Z > Task :flagkit:javaPreCompileRelease FROM-CACHE
Build & Public Release	Build Release APK	2026-02-02T04:27:26.3514200Z > Task :flagkit:compileReleaseJavaWithJavac NO-SOURCE
Build & Public Release	Build Release APK	2026-02-02T04:27:26.3515721Z > Task :flagkit:mergeReleaseGeneratedProguardFiles
Build & Public Release	Build Release APK	2026-02-02T04:27:26.3516519Z > Task :flagkit:exportReleaseConsumerProguardFiles
Build & Public Release	Build Release APK	2026-02-02T04:27:26.3517213Z > Task :core-metadata:writeReleaseAarMetadata
Build & Public Release	Build Release APK	2026-02-02T04:27:26.3517896Z > Task :telemetry:generateReleaseRFile FROM-CACHE
Build & Public Release	Build Release APK	2026-02-02T04:27:26.3518518Z > Task :domain:writeReleaseAarMetadata
Build & Public Release	Build Release APK	2026-02-02T04:27:26.3559586Z > Task :data:writeReleaseAarMetadata
Build & Public Release	Build Release APK	2026-02-02T04:27:26.3560556Z > Task :flagkit:writeReleaseAarMetadata
Build & Public Release	Build Release APK	2026-02-02T04:27:26.3561469Z > Task :i18n:writeReleaseAarMetadata
Build & Public Release	Build Release APK	2026-02-02T04:27:26.3562411Z > Task :i18n-kmk:writeReleaseAarMetadata
Build & Public Release	Build Release APK	2026-02-02T04:27:26.3563056Z > Task :i18n-ank:writeReleaseAarMetadata
Build & Public Release	Build Release APK	2026-02-02T04:27:26.4487565Z > Task :presentation-core:writeReleaseAarMetadata
Build & Public Release	Build Release APK	2026-02-02T04:27:26.4488645Z > Task :app:buildKotlinToolingMetadata
Build & Public Release	Build Release APK	2026-02-02T04:27:26.4489345Z > Task :i18n-sy:writeReleaseAarMetadata
Build & Public Release	Build Release APK	2026-02-02T04:27:26.4491000Z > Task :source-api:writeReleaseAarMetadata
Build & Public Release	Build Release APK	2026-02-02T04:27:26.4492532Z > Task :presentation-widget:writeReleaseAarMetadata
Build & Public Release	Build Release APK	2026-02-02T04:27:26.4493218Z > Task :telemetry:compileReleaseKotlin FROM-CACHE
Build & Public Release	Build Release APK	2026-02-02T04:27:26.4494080Z > Task :telemetry:javaPreCompileRelease FROM-CACHE
Build & Public Release	Build Release APK	2026-02-02T04:27:26.4494787Z > Task :telemetry:compileReleaseJavaWithJavac NO-SOURCE
Build & Public Release	Build Release APK	2026-02-02T04:27:26.4495508Z > Task :telemetry:mergeReleaseGeneratedProguardFiles
Build & Public Release	Build Release APK	2026-02-02T04:27:26.4496169Z > Task :core:archive:writeReleaseAarMetadata
Build & Public Release	Build Release APK	2026-02-02T04:27:26.6486689Z > Task :telemetry:writeReleaseAarMetadata
Build & Public Release	Build Release APK	2026-02-02T04:27:26.6488268Z > Task :telemetry:exportReleaseConsumerProguardFiles
Build & Public Release	Build Release APK	2026-02-02T04:27:26.6490526Z > Task :source-local:writeReleaseAarMetadata
Build & Public Release	Build Release APK	2026-02-02T04:27:26.6492356Z > Task :data:extractDeepLinksRelease FROM-CACHE
Build & Public Release	Build Release APK	2026-02-02T04:27:26.6494538Z > Task :app:checkKotlinGradlePluginConfigurationErrors SKIPPED
Build & Public Release	Build Release APK	2026-02-02T04:27:26.6520970Z > Task :core:common:writeReleaseAarMetadata
Build & Public Release	Build Release APK	2026-02-02T04:27:26.6521716Z > Task :core-metadata:extractDeepLinksRelease FROM-CACHE
Build & Public Release	Build Release APK	2026-02-02T04:27:26.6538464Z > Task :data:processReleaseManifest FROM-CACHE
Build & Public Release	Build Release APK	2026-02-02T04:27:26.6539211Z > Task :core-metadata:processReleaseManifest FROM-CACHE
Build & Public Release	Build Release APK	2026-02-02T04:27:26.6540026Z > Task :domain:extractDeepLinksRelease FROM-CACHE
Build & Public Release	Build Release APK	2026-02-02T04:27:26.6540713Z > Task :flagkit:extractDeepLinksRelease FROM-CACHE
Build & Public Release	Build Release APK	2026-02-02T04:27:26.6541353Z > Task :domain:processReleaseManifest FROM-CACHE
Build & Public Release	Build Release APK	2026-02-02T04:27:26.6542006Z > Task :flagkit:processReleaseManifest FROM-CACHE
Build & Public Release	Build Release APK	2026-02-02T04:27:26.6542637Z > Task :i18n:extractDeepLinksRelease FROM-CACHE
Build & Public Release	Build Release APK	2026-02-02T04:27:26.6543273Z > Task :i18n-ank:extractDeepLinksRelease FROM-CACHE
Build & Public Release	Build Release APK	2026-02-02T04:27:26.7508331Z > Task :i18n:processReleaseManifest FROM-CACHE
Build & Public Release	Build Release APK	2026-02-02T04:27:26.7521534Z > Task :i18n-kmk:extractDeepLinksRelease FROM-CACHE
Build & Public Release	Build Release APK	2026-02-02T04:27:26.7522890Z > Task :i18n-ank:processReleaseManifest FROM-CACHE
Build & Public Release	Build Release APK	2026-02-02T04:27:26.7524159Z > Task :i18n-sy:extractDeepLinksRelease FROM-CACHE
Build & Public Release	Build Release APK	2026-02-02T04:27:26.7524843Z > Task :i18n-kmk:processReleaseManifest FROM-CACHE
Build & Public Release	Build Release APK	2026-02-02T04:27:26.7525828Z > Task :presentation-core:extractDeepLinksRelease FROM-CACHE
Build & Public Release	Build Release APK	2026-02-02T04:27:26.7526969Z > Task :i18n-sy:processReleaseManifest FROM-CACHE
Build & Public Release	Build Release APK	2026-02-02T04:27:26.7527753Z > Task :presentation-widget:extractDeepLinksRelease FROM-CACHE
Build & Public Release	Build Release APK	2026-02-02T04:27:26.7528591Z > Task :presentation-core:processReleaseManifest FROM-CACHE
Build & Public Release	Build Release APK	2026-02-02T04:27:26.7529454Z > Task :presentation-widget:processReleaseManifest FROM-CACHE
Build & Public Release	Build Release APK	2026-02-02T04:27:26.7530272Z > Task :source-local:extractDeepLinksRelease FROM-CACHE
Build & Public Release	Build Release APK	2026-02-02T04:27:26.7531014Z > Task :source-api:extractDeepLinksRelease FROM-CACHE
Build & Public Release	Build Release APK	2026-02-02T04:27:26.8524917Z > Task :source-api:processReleaseManifest FROM-CACHE
Build & Public Release	Build Release APK	2026-02-02T04:27:26.8546186Z > Task :source-local:processReleaseManifest FROM-CACHE
Build & Public Release	Build Release APK	2026-02-02T04:27:26.8547158Z > Task :core:archive:extractDeepLinksRelease FROM-CACHE
Build & Public Release	Build Release APK	2026-02-02T04:27:26.8548031Z > Task :telemetry:extractDeepLinksRelease FROM-CACHE
Build & Public Release	Build Release APK	2026-02-02T04:27:26.8548878Z > Task :telemetry:processReleaseManifest FROM-CACHE
Build & Public Release	Build Release APK	2026-02-02T04:27:26.8549761Z > Task :core:archive:processReleaseManifest FROM-CACHE
Build & Public Release	Build Release APK	2026-02-02T04:27:26.8550671Z > Task :core:common:extractDeepLinksRelease FROM-CACHE
Build & Public Release	Build Release APK	2026-02-02T04:27:26.8551463Z > Task :app:checkReleaseDuplicateClasses
Build & Public Release	Build Release APK	2026-02-02T04:27:26.8552248Z > Task :core:common:processReleaseManifest FROM-CACHE
Build & Public Release	Build Release APK	2026-02-02T04:27:26.8553045Z > Task :i18n-kmk:bundleLibCompileToJarRelease
Build & Public Release	Build Release APK	2026-02-02T04:27:26.8554043Z > Task :flagkit:bundleLibCompileToJarRelease
Build & Public Release	Build Release APK	2026-02-02T04:27:26.9488962Z > Task :app:dataBindingMergeDependencyArtifactsRelease
Build & Public Release	Build Release APK	2026-02-02T04:27:26.9490115Z > Task :source-local:bundleLibCompileToJarRelease
Build & Public Release	Build Release APK	2026-02-02T04:27:26.9491226Z > Task :presentation-widget:bundleLibCompileToJarRelease
Build & Public Release	Build Release APK	2026-02-02T04:27:26.9492597Z > Task :app:generateReleaseResValues FROM-CACHE
Build & Public Release	Build Release APK	2026-02-02T04:27:26.9498357Z > Task :core-metadata:bundleLibRuntimeToJarRelease
Build & Public Release	Build Release APK	2026-02-02T04:27:26.9499672Z > Task :telemetry:bundleLibCompileToJarRelease
Build & Public Release	Build Release APK	2026-02-02T04:27:26.9500656Z > Task :data:bundleLibCompileToJarRelease
Build & Public Release	Build Release APK	2026-02-02T04:27:26.9501389Z > Task :flagkit:bundleLibRuntimeToJarRelease
Build & Public Release	Build Release APK	2026-02-02T04:27:26.9502003Z > Task :i18n:bundleLibRuntimeToJarRelease
Build & Public Release	Build Release APK	2026-02-02T04:27:26.9502600Z > Task :i18n-ank:bundleLibRuntimeToJarRelease
Build & Public Release	Build Release APK	2026-02-02T04:27:26.9508605Z > Task :i18n-kmk:bundleLibRuntimeToJarRelease
Build & Public Release	Build Release APK	2026-02-02T04:27:27.0550146Z > Task :domain:bundleLibRuntimeToJarRelease
Build & Public Release	Build Release APK	2026-02-02T04:27:27.0550874Z > Task :i18n-sy:bundleLibRuntimeToJarRelease
Build & Public Release	Build Release APK	2026-02-02T04:27:27.0551452Z > Task :data:bundleLibRuntimeToJarRelease
Build & Public Release	Build Release APK	2026-02-02T04:27:27.0552003Z > Task :app:generateReleaseResources FROM-CACHE
Build & Public Release	Build Release APK	2026-02-02T04:27:27.0552693Z > Task :app:prepareLibraryDefinitionsRelease FROM-CACHE
Build & Public Release	Build Release APK	2026-02-02T04:27:27.0553660Z > Task :presentation-core:bundleLibRuntimeToJarRelease
Build & Public Release	Build Release APK	2026-02-02T04:27:27.0554390Z > Task :presentation-widget:bundleLibRuntimeToJarRelease
Build & Public Release	Build Release APK	2026-02-02T04:27:27.0555069Z > Task :source-api:bundleLibRuntimeToJarRelease
Build & Public Release	Build Release APK	2026-02-02T04:27:27.0555703Z > Task :source-local:bundleLibRuntimeToJarRelease
Build & Public Release	Build Release APK	2026-02-02T04:27:27.0556329Z > Task :telemetry:bundleLibRuntimeToJarRelease
Build & Public Release	Build Release APK	2026-02-02T04:27:27.0556991Z > Task :core:archive:bundleLibRuntimeToJarRelease
Build & Public Release	Build Release APK	2026-02-02T04:27:27.0557660Z > Task :core:common:bundleLibRuntimeToJarRelease
Build & Public Release	Build Release APK	2026-02-02T04:27:27.1494070Z > Task :core-metadata:processReleaseJavaRes
Build & Public Release	Build Release APK	2026-02-02T04:27:27.1495135Z > Task :flagkit:processReleaseJavaRes
Build & Public Release	Build Release APK	2026-02-02T04:27:27.1495887Z > Task :data:processReleaseJavaRes
Build & Public Release	Build Release APK	2026-02-02T04:27:27.1496761Z > Task :i18n-ank:processReleaseJavaRes
Build & Public Release	Build Release APK	2026-02-02T04:27:27.1497650Z > Task :i18n:processReleaseJavaRes
Build & Public Release	Build Release APK	2026-02-02T04:27:27.1498798Z > Task :domain:processReleaseJavaRes
Build & Public Release	Build Release APK	2026-02-02T04:27:27.1499661Z > Task :i18n-kmk:processReleaseJavaRes
Build & Public Release	Build Release APK	2026-02-02T04:27:27.1500572Z > Task :i18n-sy:processReleaseJavaRes
Build & Public Release	Build Release APK	2026-02-02T04:27:27.2491107Z > Task :source-api:processReleaseJavaRes
Build & Public Release	Build Release APK	2026-02-02T04:27:27.2553767Z > Task :presentation-widget:processReleaseJavaRes
Build & Public Release	Build Release APK	2026-02-02T04:27:27.2555178Z > Task :presentation-core:processReleaseJavaRes
Build & Public Release	Build Release APK	2026-02-02T04:27:27.2556228Z > Task :telemetry:processReleaseJavaRes
Build & Public Release	Build Release APK	2026-02-02T04:27:27.2556951Z > Task :core:archive:processReleaseJavaRes
Build & Public Release	Build Release APK	2026-02-02T04:27:27.2557854Z > Task :source-local:processReleaseJavaRes
Build & Public Release	Build Release APK	2026-02-02T04:27:27.2558429Z > Task :core-metadata:mergeReleaseShaders
Build & Public Release	Build Release APK	2026-02-02T04:27:27.2559005Z > Task :data:mergeReleaseShaders
Build & Public Release	Build Release APK	2026-02-02T04:27:27.2559614Z > Task :core-metadata:compileReleaseShaders NO-SOURCE
Build & Public Release	Build Release APK	2026-02-02T04:27:27.2560343Z > Task :core-metadata:generateReleaseAssets UP-TO-DATE
Build & Public Release	Build Release APK	2026-02-02T04:27:27.2561007Z > Task :data:compileReleaseShaders NO-SOURCE
Build & Public Release	Build Release APK	2026-02-02T04:27:27.2561624Z > Task :data:generateReleaseAssets UP-TO-DATE
Build & Public Release	Build Release APK	2026-02-02T04:27:27.2562196Z > Task :data:mergeReleaseAssets
Build & Public Release	Build Release APK	2026-02-02T04:27:27.2562718Z > Task :core-metadata:mergeReleaseAssets
Build & Public Release	Build Release APK	2026-02-02T04:27:27.2563390Z > Task :core:common:processReleaseJavaRes
Build & Public Release	Build Release APK	2026-02-02T04:27:27.2564167Z > Task :domain:mergeReleaseShaders
Build & Public Release	Build Release APK	2026-02-02T04:27:27.2564703Z > Task :flagkit:mergeReleaseShaders
Build & Public Release	Build Release APK	2026-02-02T04:27:27.2565290Z > Task :domain:compileReleaseShaders NO-SOURCE
Build & Public Release	Build Release APK	2026-02-02T04:27:27.2565927Z > Task :domain:generateReleaseAssets UP-TO-DATE
Build & Public Release	Build Release APK	2026-02-02T04:27:27.2566530Z > Task :i18n:mergeReleaseShaders
Build & Public Release	Build Release APK	2026-02-02T04:27:27.2567082Z > Task :i18n:compileReleaseShaders NO-SOURCE
Build & Public Release	Build Release APK	2026-02-02T04:27:27.2567692Z > Task :i18n:generateReleaseAssets UP-TO-DATE
Build & Public Release	Build Release APK	2026-02-02T04:27:27.2568297Z > Task :i18n:releaseAssetsCopyForAGP NO-SOURCE
Build & Public Release	Build Release APK	2026-02-02T04:27:27.2568914Z > Task :flagkit:compileReleaseShaders NO-SOURCE
Build & Public Release	Build Release APK	2026-02-02T04:27:27.2569536Z > Task :flagkit:generateReleaseAssets UP-TO-DATE
Build & Public Release	Build Release APK	2026-02-02T04:27:27.2570119Z > Task :flagkit:mergeReleaseAssets
Build & Public Release	Build Release APK	2026-02-02T04:27:27.2570629Z > Task :domain:mergeReleaseAssets
Build & Public Release	Build Release APK	2026-02-02T04:27:27.2571129Z > Task :i18n:mergeReleaseAssets
Build & Public Release	Build Release APK	2026-02-02T04:27:27.3487255Z > Task :i18n-kmk:mergeReleaseShaders
Build & Public Release	Build Release APK	2026-02-02T04:27:27.3494675Z > Task :i18n-sy:mergeReleaseShaders
Build & Public Release	Build Release APK	2026-02-02T04:27:27.3498930Z > Task :i18n-ank:mergeReleaseShaders
Build & Public Release	Build Release APK	2026-02-02T04:27:27.3500048Z > Task :i18n-kmk:compileReleaseShaders NO-SOURCE
Build & Public Release	Build Release APK	2026-02-02T04:27:27.3502484Z > Task :i18n-ank:compileReleaseShaders NO-SOURCE
Build & Public Release	Build Release APK	2026-02-02T04:27:27.3503179Z > Task :i18n-ank:generateReleaseAssets UP-TO-DATE
Build & Public Release	Build Release APK	2026-02-02T04:27:27.3504075Z > Task :i18n-kmk:generateReleaseAssets UP-TO-DATE
Build & Public Release	Build Release APK	2026-02-02T04:27:27.3504737Z > Task :i18n-ank:releaseAssetsCopyForAGP NO-SOURCE
Build & Public Release	Build Release APK	2026-02-02T04:27:27.3520094Z > Task :i18n-sy:compileReleaseShaders NO-SOURCE
Build & Public Release	Build Release APK	2026-02-02T04:27:27.3520765Z > Task :i18n-sy:generateReleaseAssets UP-TO-DATE
Build & Public Release	Build Release APK	2026-02-02T04:27:27.3521327Z > Task :i18n-kmk:releaseAssetsCopyForAGP NO-SOURCE
Build & Public Release	Build Release APK	2026-02-02T04:27:27.3521895Z > Task :i18n-sy:releaseAssetsCopyForAGP NO-SOURCE
Build & Public Release	Build Release APK	2026-02-02T04:27:27.3522399Z > Task :i18n-ank:mergeReleaseAssets
Build & Public Release	Build Release APK	2026-02-02T04:27:27.3522829Z > Task :i18n-kmk:mergeReleaseAssets
Build & Public Release	Build Release APK	2026-02-02T04:27:27.3523279Z > Task :i18n-sy:mergeReleaseAssets
Build & Public Release	Build Release APK	2026-02-02T04:27:27.3523981Z > Task :presentation-core:mergeReleaseShaders
Build & Public Release	Build Release APK	2026-02-02T04:27:27.3524549Z > Task :presentation-core:compileReleaseShaders NO-SOURCE
Build & Public Release	Build Release APK	2026-02-02T04:27:27.3525173Z > Task :presentation-core:generateReleaseAssets UP-TO-DATE
Build & Public Release	Build Release APK	2026-02-02T04:27:27.3527272Z > Task :presentation-widget:mergeReleaseShaders
Build & Public Release	Build Release APK	2026-02-02T04:27:27.3527882Z > Task :presentation-widget:compileReleaseShaders NO-SOURCE
Build & Public Release	Build Release APK	2026-02-02T04:27:27.3528534Z > Task :presentation-widget:generateReleaseAssets UP-TO-DATE
Build & Public Release	Build Release APK	2026-02-02T04:27:27.3529095Z > Task :source-api:mergeReleaseShaders
Build & Public Release	Build Release APK	2026-02-02T04:27:27.3529598Z > Task :source-api:compileReleaseShaders NO-SOURCE
Build & Public Release	Build Release APK	2026-02-02T04:27:27.3530148Z > Task :source-api:generateReleaseAssets UP-TO-DATE
Build & Public Release	Build Release APK	2026-02-02T04:27:27.3530813Z > Task :presentation-core:mergeReleaseAssets
Build & Public Release	Build Release APK	2026-02-02T04:27:27.3531365Z > Task :source-api:releaseAssetsCopyForAGP NO-SOURCE
Build & Public Release	Build Release APK	2026-02-02T04:27:27.3532030Z > Task :presentation-widget:mergeReleaseAssets
Build & Public Release	Build Release APK	2026-02-02T04:27:27.3532650Z > Task :source-api:mergeReleaseAssets
Build & Public Release	Build Release APK	2026-02-02T04:27:27.3533220Z > Task :source-local:mergeReleaseShaders
Build & Public Release	Build Release APK	2026-02-02T04:27:27.3533975Z > Task :telemetry:mergeReleaseShaders
Build & Public Release	Build Release APK	2026-02-02T04:27:27.3534552Z > Task :telemetry:compileReleaseShaders NO-SOURCE
Build & Public Release	Build Release APK	2026-02-02T04:27:27.3535203Z > Task :telemetry:generateReleaseAssets UP-TO-DATE
Build & Public Release	Build Release APK	2026-02-02T04:27:27.3535881Z > Task :source-local:compileReleaseShaders NO-SOURCE
Build & Public Release	Build Release APK	2026-02-02T04:27:27.3536875Z > Task :core:archive:mergeReleaseShaders
Build & Public Release	Build Release APK	2026-02-02T04:27:27.3537497Z > Task :source-local:generateReleaseAssets UP-TO-DATE
Build & Public Release	Build Release APK	2026-02-02T04:27:27.3538152Z > Task :core:archive:compileReleaseShaders NO-SOURCE
Build & Public Release	Build Release APK	2026-02-02T04:27:27.3538858Z > Task :core:archive:generateReleaseAssets UP-TO-DATE
Build & Public Release	Build Release APK	2026-02-02T04:27:27.3539609Z > Task :source-local:releaseAssetsCopyForAGP NO-SOURCE
Build & Public Release	Build Release APK	2026-02-02T04:27:27.3540265Z > Task :telemetry:mergeReleaseAssets
Build & Public Release	Build Release APK	2026-02-02T04:27:27.3540784Z > Task :core:archive:mergeReleaseAssets
Build & Public Release	Build Release APK	2026-02-02T04:27:27.3541301Z > Task :core:common:mergeReleaseShaders
Build & Public Release	Build Release APK	2026-02-02T04:27:27.3541966Z > Task :core-metadata:stripReleaseDebugSymbols NO-SOURCE
Build & Public Release	Build Release APK	2026-02-02T04:27:27.3542682Z > Task :core:common:compileReleaseShaders NO-SOURCE
Build & Public Release	Build Release APK	2026-02-02T04:27:27.3543362Z > Task :core:common:generateReleaseAssets UP-TO-DATE
Build & Public Release	Build Release APK	2026-02-02T04:27:27.3544199Z > Task :source-local:mergeReleaseAssets
Build & Public Release	Build Release APK	2026-02-02T04:27:27.3544896Z > Task :core-metadata:copyReleaseJniLibsProjectAndLocalJars
Build & Public Release	Build Release APK	2026-02-02T04:27:27.3545745Z > Task :core-metadata:extractDeepLinksForAarRelease FROM-CACHE
Build & Public Release	Build Release APK	2026-02-02T04:27:27.3546452Z > Task :core:common:mergeReleaseAssets
Build & Public Release	Build Release APK	2026-02-02T04:27:27.3547099Z > Task :i18n:compileReleaseLibraryResources FROM-CACHE
Build & Public Release	Build Release APK	2026-02-02T04:27:27.3549921Z > Task :i18n-sy:compileReleaseLibraryResources FROM-CACHE
Build & Public Release	Build Release APK	2026-02-02T04:27:27.3550686Z > Task :source-api:compileReleaseLibraryResources FROM-CACHE
Build & Public Release	Build Release APK	2026-02-02T04:27:27.3551351Z > Task :data:stripReleaseDebugSymbols NO-SOURCE
Build & Public Release	Build Release APK	2026-02-02T04:27:27.3552030Z > Task :core:common:compileReleaseLibraryResources FROM-CACHE
Build & Public Release	Build Release APK	2026-02-02T04:27:27.3553696Z > Task :domain:compileReleaseLibraryResources FROM-CACHE
Build & Public Release	Build Release APK	2026-02-02T04:27:27.3554437Z > Task :data:copyReleaseJniLibsProjectAndLocalJars
Build & Public Release	Build Release APK	2026-02-02T04:27:27.4514827Z > Task :data:extractDeepLinksForAarRelease FROM-CACHE
Build & Public Release	Build Release APK	2026-02-02T04:27:27.4515774Z > Task :i18n-ank:compileReleaseLibraryResources FROM-CACHE
Build & Public Release	Build Release APK	2026-02-02T04:27:27.4536054Z > Task :domain:stripReleaseDebugSymbols NO-SOURCE
Build & Public Release	Build Release APK	2026-02-02T04:27:27.4537083Z > Task :domain:copyReleaseJniLibsProjectAndLocalJars
Build & Public Release	Build Release APK	2026-02-02T04:27:27.4537902Z > Task :domain:extractDeepLinksForAarRelease FROM-CACHE
Build & Public Release	Build Release APK	2026-02-02T04:27:27.7516523Z > Task :app:prepareReleaseShortcutXML
Build & Public Release	Build Release APK	2026-02-02T04:27:29.1487698Z > Task :core-metadata:extractReleaseAnnotations FROM-CACHE
Build & Public Release	Build Release APK	2026-02-02T04:27:29.1488993Z > Task :core-metadata:mergeReleaseConsumerProguardFiles
Build & Public Release	Build Release APK	2026-02-02T04:27:29.1493158Z > Task :core-metadata:prepareLintJarForPublish
Build & Public Release	Build Release APK	2026-02-02T04:27:29.3499238Z > Task :data:extractReleaseAnnotations FROM-CACHE
Build & Public Release	Build Release APK	2026-02-02T04:27:29.3501653Z > Task :domain:extractReleaseAnnotations FROM-CACHE
Build & Public Release	Build Release APK	2026-02-02T04:27:29.3502608Z > Task :data:mergeReleaseConsumerProguardFiles
Build & Public Release	Build Release APK	2026-02-02T04:27:29.3508475Z > Task :data:prepareLintJarForPublish
Build & Public Release	Build Release APK	2026-02-02T04:27:29.3509563Z > Task :core-metadata:mergeReleaseJavaResource
Build & Public Release	Build Release APK	2026-02-02T04:27:29.4488026Z > Task :domain:mergeReleaseConsumerProguardFiles
Build & Public Release	Build Release APK	2026-02-02T04:27:29.4488747Z > Task :data:mergeReleaseJavaResource
Build & Public Release	Build Release APK	2026-02-02T04:27:29.4489325Z > Task :domain:prepareLintJarForPublish
Build & Public Release	Build Release APK	2026-02-02T04:27:29.4489913Z > Task :core-metadata:mapReleaseSourceSetPaths
Build & Public Release	Build Release APK	2026-02-02T04:27:29.4490485Z > Task :data:mapReleaseSourceSetPaths
Build & Public Release	Build Release APK	2026-02-02T04:27:29.4491036Z > Task :domain:mergeReleaseJavaResource
Build & Public Release	Build Release APK	2026-02-02T04:27:29.4491646Z > Task :core-metadata:syncReleaseLibJars FROM-CACHE
Build & Public Release	Build Release APK	2026-02-02T04:27:29.4492263Z > Task :data:syncReleaseLibJars FROM-CACHE
Build & Public Release	Build Release APK	2026-02-02T04:27:29.4492862Z > Task :domain:syncReleaseLibJars FROM-CACHE
Build & Public Release	Build Release APK	2026-02-02T04:27:29.5487602Z > Task :core-metadata:bundleReleaseAar
Build & Public Release	Build Release APK	2026-02-02T04:27:29.5488665Z > Task :domain:bundleReleaseAar
Build & Public Release	Build Release APK	2026-02-02T04:27:29.5493084Z > Task :app:mergeReleaseResources FROM-CACHE
Build & Public Release	Build Release APK	2026-02-02T04:27:29.5493883Z > Task :data:bundleReleaseAar
Build & Public Release	Build Release APK	2026-02-02T04:27:29.6487244Z > Task :domain:mapReleaseSourceSetPaths
Build & Public Release	Build Release APK	2026-02-02T04:27:29.7487441Z > Task :app:dataBindingGenBaseClassesRelease FROM-CACHE
Build & Public Release	Build Release APK	2026-02-02T04:27:30.0487398Z > Task :data:mergeReleaseResources FROM-CACHE
Build & Public Release	Build Release APK	2026-02-02T04:27:30.0493293Z > Task :core-metadata:mergeReleaseResources FROM-CACHE
Build & Public Release	Build Release APK	2026-02-02T04:27:30.1497126Z > Task :app:generateReleaseBuildConfig
Build & Public Release	Build Release APK	2026-02-02T04:27:30.1498142Z > Task :domain:mergeReleaseResources FROM-CACHE
Build & Public Release	Build Release APK	2026-02-02T04:27:30.4494032Z > Task :data:verifyReleaseResources FROM-CACHE
Build & Public Release	Build Release APK	2026-02-02T04:27:30.4509096Z > Task :domain:verifyReleaseResources FROM-CACHE
Build & Public Release	Build Release APK	2026-02-02T04:27:30.4524252Z > Task :data:assembleRelease
Build & Public Release	Build Release APK	2026-02-02T04:27:30.4524805Z > Task :domain:assembleRelease
Build & Public Release	Build Release APK	2026-02-02T04:27:30.4525414Z > Task :flagkit:stripReleaseDebugSymbols NO-SOURCE
Build & Public Release	Build Release APK	2026-02-02T04:27:30.4526135Z > Task :core-metadata:verifyReleaseResources FROM-CACHE
Build & Public Release	Build Release APK	2026-02-02T04:27:30.4526826Z > Task :core-metadata:assembleRelease
Build & Public Release	Build Release APK	2026-02-02T04:27:30.4527445Z > Task :i18n:stripReleaseDebugSymbols NO-SOURCE
Build & Public Release	Build Release APK	2026-02-02T04:27:30.4528156Z > Task :flagkit:copyReleaseJniLibsProjectAndLocalJars
Build & Public Release	Build Release APK	2026-02-02T04:27:30.4528902Z > Task :i18n:copyReleaseJniLibsProjectAndLocalJars
Build & Public Release	Build Release APK	2026-02-02T04:27:30.4529541Z > Task :app:mapReleaseSourceSetPaths
Build & Public Release	Build Release APK	2026-02-02T04:27:30.4530198Z > Task :flagkit:extractDeepLinksForAarRelease FROM-CACHE
Build & Public Release	Build Release APK	2026-02-02T04:27:30.4530906Z > Task :i18n:extractDeepLinksForAarRelease FROM-CACHE
Build & Public Release	Build Release APK	2026-02-02T04:27:30.4531552Z > Task :app:checkReleaseAarMetadata
Build & Public Release	Build Release APK	2026-02-02T04:27:30.4532173Z > Task :i18n-ank:stripReleaseDebugSymbols NO-SOURCE
Build & Public Release	Build Release APK	2026-02-02T04:27:30.4532890Z > Task :app:createReleaseCompatibleScreenManifests
Build & Public Release	Build Release APK	2026-02-02T04:27:30.4533854Z > Task :i18n-ank:copyReleaseJniLibsProjectAndLocalJars
Build & Public Release	Build Release APK	2026-02-02T04:27:30.4534631Z > Task :i18n-ank:extractDeepLinksForAarRelease FROM-CACHE
Build & Public Release	Build Release APK	2026-02-02T04:27:30.4535362Z > Task :app:extractDeepLinksRelease FROM-CACHE
Build & Public Release	Build Release APK	2026-02-02T04:27:30.4536428Z > Task :flagkit:extractReleaseAnnotations FROM-CACHE
Build & Public Release	Build Release APK	2026-02-02T04:27:30.4537155Z > Task :flagkit:mergeReleaseConsumerProguardFiles
Build & Public Release	Build Release APK	2026-02-02T04:27:30.5491144Z > Task :i18n:extractReleaseAnnotations FROM-CACHE
Build & Public Release	Build Release APK	2026-02-02T04:27:30.5499588Z > Task :i18n-ank:extractReleaseAnnotations FROM-CACHE
Build & Public Release	Build Release APK	2026-02-02T04:27:30.5504694Z > Task :i18n:mergeReleaseConsumerProguardFiles
Build & Public Release	Build Release APK	2026-02-02T04:27:30.5507719Z > Task :flagkit:prepareLintJarForPublish
Build & Public Release	Build Release APK	2026-02-02T04:27:30.5510158Z > Task :i18n:prepareLintJarForPublish
Build & Public Release	Build Release APK	2026-02-02T04:27:30.5511762Z > Task :flagkit:mergeReleaseJavaResource
Build & Public Release	Build Release APK	2026-02-02T04:27:30.5513829Z > Task :i18n-ank:mergeReleaseConsumerProguardFiles
Build & Public Release	Build Release APK	2026-02-02T04:27:30.6497588Z > Task :flagkit:mapReleaseSourceSetPaths
Build & Public Release	Build Release APK	2026-02-02T04:27:30.6553159Z > Task :flagkit:syncReleaseLibJars FROM-CACHE
Build & Public Release	Build Release APK	2026-02-02T04:27:30.6554428Z > Task :i18n:mergeReleaseJavaResource
Build & Public Release	Build Release APK	2026-02-02T04:27:30.7493944Z > Task :i18n-ank:prepareLintJarForPublish
Build & Public Release	Build Release APK	2026-02-02T04:27:30.7497755Z > Task :i18n:mapReleaseSourceSetPaths
Build & Public Release	Build Release APK	2026-02-02T04:27:30.7499734Z > Task :app:processReleaseMainManifest FROM-CACHE
Build & Public Release	Build Release APK	2026-02-02T04:27:30.7501661Z > Task :i18n-ank:mergeReleaseJavaResource
Build & Public Release	Build Release APK	2026-02-02T04:27:30.7523820Z > Task :app:processReleaseManifest FROM-CACHE
Build & Public Release	Build Release APK	2026-02-02T04:27:30.7524774Z > Task :i18n-ank:syncReleaseLibJars FROM-CACHE
Build & Public Release	Build Release APK	2026-02-02T04:27:30.7528773Z > Task :i18n:syncReleaseLibJars FROM-CACHE
Build & Public Release	Build Release APK	2026-02-02T04:27:30.7529727Z > Task :app:processReleaseManifestForPackage FROM-CACHE
Build & Public Release	Build Release APK	2026-02-02T04:27:30.7530561Z > Task :flagkit:bundleReleaseAar
Build & Public Release	Build Release APK	2026-02-02T04:27:30.7531127Z > Task :i18n-ank:bundleReleaseAar
Build & Public Release	Build Release APK	2026-02-02T04:27:30.7531671Z > Task :i18n-ank:mapReleaseSourceSetPaths
Build & Public Release	Build Release APK	2026-02-02T04:27:30.9499095Z > Task :i18n-ank:mergeReleaseResources FROM-CACHE
Build & Public Release	Build Release APK	2026-02-02T04:27:31.0497011Z > Task :i18n-ank:verifyReleaseResources FROM-CACHE
Build & Public Release	Build Release APK	2026-02-02T04:27:31.0507231Z > Task :i18n-ank:assembleRelease
Build & Public Release	Build Release APK	2026-02-02T04:27:31.0508162Z > Task :i18n-kmk:stripReleaseDebugSymbols NO-SOURCE
Build & Public Release	Build Release APK	2026-02-02T04:27:31.0509796Z > Task :i18n-kmk:copyReleaseJniLibsProjectAndLocalJars
Build & Public Release	Build Release APK	2026-02-02T04:27:31.0510946Z > Task :i18n-kmk:extractDeepLinksForAarRelease FROM-CACHE
Build & Public Release	Build Release APK	2026-02-02T04:27:31.1487860Z > Task :i18n-kmk:extractReleaseAnnotations FROM-CACHE
Build & Public Release	Build Release APK	2026-02-02T04:27:31.1492174Z > Task :i18n-kmk:mergeReleaseConsumerProguardFiles
Build & Public Release	Build Release APK	2026-02-02T04:27:31.1496431Z > Task :i18n-kmk:prepareLintJarForPublish
Build & Public Release	Build Release APK	2026-02-02T04:27:31.1500454Z > Task :i18n:bundleReleaseAar
Build & Public Release	Build Release APK	2026-02-02T04:27:31.1505044Z > Task :i18n-kmk:mergeReleaseJavaResource
Build & Public Release	Build Release APK	2026-02-02T04:27:31.1509456Z > Task :i18n-kmk:syncReleaseLibJars FROM-CACHE
Build & Public Release	Build Release APK	2026-02-02T04:27:31.1514068Z > Task :i18n-kmk:bundleReleaseAar
Build & Public Release	Build Release APK	2026-02-02T04:27:31.1518377Z > Task :i18n-kmk:mapReleaseSourceSetPaths
Build & Public Release	Build Release APK	2026-02-02T04:27:31.2496473Z > Task :i18n-sy:stripReleaseDebugSymbols NO-SOURCE
Build & Public Release	Build Release APK	2026-02-02T04:27:31.2497797Z > Task :i18n-sy:copyReleaseJniLibsProjectAndLocalJars
Build & Public Release	Build Release APK	2026-02-02T04:27:31.2502154Z > Task :i18n-sy:extractDeepLinksForAarRelease FROM-CACHE
Build & Public Release	Build Release APK	2026-02-02T04:27:31.2502943Z > Task :i18n-sy:extractReleaseAnnotations FROM-CACHE
Build & Public Release	Build Release APK	2026-02-02T04:27:31.2503913Z > Task :i18n-sy:mergeReleaseConsumerProguardFiles
Build & Public Release	Build Release APK	2026-02-02T04:27:31.2504566Z > Task :i18n-sy:prepareLintJarForPublish
Build & Public Release	Build Release APK	2026-02-02T04:27:31.2505157Z > Task :i18n-sy:mergeReleaseJavaResource
Build & Public Release	Build Release APK	2026-02-02T04:27:31.2505772Z > Task :i18n-sy:syncReleaseLibJars FROM-CACHE
Build & Public Release	Build Release APK	2026-02-02T04:27:31.3516168Z > Task :i18n-sy:bundleReleaseAar
Build & Public Release	Build Release APK	2026-02-02T04:27:31.3516808Z > Task :i18n-sy:mapReleaseSourceSetPaths
Build & Public Release	Build Release APK	2026-02-02T04:27:31.3517545Z > Task :presentation-core:stripReleaseDebugSymbols NO-SOURCE
Build & Public Release	Build Release APK	2026-02-02T04:27:31.3518383Z > Task :presentation-core:copyReleaseJniLibsProjectAndLocalJars
Build & Public Release	Build Release APK	2026-02-02T04:27:31.3519250Z > Task :presentation-core:extractDeepLinksForAarRelease FROM-CACHE
Build & Public Release	Build Release APK	2026-02-02T04:27:31.4489810Z > Task :i18n:mergeReleaseResources FROM-CACHE
Build & Public Release	Build Release APK	2026-02-02T04:27:31.4497028Z > Task :flagkit:mergeReleaseResources FROM-CACHE
Build & Public Release	Build Release APK	2026-02-02T04:27:31.4505863Z > Task :i18n:verifyReleaseResources FROM-CACHE
Build & Public Release	Build Release APK	2026-02-02T04:27:31.4509369Z > Task :i18n:assembleRelease
Build & Public Release	Build Release APK	2026-02-02T04:27:31.4511492Z > Task :presentation-core:extractReleaseAnnotations FROM-CACHE
Build & Public Release	Build Release APK	2026-02-02T04:27:31.4513612Z > Task :presentation-core:mergeReleaseConsumerProguardFiles
Build & Public Release	Build Release APK	2026-02-02T04:27:31.5487049Z > Task :presentation-core:prepareLintJarForPublish
Build & Public Release	Build Release APK	2026-02-02T04:27:31.5505238Z > Task :presentation-core:mergeReleaseJavaResource
Build & Public Release	Build Release APK	2026-02-02T04:27:31.5509397Z > Task :presentation-core:syncReleaseLibJars FROM-CACHE
Build & Public Release	Build Release APK	2026-02-02T04:27:31.5513659Z > Task :app:processReleaseResources FROM-CACHE
Build & Public Release	Build Release APK	2026-02-02T04:27:31.5517591Z > Task :i18n-kmk:mergeReleaseResources FROM-CACHE
Build & Public Release	Build Release APK	2026-02-02T04:27:31.5521470Z > Task :presentation-core:bundleReleaseAar
Build & Public Release	Build Release APK	2026-02-02T04:27:31.6487360Z > Task :i18n-kmk:verifyReleaseResources FROM-CACHE
Build & Public Release	Build Release APK	2026-02-02T04:27:31.6488368Z > Task :i18n-kmk:assembleRelease
Build & Public Release	Build Release APK	2026-02-02T04:27:31.7491623Z > Task :i18n-sy:mergeReleaseResources FROM-CACHE
Build & Public Release	Build Release APK	2026-02-02T04:27:31.7496180Z > Task :presentation-core:mapReleaseSourceSetPaths
Build & Public Release	Build Release APK	2026-02-02T04:27:31.8488247Z > Task :flagkit:verifyReleaseResources FROM-CACHE
Build & Public Release	Build Release APK	2026-02-02T04:27:31.8492633Z > Task :flagkit:assembleRelease
Build & Public Release	Build Release APK	2026-02-02T04:27:31.8495447Z > Task :presentation-widget:stripReleaseDebugSymbols NO-SOURCE
Build & Public Release	Build Release APK	2026-02-02T04:27:31.8496846Z > Task :presentation-widget:copyReleaseJniLibsProjectAndLocalJars
Build & Public Release	Build Release APK	2026-02-02T04:27:31.8497931Z > Task :i18n-sy:verifyReleaseResources FROM-CACHE
Build & Public Release	Build Release APK	2026-02-02T04:27:31.8499816Z > Task :i18n-sy:assembleRelease
Build & Public Release	Build Release APK	2026-02-02T04:27:31.8500652Z > Task :source-api:stripReleaseDebugSymbols NO-SOURCE
Build & Public Release	Build Release APK	2026-02-02T04:27:31.8501783Z > Task :presentation-widget:extractDeepLinksForAarRelease FROM-CACHE
Build & Public Release	Build Release APK	2026-02-02T04:27:31.8502650Z > Task :source-api:copyReleaseJniLibsProjectAndLocalJars
Build & Public Release	Build Release APK	2026-02-02T04:27:31.8503406Z > Task :source-api:extractDeepLinksForAarRelease FROM-CACHE
Build & Public Release	Build Release APK	2026-02-02T04:27:31.9537467Z > Task :presentation-widget:extractReleaseAnnotations FROM-CACHE
Build & Public Release	Build Release APK	2026-02-02T04:27:31.9541340Z > Task :source-api:extractReleaseAnnotations FROM-CACHE
Build & Public Release	Build Release APK	2026-02-02T04:27:31.9542585Z > Task :presentation-widget:mergeReleaseConsumerProguardFiles
Build & Public Release	Build Release APK	2026-02-02T04:27:31.9544081Z > Task :source-api:mergeReleaseConsumerProguardFiles
Build & Public Release	Build Release APK	2026-02-02T04:27:31.9545022Z > Task :presentation-widget:prepareLintJarForPublish
Build & Public Release	Build Release APK	2026-02-02T04:27:31.9545889Z > Task :source-api:prepareLintJarForPublish
Build & Public Release	Build Release APK	2026-02-02T04:27:31.9546798Z > Task :presentation-widget:mergeReleaseJavaResource
Build & Public Release	Build Release APK	2026-02-02T04:27:31.9547643Z > Task :source-api:mergeReleaseJavaResource
Build & Public Release	Build Release APK	2026-02-02T04:27:31.9548602Z > Task :presentation-widget:syncReleaseLibJars FROM-CACHE
Build & Public Release	Build Release APK	2026-02-02T04:27:31.9549801Z > Task :source-api:syncReleaseLibJars FROM-CACHE
Build & Public Release	Build Release APK	2026-02-02T04:27:32.0487512Z > Task :source-api:bundleReleaseAar
Build & Public Release	Build Release APK	2026-02-02T04:27:32.0488863Z > Task :source-api:mapReleaseSourceSetPaths
Build & Public Release	Build Release APK	2026-02-02T04:27:32.0489668Z > Task :presentation-widget:bundleReleaseAar
Build & Public Release	Build Release APK	2026-02-02T04:27:32.1487185Z > Task :presentation-widget:mapReleaseSourceSetPaths
Build & Public Release	Build Release APK	2026-02-02T04:27:32.2492367Z > Task :presentation-core:mergeReleaseResources FROM-CACHE
Build & Public Release	Build Release APK	2026-02-02T04:27:32.6487957Z > Task :source-api:mergeReleaseResources FROM-CACHE
Build & Public Release	Build Release APK	2026-02-02T04:27:32.6488854Z > Task :presentation-core:verifyReleaseResources FROM-CACHE
Build & Public Release	Build Release APK	2026-02-02T04:27:32.6489544Z > Task :presentation-core:assembleRelease
Build & Public Release	Build Release APK	2026-02-02T04:27:32.6490293Z > Task :presentation-core:compileReleaseLibraryResources FROM-CACHE
Build & Public Release	Build Release APK	2026-02-02T04:27:32.6491134Z > Task :source-local:stripReleaseDebugSymbols NO-SOURCE
Build & Public Release	Build Release APK	2026-02-02T04:27:32.6491914Z > Task :source-local:copyReleaseJniLibsProjectAndLocalJars
Build & Public Release	Build Release APK	2026-02-02T04:27:32.6492740Z > Task :source-local:extractDeepLinksForAarRelease FROM-CACHE
Build & Public Release	Build Release APK	2026-02-02T04:27:32.7489959Z > Task :source-local:extractReleaseAnnotations FROM-CACHE
Build & Public Release	Build Release APK	2026-02-02T04:27:32.7490851Z > Task :source-local:mergeReleaseConsumerProguardFiles
Build & Public Release	Build Release APK	2026-02-02T04:27:32.7491535Z > Task :source-local:prepareLintJarForPublish
Build & Public Release	Build Release APK	2026-02-02T04:27:32.7492206Z > Task :source-local:mergeReleaseJavaResource
Build & Public Release	Build Release APK	2026-02-02T04:27:32.7492884Z > Task :source-local:syncReleaseLibJars FROM-CACHE
Build & Public Release	Build Release APK	2026-02-02T04:27:32.7493709Z > Task :source-local:bundleReleaseAar
Build & Public Release	Build Release APK	2026-02-02T04:27:32.8487886Z > Task :core-metadata:compileReleaseLibraryResources FROM-CACHE
Build & Public Release	Build Release APK	2026-02-02T04:27:32.8492499Z > Task :source-local:mapReleaseSourceSetPaths
Build & Public Release	Build Release APK	2026-02-02T04:27:32.8497205Z > Task :source-api:verifyReleaseResources FROM-CACHE
Build & Public Release	Build Release APK	2026-02-02T04:27:32.8499204Z > Task :source-api:assembleRelease
Build & Public Release	Build Release APK	2026-02-02T04:27:32.8500923Z > Task :core:archive:compileReleaseLibraryResources FROM-CACHE
Build & Public Release	Build Release APK	2026-02-02T04:27:32.8502714Z > Task :telemetry:stripReleaseDebugSymbols NO-SOURCE
Build & Public Release	Build Release APK	2026-02-02T04:27:32.8504737Z > Task :telemetry:copyReleaseJniLibsProjectAndLocalJars
Build & Public Release	Build Release APK	2026-02-02T04:27:32.9488255Z > Task :telemetry:extractDeepLinksForAarRelease FROM-CACHE
Build & Public Release	Build Release APK	2026-02-02T04:27:32.9500698Z > Task :telemetry:extractReleaseAnnotations FROM-CACHE
Build & Public Release	Build Release APK	2026-02-02T04:27:32.9536796Z > Task :telemetry:mergeReleaseConsumerProguardFiles
Build & Public Release	Build Release APK	2026-02-02T04:27:32.9538077Z > Task :telemetry:prepareLintJarForPublish
Build & Public Release	Build Release APK	2026-02-02T04:27:32.9538779Z > Task :telemetry:mergeReleaseJavaResource
Build & Public Release	Build Release APK	2026-02-02T04:27:32.9539502Z > Task :telemetry:syncReleaseLibJars FROM-CACHE
Build & Public Release	Build Release APK	2026-02-02T04:27:32.9540314Z > Task :telemetry:bundleReleaseAar
Build & Public Release	Build Release APK	2026-02-02T04:27:32.9541078Z > Task :telemetry:mapReleaseSourceSetPaths
Build & Public Release	Build Release APK	2026-02-02T04:27:32.9541902Z > Task :telemetry:mergeReleaseResources FROM-CACHE
Build & Public Release	Build Release APK	2026-02-02T04:27:32.9542855Z > Task :telemetry:verifyReleaseResources FROM-CACHE
Build & Public Release	Build Release APK	2026-02-02T04:27:32.9543880Z > Task :telemetry:assembleRelease
Build & Public Release	Build Release APK	2026-02-02T04:27:32.9544700Z > Task :core:archive:stripReleaseDebugSymbols NO-SOURCE
Build & Public Release	Build Release APK	2026-02-02T04:27:32.9546486Z > Task :core:archive:copyReleaseJniLibsProjectAndLocalJars
Build & Public Release	Build Release APK	2026-02-02T04:27:32.9547382Z > Task :core:archive:extractDeepLinksForAarRelease FROM-CACHE
Build & Public Release	Build Release APK	2026-02-02T04:27:32.9548208Z > Task :core:archive:extractReleaseAnnotations FROM-CACHE
Build & Public Release	Build Release APK	2026-02-02T04:27:32.9548970Z > Task :core:archive:mergeReleaseConsumerProguardFiles
Build & Public Release	Build Release APK	2026-02-02T04:27:32.9549674Z > Task :core:archive:prepareLintJarForPublish
Build & Public Release	Build Release APK	2026-02-02T04:27:32.9550526Z > Task :core:archive:mergeReleaseJavaResource
Build & Public Release	Build Release APK	2026-02-02T04:27:33.0488716Z > Task :core:archive:syncReleaseLibJars FROM-CACHE
Build & Public Release	Build Release APK	2026-02-02T04:27:33.0493404Z > Task :core:archive:bundleReleaseAar
Build & Public Release	Build Release APK	2026-02-02T04:27:33.0497622Z > Task :app:javaPreCompileRelease FROM-CACHE
Build & Public Release	Build Release APK	2026-02-02T04:27:33.0501274Z > Task :app:extractProguardFiles
Build & Public Release	Build Release APK	2026-02-02T04:27:33.0505075Z > Task :app:mergeReleaseStartupProfile
Build & Public Release	Build Release APK	2026-02-02T04:27:33.0508729Z > Task :app:generateReleaseAssets UP-TO-DATE
Build & Public Release	Build Release APK	2026-02-02T04:27:33.0512416Z > Task :presentation-widget:mergeReleaseResources FROM-CACHE
Build & Public Release	Build Release APK	2026-02-02T04:27:33.2487792Z > Task :source-local:mergeReleaseResources FROM-CACHE
Build & Public Release	Build Release APK	2026-02-02T04:27:33.4595043Z > Task :source-local:verifyReleaseResources FROM-CACHE
Build & Public Release	Build Release APK	2026-02-02T04:27:33.4654294Z > Task :source-local:assembleRelease
Build & Public Release	Build Release APK	2026-02-02T04:27:33.4654948Z > Task :core:archive:mapReleaseSourceSetPaths
Build & Public Release	Build Release APK	2026-02-02T04:27:33.4655527Z > Task :app:mergeReleaseAssets
Build & Public Release	Build Release APK	2026-02-02T04:27:33.5489329Z > Task :app:compressReleaseAssets FROM-CACHE
Build & Public Release	Build Release APK	2026-02-02T04:27:33.7495772Z > Task :app:extractReleaseVersionControlInfo
Build & Public Release	Build Release APK	2026-02-02T04:27:33.7496636Z > Task :app:validateSigningRelease
Build & Public Release	Build Release APK	2026-02-02T04:27:33.7500020Z > Task :app:writeReleaseAppMetadata
Build & Public Release	Build Release APK	2026-02-02T04:27:33.7530610Z > Task :app:writeReleaseSigningConfigVersions
Build & Public Release	Build Release APK	2026-02-02T04:27:33.7531372Z > Task :core:common:stripReleaseDebugSymbols NO-SOURCE
Build & Public Release	Build Release APK	2026-02-02T04:27:33.7532155Z > Task :core:common:copyReleaseJniLibsProjectAndLocalJars
Build & Public Release	Build Release APK	2026-02-02T04:27:33.8514014Z > Task :core:common:extractDeepLinksForAarRelease FROM-CACHE
Build & Public Release	Build Release APK	2026-02-02T04:27:33.9502341Z > Task :core:archive:mergeReleaseResources FROM-CACHE
Build & Public Release	Build Release APK	2026-02-02T04:27:33.9528076Z > Task :presentation-widget:verifyReleaseResources FROM-CACHE
Build & Public Release	Build Release APK	2026-02-02T04:27:33.9529355Z > Task :presentation-widget:assembleRelease
Build & Public Release	Build Release APK	2026-02-02T04:27:33.9530437Z > Task :core:common:extractReleaseAnnotations FROM-CACHE
Build & Public Release	Build Release APK	2026-02-02T04:27:33.9531648Z > Task :core:common:mergeReleaseConsumerProguardFiles
Build & Public Release	Build Release APK	2026-02-02T04:27:33.9532757Z > Task :core:common:prepareLintJarForPublish
Build & Public Release	Build Release APK	2026-02-02T04:27:34.0487629Z > Task :core:common:mergeReleaseJavaResource
Build & Public Release	Build Release APK	2026-02-02T04:27:34.0492011Z > Task :core:common:mapReleaseSourceSetPaths
Build & Public Release	Build Release APK	2026-02-02T04:27:34.0496302Z > Task :core:common:syncReleaseLibJars FROM-CACHE
Build & Public Release	Build Release APK	2026-02-02T04:27:34.0500637Z > Task :core:common:bundleReleaseAar
Build & Public Release	Build Release APK	2026-02-02T04:27:34.1487222Z > Task :core:archive:verifyReleaseResources FROM-CACHE
Build & Public Release	Build Release APK	2026-02-02T04:27:34.1492106Z > Task :core:archive:assembleRelease
Build & Public Release	Build Release APK	2026-02-02T04:27:34.4503616Z > Task :core:common:mergeReleaseResources FROM-CACHE
Build & Public Release	Build Release APK	2026-02-02T04:27:34.5487175Z > Task :core:common:verifyReleaseResources FROM-CACHE
Build & Public Release	Build Release APK	2026-02-02T04:27:34.5488263Z > Task :core:common:assembleRelease
Build & Public Release	Build Release APK	2026-02-02T04:28:01.5486982Z > Task :app:compileReleaseKotlin
Build & Public Release	Build Release APK	2026-02-02T04:28:14.5511902Z 
Build & Public Release	Build Release APK	2026-02-02T04:28:14.5513009Z > Task :app:compileReleaseKotlin FAILED
Build & Public Release	Build Release APK	2026-02-02T04:28:14.5545225Z e: file:///home/runner/work/AniZen/AniZen/app/src/main/java/eu/kanade/tachiyomi/ui/browse/source/browse/BrowseSourceScreenModel.kt:301:87 Unresolved reference 'name'.
Build & Public Release	Build Release APK	2026-02-02T04:28:14.6487852Z gradle/actions: Writing build results to /home/runner/work/_temp/.gradle-actions/build-results/__run_2-1770006424792.json
Build & Public Release	Build Release APK	2026-02-02T04:28:14.7488430Z 
Build & Public Release	Build Release APK	2026-02-02T04:28:14.7488497Z 
Build & Public Release	Build Release APK	2026-02-02T04:28:14.7489680Z [Incubating] Problems report is available at: file:///home/runner/work/AniZen/AniZen/build/reports/problems/problems-report.html
Build & Public Release	Build Release APK	2026-02-02T04:28:14.7490703Z 
Build & Public Release	Build Release APK	2026-02-02T04:28:14.7491268Z Deprecated Gradle features were used in this build, making it incompatible with Gradle 9.0.
Build & Public Release	Build Release APK	2026-02-02T04:28:14.7492023Z 
Build & Public Release	Build Release APK	2026-02-02T04:28:14.7492865Z You can use '--warning-mode all' to show the individual deprecation warnings and determine if they come from your own scripts or plugins.
Build & Public Release	Build Release APK	2026-02-02T04:28:14.7503916Z FAILURE: Build failed with an exception.
Build & Public Release	Build Release APK	2026-02-02T04:28:14.7504337Z 
Build & Public Release	Build Release APK	2026-02-02T04:28:14.7505307Z For more on this, please refer to https://docs.gradle.org/8.14.3/userguide/command_line_interface.html#sec:command_line_warnings in the Gradle documentation.
Build & Public Release	Build Release APK	2026-02-02T04:28:14.7506788Z 544 actionable tasks: 281 executed, 254 from cache, 9 up-to-date
Build & Public Release	Build Release APK	2026-02-02T04:28:14.7507426Z 
Build & Public Release	Build Release APK	2026-02-02T04:28:14.7540540Z * What went wrong:
Build & Public Release	Build Release APK	2026-02-02T04:28:14.7542710Z Execution failed for task ':app:compileReleaseKotlin'.
Build & Public Release	Build Release APK	2026-02-02T04:28:14.7544333Z > A failure occurred while executing org.jetbrains.kotlin.compilerRunner.GradleCompilerRunnerWithWorkers$GradleKotlinCompilerWorkAction
Build & Public Release	Build Release APK	2026-02-02T04:28:14.7545572Z    > Compilation error. See log for more details
Build & Public Release	Build Release APK	2026-02-02T04:28:14.7545948Z 
Build & Public Release	Build Release APK	2026-02-02T04:28:14.7546083Z * Try:
Build & Public Release	Build Release APK	2026-02-02T04:28:14.7546500Z > Run with --stacktrace option to get the stack trace.
Build & Public Release	Build Release APK	2026-02-02T04:28:14.7547447Z > Run with --info or --debug option to get more log output.
Build & Public Release	Build Release APK	2026-02-02T04:28:14.7548043Z > Run with --scan to get full insights.
Build & Public Release	Build Release APK	2026-02-02T04:28:14.7548571Z > Get more help at https://help.gradle.org.
Build & Public Release	Build Release APK	2026-02-02T04:28:14.7548926Z 
Build & Public Release	Build Release APK	2026-02-02T04:28:14.7549082Z BUILD FAILED in 1m 13s
Build & Public Release	Build Release APK	2026-02-02T04:28:15.2299809Z ##[error]Process completed with exit code 1.
Build & Public Release	Post Set up Gradle	ï»¿2026-02-02T04:28:15.2482840Z Post job cleanup.
Build & Public Release	Post Set up Gradle	2026-02-02T04:28:15.5718002Z In post-action step
Build & Public Release	Post Set up Gradle	2026-02-02T04:28:15.5730397Z ##[group]Stopping Gradle daemons
Build & Public Release	Post Set up Gradle	2026-02-02T04:28:15.5732034Z Stopping Gradle daemons for /home/runner/.gradle/wrapper/dists/gradle-8.14.3-bin/cv11ve7ro1n3o1j4so8xd9n66/gradle-8.14.3
Build & Public Release	Post Set up Gradle	2026-02-02T04:28:15.5752417Z [command]/home/runner/.gradle/wrapper/dists/gradle-8.14.3-bin/cv11ve7ro1n3o1j4so8xd9n66/gradle-8.14.3/bin/gradle --stop
Build & Public Release	Post Set up Gradle	2026-02-02T04:28:16.1859356Z No Gradle daemons are running.
Build & Public Release	Post Set up Gradle	2026-02-02T04:28:16.2062901Z ##[endgroup]
Build & Public Release	Post Set up Gradle	2026-02-02T04:28:16.2064615Z Not performing cache-cleanup due to build failure
Build & Public Release	Post Set up Gradle	2026-02-02T04:28:16.2066713Z ##[group]Caching Gradle state
Build & Public Release	Post Set up Gradle	2026-02-02T04:28:27.9968560Z [command]/usr/bin/tar --posix -cf cache.tzst --exclude cache.tzst -P -C /home/runner/work/AniZen/AniZen --files-from manifest.txt --use-compress-program zstdmt
Build & Public Release	Post Set up Gradle	2026-02-02T04:28:29.9137935Z Sent 9229191 of 277664647 (3.3%), 8.8 MBs/sec
Build & Public Release	Post Set up Gradle	2026-02-02T04:28:30.3717852Z Sent 277664647 of 277664647 (100.0%), 181.5 MBs/sec
Build & Public Release	Post Set up Gradle	2026-02-02T04:28:30.5516554Z Saved cache entry with key gradle-home-v1|Linux-X64|build-release[16cd6cc2a04430ca045959c87cb8ce3a]-8d4a855d844b023fef604ad03d625a19337ca5ed from /home/runner/.gradle/caches,/home/runner/.gradle/notifications,/home/runner/.gradle/.setup-gradle in 2570ms
Build & Public Release	Post Set up Gradle	2026-02-02T04:28:30.5519522Z ##[endgroup]
Build & Public Release	Post Set up Gradle	2026-02-02T04:28:30.5524755Z Generating Job Summary
Build & Public Release	Post Set up Gradle	2026-02-02T04:28:30.5538395Z Completed post-action step
Build & Public Release	Post Set up JDK	ï»¿2026-02-02T04:28:30.5774949Z Post job cleanup.
Build & Public Release	Post Clone repo	ï»¿2026-02-02T04:28:30.7527212Z Post job cleanup.
Build & Public Release	Post Clone repo	2026-02-02T04:28:30.8479473Z [command]/usr/bin/git version
Build & Public Release	Post Clone repo	2026-02-02T04:28:30.8516117Z git version 2.52.0
Build & Public Release	Post Clone repo	2026-02-02T04:28:30.8560316Z Temporarily overriding HOME='/home/runner/work/_temp/b15a5b2b-f961-47dc-aebf-c9cff88d193d' before making global git config changes
Build & Public Release	Post Clone repo	2026-02-02T04:28:30.8561837Z Adding repository directory to the temporary git global config as a safe directory
Build & Public Release	Post Clone repo	2026-02-02T04:28:30.8567074Z [command]/usr/bin/git config --global --add safe.directory /home/runner/work/AniZen/AniZen
Build & Public Release	Post Clone repo	2026-02-02T04:28:30.8604310Z [command]/usr/bin/git config --local --name-only --get-regexp core\.sshCommand
Build & Public Release	Post Clone repo	2026-02-02T04:28:30.8637106Z [command]/usr/bin/git submodule foreach --recursive sh -c "git config --local --name-only --get-regexp 'core\.sshCommand' && git config --local --unset-all 'core.sshCommand' || :"
Build & Public Release	Post Clone repo	2026-02-02T04:28:30.8886128Z [command]/usr/bin/git config --local --name-only --get-regexp http\.https\:\/\/github\.com\/\.extraheader
Build & Public Release	Post Clone repo	2026-02-02T04:28:30.8909534Z http.https://github.com/.extraheader
Build & Public Release	Post Clone repo	2026-02-02T04:28:30.8923411Z [command]/usr/bin/git config --local --unset-all http.https://github.com/.extraheader
Build & Public Release	Post Clone repo	2026-02-02T04:28:30.8957220Z [command]/usr/bin/git submodule foreach --recursive sh -c "git config --local --name-only --get-regexp 'http\.https\:\/\/github\.com\/\.extraheader' && git config --local --unset-all 'http.https://github.com/.extraheader' || :"
Build & Public Release	Post Clone repo	2026-02-02T04:28:30.9195932Z [command]/usr/bin/git config --local --name-only --get-regexp ^includeIf\.gitdir:
Build & Public Release	Post Clone repo	2026-02-02T04:28:30.9226862Z [command]/usr/bin/git submodule foreach --recursive git config --local --show-origin --name-only --get-regexp remote.origin.url
Build & Public Release	Complete job	ï»¿2026-02-02T04:28:30.9559139Z Cleaning up orphan processes
