Build & Public Release	Set up job	ï»¿2026-02-01T20:17:00.4987211Z Current runner version: '2.331.0'
Build & Public Release	Set up job	2026-02-01T20:17:00.5020620Z ##[group]Runner Image Provisioner
Build & Public Release	Set up job	2026-02-01T20:17:00.5022153Z Hosted Compute Agent
Build & Public Release	Set up job	2026-02-01T20:17:00.5022981Z Version: 20260123.484
Build & Public Release	Set up job	2026-02-01T20:17:00.5023915Z Commit: 6bd6555ca37d84114959e1c76d2c01448ff61c5d
Build & Public Release	Set up job	2026-02-01T20:17:00.5025061Z Build Date: 2026-01-23T19:41:17Z
Build & Public Release	Set up job	2026-02-01T20:17:00.5026185Z Worker ID: {79e0d84d-6fd9-4905-aa55-f17721aa115b}
Build & Public Release	Set up job	2026-02-01T20:17:00.5027324Z Azure Region: eastus2
Build & Public Release	Set up job	2026-02-01T20:17:00.5028260Z ##[endgroup]
Build & Public Release	Set up job	2026-02-01T20:17:00.5030403Z ##[group]Operating System
Build & Public Release	Set up job	2026-02-01T20:17:00.5031484Z Ubuntu
Build & Public Release	Set up job	2026-02-01T20:17:00.5032367Z 24.04.3
Build & Public Release	Set up job	2026-02-01T20:17:00.5033052Z LTS
Build & Public Release	Set up job	2026-02-01T20:17:00.5033804Z ##[endgroup]
Build & Public Release	Set up job	2026-02-01T20:17:00.5034674Z ##[group]Runner Image
Build & Public Release	Set up job	2026-02-01T20:17:00.5035618Z Image: ubuntu-24.04
Build & Public Release	Set up job	2026-02-01T20:17:00.5036412Z Version: 20260126.10.1
Build & Public Release	Set up job	2026-02-01T20:17:00.5038167Z Included Software: https://github.com/actions/runner-images/blob/ubuntu24/20260126.10/images/ubuntu/Ubuntu2404-Readme.md
Build & Public Release	Set up job	2026-02-01T20:17:00.5041077Z Image Release: https://github.com/actions/runner-images/releases/tag/ubuntu24%2F20260126.10
Build & Public Release	Set up job	2026-02-01T20:17:00.5042939Z ##[endgroup]
Build & Public Release	Set up job	2026-02-01T20:17:00.5044698Z ##[group]GITHUB_TOKEN Permissions
Build & Public Release	Set up job	2026-02-01T20:17:00.5047180Z Contents: write
Build & Public Release	Set up job	2026-02-01T20:17:00.5048051Z Metadata: read
Build & Public Release	Set up job	2026-02-01T20:17:00.5049131Z ##[endgroup]
Build & Public Release	Set up job	2026-02-01T20:17:00.5052186Z Secret source: Actions
Build & Public Release	Set up job	2026-02-01T20:17:00.5053217Z Prepare workflow directory
Build & Public Release	Set up job	2026-02-01T20:17:00.5526535Z Prepare all required actions
Build & Public Release	Set up job	2026-02-01T20:17:00.5584067Z Getting action download info
Build & Public Release	Set up job	2026-02-01T20:17:00.8673716Z Download action repository 'actions/checkout@v4' (SHA:34e114876b0b11c390a56381ad16ebd13914f8d5)
Build & Public Release	Set up job	2026-02-01T20:17:00.9880740Z Download action repository 'actions/setup-java@v4' (SHA:c1e323688fd81a25caa38c78aa6df2d33d3e20d9)
Build & Public Release	Set up job	2026-02-01T20:17:01.3274412Z Download action repository 'gradle/actions@v4' (SHA:ed408507eac070d1f99cc633dbcf757c94c7933a)
Build & Public Release	Set up job	2026-02-01T20:17:02.0985226Z Download action repository 'softprops/action-gh-release@v1' (SHA:de2c0eb89ae2a093876385947365aca7b0e5f844)
Build & Public Release	Set up job	2026-02-01T20:17:02.5093409Z Complete job name: Build & Public Release
Build & Public Release	Clone repo	ï»¿2026-02-01T20:17:02.5938682Z ##[group]Run actions/checkout@v4
Build & Public Release	Clone repo	2026-02-01T20:17:02.5940023Z with:
Build & Public Release	Clone repo	2026-02-01T20:17:02.5940818Z   fetch-depth: 1
Build & Public Release	Clone repo	2026-02-01T20:17:02.5941790Z   repository: salmanbappi/AniZen
Build & Public Release	Clone repo	2026-02-01T20:17:02.5942989Z   token: ***
Build & Public Release	Clone repo	2026-02-01T20:17:02.5943732Z   ssh-strict: true
Build & Public Release	Clone repo	2026-02-01T20:17:02.5944506Z   ssh-user: git
Build & Public Release	Clone repo	2026-02-01T20:17:02.5945298Z   persist-credentials: true
Build & Public Release	Clone repo	2026-02-01T20:17:02.5946175Z   clean: true
Build & Public Release	Clone repo	2026-02-01T20:17:02.5946962Z   sparse-checkout-cone-mode: true
Build & Public Release	Clone repo	2026-02-01T20:17:02.5947918Z   fetch-tags: false
Build & Public Release	Clone repo	2026-02-01T20:17:02.5948699Z   show-progress: true
Build & Public Release	Clone repo	2026-02-01T20:17:02.5949497Z   lfs: false
Build & Public Release	Clone repo	2026-02-01T20:17:02.5950241Z   submodules: false
Build & Public Release	Clone repo	2026-02-01T20:17:02.5951047Z   set-safe-directory: true
Build & Public Release	Clone repo	2026-02-01T20:17:02.5952341Z ##[endgroup]
Build & Public Release	Clone repo	2026-02-01T20:17:02.7024416Z Syncing repository: salmanbappi/AniZen
Build & Public Release	Clone repo	2026-02-01T20:17:02.7027022Z ##[group]Getting Git version info
Build & Public Release	Clone repo	2026-02-01T20:17:02.7028332Z Working directory is '/home/runner/work/AniZen/AniZen'
Build & Public Release	Clone repo	2026-02-01T20:17:02.7030088Z [command]/usr/bin/git version
Build & Public Release	Clone repo	2026-02-01T20:17:02.7089538Z git version 2.52.0
Build & Public Release	Clone repo	2026-02-01T20:17:02.7115282Z ##[endgroup]
Build & Public Release	Clone repo	2026-02-01T20:17:02.7135475Z Temporarily overriding HOME='/home/runner/work/_temp/ab1b37af-839c-4b80-9e2d-aa526911ff4e' before making global git config changes
Build & Public Release	Clone repo	2026-02-01T20:17:02.7139441Z Adding repository directory to the temporary git global config as a safe directory
Build & Public Release	Clone repo	2026-02-01T20:17:02.7143496Z [command]/usr/bin/git config --global --add safe.directory /home/runner/work/AniZen/AniZen
Build & Public Release	Clone repo	2026-02-01T20:17:02.7179972Z Deleting the contents of '/home/runner/work/AniZen/AniZen'
Build & Public Release	Clone repo	2026-02-01T20:17:02.7183855Z ##[group]Initializing the repository
Build & Public Release	Clone repo	2026-02-01T20:17:02.7187554Z [command]/usr/bin/git init /home/runner/work/AniZen/AniZen
Build & Public Release	Clone repo	2026-02-01T20:17:02.7297466Z hint: Using 'master' as the name for the initial branch. This default branch name
Build & Public Release	Clone repo	2026-02-01T20:17:02.7299751Z hint: will change to "main" in Git 3.0. To configure the initial branch name
Build & Public Release	Clone repo	2026-02-01T20:17:02.7302400Z hint: to use in all of your new repositories, which will suppress this warning,
Build & Public Release	Clone repo	2026-02-01T20:17:02.7303945Z hint: call:
Build & Public Release	Clone repo	2026-02-01T20:17:02.7304670Z hint:
Build & Public Release	Clone repo	2026-02-01T20:17:02.7305711Z hint: 	git config --global init.defaultBranch <name>
Build & Public Release	Clone repo	2026-02-01T20:17:02.7307328Z hint:
Build & Public Release	Clone repo	2026-02-01T20:17:02.7308421Z hint: Names commonly chosen instead of 'master' are 'main', 'trunk' and
Build & Public Release	Clone repo	2026-02-01T20:17:02.7310193Z hint: 'development'. The just-created branch can be renamed via this command:
Build & Public Release	Clone repo	2026-02-01T20:17:02.7312028Z hint:
Build & Public Release	Clone repo	2026-02-01T20:17:02.7312808Z hint: 	git branch -m <name>
Build & Public Release	Clone repo	2026-02-01T20:17:02.7313695Z hint:
Build & Public Release	Clone repo	2026-02-01T20:17:02.7314855Z hint: Disable this message with "git config set advice.defaultBranchName false"
Build & Public Release	Clone repo	2026-02-01T20:17:02.7316748Z Initialized empty Git repository in /home/runner/work/AniZen/AniZen/.git/
Build & Public Release	Clone repo	2026-02-01T20:17:02.7319640Z [command]/usr/bin/git remote add origin https://github.com/salmanbappi/AniZen
Build & Public Release	Clone repo	2026-02-01T20:17:02.7347513Z ##[endgroup]
Build & Public Release	Clone repo	2026-02-01T20:17:02.7348938Z ##[group]Disabling automatic garbage collection
Build & Public Release	Clone repo	2026-02-01T20:17:02.7350897Z [command]/usr/bin/git config --local gc.auto 0
Build & Public Release	Clone repo	2026-02-01T20:17:02.7381178Z ##[endgroup]
Build & Public Release	Clone repo	2026-02-01T20:17:02.7383713Z ##[group]Setting up auth
Build & Public Release	Clone repo	2026-02-01T20:17:02.7388688Z [command]/usr/bin/git config --local --name-only --get-regexp core\.sshCommand
Build & Public Release	Clone repo	2026-02-01T20:17:02.7420797Z [command]/usr/bin/git submodule foreach --recursive sh -c "git config --local --name-only --get-regexp 'core\.sshCommand' && git config --local --unset-all 'core.sshCommand' || :"
Build & Public Release	Clone repo	2026-02-01T20:17:02.7758443Z [command]/usr/bin/git config --local --name-only --get-regexp http\.https\:\/\/github\.com\/\.extraheader
Build & Public Release	Clone repo	2026-02-01T20:17:02.7786888Z [command]/usr/bin/git submodule foreach --recursive sh -c "git config --local --name-only --get-regexp 'http\.https\:\/\/github\.com\/\.extraheader' && git config --local --unset-all 'http.https://github.com/.extraheader' || :"
Build & Public Release	Clone repo	2026-02-01T20:17:02.8001773Z [command]/usr/bin/git config --local --name-only --get-regexp ^includeIf\.gitdir:
Build & Public Release	Clone repo	2026-02-01T20:17:02.8034083Z [command]/usr/bin/git submodule foreach --recursive git config --local --show-origin --name-only --get-regexp remote.origin.url
Build & Public Release	Clone repo	2026-02-01T20:17:02.8253757Z [command]/usr/bin/git config --local http.https://github.com/.extraheader AUTHORIZATION: basic ***
Build & Public Release	Clone repo	2026-02-01T20:17:02.8286739Z ##[endgroup]
Build & Public Release	Clone repo	2026-02-01T20:17:02.8288097Z ##[group]Fetching the repository
Build & Public Release	Clone repo	2026-02-01T20:17:02.8295955Z [command]/usr/bin/git -c protocol.version=2 fetch --no-tags --prune --no-recurse-submodules --depth=1 origin +305a920a830c695b717096ee2820f5f21eb73b71:refs/remotes/origin/master
Build & Public Release	Clone repo	2026-02-01T20:17:03.5806473Z From https://github.com/salmanbappi/AniZen
Build & Public Release	Clone repo	2026-02-01T20:17:03.5807495Z  * [new ref]         305a920a830c695b717096ee2820f5f21eb73b71 -> origin/master
Build & Public Release	Clone repo	2026-02-01T20:17:03.5843002Z ##[endgroup]
Build & Public Release	Clone repo	2026-02-01T20:17:03.5843980Z ##[group]Determining the checkout info
Build & Public Release	Clone repo	2026-02-01T20:17:03.5845714Z ##[endgroup]
Build & Public Release	Clone repo	2026-02-01T20:17:03.5850696Z [command]/usr/bin/git sparse-checkout disable
Build & Public Release	Clone repo	2026-02-01T20:17:03.5895908Z [command]/usr/bin/git config --local --unset-all extensions.worktreeConfig
Build & Public Release	Clone repo	2026-02-01T20:17:03.5921197Z ##[group]Checking out the ref
Build & Public Release	Clone repo	2026-02-01T20:17:03.5925576Z [command]/usr/bin/git checkout --progress --force -B master refs/remotes/origin/master
Build & Public Release	Clone repo	2026-02-01T20:17:03.7522398Z Reset branch 'master'
Build & Public Release	Clone repo	2026-02-01T20:17:03.7523695Z branch 'master' set up to track 'origin/master'.
Build & Public Release	Clone repo	2026-02-01T20:17:03.7536120Z ##[endgroup]
Build & Public Release	Clone repo	2026-02-01T20:17:03.7576965Z [command]/usr/bin/git log -1 --format=%H
Build & Public Release	Clone repo	2026-02-01T20:17:03.7600034Z 305a920a830c695b717096ee2820f5f21eb73b71
Build & Public Release	Set up JDK	ï»¿2026-02-01T20:17:03.7909371Z ##[group]Run actions/setup-java@v4
Build & Public Release	Set up JDK	2026-02-01T20:17:03.7909722Z with:
Build & Public Release	Set up JDK	2026-02-01T20:17:03.7909936Z   java-version: 17
Build & Public Release	Set up JDK	2026-02-01T20:17:03.7910177Z   distribution: temurin
Build & Public Release	Set up JDK	2026-02-01T20:17:03.7910426Z   java-package: jdk
Build & Public Release	Set up JDK	2026-02-01T20:17:03.7910667Z   check-latest: false
Build & Public Release	Set up JDK	2026-02-01T20:17:03.7910906Z   server-id: github
Build & Public Release	Set up JDK	2026-02-01T20:17:03.7911548Z   server-username: GITHUB_ACTOR
Build & Public Release	Set up JDK	2026-02-01T20:17:03.7911869Z   server-password: GITHUB_TOKEN
Build & Public Release	Set up JDK	2026-02-01T20:17:03.7912154Z   overwrite-settings: true
Build & Public Release	Set up JDK	2026-02-01T20:17:03.7912419Z   job-status: success
Build & Public Release	Set up JDK	2026-02-01T20:17:03.7912798Z   token: ***
Build & Public Release	Set up JDK	2026-02-01T20:17:03.7913025Z ##[endgroup]
Build & Public Release	Set up JDK	2026-02-01T20:17:03.9875598Z ##[group]Installed distributions
Build & Public Release	Set up JDK	2026-02-01T20:17:04.0075318Z Resolved Java 17.0.18+8 from tool-cache
Build & Public Release	Set up JDK	2026-02-01T20:17:04.0076553Z Setting Java 17.0.18+8 as the default
Build & Public Release	Set up JDK	2026-02-01T20:17:04.0089489Z Creating toolchains.xml for JDK version 17 from temurin
Build & Public Release	Set up JDK	2026-02-01T20:17:04.0167140Z Writing to /home/runner/.m2/toolchains.xml
Build & Public Release	Set up JDK	2026-02-01T20:17:04.0167620Z 
Build & Public Release	Set up JDK	2026-02-01T20:17:04.0167898Z Java configuration:
Build & Public Release	Set up JDK	2026-02-01T20:17:04.0168440Z   Distribution: temurin
Build & Public Release	Set up JDK	2026-02-01T20:17:04.0169022Z   Version: 17.0.18+8
Build & Public Release	Set up JDK	2026-02-01T20:17:04.0169683Z   Path: /opt/hostedtoolcache/Java_Temurin-Hotspot_jdk/17.0.18-8/x64
Build & Public Release	Set up JDK	2026-02-01T20:17:04.0170232Z 
Build & Public Release	Set up JDK	2026-02-01T20:17:04.0170899Z ##[endgroup]
Build & Public Release	Set up JDK	2026-02-01T20:17:04.0185197Z Creating settings.xml with server-id: github
Build & Public Release	Set up JDK	2026-02-01T20:17:04.0191719Z Writing to /home/runner/.m2/settings.xml
Build & Public Release	Set up Gradle	ï»¿2026-02-01T20:17:04.0421678Z ##[group]Run gradle/actions/setup-gradle@v4
Build & Public Release	Set up Gradle	2026-02-01T20:17:04.0422048Z with:
Build & Public Release	Set up Gradle	2026-02-01T20:17:04.0422271Z   cache-disabled: false
Build & Public Release	Set up Gradle	2026-02-01T20:17:04.0422534Z   cache-read-only: false
Build & Public Release	Set up Gradle	2026-02-01T20:17:04.0422791Z   cache-write-only: false
Build & Public Release	Set up Gradle	2026-02-01T20:17:04.0423072Z   cache-overwrite-existing: false
Build & Public Release	Set up Gradle	2026-02-01T20:17:04.0423370Z   cache-cleanup: on-success
Build & Public Release	Set up Gradle	2026-02-01T20:17:04.0423705Z   gradle-home-cache-includes: caches
Build & Public Release	Set up Gradle	notifications
Build & Public Release	Set up Gradle	
Build & Public Release	Set up Gradle	2026-02-01T20:17:04.0424075Z   add-job-summary: always
Build & Public Release	Set up Gradle	2026-02-01T20:17:04.0424358Z   add-job-summary-as-pr-comment: never
Build & Public Release	Set up Gradle	2026-02-01T20:17:04.0424682Z   dependency-graph: disabled
Build & Public Release	Set up Gradle	2026-02-01T20:17:04.0425021Z   dependency-graph-report-dir: dependency-graph-reports
Build & Public Release	Set up Gradle	2026-02-01T20:17:04.0425420Z   dependency-graph-continue-on-failure: true
Build & Public Release	Set up Gradle	2026-02-01T20:17:04.0425753Z   build-scan-publish: false
Build & Public Release	Set up Gradle	2026-02-01T20:17:04.0426049Z   validate-wrappers: true
Build & Public Release	Set up Gradle	2026-02-01T20:17:04.0426324Z   allow-snapshot-wrappers: false
Build & Public Release	Set up Gradle	2026-02-01T20:17:04.0426636Z   gradle-home-cache-strict-match: false
Build & Public Release	Set up Gradle	2026-02-01T20:17:04.0426977Z   workflow-job-context: null
Build & Public Release	Set up Gradle	2026-02-01T20:17:04.0427424Z   github-token: ***
Build & Public Release	Set up Gradle	2026-02-01T20:17:04.0427659Z env:
Build & Public Release	Set up Gradle	2026-02-01T20:17:04.0427984Z   JAVA_HOME: /opt/hostedtoolcache/Java_Temurin-Hotspot_jdk/17.0.18-8/x64
Build & Public Release	Set up Gradle	2026-02-01T20:17:04.0428523Z   JAVA_HOME_17_X64: /opt/hostedtoolcache/Java_Temurin-Hotspot_jdk/17.0.18-8/x64
Build & Public Release	Set up Gradle	2026-02-01T20:17:04.0428929Z ##[endgroup]
Build & Public Release	Set up Gradle	2026-02-01T20:17:04.4946400Z Merged default JDK locations into /home/runner/.m2/toolchains.xml
Build & Public Release	Set up Gradle	2026-02-01T20:17:04.4949171Z Preparing cache for cleanup.
Build & Public Release	Set up Gradle	2026-02-01T20:17:04.4954645Z ##[group]Restore Gradle state from cache
Build & Public Release	Set up Gradle	2026-02-01T20:17:04.6272316Z Cache hit for restore-key: gradle-home-v1|Linux-X64|build-release[16cd6cc2a04430ca045959c87cb8ce3a]-eb40cb6e62d83e363f492271bd768ac4913f5c5a
Build & Public Release	Set up Gradle	2026-02-01T20:17:05.6822564Z Received 264241152 of 280753585 (94.1%), 252.0 MBs/sec
Build & Public Release	Set up Gradle	2026-02-01T20:17:05.8779564Z Received 280753585 of 280753585 (100.0%), 222.9 MBs/sec
Build & Public Release	Set up Gradle	2026-02-01T20:17:05.8783082Z Cache Size: ~268 MB (280753585 B)
Build & Public Release	Set up Gradle	2026-02-01T20:17:05.8889405Z [command]/usr/bin/tar -xf /home/runner/work/_temp/49bb7034-50b3-4881-87cf-03f85aea0ce2/cache.tzst -P -C /home/runner/work/AniZen/AniZen --use-compress-program unzstd
Build & Public Release	Set up Gradle	2026-02-01T20:17:06.5407918Z Cache restored successfully
Build & Public Release	Set up Gradle	2026-02-01T20:17:06.5934495Z Restored cache entry with key gradle-home-v1|Linux-X64|build-release[16cd6cc2a04430ca045959c87cb8ce3a]-305a920a830c695b717096ee2820f5f21eb73b71 to /home/runner/.gradle/caches,/home/runner/.gradle/notifications,/home/runner/.gradle/.setup-gradle in 2097ms
Build & Public Release	Set up Gradle	2026-02-01T20:17:06.6698370Z Cache hit for: gradle-generated-gradle-jars-v1-4434c59050703a48bf14168622b59891
Build & Public Release	Set up Gradle	2026-02-01T20:17:06.6706598Z Cache hit for: gradle-wrapper-zips-v1-5ae5d3da5e8e0c748d04bcdd9bc97bdb
Build & Public Release	Set up Gradle	2026-02-01T20:17:06.6770061Z Cache hit for: gradle-transforms-v1-29b6ecf76579b0052284b4e6ec2672a2
Build & Public Release	Set up Gradle	2026-02-01T20:17:06.6786906Z Cache hit for: gradle-groovy-dsl-v1-09766ebd317f33d5bb22d8ecc7489b16
Build & Public Release	Set up Gradle	2026-02-01T20:17:06.6790888Z Cache hit for: gradle-instrumented-jars-v1-eeb1900d10d40451b3dd4fb7a3242ff1
Build & Public Release	Set up Gradle	2026-02-01T20:17:06.6795828Z Cache hit for: gradle-dependencies-v1-b3ba458e98787b341f020e1a58774519
Build & Public Release	Set up Gradle	2026-02-01T20:17:06.6841754Z Cache hit for: gradle-kotlin-dsl-v1-900d09f8bd24a77c702d5ecbbfd928b0
Build & Public Release	Set up Gradle	2026-02-01T20:17:06.9793995Z Received 121615 of 121615 (100.0%), 0.5 MBs/sec
Build & Public Release	Set up Gradle	2026-02-01T20:17:06.9799426Z Cache Size: ~0 MB (121615 B)
Build & Public Release	Set up Gradle	2026-02-01T20:17:07.3385842Z Received 3288260 of 3288260 (100.0%), 6.0 MBs/sec
Build & Public Release	Set up Gradle	2026-02-01T20:17:07.3387521Z Cache Size: ~3 MB (3288260 B)
Build & Public Release	Set up Gradle	2026-02-01T20:17:07.3448906Z Received 187618 of 187618 (100.0%), 0.4 MBs/sec
Build & Public Release	Set up Gradle	2026-02-01T20:17:07.3451105Z Cache Size: ~0 MB (187618 B)
Build & Public Release	Set up Gradle	2026-02-01T20:17:07.5890330Z Received 41092997 of 41092997 (100.0%), 46.6 MBs/sec
Build & Public Release	Set up Gradle	2026-02-01T20:17:07.5891085Z Cache Size: ~39 MB (41092997 B)
Build & Public Release	Set up Gradle	2026-02-01T20:17:07.7157652Z Received 121634816 of 136706942 (89.0%), 112.7 MBs/sec
Build & Public Release	Set up Gradle	2026-02-01T20:17:07.7158809Z Received 88080384 of 1329661357 (6.6%), 83.8 MBs/sec
Build & Public Release	Set up Gradle	2026-02-01T20:17:07.7392628Z Received 88080384 of 688624236 (12.8%), 83.4 MBs/sec
Build & Public Release	Set up Gradle	2026-02-01T20:17:07.9081039Z [command]/usr/bin/tar -xf /home/runner/work/_temp/440df5df-d5f3-4858-a3f7-f89ad1b62ec6/cache.tzst -P -C /home/runner/work/AniZen/AniZen --use-compress-program unzstd
Build & Public Release	Set up Gradle	2026-02-01T20:17:07.9496839Z Received 136706942 of 136706942 (100.0%), 103.2 MBs/sec
Build & Public Release	Set up Gradle	2026-02-01T20:17:07.9497704Z Cache Size: ~130 MB (136706942 B)
Build & Public Release	Set up Gradle	2026-02-01T20:17:07.9676243Z Cache restored successfully
Build & Public Release	Set up Gradle	2026-02-01T20:17:08.0646857Z Restored cache entry with key gradle-instrumented-jars-v1-eeb1900d10d40451b3dd4fb7a3242ff1 to /home/runner/.gradle/caches/jars-*/*/ in 1468ms
Build & Public Release	Set up Gradle	2026-02-01T20:17:08.2977215Z [command]/usr/bin/tar -xf /home/runner/work/_temp/88ac539b-c318-4af9-a583-c359683eed3c/cache.tzst -P -C /home/runner/work/AniZen/AniZen --use-compress-program unzstd
Build & Public Release	Set up Gradle	2026-02-01T20:17:08.3026174Z [command]/usr/bin/tar -xf /home/runner/work/_temp/bf745769-b6c7-41f6-b3d0-b7debaabbd6d/cache.tzst -P -C /home/runner/work/AniZen/AniZen --use-compress-program unzstd
Build & Public Release	Set up Gradle	2026-02-01T20:17:08.3863261Z Cache restored successfully
Build & Public Release	Set up Gradle	2026-02-01T20:17:08.4172060Z Restored cache entry with key gradle-groovy-dsl-v1-09766ebd317f33d5bb22d8ecc7489b16 to /home/runner/.gradle/caches/*/groovy-dsl/*/ in 1820ms
Build & Public Release	Set up Gradle	2026-02-01T20:17:08.4498828Z [command]/usr/bin/tar -xf /home/runner/work/_temp/49d4decb-cd7e-4a02-ba24-b769b149c88a/cache.tzst -P -C /home/runner/work/AniZen/AniZen --use-compress-program unzstd
Build & Public Release	Set up Gradle	2026-02-01T20:17:08.7249578Z Received 226492416 of 1329661357 (17.0%), 107.4 MBs/sec
Build & Public Release	Set up Gradle	2026-02-01T20:17:08.7652334Z Received 201326592 of 688624236 (29.2%), 94.4 MBs/sec
Build & Public Release	Set up Gradle	2026-02-01T20:17:08.7654139Z [command]/usr/bin/tar -xf /home/runner/work/_temp/7d754200-513b-4e30-91dd-6f45cc06d2ce/cache.tzst -P -C /home/runner/work/AniZen/AniZen --use-compress-program unzstd
Build & Public Release	Set up Gradle	2026-02-01T20:17:09.0119478Z Cache restored successfully
Build & Public Release	Set up Gradle	2026-02-01T20:17:09.1695885Z Restored cache entry with key gradle-generated-gradle-jars-v1-4434c59050703a48bf14168622b59891 to /home/runner/.gradle/caches/8.14.3/generated-gradle-jars/gradle-api-8.14.3.jar in 2575ms
Build & Public Release	Set up Gradle	2026-02-01T20:17:09.1967684Z Cache restored successfully
Build & Public Release	Set up Gradle	2026-02-01T20:17:09.2853391Z Restored cache entry with key gradle-wrapper-zips-v1-5ae5d3da5e8e0c748d04bcdd9bc97bdb to /home/runner/.gradle/wrapper/dists/gradle-8.14.3-bin/cv11ve7ro1n3o1j4so8xd9n66 in 2689ms
Build & Public Release	Set up Gradle	2026-02-01T20:17:09.7368628Z Received 339738624 of 1329661357 (25.6%), 107.2 MBs/sec
Build & Public Release	Set up Gradle	2026-02-01T20:17:09.7723461Z Received 331350016 of 688624236 (48.1%), 103.9 MBs/sec
Build & Public Release	Set up Gradle	2026-02-01T20:17:10.0823102Z Cache restored successfully
Build & Public Release	Set up Gradle	2026-02-01T20:17:10.0907857Z Restored cache entry with key gradle-kotlin-dsl-v1-900d09f8bd24a77c702d5ecbbfd928b0 to /home/runner/.gradle/caches/*/kotlin-dsl/accessors/*/,/home/runner/.gradle/caches/*/kotlin-dsl/scripts/*/ in 3494ms
Build & Public Release	Set up Gradle	2026-02-01T20:17:10.7463707Z Received 532676608 of 1329661357 (40.1%), 126.0 MBs/sec
Build & Public Release	Set up Gradle	2026-02-01T20:17:10.8590353Z Received 478150656 of 688624236 (69.4%), 110.5 MBs/sec
Build & Public Release	Set up Gradle	2026-02-01T20:17:11.7523424Z Received 671088640 of 1329661357 (50.5%), 127.0 MBs/sec
Build & Public Release	Set up Gradle	2026-02-01T20:17:11.8720632Z Received 662700032 of 688624236 (96.2%), 123.0 MBs/sec
Build & Public Release	Set up Gradle	2026-02-01T20:17:12.1253800Z Received 688624236 of 688624236 (100.0%), 121.8 MBs/sec
Build & Public Release	Set up Gradle	2026-02-01T20:17:12.1254959Z Cache Size: ~657 MB (688624236 B)
Build & Public Release	Set up Gradle	2026-02-01T20:17:12.2306744Z [command]/usr/bin/tar -xf /home/runner/work/_temp/1e38cb0f-f5e0-407f-a9db-6f14cb8e92a6/cache.tzst -P -C /home/runner/work/AniZen/AniZen --use-compress-program unzstd
Build & Public Release	Set up Gradle	2026-02-01T20:17:12.7517676Z Received 880803840 of 1329661357 (66.2%), 139.1 MBs/sec
Build & Public Release	Set up Gradle	2026-02-01T20:17:13.7410739Z Cache restored successfully
Build & Public Release	Set up Gradle	2026-02-01T20:17:13.7536820Z Received 1090519040 of 1329661357 (82.0%), 147.7 MBs/sec
Build & Public Release	Set up Gradle	2026-02-01T20:17:13.9167576Z Restored cache entry with key gradle-dependencies-v1-b3ba458e98787b341f020e1a58774519 to /home/runner/.gradle/caches/modules-*/files-*/*/*/*/* in 7321ms
Build & Public Release	Set up Gradle	2026-02-01T20:17:14.6512325Z Received 1329661357 of 1329661357 (100.0%), 159.7 MBs/sec
Build & Public Release	Set up Gradle	2026-02-01T20:17:14.6515187Z Cache Size: ~1268 MB (1329661357 B)
Build & Public Release	Set up Gradle	2026-02-01T20:17:14.6570149Z [command]/usr/bin/tar -xf /home/runner/work/_temp/892a97b7-f91b-47ce-acd1-11256104696d/cache.tzst -P -C /home/runner/work/AniZen/AniZen --use-compress-program unzstd
Build & Public Release	Set up Gradle	2026-02-01T20:17:27.8588778Z Cache restored successfully
Build & Public Release	Set up Gradle	2026-02-01T20:17:28.0777842Z Restored cache entry with key gradle-transforms-v1-29b6ecf76579b0052284b4e6ec2672a2 to /home/runner/.gradle/caches/transforms-4/*/,/home/runner/.gradle/caches/*/transforms/*/ in 21481ms
Build & Public Release	Set up Gradle	2026-02-01T20:17:28.0872575Z ##[endgroup]
Build & Public Release	Set up Gradle	2026-02-01T20:17:28.1352028Z ##[group]All Gradle Wrapper jars are valid
Build & Public Release	Set up Gradle	2026-02-01T20:17:28.1353247Z âœ“ Found known Gradle Wrapper JAR files:
Build & Public Release	Set up Gradle	2026-02-01T20:17:28.1353841Z   7d3a4ac4de1c32b59bc6a4eb8ecb8e612ccd0cf1ae1e99f66902da64df296172 gradle/wrapper/gradle-wrapper.jar
Build & Public Release	Set up Gradle	2026-02-01T20:17:28.1354560Z ##[endgroup]
Build & Public Release	Run Code Analysis (Detekt)	ï»¿2026-02-01T20:17:28.1529886Z ##[group]Run ./gradlew detekt --no-daemon
Build & Public Release	Run Code Analysis (Detekt)	2026-02-01T20:17:28.1530764Z [36;1m./gradlew detekt --no-daemon[0m
Build & Public Release	Run Code Analysis (Detekt)	2026-02-01T20:17:28.1566826Z shell: /usr/bin/bash -e {0}
Build & Public Release	Run Code Analysis (Detekt)	2026-02-01T20:17:28.1567131Z env:
Build & Public Release	Run Code Analysis (Detekt)	2026-02-01T20:17:28.1567474Z   JAVA_HOME: /opt/hostedtoolcache/Java_Temurin-Hotspot_jdk/17.0.18-8/x64
Build & Public Release	Run Code Analysis (Detekt)	2026-02-01T20:17:28.1568029Z   JAVA_HOME_17_X64: /opt/hostedtoolcache/Java_Temurin-Hotspot_jdk/17.0.18-8/x64
Build & Public Release	Run Code Analysis (Detekt)	2026-02-01T20:17:28.1568507Z   GRADLE_ACTION_ID: gradle/actions/setup-gradle
Build & Public Release	Run Code Analysis (Detekt)	2026-02-01T20:17:28.1569026Z   GRADLE_USER_HOME: /home/runner/.gradle
Build & Public Release	Run Code Analysis (Detekt)	2026-02-01T20:17:28.1569416Z   GRADLE_BUILD_ACTION_SETUP_COMPLETED: true
Build & Public Release	Run Code Analysis (Detekt)	2026-02-01T20:17:28.1569749Z   GRADLE_BUILD_ACTION_CACHE_RESTORED: true
Build & Public Release	Run Code Analysis (Detekt)	2026-02-01T20:17:28.1570236Z   DEVELOCITY_INJECTION_INIT_SCRIPT_NAME: gradle-actions.inject-develocity.init.gradle
Build & Public Release	Run Code Analysis (Detekt)	2026-02-01T20:17:28.1570755Z   DEVELOCITY_INJECTION_CUSTOM_VALUE: gradle-actions
Build & Public Release	Run Code Analysis (Detekt)	2026-02-01T20:17:28.1571108Z   GITHUB_DEPENDENCY_GRAPH_ENABLED: false
Build & Public Release	Run Code Analysis (Detekt)	2026-02-01T20:17:28.1571564Z ##[endgroup]
Build & Public Release	Run Code Analysis (Detekt)	2026-02-01T20:17:28.9331558Z To honour the JVM settings for this build a single-use Daemon process will be forked. For more on this, please refer to https://docs.gradle.org/8.14.3/userguide/gradle_daemon.html#sec:disabling_the_daemon in the Gradle documentation.
Build & Public Release	Run Code Analysis (Detekt)	2026-02-01T20:17:30.0296123Z Daemon will be stopped at the end of the build 
Build & Public Release	Run Code Analysis (Detekt)	2026-02-01T20:17:30.4296276Z Configuration on demand is an incubating feature.
Build & Public Release	Run Code Analysis (Detekt)	2026-02-01T20:17:34.0309437Z Type-safe project accessors is an incubating feature.
Build & Public Release	Run Code Analysis (Detekt)	2026-02-01T20:17:37.1342839Z > Task :buildSrc:checkKotlinGradlePluginConfigurationErrors SKIPPED
Build & Public Release	Run Code Analysis (Detekt)	2026-02-01T20:17:37.3329959Z > Task :buildSrc:generateExternalPluginSpecBuilders FROM-CACHE
Build & Public Release	Run Code Analysis (Detekt)	2026-02-01T20:17:37.3331002Z > Task :buildSrc:extractPrecompiledScriptPluginPlugins FROM-CACHE
Build & Public Release	Run Code Analysis (Detekt)	2026-02-01T20:17:37.4298816Z > Task :buildSrc:compilePluginsBlocks FROM-CACHE
Build & Public Release	Run Code Analysis (Detekt)	2026-02-01T20:17:37.8294992Z > Task :buildSrc:generatePrecompiledScriptPluginAccessors FROM-CACHE
Build & Public Release	Run Code Analysis (Detekt)	2026-02-01T20:17:37.8296763Z > Task :buildSrc:generateScriptPluginAdapters FROM-CACHE
Build & Public Release	Run Code Analysis (Detekt)	2026-02-01T20:17:38.2297474Z > Task :buildSrc:compileKotlin FROM-CACHE
Build & Public Release	Run Code Analysis (Detekt)	2026-02-01T20:17:38.2303329Z > Task :buildSrc:compileJava NO-SOURCE
Build & Public Release	Run Code Analysis (Detekt)	2026-02-01T20:17:38.2305388Z > Task :buildSrc:compileGroovy NO-SOURCE
Build & Public Release	Run Code Analysis (Detekt)	2026-02-01T20:17:38.3299015Z > Task :buildSrc:pluginDescriptors
Build & Public Release	Run Code Analysis (Detekt)	2026-02-01T20:17:38.3299713Z > Task :buildSrc:processResources
Build & Public Release	Run Code Analysis (Detekt)	2026-02-01T20:17:38.3301732Z > Task :buildSrc:classes
Build & Public Release	Run Code Analysis (Detekt)	2026-02-01T20:17:38.6295037Z > Task :buildSrc:jar
Build & Public Release	Run Code Analysis (Detekt)	2026-02-01T20:17:46.1297524Z > Task :detekt NO-SOURCE
Build & Public Release	Run Code Analysis (Detekt)	2026-02-01T20:17:46.1303940Z gradle/actions: Writing build results to /home/runner/work/_temp/.gradle-actions/build-results/__run-1769977052187.json
Build & Public Release	Run Code Analysis (Detekt)	2026-02-01T20:17:46.2129838Z 
Build & Public Release	Run Code Analysis (Detekt)	2026-02-01T20:17:46.2130939Z [Incubating] Problems report is available at: file:///home/runner/work/AniZen/AniZen/build/reports/problems/problems-report.html
Build & Public Release	Run Code Analysis (Detekt)	2026-02-01T20:17:46.2132192Z 
Build & Public Release	Run Code Analysis (Detekt)	2026-02-01T20:17:46.2132721Z Deprecated Gradle features were used in this build, making it incompatible with Gradle 9.0.
Build & Public Release	Run Code Analysis (Detekt)	2026-02-01T20:17:46.2152729Z 
Build & Public Release	Run Code Analysis (Detekt)	2026-02-01T20:17:46.2157321Z You can use '--warning-mode all' to show the individual deprecation warnings and determine if they come from your own scripts or plugins.
Build & Public Release	Run Code Analysis (Detekt)	2026-02-01T20:17:46.2158510Z 
Build & Public Release	Run Code Analysis (Detekt)	2026-02-01T20:17:46.2159594Z For more on this, please refer to https://docs.gradle.org/8.14.3/userguide/command_line_interface.html#sec:command_line_warnings in the Gradle documentation.
Build & Public Release	Run Code Analysis (Detekt)	2026-02-01T20:17:46.2160848Z 
Build & Public Release	Run Code Analysis (Detekt)	2026-02-01T20:17:46.2161170Z BUILD SUCCESSFUL in 17s
Build & Public Release	Run Code Analysis (Detekt)	2026-02-01T20:17:46.2162076Z 9 actionable tasks: 3 executed, 6 from cache
Build & Public Release	Build Release APK	ï»¿2026-02-01T20:17:46.3320875Z ##[group]Run ./gradlew assembleRelease -Pinclude-telemetry=false -Penable-updater=false --no-daemon
Build & Public Release	Build Release APK	2026-02-01T20:17:46.3322220Z [36;1m./gradlew assembleRelease -Pinclude-telemetry=false -Penable-updater=false --no-daemon[0m
Build & Public Release	Build Release APK	2026-02-01T20:17:46.3353864Z shell: /usr/bin/bash -e {0}
Build & Public Release	Build Release APK	2026-02-01T20:17:46.3354147Z env:
Build & Public Release	Build Release APK	2026-02-01T20:17:46.3354480Z   JAVA_HOME: /opt/hostedtoolcache/Java_Temurin-Hotspot_jdk/17.0.18-8/x64
Build & Public Release	Build Release APK	2026-02-01T20:17:46.3355048Z   JAVA_HOME_17_X64: /opt/hostedtoolcache/Java_Temurin-Hotspot_jdk/17.0.18-8/x64
Build & Public Release	Build Release APK	2026-02-01T20:17:46.3355508Z   GRADLE_ACTION_ID: gradle/actions/setup-gradle
Build & Public Release	Build Release APK	2026-02-01T20:17:46.3355870Z   GRADLE_USER_HOME: /home/runner/.gradle
Build & Public Release	Build Release APK	2026-02-01T20:17:46.3356185Z   GRADLE_BUILD_ACTION_SETUP_COMPLETED: true
Build & Public Release	Build Release APK	2026-02-01T20:17:46.3356508Z   GRADLE_BUILD_ACTION_CACHE_RESTORED: true
Build & Public Release	Build Release APK	2026-02-01T20:17:46.3356979Z   DEVELOCITY_INJECTION_INIT_SCRIPT_NAME: gradle-actions.inject-develocity.init.gradle
Build & Public Release	Build Release APK	2026-02-01T20:17:46.3357504Z   DEVELOCITY_INJECTION_CUSTOM_VALUE: gradle-actions
Build & Public Release	Build Release APK	2026-02-01T20:17:46.3357887Z   GITHUB_DEPENDENCY_GRAPH_ENABLED: false
Build & Public Release	Build Release APK	2026-02-01T20:17:46.3358195Z ##[endgroup]
Build & Public Release	Build Release APK	2026-02-01T20:17:47.0294972Z To honour the JVM settings for this build a single-use Daemon process will be forked. For more on this, please refer to https://docs.gradle.org/8.14.3/userguide/gradle_daemon.html#sec:disabling_the_daemon in the Gradle documentation.
Build & Public Release	Build Release APK	2026-02-01T20:17:48.1276292Z Daemon will be stopped at the end of the build 
Build & Public Release	Build Release APK	2026-02-01T20:17:48.4276279Z Configuration on demand is an incubating feature.
Build & Public Release	Build Release APK	2026-02-01T20:17:51.3283130Z Type-safe project accessors is an incubating feature.
Build & Public Release	Build Release APK	2026-02-01T20:17:54.3297829Z > Task :buildSrc:checkKotlinGradlePluginConfigurationErrors SKIPPED
Build & Public Release	Build Release APK	2026-02-01T20:17:54.4274979Z > Task :buildSrc:generateExternalPluginSpecBuilders UP-TO-DATE
Build & Public Release	Build Release APK	2026-02-01T20:17:54.4276755Z > Task :buildSrc:extractPrecompiledScriptPluginPlugins UP-TO-DATE
Build & Public Release	Build Release APK	2026-02-01T20:17:54.6277205Z > Task :buildSrc:compilePluginsBlocks UP-TO-DATE
Build & Public Release	Build Release APK	2026-02-01T20:17:54.9278507Z > Task :buildSrc:generatePrecompiledScriptPluginAccessors UP-TO-DATE
Build & Public Release	Build Release APK	2026-02-01T20:17:54.9279927Z > Task :buildSrc:generateScriptPluginAdapters UP-TO-DATE
Build & Public Release	Build Release APK	2026-02-01T20:17:55.2287176Z > Task :buildSrc:compileKotlin UP-TO-DATE
Build & Public Release	Build Release APK	2026-02-01T20:17:55.2288356Z > Task :buildSrc:compileJava NO-SOURCE
Build & Public Release	Build Release APK	2026-02-01T20:17:55.2299297Z > Task :buildSrc:compileGroovy NO-SOURCE
Build & Public Release	Build Release APK	2026-02-01T20:17:55.2299970Z > Task :buildSrc:pluginDescriptors UP-TO-DATE
Build & Public Release	Build Release APK	2026-02-01T20:17:55.2300622Z > Task :buildSrc:processResources UP-TO-DATE
Build & Public Release	Build Release APK	2026-02-01T20:17:55.2301211Z > Task :buildSrc:classes UP-TO-DATE
Build & Public Release	Build Release APK	2026-02-01T20:17:55.2302302Z > Task :buildSrc:jar UP-TO-DATE
Build & Public Release	Build Release APK	2026-02-01T20:18:04.8282442Z > Task :data:preBuild UP-TO-DATE
Build & Public Release	Build Release APK	2026-02-01T20:18:04.8284300Z > Task :data:preReleaseBuild UP-TO-DATE
Build & Public Release	Build Release APK	2026-02-01T20:18:04.8284890Z > Task :core-metadata:preBuild UP-TO-DATE
Build & Public Release	Build Release APK	2026-02-01T20:18:04.8285486Z > Task :core-metadata:preReleaseBuild UP-TO-DATE
Build & Public Release	Build Release APK	2026-02-01T20:18:04.8286028Z > Task :domain:preBuild UP-TO-DATE
Build & Public Release	Build Release APK	2026-02-01T20:18:04.8286502Z > Task :domain:preReleaseBuild UP-TO-DATE
Build & Public Release	Build Release APK	2026-02-01T20:18:04.8287078Z > Task :app:preBuild UP-TO-DATE
Build & Public Release	Build Release APK	2026-02-01T20:18:04.8287602Z > Task :app:preReleaseBuild UP-TO-DATE
Build & Public Release	Build Release APK	2026-02-01T20:18:05.0280480Z > Task :data:mergeReleaseJniLibFolders
Build & Public Release	Build Release APK	2026-02-01T20:18:05.0302373Z > Task :core-metadata:mergeReleaseJniLibFolders
Build & Public Release	Build Release APK	2026-02-01T20:18:05.0303346Z > Task :domain:mergeReleaseJniLibFolders
Build & Public Release	Build Release APK	2026-02-01T20:18:05.0304113Z > Task :app:mergeReleaseJniLibFolders
Build & Public Release	Build Release APK	2026-02-01T20:18:05.0304838Z > Task :flagkit:preBuild UP-TO-DATE
Build & Public Release	Build Release APK	2026-02-01T20:18:05.0305561Z > Task :flagkit:preReleaseBuild UP-TO-DATE
Build & Public Release	Build Release APK	2026-02-01T20:18:05.0306384Z > Task :data:mergeReleaseNativeLibs NO-SOURCE
Build & Public Release	Build Release APK	2026-02-01T20:18:05.0307216Z > Task :core-metadata:mergeReleaseNativeLibs NO-SOURCE
Build & Public Release	Build Release APK	2026-02-01T20:18:05.0308081Z > Task :domain:mergeReleaseNativeLibs NO-SOURCE
Build & Public Release	Build Release APK	2026-02-01T20:18:05.0308819Z > Task :flagkit:mergeReleaseJniLibFolders
Build & Public Release	Build Release APK	2026-02-01T20:18:05.0312689Z > Task :domain:copyReleaseJniLibsProjectOnly
Build & Public Release	Build Release APK	2026-02-01T20:18:05.0313609Z > Task :i18n:generateLocalesConfig UP-TO-DATE
Build & Public Release	Build Release APK	2026-02-01T20:18:05.0314749Z > Task :data:copyReleaseJniLibsProjectOnly
Build & Public Release	Build Release APK	2026-02-01T20:18:05.0315519Z > Task :core-metadata:copyReleaseJniLibsProjectOnly
Build & Public Release	Build Release APK	2026-02-01T20:18:05.0316413Z > Task :flagkit:mergeReleaseNativeLibs NO-SOURCE
Build & Public Release	Build Release APK	2026-02-01T20:18:05.0317242Z > Task :flagkit:copyReleaseJniLibsProjectOnly
Build & Public Release	Build Release APK	2026-02-01T20:18:05.1299839Z > Task :i18n-kmk:generateMRcommonMain FROM-CACHE
Build & Public Release	Build Release APK	2026-02-01T20:18:05.1300979Z > Task :i18n-kmk:generateMRandroidDebug SKIPPED
Build & Public Release	Build Release APK	2026-02-01T20:18:05.1302027Z > Task :i18n-ank:generateMRcommonMain FROM-CACHE
Build & Public Release	Build Release APK	2026-02-01T20:18:05.1302825Z > Task :i18n-ank:generateMRandroidDebug SKIPPED
Build & Public Release	Build Release APK	2026-02-01T20:18:05.1303618Z > Task :i18n-sy:generateMRcommonMain FROM-CACHE
Build & Public Release	Build Release APK	2026-02-01T20:18:05.1304373Z > Task :i18n-sy:generateMRandroidDebug SKIPPED
Build & Public Release	Build Release APK	2026-02-01T20:18:05.2300268Z > Task :i18n-ank:generateMRandroidInstrumentedTest FROM-CACHE
Build & Public Release	Build Release APK	2026-02-01T20:18:05.2304856Z > Task :i18n-ank:generateMRandroidInstrumentedTestDebug SKIPPED
Build & Public Release	Build Release APK	2026-02-01T20:18:05.2309301Z > Task :i18n-kmk:generateMRandroidInstrumentedTest FROM-CACHE
Build & Public Release	Build Release APK	2026-02-01T20:18:05.2310938Z > Task :i18n-kmk:generateMRandroidInstrumentedTestDebug SKIPPED
Build & Public Release	Build Release APK	2026-02-01T20:18:05.2312197Z > Task :i18n-sy:generateMRandroidInstrumentedTest FROM-CACHE
Build & Public Release	Build Release APK	2026-02-01T20:18:05.2313067Z > Task :i18n-sy:generateMRandroidInstrumentedTestDebug SKIPPED
Build & Public Release	Build Release APK	2026-02-01T20:18:05.2313846Z > Task :i18n:generateMRcommonMain FROM-CACHE
Build & Public Release	Build Release APK	2026-02-01T20:18:05.2314500Z > Task :i18n:generateMRandroidDebug SKIPPED
Build & Public Release	Build Release APK	2026-02-01T20:18:05.2315235Z > Task :i18n:generateMRandroidInstrumentedTest FROM-CACHE
Build & Public Release	Build Release APK	2026-02-01T20:18:05.2316058Z > Task :i18n:generateMRandroidInstrumentedTestDebug SKIPPED
Build & Public Release	Build Release APK	2026-02-01T20:18:05.3346665Z > Task :i18n-ank:generateMRandroidMain FROM-CACHE
Build & Public Release	Build Release APK	2026-02-01T20:18:05.3358465Z > Task :i18n-ank:generateMRandroidRelease SKIPPED
Build & Public Release	Build Release APK	2026-02-01T20:18:05.3359426Z > Task :i18n-kmk:generateMRandroidMain FROM-CACHE
Build & Public Release	Build Release APK	2026-02-01T20:18:05.3360365Z > Task :i18n-kmk:generateMRandroidRelease SKIPPED
Build & Public Release	Build Release APK	2026-02-01T20:18:05.3361481Z > Task :i18n-sy:generateMRandroidMain FROM-CACHE
Build & Public Release	Build Release APK	2026-02-01T20:18:05.3362426Z > Task :i18n-sy:generateMRandroidRelease SKIPPED
Build & Public Release	Build Release APK	2026-02-01T20:18:05.3363293Z > Task :i18n-ank:generateMRcommonTest FROM-CACHE
Build & Public Release	Build Release APK	2026-02-01T20:18:05.3364166Z > Task :i18n-sy:generateMRcommonTest FROM-CACHE
Build & Public Release	Build Release APK	2026-02-01T20:18:05.3365019Z > Task :i18n-kmk:generateMRcommonTest FROM-CACHE
Build & Public Release	Build Release APK	2026-02-01T20:18:05.3365889Z > Task :i18n-ank:generateMRandroidUnitTest FROM-CACHE
Build & Public Release	Build Release APK	2026-02-01T20:18:05.3366793Z > Task :i18n-ank:generateMRandroidUnitTestDebug SKIPPED
Build & Public Release	Build Release APK	2026-02-01T20:18:05.3373328Z > Task :i18n-ank:generateMRandroidUnitTestRelease SKIPPED
Build & Public Release	Build Release APK	2026-02-01T20:18:05.3374255Z > Task :i18n-ank:preBuild UP-TO-DATE
Build & Public Release	Build Release APK	2026-02-01T20:18:05.3375411Z > Task :i18n-ank:preReleaseBuild UP-TO-DATE
Build & Public Release	Build Release APK	2026-02-01T20:18:05.3376301Z > Task :i18n-sy:generateMRandroidUnitTest FROM-CACHE
Build & Public Release	Build Release APK	2026-02-01T20:18:05.3377256Z > Task :i18n-sy:generateMRandroidUnitTestDebug SKIPPED
Build & Public Release	Build Release APK	2026-02-01T20:18:05.3378165Z > Task :i18n-sy:generateMRandroidUnitTestRelease SKIPPED
Build & Public Release	Build Release APK	2026-02-01T20:18:05.3379026Z > Task :i18n-sy:preBuild UP-TO-DATE
Build & Public Release	Build Release APK	2026-02-01T20:18:05.3379824Z > Task :i18n-sy:preReleaseBuild UP-TO-DATE
Build & Public Release	Build Release APK	2026-02-01T20:18:05.3386256Z > Task :i18n-kmk:generateMRandroidUnitTest FROM-CACHE
Build & Public Release	Build Release APK	2026-02-01T20:18:05.3392520Z > Task :i18n-kmk:generateMRandroidUnitTestDebug SKIPPED
Build & Public Release	Build Release APK	2026-02-01T20:18:05.3398221Z > Task :i18n-kmk:generateMRandroidUnitTestRelease SKIPPED
Build & Public Release	Build Release APK	2026-02-01T20:18:05.3443016Z > Task :i18n-kmk:preBuild UP-TO-DATE
Build & Public Release	Build Release APK	2026-02-01T20:18:05.3444135Z > Task :i18n-kmk:preReleaseBuild UP-TO-DATE
Build & Public Release	Build Release APK	2026-02-01T20:18:05.3457687Z > Task :i18n-ank:mergeReleaseJniLibFolders
Build & Public Release	Build Release APK	2026-02-01T20:18:05.3466393Z > Task :i18n-sy:mergeReleaseJniLibFolders
Build & Public Release	Build Release APK	2026-02-01T20:18:05.3467264Z > Task :i18n-sy:mergeReleaseNativeLibs NO-SOURCE
Build & Public Release	Build Release APK	2026-02-01T20:18:05.3468108Z > Task :i18n-ank:mergeReleaseNativeLibs NO-SOURCE
Build & Public Release	Build Release APK	2026-02-01T20:18:05.3468922Z > Task :i18n-ank:copyReleaseJniLibsProjectOnly
Build & Public Release	Build Release APK	2026-02-01T20:18:05.3469662Z > Task :presentation-core:preBuild UP-TO-DATE
Build & Public Release	Build Release APK	2026-02-01T20:18:05.3470428Z > Task :presentation-core:preReleaseBuild UP-TO-DATE
Build & Public Release	Build Release APK	2026-02-01T20:18:05.3471183Z > Task :i18n-sy:copyReleaseJniLibsProjectOnly
Build & Public Release	Build Release APK	2026-02-01T20:18:05.3472527Z > Task :i18n-kmk:mergeReleaseJniLibFolders
Build & Public Release	Build Release APK	2026-02-01T20:18:05.3473298Z > Task :presentation-widget:preBuild UP-TO-DATE
Build & Public Release	Build Release APK	2026-02-01T20:18:05.3474091Z > Task :presentation-widget:preReleaseBuild UP-TO-DATE
Build & Public Release	Build Release APK	2026-02-01T20:18:05.3474872Z > Task :i18n-kmk:mergeReleaseNativeLibs NO-SOURCE
Build & Public Release	Build Release APK	2026-02-01T20:18:05.3475726Z > Task :presentation-core:mergeReleaseJniLibFolders
Build & Public Release	Build Release APK	2026-02-01T20:18:05.3476610Z > Task :presentation-core:mergeReleaseNativeLibs NO-SOURCE
Build & Public Release	Build Release APK	2026-02-01T20:18:05.4275266Z > Task :presentation-widget:mergeReleaseJniLibFolders
Build & Public Release	Build Release APK	2026-02-01T20:18:05.4276602Z > Task :presentation-widget:mergeReleaseNativeLibs NO-SOURCE
Build & Public Release	Build Release APK	2026-02-01T20:18:05.4277600Z > Task :i18n-kmk:copyReleaseJniLibsProjectOnly
Build & Public Release	Build Release APK	2026-02-01T20:18:05.4278445Z > Task :source-api:preBuild UP-TO-DATE
Build & Public Release	Build Release APK	2026-02-01T20:18:05.4279471Z > Task :source-api:preReleaseBuild UP-TO-DATE
Build & Public Release	Build Release APK	2026-02-01T20:18:05.4282183Z > Task :presentation-core:copyReleaseJniLibsProjectOnly
Build & Public Release	Build Release APK	2026-02-01T20:18:05.4287513Z > Task :source-local:preBuild UP-TO-DATE
Build & Public Release	Build Release APK	2026-02-01T20:18:05.4294387Z > Task :source-local:preReleaseBuild UP-TO-DATE
Build & Public Release	Build Release APK	2026-02-01T20:18:05.4295636Z > Task :presentation-widget:copyReleaseJniLibsProjectOnly
Build & Public Release	Build Release APK	2026-02-01T20:18:05.4297072Z > Task :telemetry:preBuild UP-TO-DATE
Build & Public Release	Build Release APK	2026-02-01T20:18:05.4308266Z > Task :telemetry:preReleaseBuild UP-TO-DATE
Build & Public Release	Build Release APK	2026-02-01T20:18:05.4311206Z > Task :source-api:mergeReleaseJniLibFolders
Build & Public Release	Build Release APK	2026-02-01T20:18:05.4318945Z > Task :source-api:mergeReleaseNativeLibs NO-SOURCE
Build & Public Release	Build Release APK	2026-02-01T20:18:05.4321947Z > Task :source-local:mergeReleaseJniLibFolders
Build & Public Release	Build Release APK	2026-02-01T20:18:05.4376264Z > Task :telemetry:mergeReleaseJniLibFolders
Build & Public Release	Build Release APK	2026-02-01T20:18:05.4377711Z > Task :source-api:copyReleaseJniLibsProjectOnly
Build & Public Release	Build Release APK	2026-02-01T20:18:05.4378809Z > Task :source-local:mergeReleaseNativeLibs NO-SOURCE
Build & Public Release	Build Release APK	2026-02-01T20:18:05.4379728Z > Task :telemetry:mergeReleaseNativeLibs NO-SOURCE
Build & Public Release	Build Release APK	2026-02-01T20:18:05.4380766Z > Task :source-local:copyReleaseJniLibsProjectOnly
Build & Public Release	Build Release APK	2026-02-01T20:18:05.4381857Z > Task :core:common:preBuild UP-TO-DATE
Build & Public Release	Build Release APK	2026-02-01T20:18:05.4382747Z > Task :telemetry:copyReleaseJniLibsProjectOnly
Build & Public Release	Build Release APK	2026-02-01T20:18:05.4383580Z > Task :core:archive:preBuild UP-TO-DATE
Build & Public Release	Build Release APK	2026-02-01T20:18:05.4384273Z > Task :core:common:preReleaseBuild UP-TO-DATE
Build & Public Release	Build Release APK	2026-02-01T20:18:05.4385045Z > Task :core:archive:preReleaseBuild UP-TO-DATE
Build & Public Release	Build Release APK	2026-02-01T20:18:05.4385874Z > Task :core-metadata:prepareReleaseArtProfile
Build & Public Release	Build Release APK	2026-02-01T20:18:05.4386730Z > Task :core:common:mergeReleaseJniLibFolders
Build & Public Release	Build Release APK	2026-02-01T20:18:05.4387804Z > Task :data:prepareReleaseArtProfile
Build & Public Release	Build Release APK	2026-02-01T20:18:05.4388613Z > Task :core:archive:mergeReleaseJniLibFolders
Build & Public Release	Build Release APK	2026-02-01T20:18:05.4390703Z > Task :core:common:mergeReleaseNativeLibs NO-SOURCE
Build & Public Release	Build Release APK	2026-02-01T20:18:05.4391576Z > Task :domain:prepareReleaseArtProfile
Build & Public Release	Build Release APK	2026-02-01T20:18:05.4392207Z > Task :core:common:copyReleaseJniLibsProjectOnly
Build & Public Release	Build Release APK	2026-02-01T20:18:05.4392876Z > Task :core:archive:mergeReleaseNativeLibs NO-SOURCE
Build & Public Release	Build Release APK	2026-02-01T20:18:05.4393497Z > Task :flagkit:prepareReleaseArtProfile
Build & Public Release	Build Release APK	2026-02-01T20:18:05.4394059Z > Task :i18n-ank:prepareReleaseArtProfile
Build & Public Release	Build Release APK	2026-02-01T20:18:05.4394677Z > Task :core:archive:copyReleaseJniLibsProjectOnly
Build & Public Release	Build Release APK	2026-02-01T20:18:05.4395298Z > Task :i18n-kmk:prepareReleaseArtProfile
Build & Public Release	Build Release APK	2026-02-01T20:18:05.4395956Z > Task :presentation-widget:prepareReleaseArtProfile
Build & Public Release	Build Release APK	2026-02-01T20:18:05.5286444Z > Task :presentation-core:prepareReleaseArtProfile
Build & Public Release	Build Release APK	2026-02-01T20:18:05.5289573Z > Task :i18n-sy:prepareReleaseArtProfile
Build & Public Release	Build Release APK	2026-02-01T20:18:05.5303815Z > Task :source-api:prepareReleaseArtProfile
Build & Public Release	Build Release APK	2026-02-01T20:18:05.5305946Z > Task :source-local:prepareReleaseArtProfile
Build & Public Release	Build Release APK	2026-02-01T20:18:05.5309138Z > Task :core:common:prepareReleaseArtProfile
Build & Public Release	Build Release APK	2026-02-01T20:18:05.5315426Z > Task :telemetry:prepareReleaseArtProfile
Build & Public Release	Build Release APK	2026-02-01T20:18:05.5320415Z > Task :core-metadata:checkKotlinGradlePluginConfigurationErrors SKIPPED
Build & Public Release	Build Release APK	2026-02-01T20:18:05.5321250Z > Task :core:archive:prepareReleaseArtProfile
Build & Public Release	Build Release APK	2026-02-01T20:18:05.5322127Z > Task :core-metadata:generateReleaseResValues FROM-CACHE
Build & Public Release	Build Release APK	2026-02-01T20:18:05.5331051Z > Task :i18n-sy:generateReleaseResValues FROM-CACHE
Build & Public Release	Build Release APK	2026-02-01T20:18:05.5332309Z > Task :source-api:generateReleaseResValues FROM-CACHE
Build & Public Release	Build Release APK	2026-02-01T20:18:05.5333054Z > Task :core-metadata:generateReleaseResources FROM-CACHE
Build & Public Release	Build Release APK	2026-02-01T20:18:05.5333773Z > Task :source-api:generateReleaseResources FROM-CACHE
Build & Public Release	Build Release APK	2026-02-01T20:18:05.5334449Z > Task :i18n-sy:generateReleaseResources FROM-CACHE
Build & Public Release	Build Release APK	2026-02-01T20:18:05.5335107Z > Task :source-api:packageReleaseResources FROM-CACHE
Build & Public Release	Build Release APK	2026-02-01T20:18:05.5335749Z > Task :i18n:generateMRandroidMain FROM-CACHE
Build & Public Release	Build Release APK	2026-02-01T20:18:05.5336353Z > Task :i18n:generateMRandroidRelease SKIPPED
Build & Public Release	Build Release APK	2026-02-01T20:18:05.5337049Z > Task :core-metadata:packageReleaseResources FROM-CACHE
Build & Public Release	Build Release APK	2026-02-01T20:18:05.5337706Z > Task :i18n:generateMRcommonTest FROM-CACHE
Build & Public Release	Build Release APK	2026-02-01T20:18:05.5338311Z > Task :i18n:generateMRandroidUnitTest FROM-CACHE
Build & Public Release	Build Release APK	2026-02-01T20:18:05.5338972Z > Task :i18n:generateMRandroidUnitTestDebug SKIPPED
Build & Public Release	Build Release APK	2026-02-01T20:18:05.5339647Z > Task :i18n:generateMRandroidUnitTestRelease SKIPPED
Build & Public Release	Build Release APK	2026-02-01T20:18:05.5340255Z > Task :i18n:preBuild UP-TO-DATE
Build & Public Release	Build Release APK	2026-02-01T20:18:05.5340773Z > Task :i18n:preReleaseBuild UP-TO-DATE
Build & Public Release	Build Release APK	2026-02-01T20:18:05.6272347Z > Task :i18n-sy:packageReleaseResources FROM-CACHE
Build & Public Release	Build Release APK	2026-02-01T20:18:06.6293633Z > Task :i18n-sy:parseReleaseLocalResources FROM-CACHE
Build & Public Release	Build Release APK	2026-02-01T20:18:06.6296607Z > Task :core-metadata:parseReleaseLocalResources FROM-CACHE
Build & Public Release	Build Release APK	2026-02-01T20:18:06.6297388Z > Task :i18n:mergeReleaseJniLibFolders
Build & Public Release	Build Release APK	2026-02-01T20:18:06.6298148Z > Task :source-api:parseReleaseLocalResources FROM-CACHE
Build & Public Release	Build Release APK	2026-02-01T20:18:06.6298957Z > Task :source-api:kmpPartiallyResolvedDependenciesChecker
Build & Public Release	Build Release APK	2026-02-01T20:18:06.6299879Z > Task :source-api:checkKotlinGradlePluginConfigurationErrors SKIPPED
Build & Public Release	Build Release APK	2026-02-01T20:18:06.6300674Z > Task :i18n:mergeReleaseNativeLibs NO-SOURCE
Build & Public Release	Build Release APK	2026-02-01T20:18:06.6301513Z > Task :core:common:generateReleaseResValues FROM-CACHE
Build & Public Release	Build Release APK	2026-02-01T20:18:06.6302231Z > Task :source-api:javaPreCompileRelease FROM-CACHE
Build & Public Release	Build Release APK	2026-02-01T20:18:06.6321585Z > Task :core:common:generateReleaseResources FROM-CACHE
Build & Public Release	Build Release APK	2026-02-01T20:18:06.6322902Z > Task :core-metadata:javaPreCompileRelease FROM-CACHE
Build & Public Release	Build Release APK	2026-02-01T20:18:06.6323854Z > Task :i18n:copyReleaseJniLibsProjectOnly
Build & Public Release	Build Release APK	2026-02-01T20:18:06.6352942Z > Task :domain:checkKotlinGradlePluginConfigurationErrors SKIPPED
Build & Public Release	Build Release APK	2026-02-01T20:18:06.6364305Z > Task :i18n:prepareReleaseArtProfile
Build & Public Release	Build Release APK	2026-02-01T20:18:06.6366566Z > Task :domain:generateReleaseResValues FROM-CACHE
Build & Public Release	Build Release APK	2026-02-01T20:18:06.7305769Z > Task :i18n:generateReleaseResValues FROM-CACHE
Build & Public Release	Build Release APK	2026-02-01T20:18:06.7307071Z > Task :core:common:packageReleaseResources FROM-CACHE
Build & Public Release	Build Release APK	2026-02-01T20:18:06.7308530Z > Task :core:common:parseReleaseLocalResources FROM-CACHE
Build & Public Release	Build Release APK	2026-02-01T20:18:06.7309702Z > Task :core:common:checkKotlinGradlePluginConfigurationErrors SKIPPED
Build & Public Release	Build Release APK	2026-02-01T20:18:06.7310801Z > Task :i18n:generateReleaseResources FROM-CACHE
Build & Public Release	Build Release APK	2026-02-01T20:18:06.7311946Z > Task :core:common:javaPreCompileRelease FROM-CACHE
Build & Public Release	Build Release APK	2026-02-01T20:18:06.7333051Z > Task :domain:generateReleaseResources FROM-CACHE
Build & Public Release	Build Release APK	2026-02-01T20:18:06.7335576Z > Task :domain:packageReleaseResources FROM-CACHE
Build & Public Release	Build Release APK	2026-02-01T20:18:06.7336660Z > Task :domain:parseReleaseLocalResources FROM-CACHE
Build & Public Release	Build Release APK	2026-02-01T20:18:06.7341216Z > Task :i18n-sy:generateReleaseRFile FROM-CACHE
Build & Public Release	Build Release APK	2026-02-01T20:18:06.7342717Z > Task :i18n-ank:generateReleaseResValues FROM-CACHE
Build & Public Release	Build Release APK	2026-02-01T20:18:06.7343825Z > Task :i18n-sy:kmpPartiallyResolvedDependenciesChecker
Build & Public Release	Build Release APK	2026-02-01T20:18:06.7345088Z > Task :i18n-sy:checkKotlinGradlePluginConfigurationErrors SKIPPED
Build & Public Release	Build Release APK	2026-02-01T20:18:06.7349606Z > Task :i18n-ank:generateReleaseResources FROM-CACHE
Build & Public Release	Build Release APK	2026-02-01T20:18:06.8277806Z > Task :i18n-ank:packageReleaseResources FROM-CACHE
Build & Public Release	Build Release APK	2026-02-01T20:18:06.8279066Z > Task :i18n-ank:parseReleaseLocalResources FROM-CACHE
Build & Public Release	Build Release APK	2026-02-01T20:18:06.8280049Z > Task :i18n-ank:generateReleaseRFile FROM-CACHE
Build & Public Release	Build Release APK	2026-02-01T20:18:06.8281024Z > Task :i18n-ank:kmpPartiallyResolvedDependenciesChecker
Build & Public Release	Build Release APK	2026-02-01T20:18:06.8282324Z > Task :i18n-ank:checkKotlinGradlePluginConfigurationErrors SKIPPED
Build & Public Release	Build Release APK	2026-02-01T20:18:06.9276816Z > Task :i18n-sy:compileReleaseKotlinAndroid FROM-CACHE
Build & Public Release	Build Release APK	2026-02-01T20:18:06.9277988Z > Task :i18n-sy:javaPreCompileRelease FROM-CACHE
Build & Public Release	Build Release APK	2026-02-01T20:18:06.9278671Z > Task :i18n-ank:compileReleaseKotlinAndroid FROM-CACHE
Build & Public Release	Build Release APK	2026-02-01T20:18:06.9279386Z > Task :i18n-sy:compileReleaseJavaWithJavac NO-SOURCE
Build & Public Release	Build Release APK	2026-02-01T20:18:06.9280052Z > Task :i18n:packageReleaseResources FROM-CACHE
Build & Public Release	Build Release APK	2026-02-01T20:18:06.9280939Z > Task :i18n-ank:javaPreCompileRelease FROM-CACHE
Build & Public Release	Build Release APK	2026-02-01T20:18:06.9281803Z > Task :i18n-ank:compileReleaseJavaWithJavac NO-SOURCE
Build & Public Release	Build Release APK	2026-02-01T20:18:07.0326773Z > Task :i18n:parseReleaseLocalResources FROM-CACHE
Build & Public Release	Build Release APK	2026-02-01T20:18:07.0342234Z > Task :i18n:generateReleaseRFile FROM-CACHE
Build & Public Release	Build Release APK	2026-02-01T20:18:07.0342959Z > Task :i18n-ank:bundleLibCompileToJarRelease
Build & Public Release	Build Release APK	2026-02-01T20:18:07.0343631Z > Task :i18n-sy:bundleLibCompileToJarRelease
Build & Public Release	Build Release APK	2026-02-01T20:18:07.0344326Z > Task :i18n:kmpPartiallyResolvedDependenciesChecker
Build & Public Release	Build Release APK	2026-02-01T20:18:07.0345152Z > Task :i18n:checkKotlinGradlePluginConfigurationErrors SKIPPED
Build & Public Release	Build Release APK	2026-02-01T20:18:07.0345946Z > Task :domain:javaPreCompileRelease FROM-CACHE
Build & Public Release	Build Release APK	2026-02-01T20:18:07.0346815Z > Task :source-local:kmpPartiallyResolvedDependenciesChecker
Build & Public Release	Build Release APK	2026-02-01T20:18:07.0347743Z > Task :source-local:checkKotlinGradlePluginConfigurationErrors SKIPPED
Build & Public Release	Build Release APK	2026-02-01T20:18:07.0348653Z > Task :source-local:generateReleaseResValues FROM-CACHE
Build & Public Release	Build Release APK	2026-02-01T20:18:07.0349416Z > Task :source-local:generateReleaseResources FROM-CACHE
Build & Public Release	Build Release APK	2026-02-01T20:18:07.1286874Z > Task :source-local:packageReleaseResources FROM-CACHE
Build & Public Release	Build Release APK	2026-02-01T20:18:07.1291830Z > Task :source-local:parseReleaseLocalResources FROM-CACHE
Build & Public Release	Build Release APK	2026-02-01T20:18:07.1292877Z > Task :core:archive:generateReleaseResValues FROM-CACHE
Build & Public Release	Build Release APK	2026-02-01T20:18:07.1293787Z > Task :core:archive:generateReleaseResources FROM-CACHE
Build & Public Release	Build Release APK	2026-02-01T20:18:07.1294756Z > Task :core:archive:packageReleaseResources FROM-CACHE
Build & Public Release	Build Release APK	2026-02-01T20:18:07.1295836Z > Task :core:archive:parseReleaseLocalResources FROM-CACHE
Build & Public Release	Build Release APK	2026-02-01T20:18:07.1296921Z > Task :core:archive:checkKotlinGradlePluginConfigurationErrors SKIPPED
Build & Public Release	Build Release APK	2026-02-01T20:18:07.2273186Z > Task :core:archive:javaPreCompileRelease FROM-CACHE
Build & Public Release	Build Release APK	2026-02-01T20:18:07.2276816Z > Task :source-local:javaPreCompileRelease FROM-CACHE
Build & Public Release	Build Release APK	2026-02-01T20:18:07.2279850Z > Task :data:checkKotlinGradlePluginConfigurationErrors SKIPPED
Build & Public Release	Build Release APK	2026-02-01T20:18:07.2283248Z > Task :i18n:compileReleaseKotlinAndroid FROM-CACHE
Build & Public Release	Build Release APK	2026-02-01T20:18:07.2286082Z > Task :i18n:javaPreCompileRelease FROM-CACHE
Build & Public Release	Build Release APK	2026-02-01T20:18:07.2288984Z > Task :i18n:compileReleaseJavaWithJavac NO-SOURCE
Build & Public Release	Build Release APK	2026-02-01T20:18:07.4343054Z > Task :i18n:bundleLibCompileToJarRelease
Build & Public Release	Build Release APK	2026-02-01T20:18:07.4350574Z > Task :presentation-core:checkKotlinGradlePluginConfigurationErrors SKIPPED
Build & Public Release	Build Release APK	2026-02-01T20:18:07.4354225Z > Task :presentation-core:generateReleaseResValues FROM-CACHE
Build & Public Release	Build Release APK	2026-02-01T20:18:07.4356251Z > Task :data:generateReleaseDatabaseInterface FROM-CACHE
Build & Public Release	Build Release APK	2026-02-01T20:18:07.4357979Z > Task :data:generateReleaseResValues FROM-CACHE
Build & Public Release	Build Release APK	2026-02-01T20:18:07.4359142Z > Task :presentation-core:generateReleaseResources FROM-CACHE
Build & Public Release	Build Release APK	2026-02-01T20:18:07.4359948Z > Task :data:generateReleaseResources FROM-CACHE
Build & Public Release	Build Release APK	2026-02-01T20:18:07.5281461Z > Task :data:packageReleaseResources FROM-CACHE
Build & Public Release	Build Release APK	2026-02-01T20:18:07.5286862Z > Task :presentation-core:packageReleaseResources FROM-CACHE
Build & Public Release	Build Release APK	2026-02-01T20:18:07.5292663Z > Task :presentation-core:parseReleaseLocalResources FROM-CACHE
Build & Public Release	Build Release APK	2026-02-01T20:18:07.5304980Z > Task :data:parseReleaseLocalResources FROM-CACHE
Build & Public Release	Build Release APK	2026-02-01T20:18:07.5306051Z > Task :presentation-core:javaPreCompileRelease FROM-CACHE
Build & Public Release	Build Release APK	2026-02-01T20:18:07.5307273Z > Task :presentation-widget:checkKotlinGradlePluginConfigurationErrors SKIPPED
Build & Public Release	Build Release APK	2026-02-01T20:18:07.5308363Z > Task :data:javaPreCompileRelease FROM-CACHE
Build & Public Release	Build Release APK	2026-02-01T20:18:07.5309317Z > Task :flagkit:checkKotlinGradlePluginConfigurationErrors SKIPPED
Build & Public Release	Build Release APK	2026-02-01T20:18:07.5310415Z > Task :presentation-widget:generateReleaseResValues FROM-CACHE
Build & Public Release	Build Release APK	2026-02-01T20:18:07.5311577Z > Task :flagkit:generateReleaseResValues FROM-CACHE
Build & Public Release	Build Release APK	2026-02-01T20:18:07.6284571Z > Task :flagkit:generateReleaseResources FROM-CACHE
Build & Public Release	Build Release APK	2026-02-01T20:18:07.6286522Z > Task :presentation-widget:generateReleaseResources FROM-CACHE
Build & Public Release	Build Release APK	2026-02-01T20:18:07.6287678Z > Task :presentation-widget:packageReleaseResources FROM-CACHE
Build & Public Release	Build Release APK	2026-02-01T20:18:07.6288911Z > Task :presentation-widget:parseReleaseLocalResources FROM-CACHE
Build & Public Release	Build Release APK	2026-02-01T20:18:07.6291726Z > Task :presentation-widget:javaPreCompileRelease FROM-CACHE
Build & Public Release	Build Release APK	2026-02-01T20:18:07.7275294Z > Task :i18n:mergeReleaseGeneratedProguardFiles
Build & Public Release	Build Release APK	2026-02-01T20:18:07.7286913Z > Task :flagkit:packageReleaseResources FROM-CACHE
Build & Public Release	Build Release APK	2026-02-01T20:18:07.7294219Z > Task :flagkit:parseReleaseLocalResources FROM-CACHE
Build & Public Release	Build Release APK	2026-02-01T20:18:07.7331883Z > Task :flagkit:javaPreCompileRelease FROM-CACHE
Build & Public Release	Build Release APK	2026-02-01T20:18:07.7332907Z > Task :i18n-kmk:kmpPartiallyResolvedDependenciesChecker
Build & Public Release	Build Release APK	2026-02-01T20:18:07.7333949Z > Task :i18n-kmk:checkKotlinGradlePluginConfigurationErrors SKIPPED
Build & Public Release	Build Release APK	2026-02-01T20:18:07.7334851Z > Task :i18n-kmk:generateReleaseResValues FROM-CACHE
Build & Public Release	Build Release APK	2026-02-01T20:18:07.8273403Z > Task :i18n-kmk:generateReleaseResources FROM-CACHE
Build & Public Release	Build Release APK	2026-02-01T20:18:07.9373531Z > Task :i18n-kmk:packageReleaseResources FROM-CACHE
Build & Public Release	Build Release APK	2026-02-01T20:18:07.9374721Z > Task :i18n-kmk:parseReleaseLocalResources FROM-CACHE
Build & Public Release	Build Release APK	2026-02-01T20:18:07.9375738Z > Task :i18n-kmk:generateReleaseRFile FROM-CACHE
Build & Public Release	Build Release APK	2026-02-01T20:18:08.0273426Z > Task :i18n-kmk:compileReleaseKotlinAndroid FROM-CACHE
Build & Public Release	Build Release APK	2026-02-01T20:18:08.0274659Z > Task :i18n-kmk:javaPreCompileRelease FROM-CACHE
Build & Public Release	Build Release APK	2026-02-01T20:18:08.0275628Z > Task :i18n-kmk:compileReleaseJavaWithJavac NO-SOURCE
Build & Public Release	Build Release APK	2026-02-01T20:18:08.1276638Z > Task :i18n-kmk:mergeReleaseGeneratedProguardFiles
Build & Public Release	Build Release APK	2026-02-01T20:18:08.1306684Z > Task :i18n:exportReleaseConsumerProguardFiles
Build & Public Release	Build Release APK	2026-02-01T20:18:08.1307792Z > Task :i18n-ank:mergeReleaseGeneratedProguardFiles
Build & Public Release	Build Release APK	2026-02-01T20:18:08.1308784Z > Task :i18n-ank:exportReleaseConsumerProguardFiles
Build & Public Release	Build Release APK	2026-02-01T20:18:08.1309651Z > Task :i18n-kmk:exportReleaseConsumerProguardFiles
Build & Public Release	Build Release APK	2026-02-01T20:18:08.2282627Z > Task :telemetry:checkKotlinGradlePluginConfigurationErrors SKIPPED
Build & Public Release	Build Release APK	2026-02-01T20:18:08.2284218Z > Task :i18n-sy:mergeReleaseGeneratedProguardFiles
Build & Public Release	Build Release APK	2026-02-01T20:18:08.2285290Z > Task :telemetry:generateReleaseResValues FROM-CACHE
Build & Public Release	Build Release APK	2026-02-01T20:18:08.2286371Z > Task :i18n-sy:exportReleaseConsumerProguardFiles
Build & Public Release	Build Release APK	2026-02-01T20:18:08.2287331Z > Task :core:common:generateReleaseRFile FROM-CACHE
Build & Public Release	Build Release APK	2026-02-01T20:18:08.2288293Z > Task :telemetry:generateReleaseResources FROM-CACHE
Build & Public Release	Build Release APK	2026-02-01T20:18:08.3272681Z > Task :core:archive:generateReleaseRFile FROM-CACHE
Build & Public Release	Build Release APK	2026-02-01T20:18:08.4303179Z > Task :source-api:generateReleaseRFile FROM-CACHE
Build & Public Release	Build Release APK	2026-02-01T20:18:08.5292865Z > Task :core-metadata:generateReleaseRFile FROM-CACHE
Build & Public Release	Build Release APK	2026-02-01T20:18:08.5299054Z > Task :app:mergeReleaseArtProfile
Build & Public Release	Build Release APK	2026-02-01T20:18:08.6272323Z > Task :core:common:compileReleaseKotlin FROM-CACHE
Build & Public Release	Build Release APK	2026-02-01T20:18:08.6276983Z > Task :core:common:compileReleaseJavaWithJavac NO-SOURCE
Build & Public Release	Build Release APK	2026-02-01T20:18:08.6281467Z > Task :domain:generateReleaseRFile FROM-CACHE
Build & Public Release	Build Release APK	2026-02-01T20:18:08.6285754Z > Task :core:common:bundleLibCompileToJarRelease
Build & Public Release	Build Release APK	2026-02-01T20:18:08.7272545Z > Task :source-local:generateReleaseRFile FROM-CACHE
Build & Public Release	Build Release APK	2026-02-01T20:18:09.2273027Z > Task :app:mergeReleaseNativeLibs
Build & Public Release	Build Release APK	2026-02-01T20:18:09.3322505Z > Task :core:archive:compileReleaseKotlin FROM-CACHE
Build & Public Release	Build Release APK	2026-02-01T20:18:09.3323575Z > Task :core:archive:compileReleaseJavaWithJavac NO-SOURCE
Build & Public Release	Build Release APK	2026-02-01T20:18:09.3324472Z > Task :core:archive:bundleLibCompileToJarRelease
Build & Public Release	Build Release APK	2026-02-01T20:18:09.3325402Z > Task :core:archive:mergeReleaseGeneratedProguardFiles
Build & Public Release	Build Release APK	2026-02-01T20:18:09.3326326Z > Task :core:archive:exportReleaseConsumerProguardFiles
Build & Public Release	Build Release APK	2026-02-01T20:18:09.3327197Z > Task :data:generateReleaseRFile FROM-CACHE
Build & Public Release	Build Release APK	2026-02-01T20:18:09.3328062Z > Task :source-api:compileReleaseKotlinAndroid FROM-CACHE
Build & Public Release	Build Release APK	2026-02-01T20:18:09.3328964Z > Task :source-api:compileReleaseJavaWithJavac NO-SOURCE
Build & Public Release	Build Release APK	2026-02-01T20:18:09.3329780Z > Task :flagkit:generateReleaseRFile FROM-CACHE
Build & Public Release	Build Release APK	2026-02-01T20:18:09.3330565Z > Task :source-api:bundleLibCompileToJarRelease
Build & Public Release	Build Release APK	2026-02-01T20:18:09.3331507Z > Task :source-api:mergeReleaseGeneratedProguardFiles
Build & Public Release	Build Release APK	2026-02-01T20:18:09.4274730Z > Task :flagkit:compileReleaseKotlin FROM-CACHE
Build & Public Release	Build Release APK	2026-02-01T20:18:09.5272608Z > Task :core-metadata:compileReleaseKotlin FROM-CACHE
Build & Public Release	Build Release APK	2026-02-01T20:18:09.5278029Z > Task :core-metadata:compileReleaseJavaWithJavac NO-SOURCE
Build & Public Release	Build Release APK	2026-02-01T20:18:09.6304220Z > Task :core-metadata:bundleLibCompileToJarRelease
Build & Public Release	Build Release APK	2026-02-01T20:18:09.6309680Z > Task :core-metadata:mergeReleaseGeneratedProguardFiles
Build & Public Release	Build Release APK	2026-02-01T20:18:09.6313031Z > Task :core-metadata:exportReleaseConsumerProguardFiles
Build & Public Release	Build Release APK	2026-02-01T20:18:09.6315947Z > Task :presentation-core:generateReleaseRFile FROM-CACHE
Build & Public Release	Build Release APK	2026-02-01T20:18:09.8296258Z > Task :app:expandReleaseL8ArtProfileWildcards FROM-CACHE
Build & Public Release	Build Release APK	2026-02-01T20:18:09.8304198Z > Task :domain:compileReleaseKotlin FROM-CACHE
Build & Public Release	Build Release APK	2026-02-01T20:18:09.8304938Z > Task :domain:compileReleaseJavaWithJavac NO-SOURCE
Build & Public Release	Build Release APK	2026-02-01T20:18:09.8305682Z > Task :presentation-widget:generateReleaseRFile FROM-CACHE
Build & Public Release	Build Release APK	2026-02-01T20:18:09.8306425Z > Task :domain:mergeReleaseGeneratedProguardFiles
Build & Public Release	Build Release APK	2026-02-01T20:18:10.0273656Z > Task :domain:exportReleaseConsumerProguardFiles
Build & Public Release	Build Release APK	2026-02-01T20:18:10.0284769Z > Task :source-api:exportReleaseConsumerProguardFiles
Build & Public Release	Build Release APK	2026-02-01T20:18:10.0289832Z > Task :flagkit:compileReleaseJavaWithJavac NO-SOURCE
Build & Public Release	Build Release APK	2026-02-01T20:18:10.0290834Z > Task :flagkit:mergeReleaseGeneratedProguardFiles
Build & Public Release	Build Release APK	2026-02-01T20:18:10.0292108Z > Task :presentation-core:compileReleaseKotlin FROM-CACHE
Build & Public Release	Build Release APK	2026-02-01T20:18:10.0293185Z > Task :presentation-core:compileReleaseJavaWithJavac NO-SOURCE
Build & Public Release	Build Release APK	2026-02-01T20:18:10.0294250Z > Task :domain:bundleLibCompileToJarRelease
Build & Public Release	Build Release APK	2026-02-01T20:18:10.0295221Z > Task :presentation-core:bundleLibCompileToJarRelease
Build & Public Release	Build Release APK	2026-02-01T20:18:10.1272837Z > Task :source-local:compileReleaseKotlinAndroid FROM-CACHE
Build & Public Release	Build Release APK	2026-02-01T20:18:10.1273668Z > Task :source-local:compileReleaseJavaWithJavac NO-SOURCE
Build & Public Release	Build Release APK	2026-02-01T20:18:10.1274381Z > Task :source-local:mergeReleaseGeneratedProguardFiles
Build & Public Release	Build Release APK	2026-02-01T20:18:10.1275062Z > Task :source-local:exportReleaseConsumerProguardFiles
Build & Public Release	Build Release APK	2026-02-01T20:18:10.4291120Z > Task :app:stripReleaseDebugSymbols
Build & Public Release	Build Release APK	2026-02-01T20:18:10.4303633Z > Task :app:extractReleaseNativeSymbolTables FROM-CACHE
Build & Public Release	Build Release APK	2026-02-01T20:18:10.4304650Z > Task :app:mergeReleaseNativeDebugMetadata NO-SOURCE
Build & Public Release	Build Release APK	2026-02-01T20:18:10.4305672Z > Task :presentation-core:mergeReleaseGeneratedProguardFiles
Build & Public Release	Build Release APK	2026-02-01T20:18:10.4306739Z > Task :presentation-core:exportReleaseConsumerProguardFiles
Build & Public Release	Build Release APK	2026-02-01T20:18:10.4307724Z > Task :core:common:mergeReleaseGeneratedProguardFiles
Build & Public Release	Build Release APK	2026-02-01T20:18:10.4308655Z > Task :core:common:exportReleaseConsumerProguardFiles
Build & Public Release	Build Release APK	2026-02-01T20:18:10.4309904Z > Task :flagkit:exportReleaseConsumerProguardFiles
Build & Public Release	Build Release APK	2026-02-01T20:18:10.4310833Z > Task :telemetry:packageReleaseResources FROM-CACHE
Build & Public Release	Build Release APK	2026-02-01T20:18:10.5272592Z > Task :telemetry:parseReleaseLocalResources FROM-CACHE
Build & Public Release	Build Release APK	2026-02-01T20:18:10.5279215Z > Task :telemetry:generateReleaseRFile FROM-CACHE
Build & Public Release	Build Release APK	2026-02-01T20:18:10.5283498Z > Task :app:buildKotlinToolingMetadata
Build & Public Release	Build Release APK	2026-02-01T20:18:10.6282769Z > Task :telemetry:compileReleaseKotlin FROM-CACHE
Build & Public Release	Build Release APK	2026-02-01T20:18:10.6284004Z > Task :presentation-widget:compileReleaseKotlin FROM-CACHE
Build & Public Release	Build Release APK	2026-02-01T20:18:10.6284970Z > Task :telemetry:javaPreCompileRelease FROM-CACHE
Build & Public Release	Build Release APK	2026-02-01T20:18:10.6285899Z > Task :telemetry:compileReleaseJavaWithJavac NO-SOURCE
Build & Public Release	Build Release APK	2026-02-01T20:18:10.6286806Z > Task :presentation-widget:compileReleaseJavaWithJavac NO-SOURCE
Build & Public Release	Build Release APK	2026-02-01T20:18:10.6287801Z > Task :presentation-widget:mergeReleaseGeneratedProguardFiles
Build & Public Release	Build Release APK	2026-02-01T20:18:10.6288796Z > Task :telemetry:mergeReleaseGeneratedProguardFiles
Build & Public Release	Build Release APK	2026-02-01T20:18:10.6289621Z > Task :telemetry:exportReleaseConsumerProguardFiles
Build & Public Release	Build Release APK	2026-02-01T20:18:10.7382660Z > Task :presentation-widget:exportReleaseConsumerProguardFiles
Build & Public Release	Build Release APK	2026-02-01T20:18:10.7383924Z > Task :domain:writeReleaseAarMetadata
Build & Public Release	Build Release APK	2026-02-01T20:18:10.7384716Z > Task :core-metadata:writeReleaseAarMetadata
Build & Public Release	Build Release APK	2026-02-01T20:18:10.7385395Z > Task :i18n:writeReleaseAarMetadata
Build & Public Release	Build Release APK	2026-02-01T20:18:10.7386202Z > Task :app:checkKotlinGradlePluginConfigurationErrors SKIPPED
Build & Public Release	Build Release APK	2026-02-01T20:18:10.7387367Z > Task :flagkit:writeReleaseAarMetadata
Build & Public Release	Build Release APK	2026-02-01T20:18:10.8273623Z > Task :i18n-ank:writeReleaseAarMetadata
Build & Public Release	Build Release APK	2026-02-01T20:18:10.8278818Z > Task :i18n-kmk:writeReleaseAarMetadata
Build & Public Release	Build Release APK	2026-02-01T20:18:10.8279752Z > Task :i18n-sy:writeReleaseAarMetadata
Build & Public Release	Build Release APK	2026-02-01T20:18:10.8280594Z > Task :presentation-core:writeReleaseAarMetadata
Build & Public Release	Build Release APK	2026-02-01T20:18:10.9288831Z > Task :presentation-widget:writeReleaseAarMetadata
Build & Public Release	Build Release APK	2026-02-01T20:18:10.9290026Z > Task :data:compileReleaseKotlin FROM-CACHE
Build & Public Release	Build Release APK	2026-02-01T20:18:10.9290851Z > Task :app:checkReleaseDuplicateClasses
Build & Public Release	Build Release APK	2026-02-01T20:18:10.9291853Z > Task :source-api:writeReleaseAarMetadata
Build & Public Release	Build Release APK	2026-02-01T20:18:10.9292648Z > Task :data:compileReleaseJavaWithJavac NO-SOURCE
Build & Public Release	Build Release APK	2026-02-01T20:18:10.9293494Z > Task :data:mergeReleaseGeneratedProguardFiles
Build & Public Release	Build Release APK	2026-02-01T20:18:10.9294302Z > Task :source-local:writeReleaseAarMetadata
Build & Public Release	Build Release APK	2026-02-01T20:18:10.9295009Z > Task :data:exportReleaseConsumerProguardFiles
Build & Public Release	Build Release APK	2026-02-01T20:18:10.9295780Z > Task :data:writeReleaseAarMetadata
Build & Public Release	Build Release APK	2026-02-01T20:18:10.9296535Z > Task :telemetry:writeReleaseAarMetadata
Build & Public Release	Build Release APK	2026-02-01T20:18:10.9297355Z > Task :app:dataBindingMergeDependencyArtifactsRelease
Build & Public Release	Build Release APK	2026-02-01T20:18:10.9298245Z > Task :core-metadata:extractDeepLinksRelease FROM-CACHE
Build & Public Release	Build Release APK	2026-02-01T20:18:10.9299056Z > Task :core:common:writeReleaseAarMetadata
Build & Public Release	Build Release APK	2026-02-01T20:18:10.9299810Z > Task :core:archive:writeReleaseAarMetadata
Build & Public Release	Build Release APK	2026-02-01T20:18:10.9300575Z > Task :app:generateReleaseResValues FROM-CACHE
Build & Public Release	Build Release APK	2026-02-01T20:18:10.9301530Z > Task :domain:extractDeepLinksRelease FROM-CACHE
Build & Public Release	Build Release APK	2026-02-01T20:18:10.9302355Z > Task :data:extractDeepLinksRelease FROM-CACHE
Build & Public Release	Build Release APK	2026-02-01T20:18:10.9303197Z > Task :core-metadata:processReleaseManifest FROM-CACHE
Build & Public Release	Build Release APK	2026-02-01T20:18:11.0303636Z > Task :data:processReleaseManifest FROM-CACHE
Build & Public Release	Build Release APK	2026-02-01T20:18:11.0329656Z > Task :domain:processReleaseManifest FROM-CACHE
Build & Public Release	Build Release APK	2026-02-01T20:18:11.0396860Z > Task :flagkit:extractDeepLinksRelease FROM-CACHE
Build & Public Release	Build Release APK	2026-02-01T20:18:11.0397962Z > Task :i18n:extractDeepLinksRelease FROM-CACHE
Build & Public Release	Build Release APK	2026-02-01T20:18:11.0398886Z > Task :i18n-ank:extractDeepLinksRelease FROM-CACHE
Build & Public Release	Build Release APK	2026-02-01T20:18:11.0399762Z > Task :i18n:processReleaseManifest FROM-CACHE
Build & Public Release	Build Release APK	2026-02-01T20:18:11.0400686Z > Task :flagkit:processReleaseManifest FROM-CACHE
Build & Public Release	Build Release APK	2026-02-01T20:18:11.0401747Z > Task :i18n-kmk:extractDeepLinksRelease FROM-CACHE
Build & Public Release	Build Release APK	2026-02-01T20:18:11.0402556Z > Task :i18n-sy:extractDeepLinksRelease FROM-CACHE
Build & Public Release	Build Release APK	2026-02-01T20:18:11.0403285Z > Task :app:generateReleaseResources FROM-CACHE
Build & Public Release	Build Release APK	2026-02-01T20:18:11.0404121Z > Task :i18n-ank:processReleaseManifest FROM-CACHE
Build & Public Release	Build Release APK	2026-02-01T20:18:11.0404939Z > Task :app:prepareLibraryDefinitionsRelease FROM-CACHE
Build & Public Release	Build Release APK	2026-02-01T20:18:11.0406076Z > Task :presentation-core:extractDeepLinksRelease FROM-CACHE
Build & Public Release	Build Release APK	2026-02-01T20:18:11.0407543Z > Task :i18n-sy:processReleaseManifest FROM-CACHE
Build & Public Release	Build Release APK	2026-02-01T20:18:11.0408490Z > Task :i18n-kmk:processReleaseManifest FROM-CACHE
Build & Public Release	Build Release APK	2026-02-01T20:18:11.0409425Z > Task :source-api:extractDeepLinksRelease FROM-CACHE
Build & Public Release	Build Release APK	2026-02-01T20:18:11.0410719Z > Task :presentation-widget:extractDeepLinksRelease FROM-CACHE
Build & Public Release	Build Release APK	2026-02-01T20:18:11.0411915Z > Task :presentation-core:processReleaseManifest FROM-CACHE
Build & Public Release	Build Release APK	2026-02-01T20:18:11.0412831Z > Task :source-local:extractDeepLinksRelease FROM-CACHE
Build & Public Release	Build Release APK	2026-02-01T20:18:11.0413634Z > Task :source-local:processReleaseManifest FROM-CACHE
Build & Public Release	Build Release APK	2026-02-01T20:18:11.0416025Z > Task :presentation-widget:processReleaseManifest FROM-CACHE
Build & Public Release	Build Release APK	2026-02-01T20:18:11.0424004Z > Task :source-api:processReleaseManifest FROM-CACHE
Build & Public Release	Build Release APK	2026-02-01T20:18:11.0425095Z > Task :telemetry:extractDeepLinksRelease FROM-CACHE
Build & Public Release	Build Release APK	2026-02-01T20:18:11.0425907Z > Task :core:archive:extractDeepLinksRelease FROM-CACHE
Build & Public Release	Build Release APK	2026-02-01T20:18:11.0426749Z > Task :core:common:extractDeepLinksRelease FROM-CACHE
Build & Public Release	Build Release APK	2026-02-01T20:18:11.1285995Z > Task :core:common:processReleaseManifest FROM-CACHE
Build & Public Release	Build Release APK	2026-02-01T20:18:11.1300621Z > Task :telemetry:processReleaseManifest FROM-CACHE
Build & Public Release	Build Release APK	2026-02-01T20:18:11.1301755Z > Task :core:archive:processReleaseManifest FROM-CACHE
Build & Public Release	Build Release APK	2026-02-01T20:18:11.1304482Z > Task :i18n-kmk:bundleLibCompileToJarRelease
Build & Public Release	Build Release APK	2026-02-01T20:18:11.1306481Z > Task :flagkit:bundleLibCompileToJarRelease
Build & Public Release	Build Release APK	2026-02-01T20:18:11.1308081Z > Task :source-local:bundleLibCompileToJarRelease
Build & Public Release	Build Release APK	2026-02-01T20:18:11.1309854Z > Task :presentation-widget:bundleLibCompileToJarRelease
Build & Public Release	Build Release APK	2026-02-01T20:18:11.1310689Z > Task :data:bundleLibCompileToJarRelease
Build & Public Release	Build Release APK	2026-02-01T20:18:11.1311644Z > Task :telemetry:bundleLibCompileToJarRelease
Build & Public Release	Build Release APK	2026-02-01T20:18:11.2273727Z > Task :core-metadata:bundleLibRuntimeToJarRelease
Build & Public Release	Build Release APK	2026-02-01T20:18:11.2277331Z > Task :flagkit:bundleLibRuntimeToJarRelease
Build & Public Release	Build Release APK	2026-02-01T20:18:11.2280446Z > Task :i18n:bundleLibRuntimeToJarRelease
Build & Public Release	Build Release APK	2026-02-01T20:18:11.2282340Z > Task :data:bundleLibRuntimeToJarRelease
Build & Public Release	Build Release APK	2026-02-01T20:18:11.2283052Z > Task :i18n-ank:bundleLibRuntimeToJarRelease
Build & Public Release	Build Release APK	2026-02-01T20:18:11.2283876Z > Task :i18n-kmk:bundleLibRuntimeToJarRelease
Build & Public Release	Build Release APK	2026-02-01T20:18:11.2284619Z > Task :i18n-sy:bundleLibRuntimeToJarRelease
Build & Public Release	Build Release APK	2026-02-01T20:18:11.2285855Z > Task :presentation-widget:bundleLibRuntimeToJarRelease
Build & Public Release	Build Release APK	2026-02-01T20:18:11.2286900Z > Task :source-api:bundleLibRuntimeToJarRelease
Build & Public Release	Build Release APK	2026-02-01T20:18:11.2302953Z > Task :presentation-core:bundleLibRuntimeToJarRelease
Build & Public Release	Build Release APK	2026-02-01T20:18:11.2303804Z > Task :source-local:bundleLibRuntimeToJarRelease
Build & Public Release	Build Release APK	2026-02-01T20:18:11.2304541Z > Task :telemetry:bundleLibRuntimeToJarRelease
Build & Public Release	Build Release APK	2026-02-01T20:18:11.2305263Z > Task :core:archive:bundleLibRuntimeToJarRelease
Build & Public Release	Build Release APK	2026-02-01T20:18:11.2305970Z > Task :domain:bundleLibRuntimeToJarRelease
Build & Public Release	Build Release APK	2026-02-01T20:18:11.3306193Z > Task :core:common:bundleLibRuntimeToJarRelease
Build & Public Release	Build Release APK	2026-02-01T20:18:11.3316131Z > Task :core-metadata:processReleaseJavaRes
Build & Public Release	Build Release APK	2026-02-01T20:18:11.3317077Z > Task :data:processReleaseJavaRes
Build & Public Release	Build Release APK	2026-02-01T20:18:11.3317862Z > Task :flagkit:processReleaseJavaRes
Build & Public Release	Build Release APK	2026-02-01T20:18:11.3318625Z > Task :i18n:processReleaseJavaRes
Build & Public Release	Build Release APK	2026-02-01T20:18:11.3319356Z > Task :i18n-ank:processReleaseJavaRes
Build & Public Release	Build Release APK	2026-02-01T20:18:11.3320130Z > Task :domain:processReleaseJavaRes
Build & Public Release	Build Release APK	2026-02-01T20:18:11.3320891Z > Task :i18n-kmk:processReleaseJavaRes
Build & Public Release	Build Release APK	2026-02-01T20:18:11.4276512Z > Task :i18n-sy:processReleaseJavaRes
Build & Public Release	Build Release APK	2026-02-01T20:18:11.4277489Z > Task :presentation-widget:processReleaseJavaRes
Build & Public Release	Build Release APK	2026-02-01T20:18:11.4278733Z > Task :presentation-core:processReleaseJavaRes
Build & Public Release	Build Release APK	2026-02-01T20:18:11.4279670Z > Task :source-local:processReleaseJavaRes
Build & Public Release	Build Release APK	2026-02-01T20:18:11.4280596Z > Task :telemetry:processReleaseJavaRes
Build & Public Release	Build Release APK	2026-02-01T20:18:11.4283091Z > Task :source-api:processReleaseJavaRes
Build & Public Release	Build Release APK	2026-02-01T20:18:11.4284821Z > Task :core:archive:processReleaseJavaRes
Build & Public Release	Build Release APK	2026-02-01T20:18:11.4285919Z > Task :core-metadata:mergeReleaseShaders
Build & Public Release	Build Release APK	2026-02-01T20:18:11.4307031Z > Task :data:mergeReleaseShaders
Build & Public Release	Build Release APK	2026-02-01T20:18:11.4309514Z > Task :core-metadata:compileReleaseShaders NO-SOURCE
Build & Public Release	Build Release APK	2026-02-01T20:18:11.4315277Z > Task :data:compileReleaseShaders NO-SOURCE
Build & Public Release	Build Release APK	2026-02-01T20:18:11.4315914Z > Task :core-metadata:generateReleaseAssets UP-TO-DATE
Build & Public Release	Build Release APK	2026-02-01T20:18:11.4316589Z > Task :data:generateReleaseAssets UP-TO-DATE
Build & Public Release	Build Release APK	2026-02-01T20:18:11.4317145Z > Task :core:common:processReleaseJavaRes
Build & Public Release	Build Release APK	2026-02-01T20:18:11.4319530Z > Task :core-metadata:mergeReleaseAssets
Build & Public Release	Build Release APK	2026-02-01T20:18:11.4320051Z > Task :data:mergeReleaseAssets
Build & Public Release	Build Release APK	2026-02-01T20:18:11.4320524Z > Task :domain:mergeReleaseShaders
Build & Public Release	Build Release APK	2026-02-01T20:18:11.4321057Z > Task :domain:compileReleaseShaders NO-SOURCE
Build & Public Release	Build Release APK	2026-02-01T20:18:11.4321892Z > Task :domain:generateReleaseAssets UP-TO-DATE
Build & Public Release	Build Release APK	2026-02-01T20:18:11.4322461Z > Task :flagkit:mergeReleaseShaders
Build & Public Release	Build Release APK	2026-02-01T20:18:11.4322997Z > Task :flagkit:compileReleaseShaders NO-SOURCE
Build & Public Release	Build Release APK	2026-02-01T20:18:11.4323597Z > Task :flagkit:generateReleaseAssets UP-TO-DATE
Build & Public Release	Build Release APK	2026-02-01T20:18:11.4324148Z > Task :i18n:mergeReleaseShaders
Build & Public Release	Build Release APK	2026-02-01T20:18:11.4324661Z > Task :i18n:compileReleaseShaders NO-SOURCE
Build & Public Release	Build Release APK	2026-02-01T20:18:11.4325224Z > Task :i18n:generateReleaseAssets UP-TO-DATE
Build & Public Release	Build Release APK	2026-02-01T20:18:11.4325799Z > Task :i18n:releaseAssetsCopyForAGP NO-SOURCE
Build & Public Release	Build Release APK	2026-02-01T20:18:11.4326335Z > Task :domain:mergeReleaseAssets
Build & Public Release	Build Release APK	2026-02-01T20:18:11.4326820Z > Task :flagkit:mergeReleaseAssets
Build & Public Release	Build Release APK	2026-02-01T20:18:11.4327309Z > Task :i18n-ank:mergeReleaseShaders
Build & Public Release	Build Release APK	2026-02-01T20:18:11.4328051Z > Task :i18n:mergeReleaseAssets
Build & Public Release	Build Release APK	2026-02-01T20:18:11.4328563Z > Task :i18n-ank:compileReleaseShaders NO-SOURCE
Build & Public Release	Build Release APK	2026-02-01T20:18:11.4329163Z > Task :i18n-ank:generateReleaseAssets UP-TO-DATE
Build & Public Release	Build Release APK	2026-02-01T20:18:11.4329762Z > Task :i18n-ank:releaseAssetsCopyForAGP NO-SOURCE
Build & Public Release	Build Release APK	2026-02-01T20:18:11.4330320Z > Task :i18n-kmk:mergeReleaseShaders
Build & Public Release	Build Release APK	2026-02-01T20:18:11.4330855Z > Task :i18n-kmk:compileReleaseShaders NO-SOURCE
Build & Public Release	Build Release APK	2026-02-01T20:18:11.4332503Z > Task :i18n-kmk:generateReleaseAssets UP-TO-DATE
Build & Public Release	Build Release APK	2026-02-01T20:18:11.4333130Z > Task :i18n-kmk:releaseAssetsCopyForAGP NO-SOURCE
Build & Public Release	Build Release APK	2026-02-01T20:18:11.4333709Z > Task :i18n-sy:mergeReleaseShaders
Build & Public Release	Build Release APK	2026-02-01T20:18:11.4334229Z > Task :i18n-sy:compileReleaseShaders NO-SOURCE
Build & Public Release	Build Release APK	2026-02-01T20:18:11.4334814Z > Task :i18n-sy:generateReleaseAssets UP-TO-DATE
Build & Public Release	Build Release APK	2026-02-01T20:18:11.4335411Z > Task :i18n-sy:releaseAssetsCopyForAGP NO-SOURCE
Build & Public Release	Build Release APK	2026-02-01T20:18:11.4335968Z > Task :i18n-ank:mergeReleaseAssets
Build & Public Release	Build Release APK	2026-02-01T20:18:11.5272012Z > Task :presentation-core:mergeReleaseShaders
Build & Public Release	Build Release APK	2026-02-01T20:18:11.5273761Z > Task :presentation-core:compileReleaseShaders NO-SOURCE
Build & Public Release	Build Release APK	2026-02-01T20:18:11.5275994Z > Task :presentation-core:generateReleaseAssets UP-TO-DATE
Build & Public Release	Build Release APK	2026-02-01T20:18:11.5278666Z > Task :i18n-kmk:mergeReleaseAssets
Build & Public Release	Build Release APK	2026-02-01T20:18:11.5279064Z > Task :presentation-widget:mergeReleaseShaders
Build & Public Release	Build Release APK	2026-02-01T20:18:11.5279446Z > Task :presentation-core:mergeReleaseAssets
Build & Public Release	Build Release APK	2026-02-01T20:18:11.5279850Z > Task :presentation-widget:compileReleaseShaders NO-SOURCE
Build & Public Release	Build Release APK	2026-02-01T20:18:11.5280298Z > Task :presentation-widget:generateReleaseAssets UP-TO-DATE
Build & Public Release	Build Release APK	2026-02-01T20:18:11.5280702Z > Task :i18n-sy:mergeReleaseAssets
Build & Public Release	Build Release APK	2026-02-01T20:18:11.5281013Z > Task :source-api:mergeReleaseShaders
Build & Public Release	Build Release APK	2026-02-01T20:18:11.5281574Z > Task :source-api:compileReleaseShaders NO-SOURCE
Build & Public Release	Build Release APK	2026-02-01T20:18:11.5282000Z > Task :source-api:generateReleaseAssets UP-TO-DATE
Build & Public Release	Build Release APK	2026-02-01T20:18:11.5282365Z > Task :source-local:mergeReleaseShaders
Build & Public Release	Build Release APK	2026-02-01T20:18:11.5282728Z > Task :source-api:releaseAssetsCopyForAGP NO-SOURCE
Build & Public Release	Build Release APK	2026-02-01T20:18:11.5283117Z > Task :presentation-widget:mergeReleaseAssets
Build & Public Release	Build Release APK	2026-02-01T20:18:11.5283495Z > Task :source-local:compileReleaseShaders NO-SOURCE
Build & Public Release	Build Release APK	2026-02-01T20:18:11.5283884Z > Task :source-local:generateReleaseAssets UP-TO-DATE
Build & Public Release	Build Release APK	2026-02-01T20:18:11.5284281Z > Task :source-local:releaseAssetsCopyForAGP NO-SOURCE
Build & Public Release	Build Release APK	2026-02-01T20:18:11.5284639Z > Task :source-api:mergeReleaseAssets
Build & Public Release	Build Release APK	2026-02-01T20:18:11.5284950Z > Task :telemetry:mergeReleaseShaders
Build & Public Release	Build Release APK	2026-02-01T20:18:11.5285281Z > Task :telemetry:compileReleaseShaders NO-SOURCE
Build & Public Release	Build Release APK	2026-02-01T20:18:11.5285655Z > Task :telemetry:generateReleaseAssets UP-TO-DATE
Build & Public Release	Build Release APK	2026-02-01T20:18:11.5286246Z > Task :source-local:mergeReleaseAssets
Build & Public Release	Build Release APK	2026-02-01T20:18:11.5286563Z > Task :core:archive:mergeReleaseShaders
Build & Public Release	Build Release APK	2026-02-01T20:18:11.5286910Z > Task :core:archive:compileReleaseShaders NO-SOURCE
Build & Public Release	Build Release APK	2026-02-01T20:18:11.5287279Z > Task :core:archive:generateReleaseAssets UP-TO-DATE
Build & Public Release	Build Release APK	2026-02-01T20:18:11.5287616Z > Task :telemetry:mergeReleaseAssets
Build & Public Release	Build Release APK	2026-02-01T20:18:11.5287922Z > Task :core:common:mergeReleaseShaders
Build & Public Release	Build Release APK	2026-02-01T20:18:11.5288289Z > Task :core-metadata:stripReleaseDebugSymbols NO-SOURCE
Build & Public Release	Build Release APK	2026-02-01T20:18:11.5288671Z > Task :core:common:compileReleaseShaders NO-SOURCE
Build & Public Release	Build Release APK	2026-02-01T20:18:11.5289034Z > Task :core:common:generateReleaseAssets UP-TO-DATE
Build & Public Release	Build Release APK	2026-02-01T20:18:11.5289367Z > Task :core:archive:mergeReleaseAssets
Build & Public Release	Build Release APK	2026-02-01T20:18:11.5289727Z > Task :core-metadata:copyReleaseJniLibsProjectAndLocalJars
Build & Public Release	Build Release APK	2026-02-01T20:18:11.5290178Z > Task :core-metadata:extractDeepLinksForAarRelease FROM-CACHE
Build & Public Release	Build Release APK	2026-02-01T20:18:11.5290561Z > Task :core:common:mergeReleaseAssets
Build & Public Release	Build Release APK	2026-02-01T20:18:11.5290919Z > Task :i18n:compileReleaseLibraryResources FROM-CACHE
Build & Public Release	Build Release APK	2026-02-01T20:18:11.5291502Z > Task :i18n-sy:compileReleaseLibraryResources FROM-CACHE
Build & Public Release	Build Release APK	2026-02-01T20:18:11.5291963Z > Task :source-api:compileReleaseLibraryResources FROM-CACHE
Build & Public Release	Build Release APK	2026-02-01T20:18:11.5292362Z > Task :data:stripReleaseDebugSymbols NO-SOURCE
Build & Public Release	Build Release APK	2026-02-01T20:18:11.5292754Z > Task :core:common:compileReleaseLibraryResources FROM-CACHE
Build & Public Release	Build Release APK	2026-02-01T20:18:11.5293348Z > Task :domain:compileReleaseLibraryResources FROM-CACHE
Build & Public Release	Build Release APK	2026-02-01T20:18:11.5293744Z > Task :data:copyReleaseJniLibsProjectAndLocalJars
Build & Public Release	Build Release APK	2026-02-01T20:18:11.5294121Z > Task :data:extractDeepLinksForAarRelease FROM-CACHE
Build & Public Release	Build Release APK	2026-02-01T20:18:11.5294522Z > Task :i18n-ank:compileReleaseLibraryResources FROM-CACHE
Build & Public Release	Build Release APK	2026-02-01T20:18:11.5294921Z > Task :domain:stripReleaseDebugSymbols NO-SOURCE
Build & Public Release	Build Release APK	2026-02-01T20:18:11.5295291Z > Task :domain:copyReleaseJniLibsProjectAndLocalJars
Build & Public Release	Build Release APK	2026-02-01T20:18:11.5295723Z > Task :domain:extractDeepLinksForAarRelease FROM-CACHE
Build & Public Release	Build Release APK	2026-02-01T20:18:11.9273064Z > Task :app:prepareReleaseShortcutXML
Build & Public Release	Build Release APK	2026-02-01T20:18:13.2273004Z > Task :core-metadata:extractReleaseAnnotations FROM-CACHE
Build & Public Release	Build Release APK	2026-02-01T20:18:13.2277853Z > Task :core-metadata:mergeReleaseConsumerProguardFiles
Build & Public Release	Build Release APK	2026-02-01T20:18:13.3272848Z > Task :core-metadata:prepareLintJarForPublish
Build & Public Release	Build Release APK	2026-02-01T20:18:13.4271892Z > Task :core-metadata:mergeReleaseJavaResource
Build & Public Release	Build Release APK	2026-02-01T20:18:13.4272879Z > Task :core-metadata:syncReleaseLibJars FROM-CACHE
Build & Public Release	Build Release APK	2026-02-01T20:18:13.5280231Z > Task :data:extractReleaseAnnotations FROM-CACHE
Build & Public Release	Build Release APK	2026-02-01T20:18:13.5289290Z > Task :domain:extractReleaseAnnotations FROM-CACHE
Build & Public Release	Build Release APK	2026-02-01T20:18:13.5300376Z > Task :core-metadata:bundleReleaseAar
Build & Public Release	Build Release APK	2026-02-01T20:18:13.5302478Z > Task :data:mergeReleaseConsumerProguardFiles
Build & Public Release	Build Release APK	2026-02-01T20:18:13.5305470Z > Task :domain:mergeReleaseConsumerProguardFiles
Build & Public Release	Build Release APK	2026-02-01T20:18:13.6279552Z > Task :data:prepareLintJarForPublish
Build & Public Release	Build Release APK	2026-02-01T20:18:13.6324666Z > Task :domain:prepareLintJarForPublish
Build & Public Release	Build Release APK	2026-02-01T20:18:13.6325858Z > Task :domain:mergeReleaseJavaResource
Build & Public Release	Build Release APK	2026-02-01T20:18:13.6326547Z > Task :data:mergeReleaseJavaResource
Build & Public Release	Build Release APK	2026-02-01T20:18:13.6327137Z > Task :core-metadata:mapReleaseSourceSetPaths
Build & Public Release	Build Release APK	2026-02-01T20:18:13.6327727Z > Task :domain:syncReleaseLibJars FROM-CACHE
Build & Public Release	Build Release APK	2026-02-01T20:18:13.6328285Z > Task :data:mapReleaseSourceSetPaths
Build & Public Release	Build Release APK	2026-02-01T20:18:13.6328816Z > Task :data:syncReleaseLibJars FROM-CACHE
Build & Public Release	Build Release APK	2026-02-01T20:18:13.6329335Z > Task :domain:bundleReleaseAar
Build & Public Release	Build Release APK	2026-02-01T20:18:13.7272613Z > Task :domain:mapReleaseSourceSetPaths
Build & Public Release	Build Release APK	2026-02-01T20:18:13.7277522Z > Task :app:mergeReleaseResources FROM-CACHE
Build & Public Release	Build Release APK	2026-02-01T20:18:13.7282244Z > Task :data:bundleReleaseAar
Build & Public Release	Build Release APK	2026-02-01T20:18:13.9275248Z > Task :app:dataBindingGenBaseClassesRelease FROM-CACHE
Build & Public Release	Build Release APK	2026-02-01T20:18:14.2275224Z > Task :core-metadata:mergeReleaseResources FROM-CACHE
Build & Public Release	Build Release APK	2026-02-01T20:18:14.2276042Z > Task :app:generateReleaseBuildConfig
Build & Public Release	Build Release APK	2026-02-01T20:18:14.2276687Z > Task :domain:mergeReleaseResources FROM-CACHE
Build & Public Release	Build Release APK	2026-02-01T20:18:14.2277340Z > Task :data:mergeReleaseResources FROM-CACHE
Build & Public Release	Build Release APK	2026-02-01T20:18:14.4285168Z > Task :app:checkReleaseAarMetadata
Build & Public Release	Build Release APK	2026-02-01T20:18:14.5294575Z > Task :app:mapReleaseSourceSetPaths
Build & Public Release	Build Release APK	2026-02-01T20:18:14.5295679Z > Task :app:createReleaseCompatibleScreenManifests
Build & Public Release	Build Release APK	2026-02-01T20:18:14.5296572Z > Task :app:extractDeepLinksRelease FROM-CACHE
Build & Public Release	Build Release APK	2026-02-01T20:18:14.5297333Z > Task :data:verifyReleaseResources FROM-CACHE
Build & Public Release	Build Release APK	2026-02-01T20:18:14.5298060Z > Task :data:assembleRelease
Build & Public Release	Build Release APK	2026-02-01T20:18:14.5298793Z > Task :flagkit:stripReleaseDebugSymbols NO-SOURCE
Build & Public Release	Build Release APK	2026-02-01T20:18:14.5299629Z > Task :flagkit:copyReleaseJniLibsProjectAndLocalJars
Build & Public Release	Build Release APK	2026-02-01T20:18:14.5300494Z > Task :flagkit:extractDeepLinksForAarRelease FROM-CACHE
Build & Public Release	Build Release APK	2026-02-01T20:18:14.6272140Z > Task :flagkit:extractReleaseAnnotations FROM-CACHE
Build & Public Release	Build Release APK	2026-02-01T20:18:14.6275801Z > Task :core-metadata:verifyReleaseResources FROM-CACHE
Build & Public Release	Build Release APK	2026-02-01T20:18:14.6278054Z > Task :core-metadata:assembleRelease
Build & Public Release	Build Release APK	2026-02-01T20:18:14.6281263Z > Task :i18n:stripReleaseDebugSymbols NO-SOURCE
Build & Public Release	Build Release APK	2026-02-01T20:18:14.6282391Z > Task :flagkit:mergeReleaseConsumerProguardFiles
Build & Public Release	Build Release APK	2026-02-01T20:18:14.6283314Z > Task :domain:verifyReleaseResources FROM-CACHE
Build & Public Release	Build Release APK	2026-02-01T20:18:14.6284201Z > Task :domain:assembleRelease
Build & Public Release	Build Release APK	2026-02-01T20:18:14.6284932Z > Task :flagkit:prepareLintJarForPublish
Build & Public Release	Build Release APK	2026-02-01T20:18:14.6285527Z > Task :flagkit:mapReleaseSourceSetPaths
Build & Public Release	Build Release APK	2026-02-01T20:18:14.6286134Z > Task :i18n:copyReleaseJniLibsProjectAndLocalJars
Build & Public Release	Build Release APK	2026-02-01T20:18:14.7288724Z > Task :flagkit:mergeReleaseJavaResource
Build & Public Release	Build Release APK	2026-02-01T20:18:14.7297557Z > Task :i18n:extractDeepLinksForAarRelease FROM-CACHE
Build & Public Release	Build Release APK	2026-02-01T20:18:14.7298379Z > Task :i18n-ank:stripReleaseDebugSymbols NO-SOURCE
Build & Public Release	Build Release APK	2026-02-01T20:18:14.7299062Z > Task :i18n:extractReleaseAnnotations FROM-CACHE
Build & Public Release	Build Release APK	2026-02-01T20:18:14.7299746Z > Task :i18n:mergeReleaseConsumerProguardFiles
Build & Public Release	Build Release APK	2026-02-01T20:18:14.7300455Z > Task :i18n-ank:copyReleaseJniLibsProjectAndLocalJars
Build & Public Release	Build Release APK	2026-02-01T20:18:14.8273338Z > Task :i18n:prepareLintJarForPublish
Build & Public Release	Build Release APK	2026-02-01T20:18:14.8278181Z > Task :i18n:mergeReleaseJavaResource
Build & Public Release	Build Release APK	2026-02-01T20:18:14.8284005Z > Task :i18n-ank:extractDeepLinksForAarRelease FROM-CACHE
Build & Public Release	Build Release APK	2026-02-01T20:18:14.8291044Z > Task :app:processReleaseMainManifest FROM-CACHE
Build & Public Release	Build Release APK	2026-02-01T20:18:14.8297717Z > Task :app:processReleaseManifest FROM-CACHE
Build & Public Release	Build Release APK	2026-02-01T20:18:14.8300697Z > Task :i18n-ank:extractReleaseAnnotations FROM-CACHE
Build & Public Release	Build Release APK	2026-02-01T20:18:14.8307884Z > Task :app:processReleaseManifestForPackage FROM-CACHE
Build & Public Release	Build Release APK	2026-02-01T20:18:14.8313741Z > Task :i18n-ank:mergeReleaseConsumerProguardFiles
Build & Public Release	Build Release APK	2026-02-01T20:18:14.8315825Z > Task :i18n:mapReleaseSourceSetPaths
Build & Public Release	Build Release APK	2026-02-01T20:18:14.9274912Z > Task :i18n:syncReleaseLibJars FROM-CACHE
Build & Public Release	Build Release APK	2026-02-01T20:18:15.0277899Z > Task :i18n-ank:prepareLintJarForPublish
Build & Public Release	Build Release APK	2026-02-01T20:18:15.0283229Z > Task :i18n-ank:mergeReleaseJavaResource
Build & Public Release	Build Release APK	2026-02-01T20:18:15.0284098Z > Task :i18n-ank:syncReleaseLibJars FROM-CACHE
Build & Public Release	Build Release APK	2026-02-01T20:18:15.0286278Z > Task :i18n-ank:bundleReleaseAar
Build & Public Release	Build Release APK	2026-02-01T20:18:15.0287963Z > Task :flagkit:mergeReleaseResources FROM-CACHE
Build & Public Release	Build Release APK	2026-02-01T20:18:15.1272421Z > Task :flagkit:syncReleaseLibJars FROM-CACHE
Build & Public Release	Build Release APK	2026-02-01T20:18:15.1273473Z > Task :i18n-ank:mapReleaseSourceSetPaths
Build & Public Release	Build Release APK	2026-02-01T20:18:15.2272179Z > Task :i18n-ank:mergeReleaseResources FROM-CACHE
Build & Public Release	Build Release APK	2026-02-01T20:18:15.2315941Z > Task :flagkit:bundleReleaseAar
Build & Public Release	Build Release APK	2026-02-01T20:18:15.3295026Z > Task :i18n-ank:verifyReleaseResources FROM-CACHE
Build & Public Release	Build Release APK	2026-02-01T20:18:15.3296139Z > Task :i18n-ank:assembleRelease
Build & Public Release	Build Release APK	2026-02-01T20:18:15.3296940Z > Task :i18n-kmk:stripReleaseDebugSymbols NO-SOURCE
Build & Public Release	Build Release APK	2026-02-01T20:18:15.3297941Z > Task :i18n-kmk:copyReleaseJniLibsProjectAndLocalJars
Build & Public Release	Build Release APK	2026-02-01T20:18:15.3298858Z > Task :i18n-kmk:extractDeepLinksForAarRelease FROM-CACHE
Build & Public Release	Build Release APK	2026-02-01T20:18:15.3299753Z > Task :i18n-kmk:extractReleaseAnnotations FROM-CACHE
Build & Public Release	Build Release APK	2026-02-01T20:18:15.3300533Z > Task :i18n:bundleReleaseAar
Build & Public Release	Build Release APK	2026-02-01T20:18:15.3301261Z > Task :i18n-kmk:mergeReleaseConsumerProguardFiles
Build & Public Release	Build Release APK	2026-02-01T20:18:15.3302266Z > Task :i18n-kmk:prepareLintJarForPublish
Build & Public Release	Build Release APK	2026-02-01T20:18:15.3303021Z > Task :i18n-kmk:mergeReleaseJavaResource
Build & Public Release	Build Release APK	2026-02-01T20:18:15.3304098Z > Task :i18n-kmk:syncReleaseLibJars FROM-CACHE
Build & Public Release	Build Release APK	2026-02-01T20:18:15.4273378Z > Task :i18n-kmk:bundleReleaseAar
Build & Public Release	Build Release APK	2026-02-01T20:18:15.4278004Z > Task :i18n-kmk:mapReleaseSourceSetPaths
Build & Public Release	Build Release APK	2026-02-01T20:18:15.4282610Z > Task :i18n-sy:stripReleaseDebugSymbols NO-SOURCE
Build & Public Release	Build Release APK	2026-02-01T20:18:15.4283642Z > Task :i18n-sy:copyReleaseJniLibsProjectAndLocalJars
Build & Public Release	Build Release APK	2026-02-01T20:18:15.4288154Z > Task :i18n-sy:extractDeepLinksForAarRelease FROM-CACHE
Build & Public Release	Build Release APK	2026-02-01T20:18:15.4289166Z > Task :i18n-sy:extractReleaseAnnotations FROM-CACHE
Build & Public Release	Build Release APK	2026-02-01T20:18:15.4290110Z > Task :i18n-sy:mergeReleaseConsumerProguardFiles
Build & Public Release	Build Release APK	2026-02-01T20:18:15.4290882Z > Task :i18n-sy:prepareLintJarForPublish
Build & Public Release	Build Release APK	2026-02-01T20:18:15.4291748Z > Task :i18n-sy:mergeReleaseJavaResource
Build & Public Release	Build Release APK	2026-02-01T20:18:15.4292475Z > Task :i18n-sy:syncReleaseLibJars FROM-CACHE
Build & Public Release	Build Release APK	2026-02-01T20:18:15.5272794Z > Task :flagkit:verifyReleaseResources FROM-CACHE
Build & Public Release	Build Release APK	2026-02-01T20:18:15.5273553Z > Task :flagkit:assembleRelease
Build & Public Release	Build Release APK	2026-02-01T20:18:15.5274087Z > Task :i18n-sy:bundleReleaseAar
Build & Public Release	Build Release APK	2026-02-01T20:18:15.5274679Z > Task :i18n-sy:mapReleaseSourceSetPaths
Build & Public Release	Build Release APK	2026-02-01T20:18:15.5275428Z > Task :presentation-core:stripReleaseDebugSymbols NO-SOURCE
Build & Public Release	Build Release APK	2026-02-01T20:18:15.5276335Z > Task :presentation-core:copyReleaseJniLibsProjectAndLocalJars
Build & Public Release	Build Release APK	2026-02-01T20:18:15.5277269Z > Task :presentation-core:extractDeepLinksForAarRelease FROM-CACHE
Build & Public Release	Build Release APK	2026-02-01T20:18:15.6297823Z > Task :presentation-core:extractReleaseAnnotations FROM-CACHE
Build & Public Release	Build Release APK	2026-02-01T20:18:15.6303315Z > Task :presentation-core:mergeReleaseConsumerProguardFiles
Build & Public Release	Build Release APK	2026-02-01T20:18:15.6306280Z > Task :presentation-core:prepareLintJarForPublish
Build & Public Release	Build Release APK	2026-02-01T20:18:15.6308927Z > Task :presentation-core:mergeReleaseJavaResource
Build & Public Release	Build Release APK	2026-02-01T20:18:15.6311739Z > Task :presentation-core:syncReleaseLibJars FROM-CACHE
Build & Public Release	Build Release APK	2026-02-01T20:18:15.7273628Z > Task :i18n-kmk:mergeReleaseResources FROM-CACHE
Build & Public Release	Build Release APK	2026-02-01T20:18:15.7277820Z > Task :app:processReleaseResources FROM-CACHE
Build & Public Release	Build Release APK	2026-02-01T20:18:15.7301950Z > Task :presentation-core:bundleReleaseAar
Build & Public Release	Build Release APK	2026-02-01T20:18:15.7303235Z > Task :i18n-kmk:verifyReleaseResources FROM-CACHE
Build & Public Release	Build Release APK	2026-02-01T20:18:15.7304066Z > Task :i18n-kmk:assembleRelease
Build & Public Release	Build Release APK	2026-02-01T20:18:15.7304787Z > Task :i18n:mergeReleaseResources FROM-CACHE
Build & Public Release	Build Release APK	2026-02-01T20:18:15.8273003Z > Task :i18n-sy:mergeReleaseResources FROM-CACHE
Build & Public Release	Build Release APK	2026-02-01T20:18:15.8277453Z > Task :i18n-sy:verifyReleaseResources FROM-CACHE
Build & Public Release	Build Release APK	2026-02-01T20:18:15.8292751Z > Task :i18n-sy:assembleRelease
Build & Public Release	Build Release APK	2026-02-01T20:18:15.8294962Z > Task :presentation-widget:stripReleaseDebugSymbols NO-SOURCE
Build & Public Release	Build Release APK	2026-02-01T20:18:15.8297194Z > Task :i18n:verifyReleaseResources FROM-CACHE
Build & Public Release	Build Release APK	2026-02-01T20:18:15.8299287Z > Task :i18n:assembleRelease
Build & Public Release	Build Release APK	2026-02-01T20:18:15.8301602Z > Task :presentation-widget:extractDeepLinksForAarRelease FROM-CACHE
Build & Public Release	Build Release APK	2026-02-01T20:18:15.9275270Z > Task :presentation-widget:copyReleaseJniLibsProjectAndLocalJars
Build & Public Release	Build Release APK	2026-02-01T20:18:15.9276526Z > Task :source-api:stripReleaseDebugSymbols NO-SOURCE
Build & Public Release	Build Release APK	2026-02-01T20:18:15.9278459Z > Task :source-api:copyReleaseJniLibsProjectAndLocalJars
Build & Public Release	Build Release APK	2026-02-01T20:18:15.9284564Z > Task :presentation-core:mapReleaseSourceSetPaths
Build & Public Release	Build Release APK	2026-02-01T20:18:15.9286698Z > Task :source-api:extractDeepLinksForAarRelease FROM-CACHE
Build & Public Release	Build Release APK	2026-02-01T20:18:15.9288822Z > Task :presentation-widget:extractReleaseAnnotations FROM-CACHE
Build & Public Release	Build Release APK	2026-02-01T20:18:15.9291008Z > Task :presentation-widget:mergeReleaseConsumerProguardFiles
Build & Public Release	Build Release APK	2026-02-01T20:18:15.9296873Z > Task :presentation-widget:prepareLintJarForPublish
Build & Public Release	Build Release APK	2026-02-01T20:18:15.9297585Z > Task :presentation-widget:mergeReleaseJavaResource
Build & Public Release	Build Release APK	2026-02-01T20:18:15.9298313Z > Task :presentation-widget:syncReleaseLibJars FROM-CACHE
Build & Public Release	Build Release APK	2026-02-01T20:18:16.0274261Z > Task :source-api:extractReleaseAnnotations FROM-CACHE
Build & Public Release	Build Release APK	2026-02-01T20:18:16.0276185Z > Task :source-api:mergeReleaseConsumerProguardFiles
Build & Public Release	Build Release APK	2026-02-01T20:18:16.0280028Z > Task :source-api:prepareLintJarForPublish
Build & Public Release	Build Release APK	2026-02-01T20:18:16.0283185Z > Task :source-api:mergeReleaseJavaResource
Build & Public Release	Build Release APK	2026-02-01T20:18:16.0284945Z > Task :source-api:syncReleaseLibJars FROM-CACHE
Build & Public Release	Build Release APK	2026-02-01T20:18:16.0286721Z > Task :presentation-widget:bundleReleaseAar
Build & Public Release	Build Release APK	2026-02-01T20:18:16.1280601Z > Task :source-api:bundleReleaseAar
Build & Public Release	Build Release APK	2026-02-01T20:18:16.1281633Z > Task :source-api:mapReleaseSourceSetPaths
Build & Public Release	Build Release APK	2026-02-01T20:18:16.1282456Z > Task :presentation-widget:mapReleaseSourceSetPaths
Build & Public Release	Build Release APK	2026-02-01T20:18:16.5287855Z > Task :presentation-core:mergeReleaseResources FROM-CACHE
Build & Public Release	Build Release APK	2026-02-01T20:18:16.6272139Z > Task :source-api:mergeReleaseResources FROM-CACHE
Build & Public Release	Build Release APK	2026-02-01T20:18:16.7294859Z > Task :presentation-core:verifyReleaseResources FROM-CACHE
Build & Public Release	Build Release APK	2026-02-01T20:18:16.7296050Z > Task :presentation-core:assembleRelease
Build & Public Release	Build Release APK	2026-02-01T20:18:16.7297029Z > Task :presentation-core:compileReleaseLibraryResources FROM-CACHE
Build & Public Release	Build Release APK	2026-02-01T20:18:16.7298123Z > Task :source-local:stripReleaseDebugSymbols NO-SOURCE
Build & Public Release	Build Release APK	2026-02-01T20:18:16.7299149Z > Task :source-local:copyReleaseJniLibsProjectAndLocalJars
Build & Public Release	Build Release APK	2026-02-01T20:18:16.7300110Z > Task :source-local:extractDeepLinksForAarRelease FROM-CACHE
Build & Public Release	Build Release APK	2026-02-01T20:18:16.8272713Z > Task :source-local:extractReleaseAnnotations FROM-CACHE
Build & Public Release	Build Release APK	2026-02-01T20:18:16.8276041Z > Task :source-local:mergeReleaseConsumerProguardFiles
Build & Public Release	Build Release APK	2026-02-01T20:18:16.8277040Z > Task :source-local:prepareLintJarForPublish
Build & Public Release	Build Release APK	2026-02-01T20:18:16.8277758Z > Task :source-local:mergeReleaseJavaResource
Build & Public Release	Build Release APK	2026-02-01T20:18:16.9273865Z > Task :source-local:syncReleaseLibJars FROM-CACHE
Build & Public Release	Build Release APK	2026-02-01T20:18:16.9276700Z > Task :source-local:bundleReleaseAar
Build & Public Release	Build Release APK	2026-02-01T20:18:16.9287314Z > Task :source-api:verifyReleaseResources FROM-CACHE
Build & Public Release	Build Release APK	2026-02-01T20:18:16.9288700Z > Task :source-api:assembleRelease
Build & Public Release	Build Release APK	2026-02-01T20:18:16.9289695Z > Task :core-metadata:compileReleaseLibraryResources FROM-CACHE
Build & Public Release	Build Release APK	2026-02-01T20:18:16.9290754Z > Task :core:archive:compileReleaseLibraryResources FROM-CACHE
Build & Public Release	Build Release APK	2026-02-01T20:18:16.9291976Z > Task :telemetry:stripReleaseDebugSymbols NO-SOURCE
Build & Public Release	Build Release APK	2026-02-01T20:18:16.9292937Z > Task :telemetry:copyReleaseJniLibsProjectAndLocalJars
Build & Public Release	Build Release APK	2026-02-01T20:18:16.9293941Z > Task :telemetry:extractDeepLinksForAarRelease FROM-CACHE
Build & Public Release	Build Release APK	2026-02-01T20:18:16.9294893Z > Task :source-local:mapReleaseSourceSetPaths
Build & Public Release	Build Release APK	2026-02-01T20:18:16.9295836Z > Task :telemetry:extractReleaseAnnotations FROM-CACHE
Build & Public Release	Build Release APK	2026-02-01T20:18:16.9296741Z > Task :telemetry:mergeReleaseConsumerProguardFiles
Build & Public Release	Build Release APK	2026-02-01T20:18:16.9297584Z > Task :telemetry:prepareLintJarForPublish
Build & Public Release	Build Release APK	2026-02-01T20:18:16.9298376Z > Task :telemetry:mergeReleaseJavaResource
Build & Public Release	Build Release APK	2026-02-01T20:18:17.0298515Z > Task :telemetry:syncReleaseLibJars FROM-CACHE
Build & Public Release	Build Release APK	2026-02-01T20:18:17.0299654Z > Task :telemetry:bundleReleaseAar
Build & Public Release	Build Release APK	2026-02-01T20:18:17.0300398Z > Task :telemetry:mapReleaseSourceSetPaths
Build & Public Release	Build Release APK	2026-02-01T20:18:17.0301121Z > Task :telemetry:mergeReleaseResources FROM-CACHE
Build & Public Release	Build Release APK	2026-02-01T20:18:17.0302078Z > Task :telemetry:verifyReleaseResources FROM-CACHE
Build & Public Release	Build Release APK	2026-02-01T20:18:17.0302767Z > Task :telemetry:assembleRelease
Build & Public Release	Build Release APK	2026-02-01T20:18:17.0303447Z > Task :core:archive:stripReleaseDebugSymbols NO-SOURCE
Build & Public Release	Build Release APK	2026-02-01T20:18:17.0304258Z > Task :core:archive:copyReleaseJniLibsProjectAndLocalJars
Build & Public Release	Build Release APK	2026-02-01T20:18:17.0305105Z > Task :core:archive:extractDeepLinksForAarRelease FROM-CACHE
Build & Public Release	Build Release APK	2026-02-01T20:18:17.0305984Z > Task :presentation-widget:mergeReleaseResources FROM-CACHE
Build & Public Release	Build Release APK	2026-02-01T20:18:17.0306799Z > Task :core:archive:extractReleaseAnnotations FROM-CACHE
Build & Public Release	Build Release APK	2026-02-01T20:18:17.0307584Z > Task :core:archive:mergeReleaseConsumerProguardFiles
Build & Public Release	Build Release APK	2026-02-01T20:18:17.1294705Z > Task :core:archive:prepareLintJarForPublish
Build & Public Release	Build Release APK	2026-02-01T20:18:17.1322299Z > Task :app:javaPreCompileRelease FROM-CACHE
Build & Public Release	Build Release APK	2026-02-01T20:18:17.1323244Z > Task :app:extractProguardFiles
Build & Public Release	Build Release APK	2026-02-01T20:18:17.1323996Z > Task :app:mergeReleaseStartupProfile
Build & Public Release	Build Release APK	2026-02-01T20:18:17.1324782Z > Task :app:generateReleaseAssets UP-TO-DATE
Build & Public Release	Build Release APK	2026-02-01T20:18:17.4272383Z > Task :source-local:mergeReleaseResources FROM-CACHE
Build & Public Release	Build Release APK	2026-02-01T20:18:17.4273594Z > Task :app:mergeReleaseAssets
Build & Public Release	Build Release APK	2026-02-01T20:18:17.5303121Z > Task :app:compressReleaseAssets FROM-CACHE
Build & Public Release	Build Release APK	2026-02-01T20:18:17.7272472Z > Task :app:extractReleaseVersionControlInfo
Build & Public Release	Build Release APK	2026-02-01T20:18:17.7273494Z > Task :app:validateSigningRelease
Build & Public Release	Build Release APK	2026-02-01T20:18:17.7274189Z > Task :app:writeReleaseAppMetadata
Build & Public Release	Build Release APK	2026-02-01T20:18:17.7275289Z > Task :app:writeReleaseSigningConfigVersions
Build & Public Release	Build Release APK	2026-02-01T20:18:17.8273016Z > Task :core:archive:mergeReleaseJavaResource
Build & Public Release	Build Release APK	2026-02-01T20:18:17.8277121Z > Task :source-local:verifyReleaseResources FROM-CACHE
Build & Public Release	Build Release APK	2026-02-01T20:18:17.8280953Z > Task :source-local:assembleRelease
Build & Public Release	Build Release APK	2026-02-01T20:18:17.8284974Z > Task :core:common:stripReleaseDebugSymbols NO-SOURCE
Build & Public Release	Build Release APK	2026-02-01T20:18:17.8288835Z > Task :core:archive:syncReleaseLibJars FROM-CACHE
Build & Public Release	Build Release APK	2026-02-01T20:18:17.8292895Z > Task :core:common:copyReleaseJniLibsProjectAndLocalJars
Build & Public Release	Build Release APK	2026-02-01T20:18:17.8298039Z > Task :core:common:extractDeepLinksForAarRelease FROM-CACHE
Build & Public Release	Build Release APK	2026-02-01T20:18:17.8298681Z > Task :core:archive:bundleReleaseAar
Build & Public Release	Build Release APK	2026-02-01T20:18:17.8299216Z > Task :core:archive:mapReleaseSourceSetPaths
Build & Public Release	Build Release APK	2026-02-01T20:18:17.9272649Z > Task :core:common:extractReleaseAnnotations FROM-CACHE
Build & Public Release	Build Release APK	2026-02-01T20:18:17.9273980Z > Task :core:common:mergeReleaseConsumerProguardFiles
Build & Public Release	Build Release APK	2026-02-01T20:18:17.9274889Z > Task :core:common:prepareLintJarForPublish
Build & Public Release	Build Release APK	2026-02-01T20:18:17.9275722Z > Task :core:common:mergeReleaseJavaResource
Build & Public Release	Build Release APK	2026-02-01T20:18:17.9276527Z > Task :core:common:syncReleaseLibJars FROM-CACHE
Build & Public Release	Build Release APK	2026-02-01T20:18:18.0272724Z > Task :core:common:bundleReleaseAar
Build & Public Release	Build Release APK	2026-02-01T20:18:18.0286621Z > Task :presentation-widget:verifyReleaseResources FROM-CACHE
Build & Public Release	Build Release APK	2026-02-01T20:18:18.0290561Z > Task :presentation-widget:assembleRelease
Build & Public Release	Build Release APK	2026-02-01T20:18:18.0294604Z > Task :core:common:mapReleaseSourceSetPaths
Build & Public Release	Build Release APK	2026-02-01T20:18:18.3272884Z > Task :core:archive:mergeReleaseResources FROM-CACHE
Build & Public Release	Build Release APK	2026-02-01T20:18:18.4274194Z > Task :core:archive:verifyReleaseResources FROM-CACHE
Build & Public Release	Build Release APK	2026-02-01T20:18:18.4275293Z > Task :core:archive:assembleRelease
Build & Public Release	Build Release APK	2026-02-01T20:18:18.5272202Z > Task :core:common:mergeReleaseResources FROM-CACHE
Build & Public Release	Build Release APK	2026-02-01T20:18:18.7292280Z > Task :core:common:verifyReleaseResources FROM-CACHE
Build & Public Release	Build Release APK	2026-02-01T20:18:18.7293365Z > Task :core:common:assembleRelease
Build & Public Release	Build Release APK	2026-02-01T20:18:45.7271460Z > Task :app:compileReleaseKotlin
Build & Public Release	Build Release APK	2026-02-01T20:18:58.2280834Z e: file:///home/runner/work/AniZen/AniZen/app/src/main/java/eu/kanade/presentation/anime/AnimeScreen.kt:483:29 No parameter with name 'onFetchAIEpisodeSummary' found.
Build & Public Release	Build Release APK	2026-02-01T20:18:58.2282320Z 
Build & Public Release	Build Release APK	2026-02-01T20:18:58.2313439Z e: file:///home/runner/work/AniZen/AniZen/app/src/main/java/eu/kanade/presentation/anime/AnimeScreen.kt:484:29 No parameter with name 'aiEpisodeSummary' found.
Build & Public Release	Build Release APK	2026-02-01T20:18:58.2314873Z > Task :app:compileReleaseKotlin FAILED
Build & Public Release	Build Release APK	2026-02-01T20:18:58.2316605Z e: file:///home/runner/work/AniZen/AniZen/app/src/main/java/eu/kanade/presentation/anime/AnimeScreen.kt:781:29 No parameter with name 'onFetchAIEpisodeSummary' found.
Build & Public Release	Build Release APK	2026-02-01T20:18:58.2318745Z e: file:///home/runner/work/AniZen/AniZen/app/src/main/java/eu/kanade/presentation/anime/AnimeScreen.kt:782:29 No parameter with name 'aiEpisodeSummary' found.
Build & Public Release	Build Release APK	2026-02-01T20:18:58.2321502Z e: file:///home/runner/work/AniZen/AniZen/app/src/main/java/eu/kanade/tachiyomi/ui/browse/source/browse/BrowseSourceScreenModel.kt:267:49 Argument type mismatch: actual type is 'AnimeFilterList?', but 'AnimeFilterList' was expected.
Build & Public Release	Build Release APK	2026-02-01T20:18:58.3273411Z 
Build & Public Release	Build Release APK	2026-02-01T20:18:58.3273976Z FAILURE: Build failed with an exception.
Build & Public Release	Build Release APK	2026-02-01T20:18:58.3274383Z 
Build & Public Release	Build Release APK	2026-02-01T20:18:58.3274536Z * What went wrong:
Build & Public Release	Build Release APK	2026-02-01T20:18:58.3275015Z Execution failed for task ':app:compileReleaseKotlin'.
Build & Public Release	Build Release APK	2026-02-01T20:18:58.3276212Z > A failure occurred while executing org.jetbrains.kotlin.compilerRunner.GradleCompilerRunnerWithWorkers$GradleKotlinCompilerWorkAction
Build & Public Release	Build Release APK	2026-02-01T20:18:58.3277403Z    > Compilation error. See log for more details
Build & Public Release	Build Release APK	2026-02-01T20:18:58.3277793Z 
Build & Public Release	Build Release APK	2026-02-01T20:18:58.3277944Z * Try:
Build & Public Release	Build Release APK	2026-02-01T20:18:58.3278391Z > Run with --stacktrace option to get the stack trace.
Build & Public Release	Build Release APK	2026-02-01T20:18:58.3279075Z > Run with --info or --debug option to get more log output.
Build & Public Release	Build Release APK	2026-02-01T20:18:58.3279705Z > Run with --scan to get full insights.
Build & Public Release	Build Release APK	2026-02-01T20:18:58.3280265Z > Get more help at https://help.gradle.org.
Build & Public Release	Build Release APK	2026-02-01T20:18:58.3281471Z gradle/actions: Writing build results to /home/runner/work/_temp/.gradle-actions/build-results/__run_2-1769977069740.json
Build & Public Release	Build Release APK	2026-02-01T20:18:58.3282662Z 
Build & Public Release	Build Release APK	2026-02-01T20:18:58.4272552Z 
Build & Public Release	Build Release APK	2026-02-01T20:18:58.4273702Z [Incubating] Problems report is available at: file:///home/runner/work/AniZen/AniZen/build/reports/problems/problems-report.html
Build & Public Release	Build Release APK	2026-02-01T20:18:58.4274649Z 
Build & Public Release	Build Release APK	2026-02-01T20:18:58.4275231Z BUILD FAILED in 1m 11s
Build & Public Release	Build Release APK	2026-02-01T20:18:58.4275987Z Deprecated Gradle features were used in this build, making it incompatible with Gradle 9.0.
Build & Public Release	Build Release APK	2026-02-01T20:18:58.4277258Z 
Build & Public Release	Build Release APK	2026-02-01T20:18:58.4283059Z You can use '--warning-mode all' to show the individual deprecation warnings and determine if they come from your own scripts or plugins.
Build & Public Release	Build Release APK	2026-02-01T20:18:58.4284524Z 
Build & Public Release	Build Release APK	2026-02-01T20:18:58.4285730Z For more on this, please refer to https://docs.gradle.org/8.14.3/userguide/command_line_interface.html#sec:command_line_warnings in the Gradle documentation.
Build & Public Release	Build Release APK	2026-02-01T20:18:58.4295484Z 544 actionable tasks: 281 executed, 254 from cache, 9 up-to-date
Build & Public Release	Build Release APK	2026-02-01T20:18:58.8666003Z ##[error]Process completed with exit code 1.
Build & Public Release	Post Set up Gradle	ï»¿2026-02-01T20:18:58.8849829Z Post job cleanup.
Build & Public Release	Post Set up Gradle	2026-02-01T20:18:59.1908398Z In post-action step
Build & Public Release	Post Set up Gradle	2026-02-01T20:18:59.1921072Z ##[group]Stopping Gradle daemons
Build & Public Release	Post Set up Gradle	2026-02-01T20:18:59.1922456Z Stopping Gradle daemons for /home/runner/.gradle/wrapper/dists/gradle-8.14.3-bin/cv11ve7ro1n3o1j4so8xd9n66/gradle-8.14.3
Build & Public Release	Post Set up Gradle	2026-02-01T20:18:59.1941978Z [command]/home/runner/.gradle/wrapper/dists/gradle-8.14.3-bin/cv11ve7ro1n3o1j4so8xd9n66/gradle-8.14.3/bin/gradle --stop
Build & Public Release	Post Set up Gradle	2026-02-01T20:18:59.7766662Z No Gradle daemons are running.
Build & Public Release	Post Set up Gradle	2026-02-01T20:18:59.7952224Z ##[endgroup]
Build & Public Release	Post Set up Gradle	2026-02-01T20:18:59.7953761Z Not performing cache-cleanup due to build failure
Build & Public Release	Post Set up Gradle	2026-02-01T20:18:59.7954646Z ##[group]Caching Gradle state
Build & Public Release	Post Set up Gradle	2026-02-01T20:19:11.1951493Z [command]/usr/bin/tar --posix -cf cache.tzst --exclude cache.tzst -P -C /home/runner/work/AniZen/AniZen --files-from manifest.txt --use-compress-program zstdmt
Build & Public Release	Post Set up Gradle	2026-02-01T20:19:13.0326772Z Sent 79325341 of 280651933 (28.3%), 75.6 MBs/sec
Build & Public Release	Post Set up Gradle	2026-02-01T20:19:13.0800686Z Sent 280651933 of 280651933 (100.0%), 255.4 MBs/sec
Build & Public Release	Post Set up Gradle	2026-02-01T20:19:13.2142957Z Saved cache entry with key gradle-home-v1|Linux-X64|build-release[16cd6cc2a04430ca045959c87cb8ce3a]-305a920a830c695b717096ee2820f5f21eb73b71 from /home/runner/.gradle/caches,/home/runner/.gradle/notifications,/home/runner/.gradle/.setup-gradle in 2032ms
Build & Public Release	Post Set up Gradle	2026-02-01T20:19:13.2144325Z ##[endgroup]
Build & Public Release	Post Set up Gradle	2026-02-01T20:19:13.2149727Z Generating Job Summary
Build & Public Release	Post Set up Gradle	2026-02-01T20:19:13.2162799Z Completed post-action step
Build & Public Release	Post Set up JDK	ï»¿2026-02-01T20:19:13.2407779Z Post job cleanup.
Build & Public Release	Post Clone repo	ï»¿2026-02-01T20:19:13.4155366Z Post job cleanup.
Build & Public Release	Post Clone repo	2026-02-01T20:19:13.5090174Z [command]/usr/bin/git version
Build & Public Release	Post Clone repo	2026-02-01T20:19:13.5125767Z git version 2.52.0
Build & Public Release	Post Clone repo	2026-02-01T20:19:13.5172968Z Temporarily overriding HOME='/home/runner/work/_temp/2a5bf68c-3a0e-4fb1-948a-9f4eec76f4da' before making global git config changes
Build & Public Release	Post Clone repo	2026-02-01T20:19:13.5174651Z Adding repository directory to the temporary git global config as a safe directory
Build & Public Release	Post Clone repo	2026-02-01T20:19:13.5181507Z [command]/usr/bin/git config --global --add safe.directory /home/runner/work/AniZen/AniZen
Build & Public Release	Post Clone repo	2026-02-01T20:19:13.5220649Z [command]/usr/bin/git config --local --name-only --get-regexp core\.sshCommand
Build & Public Release	Post Clone repo	2026-02-01T20:19:13.5253270Z [command]/usr/bin/git submodule foreach --recursive sh -c "git config --local --name-only --get-regexp 'core\.sshCommand' && git config --local --unset-all 'core.sshCommand' || :"
Build & Public Release	Post Clone repo	2026-02-01T20:19:13.5479536Z [command]/usr/bin/git config --local --name-only --get-regexp http\.https\:\/\/github\.com\/\.extraheader
Build & Public Release	Post Clone repo	2026-02-01T20:19:13.5499224Z http.https://github.com/.extraheader
Build & Public Release	Post Clone repo	2026-02-01T20:19:13.5511549Z [command]/usr/bin/git config --local --unset-all http.https://github.com/.extraheader
Build & Public Release	Post Clone repo	2026-02-01T20:19:13.5540986Z [command]/usr/bin/git submodule foreach --recursive sh -c "git config --local --name-only --get-regexp 'http\.https\:\/\/github\.com\/\.extraheader' && git config --local --unset-all 'http.https://github.com/.extraheader' || :"
Build & Public Release	Post Clone repo	2026-02-01T20:19:13.5760054Z [command]/usr/bin/git config --local --name-only --get-regexp ^includeIf\.gitdir:
Build & Public Release	Post Clone repo	2026-02-01T20:19:13.5789379Z [command]/usr/bin/git submodule foreach --recursive git config --local --show-origin --name-only --get-regexp remote.origin.url
Build & Public Release	Complete job	ï»¿2026-02-01T20:19:13.6109329Z Cleaning up orphan processes
