Build & Public Release	Set up job	ï»¿2026-02-02T03:06:47.5512575Z Current runner version: '2.331.0'
Build & Public Release	Set up job	2026-02-02T03:06:47.5538927Z ##[group]Runner Image Provisioner
Build & Public Release	Set up job	2026-02-02T03:06:47.5539672Z Hosted Compute Agent
Build & Public Release	Set up job	2026-02-02T03:06:47.5540168Z Version: 20260123.484
Build & Public Release	Set up job	2026-02-02T03:06:47.5540661Z Commit: 6bd6555ca37d84114959e1c76d2c01448ff61c5d
Build & Public Release	Set up job	2026-02-02T03:06:47.5541318Z Build Date: 2026-01-23T19:41:17Z
Build & Public Release	Set up job	2026-02-02T03:06:47.5541856Z Worker ID: {713a1768-0470-4e7c-9488-5584452fb9f8}
Build & Public Release	Set up job	2026-02-02T03:06:47.5542471Z Azure Region: northcentralus
Build & Public Release	Set up job	2026-02-02T03:06:47.5543021Z ##[endgroup]
Build & Public Release	Set up job	2026-02-02T03:06:47.5545027Z ##[group]Operating System
Build & Public Release	Set up job	2026-02-02T03:06:47.5545654Z Ubuntu
Build & Public Release	Set up job	2026-02-02T03:06:47.5546063Z 24.04.3
Build & Public Release	Set up job	2026-02-02T03:06:47.5546464Z LTS
Build & Public Release	Set up job	2026-02-02T03:06:47.5546827Z ##[endgroup]
Build & Public Release	Set up job	2026-02-02T03:06:47.5547325Z ##[group]Runner Image
Build & Public Release	Set up job	2026-02-02T03:06:47.5547803Z Image: ubuntu-24.04
Build & Public Release	Set up job	2026-02-02T03:06:47.5548243Z Version: 20260126.10.1
Build & Public Release	Set up job	2026-02-02T03:06:47.5549158Z Included Software: https://github.com/actions/runner-images/blob/ubuntu24/20260126.10/images/ubuntu/Ubuntu2404-Readme.md
Build & Public Release	Set up job	2026-02-02T03:06:47.5550635Z Image Release: https://github.com/actions/runner-images/releases/tag/ubuntu24%2F20260126.10
Build & Public Release	Set up job	2026-02-02T03:06:47.5551392Z ##[endgroup]
Build & Public Release	Set up job	2026-02-02T03:06:47.5552322Z ##[group]GITHUB_TOKEN Permissions
Build & Public Release	Set up job	2026-02-02T03:06:47.5555319Z Contents: write
Build & Public Release	Set up job	2026-02-02T03:06:47.5555860Z Metadata: read
Build & Public Release	Set up job	2026-02-02T03:06:47.5556256Z ##[endgroup]
Build & Public Release	Set up job	2026-02-02T03:06:47.5558519Z Secret source: Actions
Build & Public Release	Set up job	2026-02-02T03:06:47.5559531Z Prepare workflow directory
Build & Public Release	Set up job	2026-02-02T03:06:47.5876824Z Prepare all required actions
Build & Public Release	Set up job	2026-02-02T03:06:47.5915680Z Getting action download info
Build & Public Release	Set up job	2026-02-02T03:06:47.9670731Z Download action repository 'actions/checkout@v4' (SHA:34e114876b0b11c390a56381ad16ebd13914f8d5)
Build & Public Release	Set up job	2026-02-02T03:06:48.0386392Z Download action repository 'actions/setup-java@v4' (SHA:c1e323688fd81a25caa38c78aa6df2d33d3e20d9)
Build & Public Release	Set up job	2026-02-02T03:06:48.8989557Z Download action repository 'gradle/actions@v4' (SHA:ed408507eac070d1f99cc633dbcf757c94c7933a)
Build & Public Release	Set up job	2026-02-02T03:06:49.7610439Z Download action repository 'softprops/action-gh-release@v1' (SHA:de2c0eb89ae2a093876385947365aca7b0e5f844)
Build & Public Release	Set up job	2026-02-02T03:06:50.1675727Z Complete job name: Build & Public Release
Build & Public Release	Clone repo	ï»¿2026-02-02T03:06:50.2405728Z ##[group]Run actions/checkout@v4
Build & Public Release	Clone repo	2026-02-02T03:06:50.2406446Z with:
Build & Public Release	Clone repo	2026-02-02T03:06:50.2406794Z   fetch-depth: 1
Build & Public Release	Clone repo	2026-02-02T03:06:50.2407111Z   repository: salmanbappi/AniZen
Build & Public Release	Clone repo	2026-02-02T03:06:50.2407740Z   token: ***
Build & Public Release	Clone repo	2026-02-02T03:06:50.2408019Z   ssh-strict: true
Build & Public Release	Clone repo	2026-02-02T03:06:50.2408296Z   ssh-user: git
Build & Public Release	Clone repo	2026-02-02T03:06:50.2408594Z   persist-credentials: true
Build & Public Release	Clone repo	2026-02-02T03:06:50.2408900Z   clean: true
Build & Public Release	Clone repo	2026-02-02T03:06:50.2409199Z   sparse-checkout-cone-mode: true
Build & Public Release	Clone repo	2026-02-02T03:06:50.2409540Z   fetch-tags: false
Build & Public Release	Clone repo	2026-02-02T03:06:50.2409841Z   show-progress: true
Build & Public Release	Clone repo	2026-02-02T03:06:50.2410151Z   lfs: false
Build & Public Release	Clone repo	2026-02-02T03:06:50.2410410Z   submodules: false
Build & Public Release	Clone repo	2026-02-02T03:06:50.2410700Z   set-safe-directory: true
Build & Public Release	Clone repo	2026-02-02T03:06:50.2411200Z ##[endgroup]
Build & Public Release	Clone repo	2026-02-02T03:06:50.3478744Z Syncing repository: salmanbappi/AniZen
Build & Public Release	Clone repo	2026-02-02T03:06:50.3480748Z ##[group]Getting Git version info
Build & Public Release	Clone repo	2026-02-02T03:06:50.3481235Z Working directory is '/home/runner/work/AniZen/AniZen'
Build & Public Release	Clone repo	2026-02-02T03:06:50.3482019Z [command]/usr/bin/git version
Build & Public Release	Clone repo	2026-02-02T03:06:50.3532177Z git version 2.52.0
Build & Public Release	Clone repo	2026-02-02T03:06:50.3556503Z ##[endgroup]
Build & Public Release	Clone repo	2026-02-02T03:06:50.3580944Z Temporarily overriding HOME='/home/runner/work/_temp/0addbf91-596e-438e-aaf8-a9ed147b9d80' before making global git config changes
Build & Public Release	Clone repo	2026-02-02T03:06:50.3581962Z Adding repository directory to the temporary git global config as a safe directory
Build & Public Release	Clone repo	2026-02-02T03:06:50.3587100Z [command]/usr/bin/git config --global --add safe.directory /home/runner/work/AniZen/AniZen
Build & Public Release	Clone repo	2026-02-02T03:06:50.3630008Z Deleting the contents of '/home/runner/work/AniZen/AniZen'
Build & Public Release	Clone repo	2026-02-02T03:06:50.3634393Z ##[group]Initializing the repository
Build & Public Release	Clone repo	2026-02-02T03:06:50.3638804Z [command]/usr/bin/git init /home/runner/work/AniZen/AniZen
Build & Public Release	Clone repo	2026-02-02T03:06:50.3728439Z hint: Using 'master' as the name for the initial branch. This default branch name
Build & Public Release	Clone repo	2026-02-02T03:06:50.3729926Z hint: will change to "main" in Git 3.0. To configure the initial branch name
Build & Public Release	Clone repo	2026-02-02T03:06:50.3730961Z hint: to use in all of your new repositories, which will suppress this warning,
Build & Public Release	Clone repo	2026-02-02T03:06:50.3731803Z hint: call:
Build & Public Release	Clone repo	2026-02-02T03:06:50.3732226Z hint:
Build & Public Release	Clone repo	2026-02-02T03:06:50.3732799Z hint: 	git config --global init.defaultBranch <name>
Build & Public Release	Clone repo	2026-02-02T03:06:50.3733552Z hint:
Build & Public Release	Clone repo	2026-02-02T03:06:50.3734154Z hint: Names commonly chosen instead of 'master' are 'main', 'trunk' and
Build & Public Release	Clone repo	2026-02-02T03:06:50.3734735Z hint: 'development'. The just-created branch can be renamed via this command:
Build & Public Release	Clone repo	2026-02-02T03:06:50.3735191Z hint:
Build & Public Release	Clone repo	2026-02-02T03:06:50.3735464Z hint: 	git branch -m <name>
Build & Public Release	Clone repo	2026-02-02T03:06:50.3735787Z hint:
Build & Public Release	Clone repo	2026-02-02T03:06:50.3736180Z hint: Disable this message with "git config set advice.defaultBranchName false"
Build & Public Release	Clone repo	2026-02-02T03:06:50.3736804Z Initialized empty Git repository in /home/runner/work/AniZen/AniZen/.git/
Build & Public Release	Clone repo	2026-02-02T03:06:50.3744935Z [command]/usr/bin/git remote add origin https://github.com/salmanbappi/AniZen
Build & Public Release	Clone repo	2026-02-02T03:06:50.3781497Z ##[endgroup]
Build & Public Release	Clone repo	2026-02-02T03:06:50.3782145Z ##[group]Disabling automatic garbage collection
Build & Public Release	Clone repo	2026-02-02T03:06:50.3785874Z [command]/usr/bin/git config --local gc.auto 0
Build & Public Release	Clone repo	2026-02-02T03:06:50.3816223Z ##[endgroup]
Build & Public Release	Clone repo	2026-02-02T03:06:50.3816904Z ##[group]Setting up auth
Build & Public Release	Clone repo	2026-02-02T03:06:50.3823824Z [command]/usr/bin/git config --local --name-only --get-regexp core\.sshCommand
Build & Public Release	Clone repo	2026-02-02T03:06:50.3854637Z [command]/usr/bin/git submodule foreach --recursive sh -c "git config --local --name-only --get-regexp 'core\.sshCommand' && git config --local --unset-all 'core.sshCommand' || :"
Build & Public Release	Clone repo	2026-02-02T03:06:50.4159914Z [command]/usr/bin/git config --local --name-only --get-regexp http\.https\:\/\/github\.com\/\.extraheader
Build & Public Release	Clone repo	2026-02-02T03:06:50.4188585Z [command]/usr/bin/git submodule foreach --recursive sh -c "git config --local --name-only --get-regexp 'http\.https\:\/\/github\.com\/\.extraheader' && git config --local --unset-all 'http.https://github.com/.extraheader' || :"
Build & Public Release	Clone repo	2026-02-02T03:06:50.4378320Z [command]/usr/bin/git config --local --name-only --get-regexp ^includeIf\.gitdir:
Build & Public Release	Clone repo	2026-02-02T03:06:50.4410418Z [command]/usr/bin/git submodule foreach --recursive git config --local --show-origin --name-only --get-regexp remote.origin.url
Build & Public Release	Clone repo	2026-02-02T03:06:50.4590891Z [command]/usr/bin/git config --local http.https://github.com/.extraheader AUTHORIZATION: basic ***
Build & Public Release	Clone repo	2026-02-02T03:06:50.4622305Z ##[endgroup]
Build & Public Release	Clone repo	2026-02-02T03:06:50.4623285Z ##[group]Fetching the repository
Build & Public Release	Clone repo	2026-02-02T03:06:50.4630665Z [command]/usr/bin/git -c protocol.version=2 fetch --no-tags --prune --no-recurse-submodules --depth=1 origin +f3fea26fe51a51a3e350650f84a58813ecf99924:refs/remotes/origin/master
Build & Public Release	Clone repo	2026-02-02T03:06:51.2500744Z From https://github.com/salmanbappi/AniZen
Build & Public Release	Clone repo	2026-02-02T03:06:51.2501670Z  * [new ref]         f3fea26fe51a51a3e350650f84a58813ecf99924 -> origin/master
Build & Public Release	Clone repo	2026-02-02T03:06:51.2533006Z ##[endgroup]
Build & Public Release	Clone repo	2026-02-02T03:06:51.2533866Z ##[group]Determining the checkout info
Build & Public Release	Clone repo	2026-02-02T03:06:51.2534695Z ##[endgroup]
Build & Public Release	Clone repo	2026-02-02T03:06:51.2540642Z [command]/usr/bin/git sparse-checkout disable
Build & Public Release	Clone repo	2026-02-02T03:06:51.2585313Z [command]/usr/bin/git config --local --unset-all extensions.worktreeConfig
Build & Public Release	Clone repo	2026-02-02T03:06:51.2616262Z ##[group]Checking out the ref
Build & Public Release	Clone repo	2026-02-02T03:06:51.2620688Z [command]/usr/bin/git checkout --progress --force -B master refs/remotes/origin/master
Build & Public Release	Clone repo	2026-02-02T03:06:51.3774017Z Reset branch 'master'
Build & Public Release	Clone repo	2026-02-02T03:06:51.3774695Z branch 'master' set up to track 'origin/master'.
Build & Public Release	Clone repo	2026-02-02T03:06:51.3782317Z ##[endgroup]
Build & Public Release	Clone repo	2026-02-02T03:06:51.3818048Z [command]/usr/bin/git log -1 --format=%H
Build & Public Release	Clone repo	2026-02-02T03:06:51.3840057Z f3fea26fe51a51a3e350650f84a58813ecf99924
Build & Public Release	Set up JDK	ï»¿2026-02-02T03:06:51.4063816Z ##[group]Run actions/setup-java@v4
Build & Public Release	Set up JDK	2026-02-02T03:06:51.4064142Z with:
Build & Public Release	Set up JDK	2026-02-02T03:06:51.4064321Z   java-version: 17
Build & Public Release	Set up JDK	2026-02-02T03:06:51.4064514Z   distribution: temurin
Build & Public Release	Set up JDK	2026-02-02T03:06:51.4064706Z   java-package: jdk
Build & Public Release	Set up JDK	2026-02-02T03:06:51.4064891Z   check-latest: false
Build & Public Release	Set up JDK	2026-02-02T03:06:51.4065070Z   server-id: github
Build & Public Release	Set up JDK	2026-02-02T03:06:51.4065400Z   server-username: GITHUB_ACTOR
Build & Public Release	Set up JDK	2026-02-02T03:06:51.4065622Z   server-password: GITHUB_TOKEN
Build & Public Release	Set up JDK	2026-02-02T03:06:51.4065857Z   overwrite-settings: true
Build & Public Release	Set up JDK	2026-02-02T03:06:51.4066057Z   job-status: success
Build & Public Release	Set up JDK	2026-02-02T03:06:51.4066410Z   token: ***
Build & Public Release	Set up JDK	2026-02-02T03:06:51.4066607Z ##[endgroup]
Build & Public Release	Set up JDK	2026-02-02T03:06:51.6031051Z ##[group]Installed distributions
Build & Public Release	Set up JDK	2026-02-02T03:06:51.6101107Z Resolved Java 17.0.18+8 from tool-cache
Build & Public Release	Set up JDK	2026-02-02T03:06:51.6101778Z Setting Java 17.0.18+8 as the default
Build & Public Release	Set up JDK	2026-02-02T03:06:51.6114117Z Creating toolchains.xml for JDK version 17 from temurin
Build & Public Release	Set up JDK	2026-02-02T03:06:51.6184893Z Writing to /home/runner/.m2/toolchains.xml
Build & Public Release	Set up JDK	2026-02-02T03:06:51.6185553Z 
Build & Public Release	Set up JDK	2026-02-02T03:06:51.6186125Z Java configuration:
Build & Public Release	Set up JDK	2026-02-02T03:06:51.6186883Z   Distribution: temurin
Build & Public Release	Set up JDK	2026-02-02T03:06:51.6187372Z   Version: 17.0.18+8
Build & Public Release	Set up JDK	2026-02-02T03:06:51.6188182Z   Path: /opt/hostedtoolcache/Java_Temurin-Hotspot_jdk/17.0.18-8/x64
Build & Public Release	Set up JDK	2026-02-02T03:06:51.6188802Z 
Build & Public Release	Set up JDK	2026-02-02T03:06:51.6192843Z ##[endgroup]
Build & Public Release	Set up JDK	2026-02-02T03:06:51.6210421Z Creating settings.xml with server-id: github
Build & Public Release	Set up JDK	2026-02-02T03:06:51.6210864Z Writing to /home/runner/.m2/settings.xml
Build & Public Release	Set up Gradle	ï»¿2026-02-02T03:06:51.6417804Z ##[group]Run gradle/actions/setup-gradle@v4
Build & Public Release	Set up Gradle	2026-02-02T03:06:51.6418130Z with:
Build & Public Release	Set up Gradle	2026-02-02T03:06:51.6418309Z   cache-disabled: false
Build & Public Release	Set up Gradle	2026-02-02T03:06:51.6418506Z   cache-read-only: false
Build & Public Release	Set up Gradle	2026-02-02T03:06:51.6418713Z   cache-write-only: false
Build & Public Release	Set up Gradle	2026-02-02T03:06:51.6418938Z   cache-overwrite-existing: false
Build & Public Release	Set up Gradle	2026-02-02T03:06:51.6419166Z   cache-cleanup: on-success
Build & Public Release	Set up Gradle	2026-02-02T03:06:51.6419426Z   gradle-home-cache-includes: caches
Build & Public Release	Set up Gradle	notifications
Build & Public Release	Set up Gradle	
Build & Public Release	Set up Gradle	2026-02-02T03:06:51.6419720Z   add-job-summary: always
Build & Public Release	Set up Gradle	2026-02-02T03:06:51.6419944Z   add-job-summary-as-pr-comment: never
Build & Public Release	Set up Gradle	2026-02-02T03:06:51.6420185Z   dependency-graph: disabled
Build & Public Release	Set up Gradle	2026-02-02T03:06:51.6420462Z   dependency-graph-report-dir: dependency-graph-reports
Build & Public Release	Set up Gradle	2026-02-02T03:06:51.6420783Z   dependency-graph-continue-on-failure: true
Build & Public Release	Set up Gradle	2026-02-02T03:06:51.6421037Z   build-scan-publish: false
Build & Public Release	Set up Gradle	2026-02-02T03:06:51.6421279Z   validate-wrappers: true
Build & Public Release	Set up Gradle	2026-02-02T03:06:51.6421487Z   allow-snapshot-wrappers: false
Build & Public Release	Set up Gradle	2026-02-02T03:06:51.6421734Z   gradle-home-cache-strict-match: false
Build & Public Release	Set up Gradle	2026-02-02T03:06:51.6422013Z   workflow-job-context: null
Build & Public Release	Set up Gradle	2026-02-02T03:06:51.6422397Z   github-token: ***
Build & Public Release	Set up Gradle	2026-02-02T03:06:51.6422573Z env:
Build & Public Release	Set up Gradle	2026-02-02T03:06:51.6422836Z   JAVA_HOME: /opt/hostedtoolcache/Java_Temurin-Hotspot_jdk/17.0.18-8/x64
Build & Public Release	Set up Gradle	2026-02-02T03:06:51.6423567Z   JAVA_HOME_17_X64: /opt/hostedtoolcache/Java_Temurin-Hotspot_jdk/17.0.18-8/x64
Build & Public Release	Set up Gradle	2026-02-02T03:06:51.6423914Z ##[endgroup]
Build & Public Release	Set up Gradle	2026-02-02T03:06:52.1026117Z Merged default JDK locations into /home/runner/.m2/toolchains.xml
Build & Public Release	Set up Gradle	2026-02-02T03:06:52.1026983Z Preparing cache for cleanup.
Build & Public Release	Set up Gradle	2026-02-02T03:06:52.1031723Z ##[group]Restore Gradle state from cache
Build & Public Release	Set up Gradle	2026-02-02T03:06:52.2571302Z Cache hit for restore-key: gradle-home-v1|Linux-X64|build-release[16cd6cc2a04430ca045959c87cb8ce3a]-d4d3f46f71f678abd853dd142b146556835e88ff
Build & Public Release	Set up Gradle	2026-02-02T03:06:53.3900056Z Received 134217728 of 277349019 (48.4%), 126.6 MBs/sec
Build & Public Release	Set up Gradle	2026-02-02T03:06:54.3819992Z Received 277349019 of 277349019 (100.0%), 131.8 MBs/sec
Build & Public Release	Set up Gradle	2026-02-02T03:06:54.3884207Z Cache Size: ~265 MB (277349019 B)
Build & Public Release	Set up Gradle	2026-02-02T03:06:54.3983631Z [command]/usr/bin/tar -xf /home/runner/work/_temp/5525c666-7008-44f7-b474-51c774c7f86d/cache.tzst -P -C /home/runner/work/AniZen/AniZen --use-compress-program unzstd
Build & Public Release	Set up Gradle	2026-02-02T03:06:54.8218521Z Cache restored successfully
Build & Public Release	Set up Gradle	2026-02-02T03:06:54.8517431Z Restored cache entry with key gradle-home-v1|Linux-X64|build-release[16cd6cc2a04430ca045959c87cb8ce3a]-f3fea26fe51a51a3e350650f84a58813ecf99924 to /home/runner/.gradle/caches,/home/runner/.gradle/notifications,/home/runner/.gradle/.setup-gradle in 2747ms
Build & Public Release	Set up Gradle	2026-02-02T03:06:54.9499877Z Cache hit for: gradle-dependencies-v1-b3ba458e98787b341f020e1a58774519
Build & Public Release	Set up Gradle	2026-02-02T03:06:54.9554895Z Cache hit for: gradle-transforms-v1-29b6ecf76579b0052284b4e6ec2672a2
Build & Public Release	Set up Gradle	2026-02-02T03:06:54.9578410Z Cache hit for: gradle-kotlin-dsl-v1-900d09f8bd24a77c702d5ecbbfd928b0
Build & Public Release	Set up Gradle	2026-02-02T03:06:54.9590831Z Cache hit for: gradle-instrumented-jars-v1-04f575aae9323ac4f691a6447f287ea9
Build & Public Release	Set up Gradle	2026-02-02T03:06:54.9598904Z Cache hit for: gradle-groovy-dsl-v1-6427bb23ea6b04acb0d475ecd63957b4
Build & Public Release	Set up Gradle	2026-02-02T03:06:54.9602973Z Cache hit for: gradle-wrapper-zips-v1-5ae5d3da5e8e0c748d04bcdd9bc97bdb
Build & Public Release	Set up Gradle	2026-02-02T03:06:54.9644201Z Cache hit for: gradle-generated-gradle-jars-v1-4434c59050703a48bf14168622b59891
Build & Public Release	Set up Gradle	2026-02-02T03:06:55.0139233Z Received 188404 of 188404 (100.0%), 6.7 MBs/sec
Build & Public Release	Set up Gradle	2026-02-02T03:06:55.0140316Z Cache Size: ~0 MB (188404 B)
Build & Public Release	Set up Gradle	2026-02-02T03:06:55.0157792Z [command]/usr/bin/tar -xf /home/runner/work/_temp/47e7068e-b26c-4586-a01f-c9de9bb7020f/cache.tzst -P -C /home/runner/work/AniZen/AniZen --use-compress-program unzstd
Build & Public Release	Set up Gradle	2026-02-02T03:06:55.0374799Z Cache restored successfully
Build & Public Release	Set up Gradle	2026-02-02T03:06:55.0376533Z Restored cache entry with key gradle-groovy-dsl-v1-6427bb23ea6b04acb0d475ecd63957b4 to /home/runner/.gradle/caches/*/groovy-dsl/*/ in 183ms
Build & Public Release	Set up Gradle	2026-02-02T03:06:55.3455374Z Received 121815 of 121815 (100.0%), 0.5 MBs/sec
Build & Public Release	Set up Gradle	2026-02-02T03:06:55.3457849Z Cache Size: ~0 MB (121815 B)
Build & Public Release	Set up Gradle	2026-02-02T03:06:55.3562836Z [command]/usr/bin/tar -xf /home/runner/work/_temp/b260417b-0a0c-46d6-aa4a-5e6646f5c598/cache.tzst -P -C /home/runner/work/AniZen/AniZen --use-compress-program unzstd
Build & Public Release	Set up Gradle	2026-02-02T03:06:55.3714284Z Cache restored successfully
Build & Public Release	Set up Gradle	2026-02-02T03:06:55.3729751Z Restored cache entry with key gradle-instrumented-jars-v1-04f575aae9323ac4f691a6447f287ea9 to /home/runner/.gradle/caches/jars-*/*/ in 518ms
Build & Public Release	Set up Gradle	2026-02-02T03:06:55.5383225Z Received 3288260 of 3288260 (100.0%), 7.3 MBs/sec
Build & Public Release	Set up Gradle	2026-02-02T03:06:55.5385163Z Cache Size: ~3 MB (3288260 B)
Build & Public Release	Set up Gradle	2026-02-02T03:06:55.6357603Z Received 41092997 of 41092997 (100.0%), 66.2 MBs/sec
Build & Public Release	Set up Gradle	2026-02-02T03:06:55.6358645Z Cache Size: ~39 MB (41092997 B)
Build & Public Release	Set up Gradle	2026-02-02T03:06:55.7266341Z [command]/usr/bin/tar -xf /home/runner/work/_temp/73a79109-66ee-4e51-9a5c-69b063f23a1b/cache.tzst -P -C /home/runner/work/AniZen/AniZen --use-compress-program unzstd
Build & Public Release	Set up Gradle	2026-02-02T03:06:55.8673268Z [command]/usr/bin/tar -xf /home/runner/work/_temp/24fa633e-5078-4dce-9297-233c0dedb601/cache.tzst -P -C /home/runner/work/AniZen/AniZen --use-compress-program unzstd
Build & Public Release	Set up Gradle	2026-02-02T03:06:56.0661398Z Received 96468992 of 136706942 (70.6%), 91.5 MBs/sec
Build & Public Release	Set up Gradle	2026-02-02T03:06:56.1012019Z Received 100663296 of 688624236 (14.6%), 93.9 MBs/sec
Build & Public Release	Set up Gradle	2026-02-02T03:06:56.1016446Z Received 83886080 of 1329661357 (6.3%), 79.4 MBs/sec
Build & Public Release	Set up Gradle	2026-02-02T03:06:56.1891658Z Cache restored successfully
Build & Public Release	Set up Gradle	2026-02-02T03:06:56.2041136Z Restored cache entry with key gradle-generated-gradle-jars-v1-4434c59050703a48bf14168622b59891 to /home/runner/.gradle/caches/8.14.3/generated-gradle-jars/gradle-api-8.14.3.jar in 1351ms
Build & Public Release	Set up Gradle	2026-02-02T03:06:56.4059073Z Received 136706942 of 136706942 (100.0%), 96.9 MBs/sec
Build & Public Release	Set up Gradle	2026-02-02T03:06:56.4061349Z Cache Size: ~130 MB (136706942 B)
Build & Public Release	Set up Gradle	2026-02-02T03:06:56.4117343Z [command]/usr/bin/tar -xf /home/runner/work/_temp/353972c1-c724-4238-9462-ba0030659b64/cache.tzst -P -C /home/runner/work/AniZen/AniZen --use-compress-program unzstd
Build & Public Release	Set up Gradle	2026-02-02T03:06:56.6384939Z Cache restored successfully
Build & Public Release	Set up Gradle	2026-02-02T03:06:56.6604335Z Restored cache entry with key gradle-wrapper-zips-v1-5ae5d3da5e8e0c748d04bcdd9bc97bdb to /home/runner/.gradle/wrapper/dists/gradle-8.14.3-bin/cv11ve7ro1n3o1j4so8xd9n66 in 1807ms
Build & Public Release	Set up Gradle	2026-02-02T03:06:56.6640634Z Cache restored successfully
Build & Public Release	Set up Gradle	2026-02-02T03:06:56.6652028Z Restored cache entry with key gradle-kotlin-dsl-v1-900d09f8bd24a77c702d5ecbbfd928b0 to /home/runner/.gradle/caches/*/kotlin-dsl/accessors/*/,/home/runner/.gradle/caches/*/kotlin-dsl/scripts/*/ in 1811ms
Build & Public Release	Set up Gradle	2026-02-02T03:06:57.1010485Z Received 260046848 of 688624236 (37.8%), 122.7 MBs/sec
Build & Public Release	Set up Gradle	2026-02-02T03:06:57.1011329Z Received 243269632 of 1329661357 (18.3%), 115.7 MBs/sec
Build & Public Release	Set up Gradle	2026-02-02T03:06:58.1009881Z Received 402653184 of 688624236 (58.5%), 127.1 MBs/sec
Build & Public Release	Set up Gradle	2026-02-02T03:06:58.1010614Z Received 385875968 of 1329661357 (29.0%), 122.4 MBs/sec
Build & Public Release	Set up Gradle	2026-02-02T03:06:59.1023010Z Received 599785472 of 688624236 (87.1%), 142.1 MBs/sec
Build & Public Release	Set up Gradle	2026-02-02T03:06:59.1024684Z Received 490733568 of 1329661357 (36.9%), 116.8 MBs/sec
Build & Public Release	Set up Gradle	2026-02-02T03:06:59.6210300Z Received 688624236 of 688624236 (100.0%), 144.6 MBs/sec
Build & Public Release	Set up Gradle	2026-02-02T03:06:59.6213315Z Cache Size: ~657 MB (688624236 B)
Build & Public Release	Set up Gradle	2026-02-02T03:06:59.6280277Z [command]/usr/bin/tar -xf /home/runner/work/_temp/198b45a9-3a38-4126-b0ba-a7fef5daf91b/cache.tzst -P -C /home/runner/work/AniZen/AniZen --use-compress-program unzstd
Build & Public Release	Set up Gradle	2026-02-02T03:07:00.1029964Z Received 591396864 of 1329661357 (44.5%), 112.6 MBs/sec
Build & Public Release	Set up Gradle	2026-02-02T03:07:00.5192191Z Cache restored successfully
Build & Public Release	Set up Gradle	2026-02-02T03:07:00.7747146Z Restored cache entry with key gradle-dependencies-v1-b3ba458e98787b341f020e1a58774519 to /home/runner/.gradle/caches/modules-*/files-*/*/*/*/* in 5921ms
Build & Public Release	Set up Gradle	2026-02-02T03:07:01.1035896Z Received 750780416 of 1329661357 (56.5%), 119.2 MBs/sec
Build & Public Release	Set up Gradle	2026-02-02T03:07:02.1045288Z Received 922746880 of 1329661357 (69.4%), 125.5 MBs/sec
Build & Public Release	Set up Gradle	2026-02-02T03:07:03.1068216Z Received 1094713344 of 1329661357 (82.3%), 130.3 MBs/sec
Build & Public Release	Set up Gradle	2026-02-02T03:07:04.1096327Z Received 1304428544 of 1329661357 (98.1%), 138.0 MBs/sec
Build & Public Release	Set up Gradle	2026-02-02T03:07:04.3266063Z Received 1329661357 of 1329661357 (100.0%), 137.4 MBs/sec
Build & Public Release	Set up Gradle	2026-02-02T03:07:04.3268454Z Cache Size: ~1268 MB (1329661357 B)
Build & Public Release	Set up Gradle	2026-02-02T03:07:04.3296793Z [command]/usr/bin/tar -xf /home/runner/work/_temp/7eaf8c03-de05-4d10-8155-0daa81f5f51c/cache.tzst -P -C /home/runner/work/AniZen/AniZen --use-compress-program unzstd
Build & Public Release	Set up Gradle	2026-02-02T03:07:14.3324004Z Cache restored successfully
Build & Public Release	Set up Gradle	2026-02-02T03:07:14.4669410Z Restored cache entry with key gradle-transforms-v1-29b6ecf76579b0052284b4e6ec2672a2 to /home/runner/.gradle/caches/transforms-4/*/,/home/runner/.gradle/caches/*/transforms/*/ in 19611ms
Build & Public Release	Set up Gradle	2026-02-02T03:07:14.4817034Z ##[endgroup]
Build & Public Release	Set up Gradle	2026-02-02T03:07:14.5186665Z ##[group]All Gradle Wrapper jars are valid
Build & Public Release	Set up Gradle	2026-02-02T03:07:14.5187711Z âœ“ Found known Gradle Wrapper JAR files:
Build & Public Release	Set up Gradle	2026-02-02T03:07:14.5188363Z   7d3a4ac4de1c32b59bc6a4eb8ecb8e612ccd0cf1ae1e99f66902da64df296172 gradle/wrapper/gradle-wrapper.jar
Build & Public Release	Set up Gradle	2026-02-02T03:07:14.5189165Z ##[endgroup]
Build & Public Release	Run Code Analysis (Detekt)	ï»¿2026-02-02T03:07:14.5771397Z ##[group]Run ./gradlew detekt --no-daemon
Build & Public Release	Run Code Analysis (Detekt)	2026-02-02T03:07:14.5772029Z [36;1m./gradlew detekt --no-daemon[0m
Build & Public Release	Run Code Analysis (Detekt)	2026-02-02T03:07:14.5793926Z shell: /usr/bin/bash -e {0}
Build & Public Release	Run Code Analysis (Detekt)	2026-02-02T03:07:14.5794331Z env:
Build & Public Release	Run Code Analysis (Detekt)	2026-02-02T03:07:14.5794785Z   JAVA_HOME: /opt/hostedtoolcache/Java_Temurin-Hotspot_jdk/17.0.18-8/x64
Build & Public Release	Run Code Analysis (Detekt)	2026-02-02T03:07:14.5795413Z   JAVA_HOME_17_X64: /opt/hostedtoolcache/Java_Temurin-Hotspot_jdk/17.0.18-8/x64
Build & Public Release	Run Code Analysis (Detekt)	2026-02-02T03:07:14.5795979Z   GRADLE_ACTION_ID: gradle/actions/setup-gradle
Build & Public Release	Run Code Analysis (Detekt)	2026-02-02T03:07:14.5796548Z   GRADLE_USER_HOME: /home/runner/.gradle
Build & Public Release	Run Code Analysis (Detekt)	2026-02-02T03:07:14.5796943Z   GRADLE_BUILD_ACTION_SETUP_COMPLETED: true
Build & Public Release	Run Code Analysis (Detekt)	2026-02-02T03:07:14.5797386Z   GRADLE_BUILD_ACTION_CACHE_RESTORED: true
Build & Public Release	Run Code Analysis (Detekt)	2026-02-02T03:07:14.5797937Z   DEVELOCITY_INJECTION_INIT_SCRIPT_NAME: gradle-actions.inject-develocity.init.gradle
Build & Public Release	Run Code Analysis (Detekt)	2026-02-02T03:07:14.5798496Z   DEVELOCITY_INJECTION_CUSTOM_VALUE: gradle-actions
Build & Public Release	Run Code Analysis (Detekt)	2026-02-02T03:07:14.5798924Z   GITHUB_DEPENDENCY_GRAPH_ENABLED: false
Build & Public Release	Run Code Analysis (Detekt)	2026-02-02T03:07:14.5799329Z ##[endgroup]
Build & Public Release	Run Code Analysis (Detekt)	2026-02-02T03:07:16.9103371Z To honour the JVM settings for this build a single-use Daemon process will be forked. For more on this, please refer to https://docs.gradle.org/8.14.3/userguide/gradle_daemon.html#sec:disabling_the_daemon in the Gradle documentation.
Build & Public Release	Run Code Analysis (Detekt)	2026-02-02T03:07:18.1086089Z Daemon will be stopped at the end of the build 
Build & Public Release	Run Code Analysis (Detekt)	2026-02-02T03:07:18.4086714Z Configuration on demand is an incubating feature.
Build & Public Release	Run Code Analysis (Detekt)	2026-02-02T03:07:21.8102371Z Type-safe project accessors is an incubating feature.
Build & Public Release	Run Code Analysis (Detekt)	2026-02-02T03:07:25.0106378Z > Task :buildSrc:checkKotlinGradlePluginConfigurationErrors SKIPPED
Build & Public Release	Run Code Analysis (Detekt)	2026-02-02T03:07:25.1104690Z > Task :buildSrc:generateExternalPluginSpecBuilders FROM-CACHE
Build & Public Release	Run Code Analysis (Detekt)	2026-02-02T03:07:25.1105858Z > Task :buildSrc:extractPrecompiledScriptPluginPlugins FROM-CACHE
Build & Public Release	Run Code Analysis (Detekt)	2026-02-02T03:07:25.3090861Z > Task :buildSrc:compilePluginsBlocks FROM-CACHE
Build & Public Release	Run Code Analysis (Detekt)	2026-02-02T03:07:25.6086374Z > Task :buildSrc:generatePrecompiledScriptPluginAccessors FROM-CACHE
Build & Public Release	Run Code Analysis (Detekt)	2026-02-02T03:07:25.6087711Z > Task :buildSrc:generateScriptPluginAdapters FROM-CACHE
Build & Public Release	Run Code Analysis (Detekt)	2026-02-02T03:07:26.0091624Z > Task :buildSrc:compileKotlin FROM-CACHE
Build & Public Release	Run Code Analysis (Detekt)	2026-02-02T03:07:26.0095811Z > Task :buildSrc:compileJava NO-SOURCE
Build & Public Release	Run Code Analysis (Detekt)	2026-02-02T03:07:26.0096663Z > Task :buildSrc:compileGroovy NO-SOURCE
Build & Public Release	Run Code Analysis (Detekt)	2026-02-02T03:07:26.0097274Z > Task :buildSrc:pluginDescriptors
Build & Public Release	Run Code Analysis (Detekt)	2026-02-02T03:07:26.1179243Z > Task :buildSrc:processResources
Build & Public Release	Run Code Analysis (Detekt)	2026-02-02T03:07:26.1179949Z > Task :buildSrc:classes
Build & Public Release	Run Code Analysis (Detekt)	2026-02-02T03:07:26.3092546Z > Task :buildSrc:jar
Build & Public Release	Run Code Analysis (Detekt)	2026-02-02T03:07:34.0100243Z > Task :detekt NO-SOURCE
Build & Public Release	Run Code Analysis (Detekt)	2026-02-02T03:07:34.1090259Z gradle/actions: Writing build results to /home/runner/work/_temp/.gradle-actions/build-results/__run-1770001640050.json
Build & Public Release	Run Code Analysis (Detekt)	2026-02-02T03:07:34.1091289Z 
Build & Public Release	Run Code Analysis (Detekt)	2026-02-02T03:07:34.1092124Z [Incubating] Problems report is available at: file:///home/runner/work/AniZen/AniZen/build/reports/problems/problems-report.html
Build & Public Release	Run Code Analysis (Detekt)	2026-02-02T03:07:34.1092943Z 
Build & Public Release	Run Code Analysis (Detekt)	2026-02-02T03:07:34.1093589Z Deprecated Gradle features were used in this build, making it incompatible with Gradle 9.0.
Build & Public Release	Run Code Analysis (Detekt)	2026-02-02T03:07:34.1094442Z 
Build & Public Release	Run Code Analysis (Detekt)	2026-02-02T03:07:34.1095163Z You can use '--warning-mode all' to show the individual deprecation warnings and determine if they come from your own scripts or plugins.
Build & Public Release	Run Code Analysis (Detekt)	2026-02-02T03:07:34.1096142Z 
Build & Public Release	Run Code Analysis (Detekt)	2026-02-02T03:07:34.1097222Z For more on this, please refer to https://docs.gradle.org/8.14.3/userguide/command_line_interface.html#sec:command_line_warnings in the Gradle documentation.
Build & Public Release	Run Code Analysis (Detekt)	2026-02-02T03:07:34.1098304Z 
Build & Public Release	Run Code Analysis (Detekt)	2026-02-02T03:07:34.1098504Z BUILD SUCCESSFUL in 19s
Build & Public Release	Run Code Analysis (Detekt)	2026-02-02T03:07:34.1099056Z 9 actionable tasks: 3 executed, 6 from cache
Build & Public Release	Build Release APK	ï»¿2026-02-02T03:07:34.2302823Z ##[group]Run ./gradlew assembleRelease -Pinclude-telemetry=false -Penable-updater=false --no-daemon
Build & Public Release	Build Release APK	2026-02-02T03:07:34.2304263Z [36;1m./gradlew assembleRelease -Pinclude-telemetry=false -Penable-updater=false --no-daemon[0m
Build & Public Release	Build Release APK	2026-02-02T03:07:34.2322600Z shell: /usr/bin/bash -e {0}
Build & Public Release	Build Release APK	2026-02-02T03:07:34.2322859Z env:
Build & Public Release	Build Release APK	2026-02-02T03:07:34.2323288Z   JAVA_HOME: /opt/hostedtoolcache/Java_Temurin-Hotspot_jdk/17.0.18-8/x64
Build & Public Release	Build Release APK	2026-02-02T03:07:34.2323762Z   JAVA_HOME_17_X64: /opt/hostedtoolcache/Java_Temurin-Hotspot_jdk/17.0.18-8/x64
Build & Public Release	Build Release APK	2026-02-02T03:07:34.2324193Z   GRADLE_ACTION_ID: gradle/actions/setup-gradle
Build & Public Release	Build Release APK	2026-02-02T03:07:34.2324499Z   GRADLE_USER_HOME: /home/runner/.gradle
Build & Public Release	Build Release APK	2026-02-02T03:07:34.2324789Z   GRADLE_BUILD_ACTION_SETUP_COMPLETED: true
Build & Public Release	Build Release APK	2026-02-02T03:07:34.2325080Z   GRADLE_BUILD_ACTION_CACHE_RESTORED: true
Build & Public Release	Build Release APK	2026-02-02T03:07:34.2325505Z   DEVELOCITY_INJECTION_INIT_SCRIPT_NAME: gradle-actions.inject-develocity.init.gradle
Build & Public Release	Build Release APK	2026-02-02T03:07:34.2325967Z   DEVELOCITY_INJECTION_CUSTOM_VALUE: gradle-actions
Build & Public Release	Build Release APK	2026-02-02T03:07:34.2326310Z   GITHUB_DEPENDENCY_GRAPH_ENABLED: false
Build & Public Release	Build Release APK	2026-02-02T03:07:34.2326579Z ##[endgroup]
Build & Public Release	Build Release APK	2026-02-02T03:07:34.8734892Z To honour the JVM settings for this build a single-use Daemon process will be forked. For more on this, please refer to https://docs.gradle.org/8.14.3/userguide/gradle_daemon.html#sec:disabling_the_daemon in the Gradle documentation.
Build & Public Release	Build Release APK	2026-02-02T03:07:35.7727770Z Daemon will be stopped at the end of the build 
Build & Public Release	Build Release APK	2026-02-02T03:07:36.1730306Z Configuration on demand is an incubating feature.
Build & Public Release	Build Release APK	2026-02-02T03:07:39.0738660Z Type-safe project accessors is an incubating feature.
Build & Public Release	Build Release APK	2026-02-02T03:07:41.5734008Z > Task :buildSrc:checkKotlinGradlePluginConfigurationErrors SKIPPED
Build & Public Release	Build Release APK	2026-02-02T03:07:41.7769894Z > Task :buildSrc:generateExternalPluginSpecBuilders UP-TO-DATE
Build & Public Release	Build Release APK	2026-02-02T03:07:41.7770843Z > Task :buildSrc:extractPrecompiledScriptPluginPlugins UP-TO-DATE
Build & Public Release	Build Release APK	2026-02-02T03:07:41.8723674Z > Task :buildSrc:compilePluginsBlocks UP-TO-DATE
Build & Public Release	Build Release APK	2026-02-02T03:07:42.1726750Z > Task :buildSrc:generatePrecompiledScriptPluginAccessors UP-TO-DATE
Build & Public Release	Build Release APK	2026-02-02T03:07:42.1727736Z > Task :buildSrc:generateScriptPluginAdapters UP-TO-DATE
Build & Public Release	Build Release APK	2026-02-02T03:07:42.4728497Z > Task :buildSrc:compileKotlin UP-TO-DATE
Build & Public Release	Build Release APK	2026-02-02T03:07:42.4729346Z > Task :buildSrc:compileJava NO-SOURCE
Build & Public Release	Build Release APK	2026-02-02T03:07:42.4729984Z > Task :buildSrc:compileGroovy NO-SOURCE
Build & Public Release	Build Release APK	2026-02-02T03:07:42.4730643Z > Task :buildSrc:pluginDescriptors UP-TO-DATE
Build & Public Release	Build Release APK	2026-02-02T03:07:42.4731325Z > Task :buildSrc:processResources UP-TO-DATE
Build & Public Release	Build Release APK	2026-02-02T03:07:42.4732284Z > Task :buildSrc:classes UP-TO-DATE
Build & Public Release	Build Release APK	2026-02-02T03:07:42.4732864Z > Task :buildSrc:jar UP-TO-DATE
Build & Public Release	Build Release APK	2026-02-02T03:07:52.0730110Z > Task :domain:preBuild UP-TO-DATE
Build & Public Release	Build Release APK	2026-02-02T03:07:52.0762021Z > Task :data:preBuild UP-TO-DATE
Build & Public Release	Build Release APK	2026-02-02T03:07:52.0765035Z > Task :core-metadata:preBuild UP-TO-DATE
Build & Public Release	Build Release APK	2026-02-02T03:07:52.0765865Z > Task :core-metadata:preReleaseBuild UP-TO-DATE
Build & Public Release	Build Release APK	2026-02-02T03:07:52.0767696Z > Task :domain:preReleaseBuild UP-TO-DATE
Build & Public Release	Build Release APK	2026-02-02T03:07:52.0768452Z > Task :app:preBuild UP-TO-DATE
Build & Public Release	Build Release APK	2026-02-02T03:07:52.0804379Z > Task :app:preReleaseBuild UP-TO-DATE
Build & Public Release	Build Release APK	2026-02-02T03:07:52.0805497Z > Task :data:preReleaseBuild UP-TO-DATE
Build & Public Release	Build Release APK	2026-02-02T03:07:52.2738738Z > Task :core-metadata:mergeReleaseJniLibFolders
Build & Public Release	Build Release APK	2026-02-02T03:07:52.2739501Z > Task :core-metadata:mergeReleaseNativeLibs NO-SOURCE
Build & Public Release	Build Release APK	2026-02-02T03:07:52.2740111Z > Task :data:mergeReleaseJniLibFolders
Build & Public Release	Build Release APK	2026-02-02T03:07:52.2740663Z > Task :app:mergeReleaseJniLibFolders
Build & Public Release	Build Release APK	2026-02-02T03:07:52.2741203Z > Task :flagkit:preBuild UP-TO-DATE
Build & Public Release	Build Release APK	2026-02-02T03:07:52.2741765Z > Task :domain:mergeReleaseJniLibFolders
Build & Public Release	Build Release APK	2026-02-02T03:07:52.2742269Z > Task :flagkit:preReleaseBuild UP-TO-DATE
Build & Public Release	Build Release APK	2026-02-02T03:07:52.2742803Z > Task :data:mergeReleaseNativeLibs NO-SOURCE
Build & Public Release	Build Release APK	2026-02-02T03:07:52.2743470Z > Task :domain:mergeReleaseNativeLibs NO-SOURCE
Build & Public Release	Build Release APK	2026-02-02T03:07:52.2744002Z > Task :flagkit:mergeReleaseJniLibFolders
Build & Public Release	Build Release APK	2026-02-02T03:07:52.2744485Z > Task :flagkit:mergeReleaseNativeLibs NO-SOURCE
Build & Public Release	Build Release APK	2026-02-02T03:07:52.2745108Z > Task :core-metadata:copyReleaseJniLibsProjectOnly
Build & Public Release	Build Release APK	2026-02-02T03:07:52.2746024Z > Task :flagkit:copyReleaseJniLibsProjectOnly
Build & Public Release	Build Release APK	2026-02-02T03:07:52.2746588Z > Task :i18n:generateLocalesConfig UP-TO-DATE
Build & Public Release	Build Release APK	2026-02-02T03:07:52.2747158Z > Task :domain:copyReleaseJniLibsProjectOnly
Build & Public Release	Build Release APK	2026-02-02T03:07:52.2747661Z > Task :data:copyReleaseJniLibsProjectOnly
Build & Public Release	Build Release APK	2026-02-02T03:07:52.3784370Z > Task :i18n-ank:generateMRcommonMain FROM-CACHE
Build & Public Release	Build Release APK	2026-02-02T03:07:52.3785465Z > Task :i18n-kmk:generateMRcommonMain FROM-CACHE
Build & Public Release	Build Release APK	2026-02-02T03:07:52.3786826Z > Task :i18n-ank:generateMRandroidDebug SKIPPED
Build & Public Release	Build Release APK	2026-02-02T03:07:52.4724562Z > Task :i18n-kmk:generateMRandroidDebug SKIPPED
Build & Public Release	Build Release APK	2026-02-02T03:07:52.4785849Z > Task :i18n-sy:generateMRcommonMain FROM-CACHE
Build & Public Release	Build Release APK	2026-02-02T03:07:52.4786847Z > Task :i18n-sy:generateMRandroidDebug SKIPPED
Build & Public Release	Build Release APK	2026-02-02T03:07:52.4787716Z > Task :i18n-ank:generateMRandroidInstrumentedTest FROM-CACHE
Build & Public Release	Build Release APK	2026-02-02T03:07:52.4788633Z > Task :i18n-kmk:generateMRandroidInstrumentedTest FROM-CACHE
Build & Public Release	Build Release APK	2026-02-02T03:07:52.4789536Z > Task :i18n-sy:generateMRandroidInstrumentedTest FROM-CACHE
Build & Public Release	Build Release APK	2026-02-02T03:07:52.4790657Z > Task :i18n-sy:generateMRandroidInstrumentedTestDebug SKIPPED
Build & Public Release	Build Release APK	2026-02-02T03:07:52.4791585Z > Task :i18n-kmk:generateMRandroidInstrumentedTestDebug SKIPPED
Build & Public Release	Build Release APK	2026-02-02T03:07:52.4792470Z > Task :i18n-ank:generateMRandroidInstrumentedTestDebug SKIPPED
Build & Public Release	Build Release APK	2026-02-02T03:07:52.4793447Z > Task :i18n:generateMRcommonMain FROM-CACHE
Build & Public Release	Build Release APK	2026-02-02T03:07:52.4794114Z > Task :i18n:generateMRandroidDebug SKIPPED
Build & Public Release	Build Release APK	2026-02-02T03:07:52.4794891Z > Task :i18n:generateMRandroidInstrumentedTest FROM-CACHE
Build & Public Release	Build Release APK	2026-02-02T03:07:52.4795776Z > Task :i18n:generateMRandroidInstrumentedTestDebug SKIPPED
Build & Public Release	Build Release APK	2026-02-02T03:07:52.4796569Z > Task :i18n-ank:generateMRandroidMain FROM-CACHE
Build & Public Release	Build Release APK	2026-02-02T03:07:52.4797301Z > Task :i18n-ank:generateMRandroidRelease SKIPPED
Build & Public Release	Build Release APK	2026-02-02T03:07:52.5733775Z > Task :i18n-ank:generateMRcommonTest FROM-CACHE
Build & Public Release	Build Release APK	2026-02-02T03:07:52.5734763Z > Task :i18n-kmk:generateMRandroidMain FROM-CACHE
Build & Public Release	Build Release APK	2026-02-02T03:07:52.5735328Z > Task :i18n-kmk:generateMRandroidRelease SKIPPED
Build & Public Release	Build Release APK	2026-02-02T03:07:52.5744548Z > Task :i18n-kmk:generateMRcommonTest FROM-CACHE
Build & Public Release	Build Release APK	2026-02-02T03:07:52.5745934Z > Task :i18n-ank:generateMRandroidUnitTest FROM-CACHE
Build & Public Release	Build Release APK	2026-02-02T03:07:52.5756849Z > Task :i18n-sy:generateMRandroidMain FROM-CACHE
Build & Public Release	Build Release APK	2026-02-02T03:07:52.5758216Z > Task :i18n-ank:generateMRandroidUnitTestDebug SKIPPED
Build & Public Release	Build Release APK	2026-02-02T03:07:52.5793992Z > Task :i18n-sy:generateMRandroidRelease SKIPPED
Build & Public Release	Build Release APK	2026-02-02T03:07:52.5794982Z > Task :i18n-ank:generateMRandroidUnitTestRelease SKIPPED
Build & Public Release	Build Release APK	2026-02-02T03:07:52.5796076Z > Task :i18n-ank:preBuild UP-TO-DATE
Build & Public Release	Build Release APK	2026-02-02T03:07:52.5796734Z > Task :i18n-ank:preReleaseBuild UP-TO-DATE
Build & Public Release	Build Release APK	2026-02-02T03:07:52.5797445Z > Task :i18n-sy:generateMRcommonTest FROM-CACHE
Build & Public Release	Build Release APK	2026-02-02T03:07:52.5798216Z > Task :i18n-kmk:generateMRandroidUnitTest FROM-CACHE
Build & Public Release	Build Release APK	2026-02-02T03:07:52.5799037Z > Task :i18n-kmk:generateMRandroidUnitTestDebug SKIPPED
Build & Public Release	Build Release APK	2026-02-02T03:07:52.5799869Z > Task :i18n-kmk:generateMRandroidUnitTestRelease SKIPPED
Build & Public Release	Build Release APK	2026-02-02T03:07:52.5800613Z > Task :i18n-kmk:preBuild UP-TO-DATE
Build & Public Release	Build Release APK	2026-02-02T03:07:52.5801294Z > Task :i18n-kmk:preReleaseBuild UP-TO-DATE
Build & Public Release	Build Release APK	2026-02-02T03:07:52.5802021Z > Task :i18n-sy:generateMRandroidUnitTest FROM-CACHE
Build & Public Release	Build Release APK	2026-02-02T03:07:52.5802767Z > Task :i18n-ank:mergeReleaseJniLibFolders
Build & Public Release	Build Release APK	2026-02-02T03:07:52.5803639Z > Task :i18n-sy:generateMRandroidUnitTestDebug SKIPPED
Build & Public Release	Build Release APK	2026-02-02T03:07:52.5804399Z > Task :i18n-ank:mergeReleaseNativeLibs NO-SOURCE
Build & Public Release	Build Release APK	2026-02-02T03:07:52.5805190Z > Task :i18n-sy:generateMRandroidUnitTestRelease SKIPPED
Build & Public Release	Build Release APK	2026-02-02T03:07:52.5805921Z > Task :i18n-sy:preBuild UP-TO-DATE
Build & Public Release	Build Release APK	2026-02-02T03:07:52.5806576Z > Task :i18n-sy:preReleaseBuild UP-TO-DATE
Build & Public Release	Build Release APK	2026-02-02T03:07:52.5807239Z > Task :i18n-ank:copyReleaseJniLibsProjectOnly
Build & Public Release	Build Release APK	2026-02-02T03:07:52.5807926Z > Task :presentation-core:preBuild UP-TO-DATE
Build & Public Release	Build Release APK	2026-02-02T03:07:52.5808612Z > Task :presentation-core:preReleaseBuild UP-TO-DATE
Build & Public Release	Build Release APK	2026-02-02T03:07:52.5809240Z > Task :i18n-kmk:mergeReleaseJniLibFolders
Build & Public Release	Build Release APK	2026-02-02T03:07:52.5809848Z > Task :i18n-sy:mergeReleaseJniLibFolders
Build & Public Release	Build Release APK	2026-02-02T03:07:52.5856569Z > Task :i18n-sy:mergeReleaseNativeLibs NO-SOURCE
Build & Public Release	Build Release APK	2026-02-02T03:07:52.5859847Z > Task :i18n-kmk:mergeReleaseNativeLibs NO-SOURCE
Build & Public Release	Build Release APK	2026-02-02T03:07:52.5861296Z > Task :presentation-core:mergeReleaseJniLibFolders
Build & Public Release	Build Release APK	2026-02-02T03:07:52.5863645Z > Task :presentation-core:mergeReleaseNativeLibs NO-SOURCE
Build & Public Release	Build Release APK	2026-02-02T03:07:52.5864830Z > Task :i18n-kmk:copyReleaseJniLibsProjectOnly
Build & Public Release	Build Release APK	2026-02-02T03:07:52.5865639Z > Task :presentation-widget:preBuild UP-TO-DATE
Build & Public Release	Build Release APK	2026-02-02T03:07:52.5866425Z > Task :presentation-widget:preReleaseBuild UP-TO-DATE
Build & Public Release	Build Release APK	2026-02-02T03:07:52.5867179Z > Task :i18n-sy:copyReleaseJniLibsProjectOnly
Build & Public Release	Build Release APK	2026-02-02T03:07:52.6725295Z > Task :source-api:preBuild UP-TO-DATE
Build & Public Release	Build Release APK	2026-02-02T03:07:52.6728363Z > Task :source-api:preReleaseBuild UP-TO-DATE
Build & Public Release	Build Release APK	2026-02-02T03:07:52.6731238Z > Task :presentation-core:copyReleaseJniLibsProjectOnly
Build & Public Release	Build Release APK	2026-02-02T03:07:52.6734211Z > Task :source-local:preBuild UP-TO-DATE
Build & Public Release	Build Release APK	2026-02-02T03:07:52.6766085Z > Task :source-local:preReleaseBuild UP-TO-DATE
Build & Public Release	Build Release APK	2026-02-02T03:07:52.6770451Z > Task :presentation-widget:mergeReleaseJniLibFolders
Build & Public Release	Build Release APK	2026-02-02T03:07:52.6772916Z > Task :source-api:mergeReleaseJniLibFolders
Build & Public Release	Build Release APK	2026-02-02T03:07:52.6774921Z > Task :source-api:mergeReleaseNativeLibs NO-SOURCE
Build & Public Release	Build Release APK	2026-02-02T03:07:52.6776817Z > Task :source-local:mergeReleaseJniLibFolders
Build & Public Release	Build Release APK	2026-02-02T03:07:52.6778129Z > Task :source-api:copyReleaseJniLibsProjectOnly
Build & Public Release	Build Release APK	2026-02-02T03:07:52.6779248Z > Task :telemetry:preBuild UP-TO-DATE
Build & Public Release	Build Release APK	2026-02-02T03:07:52.6787609Z > Task :source-local:mergeReleaseNativeLibs NO-SOURCE
Build & Public Release	Build Release APK	2026-02-02T03:07:52.6789181Z > Task :telemetry:preReleaseBuild UP-TO-DATE
Build & Public Release	Build Release APK	2026-02-02T03:07:52.6790645Z > Task :presentation-widget:mergeReleaseNativeLibs NO-SOURCE
Build & Public Release	Build Release APK	2026-02-02T03:07:52.6796635Z > Task :source-local:copyReleaseJniLibsProjectOnly
Build & Public Release	Build Release APK	2026-02-02T03:07:52.6797258Z > Task :telemetry:mergeReleaseJniLibFolders
Build & Public Release	Build Release APK	2026-02-02T03:07:52.6797857Z > Task :presentation-widget:copyReleaseJniLibsProjectOnly
Build & Public Release	Build Release APK	2026-02-02T03:07:52.6799251Z > Task :core:common:preBuild UP-TO-DATE
Build & Public Release	Build Release APK	2026-02-02T03:07:52.6800401Z > Task :core:common:preReleaseBuild UP-TO-DATE
Build & Public Release	Build Release APK	2026-02-02T03:07:52.6801585Z > Task :core:archive:preBuild UP-TO-DATE
Build & Public Release	Build Release APK	2026-02-02T03:07:52.6802721Z > Task :core:archive:preReleaseBuild UP-TO-DATE
Build & Public Release	Build Release APK	2026-02-02T03:07:52.6804101Z > Task :telemetry:mergeReleaseNativeLibs NO-SOURCE
Build & Public Release	Build Release APK	2026-02-02T03:07:52.6805319Z > Task :telemetry:copyReleaseJniLibsProjectOnly
Build & Public Release	Build Release APK	2026-02-02T03:07:52.6806506Z > Task :core:common:mergeReleaseJniLibFolders
Build & Public Release	Build Release APK	2026-02-02T03:07:52.6807918Z > Task :core-metadata:prepareReleaseArtProfile
Build & Public Release	Build Release APK	2026-02-02T03:07:52.6811001Z > Task :core:common:mergeReleaseNativeLibs NO-SOURCE
Build & Public Release	Build Release APK	2026-02-02T03:07:52.6826153Z > Task :core:archive:mergeReleaseJniLibFolders
Build & Public Release	Build Release APK	2026-02-02T03:07:52.6826731Z > Task :data:prepareReleaseArtProfile
Build & Public Release	Build Release APK	2026-02-02T03:07:52.6827259Z > Task :core:archive:mergeReleaseNativeLibs NO-SOURCE
Build & Public Release	Build Release APK	2026-02-02T03:07:52.6827787Z > Task :domain:prepareReleaseArtProfile
Build & Public Release	Build Release APK	2026-02-02T03:07:52.6828304Z > Task :core:common:copyReleaseJniLibsProjectOnly
Build & Public Release	Build Release APK	2026-02-02T03:07:52.6828841Z > Task :flagkit:prepareReleaseArtProfile
Build & Public Release	Build Release APK	2026-02-02T03:07:52.6829375Z > Task :core:archive:copyReleaseJniLibsProjectOnly
Build & Public Release	Build Release APK	2026-02-02T03:07:52.7794419Z > Task :i18n-kmk:prepareReleaseArtProfile
Build & Public Release	Build Release APK	2026-02-02T03:07:52.7795329Z > Task :i18n-ank:prepareReleaseArtProfile
Build & Public Release	Build Release APK	2026-02-02T03:07:52.7796024Z > Task :i18n:generateMRandroidMain FROM-CACHE
Build & Public Release	Build Release APK	2026-02-02T03:07:52.7796729Z > Task :i18n:generateMRandroidRelease SKIPPED
Build & Public Release	Build Release APK	2026-02-02T03:07:52.7797398Z > Task :i18n-sy:prepareReleaseArtProfile
Build & Public Release	Build Release APK	2026-02-02T03:07:52.7798092Z > Task :presentation-core:prepareReleaseArtProfile
Build & Public Release	Build Release APK	2026-02-02T03:07:52.7798914Z > Task :presentation-widget:prepareReleaseArtProfile
Build & Public Release	Build Release APK	2026-02-02T03:07:52.7799663Z > Task :source-local:prepareReleaseArtProfile
Build & Public Release	Build Release APK	2026-02-02T03:07:52.7800339Z > Task :telemetry:prepareReleaseArtProfile
Build & Public Release	Build Release APK	2026-02-02T03:07:52.7801005Z > Task :source-api:prepareReleaseArtProfile
Build & Public Release	Build Release APK	2026-02-02T03:07:52.7801877Z > Task :core-metadata:checkKotlinGradlePluginConfigurationErrors SKIPPED
Build & Public Release	Build Release APK	2026-02-02T03:07:52.7802797Z > Task :i18n:generateMRcommonTest FROM-CACHE
Build & Public Release	Build Release APK	2026-02-02T03:07:52.7803725Z > Task :core-metadata:generateReleaseResValues FROM-CACHE
Build & Public Release	Build Release APK	2026-02-02T03:07:52.7804808Z > Task :core:common:prepareReleaseArtProfile
Build & Public Release	Build Release APK	2026-02-02T03:07:52.7805533Z > Task :core:archive:prepareReleaseArtProfile
Build & Public Release	Build Release APK	2026-02-02T03:07:52.7806295Z > Task :source-api:generateReleaseResValues FROM-CACHE
Build & Public Release	Build Release APK	2026-02-02T03:07:52.7807081Z > Task :core-metadata:generateReleaseResources FROM-CACHE
Build & Public Release	Build Release APK	2026-02-02T03:07:52.7807892Z > Task :i18n-sy:generateReleaseResValues FROM-CACHE
Build & Public Release	Build Release APK	2026-02-02T03:07:52.7808681Z > Task :i18n:generateMRandroidUnitTest FROM-CACHE
Build & Public Release	Build Release APK	2026-02-02T03:07:52.7812473Z > Task :i18n:generateMRandroidUnitTestDebug SKIPPED
Build & Public Release	Build Release APK	2026-02-02T03:07:52.7813283Z > Task :i18n:generateMRandroidUnitTestRelease SKIPPED
Build & Public Release	Build Release APK	2026-02-02T03:07:52.7813890Z > Task :i18n:preBuild UP-TO-DATE
Build & Public Release	Build Release APK	2026-02-02T03:07:52.7814429Z > Task :i18n:preReleaseBuild UP-TO-DATE
Build & Public Release	Build Release APK	2026-02-02T03:07:52.7815029Z > Task :source-api:generateReleaseResources FROM-CACHE
Build & Public Release	Build Release APK	2026-02-02T03:07:52.7815704Z > Task :i18n-sy:generateReleaseResources FROM-CACHE
Build & Public Release	Build Release APK	2026-02-02T03:07:52.7816308Z > Task :i18n:mergeReleaseJniLibFolders
Build & Public Release	Build Release APK	2026-02-02T03:07:52.7816887Z > Task :i18n:mergeReleaseNativeLibs NO-SOURCE
Build & Public Release	Build Release APK	2026-02-02T03:07:52.7817533Z > Task :source-api:packageReleaseResources FROM-CACHE
Build & Public Release	Build Release APK	2026-02-02T03:07:52.7818260Z > Task :core-metadata:packageReleaseResources FROM-CACHE
Build & Public Release	Build Release APK	2026-02-02T03:07:52.7818918Z > Task :i18n:copyReleaseJniLibsProjectOnly
Build & Public Release	Build Release APK	2026-02-02T03:07:52.7819481Z > Task :i18n:prepareReleaseArtProfile
Build & Public Release	Build Release APK	2026-02-02T03:07:52.8726129Z > Task :i18n-sy:packageReleaseResources FROM-CACHE
Build & Public Release	Build Release APK	2026-02-02T03:07:52.8726845Z > Task :i18n:generateReleaseResValues FROM-CACHE
Build & Public Release	Build Release APK	2026-02-02T03:07:55.5728008Z > Task :i18n:generateReleaseResources FROM-CACHE
Build & Public Release	Build Release APK	2026-02-02T03:07:55.6747613Z > Task :i18n:packageReleaseResources FROM-CACHE
Build & Public Release	Build Release APK	2026-02-02T03:07:55.6749180Z > Task :i18n:parseReleaseLocalResources FROM-CACHE
Build & Public Release	Build Release APK	2026-02-02T03:07:55.7725182Z > Task :core-metadata:parseReleaseLocalResources FROM-CACHE
Build & Public Release	Build Release APK	2026-02-02T03:07:55.7725930Z > Task :i18n-sy:parseReleaseLocalResources FROM-CACHE
Build & Public Release	Build Release APK	2026-02-02T03:07:55.8723917Z > Task :i18n-sy:generateReleaseRFile FROM-CACHE
Build & Public Release	Build Release APK	2026-02-02T03:07:55.8724744Z > Task :core:common:generateReleaseResValues FROM-CACHE
Build & Public Release	Build Release APK	2026-02-02T03:07:55.8725429Z > Task :core:common:generateReleaseResources FROM-CACHE
Build & Public Release	Build Release APK	2026-02-02T03:07:55.8726239Z > Task :core:common:packageReleaseResources FROM-CACHE
Build & Public Release	Build Release APK	2026-02-02T03:07:55.8739102Z > Task :core:common:parseReleaseLocalResources FROM-CACHE
Build & Public Release	Build Release APK	2026-02-02T03:07:55.8756175Z > Task :i18n-sy:kmpPartiallyResolvedDependenciesChecker
Build & Public Release	Build Release APK	2026-02-02T03:07:55.8757095Z > Task :i18n-sy:checkKotlinGradlePluginConfigurationErrors SKIPPED
Build & Public Release	Build Release APK	2026-02-02T03:07:56.1767757Z > Task :source-api:parseReleaseLocalResources FROM-CACHE
Build & Public Release	Build Release APK	2026-02-02T03:07:56.1770315Z > Task :source-api:kmpPartiallyResolvedDependenciesChecker
Build & Public Release	Build Release APK	2026-02-02T03:07:56.1771306Z > Task :source-api:checkKotlinGradlePluginConfigurationErrors SKIPPED
Build & Public Release	Build Release APK	2026-02-02T03:07:56.1772376Z > Task :core:common:checkKotlinGradlePluginConfigurationErrors SKIPPED
Build & Public Release	Build Release APK	2026-02-02T03:07:56.1773371Z > Task :core:common:javaPreCompileRelease FROM-CACHE
Build & Public Release	Build Release APK	2026-02-02T03:07:56.1774022Z > Task :i18n:generateReleaseRFile FROM-CACHE
Build & Public Release	Build Release APK	2026-02-02T03:07:56.9729926Z > Task :app:mergeReleaseNativeLibs
Build & Public Release	Build Release APK	2026-02-02T03:07:56.9731251Z > Task :i18n:kmpPartiallyResolvedDependenciesChecker
Build & Public Release	Build Release APK	2026-02-02T03:07:56.9732084Z > Task :i18n:checkKotlinGradlePluginConfigurationErrors SKIPPED
Build & Public Release	Build Release APK	2026-02-02T03:07:56.9732905Z > Task :i18n-sy:compileReleaseKotlinAndroid FROM-CACHE
Build & Public Release	Build Release APK	2026-02-02T03:07:56.9733586Z > Task :i18n-sy:javaPreCompileRelease FROM-CACHE
Build & Public Release	Build Release APK	2026-02-02T03:07:56.9735301Z > Task :i18n-sy:compileReleaseJavaWithJavac NO-SOURCE
Build & Public Release	Build Release APK	2026-02-02T03:07:56.9735925Z > Task :i18n:compileReleaseKotlinAndroid FROM-CACHE
Build & Public Release	Build Release APK	2026-02-02T03:07:56.9736578Z > Task :i18n:javaPreCompileRelease FROM-CACHE
Build & Public Release	Build Release APK	2026-02-02T03:07:56.9765879Z > Task :i18n:compileReleaseJavaWithJavac NO-SOURCE
Build & Public Release	Build Release APK	2026-02-02T03:07:57.0752372Z > Task :core:common:generateReleaseRFile FROM-CACHE
Build & Public Release	Build Release APK	2026-02-02T03:07:57.0758732Z > Task :i18n:bundleLibCompileToJarRelease
Build & Public Release	Build Release APK	2026-02-02T03:07:57.0759370Z > Task :i18n-sy:bundleLibCompileToJarRelease
Build & Public Release	Build Release APK	2026-02-02T03:07:57.0759953Z > Task :app:mergeReleaseArtProfile
Build & Public Release	Build Release APK	2026-02-02T03:07:57.2744441Z > Task :source-api:generateReleaseRFile FROM-CACHE
Build & Public Release	Build Release APK	2026-02-02T03:07:57.3725371Z > Task :core-metadata:generateReleaseRFile FROM-CACHE
Build & Public Release	Build Release APK	2026-02-02T03:07:57.3726197Z > Task :source-api:javaPreCompileRelease FROM-CACHE
Build & Public Release	Build Release APK	2026-02-02T03:07:57.3726902Z > Task :core-metadata:javaPreCompileRelease FROM-CACHE
Build & Public Release	Build Release APK	2026-02-02T03:07:57.3727709Z > Task :domain:checkKotlinGradlePluginConfigurationErrors SKIPPED
Build & Public Release	Build Release APK	2026-02-02T03:07:57.3728477Z > Task :domain:generateReleaseResValues FROM-CACHE
Build & Public Release	Build Release APK	2026-02-02T03:07:57.3729150Z > Task :domain:generateReleaseResources FROM-CACHE
Build & Public Release	Build Release APK	2026-02-02T03:07:57.6728049Z > Task :app:stripReleaseDebugSymbols
Build & Public Release	Build Release APK	2026-02-02T03:07:57.6731812Z > Task :i18n-ank:generateReleaseResValues FROM-CACHE
Build & Public Release	Build Release APK	2026-02-02T03:07:57.6732578Z > Task :domain:packageReleaseResources FROM-CACHE
Build & Public Release	Build Release APK	2026-02-02T03:07:57.6733717Z > Task :i18n-ank:generateReleaseResources FROM-CACHE
Build & Public Release	Build Release APK	2026-02-02T03:07:57.7728459Z > Task :domain:parseReleaseLocalResources FROM-CACHE
Build & Public Release	Build Release APK	2026-02-02T03:07:57.7757830Z > Task :domain:javaPreCompileRelease FROM-CACHE
Build & Public Release	Build Release APK	2026-02-02T03:07:57.7758691Z > Task :source-local:kmpPartiallyResolvedDependenciesChecker
Build & Public Release	Build Release APK	2026-02-02T03:07:57.7759559Z > Task :source-local:checkKotlinGradlePluginConfigurationErrors SKIPPED
Build & Public Release	Build Release APK	2026-02-02T03:07:57.7760249Z > Task :source-local:generateReleaseResValues FROM-CACHE
Build & Public Release	Build Release APK	2026-02-02T03:07:57.7760886Z > Task :source-local:generateReleaseResources FROM-CACHE
Build & Public Release	Build Release APK	2026-02-02T03:07:57.7761534Z > Task :i18n-ank:packageReleaseResources FROM-CACHE
Build & Public Release	Build Release APK	2026-02-02T03:07:57.7762202Z > Task :source-local:packageReleaseResources FROM-CACHE
Build & Public Release	Build Release APK	2026-02-02T03:07:57.7762882Z > Task :source-local:parseReleaseLocalResources FROM-CACHE
Build & Public Release	Build Release APK	2026-02-02T03:07:57.7763759Z > Task :i18n-ank:parseReleaseLocalResources FROM-CACHE
Build & Public Release	Build Release APK	2026-02-02T03:07:57.7764427Z > Task :core:archive:generateReleaseResValues FROM-CACHE
Build & Public Release	Build Release APK	2026-02-02T03:07:57.7765080Z > Task :core:archive:generateReleaseResources FROM-CACHE
Build & Public Release	Build Release APK	2026-02-02T03:07:57.7765689Z > Task :i18n-ank:generateReleaseRFile FROM-CACHE
Build & Public Release	Build Release APK	2026-02-02T03:07:57.7766307Z > Task :core:archive:packageReleaseResources FROM-CACHE
Build & Public Release	Build Release APK	2026-02-02T03:07:57.7766999Z > Task :i18n-ank:kmpPartiallyResolvedDependenciesChecker
Build & Public Release	Build Release APK	2026-02-02T03:07:57.7767810Z > Task :i18n-ank:checkKotlinGradlePluginConfigurationErrors SKIPPED
Build & Public Release	Build Release APK	2026-02-02T03:07:57.8726933Z > Task :core:common:compileReleaseKotlin FROM-CACHE
Build & Public Release	Build Release APK	2026-02-02T03:07:57.8728156Z > Task :core:common:compileReleaseJavaWithJavac NO-SOURCE
Build & Public Release	Build Release APK	2026-02-02T03:07:57.8728991Z > Task :domain:generateReleaseRFile FROM-CACHE
Build & Public Release	Build Release APK	2026-02-02T03:07:57.8730126Z > Task :i18n-ank:compileReleaseKotlinAndroid FROM-CACHE
Build & Public Release	Build Release APK	2026-02-02T03:07:57.8730917Z > Task :core:archive:parseReleaseLocalResources FROM-CACHE
Build & Public Release	Build Release APK	2026-02-02T03:07:57.8731685Z > Task :i18n-ank:javaPreCompileRelease FROM-CACHE
Build & Public Release	Build Release APK	2026-02-02T03:07:57.8732401Z > Task :i18n-ank:compileReleaseJavaWithJavac NO-SOURCE
Build & Public Release	Build Release APK	2026-02-02T03:07:57.8733254Z > Task :core:common:bundleLibCompileToJarRelease
Build & Public Release	Build Release APK	2026-02-02T03:07:57.8733929Z > Task :i18n-ank:bundleLibCompileToJarRelease
Build & Public Release	Build Release APK	2026-02-02T03:07:57.8736133Z > Task :source-local:javaPreCompileRelease FROM-CACHE
Build & Public Release	Build Release APK	2026-02-02T03:07:57.8737102Z > Task :data:checkKotlinGradlePluginConfigurationErrors SKIPPED
Build & Public Release	Build Release APK	2026-02-02T03:07:57.9737887Z > Task :core:archive:generateReleaseRFile FROM-CACHE
Build & Public Release	Build Release APK	2026-02-02T03:07:57.9741178Z > Task :data:generateReleaseDatabaseInterface FROM-CACHE
Build & Public Release	Build Release APK	2026-02-02T03:07:57.9742218Z > Task :core:archive:checkKotlinGradlePluginConfigurationErrors SKIPPED
Build & Public Release	Build Release APK	2026-02-02T03:07:57.9745372Z > Task :source-local:generateReleaseRFile FROM-CACHE
Build & Public Release	Build Release APK	2026-02-02T03:07:58.0744063Z > Task :data:generateReleaseResValues FROM-CACHE
Build & Public Release	Build Release APK	2026-02-02T03:07:58.0745092Z > Task :data:generateReleaseResources FROM-CACHE
Build & Public Release	Build Release APK	2026-02-02T03:07:58.0745873Z > Task :data:packageReleaseResources FROM-CACHE
Build & Public Release	Build Release APK	2026-02-02T03:07:58.0746602Z > Task :data:parseReleaseLocalResources FROM-CACHE
Build & Public Release	Build Release APK	2026-02-02T03:07:58.0747329Z > Task :core:archive:compileReleaseKotlin FROM-CACHE
Build & Public Release	Build Release APK	2026-02-02T03:07:58.0748072Z > Task :source-api:compileReleaseKotlinAndroid FROM-CACHE
Build & Public Release	Build Release APK	2026-02-02T03:07:58.0754073Z > Task :core:archive:javaPreCompileRelease FROM-CACHE
Build & Public Release	Build Release APK	2026-02-02T03:07:58.0755614Z > Task :source-api:compileReleaseJavaWithJavac NO-SOURCE
Build & Public Release	Build Release APK	2026-02-02T03:07:58.0756607Z > Task :core:archive:compileReleaseJavaWithJavac NO-SOURCE
Build & Public Release	Build Release APK	2026-02-02T03:07:58.0757428Z > Task :core:archive:bundleLibCompileToJarRelease
Build & Public Release	Build Release APK	2026-02-02T03:07:58.1754010Z > Task :core:archive:mergeReleaseGeneratedProguardFiles
Build & Public Release	Build Release APK	2026-02-02T03:07:58.1755041Z > Task :source-api:bundleLibCompileToJarRelease
Build & Public Release	Build Release APK	2026-02-02T03:07:58.1755772Z > Task :data:generateReleaseRFile FROM-CACHE
Build & Public Release	Build Release APK	2026-02-02T03:07:58.1756611Z > Task :core:archive:exportReleaseConsumerProguardFiles
Build & Public Release	Build Release APK	2026-02-02T03:07:58.1757342Z > Task :data:javaPreCompileRelease FROM-CACHE
Build & Public Release	Build Release APK	2026-02-02T03:07:58.1758248Z > Task :presentation-core:checkKotlinGradlePluginConfigurationErrors SKIPPED
Build & Public Release	Build Release APK	2026-02-02T03:07:58.1759185Z > Task :presentation-core:generateReleaseResValues FROM-CACHE
Build & Public Release	Build Release APK	2026-02-02T03:07:58.1760000Z > Task :presentation-core:generateReleaseResources FROM-CACHE
Build & Public Release	Build Release APK	2026-02-02T03:07:58.2723864Z > Task :core-metadata:compileReleaseKotlin FROM-CACHE
Build & Public Release	Build Release APK	2026-02-02T03:07:58.2751970Z > Task :core-metadata:compileReleaseJavaWithJavac NO-SOURCE
Build & Public Release	Build Release APK	2026-02-02T03:07:58.2755489Z > Task :presentation-core:packageReleaseResources FROM-CACHE
Build & Public Release	Build Release APK	2026-02-02T03:07:58.2756541Z > Task :presentation-core:parseReleaseLocalResources FROM-CACHE
Build & Public Release	Build Release APK	2026-02-02T03:07:58.2757620Z > Task :core-metadata:mergeReleaseGeneratedProguardFiles
Build & Public Release	Build Release APK	2026-02-02T03:07:58.2758480Z > Task :core-metadata:bundleLibCompileToJarRelease
Build & Public Release	Build Release APK	2026-02-02T03:07:58.2759375Z > Task :core-metadata:exportReleaseConsumerProguardFiles
Build & Public Release	Build Release APK	2026-02-02T03:07:58.2760431Z > Task :presentation-widget:checkKotlinGradlePluginConfigurationErrors SKIPPED
Build & Public Release	Build Release APK	2026-02-02T03:07:58.2761554Z > Task :presentation-widget:generateReleaseResValues FROM-CACHE
Build & Public Release	Build Release APK	2026-02-02T03:07:58.2762514Z > Task :presentation-widget:generateReleaseResources FROM-CACHE
Build & Public Release	Build Release APK	2026-02-02T03:07:58.2763632Z > Task :presentation-widget:packageReleaseResources FROM-CACHE
Build & Public Release	Build Release APK	2026-02-02T03:07:58.3746307Z > Task :presentation-widget:parseReleaseLocalResources FROM-CACHE
Build & Public Release	Build Release APK	2026-02-02T03:07:58.3747558Z > Task :presentation-widget:javaPreCompileRelease FROM-CACHE
Build & Public Release	Build Release APK	2026-02-02T03:07:58.3748496Z > Task :source-api:mergeReleaseGeneratedProguardFiles
Build & Public Release	Build Release APK	2026-02-02T03:07:58.3749428Z > Task :source-api:exportReleaseConsumerProguardFiles
Build & Public Release	Build Release APK	2026-02-02T03:07:58.3750417Z > Task :flagkit:checkKotlinGradlePluginConfigurationErrors SKIPPED
Build & Public Release	Build Release APK	2026-02-02T03:07:58.3751347Z > Task :flagkit:generateReleaseResValues FROM-CACHE
Build & Public Release	Build Release APK	2026-02-02T03:07:58.4725940Z > Task :app:expandReleaseL8ArtProfileWildcards FROM-CACHE
Build & Public Release	Build Release APK	2026-02-02T03:07:58.4727542Z > Task :app:extractReleaseNativeSymbolTables FROM-CACHE
Build & Public Release	Build Release APK	2026-02-02T03:07:58.4730091Z > Task :app:mergeReleaseNativeDebugMetadata NO-SOURCE
Build & Public Release	Build Release APK	2026-02-02T03:07:58.4731059Z > Task :flagkit:generateReleaseResources FROM-CACHE
Build & Public Release	Build Release APK	2026-02-02T03:07:58.4731896Z > Task :core:common:mergeReleaseGeneratedProguardFiles
Build & Public Release	Build Release APK	2026-02-02T03:07:58.5731677Z > Task :flagkit:packageReleaseResources FROM-CACHE
Build & Public Release	Build Release APK	2026-02-02T03:07:58.5732980Z > Task :domain:compileReleaseKotlin FROM-CACHE
Build & Public Release	Build Release APK	2026-02-02T03:07:58.5734337Z > Task :domain:compileReleaseJavaWithJavac NO-SOURCE
Build & Public Release	Build Release APK	2026-02-02T03:07:58.5735283Z > Task :flagkit:parseReleaseLocalResources FROM-CACHE
Build & Public Release	Build Release APK	2026-02-02T03:07:58.5736520Z > Task :core:common:exportReleaseConsumerProguardFiles
Build & Public Release	Build Release APK	2026-02-02T03:07:58.5737505Z > Task :domain:mergeReleaseGeneratedProguardFiles
Build & Public Release	Build Release APK	2026-02-02T03:07:58.5738479Z > Task :domain:exportReleaseConsumerProguardFiles
Build & Public Release	Build Release APK	2026-02-02T03:07:58.5739463Z > Task :flagkit:generateReleaseRFile FROM-CACHE
Build & Public Release	Build Release APK	2026-02-02T03:07:58.5740384Z > Task :i18n:mergeReleaseGeneratedProguardFiles
Build & Public Release	Build Release APK	2026-02-02T03:07:58.5741376Z > Task :presentation-core:generateReleaseRFile FROM-CACHE
Build & Public Release	Build Release APK	2026-02-02T03:07:58.5742390Z > Task :i18n:exportReleaseConsumerProguardFiles
Build & Public Release	Build Release APK	2026-02-02T03:07:58.5743976Z > Task :domain:bundleLibCompileToJarRelease
Build & Public Release	Build Release APK	2026-02-02T03:07:58.6746845Z > Task :flagkit:compileReleaseKotlin FROM-CACHE
Build & Public Release	Build Release APK	2026-02-02T03:07:58.7725489Z > Task :source-local:compileReleaseKotlinAndroid FROM-CACHE
Build & Public Release	Build Release APK	2026-02-02T03:07:58.7729906Z > Task :source-local:compileReleaseJavaWithJavac NO-SOURCE
Build & Public Release	Build Release APK	2026-02-02T03:07:58.7731024Z > Task :source-local:mergeReleaseGeneratedProguardFiles
Build & Public Release	Build Release APK	2026-02-02T03:07:58.7731739Z > Task :source-local:exportReleaseConsumerProguardFiles
Build & Public Release	Build Release APK	2026-02-02T03:07:58.7732411Z > Task :flagkit:javaPreCompileRelease FROM-CACHE
Build & Public Release	Build Release APK	2026-02-02T03:07:58.7742061Z > Task :flagkit:compileReleaseJavaWithJavac NO-SOURCE
Build & Public Release	Build Release APK	2026-02-02T03:07:58.7742804Z > Task :flagkit:mergeReleaseGeneratedProguardFiles
Build & Public Release	Build Release APK	2026-02-02T03:07:58.7743671Z > Task :presentation-widget:generateReleaseRFile FROM-CACHE
Build & Public Release	Build Release APK	2026-02-02T03:07:58.7744420Z > Task :i18n-kmk:kmpPartiallyResolvedDependenciesChecker
Build & Public Release	Build Release APK	2026-02-02T03:07:58.7745220Z > Task :i18n-kmk:checkKotlinGradlePluginConfigurationErrors SKIPPED
Build & Public Release	Build Release APK	2026-02-02T03:07:58.7745982Z > Task :flagkit:exportReleaseConsumerProguardFiles
Build & Public Release	Build Release APK	2026-02-02T03:07:58.7746636Z > Task :i18n-ank:mergeReleaseGeneratedProguardFiles
Build & Public Release	Build Release APK	2026-02-02T03:07:58.7747271Z > Task :i18n-kmk:generateReleaseResValues FROM-CACHE
Build & Public Release	Build Release APK	2026-02-02T03:07:58.7747915Z > Task :i18n-ank:exportReleaseConsumerProguardFiles
Build & Public Release	Build Release APK	2026-02-02T03:07:58.7748583Z > Task :i18n-kmk:generateReleaseResources FROM-CACHE
Build & Public Release	Build Release APK	2026-02-02T03:07:58.7749227Z > Task :i18n-sy:mergeReleaseGeneratedProguardFiles
Build & Public Release	Build Release APK	2026-02-02T03:07:58.7749890Z > Task :i18n-sy:exportReleaseConsumerProguardFiles
Build & Public Release	Build Release APK	2026-02-02T03:07:58.7750684Z > Task :telemetry:checkKotlinGradlePluginConfigurationErrors SKIPPED
Build & Public Release	Build Release APK	2026-02-02T03:07:58.7751462Z > Task :telemetry:generateReleaseResValues FROM-CACHE
Build & Public Release	Build Release APK	2026-02-02T03:07:58.8726710Z > Task :telemetry:generateReleaseResources FROM-CACHE
Build & Public Release	Build Release APK	2026-02-02T03:07:58.8729940Z > Task :telemetry:packageReleaseResources FROM-CACHE
Build & Public Release	Build Release APK	2026-02-02T03:07:58.8733005Z > Task :i18n-kmk:packageReleaseResources FROM-CACHE
Build & Public Release	Build Release APK	2026-02-02T03:07:58.8736085Z > Task :telemetry:parseReleaseLocalResources FROM-CACHE
Build & Public Release	Build Release APK	2026-02-02T03:07:58.8738972Z > Task :i18n-kmk:parseReleaseLocalResources FROM-CACHE
Build & Public Release	Build Release APK	2026-02-02T03:07:58.8741905Z > Task :telemetry:generateReleaseRFile FROM-CACHE
Build & Public Release	Build Release APK	2026-02-02T03:07:58.8744989Z > Task :presentation-core:compileReleaseKotlin FROM-CACHE
Build & Public Release	Build Release APK	2026-02-02T03:07:58.8748035Z > Task :presentation-core:javaPreCompileRelease FROM-CACHE
Build & Public Release	Build Release APK	2026-02-02T03:07:58.8751066Z > Task :presentation-core:compileReleaseJavaWithJavac NO-SOURCE
Build & Public Release	Build Release APK	2026-02-02T03:07:58.8754013Z > Task :i18n-kmk:generateReleaseRFile FROM-CACHE
Build & Public Release	Build Release APK	2026-02-02T03:07:58.8756662Z > Task :data:compileReleaseKotlin FROM-CACHE
Build & Public Release	Build Release APK	2026-02-02T03:07:58.8759331Z > Task :data:compileReleaseJavaWithJavac NO-SOURCE
Build & Public Release	Build Release APK	2026-02-02T03:07:58.8762085Z > Task :data:mergeReleaseGeneratedProguardFiles
Build & Public Release	Build Release APK	2026-02-02T03:07:58.8764853Z > Task :presentation-core:bundleLibCompileToJarRelease
Build & Public Release	Build Release APK	2026-02-02T03:07:58.8768349Z > Task :data:exportReleaseConsumerProguardFiles
Build & Public Release	Build Release APK	2026-02-02T03:07:58.8771071Z > Task :presentation-core:mergeReleaseGeneratedProguardFiles
Build & Public Release	Build Release APK	2026-02-02T03:07:58.8773990Z > Task :telemetry:compileReleaseKotlin FROM-CACHE
Build & Public Release	Build Release APK	2026-02-02T03:07:58.8776737Z > Task :telemetry:javaPreCompileRelease FROM-CACHE
Build & Public Release	Build Release APK	2026-02-02T03:07:58.8779390Z > Task :i18n-kmk:compileReleaseKotlinAndroid FROM-CACHE
Build & Public Release	Build Release APK	2026-02-02T03:07:58.8782112Z > Task :telemetry:compileReleaseJavaWithJavac NO-SOURCE
Build & Public Release	Build Release APK	2026-02-02T03:07:58.8784898Z > Task :i18n-kmk:javaPreCompileRelease FROM-CACHE
Build & Public Release	Build Release APK	2026-02-02T03:07:58.9749260Z > Task :i18n-kmk:compileReleaseJavaWithJavac NO-SOURCE
Build & Public Release	Build Release APK	2026-02-02T03:07:58.9766214Z > Task :telemetry:mergeReleaseGeneratedProguardFiles
Build & Public Release	Build Release APK	2026-02-02T03:07:58.9767003Z > Task :presentation-core:exportReleaseConsumerProguardFiles
Build & Public Release	Build Release APK	2026-02-02T03:07:58.9767679Z > Task :i18n-kmk:mergeReleaseGeneratedProguardFiles
Build & Public Release	Build Release APK	2026-02-02T03:07:58.9768310Z > Task :telemetry:exportReleaseConsumerProguardFiles
Build & Public Release	Build Release APK	2026-02-02T03:07:58.9768980Z > Task :i18n-kmk:exportReleaseConsumerProguardFiles
Build & Public Release	Build Release APK	2026-02-02T03:07:58.9769553Z > Task :data:writeReleaseAarMetadata
Build & Public Release	Build Release APK	2026-02-02T03:07:58.9770090Z > Task :core-metadata:writeReleaseAarMetadata
Build & Public Release	Build Release APK	2026-02-02T03:07:58.9770652Z > Task :domain:writeReleaseAarMetadata
Build & Public Release	Build Release APK	2026-02-02T03:07:58.9771175Z > Task :flagkit:writeReleaseAarMetadata
Build & Public Release	Build Release APK	2026-02-02T03:07:58.9771691Z > Task :i18n:writeReleaseAarMetadata
Build & Public Release	Build Release APK	2026-02-02T03:07:58.9772212Z > Task :app:buildKotlinToolingMetadata
Build & Public Release	Build Release APK	2026-02-02T03:07:58.9773005Z > Task :i18n-ank:writeReleaseAarMetadata
Build & Public Release	Build Release APK	2026-02-02T03:07:58.9773622Z > Task :i18n-kmk:writeReleaseAarMetadata
Build & Public Release	Build Release APK	2026-02-02T03:07:58.9774100Z > Task :i18n-sy:writeReleaseAarMetadata
Build & Public Release	Build Release APK	2026-02-02T03:07:58.9774683Z > Task :presentation-widget:compileReleaseKotlin FROM-CACHE
Build & Public Release	Build Release APK	2026-02-02T03:07:58.9775417Z > Task :presentation-widget:compileReleaseJavaWithJavac NO-SOURCE
Build & Public Release	Build Release APK	2026-02-02T03:07:58.9776213Z > Task :presentation-widget:mergeReleaseGeneratedProguardFiles
Build & Public Release	Build Release APK	2026-02-02T03:07:58.9776987Z > Task :presentation-widget:exportReleaseConsumerProguardFiles
Build & Public Release	Build Release APK	2026-02-02T03:07:59.0728650Z > Task :presentation-core:writeReleaseAarMetadata
Build & Public Release	Build Release APK	2026-02-02T03:07:59.1774558Z > Task :presentation-widget:writeReleaseAarMetadata
Build & Public Release	Build Release APK	2026-02-02T03:07:59.1775578Z > Task :source-local:writeReleaseAarMetadata
Build & Public Release	Build Release APK	2026-02-02T03:07:59.1776271Z > Task :source-api:writeReleaseAarMetadata
Build & Public Release	Build Release APK	2026-02-02T03:07:59.1776893Z > Task :telemetry:writeReleaseAarMetadata
Build & Public Release	Build Release APK	2026-02-02T03:07:59.1777737Z > Task :app:checkKotlinGradlePluginConfigurationErrors SKIPPED
Build & Public Release	Build Release APK	2026-02-02T03:07:59.1778520Z > Task :core:common:writeReleaseAarMetadata
Build & Public Release	Build Release APK	2026-02-02T03:07:59.1779150Z > Task :core:archive:writeReleaseAarMetadata
Build & Public Release	Build Release APK	2026-02-02T03:07:59.1779808Z > Task :core-metadata:extractDeepLinksRelease FROM-CACHE
Build & Public Release	Build Release APK	2026-02-02T03:07:59.1780503Z > Task :data:extractDeepLinksRelease FROM-CACHE
Build & Public Release	Build Release APK	2026-02-02T03:07:59.1781210Z > Task :core-metadata:processReleaseManifest FROM-CACHE
Build & Public Release	Build Release APK	2026-02-02T03:07:59.1781921Z > Task :data:processReleaseManifest FROM-CACHE
Build & Public Release	Build Release APK	2026-02-02T03:07:59.1782618Z > Task :flagkit:extractDeepLinksRelease FROM-CACHE
Build & Public Release	Build Release APK	2026-02-02T03:07:59.1783484Z > Task :domain:extractDeepLinksRelease FROM-CACHE
Build & Public Release	Build Release APK	2026-02-02T03:07:59.1784208Z > Task :flagkit:processReleaseManifest FROM-CACHE
Build & Public Release	Build Release APK	2026-02-02T03:07:59.1784876Z > Task :i18n:extractDeepLinksRelease FROM-CACHE
Build & Public Release	Build Release APK	2026-02-02T03:07:59.1785532Z > Task :domain:processReleaseManifest FROM-CACHE
Build & Public Release	Build Release APK	2026-02-02T03:07:59.1786256Z > Task :i18n-ank:extractDeepLinksRelease FROM-CACHE
Build & Public Release	Build Release APK	2026-02-02T03:07:59.1786975Z > Task :i18n:processReleaseManifest FROM-CACHE
Build & Public Release	Build Release APK	2026-02-02T03:07:59.1787653Z > Task :i18n-ank:processReleaseManifest FROM-CACHE
Build & Public Release	Build Release APK	2026-02-02T03:07:59.1788275Z > Task :i18n-kmk:extractDeepLinksRelease FROM-CACHE
Build & Public Release	Build Release APK	2026-02-02T03:07:59.2726721Z > Task :i18n-sy:extractDeepLinksRelease FROM-CACHE
Build & Public Release	Build Release APK	2026-02-02T03:07:59.2727654Z > Task :i18n-kmk:processReleaseManifest FROM-CACHE
Build & Public Release	Build Release APK	2026-02-02T03:07:59.2728771Z > Task :presentation-core:extractDeepLinksRelease FROM-CACHE
Build & Public Release	Build Release APK	2026-02-02T03:07:59.2729584Z > Task :i18n-sy:processReleaseManifest FROM-CACHE
Build & Public Release	Build Release APK	2026-02-02T03:07:59.2730722Z > Task :presentation-widget:extractDeepLinksRelease FROM-CACHE
Build & Public Release	Build Release APK	2026-02-02T03:07:59.2731560Z > Task :presentation-core:processReleaseManifest FROM-CACHE
Build & Public Release	Build Release APK	2026-02-02T03:07:59.2732425Z > Task :presentation-widget:processReleaseManifest FROM-CACHE
Build & Public Release	Build Release APK	2026-02-02T03:07:59.2733438Z > Task :source-api:extractDeepLinksRelease FROM-CACHE
Build & Public Release	Build Release APK	2026-02-02T03:07:59.2734207Z > Task :source-local:extractDeepLinksRelease FROM-CACHE
Build & Public Release	Build Release APK	2026-02-02T03:07:59.2734922Z > Task :source-api:processReleaseManifest FROM-CACHE
Build & Public Release	Build Release APK	2026-02-02T03:07:59.2735704Z > Task :source-local:processReleaseManifest FROM-CACHE
Build & Public Release	Build Release APK	2026-02-02T03:07:59.2736451Z > Task :core:archive:extractDeepLinksRelease FROM-CACHE
Build & Public Release	Build Release APK	2026-02-02T03:07:59.2737230Z > Task :telemetry:extractDeepLinksRelease FROM-CACHE
Build & Public Release	Build Release APK	2026-02-02T03:07:59.2737986Z > Task :core:archive:processReleaseManifest FROM-CACHE
Build & Public Release	Build Release APK	2026-02-02T03:07:59.2738731Z > Task :telemetry:processReleaseManifest FROM-CACHE
Build & Public Release	Build Release APK	2026-02-02T03:07:59.2739488Z > Task :core:common:extractDeepLinksRelease FROM-CACHE
Build & Public Release	Build Release APK	2026-02-02T03:07:59.2740230Z > Task :app:checkReleaseDuplicateClasses
Build & Public Release	Build Release APK	2026-02-02T03:07:59.2740962Z > Task :core:common:processReleaseManifest FROM-CACHE
Build & Public Release	Build Release APK	2026-02-02T03:07:59.3730887Z > Task :flagkit:bundleLibCompileToJarRelease
Build & Public Release	Build Release APK	2026-02-02T03:07:59.3731653Z > Task :i18n-kmk:bundleLibCompileToJarRelease
Build & Public Release	Build Release APK	2026-02-02T03:07:59.3732310Z > Task :presentation-widget:bundleLibCompileToJarRelease
Build & Public Release	Build Release APK	2026-02-02T03:07:59.3732979Z > Task :data:bundleLibCompileToJarRelease
Build & Public Release	Build Release APK	2026-02-02T03:07:59.3733728Z > Task :telemetry:bundleLibCompileToJarRelease
Build & Public Release	Build Release APK	2026-02-02T03:07:59.3734662Z > Task :core-metadata:bundleLibRuntimeToJarRelease
Build & Public Release	Build Release APK	2026-02-02T03:07:59.3737667Z > Task :source-local:bundleLibCompileToJarRelease
Build & Public Release	Build Release APK	2026-02-02T03:07:59.3738312Z > Task :flagkit:bundleLibRuntimeToJarRelease
Build & Public Release	Build Release APK	2026-02-02T03:07:59.3738984Z > Task :app:dataBindingMergeDependencyArtifactsRelease
Build & Public Release	Build Release APK	2026-02-02T03:07:59.3739613Z > Task :app:generateReleaseResValues FROM-CACHE
Build & Public Release	Build Release APK	2026-02-02T03:07:59.4725989Z > Task :i18n:bundleLibRuntimeToJarRelease
Build & Public Release	Build Release APK	2026-02-02T03:07:59.4727519Z > Task :domain:bundleLibRuntimeToJarRelease
Build & Public Release	Build Release APK	2026-02-02T03:07:59.4728925Z > Task :data:bundleLibRuntimeToJarRelease
Build & Public Release	Build Release APK	2026-02-02T03:07:59.4768478Z > Task :i18n-kmk:bundleLibRuntimeToJarRelease
Build & Public Release	Build Release APK	2026-02-02T03:07:59.4769264Z > Task :i18n-ank:bundleLibRuntimeToJarRelease
Build & Public Release	Build Release APK	2026-02-02T03:07:59.4769821Z > Task :i18n-sy:bundleLibRuntimeToJarRelease
Build & Public Release	Build Release APK	2026-02-02T03:07:59.4770459Z > Task :presentation-widget:bundleLibRuntimeToJarRelease
Build & Public Release	Build Release APK	2026-02-02T03:07:59.4771071Z > Task :source-local:bundleLibRuntimeToJarRelease
Build & Public Release	Build Release APK	2026-02-02T03:07:59.4771650Z > Task :app:generateReleaseResources FROM-CACHE
Build & Public Release	Build Release APK	2026-02-02T03:07:59.4772211Z > Task :source-api:bundleLibRuntimeToJarRelease
Build & Public Release	Build Release APK	2026-02-02T03:07:59.4772778Z > Task :presentation-core:bundleLibRuntimeToJarRelease
Build & Public Release	Build Release APK	2026-02-02T03:07:59.4773567Z > Task :app:prepareLibraryDefinitionsRelease FROM-CACHE
Build & Public Release	Build Release APK	2026-02-02T03:07:59.4774106Z > Task :telemetry:bundleLibRuntimeToJarRelease
Build & Public Release	Build Release APK	2026-02-02T03:07:59.4774655Z > Task :core:archive:bundleLibRuntimeToJarRelease
Build & Public Release	Build Release APK	2026-02-02T03:07:59.4775205Z > Task :core:common:bundleLibRuntimeToJarRelease
Build & Public Release	Build Release APK	2026-02-02T03:07:59.5776474Z > Task :core-metadata:processReleaseJavaRes
Build & Public Release	Build Release APK	2026-02-02T03:07:59.5778106Z > Task :data:processReleaseJavaRes
Build & Public Release	Build Release APK	2026-02-02T03:07:59.5778626Z > Task :domain:processReleaseJavaRes
Build & Public Release	Build Release APK	2026-02-02T03:07:59.5779101Z > Task :flagkit:processReleaseJavaRes
Build & Public Release	Build Release APK	2026-02-02T03:07:59.5779580Z > Task :i18n:processReleaseJavaRes
Build & Public Release	Build Release APK	2026-02-02T03:07:59.5780057Z > Task :i18n-kmk:processReleaseJavaRes
Build & Public Release	Build Release APK	2026-02-02T03:07:59.5780578Z > Task :i18n-ank:processReleaseJavaRes
Build & Public Release	Build Release APK	2026-02-02T03:07:59.5781137Z > Task :i18n-sy:processReleaseJavaRes
Build & Public Release	Build Release APK	2026-02-02T03:07:59.5781686Z > Task :presentation-widget:processReleaseJavaRes
Build & Public Release	Build Release APK	2026-02-02T03:07:59.5782215Z > Task :source-api:processReleaseJavaRes
Build & Public Release	Build Release APK	2026-02-02T03:07:59.5782748Z > Task :presentation-core:processReleaseJavaRes
Build & Public Release	Build Release APK	2026-02-02T03:07:59.5783521Z > Task :core:archive:processReleaseJavaRes
Build & Public Release	Build Release APK	2026-02-02T03:07:59.5784034Z > Task :telemetry:processReleaseJavaRes
Build & Public Release	Build Release APK	2026-02-02T03:07:59.6725024Z > Task :source-local:processReleaseJavaRes
Build & Public Release	Build Release APK	2026-02-02T03:07:59.6741681Z > Task :core-metadata:mergeReleaseShaders
Build & Public Release	Build Release APK	2026-02-02T03:07:59.6743848Z > Task :core-metadata:compileReleaseShaders NO-SOURCE
Build & Public Release	Build Release APK	2026-02-02T03:07:59.6745635Z > Task :core-metadata:generateReleaseAssets UP-TO-DATE
Build & Public Release	Build Release APK	2026-02-02T03:07:59.6747936Z > Task :data:mergeReleaseShaders
Build & Public Release	Build Release APK	2026-02-02T03:07:59.6769478Z > Task :data:compileReleaseShaders NO-SOURCE
Build & Public Release	Build Release APK	2026-02-02T03:07:59.6770193Z > Task :core:common:processReleaseJavaRes
Build & Public Release	Build Release APK	2026-02-02T03:07:59.6770760Z > Task :data:generateReleaseAssets UP-TO-DATE
Build & Public Release	Build Release APK	2026-02-02T03:07:59.6771338Z > Task :core-metadata:mergeReleaseAssets
Build & Public Release	Build Release APK	2026-02-02T03:07:59.6771844Z > Task :data:mergeReleaseAssets
Build & Public Release	Build Release APK	2026-02-02T03:07:59.6772318Z > Task :domain:mergeReleaseShaders
Build & Public Release	Build Release APK	2026-02-02T03:07:59.6772813Z > Task :flagkit:mergeReleaseShaders
Build & Public Release	Build Release APK	2026-02-02T03:07:59.6773513Z > Task :domain:compileReleaseShaders NO-SOURCE
Build & Public Release	Build Release APK	2026-02-02T03:07:59.6774109Z > Task :domain:generateReleaseAssets UP-TO-DATE
Build & Public Release	Build Release APK	2026-02-02T03:07:59.6774675Z > Task :flagkit:compileReleaseShaders NO-SOURCE
Build & Public Release	Build Release APK	2026-02-02T03:07:59.6775279Z > Task :flagkit:generateReleaseAssets UP-TO-DATE
Build & Public Release	Build Release APK	2026-02-02T03:07:59.6775834Z > Task :i18n:mergeReleaseShaders
Build & Public Release	Build Release APK	2026-02-02T03:07:59.6776346Z > Task :i18n:compileReleaseShaders NO-SOURCE
Build & Public Release	Build Release APK	2026-02-02T03:07:59.6776914Z > Task :i18n:generateReleaseAssets UP-TO-DATE
Build & Public Release	Build Release APK	2026-02-02T03:07:59.6777510Z > Task :i18n:releaseAssetsCopyForAGP NO-SOURCE
Build & Public Release	Build Release APK	2026-02-02T03:07:59.6778063Z > Task :domain:mergeReleaseAssets
Build & Public Release	Build Release APK	2026-02-02T03:07:59.6778542Z > Task :flagkit:mergeReleaseAssets
Build & Public Release	Build Release APK	2026-02-02T03:07:59.6779039Z > Task :i18n:mergeReleaseAssets
Build & Public Release	Build Release APK	2026-02-02T03:07:59.6779821Z > Task :i18n-kmk:mergeReleaseShaders
Build & Public Release	Build Release APK	2026-02-02T03:07:59.6780379Z > Task :i18n-kmk:compileReleaseShaders NO-SOURCE
Build & Public Release	Build Release APK	2026-02-02T03:07:59.6780981Z > Task :i18n-kmk:generateReleaseAssets UP-TO-DATE
Build & Public Release	Build Release APK	2026-02-02T03:07:59.6781555Z > Task :i18n-ank:mergeReleaseShaders
Build & Public Release	Build Release APK	2026-02-02T03:07:59.6782102Z > Task :i18n-kmk:releaseAssetsCopyForAGP NO-SOURCE
Build & Public Release	Build Release APK	2026-02-02T03:07:59.6782700Z > Task :i18n-ank:compileReleaseShaders NO-SOURCE
Build & Public Release	Build Release APK	2026-02-02T03:07:59.6783495Z > Task :i18n-ank:generateReleaseAssets UP-TO-DATE
Build & Public Release	Build Release APK	2026-02-02T03:07:59.6784092Z > Task :i18n-ank:releaseAssetsCopyForAGP NO-SOURCE
Build & Public Release	Build Release APK	2026-02-02T03:07:59.6784638Z > Task :i18n-sy:mergeReleaseShaders
Build & Public Release	Build Release APK	2026-02-02T03:07:59.6785159Z > Task :i18n-sy:compileReleaseShaders NO-SOURCE
Build & Public Release	Build Release APK	2026-02-02T03:07:59.6785724Z > Task :i18n-sy:generateReleaseAssets UP-TO-DATE
Build & Public Release	Build Release APK	2026-02-02T03:07:59.6786313Z > Task :i18n-sy:releaseAssetsCopyForAGP NO-SOURCE
Build & Public Release	Build Release APK	2026-02-02T03:07:59.6786893Z > Task :i18n-kmk:mergeReleaseAssets
Build & Public Release	Build Release APK	2026-02-02T03:07:59.6787373Z > Task :i18n-ank:mergeReleaseAssets
Build & Public Release	Build Release APK	2026-02-02T03:07:59.6787871Z > Task :i18n-sy:mergeReleaseAssets
Build & Public Release	Build Release APK	2026-02-02T03:07:59.6788399Z > Task :presentation-core:mergeReleaseShaders
Build & Public Release	Build Release APK	2026-02-02T03:07:59.6789018Z > Task :presentation-core:compileReleaseShaders NO-SOURCE
Build & Public Release	Build Release APK	2026-02-02T03:07:59.6789704Z > Task :presentation-core:generateReleaseAssets UP-TO-DATE
Build & Public Release	Build Release APK	2026-02-02T03:07:59.6790356Z > Task :presentation-widget:mergeReleaseShaders
Build & Public Release	Build Release APK	2026-02-02T03:07:59.6790807Z > Task :source-api:mergeReleaseShaders
Build & Public Release	Build Release APK	2026-02-02T03:07:59.6791355Z > Task :presentation-widget:compileReleaseShaders NO-SOURCE
Build & Public Release	Build Release APK	2026-02-02T03:07:59.6791957Z > Task :presentation-widget:generateReleaseAssets UP-TO-DATE
Build & Public Release	Build Release APK	2026-02-02T03:07:59.6792565Z > Task :source-api:compileReleaseShaders NO-SOURCE
Build & Public Release	Build Release APK	2026-02-02T03:07:59.6793287Z > Task :source-api:generateReleaseAssets UP-TO-DATE
Build & Public Release	Build Release APK	2026-02-02T03:07:59.6793875Z > Task :source-api:releaseAssetsCopyForAGP NO-SOURCE
Build & Public Release	Build Release APK	2026-02-02T03:07:59.6794379Z > Task :presentation-core:mergeReleaseAssets
Build & Public Release	Build Release APK	2026-02-02T03:07:59.6794881Z > Task :presentation-widget:mergeReleaseAssets
Build & Public Release	Build Release APK	2026-02-02T03:07:59.6795371Z > Task :source-api:mergeReleaseAssets
Build & Public Release	Build Release APK	2026-02-02T03:07:59.6795819Z > Task :source-local:mergeReleaseShaders
Build & Public Release	Build Release APK	2026-02-02T03:07:59.6796341Z > Task :source-local:compileReleaseShaders NO-SOURCE
Build & Public Release	Build Release APK	2026-02-02T03:07:59.6796927Z > Task :source-local:generateReleaseAssets UP-TO-DATE
Build & Public Release	Build Release APK	2026-02-02T03:07:59.6797557Z > Task :source-local:releaseAssetsCopyForAGP NO-SOURCE
Build & Public Release	Build Release APK	2026-02-02T03:07:59.6798099Z > Task :core:archive:mergeReleaseShaders
Build & Public Release	Build Release APK	2026-02-02T03:07:59.6798834Z > Task :telemetry:mergeReleaseShaders
Build & Public Release	Build Release APK	2026-02-02T03:07:59.6799374Z > Task :telemetry:compileReleaseShaders NO-SOURCE
Build & Public Release	Build Release APK	2026-02-02T03:07:59.6799967Z > Task :core:archive:compileReleaseShaders NO-SOURCE
Build & Public Release	Build Release APK	2026-02-02T03:07:59.6800553Z > Task :core:archive:generateReleaseAssets UP-TO-DATE
Build & Public Release	Build Release APK	2026-02-02T03:07:59.6801092Z > Task :telemetry:generateReleaseAssets UP-TO-DATE
Build & Public Release	Build Release APK	2026-02-02T03:07:59.6802582Z > Task :source-local:mergeReleaseAssets
Build & Public Release	Build Release APK	2026-02-02T03:07:59.6803216Z > Task :telemetry:mergeReleaseAssets
Build & Public Release	Build Release APK	2026-02-02T03:07:59.7755324Z > Task :core:archive:mergeReleaseAssets
Build & Public Release	Build Release APK	2026-02-02T03:07:59.7804107Z > Task :core-metadata:stripReleaseDebugSymbols NO-SOURCE
Build & Public Release	Build Release APK	2026-02-02T03:07:59.7804888Z > Task :i18n:compileReleaseLibraryResources FROM-CACHE
Build & Public Release	Build Release APK	2026-02-02T03:07:59.7805494Z > Task :core:common:mergeReleaseShaders
Build & Public Release	Build Release APK	2026-02-02T03:07:59.7806073Z > Task :core:common:compileReleaseShaders NO-SOURCE
Build & Public Release	Build Release APK	2026-02-02T03:07:59.7806707Z > Task :core:common:generateReleaseAssets UP-TO-DATE
Build & Public Release	Build Release APK	2026-02-02T03:07:59.7807350Z > Task :core-metadata:copyReleaseJniLibsProjectAndLocalJars
Build & Public Release	Build Release APK	2026-02-02T03:07:59.7808100Z > Task :i18n-sy:compileReleaseLibraryResources FROM-CACHE
Build & Public Release	Build Release APK	2026-02-02T03:07:59.7808825Z > Task :core-metadata:extractDeepLinksForAarRelease FROM-CACHE
Build & Public Release	Build Release APK	2026-02-02T03:07:59.7809588Z > Task :source-api:compileReleaseLibraryResources FROM-CACHE
Build & Public Release	Build Release APK	2026-02-02T03:07:59.7810284Z > Task :data:stripReleaseDebugSymbols NO-SOURCE
Build & Public Release	Build Release APK	2026-02-02T03:07:59.7810800Z > Task :core:common:mergeReleaseAssets
Build & Public Release	Build Release APK	2026-02-02T03:07:59.7811349Z > Task :data:copyReleaseJniLibsProjectAndLocalJars
Build & Public Release	Build Release APK	2026-02-02T03:07:59.7812478Z > Task :core:common:compileReleaseLibraryResources FROM-CACHE
Build & Public Release	Build Release APK	2026-02-02T03:07:59.7813306Z > Task :data:extractDeepLinksForAarRelease FROM-CACHE
Build & Public Release	Build Release APK	2026-02-02T03:07:59.7814015Z > Task :domain:compileReleaseLibraryResources FROM-CACHE
Build & Public Release	Build Release APK	2026-02-02T03:07:59.7814728Z > Task :i18n-ank:compileReleaseLibraryResources FROM-CACHE
Build & Public Release	Build Release APK	2026-02-02T03:07:59.7815378Z > Task :domain:stripReleaseDebugSymbols NO-SOURCE
Build & Public Release	Build Release APK	2026-02-02T03:07:59.7816028Z > Task :domain:copyReleaseJniLibsProjectAndLocalJars
Build & Public Release	Build Release APK	2026-02-02T03:07:59.7816719Z > Task :domain:extractDeepLinksForAarRelease FROM-CACHE
Build & Public Release	Build Release APK	2026-02-02T03:08:00.3746514Z > Task :app:prepareReleaseShortcutXML
Build & Public Release	Build Release APK	2026-02-02T03:08:01.1723218Z > Task :core-metadata:extractReleaseAnnotations FROM-CACHE
Build & Public Release	Build Release APK	2026-02-02T03:08:01.1725130Z > Task :core-metadata:mergeReleaseConsumerProguardFiles
Build & Public Release	Build Release APK	2026-02-02T03:08:01.1726111Z > Task :core-metadata:prepareLintJarForPublish
Build & Public Release	Build Release APK	2026-02-02T03:08:01.3723370Z > Task :core-metadata:mergeReleaseJavaResource
Build & Public Release	Build Release APK	2026-02-02T03:08:01.3726192Z > Task :core-metadata:syncReleaseLibJars FROM-CACHE
Build & Public Release	Build Release APK	2026-02-02T03:08:01.4731116Z > Task :core-metadata:bundleReleaseAar
Build & Public Release	Build Release APK	2026-02-02T03:08:01.4734582Z > Task :data:extractReleaseAnnotations FROM-CACHE
Build & Public Release	Build Release APK	2026-02-02T03:08:01.4735569Z > Task :data:mergeReleaseConsumerProguardFiles
Build & Public Release	Build Release APK	2026-02-02T03:08:01.4736219Z > Task :domain:extractReleaseAnnotations FROM-CACHE
Build & Public Release	Build Release APK	2026-02-02T03:08:01.5751218Z > Task :data:prepareLintJarForPublish
Build & Public Release	Build Release APK	2026-02-02T03:08:01.5755309Z > Task :data:mergeReleaseJavaResource
Build & Public Release	Build Release APK	2026-02-02T03:08:01.5756966Z > Task :domain:mergeReleaseConsumerProguardFiles
Build & Public Release	Build Release APK	2026-02-02T03:08:01.5758408Z > Task :domain:prepareLintJarForPublish
Build & Public Release	Build Release APK	2026-02-02T03:08:01.5759879Z > Task :core-metadata:mapReleaseSourceSetPaths
Build & Public Release	Build Release APK	2026-02-02T03:08:01.5761404Z > Task :data:mapReleaseSourceSetPaths
Build & Public Release	Build Release APK	2026-02-02T03:08:01.5762771Z > Task :domain:mergeReleaseJavaResource
Build & Public Release	Build Release APK	2026-02-02T03:08:01.5764381Z > Task :data:syncReleaseLibJars FROM-CACHE
Build & Public Release	Build Release APK	2026-02-02T03:08:01.5765851Z > Task :domain:syncReleaseLibJars FROM-CACHE
Build & Public Release	Build Release APK	2026-02-02T03:08:01.6765351Z > Task :data:bundleReleaseAar
Build & Public Release	Build Release APK	2026-02-02T03:08:01.6765958Z > Task :domain:bundleReleaseAar
Build & Public Release	Build Release APK	2026-02-02T03:08:01.6766450Z > Task :domain:mapReleaseSourceSetPaths
Build & Public Release	Build Release APK	2026-02-02T03:08:01.7723872Z > Task :flagkit:stripReleaseDebugSymbols NO-SOURCE
Build & Public Release	Build Release APK	2026-02-02T03:08:01.7724963Z > Task :flagkit:copyReleaseJniLibsProjectAndLocalJars
Build & Public Release	Build Release APK	2026-02-02T03:08:01.7725866Z > Task :flagkit:extractDeepLinksForAarRelease FROM-CACHE
Build & Public Release	Build Release APK	2026-02-02T03:08:01.7726815Z > Task :flagkit:extractReleaseAnnotations FROM-CACHE
Build & Public Release	Build Release APK	2026-02-02T03:08:01.7727928Z > Task :flagkit:mergeReleaseConsumerProguardFiles
Build & Public Release	Build Release APK	2026-02-02T03:08:01.7728694Z > Task :app:mergeReleaseResources FROM-CACHE
Build & Public Release	Build Release APK	2026-02-02T03:08:01.7729406Z > Task :flagkit:prepareLintJarForPublish
Build & Public Release	Build Release APK	2026-02-02T03:08:01.8723713Z > Task :flagkit:mergeReleaseJavaResource
Build & Public Release	Build Release APK	2026-02-02T03:08:01.8728629Z > Task :core-metadata:mergeReleaseResources FROM-CACHE
Build & Public Release	Build Release APK	2026-02-02T03:08:02.0723525Z > Task :app:dataBindingGenBaseClassesRelease FROM-CACHE
Build & Public Release	Build Release APK	2026-02-02T03:08:02.0724221Z > Task :data:mergeReleaseResources FROM-CACHE
Build & Public Release	Build Release APK	2026-02-02T03:08:02.1743341Z > Task :core-metadata:verifyReleaseResources FROM-CACHE
Build & Public Release	Build Release APK	2026-02-02T03:08:02.1744097Z > Task :core-metadata:assembleRelease
Build & Public Release	Build Release APK	2026-02-02T03:08:02.1744695Z > Task :app:generateReleaseBuildConfig
Build & Public Release	Build Release APK	2026-02-02T03:08:02.1745323Z > Task :flagkit:syncReleaseLibJars FROM-CACHE
Build & Public Release	Build Release APK	2026-02-02T03:08:02.1745920Z > Task :domain:mergeReleaseResources FROM-CACHE
Build & Public Release	Build Release APK	2026-02-02T03:08:02.3730237Z > Task :flagkit:bundleReleaseAar
Build & Public Release	Build Release APK	2026-02-02T03:08:02.3730883Z > Task :data:verifyReleaseResources FROM-CACHE
Build & Public Release	Build Release APK	2026-02-02T03:08:02.3731506Z > Task :data:assembleRelease
Build & Public Release	Build Release APK	2026-02-02T03:08:02.3732067Z > Task :i18n:stripReleaseDebugSymbols NO-SOURCE
Build & Public Release	Build Release APK	2026-02-02T03:08:02.3732706Z > Task :i18n:copyReleaseJniLibsProjectAndLocalJars
Build & Public Release	Build Release APK	2026-02-02T03:08:02.3733551Z > Task :i18n:extractDeepLinksForAarRelease FROM-CACHE
Build & Public Release	Build Release APK	2026-02-02T03:08:02.3734233Z > Task :domain:verifyReleaseResources FROM-CACHE
Build & Public Release	Build Release APK	2026-02-02T03:08:02.3734807Z > Task :domain:assembleRelease
Build & Public Release	Build Release APK	2026-02-02T03:08:02.3735381Z > Task :i18n-ank:stripReleaseDebugSymbols NO-SOURCE
Build & Public Release	Build Release APK	2026-02-02T03:08:02.3736329Z > Task :flagkit:mapReleaseSourceSetPaths
Build & Public Release	Build Release APK	2026-02-02T03:08:02.3736964Z > Task :i18n-ank:copyReleaseJniLibsProjectAndLocalJars
Build & Public Release	Build Release APK	2026-02-02T03:08:02.3737659Z > Task :i18n:extractReleaseAnnotations FROM-CACHE
Build & Public Release	Build Release APK	2026-02-02T03:08:02.3738313Z > Task :i18n:mergeReleaseConsumerProguardFiles
Build & Public Release	Build Release APK	2026-02-02T03:08:02.3738868Z > Task :app:mapReleaseSourceSetPaths
Build & Public Release	Build Release APK	2026-02-02T03:08:02.3739430Z > Task :i18n:prepareLintJarForPublish
Build & Public Release	Build Release APK	2026-02-02T03:08:02.3739997Z > Task :app:checkReleaseAarMetadata
Build & Public Release	Build Release APK	2026-02-02T03:08:02.4723812Z > Task :i18n-ank:extractDeepLinksForAarRelease FROM-CACHE
Build & Public Release	Build Release APK	2026-02-02T03:08:02.4724725Z > Task :app:createReleaseCompatibleScreenManifests
Build & Public Release	Build Release APK	2026-02-02T03:08:02.4725620Z > Task :i18n:mergeReleaseJavaResource
Build & Public Release	Build Release APK	2026-02-02T03:08:02.4742068Z > Task :app:extractDeepLinksRelease FROM-CACHE
Build & Public Release	Build Release APK	2026-02-02T03:08:02.4743348Z > Task :i18n-ank:extractReleaseAnnotations FROM-CACHE
Build & Public Release	Build Release APK	2026-02-02T03:08:02.4744238Z > Task :i18n-ank:mergeReleaseConsumerProguardFiles
Build & Public Release	Build Release APK	2026-02-02T03:08:02.4752574Z > Task :i18n:mapReleaseSourceSetPaths
Build & Public Release	Build Release APK	2026-02-02T03:08:02.4753672Z > Task :i18n:syncReleaseLibJars FROM-CACHE
Build & Public Release	Build Release APK	2026-02-02T03:08:02.5735974Z > Task :i18n-ank:prepareLintJarForPublish
Build & Public Release	Build Release APK	2026-02-02T03:08:02.5736740Z > Task :i18n-ank:mergeReleaseJavaResource
Build & Public Release	Build Release APK	2026-02-02T03:08:02.5737405Z > Task :i18n-ank:syncReleaseLibJars FROM-CACHE
Build & Public Release	Build Release APK	2026-02-02T03:08:02.6764817Z > Task :i18n-ank:bundleReleaseAar
Build & Public Release	Build Release APK	2026-02-02T03:08:02.6765466Z > Task :i18n-ank:mapReleaseSourceSetPaths
Build & Public Release	Build Release APK	2026-02-02T03:08:02.7723553Z > Task :app:processReleaseMainManifest FROM-CACHE
Build & Public Release	Build Release APK	2026-02-02T03:08:02.7726674Z > Task :i18n-ank:mergeReleaseResources FROM-CACHE
Build & Public Release	Build Release APK	2026-02-02T03:08:02.7729899Z > Task :app:processReleaseManifest FROM-CACHE
Build & Public Release	Build Release APK	2026-02-02T03:08:02.7730820Z > Task :i18n:bundleReleaseAar
Build & Public Release	Build Release APK	2026-02-02T03:08:02.8736759Z > Task :app:processReleaseManifestForPackage FROM-CACHE
Build & Public Release	Build Release APK	2026-02-02T03:08:02.8740174Z > Task :app:javaPreCompileRelease FROM-CACHE
Build & Public Release	Build Release APK	2026-02-02T03:08:02.8741979Z > Task :i18n-ank:verifyReleaseResources FROM-CACHE
Build & Public Release	Build Release APK	2026-02-02T03:08:02.8742976Z > Task :i18n-ank:assembleRelease
Build & Public Release	Build Release APK	2026-02-02T03:08:02.8743928Z > Task :i18n-kmk:stripReleaseDebugSymbols NO-SOURCE
Build & Public Release	Build Release APK	2026-02-02T03:08:02.8744648Z > Task :app:extractProguardFiles
Build & Public Release	Build Release APK	2026-02-02T03:08:02.8745352Z > Task :i18n-kmk:copyReleaseJniLibsProjectAndLocalJars
Build & Public Release	Build Release APK	2026-02-02T03:08:02.8746171Z > Task :i18n-kmk:extractDeepLinksForAarRelease FROM-CACHE
Build & Public Release	Build Release APK	2026-02-02T03:08:02.9724097Z > Task :i18n-kmk:extractReleaseAnnotations FROM-CACHE
Build & Public Release	Build Release APK	2026-02-02T03:08:02.9725171Z > Task :flagkit:mergeReleaseResources FROM-CACHE
Build & Public Release	Build Release APK	2026-02-02T03:08:02.9726457Z > Task :i18n-kmk:mergeReleaseConsumerProguardFiles
Build & Public Release	Build Release APK	2026-02-02T03:08:02.9727365Z > Task :i18n-kmk:prepareLintJarForPublish
Build & Public Release	Build Release APK	2026-02-02T03:08:02.9728089Z > Task :i18n-kmk:mergeReleaseJavaResource
Build & Public Release	Build Release APK	2026-02-02T03:08:02.9728837Z > Task :i18n-kmk:syncReleaseLibJars FROM-CACHE
Build & Public Release	Build Release APK	2026-02-02T03:08:03.0729752Z > Task :i18n-kmk:bundleReleaseAar
Build & Public Release	Build Release APK	2026-02-02T03:08:03.0730383Z > Task :i18n-kmk:mapReleaseSourceSetPaths
Build & Public Release	Build Release APK	2026-02-02T03:08:03.0730999Z > Task :i18n-sy:stripReleaseDebugSymbols NO-SOURCE
Build & Public Release	Build Release APK	2026-02-02T03:08:03.0731719Z > Task :i18n-sy:copyReleaseJniLibsProjectAndLocalJars
Build & Public Release	Build Release APK	2026-02-02T03:08:03.0732563Z > Task :i18n:mergeReleaseResources FROM-CACHE
Build & Public Release	Build Release APK	2026-02-02T03:08:03.0733411Z > Task :i18n-sy:extractDeepLinksForAarRelease FROM-CACHE
Build & Public Release	Build Release APK	2026-02-02T03:08:03.1723909Z > Task :i18n-sy:extractReleaseAnnotations FROM-CACHE
Build & Public Release	Build Release APK	2026-02-02T03:08:03.1724636Z > Task :i18n-sy:mergeReleaseConsumerProguardFiles
Build & Public Release	Build Release APK	2026-02-02T03:08:03.1725260Z > Task :i18n-sy:prepareLintJarForPublish
Build & Public Release	Build Release APK	2026-02-02T03:08:03.1725816Z > Task :i18n-sy:mergeReleaseJavaResource
Build & Public Release	Build Release APK	2026-02-02T03:08:03.1726427Z > Task :i18n-sy:syncReleaseLibJars FROM-CACHE
Build & Public Release	Build Release APK	2026-02-02T03:08:03.1727027Z > Task :flagkit:verifyReleaseResources FROM-CACHE
Build & Public Release	Build Release APK	2026-02-02T03:08:03.1727601Z > Task :flagkit:assembleRelease
Build & Public Release	Build Release APK	2026-02-02T03:08:03.1728120Z > Task :i18n:verifyReleaseResources FROM-CACHE
Build & Public Release	Build Release APK	2026-02-02T03:08:03.1728683Z > Task :i18n:assembleRelease
Build & Public Release	Build Release APK	2026-02-02T03:08:03.1729296Z > Task :presentation-core:stripReleaseDebugSymbols NO-SOURCE
Build & Public Release	Build Release APK	2026-02-02T03:08:03.2746598Z > Task :presentation-core:copyReleaseJniLibsProjectAndLocalJars
Build & Public Release	Build Release APK	2026-02-02T03:08:03.2752371Z > Task :i18n-sy:bundleReleaseAar
Build & Public Release	Build Release APK	2026-02-02T03:08:03.2753008Z > Task :presentation-core:extractDeepLinksForAarRelease FROM-CACHE
Build & Public Release	Build Release APK	2026-02-02T03:08:03.2753770Z > Task :i18n-sy:mapReleaseSourceSetPaths
Build & Public Release	Build Release APK	2026-02-02T03:08:03.2754314Z > Task :i18n-kmk:mergeReleaseResources FROM-CACHE
Build & Public Release	Build Release APK	2026-02-02T03:08:03.3734820Z > Task :i18n-kmk:verifyReleaseResources FROM-CACHE
Build & Public Release	Build Release APK	2026-02-02T03:08:03.3735677Z > Task :i18n-kmk:assembleRelease
Build & Public Release	Build Release APK	2026-02-02T03:08:03.3736450Z > Task :presentation-core:extractReleaseAnnotations FROM-CACHE
Build & Public Release	Build Release APK	2026-02-02T03:08:03.3737357Z > Task :presentation-widget:stripReleaseDebugSymbols NO-SOURCE
Build & Public Release	Build Release APK	2026-02-02T03:08:03.3738291Z > Task :presentation-widget:copyReleaseJniLibsProjectAndLocalJars
Build & Public Release	Build Release APK	2026-02-02T03:08:03.3739224Z > Task :presentation-core:mergeReleaseConsumerProguardFiles
Build & Public Release	Build Release APK	2026-02-02T03:08:03.3740157Z > Task :presentation-widget:extractDeepLinksForAarRelease FROM-CACHE
Build & Public Release	Build Release APK	2026-02-02T03:08:03.3740998Z > Task :presentation-core:prepareLintJarForPublish
Build & Public Release	Build Release APK	2026-02-02T03:08:03.3741717Z > Task :i18n-sy:mergeReleaseResources FROM-CACHE
Build & Public Release	Build Release APK	2026-02-02T03:08:03.3742423Z > Task :presentation-core:mergeReleaseJavaResource
Build & Public Release	Build Release APK	2026-02-02T03:08:03.3743306Z > Task :presentation-core:syncReleaseLibJars FROM-CACHE
Build & Public Release	Build Release APK	2026-02-02T03:08:03.3744042Z > Task :i18n-sy:verifyReleaseResources FROM-CACHE
Build & Public Release	Build Release APK	2026-02-02T03:08:03.3744682Z > Task :i18n-sy:assembleRelease
Build & Public Release	Build Release APK	2026-02-02T03:08:03.3745320Z > Task :source-api:stripReleaseDebugSymbols NO-SOURCE
Build & Public Release	Build Release APK	2026-02-02T03:08:03.3746132Z > Task :source-api:copyReleaseJniLibsProjectAndLocalJars
Build & Public Release	Build Release APK	2026-02-02T03:08:03.3746953Z > Task :source-api:extractDeepLinksForAarRelease FROM-CACHE
Build & Public Release	Build Release APK	2026-02-02T03:08:03.4726209Z > Task :app:processReleaseResources FROM-CACHE
Build & Public Release	Build Release APK	2026-02-02T03:08:03.4726891Z > Task :presentation-core:bundleReleaseAar
Build & Public Release	Build Release APK	2026-02-02T03:08:03.4727607Z > Task :presentation-widget:extractReleaseAnnotations FROM-CACHE
Build & Public Release	Build Release APK	2026-02-02T03:08:03.4728433Z > Task :presentation-widget:mergeReleaseConsumerProguardFiles
Build & Public Release	Build Release APK	2026-02-02T03:08:03.4729195Z > Task :source-api:extractReleaseAnnotations FROM-CACHE
Build & Public Release	Build Release APK	2026-02-02T03:08:03.4729906Z > Task :presentation-widget:prepareLintJarForPublish
Build & Public Release	Build Release APK	2026-02-02T03:08:03.5735574Z > Task :presentation-widget:mergeReleaseJavaResource
Build & Public Release	Build Release APK	2026-02-02T03:08:03.5736383Z > Task :source-api:mergeReleaseConsumerProguardFiles
Build & Public Release	Build Release APK	2026-02-02T03:08:03.5737099Z > Task :presentation-core:mapReleaseSourceSetPaths
Build & Public Release	Build Release APK	2026-02-02T03:08:03.5737735Z > Task :source-api:prepareLintJarForPublish
Build & Public Release	Build Release APK	2026-02-02T03:08:03.5738334Z > Task :source-api:mergeReleaseJavaResource
Build & Public Release	Build Release APK	2026-02-02T03:08:03.5739157Z > Task :source-api:syncReleaseLibJars FROM-CACHE
Build & Public Release	Build Release APK	2026-02-02T03:08:03.5739835Z > Task :presentation-widget:mapReleaseSourceSetPaths
Build & Public Release	Build Release APK	2026-02-02T03:08:03.5740563Z > Task :presentation-widget:syncReleaseLibJars FROM-CACHE
Build & Public Release	Build Release APK	2026-02-02T03:08:03.6723352Z > Task :source-api:bundleReleaseAar
Build & Public Release	Build Release APK	2026-02-02T03:08:03.6724382Z > Task :source-api:mapReleaseSourceSetPaths
Build & Public Release	Build Release APK	2026-02-02T03:08:03.6725242Z > Task :presentation-widget:bundleReleaseAar
Build & Public Release	Build Release APK	2026-02-02T03:08:04.0722721Z > Task :source-api:mergeReleaseResources FROM-CACHE
Build & Public Release	Build Release APK	2026-02-02T03:08:04.0725988Z > Task :presentation-core:mergeReleaseResources FROM-CACHE
Build & Public Release	Build Release APK	2026-02-02T03:08:04.1723423Z > Task :source-api:verifyReleaseResources FROM-CACHE
Build & Public Release	Build Release APK	2026-02-02T03:08:04.1726732Z > Task :source-api:assembleRelease
Build & Public Release	Build Release APK	2026-02-02T03:08:04.1727658Z > Task :source-local:stripReleaseDebugSymbols NO-SOURCE
Build & Public Release	Build Release APK	2026-02-02T03:08:04.1728637Z > Task :source-local:copyReleaseJniLibsProjectAndLocalJars
Build & Public Release	Build Release APK	2026-02-02T03:08:04.2722777Z > Task :source-local:extractDeepLinksForAarRelease FROM-CACHE
Build & Public Release	Build Release APK	2026-02-02T03:08:04.2725571Z > Task :source-local:extractReleaseAnnotations FROM-CACHE
Build & Public Release	Build Release APK	2026-02-02T03:08:04.2727093Z > Task :source-local:mergeReleaseConsumerProguardFiles
Build & Public Release	Build Release APK	2026-02-02T03:08:04.2728523Z > Task :source-local:prepareLintJarForPublish
Build & Public Release	Build Release APK	2026-02-02T03:08:04.2729851Z > Task :source-local:mergeReleaseJavaResource
Build & Public Release	Build Release APK	2026-02-02T03:08:04.2731210Z > Task :source-local:syncReleaseLibJars FROM-CACHE
Build & Public Release	Build Release APK	2026-02-02T03:08:04.3762799Z > Task :source-local:bundleReleaseAar
Build & Public Release	Build Release APK	2026-02-02T03:08:04.3763769Z > Task :core-metadata:compileReleaseLibraryResources FROM-CACHE
Build & Public Release	Build Release APK	2026-02-02T03:08:04.3764759Z > Task :source-local:mapReleaseSourceSetPaths
Build & Public Release	Build Release APK	2026-02-02T03:08:04.3765461Z > Task :presentation-core:verifyReleaseResources FROM-CACHE
Build & Public Release	Build Release APK	2026-02-02T03:08:04.3766157Z > Task :presentation-core:assembleRelease
Build & Public Release	Build Release APK	2026-02-02T03:08:04.3766923Z > Task :presentation-core:compileReleaseLibraryResources FROM-CACHE
Build & Public Release	Build Release APK	2026-02-02T03:08:04.3767807Z > Task :core:archive:compileReleaseLibraryResources FROM-CACHE
Build & Public Release	Build Release APK	2026-02-02T03:08:04.3768582Z > Task :telemetry:stripReleaseDebugSymbols NO-SOURCE
Build & Public Release	Build Release APK	2026-02-02T03:08:04.3803696Z > Task :telemetry:copyReleaseJniLibsProjectAndLocalJars
Build & Public Release	Build Release APK	2026-02-02T03:08:04.3804647Z > Task :telemetry:extractDeepLinksForAarRelease FROM-CACHE
Build & Public Release	Build Release APK	2026-02-02T03:08:04.4736672Z > Task :telemetry:extractReleaseAnnotations FROM-CACHE
Build & Public Release	Build Release APK	2026-02-02T03:08:04.4739940Z > Task :telemetry:mergeReleaseConsumerProguardFiles
Build & Public Release	Build Release APK	2026-02-02T03:08:04.4740856Z > Task :telemetry:prepareLintJarForPublish
Build & Public Release	Build Release APK	2026-02-02T03:08:04.4741739Z > Task :presentation-widget:mergeReleaseResources FROM-CACHE
Build & Public Release	Build Release APK	2026-02-02T03:08:04.4744988Z > Task :telemetry:mergeReleaseJavaResource
Build & Public Release	Build Release APK	2026-02-02T03:08:04.4746756Z > Task :telemetry:syncReleaseLibJars FROM-CACHE
Build & Public Release	Build Release APK	2026-02-02T03:08:04.4747335Z > Task :telemetry:bundleReleaseAar
Build & Public Release	Build Release APK	2026-02-02T03:08:04.5726056Z > Task :telemetry:mapReleaseSourceSetPaths
Build & Public Release	Build Release APK	2026-02-02T03:08:04.5726901Z > Task :telemetry:mergeReleaseResources FROM-CACHE
Build & Public Release	Build Release APK	2026-02-02T03:08:04.5727762Z > Task :telemetry:verifyReleaseResources FROM-CACHE
Build & Public Release	Build Release APK	2026-02-02T03:08:04.5730506Z > Task :telemetry:assembleRelease
Build & Public Release	Build Release APK	2026-02-02T03:08:04.5764072Z > Task :core:archive:stripReleaseDebugSymbols NO-SOURCE
Build & Public Release	Build Release APK	2026-02-02T03:08:04.6765595Z > Task :core:archive:copyReleaseJniLibsProjectAndLocalJars
Build & Public Release	Build Release APK	2026-02-02T03:08:04.6768154Z > Task :source-local:mergeReleaseResources FROM-CACHE
Build & Public Release	Build Release APK	2026-02-02T03:08:04.6769053Z > Task :core:archive:extractDeepLinksForAarRelease FROM-CACHE
Build & Public Release	Build Release APK	2026-02-02T03:08:04.7723771Z > Task :core:archive:extractReleaseAnnotations FROM-CACHE
Build & Public Release	Build Release APK	2026-02-02T03:08:04.7724894Z > Task :core:archive:mergeReleaseConsumerProguardFiles
Build & Public Release	Build Release APK	2026-02-02T03:08:04.7818243Z > Task :core:archive:prepareLintJarForPublish
Build & Public Release	Build Release APK	2026-02-02T03:08:04.7818935Z > Task :app:mergeReleaseStartupProfile
Build & Public Release	Build Release APK	2026-02-02T03:08:04.7819534Z > Task :app:generateReleaseAssets UP-TO-DATE
Build & Public Release	Build Release APK	2026-02-02T03:08:04.8724460Z > Task :source-local:verifyReleaseResources FROM-CACHE
Build & Public Release	Build Release APK	2026-02-02T03:08:04.8725132Z > Task :source-local:assembleRelease
Build & Public Release	Build Release APK	2026-02-02T03:08:04.8725648Z > Task :core:archive:mergeReleaseJavaResource
Build & Public Release	Build Release APK	2026-02-02T03:08:04.8726500Z > Task :core:archive:syncReleaseLibJars FROM-CACHE
Build & Public Release	Build Release APK	2026-02-02T03:08:04.9736233Z > Task :core:archive:bundleReleaseAar
Build & Public Release	Build Release APK	2026-02-02T03:08:04.9739578Z > Task :core:archive:mapReleaseSourceSetPaths
Build & Public Release	Build Release APK	2026-02-02T03:08:04.9740458Z > Task :app:mergeReleaseAssets
Build & Public Release	Build Release APK	2026-02-02T03:08:05.0723870Z > Task :app:compressReleaseAssets FROM-CACHE
Build & Public Release	Build Release APK	2026-02-02T03:08:05.0726542Z > Task :presentation-widget:verifyReleaseResources FROM-CACHE
Build & Public Release	Build Release APK	2026-02-02T03:08:05.0727846Z > Task :presentation-widget:assembleRelease
Build & Public Release	Build Release APK	2026-02-02T03:08:05.0729140Z > Task :core:common:stripReleaseDebugSymbols NO-SOURCE
Build & Public Release	Build Release APK	2026-02-02T03:08:05.1723279Z > Task :core:common:copyReleaseJniLibsProjectAndLocalJars
Build & Public Release	Build Release APK	2026-02-02T03:08:05.1728861Z > Task :core:common:extractDeepLinksForAarRelease FROM-CACHE
Build & Public Release	Build Release APK	2026-02-02T03:08:05.2723548Z > Task :core:common:extractReleaseAnnotations FROM-CACHE
Build & Public Release	Build Release APK	2026-02-02T03:08:05.2726645Z > Task :core:common:mergeReleaseConsumerProguardFiles
Build & Public Release	Build Release APK	2026-02-02T03:08:05.2729162Z > Task :core:common:prepareLintJarForPublish
Build & Public Release	Build Release APK	2026-02-02T03:08:05.2731771Z > Task :app:extractReleaseVersionControlInfo
Build & Public Release	Build Release APK	2026-02-02T03:08:05.2734780Z > Task :core:common:mergeReleaseJavaResource
Build & Public Release	Build Release APK	2026-02-02T03:08:05.2736640Z > Task :app:validateSigningRelease
Build & Public Release	Build Release APK	2026-02-02T03:08:05.2738401Z > Task :app:writeReleaseAppMetadata
Build & Public Release	Build Release APK	2026-02-02T03:08:05.2739740Z > Task :core:common:syncReleaseLibJars FROM-CACHE
Build & Public Release	Build Release APK	2026-02-02T03:08:05.2741056Z > Task :app:writeReleaseSigningConfigVersions
Build & Public Release	Build Release APK	2026-02-02T03:08:05.2753420Z > Task :core:common:bundleReleaseAar
Build & Public Release	Build Release APK	2026-02-02T03:08:05.3761213Z > Task :core:common:mapReleaseSourceSetPaths
Build & Public Release	Build Release APK	2026-02-02T03:08:05.3762589Z > Task :core:archive:mergeReleaseResources FROM-CACHE
Build & Public Release	Build Release APK	2026-02-02T03:08:05.5724444Z > Task :core:archive:verifyReleaseResources FROM-CACHE
Build & Public Release	Build Release APK	2026-02-02T03:08:05.5725184Z > Task :core:archive:assembleRelease
Build & Public Release	Build Release APK	2026-02-02T03:08:05.6724461Z > Task :core:common:mergeReleaseResources FROM-CACHE
Build & Public Release	Build Release APK	2026-02-02T03:08:05.7727731Z > Task :core:common:verifyReleaseResources FROM-CACHE
Build & Public Release	Build Release APK	2026-02-02T03:08:05.7728461Z > Task :core:common:assembleRelease
Build & Public Release	Build Release APK	2026-02-02T03:08:33.4722901Z > Task :app:compileReleaseKotlin
Build & Public Release	Build Release APK	2026-02-02T03:08:44.1731159Z 
Build & Public Release	Build Release APK	2026-02-02T03:08:44.1734262Z > Task :app:compileReleaseKotlin FAILED
Build & Public Release	Build Release APK	2026-02-02T03:08:44.1739260Z e: file:///home/runner/work/AniZen/AniZen/app/src/main/java/eu/kanade/presentation/anime/AnimeScreen.kt:181:37 Unresolved reference 'onEditFetchIntervalClicked'.
Build & Public Release	Build Release APK	2026-02-02T03:08:44.1744059Z e: file:///home/runner/work/AniZen/AniZen/app/src/main/java/eu/kanade/presentation/anime/AnimeScreen.kt:182:32 Unresolved reference 'onMigrateClicked'.
Build & Public Release	Build Release APK	2026-02-02T03:08:44.1746397Z e: file:///home/runner/work/AniZen/AniZen/app/src/main/java/eu/kanade/presentation/anime/AnimeScreen.kt:183:36 Unresolved reference 'changeAnimeSkipIntro'.
Build & Public Release	Build Release APK	2026-02-02T03:08:44.1748515Z e: file:///home/runner/work/AniZen/AniZen/app/src/main/java/eu/kanade/presentation/anime/AnimeScreen.kt:185:33 Unresolved reference 'onEditInfoClicked'.
Build & Public Release	Build Release APK	2026-02-02T03:08:44.1750647Z e: file:///home/runner/work/AniZen/AniZen/app/src/main/java/eu/kanade/presentation/anime/AnimeScreen.kt:187:38 Unresolved reference 'onMultiBookmarkClicked'.
Build & Public Release	Build Release APK	2026-02-02T03:08:44.1752856Z e: file:///home/runner/work/AniZen/AniZen/app/src/main/java/eu/kanade/presentation/anime/AnimeScreen.kt:189:40 Unresolved reference 'onMultiFillermarkClicked'.
Build & Public Release	Build Release APK	2026-02-02T03:08:44.1756419Z e: file:///home/runner/work/AniZen/AniZen/app/src/main/java/eu/kanade/presentation/anime/AnimeScreen.kt:191:40 Unresolved reference 'onMultiMarkAsSeenClicked'.
Build & Public Release	Build Release APK	2026-02-02T03:08:44.1758579Z e: file:///home/runner/work/AniZen/AniZen/app/src/main/java/eu/kanade/presentation/anime/AnimeScreen.kt:192:43 Unresolved reference 'onMarkPreviousAsSeenClicked'.
Build & Public Release	Build Release APK	2026-02-02T03:08:44.1760653Z e: file:///home/runner/work/AniZen/AniZen/app/src/main/java/eu/kanade/presentation/anime/AnimeScreen.kt:193:36 Unresolved reference 'onMultiDeleteClicked'.
Build & Public Release	Build Release APK	2026-02-02T03:08:44.1762648Z e: file:///home/runner/work/AniZen/AniZen/app/src/main/java/eu/kanade/presentation/anime/AnimeScreen.kt:194:30 Unresolved reference 'onEpisodeSwipe'.
Build & Public Release	Build Release APK	2026-02-02T03:08:44.1784741Z e: file:///home/runner/work/AniZen/AniZen/app/src/main/java/eu/kanade/presentation/anime/AnimeScreen.kt:195:33 Unresolved reference 'onEpisodeSelected'.
Build & Public Release	Build Release APK	2026-02-02T03:08:44.1786833Z e: file:///home/runner/work/AniZen/AniZen/app/src/main/java/eu/kanade/presentation/anime/AnimeScreen.kt:232:37 Unresolved reference 'onEditFetchIntervalClicked'.
Build & Public Release	Build Release APK	2026-02-02T03:08:44.1788929Z e: file:///home/runner/work/AniZen/AniZen/app/src/main/java/eu/kanade/presentation/anime/AnimeScreen.kt:233:36 Unresolved reference 'changeAnimeSkipIntro'.
Build & Public Release	Build Release APK	2026-02-02T03:08:44.1790936Z e: file:///home/runner/work/AniZen/AniZen/app/src/main/java/eu/kanade/presentation/anime/AnimeScreen.kt:234:32 Unresolved reference 'onMigrateClicked'.
Build & Public Release	Build Release APK	2026-02-02T03:08:44.1792918Z e: file:///home/runner/work/AniZen/AniZen/app/src/main/java/eu/kanade/presentation/anime/AnimeScreen.kt:236:33 Unresolved reference 'onEditInfoClicked'.
Build & Public Release	Build Release APK	2026-02-02T03:08:44.1795152Z e: file:///home/runner/work/AniZen/AniZen/app/src/main/java/eu/kanade/presentation/anime/AnimeScreen.kt:238:38 Unresolved reference 'onMultiBookmarkClicked'.
Build & Public Release	Build Release APK	2026-02-02T03:08:44.1797224Z e: file:///home/runner/work/AniZen/AniZen/app/src/main/java/eu/kanade/presentation/anime/AnimeScreen.kt:240:40 Unresolved reference 'onMultiFillermarkClicked'.
Build & Public Release	Build Release APK	2026-02-02T03:08:44.1799298Z e: file:///home/runner/work/AniZen/AniZen/app/src/main/java/eu/kanade/presentation/anime/AnimeScreen.kt:242:40 Unresolved reference 'onMultiMarkAsSeenClicked'.
Build & Public Release	Build Release APK	2026-02-02T03:08:44.1801385Z e: file:///home/runner/work/AniZen/AniZen/app/src/main/java/eu/kanade/presentation/anime/AnimeScreen.kt:243:43 Unresolved reference 'onMarkPreviousAsSeenClicked'.
Build & Public Release	Build Release APK	2026-02-02T03:08:44.1803933Z e: file:///home/runner/work/AniZen/AniZen/app/src/main/java/eu/kanade/presentation/anime/AnimeScreen.kt:244:36 Unresolved reference 'onMultiDeleteClicked'.
Build & Public Release	Build Release APK	2026-02-02T03:08:44.1805853Z e: file:///home/runner/work/AniZen/AniZen/app/src/main/java/eu/kanade/presentation/anime/AnimeScreen.kt:245:30 Unresolved reference 'onEpisodeSwipe'.
Build & Public Release	Build Release APK	2026-02-02T03:08:44.1807888Z e: file:///home/runner/work/AniZen/AniZen/app/src/main/java/eu/kanade/presentation/anime/AnimeScreen.kt:246:33 Unresolved reference 'onEpisodeSelected'.
Build & Public Release	Build Release APK	2026-02-02T03:08:44.1809900Z e: file:///home/runner/work/AniZen/AniZen/app/src/main/java/eu/kanade/tachiyomi/ui/anime/AnimeScreen.kt:195:13 No parameter with name 'onEditInfoClicked' found.
Build & Public Release	Build Release APK	2026-02-02T03:08:44.1811989Z e: file:///home/runner/work/AniZen/AniZen/app/src/main/java/eu/kanade/tachiyomi/ui/anime/AnimeScreen.kt:197:13 No parameter with name 'onEditFetchIntervalClicked' found.
Build & Public Release	Build Release APK	2026-02-02T03:08:44.1814190Z e: file:///home/runner/work/AniZen/AniZen/app/src/main/java/eu/kanade/tachiyomi/ui/anime/AnimeScreen.kt:200:13 No parameter with name 'onMigrateClicked' found.
Build & Public Release	Build Release APK	2026-02-02T03:08:44.1816199Z e: file:///home/runner/work/AniZen/AniZen/app/src/main/java/eu/kanade/tachiyomi/ui/anime/AnimeScreen.kt:203:13 No parameter with name 'changeAnimeSkipIntro' found.
Build & Public Release	Build Release APK	2026-02-02T03:08:44.1818351Z e: file:///home/runner/work/AniZen/AniZen/app/src/main/java/eu/kanade/tachiyomi/ui/anime/AnimeScreen.kt:204:13 No parameter with name 'onMultiBookmarkClicked' found.
Build & Public Release	Build Release APK	2026-02-02T03:08:44.1820521Z e: file:///home/runner/work/AniZen/AniZen/app/src/main/java/eu/kanade/tachiyomi/ui/anime/AnimeScreen.kt:206:13 No parameter with name 'onMultiFillermarkClicked' found.
Build & Public Release	Build Release APK	2026-02-02T03:08:44.1822819Z e: file:///home/runner/work/AniZen/AniZen/app/src/main/java/eu/kanade/tachiyomi/ui/anime/AnimeScreen.kt:208:13 No parameter with name 'onMultiMarkAsSeenClicked' found.
Build & Public Release	Build Release APK	2026-02-02T03:08:44.1825223Z e: file:///home/runner/work/AniZen/AniZen/app/src/main/java/eu/kanade/tachiyomi/ui/anime/AnimeScreen.kt:209:13 No parameter with name 'onMarkPreviousAsSeenClicked' found.
Build & Public Release	Build Release APK	2026-02-02T03:08:44.1827561Z e: file:///home/runner/work/AniZen/AniZen/app/src/main/java/eu/kanade/tachiyomi/ui/anime/AnimeScreen.kt:210:13 No parameter with name 'onMultiDeleteClicked' found.
Build & Public Release	Build Release APK	2026-02-02T03:08:44.1829736Z e: file:///home/runner/work/AniZen/AniZen/app/src/main/java/eu/kanade/tachiyomi/ui/anime/AnimeScreen.kt:211:13 No parameter with name 'onEpisodeSwipe' found.
Build & Public Release	Build Release APK	2026-02-02T03:08:44.1832066Z e: file:///home/runner/work/AniZen/AniZen/app/src/main/java/eu/kanade/tachiyomi/ui/anime/AnimeScreen.kt:212:13 No parameter with name 'onEpisodeSelected' found.
Build & Public Release	Build Release APK	2026-02-02T03:08:44.2722901Z gradle/actions: Writing build results to /home/runner/work/_temp/.gradle-actions/build-results/__run_2-1770001657354.json
Build & Public Release	Build Release APK	2026-02-02T03:08:44.2725898Z 
Build & Public Release	Build Release APK	2026-02-02T03:08:44.2728522Z [Incubating] Problems report is available at: file:///home/runner/work/AniZen/AniZen/build/reports/problems/problems-report.html
Build & Public Release	Build Release APK	2026-02-02T03:08:44.2731218Z 
Build & Public Release	Build Release APK	2026-02-02T03:08:44.2733675Z FAILURE: Build failed with an exception.
Build & Public Release	Build Release APK	2026-02-02T03:08:44.2736142Z 
Build & Public Release	Build Release APK	2026-02-02T03:08:44.2738673Z * What went wrong:
Build & Public Release	Build Release APK	2026-02-02T03:08:44.2741412Z Execution failed for task ':app:compileReleaseKotlin'.
Build & Public Release	Build Release APK	2026-02-02T03:08:44.2745130Z > A failure occurred while executing org.jetbrains.kotlin.compilerRunner.GradleCompilerRunnerWithWorkers$GradleKotlinCompilerWorkAction
Build & Public Release	Build Release APK	2026-02-02T03:08:44.2748810Z    > Compilation error. See log for more details
Build & Public Release	Build Release APK	2026-02-02T03:08:44.2751358Z 
Build & Public Release	Build Release APK	2026-02-02T03:08:44.2753439Z * Try:
Build & Public Release	Build Release APK	2026-02-02T03:08:44.2755571Z 
Build & Public Release	Build Release APK	2026-02-02T03:08:44.2756716Z > Run with --stacktrace option to get the stack trace.
Build & Public Release	Build Release APK	2026-02-02T03:08:44.2761483Z > Run with --info or --debug option to get more log output.
Build & Public Release	Build Release APK	2026-02-02T03:08:44.2762430Z Deprecated Gradle features were used in this build, making it incompatible with Gradle 9.0.
Build & Public Release	Build Release APK	2026-02-02T03:08:44.2763229Z 
Build & Public Release	Build Release APK	2026-02-02T03:08:44.2764924Z > Run with --scan to get full insights.
Build & Public Release	Build Release APK	2026-02-02T03:08:44.2766363Z You can use '--warning-mode all' to show the individual deprecation warnings and determine if they come from your own scripts or plugins.
Build & Public Release	Build Release APK	2026-02-02T03:08:44.2768691Z > Get more help at https://help.gradle.org.
Build & Public Release	Build Release APK	2026-02-02T03:08:44.2769075Z 
Build & Public Release	Build Release APK	2026-02-02T03:08:44.2769249Z BUILD FAILED in 1m 9s
Build & Public Release	Build Release APK	2026-02-02T03:08:44.2769517Z 
Build & Public Release	Build Release APK	2026-02-02T03:08:44.2770419Z For more on this, please refer to https://docs.gradle.org/8.14.3/userguide/command_line_interface.html#sec:command_line_warnings in the Gradle documentation.
Build & Public Release	Build Release APK	2026-02-02T03:08:44.2771541Z 544 actionable tasks: 281 executed, 254 from cache, 9 up-to-date
Build & Public Release	Build Release APK	2026-02-02T03:08:44.7839011Z ##[error]Process completed with exit code 1.
Build & Public Release	Post Set up Gradle	ï»¿2026-02-02T03:08:44.8007546Z Post job cleanup.
Build & Public Release	Post Set up Gradle	2026-02-02T03:08:45.0919616Z In post-action step
Build & Public Release	Post Set up Gradle	2026-02-02T03:08:45.0930917Z ##[group]Stopping Gradle daemons
Build & Public Release	Post Set up Gradle	2026-02-02T03:08:45.0932180Z Stopping Gradle daemons for /home/runner/.gradle/wrapper/dists/gradle-8.14.3-bin/cv11ve7ro1n3o1j4so8xd9n66/gradle-8.14.3
Build & Public Release	Post Set up Gradle	2026-02-02T03:08:45.0949290Z [command]/home/runner/.gradle/wrapper/dists/gradle-8.14.3-bin/cv11ve7ro1n3o1j4so8xd9n66/gradle-8.14.3/bin/gradle --stop
Build & Public Release	Post Set up Gradle	2026-02-02T03:08:45.6500190Z No Gradle daemons are running.
Build & Public Release	Post Set up Gradle	2026-02-02T03:08:45.6570027Z ##[endgroup]
Build & Public Release	Post Set up Gradle	2026-02-02T03:08:45.6570809Z Not performing cache-cleanup due to build failure
Build & Public Release	Post Set up Gradle	2026-02-02T03:08:45.6571724Z ##[group]Caching Gradle state
Build & Public Release	Post Set up Gradle	2026-02-02T03:08:52.7548576Z [command]/usr/bin/tar --posix -cf cache.tzst --exclude cache.tzst -P -C /home/runner/work/AniZen/AniZen --files-from manifest.txt --use-compress-program zstdmt
Build & Public Release	Post Set up Gradle	2026-02-02T03:08:54.6127836Z Sent 75940799 of 277267391 (27.4%), 72.4 MBs/sec
Build & Public Release	Post Set up Gradle	2026-02-02T03:08:55.6129415Z Sent 210158527 of 277267391 (75.8%), 100.2 MBs/sec
Build & Public Release	Post Set up Gradle	2026-02-02T03:08:56.6126924Z Sent 210158527 of 277267391 (75.8%), 66.8 MBs/sec
Build & Public Release	Post Set up Gradle	2026-02-02T03:08:57.6129011Z Sent 210158527 of 277267391 (75.8%), 50.1 MBs/sec
Build & Public Release	Post Set up Gradle	2026-02-02T03:08:58.6130026Z Sent 210158527 of 277267391 (75.8%), 40.1 MBs/sec
Build & Public Release	Post Set up Gradle	2026-02-02T03:08:59.6136071Z Sent 210158527 of 277267391 (75.8%), 33.4 MBs/sec
Build & Public Release	Post Set up Gradle	2026-02-02T03:09:00.6144180Z Sent 210158527 of 277267391 (75.8%), 28.6 MBs/sec
Build & Public Release	Post Set up Gradle	2026-02-02T03:09:01.6145231Z Sent 210158527 of 277267391 (75.8%), 25.0 MBs/sec
Build & Public Release	Post Set up Gradle	2026-02-02T03:09:02.6139654Z Sent 210158527 of 277267391 (75.8%), 22.3 MBs/sec
Build & Public Release	Post Set up Gradle	2026-02-02T03:09:03.6143480Z Sent 210158527 of 277267391 (75.8%), 20.0 MBs/sec
Build & Public Release	Post Set up Gradle	2026-02-02T03:09:04.0625819Z Sent 277267391 of 277267391 (100.0%), 25.3 MBs/sec
Build & Public Release	Post Set up Gradle	2026-02-02T03:09:04.2200272Z Saved cache entry with key gradle-home-v1|Linux-X64|build-release[16cd6cc2a04430ca045959c87cb8ce3a]-f3fea26fe51a51a3e350650f84a58813ecf99924 from /home/runner/.gradle/caches,/home/runner/.gradle/notifications,/home/runner/.gradle/.setup-gradle in 11480ms
Build & Public Release	Post Set up Gradle	2026-02-02T03:09:04.2202883Z ##[endgroup]
Build & Public Release	Post Set up Gradle	2026-02-02T03:09:04.2204609Z Generating Job Summary
Build & Public Release	Post Set up Gradle	2026-02-02T03:09:04.2217552Z Completed post-action step
Build & Public Release	Post Set up JDK	ï»¿2026-02-02T03:09:04.2376722Z Post job cleanup.
Build & Public Release	Post Clone repo	ï»¿2026-02-02T03:09:04.4007796Z Post job cleanup.
Build & Public Release	Post Clone repo	2026-02-02T03:09:04.4870908Z [command]/usr/bin/git version
Build & Public Release	Post Clone repo	2026-02-02T03:09:04.4903432Z git version 2.52.0
Build & Public Release	Post Clone repo	2026-02-02T03:09:04.4941953Z Temporarily overriding HOME='/home/runner/work/_temp/5ab4f4f1-5537-4cde-bd49-fc5583d87e38' before making global git config changes
Build & Public Release	Post Clone repo	2026-02-02T03:09:04.4943506Z Adding repository directory to the temporary git global config as a safe directory
Build & Public Release	Post Clone repo	2026-02-02T03:09:04.4955977Z [command]/usr/bin/git config --global --add safe.directory /home/runner/work/AniZen/AniZen
Build & Public Release	Post Clone repo	2026-02-02T03:09:04.4989390Z [command]/usr/bin/git config --local --name-only --get-regexp core\.sshCommand
Build & Public Release	Post Clone repo	2026-02-02T03:09:04.5016243Z [command]/usr/bin/git submodule foreach --recursive sh -c "git config --local --name-only --get-regexp 'core\.sshCommand' && git config --local --unset-all 'core.sshCommand' || :"
Build & Public Release	Post Clone repo	2026-02-02T03:09:04.5196979Z [command]/usr/bin/git config --local --name-only --get-regexp http\.https\:\/\/github\.com\/\.extraheader
Build & Public Release	Post Clone repo	2026-02-02T03:09:04.5214407Z http.https://github.com/.extraheader
Build & Public Release	Post Clone repo	2026-02-02T03:09:04.5225592Z [command]/usr/bin/git config --local --unset-all http.https://github.com/.extraheader
Build & Public Release	Post Clone repo	2026-02-02T03:09:04.5250752Z [command]/usr/bin/git submodule foreach --recursive sh -c "git config --local --name-only --get-regexp 'http\.https\:\/\/github\.com\/\.extraheader' && git config --local --unset-all 'http.https://github.com/.extraheader' || :"
Build & Public Release	Post Clone repo	2026-02-02T03:09:04.5427783Z [command]/usr/bin/git config --local --name-only --get-regexp ^includeIf\.gitdir:
Build & Public Release	Post Clone repo	2026-02-02T03:09:04.5453379Z [command]/usr/bin/git submodule foreach --recursive git config --local --show-origin --name-only --get-regexp remote.origin.url
Build & Public Release	Complete job	ï»¿2026-02-02T03:09:04.5727616Z Cleaning up orphan processes
