Build & Public Release	Set up job	ï»¿2026-02-01T13:37:02.2318300Z Current runner version: '2.331.0'
Build & Public Release	Set up job	2026-02-01T13:37:02.2342024Z ##[group]Runner Image Provisioner
Build & Public Release	Set up job	2026-02-01T13:37:02.2342738Z Hosted Compute Agent
Build & Public Release	Set up job	2026-02-01T13:37:02.2343528Z Version: 20260123.484
Build & Public Release	Set up job	2026-02-01T13:37:02.2344154Z Commit: 6bd6555ca37d84114959e1c76d2c01448ff61c5d
Build & Public Release	Set up job	2026-02-01T13:37:02.2344780Z Build Date: 2026-01-23T19:41:17Z
Build & Public Release	Set up job	2026-02-01T13:37:02.2345406Z Worker ID: {ca00f807-bfc5-41f6-9bae-e8e9a6c5d6ad}
Build & Public Release	Set up job	2026-02-01T13:37:02.2346014Z Azure Region: northcentralus
Build & Public Release	Set up job	2026-02-01T13:37:02.2346545Z ##[endgroup]
Build & Public Release	Set up job	2026-02-01T13:37:02.2347799Z ##[group]Operating System
Build & Public Release	Set up job	2026-02-01T13:37:02.2348425Z Ubuntu
Build & Public Release	Set up job	2026-02-01T13:37:02.2348844Z 24.04.3
Build & Public Release	Set up job	2026-02-01T13:37:02.2349244Z LTS
Build & Public Release	Set up job	2026-02-01T13:37:02.2349687Z ##[endgroup]
Build & Public Release	Set up job	2026-02-01T13:37:02.2350104Z ##[group]Runner Image
Build & Public Release	Set up job	2026-02-01T13:37:02.2350591Z Image: ubuntu-24.04
Build & Public Release	Set up job	2026-02-01T13:37:02.2351057Z Version: 20260126.10.1
Build & Public Release	Set up job	2026-02-01T13:37:02.2351962Z Included Software: https://github.com/actions/runner-images/blob/ubuntu24/20260126.10/images/ubuntu/Ubuntu2404-Readme.md
Build & Public Release	Set up job	2026-02-01T13:37:02.2353641Z Image Release: https://github.com/actions/runner-images/releases/tag/ubuntu24%2F20260126.10
Build & Public Release	Set up job	2026-02-01T13:37:02.2354456Z ##[endgroup]
Build & Public Release	Set up job	2026-02-01T13:37:02.2355310Z ##[group]GITHUB_TOKEN Permissions
Build & Public Release	Set up job	2026-02-01T13:37:02.2357408Z Contents: write
Build & Public Release	Set up job	2026-02-01T13:37:02.2357936Z Metadata: read
Build & Public Release	Set up job	2026-02-01T13:37:02.2358393Z ##[endgroup]
Build & Public Release	Set up job	2026-02-01T13:37:02.2360329Z Secret source: Actions
Build & Public Release	Set up job	2026-02-01T13:37:02.2360918Z Prepare workflow directory
Build & Public Release	Set up job	2026-02-01T13:37:02.2724748Z Prepare all required actions
Build & Public Release	Set up job	2026-02-01T13:37:02.2781213Z Getting action download info
Build & Public Release	Set up job	2026-02-01T13:37:02.6168006Z Download action repository 'actions/checkout@v4' (SHA:34e114876b0b11c390a56381ad16ebd13914f8d5)
Build & Public Release	Set up job	2026-02-01T13:37:02.7096306Z Download action repository 'actions/setup-java@v4' (SHA:c1e323688fd81a25caa38c78aa6df2d33d3e20d9)
Build & Public Release	Set up job	2026-02-01T13:37:03.1705921Z Download action repository 'gradle/actions@v4' (SHA:ed408507eac070d1f99cc633dbcf757c94c7933a)
Build & Public Release	Set up job	2026-02-01T13:37:03.9771478Z Download action repository 'softprops/action-gh-release@v1' (SHA:de2c0eb89ae2a093876385947365aca7b0e5f844)
Build & Public Release	Set up job	2026-02-01T13:37:04.3696591Z Complete job name: Build & Public Release
Build & Public Release	Clone repo	ï»¿2026-02-01T13:37:04.4380544Z ##[group]Run actions/checkout@v4
Build & Public Release	Clone repo	2026-02-01T13:37:04.4381190Z with:
Build & Public Release	Clone repo	2026-02-01T13:37:04.4381436Z   fetch-depth: 1
Build & Public Release	Clone repo	2026-02-01T13:37:04.4381708Z   repository: salmanbappi/AniZen
Build & Public Release	Clone repo	2026-02-01T13:37:04.4382216Z   token: ***
Build & Public Release	Clone repo	2026-02-01T13:37:04.4382431Z   ssh-strict: true
Build & Public Release	Clone repo	2026-02-01T13:37:04.4382662Z   ssh-user: git
Build & Public Release	Clone repo	2026-02-01T13:37:04.4382897Z   persist-credentials: true
Build & Public Release	Clone repo	2026-02-01T13:37:04.4383151Z   clean: true
Build & Public Release	Clone repo	2026-02-01T13:37:04.4383670Z   sparse-checkout-cone-mode: true
Build & Public Release	Clone repo	2026-02-01T13:37:04.4383999Z   fetch-tags: false
Build & Public Release	Clone repo	2026-02-01T13:37:04.4384226Z   show-progress: true
Build & Public Release	Clone repo	2026-02-01T13:37:04.4384470Z   lfs: false
Build & Public Release	Clone repo	2026-02-01T13:37:04.4384702Z   submodules: false
Build & Public Release	Clone repo	2026-02-01T13:37:04.4384944Z   set-safe-directory: true
Build & Public Release	Clone repo	2026-02-01T13:37:04.4385471Z ##[endgroup]
Build & Public Release	Clone repo	2026-02-01T13:37:04.5395157Z Syncing repository: salmanbappi/AniZen
Build & Public Release	Clone repo	2026-02-01T13:37:04.5396726Z ##[group]Getting Git version info
Build & Public Release	Clone repo	2026-02-01T13:37:04.5397214Z Working directory is '/home/runner/work/AniZen/AniZen'
Build & Public Release	Clone repo	2026-02-01T13:37:04.5397791Z [command]/usr/bin/git version
Build & Public Release	Clone repo	2026-02-01T13:37:04.5456958Z git version 2.52.0
Build & Public Release	Clone repo	2026-02-01T13:37:04.5479897Z ##[endgroup]
Build & Public Release	Clone repo	2026-02-01T13:37:04.5493493Z Temporarily overriding HOME='/home/runner/work/_temp/1ed539dc-33ab-4694-adf4-5eabf0b4ebf4' before making global git config changes
Build & Public Release	Clone repo	2026-02-01T13:37:04.5494523Z Adding repository directory to the temporary git global config as a safe directory
Build & Public Release	Clone repo	2026-02-01T13:37:04.5498824Z [command]/usr/bin/git config --global --add safe.directory /home/runner/work/AniZen/AniZen
Build & Public Release	Clone repo	2026-02-01T13:37:04.5543643Z Deleting the contents of '/home/runner/work/AniZen/AniZen'
Build & Public Release	Clone repo	2026-02-01T13:37:04.5546920Z ##[group]Initializing the repository
Build & Public Release	Clone repo	2026-02-01T13:37:04.5550913Z [command]/usr/bin/git init /home/runner/work/AniZen/AniZen
Build & Public Release	Clone repo	2026-02-01T13:37:04.5651691Z hint: Using 'master' as the name for the initial branch. This default branch name
Build & Public Release	Clone repo	2026-02-01T13:37:04.5653036Z hint: will change to "main" in Git 3.0. To configure the initial branch name
Build & Public Release	Clone repo	2026-02-01T13:37:04.5654037Z hint: to use in all of your new repositories, which will suppress this warning,
Build & Public Release	Clone repo	2026-02-01T13:37:04.5654793Z hint: call:
Build & Public Release	Clone repo	2026-02-01T13:37:04.5655118Z hint:
Build & Public Release	Clone repo	2026-02-01T13:37:04.5655621Z hint: 	git config --global init.defaultBranch <name>
Build & Public Release	Clone repo	2026-02-01T13:37:04.5656148Z hint:
Build & Public Release	Clone repo	2026-02-01T13:37:04.5656538Z hint: Names commonly chosen instead of 'master' are 'main', 'trunk' and
Build & Public Release	Clone repo	2026-02-01T13:37:04.5657035Z hint: 'development'. The just-created branch can be renamed via this command:
Build & Public Release	Clone repo	2026-02-01T13:37:04.5657425Z hint:
Build & Public Release	Clone repo	2026-02-01T13:37:04.5657654Z hint: 	git branch -m <name>
Build & Public Release	Clone repo	2026-02-01T13:37:04.5657908Z hint:
Build & Public Release	Clone repo	2026-02-01T13:37:04.5658237Z hint: Disable this message with "git config set advice.defaultBranchName false"
Build & Public Release	Clone repo	2026-02-01T13:37:04.5658742Z Initialized empty Git repository in /home/runner/work/AniZen/AniZen/.git/
Build & Public Release	Clone repo	2026-02-01T13:37:04.5666136Z [command]/usr/bin/git remote add origin https://github.com/salmanbappi/AniZen
Build & Public Release	Clone repo	2026-02-01T13:37:04.5695294Z ##[endgroup]
Build & Public Release	Clone repo	2026-02-01T13:37:04.5695798Z ##[group]Disabling automatic garbage collection
Build & Public Release	Clone repo	2026-02-01T13:37:04.5699074Z [command]/usr/bin/git config --local gc.auto 0
Build & Public Release	Clone repo	2026-02-01T13:37:04.5722098Z ##[endgroup]
Build & Public Release	Clone repo	2026-02-01T13:37:04.5722533Z ##[group]Setting up auth
Build & Public Release	Clone repo	2026-02-01T13:37:04.5728711Z [command]/usr/bin/git config --local --name-only --get-regexp core\.sshCommand
Build & Public Release	Clone repo	2026-02-01T13:37:04.5752415Z [command]/usr/bin/git submodule foreach --recursive sh -c "git config --local --name-only --get-regexp 'core\.sshCommand' && git config --local --unset-all 'core.sshCommand' || :"
Build & Public Release	Clone repo	2026-02-01T13:37:04.6061027Z [command]/usr/bin/git config --local --name-only --get-regexp http\.https\:\/\/github\.com\/\.extraheader
Build & Public Release	Clone repo	2026-02-01T13:37:04.6085854Z [command]/usr/bin/git submodule foreach --recursive sh -c "git config --local --name-only --get-regexp 'http\.https\:\/\/github\.com\/\.extraheader' && git config --local --unset-all 'http.https://github.com/.extraheader' || :"
Build & Public Release	Clone repo	2026-02-01T13:37:04.6258757Z [command]/usr/bin/git config --local --name-only --get-regexp ^includeIf\.gitdir:
Build & Public Release	Clone repo	2026-02-01T13:37:04.6283250Z [command]/usr/bin/git submodule foreach --recursive git config --local --show-origin --name-only --get-regexp remote.origin.url
Build & Public Release	Clone repo	2026-02-01T13:37:04.6468382Z [command]/usr/bin/git config --local http.https://github.com/.extraheader AUTHORIZATION: basic ***
Build & Public Release	Clone repo	2026-02-01T13:37:04.6499376Z ##[endgroup]
Build & Public Release	Clone repo	2026-02-01T13:37:04.6500339Z ##[group]Fetching the repository
Build & Public Release	Clone repo	2026-02-01T13:37:04.6508620Z [command]/usr/bin/git -c protocol.version=2 fetch --no-tags --prune --no-recurse-submodules --depth=1 origin +bc0243a7bd767c07515931f2d445b5fdd3671cf5:refs/remotes/origin/master
Build & Public Release	Clone repo	2026-02-01T13:37:05.4041310Z From https://github.com/salmanbappi/AniZen
Build & Public Release	Clone repo	2026-02-01T13:37:05.4042185Z  * [new ref]         bc0243a7bd767c07515931f2d445b5fdd3671cf5 -> origin/master
Build & Public Release	Clone repo	2026-02-01T13:37:05.4068201Z ##[endgroup]
Build & Public Release	Clone repo	2026-02-01T13:37:05.4068662Z ##[group]Determining the checkout info
Build & Public Release	Clone repo	2026-02-01T13:37:05.4071467Z ##[endgroup]
Build & Public Release	Clone repo	2026-02-01T13:37:05.4076777Z [command]/usr/bin/git sparse-checkout disable
Build & Public Release	Clone repo	2026-02-01T13:37:05.4113853Z [command]/usr/bin/git config --local --unset-all extensions.worktreeConfig
Build & Public Release	Clone repo	2026-02-01T13:37:05.4134968Z ##[group]Checking out the ref
Build & Public Release	Clone repo	2026-02-01T13:37:05.4139365Z [command]/usr/bin/git checkout --progress --force -B master refs/remotes/origin/master
Build & Public Release	Clone repo	2026-02-01T13:37:05.5271266Z Reset branch 'master'
Build & Public Release	Clone repo	2026-02-01T13:37:05.5271909Z branch 'master' set up to track 'origin/master'.
Build & Public Release	Clone repo	2026-02-01T13:37:05.5279541Z ##[endgroup]
Build & Public Release	Clone repo	2026-02-01T13:37:05.5312761Z [command]/usr/bin/git log -1 --format=%H
Build & Public Release	Clone repo	2026-02-01T13:37:05.5331917Z bc0243a7bd767c07515931f2d445b5fdd3671cf5
Build & Public Release	Set up JDK	ï»¿2026-02-01T13:37:05.5544579Z ##[group]Run actions/setup-java@v4
Build & Public Release	Set up JDK	2026-02-01T13:37:05.5544903Z with:
Build & Public Release	Set up JDK	2026-02-01T13:37:05.5545117Z   java-version: 17
Build & Public Release	Set up JDK	2026-02-01T13:37:05.5545330Z   distribution: temurin
Build & Public Release	Set up JDK	2026-02-01T13:37:05.5545561Z   java-package: jdk
Build & Public Release	Set up JDK	2026-02-01T13:37:05.5545771Z   check-latest: false
Build & Public Release	Set up JDK	2026-02-01T13:37:05.5545990Z   server-id: github
Build & Public Release	Set up JDK	2026-02-01T13:37:05.5546345Z   server-username: GITHUB_ACTOR
Build & Public Release	Set up JDK	2026-02-01T13:37:05.5546618Z   server-password: GITHUB_TOKEN
Build & Public Release	Set up JDK	2026-02-01T13:37:05.5546885Z   overwrite-settings: true
Build & Public Release	Set up JDK	2026-02-01T13:37:05.5547124Z   job-status: success
Build & Public Release	Set up JDK	2026-02-01T13:37:05.5547503Z   token: ***
Build & Public Release	Set up JDK	2026-02-01T13:37:05.5547702Z ##[endgroup]
Build & Public Release	Set up JDK	2026-02-01T13:37:05.7425387Z ##[group]Installed distributions
Build & Public Release	Set up JDK	2026-02-01T13:37:05.7652110Z Resolved Java 17.0.18+8 from tool-cache
Build & Public Release	Set up JDK	2026-02-01T13:37:05.7652881Z Setting Java 17.0.18+8 as the default
Build & Public Release	Set up JDK	2026-02-01T13:37:05.7664842Z Creating toolchains.xml for JDK version 17 from temurin
Build & Public Release	Set up JDK	2026-02-01T13:37:05.7733657Z Writing to /home/runner/.m2/toolchains.xml
Build & Public Release	Set up JDK	2026-02-01T13:37:05.7734111Z 
Build & Public Release	Set up JDK	2026-02-01T13:37:05.7734391Z Java configuration:
Build & Public Release	Set up JDK	2026-02-01T13:37:05.7735160Z   Distribution: temurin
Build & Public Release	Set up JDK	2026-02-01T13:37:05.7737031Z   Version: 17.0.18+8
Build & Public Release	Set up JDK	2026-02-01T13:37:05.7737837Z   Path: /opt/hostedtoolcache/Java_Temurin-Hotspot_jdk/17.0.18-8/x64
Build & Public Release	Set up JDK	2026-02-01T13:37:05.7738342Z 
Build & Public Release	Set up JDK	2026-02-01T13:37:05.7738879Z ##[endgroup]
Build & Public Release	Set up JDK	2026-02-01T13:37:05.7761424Z Creating settings.xml with server-id: github
Build & Public Release	Set up JDK	2026-02-01T13:37:05.7762178Z Writing to /home/runner/.m2/settings.xml
Build & Public Release	Set up Gradle	ï»¿2026-02-01T13:37:05.7955598Z ##[group]Run gradle/actions/setup-gradle@v4
Build & Public Release	Set up Gradle	2026-02-01T13:37:05.7955972Z with:
Build & Public Release	Set up Gradle	2026-02-01T13:37:05.7956193Z   cache-disabled: false
Build & Public Release	Set up Gradle	2026-02-01T13:37:05.7956460Z   cache-read-only: false
Build & Public Release	Set up Gradle	2026-02-01T13:37:05.7956724Z   cache-write-only: false
Build & Public Release	Set up Gradle	2026-02-01T13:37:05.7957004Z   cache-overwrite-existing: false
Build & Public Release	Set up Gradle	2026-02-01T13:37:05.7957300Z   cache-cleanup: on-success
Build & Public Release	Set up Gradle	2026-02-01T13:37:05.7957626Z   gradle-home-cache-includes: caches
Build & Public Release	Set up Gradle	notifications
Build & Public Release	Set up Gradle	
Build & Public Release	Set up Gradle	2026-02-01T13:37:05.7958014Z   add-job-summary: always
Build & Public Release	Set up Gradle	2026-02-01T13:37:05.7958292Z   add-job-summary-as-pr-comment: never
Build & Public Release	Set up Gradle	2026-02-01T13:37:05.7958621Z   dependency-graph: disabled
Build & Public Release	Set up Gradle	2026-02-01T13:37:05.7958971Z   dependency-graph-report-dir: dependency-graph-reports
Build & Public Release	Set up Gradle	2026-02-01T13:37:05.7959402Z   dependency-graph-continue-on-failure: true
Build & Public Release	Set up Gradle	2026-02-01T13:37:05.7959743Z   build-scan-publish: false
Build & Public Release	Set up Gradle	2026-02-01T13:37:05.7960048Z   validate-wrappers: true
Build & Public Release	Set up Gradle	2026-02-01T13:37:05.7960315Z   allow-snapshot-wrappers: false
Build & Public Release	Set up Gradle	2026-02-01T13:37:05.7960628Z   gradle-home-cache-strict-match: false
Build & Public Release	Set up Gradle	2026-02-01T13:37:05.7960991Z   workflow-job-context: null
Build & Public Release	Set up Gradle	2026-02-01T13:37:05.7961465Z   github-token: ***
Build & Public Release	Set up Gradle	2026-02-01T13:37:05.7961694Z env:
Build & Public Release	Set up Gradle	2026-02-01T13:37:05.7961994Z   JAVA_HOME: /opt/hostedtoolcache/Java_Temurin-Hotspot_jdk/17.0.18-8/x64
Build & Public Release	Set up Gradle	2026-02-01T13:37:05.7962484Z   JAVA_HOME_17_X64: /opt/hostedtoolcache/Java_Temurin-Hotspot_jdk/17.0.18-8/x64
Build & Public Release	Set up Gradle	2026-02-01T13:37:05.7962864Z ##[endgroup]
Build & Public Release	Set up Gradle	2026-02-01T13:37:07.0800096Z Merged default JDK locations into /home/runner/.m2/toolchains.xml
Build & Public Release	Set up Gradle	2026-02-01T13:37:07.0801314Z Preparing cache for cleanup.
Build & Public Release	Set up Gradle	2026-02-01T13:37:07.0806385Z ##[group]Restore Gradle state from cache
Build & Public Release	Set up Gradle	2026-02-01T13:37:07.2147330Z Cache hit for restore-key: gradle-home-v1|Linux-X64|build-release[16cd6cc2a04430ca045959c87cb8ce3a]-e3e403fd338aa57a1e2ba2fb0259c785980a91f7
Build & Public Release	Set up Gradle	2026-02-01T13:37:08.3228067Z Received 171966464 of 276419881 (62.2%), 164.0 MBs/sec
Build & Public Release	Set up Gradle	2026-02-01T13:37:08.7946223Z Received 276419881 of 276419881 (100.0%), 179.1 MBs/sec
Build & Public Release	Set up Gradle	2026-02-01T13:37:08.7949855Z Cache Size: ~264 MB (276419881 B)
Build & Public Release	Set up Gradle	2026-02-01T13:37:08.8109678Z [command]/usr/bin/tar -xf /home/runner/work/_temp/88d5c31f-e8a5-4dbb-a33a-a8f4fd54b259/cache.tzst -P -C /home/runner/work/AniZen/AniZen --use-compress-program unzstd
Build & Public Release	Set up Gradle	2026-02-01T13:37:09.2208831Z Cache restored successfully
Build & Public Release	Set up Gradle	2026-02-01T13:37:09.2505320Z Restored cache entry with key gradle-home-v1|Linux-X64|build-release[16cd6cc2a04430ca045959c87cb8ce3a]-bc0243a7bd767c07515931f2d445b5fdd3671cf5 to /home/runner/.gradle/caches,/home/runner/.gradle/notifications,/home/runner/.gradle/.setup-gradle in 2169ms
Build & Public Release	Set up Gradle	2026-02-01T13:37:09.3533200Z Cache hit for: gradle-kotlin-dsl-v1-5a8cfa1efb626eb777cf7148cfe2319e
Build & Public Release	Set up Gradle	2026-02-01T13:37:09.3543900Z Cache hit for: gradle-generated-gradle-jars-v1-4434c59050703a48bf14168622b59891
Build & Public Release	Set up Gradle	2026-02-01T13:37:09.3548284Z Cache hit for: gradle-dependencies-v1-b3ba458e98787b341f020e1a58774519
Build & Public Release	Set up Gradle	2026-02-01T13:37:09.3628435Z Cache hit for: gradle-groovy-dsl-v1-03a8152a63c5510c4457173d3fc1ac0e
Build & Public Release	Set up Gradle	2026-02-01T13:37:09.3632341Z Cache hit for: gradle-transforms-v1-64b60e71d3ed304b9fd2fb1d1267ce70
Build & Public Release	Set up Gradle	2026-02-01T13:37:09.3637501Z Cache hit for: gradle-instrumented-jars-v1-fda75a1011312924373a6fd035572aab
Build & Public Release	Set up Gradle	2026-02-01T13:37:09.3642732Z Cache hit for: gradle-wrapper-zips-v1-5ae5d3da5e8e0c748d04bcdd9bc97bdb
Build & Public Release	Set up Gradle	2026-02-01T13:37:09.7285019Z Received 121530 of 121530 (100.0%), 0.5 MBs/sec
Build & Public Release	Set up Gradle	2026-02-01T13:37:09.7285968Z Cache Size: ~0 MB (121530 B)
Build & Public Release	Set up Gradle	2026-02-01T13:37:09.7361350Z Received 187512 of 187512 (100.0%), 0.8 MBs/sec
Build & Public Release	Set up Gradle	2026-02-01T13:37:09.7362294Z Cache Size: ~0 MB (187512 B)
Build & Public Release	Set up Gradle	2026-02-01T13:37:09.7605052Z [command]/usr/bin/tar -xf /home/runner/work/_temp/90698f0b-523a-4d1d-8251-4ae9029bc3cd/cache.tzst -P -C /home/runner/work/AniZen/AniZen --use-compress-program unzstd
Build & Public Release	Set up Gradle	2026-02-01T13:37:09.8201251Z Cache restored successfully
Build & Public Release	Set up Gradle	2026-02-01T13:37:09.8433147Z Restored cache entry with key gradle-instrumented-jars-v1-fda75a1011312924373a6fd035572aab to /home/runner/.gradle/caches/jars-*/*/ in 590ms
Build & Public Release	Set up Gradle	2026-02-01T13:37:09.8437260Z [command]/usr/bin/tar -xf /home/runner/work/_temp/3f3ecb43-ad62-45a1-bee5-136ff7c203f0/cache.tzst -P -C /home/runner/work/AniZen/AniZen --use-compress-program unzstd
Build & Public Release	Set up Gradle	2026-02-01T13:37:09.9005881Z Cache restored successfully
Build & Public Release	Set up Gradle	2026-02-01T13:37:09.9217443Z Restored cache entry with key gradle-groovy-dsl-v1-03a8152a63c5510c4457173d3fc1ac0e to /home/runner/.gradle/caches/*/groovy-dsl/*/ in 668ms
Build & Public Release	Set up Gradle	2026-02-01T13:37:09.9272400Z Received 3342791 of 3342791 (100.0%), 6.8 MBs/sec
Build & Public Release	Set up Gradle	2026-02-01T13:37:09.9273138Z Cache Size: ~3 MB (3342791 B)
Build & Public Release	Set up Gradle	2026-02-01T13:37:10.0636076Z Received 41092997 of 41092997 (100.0%), 64.9 MBs/sec
Build & Public Release	Set up Gradle	2026-02-01T13:37:10.0637035Z Cache Size: ~39 MB (41092997 B)
Build & Public Release	Set up Gradle	2026-02-01T13:37:10.1226921Z [command]/usr/bin/tar -xf /home/runner/work/_temp/e753e7a1-f2f6-4c18-b171-c8c69eac355f/cache.tzst -P -C /home/runner/work/AniZen/AniZen --use-compress-program unzstd
Build & Public Release	Set up Gradle	2026-02-01T13:37:10.2361147Z [command]/usr/bin/tar -xf /home/runner/work/_temp/8c645ea4-317c-40db-9696-9bd6e233c783/cache.tzst -P -C /home/runner/work/AniZen/AniZen --use-compress-program unzstd
Build & Public Release	Set up Gradle	2026-02-01T13:37:10.4832952Z Received 113246208 of 136706942 (82.8%), 107.0 MBs/sec
Build & Public Release	Set up Gradle	2026-02-01T13:37:10.5125710Z Received 83886080 of 688624236 (12.2%), 78.1 MBs/sec
Build & Public Release	Set up Gradle	2026-02-01T13:37:10.5496889Z Received 96468992 of 1328841456 (7.3%), 88.9 MBs/sec
Build & Public Release	Set up Gradle	2026-02-01T13:37:10.6037296Z Cache restored successfully
Build & Public Release	Set up Gradle	2026-02-01T13:37:10.6847005Z Restored cache entry with key gradle-generated-gradle-jars-v1-4434c59050703a48bf14168622b59891 to /home/runner/.gradle/caches/8.14.3/generated-gradle-jars/gradle-api-8.14.3.jar in 1433ms
Build & Public Release	Set up Gradle	2026-02-01T13:37:10.9135645Z Received 136706942 of 136706942 (100.0%), 90.6 MBs/sec
Build & Public Release	Set up Gradle	2026-02-01T13:37:10.9137196Z Cache Size: ~130 MB (136706942 B)
Build & Public Release	Set up Gradle	2026-02-01T13:37:10.9732763Z Cache restored successfully
Build & Public Release	Set up Gradle	2026-02-01T13:37:10.9740353Z Restored cache entry with key gradle-kotlin-dsl-v1-5a8cfa1efb626eb777cf7148cfe2319e to /home/runner/.gradle/caches/*/kotlin-dsl/accessors/*/,/home/runner/.gradle/caches/*/kotlin-dsl/scripts/*/ in 1720ms
Build & Public Release	Set up Gradle	2026-02-01T13:37:10.9745905Z [command]/usr/bin/tar -xf /home/runner/work/_temp/f12880e7-c51e-4af0-929d-18b95ab7547e/cache.tzst -P -C /home/runner/work/AniZen/AniZen --use-compress-program unzstd
Build & Public Release	Set up Gradle	2026-02-01T13:37:11.1942185Z Cache restored successfully
Build & Public Release	Set up Gradle	2026-02-01T13:37:11.2314383Z Restored cache entry with key gradle-wrapper-zips-v1-5ae5d3da5e8e0c748d04bcdd9bc97bdb to /home/runner/.gradle/wrapper/dists/gradle-8.14.3-bin/cv11ve7ro1n3o1j4so8xd9n66 in 1979ms
Build & Public Release	Set up Gradle	2026-02-01T13:37:11.5673921Z Received 251658240 of 688624236 (36.5%), 115.5 MBs/sec
Build & Public Release	Set up Gradle	2026-02-01T13:37:11.5674837Z Received 268435456 of 1328841456 (20.2%), 124.8 MBs/sec
Build & Public Release	Set up Gradle	2026-02-01T13:37:12.5681372Z Received 452984832 of 688624236 (65.8%), 140.3 MBs/sec
Build & Public Release	Set up Gradle	2026-02-01T13:37:12.5682419Z Received 469762048 of 1328841456 (35.4%), 146.7 MBs/sec
Build & Public Release	Set up Gradle	2026-02-01T13:37:13.5682383Z Received 671088640 of 688624236 (97.5%), 156.9 MBs/sec
Build & Public Release	Set up Gradle	2026-02-01T13:37:13.5683045Z Received 671088640 of 1328841456 (50.5%), 157.9 MBs/sec
Build & Public Release	Set up Gradle	2026-02-01T13:37:13.6851078Z Received 688624236 of 688624236 (100.0%), 156.5 MBs/sec
Build & Public Release	Set up Gradle	2026-02-01T13:37:13.6853861Z Cache Size: ~657 MB (688624236 B)
Build & Public Release	Set up Gradle	2026-02-01T13:37:13.7344013Z [command]/usr/bin/tar -xf /home/runner/work/_temp/0650a68a-8a9d-4a48-9a30-5c7c8d6c0569/cache.tzst -P -C /home/runner/work/AniZen/AniZen --use-compress-program unzstd
Build & Public Release	Set up Gradle	2026-02-01T13:37:14.5686411Z Received 935329792 of 1328841456 (70.4%), 176.5 MBs/sec
Build & Public Release	Set up Gradle	2026-02-01T13:37:15.0619146Z Cache restored successfully
Build & Public Release	Set up Gradle	2026-02-01T13:37:15.5758879Z Received 1140850688 of 1328841456 (85.9%), 179.5 MBs/sec
Build & Public Release	Set up Gradle	2026-02-01T13:37:15.6528422Z Restored cache entry with key gradle-dependencies-v1-b3ba458e98787b341f020e1a58774519 to /home/runner/.gradle/caches/modules-*/files-*/*/*/*/* in 6400ms
Build & Public Release	Set up Gradle	2026-02-01T13:37:16.3075619Z Received 1328841456 of 1328841456 (100.0%), 186.6 MBs/sec
Build & Public Release	Set up Gradle	2026-02-01T13:37:16.3078240Z Cache Size: ~1267 MB (1328841456 B)
Build & Public Release	Set up Gradle	2026-02-01T13:37:16.3213800Z [command]/usr/bin/tar -xf /home/runner/work/_temp/9707eccb-87f4-47e0-801c-b9d3413073d6/cache.tzst -P -C /home/runner/work/AniZen/AniZen --use-compress-program unzstd
Build & Public Release	Set up Gradle	2026-02-01T13:37:27.1150854Z Cache restored successfully
Build & Public Release	Set up Gradle	2026-02-01T13:37:27.2477966Z Restored cache entry with key gradle-transforms-v1-64b60e71d3ed304b9fd2fb1d1267ce70 to /home/runner/.gradle/caches/transforms-4/*/,/home/runner/.gradle/caches/*/transforms/*/ in 17994ms
Build & Public Release	Set up Gradle	2026-02-01T13:37:27.2715348Z ##[endgroup]
Build & Public Release	Set up Gradle	2026-02-01T13:37:27.4051257Z ##[group]All Gradle Wrapper jars are valid
Build & Public Release	Set up Gradle	2026-02-01T13:37:27.4058035Z âœ“ Found known Gradle Wrapper JAR files:
Build & Public Release	Set up Gradle	2026-02-01T13:37:27.4059353Z   7d3a4ac4de1c32b59bc6a4eb8ecb8e612ccd0cf1ae1e99f66902da64df296172 gradle/wrapper/gradle-wrapper.jar
Build & Public Release	Set up Gradle	2026-02-01T13:37:27.4060987Z ##[endgroup]
Build & Public Release	Run Code Analysis (Detekt)	ï»¿2026-02-01T13:37:27.4195284Z ##[group]Run ./gradlew detekt --no-daemon
Build & Public Release	Run Code Analysis (Detekt)	2026-02-01T13:37:27.4195948Z [36;1m./gradlew detekt --no-daemon[0m
Build & Public Release	Run Code Analysis (Detekt)	2026-02-01T13:37:27.4218334Z shell: /usr/bin/bash -e {0}
Build & Public Release	Run Code Analysis (Detekt)	2026-02-01T13:37:27.4218834Z env:
Build & Public Release	Run Code Analysis (Detekt)	2026-02-01T13:37:27.4219266Z   JAVA_HOME: /opt/hostedtoolcache/Java_Temurin-Hotspot_jdk/17.0.18-8/x64
Build & Public Release	Run Code Analysis (Detekt)	2026-02-01T13:37:27.4219903Z   JAVA_HOME_17_X64: /opt/hostedtoolcache/Java_Temurin-Hotspot_jdk/17.0.18-8/x64
Build & Public Release	Run Code Analysis (Detekt)	2026-02-01T13:37:27.4220433Z   GRADLE_ACTION_ID: gradle/actions/setup-gradle
Build & Public Release	Run Code Analysis (Detekt)	2026-02-01T13:37:27.4220864Z   GRADLE_USER_HOME: /home/runner/.gradle
Build & Public Release	Run Code Analysis (Detekt)	2026-02-01T13:37:27.4221238Z   GRADLE_BUILD_ACTION_SETUP_COMPLETED: true
Build & Public Release	Run Code Analysis (Detekt)	2026-02-01T13:37:27.4221688Z   GRADLE_BUILD_ACTION_CACHE_RESTORED: true
Build & Public Release	Run Code Analysis (Detekt)	2026-02-01T13:37:27.4222249Z   DEVELOCITY_INJECTION_INIT_SCRIPT_NAME: gradle-actions.inject-develocity.init.gradle
Build & Public Release	Run Code Analysis (Detekt)	2026-02-01T13:37:27.4222823Z   DEVELOCITY_INJECTION_CUSTOM_VALUE: gradle-actions
Build & Public Release	Run Code Analysis (Detekt)	2026-02-01T13:37:27.4223258Z   GITHUB_DEPENDENCY_GRAPH_ENABLED: false
Build & Public Release	Run Code Analysis (Detekt)	2026-02-01T13:37:27.4223876Z ##[endgroup]
Build & Public Release	Run Code Analysis (Detekt)	2026-02-01T13:37:29.1185266Z To honour the JVM settings for this build a single-use Daemon process will be forked. For more on this, please refer to https://docs.gradle.org/8.14.3/userguide/gradle_daemon.html#sec:disabling_the_daemon in the Gradle documentation.
Build & Public Release	Run Code Analysis (Detekt)	2026-02-01T13:37:30.4174972Z Daemon will be stopped at the end of the build 
Build & Public Release	Run Code Analysis (Detekt)	2026-02-01T13:37:30.7175607Z Configuration on demand is an incubating feature.
Build & Public Release	Run Code Analysis (Detekt)	2026-02-01T13:37:34.4191223Z Type-safe project accessors is an incubating feature.
Build & Public Release	Run Code Analysis (Detekt)	2026-02-01T13:37:37.3234618Z > Task :buildSrc:checkKotlinGradlePluginConfigurationErrors SKIPPED
Build & Public Release	Run Code Analysis (Detekt)	2026-02-01T13:37:37.5178228Z > Task :buildSrc:generateExternalPluginSpecBuilders FROM-CACHE
Build & Public Release	Run Code Analysis (Detekt)	2026-02-01T13:37:37.5180338Z > Task :buildSrc:extractPrecompiledScriptPluginPlugins FROM-CACHE
Build & Public Release	Run Code Analysis (Detekt)	2026-02-01T13:37:37.6176555Z > Task :buildSrc:compilePluginsBlocks FROM-CACHE
Build & Public Release	Run Code Analysis (Detekt)	2026-02-01T13:37:37.9211639Z > Task :buildSrc:generatePrecompiledScriptPluginAccessors FROM-CACHE
Build & Public Release	Run Code Analysis (Detekt)	2026-02-01T13:37:37.9212912Z > Task :buildSrc:generateScriptPluginAdapters FROM-CACHE
Build & Public Release	Run Code Analysis (Detekt)	2026-02-01T13:37:38.3189917Z > Task :buildSrc:compileKotlin FROM-CACHE
Build & Public Release	Run Code Analysis (Detekt)	2026-02-01T13:37:38.3199815Z > Task :buildSrc:compileJava NO-SOURCE
Build & Public Release	Run Code Analysis (Detekt)	2026-02-01T13:37:38.3200616Z > Task :buildSrc:compileGroovy NO-SOURCE
Build & Public Release	Run Code Analysis (Detekt)	2026-02-01T13:37:38.3201245Z > Task :buildSrc:pluginDescriptors
Build & Public Release	Run Code Analysis (Detekt)	2026-02-01T13:37:38.3202209Z > Task :buildSrc:processResources
Build & Public Release	Run Code Analysis (Detekt)	2026-02-01T13:37:38.3203618Z > Task :buildSrc:classes
Build & Public Release	Run Code Analysis (Detekt)	2026-02-01T13:37:38.6174683Z > Task :buildSrc:jar
Build & Public Release	Run Code Analysis (Detekt)	2026-02-01T13:37:46.0197345Z > Task :detekt NO-SOURCE
Build & Public Release	Run Code Analysis (Detekt)	2026-02-01T13:37:46.1182668Z gradle/actions: Writing build results to /home/runner/work/_temp/.gradle-actions/build-results/__run-1769953052587.json
Build & Public Release	Run Code Analysis (Detekt)	2026-02-01T13:37:46.1184124Z 
Build & Public Release	Run Code Analysis (Detekt)	2026-02-01T13:37:46.1185107Z [Incubating] Problems report is available at: file:///home/runner/work/AniZen/AniZen/build/reports/problems/problems-report.html
Build & Public Release	Run Code Analysis (Detekt)	2026-02-01T13:37:46.1186238Z 
Build & Public Release	Run Code Analysis (Detekt)	2026-02-01T13:37:46.1190617Z Deprecated Gradle features were used in this build, making it incompatible with Gradle 9.0.
Build & Public Release	Run Code Analysis (Detekt)	2026-02-01T13:37:46.1191362Z 
Build & Public Release	Run Code Analysis (Detekt)	2026-02-01T13:37:46.1192136Z You can use '--warning-mode all' to show the individual deprecation warnings and determine if they come from your own scripts or plugins.
Build & Public Release	Run Code Analysis (Detekt)	2026-02-01T13:37:46.1192984Z 
Build & Public Release	Run Code Analysis (Detekt)	2026-02-01T13:37:46.1193979Z For more on this, please refer to https://docs.gradle.org/8.14.3/userguide/command_line_interface.html#sec:command_line_warnings in the Gradle documentation.
Build & Public Release	Run Code Analysis (Detekt)	2026-02-01T13:37:46.1194977Z 
Build & Public Release	Run Code Analysis (Detekt)	2026-02-01T13:37:46.1195155Z BUILD SUCCESSFUL in 18s
Build & Public Release	Run Code Analysis (Detekt)	2026-02-01T13:37:46.1195617Z 9 actionable tasks: 3 executed, 6 from cache
Build & Public Release	Build Release APK	ï»¿2026-02-01T13:37:46.2906344Z ##[group]Run ./gradlew assembleRelease -Pinclude-telemetry=false -Penable-updater=false --no-daemon
Build & Public Release	Build Release APK	2026-02-01T13:37:46.2907143Z [36;1m./gradlew assembleRelease -Pinclude-telemetry=false -Penable-updater=false --no-daemon[0m
Build & Public Release	Build Release APK	2026-02-01T13:37:46.2926519Z shell: /usr/bin/bash -e {0}
Build & Public Release	Build Release APK	2026-02-01T13:37:46.2926817Z env:
Build & Public Release	Build Release APK	2026-02-01T13:37:46.2927146Z   JAVA_HOME: /opt/hostedtoolcache/Java_Temurin-Hotspot_jdk/17.0.18-8/x64
Build & Public Release	Build Release APK	2026-02-01T13:37:46.2927654Z   JAVA_HOME_17_X64: /opt/hostedtoolcache/Java_Temurin-Hotspot_jdk/17.0.18-8/x64
Build & Public Release	Build Release APK	2026-02-01T13:37:46.2928095Z   GRADLE_ACTION_ID: gradle/actions/setup-gradle
Build & Public Release	Build Release APK	2026-02-01T13:37:46.2928415Z   GRADLE_USER_HOME: /home/runner/.gradle
Build & Public Release	Build Release APK	2026-02-01T13:37:46.2928744Z   GRADLE_BUILD_ACTION_SETUP_COMPLETED: true
Build & Public Release	Build Release APK	2026-02-01T13:37:46.2929079Z   GRADLE_BUILD_ACTION_CACHE_RESTORED: true
Build & Public Release	Build Release APK	2026-02-01T13:37:46.2929536Z   DEVELOCITY_INJECTION_INIT_SCRIPT_NAME: gradle-actions.inject-develocity.init.gradle
Build & Public Release	Build Release APK	2026-02-01T13:37:46.2930022Z   DEVELOCITY_INJECTION_CUSTOM_VALUE: gradle-actions
Build & Public Release	Build Release APK	2026-02-01T13:37:46.2930413Z   GITHUB_DEPENDENCY_GRAPH_ENABLED: false
Build & Public Release	Build Release APK	2026-02-01T13:37:46.2930708Z ##[endgroup]
Build & Public Release	Build Release APK	2026-02-01T13:37:46.9152878Z To honour the JVM settings for this build a single-use Daemon process will be forked. For more on this, please refer to https://docs.gradle.org/8.14.3/userguide/gradle_daemon.html#sec:disabling_the_daemon in the Gradle documentation.
Build & Public Release	Build Release APK	2026-02-01T13:37:47.9139786Z Daemon will be stopped at the end of the build 
Build & Public Release	Build Release APK	2026-02-01T13:37:48.2147183Z Configuration on demand is an incubating feature.
Build & Public Release	Build Release APK	2026-02-01T13:37:50.9137759Z Type-safe project accessors is an incubating feature.
Build & Public Release	Build Release APK	2026-02-01T13:37:53.6156795Z > Task :buildSrc:checkKotlinGradlePluginConfigurationErrors SKIPPED
Build & Public Release	Build Release APK	2026-02-01T13:37:53.8137637Z > Task :buildSrc:generateExternalPluginSpecBuilders UP-TO-DATE
Build & Public Release	Build Release APK	2026-02-01T13:37:53.8138622Z > Task :buildSrc:extractPrecompiledScriptPluginPlugins UP-TO-DATE
Build & Public Release	Build Release APK	2026-02-01T13:37:53.9133548Z > Task :buildSrc:compilePluginsBlocks UP-TO-DATE
Build & Public Release	Build Release APK	2026-02-01T13:37:54.2130587Z > Task :buildSrc:generatePrecompiledScriptPluginAccessors UP-TO-DATE
Build & Public Release	Build Release APK	2026-02-01T13:37:54.2131496Z > Task :buildSrc:generateScriptPluginAdapters UP-TO-DATE
Build & Public Release	Build Release APK	2026-02-01T13:37:54.4142954Z > Task :buildSrc:compileKotlin UP-TO-DATE
Build & Public Release	Build Release APK	2026-02-01T13:37:54.4143849Z > Task :buildSrc:compileJava NO-SOURCE
Build & Public Release	Build Release APK	2026-02-01T13:37:54.4144401Z > Task :buildSrc:compileGroovy NO-SOURCE
Build & Public Release	Build Release APK	2026-02-01T13:37:54.4144986Z > Task :buildSrc:pluginDescriptors UP-TO-DATE
Build & Public Release	Build Release APK	2026-02-01T13:37:54.4145584Z > Task :buildSrc:processResources UP-TO-DATE
Build & Public Release	Build Release APK	2026-02-01T13:37:54.4146124Z > Task :buildSrc:classes UP-TO-DATE
Build & Public Release	Build Release APK	2026-02-01T13:37:54.4146612Z > Task :buildSrc:jar UP-TO-DATE
Build & Public Release	Build Release APK	2026-02-01T13:38:04.1130293Z > Task :core-metadata:preBuild UP-TO-DATE
Build & Public Release	Build Release APK	2026-02-01T13:38:04.1134136Z > Task :data:preBuild UP-TO-DATE
Build & Public Release	Build Release APK	2026-02-01T13:38:04.1150000Z > Task :domain:preBuild UP-TO-DATE
Build & Public Release	Build Release APK	2026-02-01T13:38:04.1156942Z > Task :core-metadata:preReleaseBuild UP-TO-DATE
Build & Public Release	Build Release APK	2026-02-01T13:38:04.1165147Z > Task :app:preBuild UP-TO-DATE
Build & Public Release	Build Release APK	2026-02-01T13:38:04.1170992Z > Task :domain:preReleaseBuild UP-TO-DATE
Build & Public Release	Build Release APK	2026-02-01T13:38:04.1177288Z > Task :app:preReleaseBuild UP-TO-DATE
Build & Public Release	Build Release APK	2026-02-01T13:38:04.1190201Z > Task :data:preReleaseBuild UP-TO-DATE
Build & Public Release	Build Release APK	2026-02-01T13:38:04.3145816Z > Task :core-metadata:mergeReleaseJniLibFolders
Build & Public Release	Build Release APK	2026-02-01T13:38:04.3164323Z > Task :data:mergeReleaseJniLibFolders
Build & Public Release	Build Release APK	2026-02-01T13:38:04.3175619Z > Task :domain:mergeReleaseJniLibFolders
Build & Public Release	Build Release APK	2026-02-01T13:38:04.3176333Z > Task :app:mergeReleaseJniLibFolders
Build & Public Release	Build Release APK	2026-02-01T13:38:04.3176970Z > Task :flagkit:preBuild UP-TO-DATE
Build & Public Release	Build Release APK	2026-02-01T13:38:04.3177489Z > Task :flagkit:preReleaseBuild UP-TO-DATE
Build & Public Release	Build Release APK	2026-02-01T13:38:04.3178090Z > Task :data:mergeReleaseNativeLibs NO-SOURCE
Build & Public Release	Build Release APK	2026-02-01T13:38:04.3178737Z > Task :core-metadata:mergeReleaseNativeLibs NO-SOURCE
Build & Public Release	Build Release APK	2026-02-01T13:38:04.3179393Z > Task :domain:mergeReleaseNativeLibs NO-SOURCE
Build & Public Release	Build Release APK	2026-02-01T13:38:04.3180004Z > Task :flagkit:mergeReleaseJniLibFolders
Build & Public Release	Build Release APK	2026-02-01T13:38:04.3180534Z > Task :flagkit:mergeReleaseNativeLibs NO-SOURCE
Build & Public Release	Build Release APK	2026-02-01T13:38:04.3181111Z > Task :domain:copyReleaseJniLibsProjectOnly
Build & Public Release	Build Release APK	2026-02-01T13:38:04.3194269Z > Task :i18n:generateLocalesConfig UP-TO-DATE
Build & Public Release	Build Release APK	2026-02-01T13:38:04.3198844Z > Task :data:copyReleaseJniLibsProjectOnly
Build & Public Release	Build Release APK	2026-02-01T13:38:04.3199650Z > Task :core-metadata:copyReleaseJniLibsProjectOnly
Build & Public Release	Build Release APK	2026-02-01T13:38:04.3200393Z > Task :flagkit:copyReleaseJniLibsProjectOnly
Build & Public Release	Build Release APK	2026-02-01T13:38:04.4136057Z > Task :i18n-ank:generateMRcommonMain FROM-CACHE
Build & Public Release	Build Release APK	2026-02-01T13:38:04.4164426Z > Task :i18n-ank:generateMRandroidDebug SKIPPED
Build & Public Release	Build Release APK	2026-02-01T13:38:04.4165304Z > Task :i18n-sy:generateMRcommonMain FROM-CACHE
Build & Public Release	Build Release APK	2026-02-01T13:38:04.4166008Z > Task :i18n-sy:generateMRandroidDebug SKIPPED
Build & Public Release	Build Release APK	2026-02-01T13:38:04.4167666Z > Task :i18n-kmk:generateMRcommonMain FROM-CACHE
Build & Public Release	Build Release APK	2026-02-01T13:38:04.4180352Z > Task :i18n-kmk:generateMRandroidDebug SKIPPED
Build & Public Release	Build Release APK	2026-02-01T13:38:04.4196128Z > Task :i18n-sy:generateMRandroidInstrumentedTest FROM-CACHE
Build & Public Release	Build Release APK	2026-02-01T13:38:04.4210108Z > Task :i18n-sy:generateMRandroidInstrumentedTestDebug SKIPPED
Build & Public Release	Build Release APK	2026-02-01T13:38:04.4211368Z > Task :i18n-ank:generateMRandroidInstrumentedTest FROM-CACHE
Build & Public Release	Build Release APK	2026-02-01T13:38:04.4212387Z > Task :i18n-ank:generateMRandroidInstrumentedTestDebug SKIPPED
Build & Public Release	Build Release APK	2026-02-01T13:38:04.4213534Z > Task :i18n-kmk:generateMRandroidInstrumentedTest FROM-CACHE
Build & Public Release	Build Release APK	2026-02-01T13:38:04.4214604Z > Task :i18n-kmk:generateMRandroidInstrumentedTestDebug SKIPPED
Build & Public Release	Build Release APK	2026-02-01T13:38:04.4215456Z > Task :i18n:generateMRcommonMain FROM-CACHE
Build & Public Release	Build Release APK	2026-02-01T13:38:04.4216082Z > Task :i18n:generateMRandroidDebug SKIPPED
Build & Public Release	Build Release APK	2026-02-01T13:38:04.4216805Z > Task :i18n:generateMRandroidInstrumentedTest FROM-CACHE
Build & Public Release	Build Release APK	2026-02-01T13:38:04.4217632Z > Task :i18n:generateMRandroidInstrumentedTestDebug SKIPPED
Build & Public Release	Build Release APK	2026-02-01T13:38:04.5201965Z > Task :i18n-ank:generateMRandroidMain FROM-CACHE
Build & Public Release	Build Release APK	2026-02-01T13:38:04.5203152Z > Task :i18n-ank:generateMRandroidRelease SKIPPED
Build & Public Release	Build Release APK	2026-02-01T13:38:04.5207502Z > Task :i18n-ank:generateMRcommonTest FROM-CACHE
Build & Public Release	Build Release APK	2026-02-01T13:38:04.5208348Z > Task :i18n-kmk:generateMRandroidMain FROM-CACHE
Build & Public Release	Build Release APK	2026-02-01T13:38:04.5215662Z > Task :i18n-kmk:generateMRandroidRelease SKIPPED
Build & Public Release	Build Release APK	2026-02-01T13:38:04.5218190Z > Task :i18n-sy:generateMRandroidMain FROM-CACHE
Build & Public Release	Build Release APK	2026-02-01T13:38:04.5218830Z > Task :i18n-sy:generateMRandroidRelease SKIPPED
Build & Public Release	Build Release APK	2026-02-01T13:38:04.5219467Z > Task :i18n-ank:generateMRandroidUnitTest FROM-CACHE
Build & Public Release	Build Release APK	2026-02-01T13:38:04.5220152Z > Task :i18n-ank:generateMRandroidUnitTestDebug SKIPPED
Build & Public Release	Build Release APK	2026-02-01T13:38:04.5220844Z > Task :i18n-ank:generateMRandroidUnitTestRelease SKIPPED
Build & Public Release	Build Release APK	2026-02-01T13:38:04.5221485Z > Task :i18n-ank:preBuild UP-TO-DATE
Build & Public Release	Build Release APK	2026-02-01T13:38:04.5222017Z > Task :i18n-ank:preReleaseBuild UP-TO-DATE
Build & Public Release	Build Release APK	2026-02-01T13:38:04.5222611Z > Task :i18n-kmk:generateMRcommonTest FROM-CACHE
Build & Public Release	Build Release APK	2026-02-01T13:38:04.5223222Z > Task :i18n-sy:generateMRcommonTest FROM-CACHE
Build & Public Release	Build Release APK	2026-02-01T13:38:04.5223887Z > Task :i18n-ank:mergeReleaseJniLibFolders
Build & Public Release	Build Release APK	2026-02-01T13:38:04.5224672Z > Task :i18n-ank:mergeReleaseNativeLibs NO-SOURCE
Build & Public Release	Build Release APK	2026-02-01T13:38:04.5225248Z > Task :i18n-kmk:generateMRandroidUnitTest FROM-CACHE
Build & Public Release	Build Release APK	2026-02-01T13:38:04.5225873Z > Task :i18n-kmk:generateMRandroidUnitTestDebug SKIPPED
Build & Public Release	Build Release APK	2026-02-01T13:38:04.5226531Z > Task :i18n-kmk:generateMRandroidUnitTestRelease SKIPPED
Build & Public Release	Build Release APK	2026-02-01T13:38:04.5227147Z > Task :i18n-sy:generateMRandroidUnitTest FROM-CACHE
Build & Public Release	Build Release APK	2026-02-01T13:38:04.5227739Z > Task :i18n-kmk:preBuild UP-TO-DATE
Build & Public Release	Build Release APK	2026-02-01T13:38:04.5228240Z > Task :i18n-kmk:preReleaseBuild UP-TO-DATE
Build & Public Release	Build Release APK	2026-02-01T13:38:04.5228762Z > Task :i18n-sy:generateMRandroidUnitTestDebug SKIPPED
Build & Public Release	Build Release APK	2026-02-01T13:38:04.5229347Z > Task :i18n-sy:generateMRandroidUnitTestRelease SKIPPED
Build & Public Release	Build Release APK	2026-02-01T13:38:04.5229874Z > Task :i18n-sy:preBuild UP-TO-DATE
Build & Public Release	Build Release APK	2026-02-01T13:38:04.5230306Z > Task :i18n-sy:preReleaseBuild UP-TO-DATE
Build & Public Release	Build Release APK	2026-02-01T13:38:04.5230762Z > Task :i18n-kmk:mergeReleaseJniLibFolders
Build & Public Release	Build Release APK	2026-02-01T13:38:04.5231254Z > Task :i18n-kmk:mergeReleaseNativeLibs NO-SOURCE
Build & Public Release	Build Release APK	2026-02-01T13:38:04.5231810Z > Task :i18n-ank:copyReleaseJniLibsProjectOnly
Build & Public Release	Build Release APK	2026-02-01T13:38:04.5232322Z > Task :presentation-core:preBuild UP-TO-DATE
Build & Public Release	Build Release APK	2026-02-01T13:38:04.5232846Z > Task :presentation-core:preReleaseBuild UP-TO-DATE
Build & Public Release	Build Release APK	2026-02-01T13:38:04.5233529Z > Task :i18n-kmk:copyReleaseJniLibsProjectOnly
Build & Public Release	Build Release APK	2026-02-01T13:38:04.5249545Z > Task :presentation-widget:preBuild UP-TO-DATE
Build & Public Release	Build Release APK	2026-02-01T13:38:04.5250339Z > Task :presentation-widget:preReleaseBuild UP-TO-DATE
Build & Public Release	Build Release APK	2026-02-01T13:38:04.5250915Z > Task :i18n-sy:mergeReleaseJniLibFolders
Build & Public Release	Build Release APK	2026-02-01T13:38:04.5251469Z > Task :presentation-core:mergeReleaseJniLibFolders
Build & Public Release	Build Release APK	2026-02-01T13:38:04.5254570Z > Task :i18n-sy:mergeReleaseNativeLibs NO-SOURCE
Build & Public Release	Build Release APK	2026-02-01T13:38:04.5255231Z > Task :presentation-widget:mergeReleaseJniLibFolders
Build & Public Release	Build Release APK	2026-02-01T13:38:04.5255913Z > Task :presentation-core:mergeReleaseNativeLibs NO-SOURCE
Build & Public Release	Build Release APK	2026-02-01T13:38:04.5256635Z > Task :presentation-widget:mergeReleaseNativeLibs NO-SOURCE
Build & Public Release	Build Release APK	2026-02-01T13:38:04.5257302Z > Task :i18n-sy:copyReleaseJniLibsProjectOnly
Build & Public Release	Build Release APK	2026-02-01T13:38:04.5257912Z > Task :source-api:preBuild UP-TO-DATE
Build & Public Release	Build Release APK	2026-02-01T13:38:04.5258474Z > Task :source-api:preReleaseBuild UP-TO-DATE
Build & Public Release	Build Release APK	2026-02-01T13:38:04.5259095Z > Task :presentation-widget:copyReleaseJniLibsProjectOnly
Build & Public Release	Build Release APK	2026-02-01T13:38:04.5259731Z > Task :source-local:preBuild UP-TO-DATE
Build & Public Release	Build Release APK	2026-02-01T13:38:04.5260325Z > Task :source-local:preReleaseBuild UP-TO-DATE
Build & Public Release	Build Release APK	2026-02-01T13:38:04.5260953Z > Task :presentation-core:copyReleaseJniLibsProjectOnly
Build & Public Release	Build Release APK	2026-02-01T13:38:04.5261554Z > Task :telemetry:preBuild UP-TO-DATE
Build & Public Release	Build Release APK	2026-02-01T13:38:04.5265988Z > Task :telemetry:preReleaseBuild UP-TO-DATE
Build & Public Release	Build Release APK	2026-02-01T13:38:04.6193992Z > Task :telemetry:mergeReleaseJniLibFolders
Build & Public Release	Build Release APK	2026-02-01T13:38:04.6224590Z > Task :source-api:mergeReleaseJniLibFolders
Build & Public Release	Build Release APK	2026-02-01T13:38:04.6225620Z > Task :source-local:mergeReleaseJniLibFolders
Build & Public Release	Build Release APK	2026-02-01T13:38:04.6226348Z > Task :telemetry:mergeReleaseNativeLibs NO-SOURCE
Build & Public Release	Build Release APK	2026-02-01T13:38:04.6228265Z > Task :source-api:mergeReleaseNativeLibs NO-SOURCE
Build & Public Release	Build Release APK	2026-02-01T13:38:04.6228962Z > Task :source-local:mergeReleaseNativeLibs NO-SOURCE
Build & Public Release	Build Release APK	2026-02-01T13:38:04.6229563Z > Task :telemetry:copyReleaseJniLibsProjectOnly
Build & Public Release	Build Release APK	2026-02-01T13:38:04.6230186Z > Task :source-api:copyReleaseJniLibsProjectOnly
Build & Public Release	Build Release APK	2026-02-01T13:38:04.6230727Z > Task :core:archive:preBuild UP-TO-DATE
Build & Public Release	Build Release APK	2026-02-01T13:38:04.6231212Z > Task :core:common:preBuild UP-TO-DATE
Build & Public Release	Build Release APK	2026-02-01T13:38:04.6231710Z > Task :core:archive:preReleaseBuild UP-TO-DATE
Build & Public Release	Build Release APK	2026-02-01T13:38:04.6232255Z > Task :core:common:preReleaseBuild UP-TO-DATE
Build & Public Release	Build Release APK	2026-02-01T13:38:04.6232789Z > Task :source-local:copyReleaseJniLibsProjectOnly
Build & Public Release	Build Release APK	2026-02-01T13:38:04.6237194Z > Task :core:common:mergeReleaseJniLibFolders
Build & Public Release	Build Release APK	2026-02-01T13:38:04.6237883Z > Task :core:archive:mergeReleaseJniLibFolders
Build & Public Release	Build Release APK	2026-02-01T13:38:04.6238417Z > Task :core-metadata:prepareReleaseArtProfile
Build & Public Release	Build Release APK	2026-02-01T13:38:04.6238978Z > Task :core:archive:mergeReleaseNativeLibs NO-SOURCE
Build & Public Release	Build Release APK	2026-02-01T13:38:04.6239582Z > Task :core:common:mergeReleaseNativeLibs NO-SOURCE
Build & Public Release	Build Release APK	2026-02-01T13:38:04.6240122Z > Task :i18n:generateMRandroidMain FROM-CACHE
Build & Public Release	Build Release APK	2026-02-01T13:38:04.6240971Z > Task :i18n:generateMRandroidRelease SKIPPED
Build & Public Release	Build Release APK	2026-02-01T13:38:04.6241514Z > Task :core:archive:copyReleaseJniLibsProjectOnly
Build & Public Release	Build Release APK	2026-02-01T13:38:04.6242129Z > Task :data:prepareReleaseArtProfile
Build & Public Release	Build Release APK	2026-02-01T13:38:04.6242595Z > Task :domain:prepareReleaseArtProfile
Build & Public Release	Build Release APK	2026-02-01T13:38:04.6243136Z > Task :core:common:copyReleaseJniLibsProjectOnly
Build & Public Release	Build Release APK	2026-02-01T13:38:04.6243865Z > Task :i18n-ank:prepareReleaseArtProfile
Build & Public Release	Build Release APK	2026-02-01T13:38:04.6244427Z > Task :flagkit:prepareReleaseArtProfile
Build & Public Release	Build Release APK	2026-02-01T13:38:04.6244995Z > Task :i18n:generateMRcommonTest FROM-CACHE
Build & Public Release	Build Release APK	2026-02-01T13:38:04.6245549Z > Task :i18n-sy:prepareReleaseArtProfile
Build & Public Release	Build Release APK	2026-02-01T13:38:04.6246030Z > Task :i18n-kmk:prepareReleaseArtProfile
Build & Public Release	Build Release APK	2026-02-01T13:38:04.6246544Z > Task :presentation-core:prepareReleaseArtProfile
Build & Public Release	Build Release APK	2026-02-01T13:38:04.6247092Z > Task :source-api:prepareReleaseArtProfile
Build & Public Release	Build Release APK	2026-02-01T13:38:04.6247646Z > Task :presentation-widget:prepareReleaseArtProfile
Build & Public Release	Build Release APK	2026-02-01T13:38:04.6248221Z > Task :source-local:prepareReleaseArtProfile
Build & Public Release	Build Release APK	2026-02-01T13:38:04.6248803Z > Task :i18n:generateMRandroidUnitTest FROM-CACHE
Build & Public Release	Build Release APK	2026-02-01T13:38:04.6249397Z > Task :i18n:generateMRandroidUnitTestDebug SKIPPED
Build & Public Release	Build Release APK	2026-02-01T13:38:04.6250008Z > Task :i18n:generateMRandroidUnitTestRelease SKIPPED
Build & Public Release	Build Release APK	2026-02-01T13:38:04.6250863Z > Task :i18n:preBuild UP-TO-DATE
Build & Public Release	Build Release APK	2026-02-01T13:38:04.6251299Z > Task :i18n:preReleaseBuild UP-TO-DATE
Build & Public Release	Build Release APK	2026-02-01T13:38:04.6251780Z > Task :telemetry:prepareReleaseArtProfile
Build & Public Release	Build Release APK	2026-02-01T13:38:04.6252442Z > Task :core-metadata:checkKotlinGradlePluginConfigurationErrors SKIPPED
Build & Public Release	Build Release APK	2026-02-01T13:38:04.7162144Z > Task :core:archive:prepareReleaseArtProfile
Build & Public Release	Build Release APK	2026-02-01T13:38:04.7169935Z > Task :core-metadata:generateReleaseResValues FROM-CACHE
Build & Public Release	Build Release APK	2026-02-01T13:38:04.7172880Z > Task :i18n:mergeReleaseJniLibFolders
Build & Public Release	Build Release APK	2026-02-01T13:38:04.7176038Z > Task :core:common:prepareReleaseArtProfile
Build & Public Release	Build Release APK	2026-02-01T13:38:04.7178837Z > Task :source-api:generateReleaseResValues FROM-CACHE
Build & Public Release	Build Release APK	2026-02-01T13:38:04.7181585Z > Task :i18n:mergeReleaseNativeLibs NO-SOURCE
Build & Public Release	Build Release APK	2026-02-01T13:38:04.7182954Z > Task :i18n-sy:generateReleaseResValues FROM-CACHE
Build & Public Release	Build Release APK	2026-02-01T13:38:04.7184460Z > Task :source-api:generateReleaseResources FROM-CACHE
Build & Public Release	Build Release APK	2026-02-01T13:38:04.7185868Z > Task :core-metadata:generateReleaseResources FROM-CACHE
Build & Public Release	Build Release APK	2026-02-01T13:38:04.7187225Z > Task :i18n:copyReleaseJniLibsProjectOnly
Build & Public Release	Build Release APK	2026-02-01T13:38:04.7188566Z > Task :i18n-sy:generateReleaseResources FROM-CACHE
Build & Public Release	Build Release APK	2026-02-01T13:38:04.7197645Z > Task :core-metadata:packageReleaseResources FROM-CACHE
Build & Public Release	Build Release APK	2026-02-01T13:38:04.7203936Z > Task :source-api:packageReleaseResources FROM-CACHE
Build & Public Release	Build Release APK	2026-02-01T13:38:04.7204630Z > Task :i18n:prepareReleaseArtProfile
Build & Public Release	Build Release APK	2026-02-01T13:38:04.7205231Z > Task :i18n:generateReleaseResValues FROM-CACHE
Build & Public Release	Build Release APK	2026-02-01T13:38:07.3142851Z > Task :i18n:generateReleaseResources FROM-CACHE
Build & Public Release	Build Release APK	2026-02-01T13:38:07.5133757Z > Task :i18n:packageReleaseResources FROM-CACHE
Build & Public Release	Build Release APK	2026-02-01T13:38:07.5134831Z > Task :i18n:parseReleaseLocalResources FROM-CACHE
Build & Public Release	Build Release APK	2026-02-01T13:38:07.5135636Z > Task :core-metadata:parseReleaseLocalResources FROM-CACHE
Build & Public Release	Build Release APK	2026-02-01T13:38:07.5136519Z > Task :source-api:parseReleaseLocalResources FROM-CACHE
Build & Public Release	Build Release APK	2026-02-01T13:38:07.5137284Z > Task :core:common:generateReleaseResValues FROM-CACHE
Build & Public Release	Build Release APK	2026-02-01T13:38:07.5138060Z > Task :core:common:generateReleaseResources FROM-CACHE
Build & Public Release	Build Release APK	2026-02-01T13:38:07.5138849Z > Task :core:common:packageReleaseResources FROM-CACHE
Build & Public Release	Build Release APK	2026-02-01T13:38:07.6141344Z > Task :core:common:parseReleaseLocalResources FROM-CACHE
Build & Public Release	Build Release APK	2026-02-01T13:38:07.6149368Z > Task :source-api:kmpPartiallyResolvedDependenciesChecker
Build & Public Release	Build Release APK	2026-02-01T13:38:07.6192620Z > Task :source-api:checkKotlinGradlePluginConfigurationErrors SKIPPED
Build & Public Release	Build Release APK	2026-02-01T13:38:07.6193749Z > Task :core:common:checkKotlinGradlePluginConfigurationErrors SKIPPED
Build & Public Release	Build Release APK	2026-02-01T13:38:07.6199012Z > Task :i18n-sy:packageReleaseResources FROM-CACHE
Build & Public Release	Build Release APK	2026-02-01T13:38:07.6199777Z > Task :i18n-sy:parseReleaseLocalResources FROM-CACHE
Build & Public Release	Build Release APK	2026-02-01T13:38:07.6200676Z > Task :i18n-sy:generateReleaseRFile FROM-CACHE
Build & Public Release	Build Release APK	2026-02-01T13:38:07.6201819Z > Task :i18n-sy:kmpPartiallyResolvedDependenciesChecker
Build & Public Release	Build Release APK	2026-02-01T13:38:07.6202809Z > Task :i18n-sy:checkKotlinGradlePluginConfigurationErrors SKIPPED
Build & Public Release	Build Release APK	2026-02-01T13:38:07.6227507Z > Task :core:common:javaPreCompileRelease FROM-CACHE
Build & Public Release	Build Release APK	2026-02-01T13:38:07.6228778Z > Task :source-api:javaPreCompileRelease FROM-CACHE
Build & Public Release	Build Release APK	2026-02-01T13:38:07.6230244Z > Task :core-metadata:javaPreCompileRelease FROM-CACHE
Build & Public Release	Build Release APK	2026-02-01T13:38:07.6242342Z > Task :domain:checkKotlinGradlePluginConfigurationErrors SKIPPED
Build & Public Release	Build Release APK	2026-02-01T13:38:07.7131738Z > Task :domain:generateReleaseResValues FROM-CACHE
Build & Public Release	Build Release APK	2026-02-01T13:38:07.7135055Z > Task :domain:generateReleaseResources FROM-CACHE
Build & Public Release	Build Release APK	2026-02-01T13:38:07.7162968Z > Task :domain:packageReleaseResources FROM-CACHE
Build & Public Release	Build Release APK	2026-02-01T13:38:07.7165227Z > Task :domain:parseReleaseLocalResources FROM-CACHE
Build & Public Release	Build Release APK	2026-02-01T13:38:07.7165885Z > Task :i18n-ank:generateReleaseResValues FROM-CACHE
Build & Public Release	Build Release APK	2026-02-01T13:38:07.7166468Z > Task :i18n-ank:generateReleaseResources FROM-CACHE
Build & Public Release	Build Release APK	2026-02-01T13:38:07.7167086Z > Task :i18n-ank:packageReleaseResources FROM-CACHE
Build & Public Release	Build Release APK	2026-02-01T13:38:07.7167775Z > Task :i18n-ank:parseReleaseLocalResources FROM-CACHE
Build & Public Release	Build Release APK	2026-02-01T13:38:07.7168414Z > Task :i18n-ank:generateReleaseRFile FROM-CACHE
Build & Public Release	Build Release APK	2026-02-01T13:38:07.7169070Z > Task :i18n-ank:kmpPartiallyResolvedDependenciesChecker
Build & Public Release	Build Release APK	2026-02-01T13:38:07.7170271Z > Task :i18n-ank:checkKotlinGradlePluginConfigurationErrors SKIPPED
Build & Public Release	Build Release APK	2026-02-01T13:38:07.7170975Z > Task :i18n:generateReleaseRFile FROM-CACHE
Build & Public Release	Build Release APK	2026-02-01T13:38:08.1137631Z > Task :core:common:generateReleaseRFile FROM-CACHE
Build & Public Release	Build Release APK	2026-02-01T13:38:08.2150819Z > Task :source-api:generateReleaseRFile FROM-CACHE
Build & Public Release	Build Release APK	2026-02-01T13:38:08.2154170Z > Task :i18n-ank:compileReleaseKotlinAndroid FROM-CACHE
Build & Public Release	Build Release APK	2026-02-01T13:38:08.2157159Z > Task :i18n-sy:compileReleaseKotlinAndroid FROM-CACHE
Build & Public Release	Build Release APK	2026-02-01T13:38:08.2160000Z > Task :i18n:kmpPartiallyResolvedDependenciesChecker
Build & Public Release	Build Release APK	2026-02-01T13:38:08.2162847Z > Task :i18n:checkKotlinGradlePluginConfigurationErrors SKIPPED
Build & Public Release	Build Release APK	2026-02-01T13:38:08.3131128Z > Task :core-metadata:generateReleaseRFile FROM-CACHE
Build & Public Release	Build Release APK	2026-02-01T13:38:08.3134038Z > Task :i18n-sy:javaPreCompileRelease FROM-CACHE
Build & Public Release	Build Release APK	2026-02-01T13:38:08.3135876Z > Task :i18n:compileReleaseKotlinAndroid FROM-CACHE
Build & Public Release	Build Release APK	2026-02-01T13:38:08.3138511Z > Task :i18n-sy:compileReleaseJavaWithJavac NO-SOURCE
Build & Public Release	Build Release APK	2026-02-01T13:38:08.3140346Z > Task :i18n:javaPreCompileRelease FROM-CACHE
Build & Public Release	Build Release APK	2026-02-01T13:38:08.3141088Z > Task :i18n:compileReleaseJavaWithJavac NO-SOURCE
Build & Public Release	Build Release APK	2026-02-01T13:38:08.4162747Z > Task :i18n-sy:bundleLibCompileToJarRelease
Build & Public Release	Build Release APK	2026-02-01T13:38:08.4164313Z > Task :i18n:bundleLibCompileToJarRelease
Build & Public Release	Build Release APK	2026-02-01T13:38:08.4164894Z > Task :app:mergeReleaseArtProfile
Build & Public Release	Build Release APK	2026-02-01T13:38:08.5131565Z > Task :domain:generateReleaseRFile FROM-CACHE
Build & Public Release	Build Release APK	2026-02-01T13:38:08.5132562Z > Task :i18n-ank:javaPreCompileRelease FROM-CACHE
Build & Public Release	Build Release APK	2026-02-01T13:38:08.5135591Z > Task :i18n-ank:compileReleaseJavaWithJavac NO-SOURCE
Build & Public Release	Build Release APK	2026-02-01T13:38:08.5136396Z > Task :i18n-ank:bundleLibCompileToJarRelease
Build & Public Release	Build Release APK	2026-02-01T13:38:08.5137593Z > Task :domain:javaPreCompileRelease FROM-CACHE
Build & Public Release	Build Release APK	2026-02-01T13:38:08.5138356Z > Task :source-local:kmpPartiallyResolvedDependenciesChecker
Build & Public Release	Build Release APK	2026-02-01T13:38:08.5140258Z > Task :source-local:checkKotlinGradlePluginConfigurationErrors SKIPPED
Build & Public Release	Build Release APK	2026-02-01T13:38:08.5141175Z > Task :source-local:generateReleaseResValues FROM-CACHE
Build & Public Release	Build Release APK	2026-02-01T13:38:08.8129294Z > Task :app:mergeReleaseNativeLibs
Build & Public Release	Build Release APK	2026-02-01T13:38:08.8132361Z > Task :core:archive:generateReleaseResValues FROM-CACHE
Build & Public Release	Build Release APK	2026-02-01T13:38:08.8134634Z > Task :core:archive:generateReleaseResources FROM-CACHE
Build & Public Release	Build Release APK	2026-02-01T13:38:08.9132862Z > Task :core:archive:packageReleaseResources FROM-CACHE
Build & Public Release	Build Release APK	2026-02-01T13:38:08.9136175Z > Task :core:archive:parseReleaseLocalResources FROM-CACHE
Build & Public Release	Build Release APK	2026-02-01T13:38:08.9137678Z > Task :source-local:generateReleaseResources FROM-CACHE
Build & Public Release	Build Release APK	2026-02-01T13:38:08.9140673Z > Task :source-local:packageReleaseResources FROM-CACHE
Build & Public Release	Build Release APK	2026-02-01T13:38:08.9143900Z > Task :source-local:parseReleaseLocalResources FROM-CACHE
Build & Public Release	Build Release APK	2026-02-01T13:38:08.9145415Z > Task :source-local:javaPreCompileRelease FROM-CACHE
Build & Public Release	Build Release APK	2026-02-01T13:38:08.9157038Z > Task :data:checkKotlinGradlePluginConfigurationErrors SKIPPED
Build & Public Release	Build Release APK	2026-02-01T13:38:08.9158057Z > Task :core:archive:generateReleaseRFile FROM-CACHE
Build & Public Release	Build Release APK	2026-02-01T13:38:09.0142112Z > Task :source-local:generateReleaseRFile FROM-CACHE
Build & Public Release	Build Release APK	2026-02-01T13:38:09.0143064Z > Task :core:archive:checkKotlinGradlePluginConfigurationErrors SKIPPED
Build & Public Release	Build Release APK	2026-02-01T13:38:09.0144038Z > Task :data:generateReleaseDatabaseInterface FROM-CACHE
Build & Public Release	Build Release APK	2026-02-01T13:38:09.0144690Z > Task :data:generateReleaseResValues FROM-CACHE
Build & Public Release	Build Release APK	2026-02-01T13:38:09.0145210Z > Task :core:archive:javaPreCompileRelease FROM-CACHE
Build & Public Release	Build Release APK	2026-02-01T13:38:09.0145893Z > Task :presentation-core:checkKotlinGradlePluginConfigurationErrors SKIPPED
Build & Public Release	Build Release APK	2026-02-01T13:38:09.0146643Z > Task :data:generateReleaseResources FROM-CACHE
Build & Public Release	Build Release APK	2026-02-01T13:38:09.1156859Z > Task :presentation-core:generateReleaseResValues FROM-CACHE
Build & Public Release	Build Release APK	2026-02-01T13:38:09.1157746Z > Task :presentation-core:generateReleaseResources FROM-CACHE
Build & Public Release	Build Release APK	2026-02-01T13:38:09.1158438Z > Task :data:packageReleaseResources FROM-CACHE
Build & Public Release	Build Release APK	2026-02-01T13:38:09.1159112Z > Task :data:parseReleaseLocalResources FROM-CACHE
Build & Public Release	Build Release APK	2026-02-01T13:38:09.1159805Z > Task :presentation-core:packageReleaseResources FROM-CACHE
Build & Public Release	Build Release APK	2026-02-01T13:38:09.1160555Z > Task :presentation-core:parseReleaseLocalResources FROM-CACHE
Build & Public Release	Build Release APK	2026-02-01T13:38:09.2154499Z > Task :data:generateReleaseRFile FROM-CACHE
Build & Public Release	Build Release APK	2026-02-01T13:38:09.2155528Z > Task :data:javaPreCompileRelease FROM-CACHE
Build & Public Release	Build Release APK	2026-02-01T13:38:09.2156396Z > Task :presentation-widget:checkKotlinGradlePluginConfigurationErrors SKIPPED
Build & Public Release	Build Release APK	2026-02-01T13:38:09.2157362Z > Task :presentation-widget:generateReleaseResValues FROM-CACHE
Build & Public Release	Build Release APK	2026-02-01T13:38:09.2158187Z > Task :presentation-widget:generateReleaseResources FROM-CACHE
Build & Public Release	Build Release APK	2026-02-01T13:38:09.3141379Z > Task :presentation-widget:packageReleaseResources FROM-CACHE
Build & Public Release	Build Release APK	2026-02-01T13:38:09.3144027Z > Task :core:common:compileReleaseKotlin FROM-CACHE
Build & Public Release	Build Release APK	2026-02-01T13:38:09.3145199Z > Task :core:common:compileReleaseJavaWithJavac NO-SOURCE
Build & Public Release	Build Release APK	2026-02-01T13:38:09.3146283Z > Task :presentation-widget:parseReleaseLocalResources FROM-CACHE
Build & Public Release	Build Release APK	2026-02-01T13:38:09.3147485Z > Task :presentation-widget:javaPreCompileRelease FROM-CACHE
Build & Public Release	Build Release APK	2026-02-01T13:38:09.3148504Z > Task :flagkit:checkKotlinGradlePluginConfigurationErrors SKIPPED
Build & Public Release	Build Release APK	2026-02-01T13:38:09.3149528Z > Task :flagkit:generateReleaseResValues FROM-CACHE
Build & Public Release	Build Release APK	2026-02-01T13:38:09.3150369Z > Task :flagkit:generateReleaseResources FROM-CACHE
Build & Public Release	Build Release APK	2026-02-01T13:38:09.4129525Z > Task :flagkit:packageReleaseResources FROM-CACHE
Build & Public Release	Build Release APK	2026-02-01T13:38:09.4156242Z > Task :presentation-core:generateReleaseRFile FROM-CACHE
Build & Public Release	Build Release APK	2026-02-01T13:38:09.4158627Z > Task :flagkit:parseReleaseLocalResources FROM-CACHE
Build & Public Release	Build Release APK	2026-02-01T13:38:09.4162654Z > Task :presentation-core:javaPreCompileRelease FROM-CACHE
Build & Public Release	Build Release APK	2026-02-01T13:38:09.4163523Z > Task :core:common:bundleLibCompileToJarRelease
Build & Public Release	Build Release APK	2026-02-01T13:38:09.5131232Z > Task :flagkit:generateReleaseRFile FROM-CACHE
Build & Public Release	Build Release APK	2026-02-01T13:38:09.5134344Z > Task :core:archive:compileReleaseKotlin FROM-CACHE
Build & Public Release	Build Release APK	2026-02-01T13:38:09.5137341Z > Task :presentation-widget:generateReleaseRFile FROM-CACHE
Build & Public Release	Build Release APK	2026-02-01T13:38:09.5138276Z > Task :core:archive:compileReleaseJavaWithJavac NO-SOURCE
Build & Public Release	Build Release APK	2026-02-01T13:38:09.5141098Z > Task :core:archive:bundleLibCompileToJarRelease
Build & Public Release	Build Release APK	2026-02-01T13:38:09.6141497Z > Task :core:archive:mergeReleaseGeneratedProguardFiles
Build & Public Release	Build Release APK	2026-02-01T13:38:09.6149386Z > Task :source-api:compileReleaseKotlinAndroid FROM-CACHE
Build & Public Release	Build Release APK	2026-02-01T13:38:09.6152748Z > Task :core:archive:exportReleaseConsumerProguardFiles
Build & Public Release	Build Release APK	2026-02-01T13:38:09.6156322Z > Task :source-api:compileReleaseJavaWithJavac NO-SOURCE
Build & Public Release	Build Release APK	2026-02-01T13:38:09.6162398Z > Task :source-api:bundleLibCompileToJarRelease
Build & Public Release	Build Release APK	2026-02-01T13:38:09.7144517Z > Task :flagkit:compileReleaseKotlin FROM-CACHE
Build & Public Release	Build Release APK	2026-02-01T13:38:09.8164232Z > Task :core-metadata:compileReleaseKotlin FROM-CACHE
Build & Public Release	Build Release APK	2026-02-01T13:38:09.8167875Z > Task :core-metadata:compileReleaseJavaWithJavac NO-SOURCE
Build & Public Release	Build Release APK	2026-02-01T13:38:09.8168870Z > Task :core-metadata:bundleLibCompileToJarRelease
Build & Public Release	Build Release APK	2026-02-01T13:38:09.8170351Z > Task :core-metadata:mergeReleaseGeneratedProguardFiles
Build & Public Release	Build Release APK	2026-02-01T13:38:09.8172555Z > Task :core-metadata:exportReleaseConsumerProguardFiles
Build & Public Release	Build Release APK	2026-02-01T13:38:09.8173465Z > Task :source-api:mergeReleaseGeneratedProguardFiles
Build & Public Release	Build Release APK	2026-02-01T13:38:09.8174253Z > Task :presentation-core:compileReleaseKotlin FROM-CACHE
Build & Public Release	Build Release APK	2026-02-01T13:38:09.8175024Z > Task :source-api:exportReleaseConsumerProguardFiles
Build & Public Release	Build Release APK	2026-02-01T13:38:09.8175847Z > Task :presentation-core:compileReleaseJavaWithJavac NO-SOURCE
Build & Public Release	Build Release APK	2026-02-01T13:38:09.8176619Z > Task :flagkit:javaPreCompileRelease FROM-CACHE
Build & Public Release	Build Release APK	2026-02-01T13:38:09.8177310Z > Task :flagkit:compileReleaseJavaWithJavac NO-SOURCE
Build & Public Release	Build Release APK	2026-02-01T13:38:09.8177991Z > Task :flagkit:mergeReleaseGeneratedProguardFiles
Build & Public Release	Build Release APK	2026-02-01T13:38:09.8178743Z > Task :presentation-core:mergeReleaseGeneratedProguardFiles
Build & Public Release	Build Release APK	2026-02-01T13:38:09.9175369Z > Task :presentation-core:exportReleaseConsumerProguardFiles
Build & Public Release	Build Release APK	2026-02-01T13:38:09.9176524Z > Task :flagkit:exportReleaseConsumerProguardFiles
Build & Public Release	Build Release APK	2026-02-01T13:38:09.9177532Z > Task :core:common:mergeReleaseGeneratedProguardFiles
Build & Public Release	Build Release APK	2026-02-01T13:38:09.9178436Z > Task :core:common:exportReleaseConsumerProguardFiles
Build & Public Release	Build Release APK	2026-02-01T13:38:09.9179314Z > Task :i18n:mergeReleaseGeneratedProguardFiles
Build & Public Release	Build Release APK	2026-02-01T13:38:09.9180223Z > Task :presentation-core:bundleLibCompileToJarRelease
Build & Public Release	Build Release APK	2026-02-01T13:38:09.9181354Z > Task :i18n-kmk:kmpPartiallyResolvedDependenciesChecker
Build & Public Release	Build Release APK	2026-02-01T13:38:09.9182380Z > Task :i18n-kmk:checkKotlinGradlePluginConfigurationErrors SKIPPED
Build & Public Release	Build Release APK	2026-02-01T13:38:09.9183419Z > Task :i18n:exportReleaseConsumerProguardFiles
Build & Public Release	Build Release APK	2026-02-01T13:38:09.9184229Z > Task :i18n-kmk:generateReleaseResValues FROM-CACHE
Build & Public Release	Build Release APK	2026-02-01T13:38:09.9185040Z > Task :i18n-ank:mergeReleaseGeneratedProguardFiles
Build & Public Release	Build Release APK	2026-02-01T13:38:09.9185888Z > Task :i18n-kmk:generateReleaseResources FROM-CACHE
Build & Public Release	Build Release APK	2026-02-01T13:38:09.9187110Z > Task :i18n-ank:exportReleaseConsumerProguardFiles
Build & Public Release	Build Release APK	2026-02-01T13:38:09.9187900Z > Task :i18n-sy:mergeReleaseGeneratedProguardFiles
Build & Public Release	Build Release APK	2026-02-01T13:38:09.9188549Z > Task :i18n-sy:exportReleaseConsumerProguardFiles
Build & Public Release	Build Release APK	2026-02-01T13:38:09.9189383Z > Task :telemetry:checkKotlinGradlePluginConfigurationErrors SKIPPED
Build & Public Release	Build Release APK	2026-02-01T13:38:10.0164720Z > Task :telemetry:generateReleaseResValues FROM-CACHE
Build & Public Release	Build Release APK	2026-02-01T13:38:10.0165787Z > Task :telemetry:generateReleaseResources FROM-CACHE
Build & Public Release	Build Release APK	2026-02-01T13:38:10.0166699Z > Task :telemetry:packageReleaseResources FROM-CACHE
Build & Public Release	Build Release APK	2026-02-01T13:38:10.0167607Z > Task :i18n-kmk:packageReleaseResources FROM-CACHE
Build & Public Release	Build Release APK	2026-02-01T13:38:10.0168487Z > Task :i18n-kmk:parseReleaseLocalResources FROM-CACHE
Build & Public Release	Build Release APK	2026-02-01T13:38:10.0169395Z > Task :telemetry:parseReleaseLocalResources FROM-CACHE
Build & Public Release	Build Release APK	2026-02-01T13:38:10.0170264Z > Task :telemetry:generateReleaseRFile FROM-CACHE
Build & Public Release	Build Release APK	2026-02-01T13:38:10.0171096Z > Task :i18n-kmk:generateReleaseRFile FROM-CACHE
Build & Public Release	Build Release APK	2026-02-01T13:38:10.0171915Z > Task :domain:compileReleaseKotlin FROM-CACHE
Build & Public Release	Build Release APK	2026-02-01T13:38:10.0172759Z > Task :domain:compileReleaseJavaWithJavac NO-SOURCE
Build & Public Release	Build Release APK	2026-02-01T13:38:10.1134096Z > Task :telemetry:compileReleaseKotlin FROM-CACHE
Build & Public Release	Build Release APK	2026-02-01T13:38:10.1135189Z > Task :domain:bundleLibCompileToJarRelease
Build & Public Release	Build Release APK	2026-02-01T13:38:10.1136119Z > Task :i18n-kmk:compileReleaseKotlinAndroid FROM-CACHE
Build & Public Release	Build Release APK	2026-02-01T13:38:10.1136921Z > Task :domain:mergeReleaseGeneratedProguardFiles
Build & Public Release	Build Release APK	2026-02-01T13:38:10.1137705Z > Task :telemetry:javaPreCompileRelease FROM-CACHE
Build & Public Release	Build Release APK	2026-02-01T13:38:10.1138480Z > Task :i18n-kmk:javaPreCompileRelease FROM-CACHE
Build & Public Release	Build Release APK	2026-02-01T13:38:10.1139305Z > Task :app:expandReleaseL8ArtProfileWildcards FROM-CACHE
Build & Public Release	Build Release APK	2026-02-01T13:38:10.2176335Z > Task :source-local:compileReleaseKotlinAndroid FROM-CACHE
Build & Public Release	Build Release APK	2026-02-01T13:38:10.2195752Z > Task :source-local:compileReleaseJavaWithJavac NO-SOURCE
Build & Public Release	Build Release APK	2026-02-01T13:38:10.2233905Z > Task :source-local:mergeReleaseGeneratedProguardFiles
Build & Public Release	Build Release APK	2026-02-01T13:38:10.3128817Z > Task :data:compileReleaseKotlin FROM-CACHE
Build & Public Release	Build Release APK	2026-02-01T13:38:10.3131878Z > Task :data:compileReleaseJavaWithJavac NO-SOURCE
Build & Public Release	Build Release APK	2026-02-01T13:38:10.3134775Z > Task :source-local:exportReleaseConsumerProguardFiles
Build & Public Release	Build Release APK	2026-02-01T13:38:10.3137334Z > Task :data:mergeReleaseGeneratedProguardFiles
Build & Public Release	Build Release APK	2026-02-01T13:38:10.3140423Z > Task :domain:exportReleaseConsumerProguardFiles
Build & Public Release	Build Release APK	2026-02-01T13:38:10.3143174Z > Task :data:exportReleaseConsumerProguardFiles
Build & Public Release	Build Release APK	2026-02-01T13:38:10.3146018Z > Task :i18n-kmk:compileReleaseJavaWithJavac NO-SOURCE
Build & Public Release	Build Release APK	2026-02-01T13:38:10.3148720Z > Task :telemetry:compileReleaseJavaWithJavac NO-SOURCE
Build & Public Release	Build Release APK	2026-02-01T13:38:10.3151756Z > Task :telemetry:mergeReleaseGeneratedProguardFiles
Build & Public Release	Build Release APK	2026-02-01T13:38:10.3153760Z > Task :i18n-kmk:mergeReleaseGeneratedProguardFiles
Build & Public Release	Build Release APK	2026-02-01T13:38:10.3155683Z > Task :i18n-kmk:exportReleaseConsumerProguardFiles
Build & Public Release	Build Release APK	2026-02-01T13:38:10.3157602Z > Task :telemetry:exportReleaseConsumerProguardFiles
Build & Public Release	Build Release APK	2026-02-01T13:38:10.3159068Z > Task :presentation-widget:compileReleaseKotlin FROM-CACHE
Build & Public Release	Build Release APK	2026-02-01T13:38:10.3174404Z > Task :presentation-widget:compileReleaseJavaWithJavac NO-SOURCE
Build & Public Release	Build Release APK	2026-02-01T13:38:10.3175405Z > Task :presentation-widget:mergeReleaseGeneratedProguardFiles
Build & Public Release	Build Release APK	2026-02-01T13:38:10.3176207Z > Task :core-metadata:writeReleaseAarMetadata
Build & Public Release	Build Release APK	2026-02-01T13:38:10.3176847Z > Task :data:writeReleaseAarMetadata
Build & Public Release	Build Release APK	2026-02-01T13:38:10.3177449Z > Task :domain:writeReleaseAarMetadata
Build & Public Release	Build Release APK	2026-02-01T13:38:10.4129654Z > Task :app:buildKotlinToolingMetadata
Build & Public Release	Build Release APK	2026-02-01T13:38:10.7129937Z > Task :app:stripReleaseDebugSymbols
Build & Public Release	Build Release APK	2026-02-01T13:38:10.7142264Z > Task :i18n:writeReleaseAarMetadata
Build & Public Release	Build Release APK	2026-02-01T13:38:10.7143565Z > Task :presentation-widget:exportReleaseConsumerProguardFiles
Build & Public Release	Build Release APK	2026-02-01T13:38:10.7144596Z > Task :flagkit:writeReleaseAarMetadata
Build & Public Release	Build Release APK	2026-02-01T13:38:10.7145185Z > Task :i18n-ank:writeReleaseAarMetadata
Build & Public Release	Build Release APK	2026-02-01T13:38:10.7145722Z > Task :i18n-kmk:writeReleaseAarMetadata
Build & Public Release	Build Release APK	2026-02-01T13:38:10.9163493Z > Task :presentation-widget:writeReleaseAarMetadata
Build & Public Release	Build Release APK	2026-02-01T13:38:10.9164426Z > Task :presentation-core:writeReleaseAarMetadata
Build & Public Release	Build Release APK	2026-02-01T13:38:10.9165124Z > Task :i18n-sy:writeReleaseAarMetadata
Build & Public Release	Build Release APK	2026-02-01T13:38:10.9165757Z > Task :source-api:writeReleaseAarMetadata
Build & Public Release	Build Release APK	2026-02-01T13:38:10.9166398Z > Task :telemetry:writeReleaseAarMetadata
Build & Public Release	Build Release APK	2026-02-01T13:38:10.9167039Z > Task :source-local:writeReleaseAarMetadata
Build & Public Release	Build Release APK	2026-02-01T13:38:10.9167832Z > Task :app:extractReleaseNativeSymbolTables FROM-CACHE
Build & Public Release	Build Release APK	2026-02-01T13:38:10.9168625Z > Task :app:mergeReleaseNativeDebugMetadata NO-SOURCE
Build & Public Release	Build Release APK	2026-02-01T13:38:10.9169492Z > Task :app:checkKotlinGradlePluginConfigurationErrors SKIPPED
Build & Public Release	Build Release APK	2026-02-01T13:38:10.9170313Z > Task :core:common:writeReleaseAarMetadata
Build & Public Release	Build Release APK	2026-02-01T13:38:10.9170923Z > Task :core:archive:writeReleaseAarMetadata
Build & Public Release	Build Release APK	2026-02-01T13:38:11.0170607Z > Task :data:extractDeepLinksRelease FROM-CACHE
Build & Public Release	Build Release APK	2026-02-01T13:38:11.0186263Z > Task :core-metadata:extractDeepLinksRelease FROM-CACHE
Build & Public Release	Build Release APK	2026-02-01T13:38:11.0187303Z > Task :core-metadata:processReleaseManifest FROM-CACHE
Build & Public Release	Build Release APK	2026-02-01T13:38:11.0188205Z > Task :domain:extractDeepLinksRelease FROM-CACHE
Build & Public Release	Build Release APK	2026-02-01T13:38:11.0189329Z > Task :data:processReleaseManifest FROM-CACHE
Build & Public Release	Build Release APK	2026-02-01T13:38:11.0189973Z > Task :flagkit:extractDeepLinksRelease FROM-CACHE
Build & Public Release	Build Release APK	2026-02-01T13:38:11.0190626Z > Task :domain:processReleaseManifest FROM-CACHE
Build & Public Release	Build Release APK	2026-02-01T13:38:11.0191255Z > Task :i18n:extractDeepLinksRelease FROM-CACHE
Build & Public Release	Build Release APK	2026-02-01T13:38:11.0191906Z > Task :flagkit:processReleaseManifest FROM-CACHE
Build & Public Release	Build Release APK	2026-02-01T13:38:11.0192560Z > Task :i18n-ank:extractDeepLinksRelease FROM-CACHE
Build & Public Release	Build Release APK	2026-02-01T13:38:11.0193197Z > Task :i18n:processReleaseManifest FROM-CACHE
Build & Public Release	Build Release APK	2026-02-01T13:38:11.0194006Z > Task :i18n-kmk:extractDeepLinksRelease FROM-CACHE
Build & Public Release	Build Release APK	2026-02-01T13:38:11.0209721Z > Task :i18n-ank:processReleaseManifest FROM-CACHE
Build & Public Release	Build Release APK	2026-02-01T13:38:11.0210419Z > Task :i18n-sy:extractDeepLinksRelease FROM-CACHE
Build & Public Release	Build Release APK	2026-02-01T13:38:11.0211043Z > Task :i18n-kmk:processReleaseManifest FROM-CACHE
Build & Public Release	Build Release APK	2026-02-01T13:38:11.0211725Z > Task :presentation-core:extractDeepLinksRelease FROM-CACHE
Build & Public Release	Build Release APK	2026-02-01T13:38:11.1134005Z > Task :i18n-sy:processReleaseManifest FROM-CACHE
Build & Public Release	Build Release APK	2026-02-01T13:38:11.1134914Z > Task :presentation-widget:extractDeepLinksRelease FROM-CACHE
Build & Public Release	Build Release APK	2026-02-01T13:38:11.1135586Z > Task :presentation-core:processReleaseManifest FROM-CACHE
Build & Public Release	Build Release APK	2026-02-01T13:38:11.1136248Z > Task :source-api:extractDeepLinksRelease FROM-CACHE
Build & Public Release	Build Release APK	2026-02-01T13:38:11.1137504Z > Task :presentation-widget:processReleaseManifest FROM-CACHE
Build & Public Release	Build Release APK	2026-02-01T13:38:11.1138187Z > Task :source-local:extractDeepLinksRelease FROM-CACHE
Build & Public Release	Build Release APK	2026-02-01T13:38:11.1138875Z > Task :source-api:processReleaseManifest FROM-CACHE
Build & Public Release	Build Release APK	2026-02-01T13:38:11.1139524Z > Task :telemetry:extractDeepLinksRelease FROM-CACHE
Build & Public Release	Build Release APK	2026-02-01T13:38:11.1145621Z > Task :source-local:processReleaseManifest FROM-CACHE
Build & Public Release	Build Release APK	2026-02-01T13:38:11.1146481Z > Task :core:archive:extractDeepLinksRelease FROM-CACHE
Build & Public Release	Build Release APK	2026-02-01T13:38:11.1147201Z > Task :telemetry:processReleaseManifest FROM-CACHE
Build & Public Release	Build Release APK	2026-02-01T13:38:11.1147892Z > Task :core:archive:processReleaseManifest FROM-CACHE
Build & Public Release	Build Release APK	2026-02-01T13:38:11.1148458Z > Task :core:common:extractDeepLinksRelease FROM-CACHE
Build & Public Release	Build Release APK	2026-02-01T13:38:11.1149132Z > Task :core:common:processReleaseManifest FROM-CACHE
Build & Public Release	Build Release APK	2026-02-01T13:38:11.1154774Z > Task :app:checkReleaseDuplicateClasses
Build & Public Release	Build Release APK	2026-02-01T13:38:11.2130387Z > Task :flagkit:bundleLibCompileToJarRelease
Build & Public Release	Build Release APK	2026-02-01T13:38:11.2131091Z > Task :i18n-kmk:bundleLibCompileToJarRelease
Build & Public Release	Build Release APK	2026-02-01T13:38:11.2131698Z > Task :source-local:bundleLibCompileToJarRelease
Build & Public Release	Build Release APK	2026-02-01T13:38:11.2132358Z > Task :presentation-widget:bundleLibCompileToJarRelease
Build & Public Release	Build Release APK	2026-02-01T13:38:11.2133002Z > Task :data:bundleLibCompileToJarRelease
Build & Public Release	Build Release APK	2026-02-01T13:38:11.2144178Z > Task :telemetry:bundleLibCompileToJarRelease
Build & Public Release	Build Release APK	2026-02-01T13:38:11.2145997Z > Task :core-metadata:bundleLibRuntimeToJarRelease
Build & Public Release	Build Release APK	2026-02-01T13:38:11.2147337Z > Task :flagkit:bundleLibRuntimeToJarRelease
Build & Public Release	Build Release APK	2026-02-01T13:38:11.2155048Z > Task :app:dataBindingMergeDependencyArtifactsRelease
Build & Public Release	Build Release APK	2026-02-01T13:38:11.2155770Z > Task :app:generateReleaseResValues FROM-CACHE
Build & Public Release	Build Release APK	2026-02-01T13:38:11.2156342Z > Task :i18n:bundleLibRuntimeToJarRelease
Build & Public Release	Build Release APK	2026-02-01T13:38:11.3141036Z > Task :data:bundleLibRuntimeToJarRelease
Build & Public Release	Build Release APK	2026-02-01T13:38:11.3142050Z > Task :i18n-ank:bundleLibRuntimeToJarRelease
Build & Public Release	Build Release APK	2026-02-01T13:38:11.3142726Z > Task :i18n-kmk:bundleLibRuntimeToJarRelease
Build & Public Release	Build Release APK	2026-02-01T13:38:11.3143556Z > Task :i18n-sy:bundleLibRuntimeToJarRelease
Build & Public Release	Build Release APK	2026-02-01T13:38:11.3144303Z > Task :presentation-core:bundleLibRuntimeToJarRelease
Build & Public Release	Build Release APK	2026-02-01T13:38:11.3145104Z > Task :presentation-widget:bundleLibRuntimeToJarRelease
Build & Public Release	Build Release APK	2026-02-01T13:38:11.3145874Z > Task :app:generateReleaseResources FROM-CACHE
Build & Public Release	Build Release APK	2026-02-01T13:38:11.3146544Z > Task :domain:bundleLibRuntimeToJarRelease
Build & Public Release	Build Release APK	2026-02-01T13:38:11.3147243Z > Task :app:prepareLibraryDefinitionsRelease FROM-CACHE
Build & Public Release	Build Release APK	2026-02-01T13:38:11.3147944Z > Task :source-api:bundleLibRuntimeToJarRelease
Build & Public Release	Build Release APK	2026-02-01T13:38:11.3148660Z > Task :telemetry:bundleLibRuntimeToJarRelease
Build & Public Release	Build Release APK	2026-02-01T13:38:11.3149342Z > Task :source-local:bundleLibRuntimeToJarRelease
Build & Public Release	Build Release APK	2026-02-01T13:38:11.3150051Z > Task :core:archive:bundleLibRuntimeToJarRelease
Build & Public Release	Build Release APK	2026-02-01T13:38:11.3150734Z > Task :core:common:bundleLibRuntimeToJarRelease
Build & Public Release	Build Release APK	2026-02-01T13:38:11.3151395Z > Task :core-metadata:processReleaseJavaRes
Build & Public Release	Build Release APK	2026-02-01T13:38:11.3152027Z > Task :data:processReleaseJavaRes
Build & Public Release	Build Release APK	2026-02-01T13:38:11.3152547Z > Task :flagkit:processReleaseJavaRes
Build & Public Release	Build Release APK	2026-02-01T13:38:11.3153103Z > Task :domain:processReleaseJavaRes
Build & Public Release	Build Release APK	2026-02-01T13:38:11.3153912Z > Task :i18n:processReleaseJavaRes
Build & Public Release	Build Release APK	2026-02-01T13:38:11.3156139Z > Task :i18n-ank:processReleaseJavaRes
Build & Public Release	Build Release APK	2026-02-01T13:38:11.4128717Z > Task :i18n-kmk:processReleaseJavaRes
Build & Public Release	Build Release APK	2026-02-01T13:38:11.4129759Z > Task :i18n-sy:processReleaseJavaRes
Build & Public Release	Build Release APK	2026-02-01T13:38:11.4130421Z > Task :presentation-core:processReleaseJavaRes
Build & Public Release	Build Release APK	2026-02-01T13:38:11.4131066Z > Task :presentation-widget:processReleaseJavaRes
Build & Public Release	Build Release APK	2026-02-01T13:38:11.4131748Z > Task :telemetry:processReleaseJavaRes
Build & Public Release	Build Release APK	2026-02-01T13:38:11.4132381Z > Task :source-local:processReleaseJavaRes
Build & Public Release	Build Release APK	2026-02-01T13:38:11.4133058Z > Task :source-api:processReleaseJavaRes
Build & Public Release	Build Release APK	2026-02-01T13:38:11.4133976Z > Task :core:archive:processReleaseJavaRes
Build & Public Release	Build Release APK	2026-02-01T13:38:11.4134571Z > Task :core-metadata:mergeReleaseShaders
Build & Public Release	Build Release APK	2026-02-01T13:38:11.4135721Z > Task :data:mergeReleaseShaders
Build & Public Release	Build Release APK	2026-02-01T13:38:11.4136420Z > Task :core:common:processReleaseJavaRes
Build & Public Release	Build Release APK	2026-02-01T13:38:11.4136954Z > Task :core-metadata:compileReleaseShaders NO-SOURCE
Build & Public Release	Build Release APK	2026-02-01T13:38:11.4137803Z > Task :core-metadata:generateReleaseAssets UP-TO-DATE
Build & Public Release	Build Release APK	2026-02-01T13:38:11.4139591Z > Task :data:compileReleaseShaders NO-SOURCE
Build & Public Release	Build Release APK	2026-02-01T13:38:11.4140140Z > Task :data:generateReleaseAssets UP-TO-DATE
Build & Public Release	Build Release APK	2026-02-01T13:38:11.4140859Z > Task :domain:mergeReleaseShaders
Build & Public Release	Build Release APK	2026-02-01T13:38:11.4141299Z > Task :core-metadata:mergeReleaseAssets
Build & Public Release	Build Release APK	2026-02-01T13:38:11.4141763Z > Task :data:mergeReleaseAssets
Build & Public Release	Build Release APK	2026-02-01T13:38:11.4142221Z > Task :domain:compileReleaseShaders NO-SOURCE
Build & Public Release	Build Release APK	2026-02-01T13:38:11.4142745Z > Task :domain:generateReleaseAssets UP-TO-DATE
Build & Public Release	Build Release APK	2026-02-01T13:38:11.4160679Z > Task :flagkit:mergeReleaseShaders
Build & Public Release	Build Release APK	2026-02-01T13:38:11.4161281Z > Task :flagkit:compileReleaseShaders NO-SOURCE
Build & Public Release	Build Release APK	2026-02-01T13:38:11.4161854Z > Task :flagkit:generateReleaseAssets UP-TO-DATE
Build & Public Release	Build Release APK	2026-02-01T13:38:11.4162361Z > Task :i18n:mergeReleaseShaders
Build & Public Release	Build Release APK	2026-02-01T13:38:11.4162818Z > Task :i18n:compileReleaseShaders NO-SOURCE
Build & Public Release	Build Release APK	2026-02-01T13:38:11.4163448Z > Task :i18n:generateReleaseAssets UP-TO-DATE
Build & Public Release	Build Release APK	2026-02-01T13:38:11.4164048Z > Task :i18n:releaseAssetsCopyForAGP NO-SOURCE
Build & Public Release	Build Release APK	2026-02-01T13:38:11.4164573Z > Task :domain:mergeReleaseAssets
Build & Public Release	Build Release APK	2026-02-01T13:38:11.4165047Z > Task :flagkit:mergeReleaseAssets
Build & Public Release	Build Release APK	2026-02-01T13:38:11.5138687Z > Task :i18n:mergeReleaseAssets
Build & Public Release	Build Release APK	2026-02-01T13:38:11.5141822Z > Task :i18n-kmk:mergeReleaseShaders
Build & Public Release	Build Release APK	2026-02-01T13:38:11.5144426Z > Task :i18n-kmk:compileReleaseShaders NO-SOURCE
Build & Public Release	Build Release APK	2026-02-01T13:38:11.5147023Z > Task :i18n-kmk:generateReleaseAssets UP-TO-DATE
Build & Public Release	Build Release APK	2026-02-01T13:38:11.5149704Z > Task :i18n-kmk:releaseAssetsCopyForAGP NO-SOURCE
Build & Public Release	Build Release APK	2026-02-01T13:38:11.5152808Z > Task :i18n-sy:mergeReleaseShaders
Build & Public Release	Build Release APK	2026-02-01T13:38:11.5154490Z > Task :i18n-sy:compileReleaseShaders NO-SOURCE
Build & Public Release	Build Release APK	2026-02-01T13:38:11.5155950Z > Task :i18n-sy:generateReleaseAssets UP-TO-DATE
Build & Public Release	Build Release APK	2026-02-01T13:38:11.5161023Z > Task :i18n-ank:mergeReleaseShaders
Build & Public Release	Build Release APK	2026-02-01T13:38:11.5161540Z > Task :i18n-sy:releaseAssetsCopyForAGP NO-SOURCE
Build & Public Release	Build Release APK	2026-02-01T13:38:11.5162082Z > Task :i18n-ank:compileReleaseShaders NO-SOURCE
Build & Public Release	Build Release APK	2026-02-01T13:38:11.5162693Z > Task :i18n-ank:generateReleaseAssets UP-TO-DATE
Build & Public Release	Build Release APK	2026-02-01T13:38:11.5169671Z > Task :i18n-ank:releaseAssetsCopyForAGP NO-SOURCE
Build & Public Release	Build Release APK	2026-02-01T13:38:11.5170307Z > Task :i18n-sy:mergeReleaseAssets
Build & Public Release	Build Release APK	2026-02-01T13:38:11.5170772Z > Task :i18n-kmk:mergeReleaseAssets
Build & Public Release	Build Release APK	2026-02-01T13:38:11.5171773Z > Task :i18n-ank:mergeReleaseAssets
Build & Public Release	Build Release APK	2026-02-01T13:38:11.5172287Z > Task :presentation-widget:mergeReleaseShaders
Build & Public Release	Build Release APK	2026-02-01T13:38:11.5172813Z > Task :presentation-core:mergeReleaseShaders
Build & Public Release	Build Release APK	2026-02-01T13:38:11.5173624Z > Task :presentation-widget:compileReleaseShaders NO-SOURCE
Build & Public Release	Build Release APK	2026-02-01T13:38:11.5174426Z > Task :presentation-widget:generateReleaseAssets UP-TO-DATE
Build & Public Release	Build Release APK	2026-02-01T13:38:11.5175093Z > Task :source-api:mergeReleaseShaders
Build & Public Release	Build Release APK	2026-02-01T13:38:11.5175738Z > Task :presentation-core:compileReleaseShaders NO-SOURCE
Build & Public Release	Build Release APK	2026-02-01T13:38:11.5176429Z > Task :source-api:compileReleaseShaders NO-SOURCE
Build & Public Release	Build Release APK	2026-02-01T13:38:11.5177140Z > Task :presentation-core:generateReleaseAssets UP-TO-DATE
Build & Public Release	Build Release APK	2026-02-01T13:38:11.5177893Z > Task :source-api:generateReleaseAssets UP-TO-DATE
Build & Public Release	Build Release APK	2026-02-01T13:38:11.5178597Z > Task :source-api:releaseAssetsCopyForAGP NO-SOURCE
Build & Public Release	Build Release APK	2026-02-01T13:38:11.5179227Z > Task :presentation-widget:mergeReleaseAssets
Build & Public Release	Build Release APK	2026-02-01T13:38:11.5179813Z > Task :presentation-core:mergeReleaseAssets
Build & Public Release	Build Release APK	2026-02-01T13:38:11.5180426Z > Task :source-api:mergeReleaseAssets
Build & Public Release	Build Release APK	2026-02-01T13:38:11.5180885Z > Task :source-local:mergeReleaseShaders
Build & Public Release	Build Release APK	2026-02-01T13:38:11.5181360Z > Task :source-local:compileReleaseShaders NO-SOURCE
Build & Public Release	Build Release APK	2026-02-01T13:38:11.5181948Z > Task :source-local:generateReleaseAssets UP-TO-DATE
Build & Public Release	Build Release APK	2026-02-01T13:38:11.5182427Z > Task :telemetry:mergeReleaseShaders
Build & Public Release	Build Release APK	2026-02-01T13:38:11.5182915Z > Task :source-local:releaseAssetsCopyForAGP NO-SOURCE
Build & Public Release	Build Release APK	2026-02-01T13:38:11.5183646Z > Task :telemetry:compileReleaseShaders NO-SOURCE
Build & Public Release	Build Release APK	2026-02-01T13:38:11.5184188Z > Task :telemetry:generateReleaseAssets UP-TO-DATE
Build & Public Release	Build Release APK	2026-02-01T13:38:11.5184689Z > Task :core:archive:mergeReleaseShaders
Build & Public Release	Build Release APK	2026-02-01T13:38:11.5185197Z > Task :core:archive:compileReleaseShaders NO-SOURCE
Build & Public Release	Build Release APK	2026-02-01T13:38:11.5186050Z > Task :core:archive:generateReleaseAssets UP-TO-DATE
Build & Public Release	Build Release APK	2026-02-01T13:38:11.5186548Z > Task :source-local:mergeReleaseAssets
Build & Public Release	Build Release APK	2026-02-01T13:38:11.5186993Z > Task :telemetry:mergeReleaseAssets
Build & Public Release	Build Release APK	2026-02-01T13:38:11.5187521Z > Task :core-metadata:stripReleaseDebugSymbols NO-SOURCE
Build & Public Release	Build Release APK	2026-02-01T13:38:11.5188074Z > Task :core:archive:mergeReleaseAssets
Build & Public Release	Build Release APK	2026-02-01T13:38:11.5188543Z > Task :core:common:mergeReleaseShaders
Build & Public Release	Build Release APK	2026-02-01T13:38:11.6130879Z > Task :core-metadata:copyReleaseJniLibsProjectAndLocalJars
Build & Public Release	Build Release APK	2026-02-01T13:38:11.6132593Z > Task :core:common:compileReleaseShaders NO-SOURCE
Build & Public Release	Build Release APK	2026-02-01T13:38:11.6133745Z > Task :core:common:generateReleaseAssets UP-TO-DATE
Build & Public Release	Build Release APK	2026-02-01T13:38:11.6134583Z > Task :i18n:compileReleaseLibraryResources FROM-CACHE
Build & Public Release	Build Release APK	2026-02-01T13:38:11.6135433Z > Task :core-metadata:extractDeepLinksForAarRelease FROM-CACHE
Build & Public Release	Build Release APK	2026-02-01T13:38:11.6136293Z > Task :i18n-sy:compileReleaseLibraryResources FROM-CACHE
Build & Public Release	Build Release APK	2026-02-01T13:38:11.6137147Z > Task :source-api:compileReleaseLibraryResources FROM-CACHE
Build & Public Release	Build Release APK	2026-02-01T13:38:11.6137979Z > Task :data:stripReleaseDebugSymbols NO-SOURCE
Build & Public Release	Build Release APK	2026-02-01T13:38:11.6138671Z > Task :core:common:mergeReleaseAssets
Build & Public Release	Build Release APK	2026-02-01T13:38:11.6139401Z > Task :core:common:compileReleaseLibraryResources FROM-CACHE
Build & Public Release	Build Release APK	2026-02-01T13:38:11.6140656Z > Task :data:copyReleaseJniLibsProjectAndLocalJars
Build & Public Release	Build Release APK	2026-02-01T13:38:11.6141719Z > Task :data:extractDeepLinksForAarRelease FROM-CACHE
Build & Public Release	Build Release APK	2026-02-01T13:38:11.6143255Z > Task :domain:compileReleaseLibraryResources FROM-CACHE
Build & Public Release	Build Release APK	2026-02-01T13:38:11.6144137Z > Task :i18n-ank:compileReleaseLibraryResources FROM-CACHE
Build & Public Release	Build Release APK	2026-02-01T13:38:11.6144845Z > Task :domain:stripReleaseDebugSymbols NO-SOURCE
Build & Public Release	Build Release APK	2026-02-01T13:38:11.6145538Z > Task :domain:copyReleaseJniLibsProjectAndLocalJars
Build & Public Release	Build Release APK	2026-02-01T13:38:11.6146260Z > Task :domain:extractDeepLinksForAarRelease FROM-CACHE
Build & Public Release	Build Release APK	2026-02-01T13:38:11.9154699Z > Task :app:prepareReleaseShortcutXML
Build & Public Release	Build Release APK	2026-02-01T13:38:13.0129340Z > Task :core-metadata:extractReleaseAnnotations FROM-CACHE
Build & Public Release	Build Release APK	2026-02-01T13:38:13.0130497Z > Task :core-metadata:mergeReleaseConsumerProguardFiles
Build & Public Release	Build Release APK	2026-02-01T13:38:13.0131405Z > Task :core-metadata:prepareLintJarForPublish
Build & Public Release	Build Release APK	2026-02-01T13:38:13.0132163Z > Task :domain:extractReleaseAnnotations FROM-CACHE
Build & Public Release	Build Release APK	2026-02-01T13:38:13.0133011Z > Task :data:extractReleaseAnnotations FROM-CACHE
Build & Public Release	Build Release APK	2026-02-01T13:38:13.1129034Z > Task :data:mergeReleaseConsumerProguardFiles
Build & Public Release	Build Release APK	2026-02-01T13:38:13.1132774Z > Task :data:prepareLintJarForPublish
Build & Public Release	Build Release APK	2026-02-01T13:38:13.2128902Z > Task :core-metadata:mapReleaseSourceSetPaths
Build & Public Release	Build Release APK	2026-02-01T13:38:13.2131935Z > Task :data:mergeReleaseJavaResource
Build & Public Release	Build Release APK	2026-02-01T13:38:13.2134824Z > Task :core-metadata:mergeReleaseJavaResource
Build & Public Release	Build Release APK	2026-02-01T13:38:13.3129372Z > Task :domain:mergeReleaseConsumerProguardFiles
Build & Public Release	Build Release APK	2026-02-01T13:38:13.3132536Z > Task :domain:prepareLintJarForPublish
Build & Public Release	Build Release APK	2026-02-01T13:38:13.3135610Z > Task :domain:mergeReleaseJavaResource
Build & Public Release	Build Release APK	2026-02-01T13:38:13.3154131Z > Task :data:syncReleaseLibJars FROM-CACHE
Build & Public Release	Build Release APK	2026-02-01T13:38:13.3156134Z > Task :domain:syncReleaseLibJars FROM-CACHE
Build & Public Release	Build Release APK	2026-02-01T13:38:13.3156798Z > Task :app:mergeReleaseResources FROM-CACHE
Build & Public Release	Build Release APK	2026-02-01T13:38:13.4128846Z > Task :core-metadata:mergeReleaseResources FROM-CACHE
Build & Public Release	Build Release APK	2026-02-01T13:38:13.4130437Z > Task :data:bundleReleaseAar
Build & Public Release	Build Release APK	2026-02-01T13:38:13.4135570Z > Task :domain:bundleReleaseAar
Build & Public Release	Build Release APK	2026-02-01T13:38:13.4136508Z > Task :app:dataBindingGenBaseClassesRelease FROM-CACHE
Build & Public Release	Build Release APK	2026-02-01T13:38:13.4138206Z > Task :core-metadata:syncReleaseLibJars FROM-CACHE
Build & Public Release	Build Release APK	2026-02-01T13:38:13.5134101Z > Task :data:mapReleaseSourceSetPaths
Build & Public Release	Build Release APK	2026-02-01T13:38:13.5137790Z > Task :core-metadata:bundleReleaseAar
Build & Public Release	Build Release APK	2026-02-01T13:38:13.5142455Z > Task :domain:mapReleaseSourceSetPaths
Build & Public Release	Build Release APK	2026-02-01T13:38:13.8129366Z > Task :data:mergeReleaseResources FROM-CACHE
Build & Public Release	Build Release APK	2026-02-01T13:38:13.8132730Z > Task :app:generateReleaseBuildConfig
Build & Public Release	Build Release APK	2026-02-01T13:38:13.8133833Z > Task :domain:mergeReleaseResources FROM-CACHE
Build & Public Release	Build Release APK	2026-02-01T13:38:13.9129398Z > Task :core-metadata:verifyReleaseResources FROM-CACHE
Build & Public Release	Build Release APK	2026-02-01T13:38:13.9132660Z > Task :core-metadata:assembleRelease
Build & Public Release	Build Release APK	2026-02-01T13:38:13.9133914Z > Task :flagkit:stripReleaseDebugSymbols NO-SOURCE
Build & Public Release	Build Release APK	2026-02-01T13:38:14.0131322Z > Task :domain:verifyReleaseResources FROM-CACHE
Build & Public Release	Build Release APK	2026-02-01T13:38:14.0132763Z > Task :domain:assembleRelease
Build & Public Release	Build Release APK	2026-02-01T13:38:14.0133657Z > Task :flagkit:extractDeepLinksForAarRelease FROM-CACHE
Build & Public Release	Build Release APK	2026-02-01T13:38:14.0136669Z > Task :data:verifyReleaseResources FROM-CACHE
Build & Public Release	Build Release APK	2026-02-01T13:38:14.0139209Z > Task :data:assembleRelease
Build & Public Release	Build Release APK	2026-02-01T13:38:14.0140000Z > Task :i18n:stripReleaseDebugSymbols NO-SOURCE
Build & Public Release	Build Release APK	2026-02-01T13:38:14.0141043Z > Task :i18n:copyReleaseJniLibsProjectAndLocalJars
Build & Public Release	Build Release APK	2026-02-01T13:38:14.0141765Z > Task :i18n:extractDeepLinksForAarRelease FROM-CACHE
Build & Public Release	Build Release APK	2026-02-01T13:38:14.0142319Z > Task :flagkit:extractReleaseAnnotations FROM-CACHE
Build & Public Release	Build Release APK	2026-02-01T13:38:14.0142874Z > Task :flagkit:mergeReleaseConsumerProguardFiles
Build & Public Release	Build Release APK	2026-02-01T13:38:14.0143582Z > Task :flagkit:copyReleaseJniLibsProjectAndLocalJars
Build & Public Release	Build Release APK	2026-02-01T13:38:14.0144109Z > Task :flagkit:prepareLintJarForPublish
Build & Public Release	Build Release APK	2026-02-01T13:38:14.0144651Z > Task :i18n-ank:stripReleaseDebugSymbols NO-SOURCE
Build & Public Release	Build Release APK	2026-02-01T13:38:14.0145234Z > Task :i18n-ank:copyReleaseJniLibsProjectAndLocalJars
Build & Public Release	Build Release APK	2026-02-01T13:38:14.0145774Z > Task :flagkit:mergeReleaseJavaResource
Build & Public Release	Build Release APK	2026-02-01T13:38:14.0146318Z > Task :i18n-ank:extractDeepLinksForAarRelease FROM-CACHE
Build & Public Release	Build Release APK	2026-02-01T13:38:14.0147273Z > Task :i18n:extractReleaseAnnotations FROM-CACHE
Build & Public Release	Build Release APK	2026-02-01T13:38:14.0147988Z > Task :i18n:mergeReleaseConsumerProguardFiles
Build & Public Release	Build Release APK	2026-02-01T13:38:14.0148640Z > Task :flagkit:mapReleaseSourceSetPaths
Build & Public Release	Build Release APK	2026-02-01T13:38:14.0149160Z > Task :flagkit:syncReleaseLibJars FROM-CACHE
Build & Public Release	Build Release APK	2026-02-01T13:38:14.0149718Z > Task :i18n:prepareLintJarForPublish
Build & Public Release	Build Release APK	2026-02-01T13:38:14.0150303Z > Task :i18n-ank:extractReleaseAnnotations FROM-CACHE
Build & Public Release	Build Release APK	2026-02-01T13:38:14.0150797Z > Task :i18n:mergeReleaseJavaResource
Build & Public Release	Build Release APK	2026-02-01T13:38:14.1164428Z > Task :app:checkReleaseAarMetadata
Build & Public Release	Build Release APK	2026-02-01T13:38:14.1184255Z > Task :app:mapReleaseSourceSetPaths
Build & Public Release	Build Release APK	2026-02-01T13:38:14.1185223Z > Task :i18n-ank:mergeReleaseConsumerProguardFiles
Build & Public Release	Build Release APK	2026-02-01T13:38:14.1186091Z > Task :i18n-ank:prepareLintJarForPublish
Build & Public Release	Build Release APK	2026-02-01T13:38:14.1186784Z > Task :i18n:mapReleaseSourceSetPaths
Build & Public Release	Build Release APK	2026-02-01T13:38:14.1187445Z > Task :i18n-ank:mergeReleaseJavaResource
Build & Public Release	Build Release APK	2026-02-01T13:38:14.1188102Z > Task :app:createReleaseCompatibleScreenManifests
Build & Public Release	Build Release APK	2026-02-01T13:38:14.1188833Z > Task :i18n-ank:syncReleaseLibJars FROM-CACHE
Build & Public Release	Build Release APK	2026-02-01T13:38:14.1189489Z > Task :i18n:syncReleaseLibJars FROM-CACHE
Build & Public Release	Build Release APK	2026-02-01T13:38:14.1190171Z > Task :app:extractDeepLinksRelease FROM-CACHE
Build & Public Release	Build Release APK	2026-02-01T13:38:14.2128643Z > Task :i18n-ank:bundleReleaseAar
Build & Public Release	Build Release APK	2026-02-01T13:38:14.2132602Z > Task :i18n-ank:mapReleaseSourceSetPaths
Build & Public Release	Build Release APK	2026-02-01T13:38:14.2144750Z > Task :flagkit:bundleReleaseAar
Build & Public Release	Build Release APK	2026-02-01T13:38:14.3133631Z > Task :i18n-ank:mergeReleaseResources FROM-CACHE
Build & Public Release	Build Release APK	2026-02-01T13:38:14.5129702Z > Task :app:processReleaseMainManifest FROM-CACHE
Build & Public Release	Build Release APK	2026-02-01T13:38:14.5130856Z > Task :app:processReleaseManifest FROM-CACHE
Build & Public Release	Build Release APK	2026-02-01T13:38:14.5131671Z > Task :i18n-ank:verifyReleaseResources FROM-CACHE
Build & Public Release	Build Release APK	2026-02-01T13:38:14.5136647Z > Task :i18n-ank:assembleRelease
Build & Public Release	Build Release APK	2026-02-01T13:38:14.5137576Z > Task :i18n-kmk:stripReleaseDebugSymbols NO-SOURCE
Build & Public Release	Build Release APK	2026-02-01T13:38:14.5138434Z > Task :app:processReleaseManifestForPackage FROM-CACHE
Build & Public Release	Build Release APK	2026-02-01T13:38:14.5139379Z > Task :i18n-kmk:copyReleaseJniLibsProjectAndLocalJars
Build & Public Release	Build Release APK	2026-02-01T13:38:14.5140271Z > Task :i18n-kmk:extractDeepLinksForAarRelease FROM-CACHE
Build & Public Release	Build Release APK	2026-02-01T13:38:14.5141049Z > Task :i18n:bundleReleaseAar
Build & Public Release	Build Release APK	2026-02-01T13:38:14.5141663Z > Task :i18n-kmk:extractReleaseAnnotations FROM-CACHE
Build & Public Release	Build Release APK	2026-02-01T13:38:14.5142429Z > Task :i18n-kmk:mergeReleaseConsumerProguardFiles
Build & Public Release	Build Release APK	2026-02-01T13:38:14.6129358Z > Task :i18n-kmk:prepareLintJarForPublish
Build & Public Release	Build Release APK	2026-02-01T13:38:14.6132385Z > Task :i18n-kmk:mergeReleaseJavaResource
Build & Public Release	Build Release APK	2026-02-01T13:38:14.6133156Z > Task :i18n-kmk:syncReleaseLibJars FROM-CACHE
Build & Public Release	Build Release APK	2026-02-01T13:38:14.6136116Z > Task :flagkit:mergeReleaseResources FROM-CACHE
Build & Public Release	Build Release APK	2026-02-01T13:38:14.7129895Z > Task :i18n-kmk:bundleReleaseAar
Build & Public Release	Build Release APK	2026-02-01T13:38:14.7139779Z > Task :i18n-kmk:mapReleaseSourceSetPaths
Build & Public Release	Build Release APK	2026-02-01T13:38:14.7140827Z > Task :i18n-sy:stripReleaseDebugSymbols NO-SOURCE
Build & Public Release	Build Release APK	2026-02-01T13:38:14.7143888Z > Task :i18n-sy:copyReleaseJniLibsProjectAndLocalJars
Build & Public Release	Build Release APK	2026-02-01T13:38:14.7144803Z > Task :i18n-sy:extractDeepLinksForAarRelease FROM-CACHE
Build & Public Release	Build Release APK	2026-02-01T13:38:14.7146942Z > Task :i18n-sy:extractReleaseAnnotations FROM-CACHE
Build & Public Release	Build Release APK	2026-02-01T13:38:14.7147796Z > Task :i18n-sy:mergeReleaseConsumerProguardFiles
Build & Public Release	Build Release APK	2026-02-01T13:38:14.7149880Z > Task :i18n-sy:prepareLintJarForPublish
Build & Public Release	Build Release APK	2026-02-01T13:38:14.7150667Z > Task :i18n-sy:mergeReleaseJavaResource
Build & Public Release	Build Release APK	2026-02-01T13:38:14.7175364Z > Task :i18n-sy:syncReleaseLibJars FROM-CACHE
Build & Public Release	Build Release APK	2026-02-01T13:38:14.8129311Z > Task :i18n:mergeReleaseResources FROM-CACHE
Build & Public Release	Build Release APK	2026-02-01T13:38:14.8130676Z > Task :i18n-sy:bundleReleaseAar
Build & Public Release	Build Release APK	2026-02-01T13:38:14.8134025Z > Task :i18n:verifyReleaseResources FROM-CACHE
Build & Public Release	Build Release APK	2026-02-01T13:38:14.8136245Z > Task :i18n:assembleRelease
Build & Public Release	Build Release APK	2026-02-01T13:38:14.8137128Z > Task :i18n-sy:mapReleaseSourceSetPaths
Build & Public Release	Build Release APK	2026-02-01T13:38:14.9169043Z > Task :presentation-core:stripReleaseDebugSymbols NO-SOURCE
Build & Public Release	Build Release APK	2026-02-01T13:38:14.9169990Z > Task :presentation-core:copyReleaseJniLibsProjectAndLocalJars
Build & Public Release	Build Release APK	2026-02-01T13:38:14.9170901Z > Task :presentation-core:extractDeepLinksForAarRelease FROM-CACHE
Build & Public Release	Build Release APK	2026-02-01T13:38:14.9224243Z > Task :flagkit:verifyReleaseResources FROM-CACHE
Build & Public Release	Build Release APK	2026-02-01T13:38:14.9224943Z > Task :flagkit:assembleRelease
Build & Public Release	Build Release APK	2026-02-01T13:38:14.9225531Z > Task :i18n-kmk:mergeReleaseResources FROM-CACHE
Build & Public Release	Build Release APK	2026-02-01T13:38:14.9226293Z > Task :presentation-core:extractReleaseAnnotations FROM-CACHE
Build & Public Release	Build Release APK	2026-02-01T13:38:14.9227049Z > Task :presentation-core:mergeReleaseConsumerProguardFiles
Build & Public Release	Build Release APK	2026-02-01T13:38:14.9227799Z > Task :i18n-kmk:verifyReleaseResources FROM-CACHE
Build & Public Release	Build Release APK	2026-02-01T13:38:14.9228410Z > Task :i18n-kmk:assembleRelease
Build & Public Release	Build Release APK	2026-02-01T13:38:14.9229000Z > Task :presentation-core:prepareLintJarForPublish
Build & Public Release	Build Release APK	2026-02-01T13:38:15.0130814Z > Task :presentation-widget:stripReleaseDebugSymbols NO-SOURCE
Build & Public Release	Build Release APK	2026-02-01T13:38:15.0140769Z > Task :presentation-widget:copyReleaseJniLibsProjectAndLocalJars
Build & Public Release	Build Release APK	2026-02-01T13:38:15.0142542Z > Task :presentation-core:mergeReleaseJavaResource
Build & Public Release	Build Release APK	2026-02-01T13:38:15.0145609Z > Task :presentation-widget:extractDeepLinksForAarRelease FROM-CACHE
Build & Public Release	Build Release APK	2026-02-01T13:38:15.0148475Z > Task :i18n-sy:mergeReleaseResources FROM-CACHE
Build & Public Release	Build Release APK	2026-02-01T13:38:15.0151213Z > Task :app:processReleaseResources FROM-CACHE
Build & Public Release	Build Release APK	2026-02-01T13:38:15.0154033Z > Task :presentation-core:mapReleaseSourceSetPaths
Build & Public Release	Build Release APK	2026-02-01T13:38:15.0156716Z > Task :i18n-sy:verifyReleaseResources FROM-CACHE
Build & Public Release	Build Release APK	2026-02-01T13:38:15.0159463Z > Task :i18n-sy:assembleRelease
Build & Public Release	Build Release APK	2026-02-01T13:38:15.0161869Z > Task :source-api:stripReleaseDebugSymbols NO-SOURCE
Build & Public Release	Build Release APK	2026-02-01T13:38:15.1135154Z > Task :presentation-widget:extractReleaseAnnotations FROM-CACHE
Build & Public Release	Build Release APK	2026-02-01T13:38:15.1138024Z > Task :presentation-widget:mergeReleaseConsumerProguardFiles
Build & Public Release	Build Release APK	2026-02-01T13:38:15.1139386Z > Task :presentation-widget:prepareLintJarForPublish
Build & Public Release	Build Release APK	2026-02-01T13:38:15.1142039Z > Task :presentation-widget:mergeReleaseJavaResource
Build & Public Release	Build Release APK	2026-02-01T13:38:15.1144727Z > Task :presentation-widget:syncReleaseLibJars FROM-CACHE
Build & Public Release	Build Release APK	2026-02-01T13:38:15.1147188Z > Task :presentation-widget:bundleReleaseAar
Build & Public Release	Build Release APK	2026-02-01T13:38:15.2154649Z > Task :presentation-core:syncReleaseLibJars FROM-CACHE
Build & Public Release	Build Release APK	2026-02-01T13:38:15.2155813Z > Task :source-api:copyReleaseJniLibsProjectAndLocalJars
Build & Public Release	Build Release APK	2026-02-01T13:38:15.2156791Z > Task :source-api:extractDeepLinksForAarRelease FROM-CACHE
Build & Public Release	Build Release APK	2026-02-01T13:38:15.2157704Z > Task :presentation-widget:mapReleaseSourceSetPaths
Build & Public Release	Build Release APK	2026-02-01T13:38:15.2158496Z > Task :presentation-core:bundleReleaseAar
Build & Public Release	Build Release APK	2026-02-01T13:38:15.3137775Z > Task :source-api:extractReleaseAnnotations FROM-CACHE
Build & Public Release	Build Release APK	2026-02-01T13:38:15.3142097Z > Task :source-api:mergeReleaseConsumerProguardFiles
Build & Public Release	Build Release APK	2026-02-01T13:38:15.3145065Z > Task :source-api:prepareLintJarForPublish
Build & Public Release	Build Release APK	2026-02-01T13:38:15.3147721Z > Task :source-api:mergeReleaseJavaResource
Build & Public Release	Build Release APK	2026-02-01T13:38:15.3150627Z > Task :source-api:syncReleaseLibJars FROM-CACHE
Build & Public Release	Build Release APK	2026-02-01T13:38:15.4129212Z > Task :source-api:bundleReleaseAar
Build & Public Release	Build Release APK	2026-02-01T13:38:15.4130527Z > Task :source-api:mapReleaseSourceSetPaths
Build & Public Release	Build Release APK	2026-02-01T13:38:15.8129609Z > Task :presentation-core:mergeReleaseResources FROM-CACHE
Build & Public Release	Build Release APK	2026-02-01T13:38:15.8132069Z > Task :source-api:mergeReleaseResources FROM-CACHE
Build & Public Release	Build Release APK	2026-02-01T13:38:15.8133026Z > Task :presentation-widget:mergeReleaseResources FROM-CACHE
Build & Public Release	Build Release APK	2026-02-01T13:38:15.8135742Z > Task :source-local:stripReleaseDebugSymbols NO-SOURCE
Build & Public Release	Build Release APK	2026-02-01T13:38:15.8136787Z > Task :source-local:copyReleaseJniLibsProjectAndLocalJars
Build & Public Release	Build Release APK	2026-02-01T13:38:15.9129680Z > Task :source-local:extractDeepLinksForAarRelease FROM-CACHE
Build & Public Release	Build Release APK	2026-02-01T13:38:15.9133075Z > Task :source-local:extractReleaseAnnotations FROM-CACHE
Build & Public Release	Build Release APK	2026-02-01T13:38:15.9136081Z > Task :source-local:mergeReleaseConsumerProguardFiles
Build & Public Release	Build Release APK	2026-02-01T13:38:15.9138981Z > Task :source-local:prepareLintJarForPublish
Build & Public Release	Build Release APK	2026-02-01T13:38:15.9141512Z > Task :source-local:mergeReleaseJavaResource
Build & Public Release	Build Release APK	2026-02-01T13:38:15.9144497Z > Task :source-local:syncReleaseLibJars FROM-CACHE
Build & Public Release	Build Release APK	2026-02-01T13:38:16.0134592Z > Task :source-local:bundleReleaseAar
Build & Public Release	Build Release APK	2026-02-01T13:38:16.0136176Z > Task :core-metadata:compileReleaseLibraryResources FROM-CACHE
Build & Public Release	Build Release APK	2026-02-01T13:38:16.0139771Z > Task :source-api:verifyReleaseResources FROM-CACHE
Build & Public Release	Build Release APK	2026-02-01T13:38:16.0140573Z > Task :source-api:assembleRelease
Build & Public Release	Build Release APK	2026-02-01T13:38:16.0141470Z > Task :source-local:mapReleaseSourceSetPaths
Build & Public Release	Build Release APK	2026-02-01T13:38:16.0142273Z > Task :core:archive:compileReleaseLibraryResources FROM-CACHE
Build & Public Release	Build Release APK	2026-02-01T13:38:16.0143082Z > Task :telemetry:stripReleaseDebugSymbols NO-SOURCE
Build & Public Release	Build Release APK	2026-02-01T13:38:16.0144151Z > Task :telemetry:copyReleaseJniLibsProjectAndLocalJars
Build & Public Release	Build Release APK	2026-02-01T13:38:16.0144949Z > Task :telemetry:extractDeepLinksForAarRelease FROM-CACHE
Build & Public Release	Build Release APK	2026-02-01T13:38:16.0145713Z > Task :presentation-core:verifyReleaseResources FROM-CACHE
Build & Public Release	Build Release APK	2026-02-01T13:38:16.0146415Z > Task :presentation-core:assembleRelease
Build & Public Release	Build Release APK	2026-02-01T13:38:16.0147066Z > Task :telemetry:extractReleaseAnnotations FROM-CACHE
Build & Public Release	Build Release APK	2026-02-01T13:38:16.0147870Z > Task :telemetry:mergeReleaseConsumerProguardFiles
Build & Public Release	Build Release APK	2026-02-01T13:38:16.0149504Z > Task :presentation-core:compileReleaseLibraryResources FROM-CACHE
Build & Public Release	Build Release APK	2026-02-01T13:38:16.0150296Z > Task :telemetry:prepareLintJarForPublish
Build & Public Release	Build Release APK	2026-02-01T13:38:16.0150968Z > Task :telemetry:mergeReleaseJavaResource
Build & Public Release	Build Release APK	2026-02-01T13:38:16.1130056Z > Task :telemetry:syncReleaseLibJars FROM-CACHE
Build & Public Release	Build Release APK	2026-02-01T13:38:16.1130982Z > Task :telemetry:bundleReleaseAar
Build & Public Release	Build Release APK	2026-02-01T13:38:16.1131674Z > Task :telemetry:mapReleaseSourceSetPaths
Build & Public Release	Build Release APK	2026-02-01T13:38:16.1132438Z > Task :telemetry:mergeReleaseResources FROM-CACHE
Build & Public Release	Build Release APK	2026-02-01T13:38:16.1133218Z > Task :telemetry:verifyReleaseResources FROM-CACHE
Build & Public Release	Build Release APK	2026-02-01T13:38:16.1134122Z > Task :telemetry:assembleRelease
Build & Public Release	Build Release APK	2026-02-01T13:38:16.1134916Z > Task :core:archive:stripReleaseDebugSymbols NO-SOURCE
Build & Public Release	Build Release APK	2026-02-01T13:38:16.2141449Z > Task :core:archive:copyReleaseJniLibsProjectAndLocalJars
Build & Public Release	Build Release APK	2026-02-01T13:38:16.2151614Z > Task :core:archive:extractDeepLinksForAarRelease FROM-CACHE
Build & Public Release	Build Release APK	2026-02-01T13:38:16.3132797Z > Task :app:javaPreCompileRelease FROM-CACHE
Build & Public Release	Build Release APK	2026-02-01T13:38:16.3136201Z > Task :app:extractProguardFiles
Build & Public Release	Build Release APK	2026-02-01T13:38:16.3138981Z > Task :app:mergeReleaseStartupProfile
Build & Public Release	Build Release APK	2026-02-01T13:38:16.3141778Z > Task :app:generateReleaseAssets UP-TO-DATE
Build & Public Release	Build Release APK	2026-02-01T13:38:16.3145006Z > Task :source-local:mergeReleaseResources FROM-CACHE
Build & Public Release	Build Release APK	2026-02-01T13:38:16.4146104Z > Task :source-local:verifyReleaseResources FROM-CACHE
Build & Public Release	Build Release APK	2026-02-01T13:38:16.4147290Z > Task :source-local:assembleRelease
Build & Public Release	Build Release APK	2026-02-01T13:38:16.5151218Z > Task :core:archive:extractReleaseAnnotations FROM-CACHE
Build & Public Release	Build Release APK	2026-02-01T13:38:16.5223756Z > Task :core:archive:mergeReleaseConsumerProguardFiles
Build & Public Release	Build Release APK	2026-02-01T13:38:16.5224666Z > Task :core:archive:prepareLintJarForPublish
Build & Public Release	Build Release APK	2026-02-01T13:38:16.5225441Z > Task :core:archive:mergeReleaseJavaResource
Build & Public Release	Build Release APK	2026-02-01T13:38:16.5226199Z > Task :core:archive:syncReleaseLibJars FROM-CACHE
Build & Public Release	Build Release APK	2026-02-01T13:38:16.5226913Z > Task :app:mergeReleaseAssets
Build & Public Release	Build Release APK	2026-02-01T13:38:16.5227536Z > Task :core:archive:bundleReleaseAar
Build & Public Release	Build Release APK	2026-02-01T13:38:16.6146252Z > Task :core:archive:mapReleaseSourceSetPaths
Build & Public Release	Build Release APK	2026-02-01T13:38:16.6147368Z > Task :app:compressReleaseAssets FROM-CACHE
Build & Public Release	Build Release APK	2026-02-01T13:38:16.7139424Z > Task :presentation-widget:verifyReleaseResources FROM-CACHE
Build & Public Release	Build Release APK	2026-02-01T13:38:16.7140538Z > Task :presentation-widget:assembleRelease
Build & Public Release	Build Release APK	2026-02-01T13:38:16.7141379Z > Task :core:common:stripReleaseDebugSymbols NO-SOURCE
Build & Public Release	Build Release APK	2026-02-01T13:38:16.7142261Z > Task :core:common:copyReleaseJniLibsProjectAndLocalJars
Build & Public Release	Build Release APK	2026-02-01T13:38:16.7143180Z > Task :core:common:extractDeepLinksForAarRelease FROM-CACHE
Build & Public Release	Build Release APK	2026-02-01T13:38:16.7144154Z > Task :app:extractReleaseVersionControlInfo
Build & Public Release	Build Release APK	2026-02-01T13:38:16.7144875Z > Task :app:validateSigningRelease
Build & Public Release	Build Release APK	2026-02-01T13:38:16.7145585Z > Task :app:writeReleaseAppMetadata
Build & Public Release	Build Release APK	2026-02-01T13:38:16.8128469Z > Task :app:writeReleaseSigningConfigVersions
Build & Public Release	Build Release APK	2026-02-01T13:38:16.9205082Z > Task :core:common:extractReleaseAnnotations FROM-CACHE
Build & Public Release	Build Release APK	2026-02-01T13:38:16.9206243Z > Task :core:common:mergeReleaseConsumerProguardFiles
Build & Public Release	Build Release APK	2026-02-01T13:38:16.9207046Z > Task :core:common:prepareLintJarForPublish
Build & Public Release	Build Release APK	2026-02-01T13:38:16.9207761Z > Task :core:common:mergeReleaseJavaResource
Build & Public Release	Build Release APK	2026-02-01T13:38:16.9208417Z > Task :core:common:mapReleaseSourceSetPaths
Build & Public Release	Build Release APK	2026-02-01T13:38:16.9209005Z > Task :core:common:syncReleaseLibJars FROM-CACHE
Build & Public Release	Build Release APK	2026-02-01T13:38:16.9209701Z > Task :core:common:bundleReleaseAar
Build & Public Release	Build Release APK	2026-02-01T13:38:17.1147084Z > Task :core:archive:mergeReleaseResources FROM-CACHE
Build & Public Release	Build Release APK	2026-02-01T13:38:17.2128947Z > Task :core:archive:verifyReleaseResources FROM-CACHE
Build & Public Release	Build Release APK	2026-02-01T13:38:17.2129586Z > Task :core:archive:assembleRelease
Build & Public Release	Build Release APK	2026-02-01T13:38:17.3176093Z > Task :core:common:mergeReleaseResources FROM-CACHE
Build & Public Release	Build Release APK	2026-02-01T13:38:17.5128909Z > Task :core:common:verifyReleaseResources FROM-CACHE
Build & Public Release	Build Release APK	2026-02-01T13:38:17.5129627Z > Task :core:common:assembleRelease
Build & Public Release	Build Release APK	2026-02-01T13:38:45.0129418Z > Task :app:compileReleaseKotlin
Build & Public Release	Build Release APK	2026-02-01T13:38:55.8134840Z 
Build & Public Release	Build Release APK	2026-02-01T13:38:55.8135773Z > Task :app:compileReleaseKotlin FAILED
Build & Public Release	Build Release APK	2026-02-01T13:38:55.8139500Z e: file:///home/runner/work/AniZen/AniZen/app/src/main/java/eu/kanade/presentation/anime/components/AnimeCover.kt:89:46 Unresolved reference 'LocalContext'.
Build & Public Release	Build Release APK	2026-02-01T13:38:55.8143867Z e: file:///home/runner/work/AniZen/AniZen/app/src/main/java/eu/kanade/presentation/anime/components/AnimeCover.kt:90:22 Unresolved reference 'data'.
Build & Public Release	Build Release APK	2026-02-01T13:38:55.8146072Z e: file:///home/runner/work/AniZen/AniZen/app/src/main/java/eu/kanade/presentation/anime/components/AnimeCover.kt:95:22 Unresolved reference 'build'.
Build & Public Release	Build Release APK	2026-02-01T13:38:55.9128995Z gradle/actions: Writing build results to /home/runner/work/_temp/.gradle-actions/build-results/__run_2-1769953069308.json
Build & Public Release	Build Release APK	2026-02-01T13:38:55.9173797Z 
Build & Public Release	Build Release APK	2026-02-01T13:38:55.9174760Z [Incubating] Problems report is available at: file:///home/runner/work/AniZen/AniZen/build/reports/problems/problems-report.html
Build & Public Release	Build Release APK	2026-02-01T13:38:56.0128752Z 
Build & Public Release	Build Release APK	2026-02-01T13:38:56.0132150Z Deprecated Gradle features were used in this build, making it incompatible with Gradle 9.0.
Build & Public Release	Build Release APK	2026-02-01T13:38:56.0135195Z 
Build & Public Release	Build Release APK	2026-02-01T13:38:56.0138910Z You can use '--warning-mode all' to show the individual deprecation warnings and determine if they come from your own scripts or plugins.
Build & Public Release	Build Release APK	2026-02-01T13:38:56.0142039Z 
Build & Public Release	Build Release APK	2026-02-01T13:38:56.0145402Z For more on this, please refer to https://docs.gradle.org/8.14.3/userguide/command_line_interface.html#sec:command_line_warnings in the Gradle documentation.
Build & Public Release	Build Release APK	2026-02-01T13:38:56.0150124Z 
Build & Public Release	Build Release APK	2026-02-01T13:38:56.0152308Z FAILURE: Build failed with an exception.
Build & Public Release	Build Release APK	2026-02-01T13:38:56.0154734Z 
Build & Public Release	Build Release APK	2026-02-01T13:38:56.0156837Z * What went wrong:
Build & Public Release	Build Release APK	2026-02-01T13:38:56.0158067Z Execution failed for task ':app:compileReleaseKotlin'.
Build & Public Release	Build Release APK	2026-02-01T13:38:56.0161669Z > A failure occurred while executing org.jetbrains.kotlin.compilerRunner.GradleCompilerRunnerWithWorkers$GradleKotlinCompilerWorkAction
Build & Public Release	Build Release APK	2026-02-01T13:38:56.0163457Z    > Compilation error. See log for more details
Build & Public Release	Build Release APK	2026-02-01T13:38:56.0164000Z 
Build & Public Release	Build Release APK	2026-02-01T13:38:56.0164257Z * Try:
Build & Public Release	Build Release APK	2026-02-01T13:38:56.0164877Z > Run with --stacktrace option to get the stack trace.
Build & Public Release	Build Release APK	2026-02-01T13:38:56.0165706Z > Run with --info or --debug option to get more log output.
Build & Public Release	Build Release APK	2026-02-01T13:38:56.0166808Z > Run with --scan to get full insights.
Build & Public Release	Build Release APK	2026-02-01T13:38:56.0167550Z > Get more help at https://help.gradle.org.
Build & Public Release	Build Release APK	2026-02-01T13:38:56.0171031Z 
Build & Public Release	Build Release APK	2026-02-01T13:38:56.0171434Z 544 actionable tasks: 281 executed, 254 from cache, 9 up-to-date
Build & Public Release	Build Release APK	2026-02-01T13:38:56.0173437Z BUILD FAILED in 1m 9s
Build & Public Release	Build Release APK	2026-02-01T13:38:56.5020227Z ##[error]Process completed with exit code 1.
Build & Public Release	Post Set up Gradle	ï»¿2026-02-01T13:38:56.5194239Z Post job cleanup.
Build & Public Release	Post Set up Gradle	2026-02-01T13:38:56.8077506Z In post-action step
Build & Public Release	Post Set up Gradle	2026-02-01T13:38:56.8088835Z ##[group]Stopping Gradle daemons
Build & Public Release	Post Set up Gradle	2026-02-01T13:38:56.8090005Z Stopping Gradle daemons for /home/runner/.gradle/wrapper/dists/gradle-8.14.3-bin/cv11ve7ro1n3o1j4so8xd9n66/gradle-8.14.3
Build & Public Release	Post Set up Gradle	2026-02-01T13:38:56.8107892Z [command]/home/runner/.gradle/wrapper/dists/gradle-8.14.3-bin/cv11ve7ro1n3o1j4so8xd9n66/gradle-8.14.3/bin/gradle --stop
Build & Public Release	Post Set up Gradle	2026-02-01T13:38:57.3425192Z No Gradle daemons are running.
Build & Public Release	Post Set up Gradle	2026-02-01T13:38:57.3490800Z ##[endgroup]
Build & Public Release	Post Set up Gradle	2026-02-01T13:38:57.3491450Z Not performing cache-cleanup due to build failure
Build & Public Release	Post Set up Gradle	2026-02-01T13:38:57.3492244Z ##[group]Caching Gradle state
Build & Public Release	Post Set up Gradle	2026-02-01T13:39:04.3196327Z [command]/usr/bin/tar --posix -cf cache.tzst --exclude cache.tzst -P -C /home/runner/work/AniZen/AniZen --files-from manifest.txt --use-compress-program zstdmt
Build & Public Release	Post Set up Gradle	2026-02-01T13:39:06.1575508Z Sent 142216315 of 276434043 (51.4%), 135.5 MBs/sec
Build & Public Release	Post Set up Gradle	2026-02-01T13:39:06.2469145Z Sent 276434043 of 276434043 (100.0%), 241.9 MBs/sec
Build & Public Release	Post Set up Gradle	2026-02-01T13:39:06.4051020Z Saved cache entry with key gradle-home-v1|Linux-X64|build-release[16cd6cc2a04430ca045959c87cb8ce3a]-bc0243a7bd767c07515931f2d445b5fdd3671cf5 from /home/runner/.gradle/caches,/home/runner/.gradle/notifications,/home/runner/.gradle/.setup-gradle in 2101ms
Build & Public Release	Post Set up Gradle	2026-02-01T13:39:06.4052702Z ##[endgroup]
Build & Public Release	Post Set up Gradle	2026-02-01T13:39:06.4058379Z Generating Job Summary
Build & Public Release	Post Set up Gradle	2026-02-01T13:39:06.4074011Z Completed post-action step
Build & Public Release	Post Set up JDK	ï»¿2026-02-01T13:39:06.4321404Z Post job cleanup.
Build & Public Release	Post Clone repo	ï»¿2026-02-01T13:39:06.5976000Z Post job cleanup.
Build & Public Release	Post Clone repo	2026-02-01T13:39:06.6959401Z [command]/usr/bin/git version
Build & Public Release	Post Clone repo	2026-02-01T13:39:06.6991821Z git version 2.52.0
Build & Public Release	Post Clone repo	2026-02-01T13:39:06.7031473Z Temporarily overriding HOME='/home/runner/work/_temp/5784e1a8-1832-4ae6-b039-8329c3f08df0' before making global git config changes
Build & Public Release	Post Clone repo	2026-02-01T13:39:06.7032874Z Adding repository directory to the temporary git global config as a safe directory
Build & Public Release	Post Clone repo	2026-02-01T13:39:06.7038373Z [command]/usr/bin/git config --global --add safe.directory /home/runner/work/AniZen/AniZen
Build & Public Release	Post Clone repo	2026-02-01T13:39:06.7070224Z [command]/usr/bin/git config --local --name-only --get-regexp core\.sshCommand
Build & Public Release	Post Clone repo	2026-02-01T13:39:06.7097891Z [command]/usr/bin/git submodule foreach --recursive sh -c "git config --local --name-only --get-regexp 'core\.sshCommand' && git config --local --unset-all 'core.sshCommand' || :"
Build & Public Release	Post Clone repo	2026-02-01T13:39:06.7280388Z [command]/usr/bin/git config --local --name-only --get-regexp http\.https\:\/\/github\.com\/\.extraheader
Build & Public Release	Post Clone repo	2026-02-01T13:39:06.7297884Z http.https://github.com/.extraheader
Build & Public Release	Post Clone repo	2026-02-01T13:39:06.7308347Z [command]/usr/bin/git config --local --unset-all http.https://github.com/.extraheader
Build & Public Release	Post Clone repo	2026-02-01T13:39:06.7332821Z [command]/usr/bin/git submodule foreach --recursive sh -c "git config --local --name-only --get-regexp 'http\.https\:\/\/github\.com\/\.extraheader' && git config --local --unset-all 'http.https://github.com/.extraheader' || :"
Build & Public Release	Post Clone repo	2026-02-01T13:39:06.7506199Z [command]/usr/bin/git config --local --name-only --get-regexp ^includeIf\.gitdir:
Build & Public Release	Post Clone repo	2026-02-01T13:39:06.7531204Z [command]/usr/bin/git submodule foreach --recursive git config --local --show-origin --name-only --get-regexp remote.origin.url
Build & Public Release	Complete job	ï»¿2026-02-01T13:39:06.7800091Z Cleaning up orphan processes
