Build & Release	Set up job	ï»¿2026-01-23T06:49:51.2937518Z Current runner version: '2.331.0'
Build & Release	Set up job	2026-01-23T06:49:51.2958478Z ##[group]Runner Image Provisioner
Build & Release	Set up job	2026-01-23T06:49:51.2959254Z Hosted Compute Agent
Build & Release	Set up job	2026-01-23T06:49:51.2959745Z Version: 20260115.477
Build & Release	Set up job	2026-01-23T06:49:51.2960344Z Commit: 4b342d620503cbe250a3154040964899ea7c9b00
Build & Release	Set up job	2026-01-23T06:49:51.2961080Z Build Date: 2026-01-15T22:32:41Z
Build & Release	Set up job	2026-01-23T06:49:51.2961663Z Worker ID: {f0b441ba-0cce-474d-b0d4-41336e64d833}
Build & Release	Set up job	2026-01-23T06:49:51.2962318Z Azure Region: westus3
Build & Release	Set up job	2026-01-23T06:49:51.2962813Z ##[endgroup]
Build & Release	Set up job	2026-01-23T06:49:51.2964060Z ##[group]Operating System
Build & Release	Set up job	2026-01-23T06:49:51.2964640Z Ubuntu
Build & Release	Set up job	2026-01-23T06:49:51.2965030Z 24.04.3
Build & Release	Set up job	2026-01-23T06:49:51.2965454Z LTS
Build & Release	Set up job	2026-01-23T06:49:51.2965929Z ##[endgroup]
Build & Release	Set up job	2026-01-23T06:49:51.2966337Z ##[group]Runner Image
Build & Release	Set up job	2026-01-23T06:49:51.2966808Z Image: ubuntu-24.04
Build & Release	Set up job	2026-01-23T06:49:51.2967248Z Version: 20260119.4.1
Build & Release	Set up job	2026-01-23T06:49:51.2968126Z Included Software: https://github.com/actions/runner-images/blob/ubuntu24/20260119.4/images/ubuntu/Ubuntu2404-Readme.md
Build & Release	Set up job	2026-01-23T06:49:51.2969582Z Image Release: https://github.com/actions/runner-images/releases/tag/ubuntu24%2F20260119.4
Build & Release	Set up job	2026-01-23T06:49:51.2970363Z ##[endgroup]
Build & Release	Set up job	2026-01-23T06:49:51.2971354Z ##[group]GITHUB_TOKEN Permissions
Build & Release	Set up job	2026-01-23T06:49:51.2973115Z Contents: write
Build & Release	Set up job	2026-01-23T06:49:51.2973594Z Metadata: read
Build & Release	Set up job	2026-01-23T06:49:51.2973984Z ##[endgroup]
Build & Release	Set up job	2026-01-23T06:49:51.2975988Z Secret source: Actions
Build & Release	Set up job	2026-01-23T06:49:51.2976563Z Prepare workflow directory
Build & Release	Set up job	2026-01-23T06:49:51.3273110Z Prepare all required actions
Build & Release	Set up job	2026-01-23T06:49:51.3311664Z Getting action download info
Build & Release	Set up job	2026-01-23T06:49:51.7930072Z Download action repository 'actions/checkout@v4' (SHA:34e114876b0b11c390a56381ad16ebd13914f8d5)
Build & Release	Set up job	2026-01-23T06:49:51.8627745Z Download action repository 'actions/setup-java@v4' (SHA:c1e323688fd81a25caa38c78aa6df2d33d3e20d9)
Build & Release	Set up job	2026-01-23T06:49:52.8440806Z Download action repository 'gradle/actions@v4' (SHA:748248ddd2a24f49513d8f472f81c3a07d4d50e1)
Build & Release	Set up job	2026-01-23T06:49:54.4076738Z Download action repository 'actions/upload-artifact@v4' (SHA:ea165f8d65b6e75b540449e92b4886f43607fa02)
Build & Release	Set up job	2026-01-23T06:49:54.4929253Z Download action repository 'softprops/action-gh-release@v1' (SHA:de2c0eb89ae2a093876385947365aca7b0e5f844)
Build & Release	Set up job	2026-01-23T06:49:55.2923412Z Complete job name: Build & Release
Build & Release	Clone repo	ï»¿2026-01-23T06:49:55.3467323Z ##[group]Run actions/checkout@v4
Build & Release	Clone repo	2026-01-23T06:49:55.3467889Z with:
Build & Release	Clone repo	2026-01-23T06:49:55.3468080Z   fetch-depth: 1
Build & Release	Clone repo	2026-01-23T06:49:55.3468290Z   repository: salmanbappi/Anikku-Mod
Build & Release	Clone repo	2026-01-23T06:49:55.3468696Z   token: ***
Build & Release	Clone repo	2026-01-23T06:49:55.3468874Z   ssh-strict: true
Build & Release	Clone repo	2026-01-23T06:49:55.3469056Z   ssh-user: git
Build & Release	Clone repo	2026-01-23T06:49:55.3469254Z   persist-credentials: true
Build & Release	Clone repo	2026-01-23T06:49:55.3469471Z   clean: true
Build & Release	Clone repo	2026-01-23T06:49:55.3469671Z   sparse-checkout-cone-mode: true
Build & Release	Clone repo	2026-01-23T06:49:55.3469903Z   fetch-tags: false
Build & Release	Clone repo	2026-01-23T06:49:55.3470083Z   show-progress: true
Build & Release	Clone repo	2026-01-23T06:49:55.3470272Z   lfs: false
Build & Release	Clone repo	2026-01-23T06:49:55.3470655Z   submodules: false
Build & Release	Clone repo	2026-01-23T06:49:55.3470917Z   set-safe-directory: true
Build & Release	Clone repo	2026-01-23T06:49:55.3471453Z ##[endgroup]
Build & Release	Clone repo	2026-01-23T06:49:55.4453421Z Syncing repository: salmanbappi/Anikku-Mod
Build & Release	Clone repo	2026-01-23T06:49:55.4454730Z ##[group]Getting Git version info
Build & Release	Clone repo	2026-01-23T06:49:55.4455111Z Working directory is '/home/runner/work/Anikku-Mod/Anikku-Mod'
Build & Release	Clone repo	2026-01-23T06:49:55.4455622Z [command]/usr/bin/git version
Build & Release	Clone repo	2026-01-23T06:49:55.4518940Z git version 2.52.0
Build & Release	Clone repo	2026-01-23T06:49:55.4541585Z ##[endgroup]
Build & Release	Clone repo	2026-01-23T06:49:55.4560960Z Temporarily overriding HOME='/home/runner/work/_temp/849dfcfc-e22b-4510-b527-5c2bbe618ffb' before making global git config changes
Build & Release	Clone repo	2026-01-23T06:49:55.4562230Z Adding repository directory to the temporary git global config as a safe directory
Build & Release	Clone repo	2026-01-23T06:49:55.4565843Z [command]/usr/bin/git config --global --add safe.directory /home/runner/work/Anikku-Mod/Anikku-Mod
Build & Release	Clone repo	2026-01-23T06:49:55.4596698Z Deleting the contents of '/home/runner/work/Anikku-Mod/Anikku-Mod'
Build & Release	Clone repo	2026-01-23T06:49:55.4599358Z ##[group]Initializing the repository
Build & Release	Clone repo	2026-01-23T06:49:55.4603437Z [command]/usr/bin/git init /home/runner/work/Anikku-Mod/Anikku-Mod
Build & Release	Clone repo	2026-01-23T06:49:55.4693959Z hint: Using 'master' as the name for the initial branch. This default branch name
Build & Release	Clone repo	2026-01-23T06:49:55.4694787Z hint: will change to "main" in Git 3.0. To configure the initial branch name
Build & Release	Clone repo	2026-01-23T06:49:55.4696873Z hint: to use in all of your new repositories, which will suppress this warning,
Build & Release	Clone repo	2026-01-23T06:49:55.4697752Z hint: call:
Build & Release	Clone repo	2026-01-23T06:49:55.4698088Z hint:
Build & Release	Clone repo	2026-01-23T06:49:55.4698560Z hint: 	git config --global init.defaultBranch <name>
Build & Release	Clone repo	2026-01-23T06:49:55.4699102Z hint:
Build & Release	Clone repo	2026-01-23T06:49:55.4699638Z hint: Names commonly chosen instead of 'master' are 'main', 'trunk' and
Build & Release	Clone repo	2026-01-23T06:49:55.4700788Z hint: 'development'. The just-created branch can be renamed via this command:
Build & Release	Clone repo	2026-01-23T06:49:55.4701525Z hint:
Build & Release	Clone repo	2026-01-23T06:49:55.4701837Z hint: 	git branch -m <name>
Build & Release	Clone repo	2026-01-23T06:49:55.4702175Z hint:
Build & Release	Clone repo	2026-01-23T06:49:55.4702655Z hint: Disable this message with "git config set advice.defaultBranchName false"
Build & Release	Clone repo	2026-01-23T06:49:55.4703603Z Initialized empty Git repository in /home/runner/work/Anikku-Mod/Anikku-Mod/.git/
Build & Release	Clone repo	2026-01-23T06:49:55.4709603Z [command]/usr/bin/git remote add origin https://github.com/salmanbappi/Anikku-Mod
Build & Release	Clone repo	2026-01-23T06:49:55.4737172Z ##[endgroup]
Build & Release	Clone repo	2026-01-23T06:49:55.4737572Z ##[group]Disabling automatic garbage collection
Build & Release	Clone repo	2026-01-23T06:49:55.4741199Z [command]/usr/bin/git config --local gc.auto 0
Build & Release	Clone repo	2026-01-23T06:49:55.4762840Z ##[endgroup]
Build & Release	Clone repo	2026-01-23T06:49:55.4763206Z ##[group]Setting up auth
Build & Release	Clone repo	2026-01-23T06:49:55.4769047Z [command]/usr/bin/git config --local --name-only --get-regexp core\.sshCommand
Build & Release	Clone repo	2026-01-23T06:49:55.4793065Z [command]/usr/bin/git submodule foreach --recursive sh -c "git config --local --name-only --get-regexp 'core\.sshCommand' && git config --local --unset-all 'core.sshCommand' || :"
Build & Release	Clone repo	2026-01-23T06:49:55.5060528Z [command]/usr/bin/git config --local --name-only --get-regexp http\.https\:\/\/github\.com\/\.extraheader
Build & Release	Clone repo	2026-01-23T06:49:55.5085468Z [command]/usr/bin/git submodule foreach --recursive sh -c "git config --local --name-only --get-regexp 'http\.https\:\/\/github\.com\/\.extraheader' && git config --local --unset-all 'http.https://github.com/.extraheader' || :"
Build & Release	Clone repo	2026-01-23T06:49:55.5250941Z [command]/usr/bin/git config --local --name-only --get-regexp ^includeIf\.gitdir:
Build & Release	Clone repo	2026-01-23T06:49:55.5276411Z [command]/usr/bin/git submodule foreach --recursive git config --local --show-origin --name-only --get-regexp remote.origin.url
Build & Release	Clone repo	2026-01-23T06:49:55.5439497Z [command]/usr/bin/git config --local http.https://github.com/.extraheader AUTHORIZATION: basic ***
Build & Release	Clone repo	2026-01-23T06:49:55.5464343Z ##[endgroup]
Build & Release	Clone repo	2026-01-23T06:49:55.5464939Z ##[group]Fetching the repository
Build & Release	Clone repo	2026-01-23T06:49:55.5472243Z [command]/usr/bin/git -c protocol.version=2 fetch --no-tags --prune --no-recurse-submodules --depth=1 origin +9bb93bee5f4d2c198fe7522e99e08648ff284304:refs/remotes/origin/master
Build & Release	Clone repo	2026-01-23T06:49:56.3983121Z From https://github.com/salmanbappi/Anikku-Mod
Build & Release	Clone repo	2026-01-23T06:49:56.3983954Z  * [new ref]         9bb93bee5f4d2c198fe7522e99e08648ff284304 -> origin/master
Build & Release	Clone repo	2026-01-23T06:49:56.4012009Z ##[endgroup]
Build & Release	Clone repo	2026-01-23T06:49:56.4013497Z ##[group]Determining the checkout info
Build & Release	Clone repo	2026-01-23T06:49:56.4014648Z ##[endgroup]
Build & Release	Clone repo	2026-01-23T06:49:56.4019467Z [command]/usr/bin/git sparse-checkout disable
Build & Release	Clone repo	2026-01-23T06:49:56.4054897Z [command]/usr/bin/git config --local --unset-all extensions.worktreeConfig
Build & Release	Clone repo	2026-01-23T06:49:56.4076369Z ##[group]Checking out the ref
Build & Release	Clone repo	2026-01-23T06:49:56.4081386Z [command]/usr/bin/git checkout --progress --force -B master refs/remotes/origin/master
Build & Release	Clone repo	2026-01-23T06:49:56.5131933Z Reset branch 'master'
Build & Release	Clone repo	2026-01-23T06:49:56.5132581Z branch 'master' set up to track 'origin/master'.
Build & Release	Clone repo	2026-01-23T06:49:56.5139758Z ##[endgroup]
Build & Release	Clone repo	2026-01-23T06:49:56.5170200Z [command]/usr/bin/git log -1 --format=%H
Build & Release	Clone repo	2026-01-23T06:49:56.5189391Z 9bb93bee5f4d2c198fe7522e99e08648ff284304
Build & Release	Set up JDK	ï»¿2026-01-23T06:49:56.5387281Z ##[group]Run actions/setup-java@v4
Build & Release	Set up JDK	2026-01-23T06:49:56.5387558Z with:
Build & Release	Set up JDK	2026-01-23T06:49:56.5387735Z   java-version: 17
Build & Release	Set up JDK	2026-01-23T06:49:56.5388040Z   distribution: temurin
Build & Release	Set up JDK	2026-01-23T06:49:56.5388244Z   java-package: jdk
Build & Release	Set up JDK	2026-01-23T06:49:56.5388430Z   check-latest: false
Build & Release	Set up JDK	2026-01-23T06:49:56.5388626Z   server-id: github
Build & Release	Set up JDK	2026-01-23T06:49:56.5388829Z   server-username: GITHUB_ACTOR
Build & Release	Set up JDK	2026-01-23T06:49:56.5389060Z   server-password: GITHUB_TOKEN
Build & Release	Set up JDK	2026-01-23T06:49:56.5389284Z   overwrite-settings: true
Build & Release	Set up JDK	2026-01-23T06:49:56.5389486Z   job-status: success
Build & Release	Set up JDK	2026-01-23T06:49:56.5389800Z   token: ***
Build & Release	Set up JDK	2026-01-23T06:49:56.5389977Z ##[endgroup]
Build & Release	Set up JDK	2026-01-23T06:49:56.7275166Z ##[group]Installed distributions
Build & Release	Set up JDK	2026-01-23T06:49:56.7346306Z Resolved Java 17.0.17+10 from tool-cache
Build & Release	Set up JDK	2026-01-23T06:49:56.7346951Z Setting Java 17.0.17+10 as the default
Build & Release	Set up JDK	2026-01-23T06:49:56.7358351Z Creating toolchains.xml for JDK version 17 from temurin
Build & Release	Set up JDK	2026-01-23T06:49:56.7424552Z Writing to /home/runner/.m2/toolchains.xml
Build & Release	Set up JDK	2026-01-23T06:49:56.7424960Z 
Build & Release	Set up JDK	2026-01-23T06:49:56.7425187Z Java configuration:
Build & Release	Set up JDK	2026-01-23T06:49:56.7426471Z   Distribution: temurin
Build & Release	Set up JDK	2026-01-23T06:49:56.7426837Z   Version: 17.0.17+10
Build & Release	Set up JDK	2026-01-23T06:49:56.7427411Z   Path: /opt/hostedtoolcache/Java_Temurin-Hotspot_jdk/17.0.17-10/x64
Build & Release	Set up JDK	2026-01-23T06:49:56.7427891Z 
Build & Release	Set up JDK	2026-01-23T06:49:56.7428352Z ##[endgroup]
Build & Release	Set up JDK	2026-01-23T06:49:56.7443028Z Creating settings.xml with server-id: github
Build & Release	Set up JDK	2026-01-23T06:49:56.7449815Z Writing to /home/runner/.m2/settings.xml
Build & Release	Set up Gradle	ï»¿2026-01-23T06:49:56.7632221Z ##[group]Run gradle/actions/setup-gradle@v4
Build & Release	Set up Gradle	2026-01-23T06:49:56.7632505Z with:
Build & Release	Set up Gradle	2026-01-23T06:49:56.7632680Z   cache-disabled: false
Build & Release	Set up Gradle	2026-01-23T06:49:56.7632893Z   cache-read-only: false
Build & Release	Set up Gradle	2026-01-23T06:49:56.7633105Z   cache-write-only: false
Build & Release	Set up Gradle	2026-01-23T06:49:56.7633337Z   cache-overwrite-existing: false
Build & Release	Set up Gradle	2026-01-23T06:49:56.7633577Z   cache-cleanup: on-success
Build & Release	Set up Gradle	2026-01-23T06:49:56.7633840Z   gradle-home-cache-includes: caches
Build & Release	Set up Gradle	notifications
Build & Release	Set up Gradle	
Build & Release	Set up Gradle	2026-01-23T06:49:56.7634145Z   add-job-summary: always
Build & Release	Set up Gradle	2026-01-23T06:49:56.7634374Z   add-job-summary-as-pr-comment: never
Build & Release	Set up Gradle	2026-01-23T06:49:56.7634643Z   dependency-graph: disabled
Build & Release	Set up Gradle	2026-01-23T06:49:56.7634923Z   dependency-graph-report-dir: dependency-graph-reports
Build & Release	Set up Gradle	2026-01-23T06:49:56.7635280Z   dependency-graph-continue-on-failure: true
Build & Release	Set up Gradle	2026-01-23T06:49:56.7635546Z   build-scan-publish: false
Build & Release	Set up Gradle	2026-01-23T06:49:56.7635769Z   validate-wrappers: true
Build & Release	Set up Gradle	2026-01-23T06:49:56.7635984Z   allow-snapshot-wrappers: false
Build & Release	Set up Gradle	2026-01-23T06:49:56.7636234Z   gradle-home-cache-strict-match: false
Build & Release	Set up Gradle	2026-01-23T06:49:56.7636532Z   workflow-job-context: null
Build & Release	Set up Gradle	2026-01-23T06:49:56.7636928Z   github-token: ***
Build & Release	Set up Gradle	2026-01-23T06:49:56.7637108Z env:
Build & Release	Set up Gradle	2026-01-23T06:49:56.7637369Z   JAVA_HOME: /opt/hostedtoolcache/Java_Temurin-Hotspot_jdk/17.0.17-10/x64
Build & Release	Set up Gradle	2026-01-23T06:49:56.7637822Z   JAVA_HOME_17_X64: /opt/hostedtoolcache/Java_Temurin-Hotspot_jdk/17.0.17-10/x64
Build & Release	Set up Gradle	2026-01-23T06:49:56.7638166Z ##[endgroup]
Build & Release	Set up Gradle	2026-01-23T06:49:57.1815197Z Merged default JDK locations into /home/runner/.m2/toolchains.xml
Build & Release	Set up Gradle	2026-01-23T06:49:57.1816755Z Preparing cache for cleanup.
Build & Release	Set up Gradle	2026-01-23T06:49:57.1820238Z ##[group]Restore Gradle state from cache
Build & Release	Set up Gradle	2026-01-23T06:49:57.4290825Z Cache hit for restore-key: gradle-home-v1|Linux-X64|build-debug[965596241329c6e509da153a9e0a419a]-c13579afdf28679ab727b5beb10478f2f0e86661
Build & Release	Set up Gradle	2026-01-23T06:49:58.6642628Z Received 33554432 of 122620110 (27.4%), 32.0 MBs/sec
Build & Release	Set up Gradle	2026-01-23T06:49:59.6644631Z Received 118425806 of 122620110 (96.6%), 56.4 MBs/sec
Build & Release	Set up Gradle	2026-01-23T06:50:00.6653071Z Received 118425806 of 122620110 (96.6%), 37.6 MBs/sec
Build & Release	Set up Gradle	2026-01-23T06:50:01.6649828Z Received 118425806 of 122620110 (96.6%), 28.2 MBs/sec
Build & Release	Set up Gradle	2026-01-23T06:50:02.6651247Z Received 118425806 of 122620110 (96.6%), 22.6 MBs/sec
Build & Release	Set up Gradle	2026-01-23T06:50:03.4001868Z Received 122620110 of 122620110 (100.0%), 20.4 MBs/sec
Build & Release	Set up Gradle	2026-01-23T06:50:03.4004737Z Cache Size: ~117 MB (122620110 B)
Build & Release	Set up Gradle	2026-01-23T06:50:03.4032314Z [command]/usr/bin/tar -xf /home/runner/work/_temp/37e45137-1a76-45ec-8368-eae8cdcf8611/cache.tzst -P -C /home/runner/work/Anikku-Mod/Anikku-Mod --use-compress-program unzstd
Build & Release	Set up Gradle	2026-01-23T06:50:03.6563543Z Cache restored successfully
Build & Release	Set up Gradle	2026-01-23T06:50:03.6699233Z Restored cache entry with key gradle-home-v1|Linux-X64|build-debug[965596241329c6e509da153a9e0a419a]-9bb93bee5f4d2c198fe7522e99e08648ff284304 to /home/runner/.gradle/caches,/home/runner/.gradle/notifications,/home/runner/.gradle/.setup-gradle in 6487ms
Build & Release	Set up Gradle	2026-01-23T06:50:03.8761722Z Cache hit for: gradle-generated-gradle-jars-v1-4434c59050703a48bf14168622b59891
Build & Release	Set up Gradle	2026-01-23T06:50:03.8877599Z Cache hit for: gradle-wrapper-zips-v1-5ae5d3da5e8e0c748d04bcdd9bc97bdb
Build & Release	Set up Gradle	2026-01-23T06:50:03.8921698Z Cache hit for: gradle-dependencies-v1-98f314e8c8679f8838a6f2138114d27c
Build & Release	Set up Gradle	2026-01-23T06:50:03.8941602Z Cache hit for: gradle-transforms-v1-a3ad3d70bb6f9ac12fe666875cf9e1d9
Build & Release	Set up Gradle	2026-01-23T06:50:03.8984370Z Cache hit for: gradle-groovy-dsl-v1-d4a7377897597f28b358e99ec1b6930f
Build & Release	Set up Gradle	2026-01-23T06:50:03.8990895Z Cache hit for: gradle-kotlin-dsl-v1-d5ce47fbc9d0493f4a7821e864c43c3a
Build & Release	Set up Gradle	2026-01-23T06:50:03.9109050Z Cache hit for: gradle-instrumented-jars-v1-f09285913f9306773ae9010161571190
Build & Release	Set up Gradle	2026-01-23T06:50:04.5781371Z Received 122260 of 122260 (100.0%), 0.3 MBs/sec
Build & Release	Set up Gradle	2026-01-23T06:50:04.5782347Z Cache Size: ~0 MB (122260 B)
Build & Release	Set up Gradle	2026-01-23T06:50:04.5804468Z [command]/usr/bin/tar -xf /home/runner/work/_temp/49103d6b-6eee-431a-a4c5-2e37ac77bc0c/cache.tzst -P -C /home/runner/work/Anikku-Mod/Anikku-Mod --use-compress-program unzstd
Build & Release	Set up Gradle	2026-01-23T06:50:04.5898909Z Cache restored successfully
Build & Release	Set up Gradle	2026-01-23T06:50:04.5901131Z Restored cache entry with key gradle-instrumented-jars-v1-f09285913f9306773ae9010161571190 to /home/runner/.gradle/caches/jars-*/*/ in 918ms
Build & Release	Set up Gradle	2026-01-23T06:50:04.6552616Z Received 189402 of 189402 (100.0%), 0.4 MBs/sec
Build & Release	Set up Gradle	2026-01-23T06:50:04.6553495Z Cache Size: ~0 MB (189402 B)
Build & Release	Set up Gradle	2026-01-23T06:50:04.6571757Z [command]/usr/bin/tar -xf /home/runner/work/_temp/33e53977-32be-4e82-8855-d764e570a393/cache.tzst -P -C /home/runner/work/Anikku-Mod/Anikku-Mod --use-compress-program unzstd
Build & Release	Set up Gradle	2026-01-23T06:50:04.6783099Z Cache restored successfully
Build & Release	Set up Gradle	2026-01-23T06:50:04.6785660Z Restored cache entry with key gradle-groovy-dsl-v1-d4a7377897597f28b358e99ec1b6930f to /home/runner/.gradle/caches/*/groovy-dsl/*/ in 1006ms
Build & Release	Set up Gradle	2026-01-23T06:50:04.8576597Z Received 1624474 of 1624474 (100.0%), 2.3 MBs/sec
Build & Release	Set up Gradle	2026-01-23T06:50:04.8577387Z Cache Size: ~2 MB (1624474 B)
Build & Release	Set up Gradle	2026-01-23T06:50:04.8742432Z [command]/usr/bin/tar -xf /home/runner/work/_temp/04440901-fb6a-4852-96f2-9986beeb495c/cache.tzst -P -C /home/runner/work/Anikku-Mod/Anikku-Mod --use-compress-program unzstd
Build & Release	Set up Gradle	2026-01-23T06:50:05.1296258Z Received 16777216 of 41092997 (40.8%), 16.0 MBs/sec
Build & Release	Set up Gradle	2026-01-23T06:50:05.1413312Z Received 29360128 of 788787997 (3.7%), 28.0 MBs/sec
Build & Release	Set up Gradle	2026-01-23T06:50:05.1572890Z Received 33554432 of 685696080 (4.9%), 32.0 MBs/sec
Build & Release	Set up Gradle	2026-01-23T06:50:05.1764236Z Received 29360128 of 136706942 (21.5%), 28.0 MBs/sec
Build & Release	Set up Gradle	2026-01-23T06:50:05.2347714Z Received 41092997 of 41092997 (100.0%), 35.4 MBs/sec
Build & Release	Set up Gradle	2026-01-23T06:50:05.2348907Z Cache Size: ~39 MB (41092997 B)
Build & Release	Set up Gradle	2026-01-23T06:50:05.2833441Z Cache restored successfully
Build & Release	Set up Gradle	2026-01-23T06:50:05.2902410Z Restored cache entry with key gradle-kotlin-dsl-v1-d5ce47fbc9d0493f4a7821e864c43c3a to /home/runner/.gradle/caches/*/kotlin-dsl/accessors/*/,/home/runner/.gradle/caches/*/kotlin-dsl/scripts/*/ in 1618ms
Build & Release	Set up Gradle	2026-01-23T06:50:05.2951048Z [command]/usr/bin/tar -xf /home/runner/work/_temp/080446b0-1b8e-4e6b-9637-ca31efb22743/cache.tzst -P -C /home/runner/work/Anikku-Mod/Anikku-Mod --use-compress-program unzstd
Build & Release	Set up Gradle	2026-01-23T06:50:05.5459031Z Cache restored successfully
Build & Release	Set up Gradle	2026-01-23T06:50:05.5584832Z Restored cache entry with key gradle-generated-gradle-jars-v1-4434c59050703a48bf14168622b59891 to /home/runner/.gradle/caches/8.14.3/generated-gradle-jars/gradle-api-8.14.3.jar in 1888ms
Build & Release	Set up Gradle	2026-01-23T06:50:06.1553522Z Received 150994944 of 788787997 (19.1%), 71.5 MBs/sec
Build & Release	Set up Gradle	2026-01-23T06:50:06.1585695Z Received 134217728 of 685696080 (19.6%), 63.9 MBs/sec
Build & Release	Set up Gradle	2026-01-23T06:50:06.1772655Z Received 134217728 of 136706942 (98.2%), 63.9 MBs/sec
Build & Release	Set up Gradle	2026-01-23T06:50:06.2569769Z Received 136706942 of 136706942 (100.0%), 62.6 MBs/sec
Build & Release	Set up Gradle	2026-01-23T06:50:06.2572061Z Cache Size: ~130 MB (136706942 B)
Build & Release	Set up Gradle	2026-01-23T06:50:06.2597187Z [command]/usr/bin/tar -xf /home/runner/work/_temp/a7b71647-5e04-4d68-8260-324d4e5cf4b4/cache.tzst -P -C /home/runner/work/Anikku-Mod/Anikku-Mod --use-compress-program unzstd
Build & Release	Set up Gradle	2026-01-23T06:50:06.4307101Z Cache restored successfully
Build & Release	Set up Gradle	2026-01-23T06:50:06.4488316Z Restored cache entry with key gradle-wrapper-zips-v1-5ae5d3da5e8e0c748d04bcdd9bc97bdb to /home/runner/.gradle/wrapper/dists/gradle-8.14.3-bin/cv11ve7ro1n3o1j4so8xd9n66 in 2778ms
Build & Release	Set up Gradle	2026-01-23T06:50:07.1607693Z Received 301989888 of 788787997 (38.3%), 95.4 MBs/sec
Build & Release	Set up Gradle	2026-01-23T06:50:07.1609069Z Received 268435456 of 685696080 (39.1%), 85.2 MBs/sec
Build & Release	Set up Gradle	2026-01-23T06:50:08.1631789Z Received 469762048 of 788787997 (59.6%), 111.5 MBs/sec
Build & Release	Set up Gradle	2026-01-23T06:50:08.1632594Z Received 402653184 of 685696080 (58.7%), 95.9 MBs/sec
Build & Release	Set up Gradle	2026-01-23T06:50:09.1624825Z Received 612368384 of 788787997 (77.6%), 116.3 MBs/sec
Build & Release	Set up Gradle	2026-01-23T06:50:09.1625566Z Received 562036736 of 685696080 (82.0%), 107.1 MBs/sec
Build & Release	Set up Gradle	2026-01-23T06:50:10.1625884Z Received 763363328 of 788787997 (96.8%), 120.9 MBs/sec
Build & Release	Set up Gradle	2026-01-23T06:50:10.1631949Z Received 681501776 of 685696080 (99.4%), 108.2 MBs/sec
Build & Release	Set up Gradle	2026-01-23T06:50:10.2100681Z Received 685696080 of 685696080 (100.0%), 108.0 MBs/sec
Build & Release	Set up Gradle	2026-01-23T06:50:10.2103228Z Cache Size: ~654 MB (685696080 B)
Build & Release	Set up Gradle	2026-01-23T06:50:10.2266979Z [command]/usr/bin/tar -xf /home/runner/work/_temp/61287471-8a33-48eb-99fe-1f48d22d8988/cache.tzst -P -C /home/runner/work/Anikku-Mod/Anikku-Mod --use-compress-program unzstd
Build & Release	Set up Gradle	2026-01-23T06:50:10.3687013Z Received 788787997 of 788787997 (100.0%), 120.8 MBs/sec
Build & Release	Set up Gradle	2026-01-23T06:50:10.3688147Z Cache Size: ~752 MB (788787997 B)
Build & Release	Set up Gradle	2026-01-23T06:50:10.3875295Z [command]/usr/bin/tar -xf /home/runner/work/_temp/46383dca-f0fe-4d3e-9c9a-754188c8b51e/cache.tzst -P -C /home/runner/work/Anikku-Mod/Anikku-Mod --use-compress-program unzstd
Build & Release	Set up Gradle	2026-01-23T06:50:11.6138210Z Cache restored successfully
Build & Release	Set up Gradle	2026-01-23T06:50:11.7111260Z Restored cache entry with key gradle-dependencies-v1-98f314e8c8679f8838a6f2138114d27c to /home/runner/.gradle/caches/modules-*/files-*/*/*/*/* in 8039ms
Build & Release	Set up Gradle	2026-01-23T06:50:17.6305285Z Cache restored successfully
Build & Release	Set up Gradle	2026-01-23T06:50:17.7078688Z Restored cache entry with key gradle-transforms-v1-a3ad3d70bb6f9ac12fe666875cf9e1d9 to /home/runner/.gradle/caches/transforms-4/*/,/home/runner/.gradle/caches/*/transforms/*/ in 14035ms
Build & Release	Set up Gradle	2026-01-23T06:50:17.7285357Z ##[endgroup]
Build & Release	Set up Gradle	2026-01-23T06:50:17.7665775Z ##[group]All Gradle Wrapper jars are valid
Build & Release	Set up Gradle	2026-01-23T06:50:17.7667195Z âœ“ Found known Gradle Wrapper JAR files:
Build & Release	Set up Gradle	2026-01-23T06:50:17.7668096Z   7d3a4ac4de1c32b59bc6a4eb8ecb8e612ccd0cf1ae1e99f66902da64df296172 gradle/wrapper/gradle-wrapper.jar
Build & Release	Set up Gradle	2026-01-23T06:50:17.7668939Z ##[endgroup]
Build & Release	Build Debug APK	ï»¿2026-01-23T06:50:17.7822042Z ##[group]Run ./gradlew assembleDebug -Pinclude-telemetry=false -Penable-updater=false --no-daemon
Build & Release	Build Debug APK	2026-01-23T06:50:17.7822868Z [36;1m./gradlew assembleDebug -Pinclude-telemetry=false -Penable-updater=false --no-daemon[0m
Build & Release	Build Debug APK	2026-01-23T06:50:17.7844785Z shell: /usr/bin/bash -e {0}
Build & Release	Build Debug APK	2026-01-23T06:50:17.7845206Z env:
Build & Release	Build Debug APK	2026-01-23T06:50:17.7845643Z   JAVA_HOME: /opt/hostedtoolcache/Java_Temurin-Hotspot_jdk/17.0.17-10/x64
Build & Release	Build Debug APK	2026-01-23T06:50:17.7846303Z   JAVA_HOME_17_X64: /opt/hostedtoolcache/Java_Temurin-Hotspot_jdk/17.0.17-10/x64
Build & Release	Build Debug APK	2026-01-23T06:50:17.7846828Z   GRADLE_ACTION_ID: gradle/actions/setup-gradle
Build & Release	Build Debug APK	2026-01-23T06:50:17.7847258Z   GRADLE_USER_HOME: /home/runner/.gradle
Build & Release	Build Debug APK	2026-01-23T06:50:17.7847679Z   GRADLE_BUILD_ACTION_SETUP_COMPLETED: true
Build & Release	Build Debug APK	2026-01-23T06:50:17.7848113Z   GRADLE_BUILD_ACTION_CACHE_RESTORED: true
Build & Release	Build Debug APK	2026-01-23T06:50:17.7848675Z   DEVELOCITY_INJECTION_INIT_SCRIPT_NAME: gradle-actions.inject-develocity.init.gradle
Build & Release	Build Debug APK	2026-01-23T06:50:17.7849291Z   DEVELOCITY_INJECTION_CUSTOM_VALUE: gradle-actions
Build & Release	Build Debug APK	2026-01-23T06:50:17.7849818Z   GITHUB_DEPENDENCY_GRAPH_ENABLED: false
Build & Release	Build Debug APK	2026-01-23T06:50:17.7850223Z ##[endgroup]
Build & Release	Build Debug APK	2026-01-23T06:50:19.6562851Z To honour the JVM settings for this build a single-use Daemon process will be forked. For more on this, please refer to https://docs.gradle.org/8.14.3/userguide/gradle_daemon.html#sec:disabling_the_daemon in the Gradle documentation.
Build & Release	Build Debug APK	2026-01-23T06:50:20.6548919Z Daemon will be stopped at the end of the build 
Build & Release	Build Debug APK	2026-01-23T06:50:20.9556293Z Configuration on demand is an incubating feature.
Build & Release	Build Debug APK	2026-01-23T06:50:23.8564662Z Type-safe project accessors is an incubating feature.
Build & Release	Build Debug APK	2026-01-23T06:50:27.6579988Z > Task :buildSrc:checkKotlinGradlePluginConfigurationErrors SKIPPED
Build & Release	Build Debug APK	2026-01-23T06:50:27.8563998Z > Task :buildSrc:generateExternalPluginSpecBuilders FROM-CACHE
Build & Release	Build Debug APK	2026-01-23T06:50:27.8564869Z > Task :buildSrc:extractPrecompiledScriptPluginPlugins FROM-CACHE
Build & Release	Build Debug APK	2026-01-23T06:50:28.0573446Z > Task :buildSrc:compilePluginsBlocks FROM-CACHE
Build & Release	Build Debug APK	2026-01-23T06:50:28.2549269Z > Task :buildSrc:generatePrecompiledScriptPluginAccessors FROM-CACHE
Build & Release	Build Debug APK	2026-01-23T06:50:28.3548544Z > Task :buildSrc:generateScriptPluginAdapters FROM-CACHE
Build & Release	Build Debug APK	2026-01-23T06:50:28.7567268Z > Task :buildSrc:compileKotlin FROM-CACHE
Build & Release	Build Debug APK	2026-01-23T06:50:28.7567952Z > Task :buildSrc:compileJava NO-SOURCE
Build & Release	Build Debug APK	2026-01-23T06:50:28.7568501Z > Task :buildSrc:compileGroovy NO-SOURCE
Build & Release	Build Debug APK	2026-01-23T06:50:28.7569064Z > Task :buildSrc:pluginDescriptors
Build & Release	Build Debug APK	2026-01-23T06:50:28.8551009Z > Task :buildSrc:processResources
Build & Release	Build Debug APK	2026-01-23T06:50:28.8583219Z > Task :buildSrc:classes
Build & Release	Build Debug APK	2026-01-23T06:50:29.1576638Z > Task :buildSrc:jar
Build & Release	Build Debug APK	2026-01-23T06:50:37.9549373Z > Task :data:preBuild UP-TO-DATE
Build & Release	Build Debug APK	2026-01-23T06:50:37.9550146Z > Task :core-metadata:preBuild UP-TO-DATE
Build & Release	Build Debug APK	2026-01-23T06:50:37.9550882Z > Task :domain:preBuild UP-TO-DATE
Build & Release	Build Debug APK	2026-01-23T06:50:37.9555265Z > Task :domain:preDebugBuild UP-TO-DATE
Build & Release	Build Debug APK	2026-01-23T06:50:37.9579107Z > Task :core-metadata:preDebugBuild UP-TO-DATE
Build & Release	Build Debug APK	2026-01-23T06:50:37.9579881Z > Task :data:preDebugBuild UP-TO-DATE
Build & Release	Build Debug APK	2026-01-23T06:50:37.9580686Z > Task :domain:generateDebugResValues FROM-CACHE
Build & Release	Build Debug APK	2026-01-23T06:50:37.9581476Z > Task :data:generateDebugResValues FROM-CACHE
Build & Release	Build Debug APK	2026-01-23T06:50:37.9584512Z > Task :core-metadata:generateDebugResValues FROM-CACHE
Build & Release	Build Debug APK	2026-01-23T06:50:37.9585482Z > Task :core-metadata:generateDebugResources FROM-CACHE
Build & Release	Build Debug APK	2026-01-23T06:50:37.9586301Z > Task :domain:generateDebugResources FROM-CACHE
Build & Release	Build Debug APK	2026-01-23T06:50:37.9587066Z > Task :data:generateDebugResources FROM-CACHE
Build & Release	Build Debug APK	2026-01-23T06:50:38.0553280Z > Task :domain:packageDebugResources FROM-CACHE
Build & Release	Build Debug APK	2026-01-23T06:50:38.0561194Z > Task :data:packageDebugResources FROM-CACHE
Build & Release	Build Debug APK	2026-01-23T06:50:38.0567175Z > Task :flagkit:preBuild UP-TO-DATE
Build & Release	Build Debug APK	2026-01-23T06:50:38.0568159Z > Task :flagkit:preDebugBuild UP-TO-DATE
Build & Release	Build Debug APK	2026-01-23T06:50:38.0569043Z > Task :i18n:generateLocalesConfig UP-TO-DATE
Build & Release	Build Debug APK	2026-01-23T06:50:38.0570626Z > Task :flagkit:generateDebugResValues FROM-CACHE
Build & Release	Build Debug APK	2026-01-23T06:50:38.0600869Z > Task :flagkit:generateDebugResources FROM-CACHE
Build & Release	Build Debug APK	2026-01-23T06:50:38.0611371Z > Task :i18n:generateMRcommonMain FROM-CACHE
Build & Release	Build Debug APK	2026-01-23T06:50:38.0612608Z > Task :i18n:generateMRandroidDebug SKIPPED
Build & Release	Build Debug APK	2026-01-23T06:50:38.1551891Z > Task :flagkit:packageDebugResources FROM-CACHE
Build & Release	Build Debug APK	2026-01-23T06:50:38.1552696Z > Task :i18n-ank:generateMRcommonMain FROM-CACHE
Build & Release	Build Debug APK	2026-01-23T06:50:38.1553417Z > Task :i18n-ank:generateMRandroidDebug SKIPPED
Build & Release	Build Debug APK	2026-01-23T06:50:38.1554271Z > Task :i18n-ank:generateMRandroidInstrumentedTest FROM-CACHE
Build & Release	Build Debug APK	2026-01-23T06:50:38.1555208Z > Task :i18n-ank:generateMRandroidInstrumentedTestDebug SKIPPED
Build & Release	Build Debug APK	2026-01-23T06:50:38.1556075Z > Task :i18n-ank:generateMRandroidMain FROM-CACHE
Build & Release	Build Debug APK	2026-01-23T06:50:38.1556683Z > Task :i18n-ank:generateMRandroidRelease SKIPPED
Build & Release	Build Debug APK	2026-01-23T06:50:38.4603419Z > Task :i18n:generateMRandroidInstrumentedTest FROM-CACHE
Build & Release	Build Debug APK	2026-01-23T06:50:38.4604568Z > Task :i18n:generateMRandroidInstrumentedTestDebug SKIPPED
Build & Release	Build Debug APK	2026-01-23T06:50:38.4605407Z > Task :i18n-ank:generateMRcommonTest FROM-CACHE
Build & Release	Build Debug APK	2026-01-23T06:50:38.4606284Z > Task :core-metadata:packageDebugResources FROM-CACHE
Build & Release	Build Debug APK	2026-01-23T06:50:38.5578624Z > Task :i18n-ank:generateMRandroidUnitTest FROM-CACHE
Build & Release	Build Debug APK	2026-01-23T06:50:38.5579775Z > Task :i18n-ank:generateMRandroidUnitTestDebug SKIPPED
Build & Release	Build Debug APK	2026-01-23T06:50:38.5580790Z > Task :i18n-ank:generateMRandroidUnitTestRelease SKIPPED
Build & Release	Build Debug APK	2026-01-23T06:50:38.5581500Z > Task :i18n-ank:preBuild UP-TO-DATE
Build & Release	Build Debug APK	2026-01-23T06:50:38.5582090Z > Task :i18n-ank:preDebugBuild UP-TO-DATE
Build & Release	Build Debug APK	2026-01-23T06:50:38.5582731Z > Task :i18n-ank:generateDebugResValues FROM-CACHE
Build & Release	Build Debug APK	2026-01-23T06:50:38.5583683Z > Task :i18n-kmk:generateMRcommonMain FROM-CACHE
Build & Release	Build Debug APK	2026-01-23T06:50:38.5584314Z > Task :i18n-kmk:generateMRandroidDebug SKIPPED
Build & Release	Build Debug APK	2026-01-23T06:50:38.5584943Z > Task :i18n-ank:generateDebugResources FROM-CACHE
Build & Release	Build Debug APK	2026-01-23T06:50:38.5600109Z > Task :i18n-kmk:generateMRandroidInstrumentedTest FROM-CACHE
Build & Release	Build Debug APK	2026-01-23T06:50:38.5601251Z > Task :i18n-kmk:generateMRandroidInstrumentedTestDebug SKIPPED
Build & Release	Build Debug APK	2026-01-23T06:50:38.5601880Z > Task :i18n-kmk:generateMRandroidMain FROM-CACHE
Build & Release	Build Debug APK	2026-01-23T06:50:38.5602420Z > Task :i18n-kmk:generateMRandroidRelease SKIPPED
Build & Release	Build Debug APK	2026-01-23T06:50:38.5602987Z > Task :i18n-kmk:generateMRcommonTest FROM-CACHE
Build & Release	Build Debug APK	2026-01-23T06:50:38.5603520Z > Task :i18n-ank:packageDebugResources FROM-CACHE
Build & Release	Build Debug APK	2026-01-23T06:50:38.6556306Z > Task :i18n-kmk:generateMRandroidUnitTest FROM-CACHE
Build & Release	Build Debug APK	2026-01-23T06:50:38.6594013Z > Task :i18n-kmk:generateMRandroidUnitTestDebug SKIPPED
Build & Release	Build Debug APK	2026-01-23T06:50:38.6609801Z > Task :i18n-kmk:generateMRandroidUnitTestRelease SKIPPED
Build & Release	Build Debug APK	2026-01-23T06:50:38.6612057Z > Task :i18n-kmk:preBuild UP-TO-DATE
Build & Release	Build Debug APK	2026-01-23T06:50:38.6612866Z > Task :i18n-kmk:preDebugBuild UP-TO-DATE
Build & Release	Build Debug APK	2026-01-23T06:50:38.6613546Z > Task :i18n-kmk:generateDebugResValues FROM-CACHE
Build & Release	Build Debug APK	2026-01-23T06:50:38.6614246Z > Task :i18n-kmk:generateDebugResources FROM-CACHE
Build & Release	Build Debug APK	2026-01-23T06:50:38.6614947Z > Task :i18n-sy:generateMRcommonMain FROM-CACHE
Build & Release	Build Debug APK	2026-01-23T06:50:38.6615604Z > Task :i18n-sy:generateMRandroidDebug SKIPPED
Build & Release	Build Debug APK	2026-01-23T06:50:38.6616323Z > Task :i18n-sy:generateMRandroidInstrumentedTest FROM-CACHE
Build & Release	Build Debug APK	2026-01-23T06:50:38.6617214Z > Task :i18n-sy:generateMRandroidInstrumentedTestDebug SKIPPED
Build & Release	Build Debug APK	2026-01-23T06:50:38.6618026Z > Task :i18n-kmk:packageDebugResources FROM-CACHE
Build & Release	Build Debug APK	2026-01-23T06:50:38.6618692Z > Task :presentation-core:preBuild UP-TO-DATE
Build & Release	Build Debug APK	2026-01-23T06:50:38.6620782Z > Task :presentation-core:preDebugBuild UP-TO-DATE
Build & Release	Build Debug APK	2026-01-23T06:50:38.6621651Z > Task :presentation-core:generateDebugResValues FROM-CACHE
Build & Release	Build Debug APK	2026-01-23T06:50:38.6623729Z > Task :presentation-core:generateDebugResources FROM-CACHE
Build & Release	Build Debug APK	2026-01-23T06:50:38.7564466Z > Task :i18n:generateMRandroidMain FROM-CACHE
Build & Release	Build Debug APK	2026-01-23T06:50:38.7571147Z > Task :i18n:generateMRandroidRelease SKIPPED
Build & Release	Build Debug APK	2026-01-23T06:50:38.7576607Z > Task :presentation-core:packageDebugResources FROM-CACHE
Build & Release	Build Debug APK	2026-01-23T06:50:38.7579989Z > Task :presentation-widget:preBuild UP-TO-DATE
Build & Release	Build Debug APK	2026-01-23T06:50:38.7582926Z > Task :presentation-widget:preDebugBuild UP-TO-DATE
Build & Release	Build Debug APK	2026-01-23T06:50:38.7621411Z > Task :presentation-widget:generateDebugResValues FROM-CACHE
Build & Release	Build Debug APK	2026-01-23T06:50:38.7675646Z > Task :i18n:generateMRcommonTest FROM-CACHE
Build & Release	Build Debug APK	2026-01-23T06:50:38.7676569Z > Task :i18n-sy:generateMRandroidMain FROM-CACHE
Build & Release	Build Debug APK	2026-01-23T06:50:38.7679428Z > Task :i18n-sy:generateMRandroidRelease SKIPPED
Build & Release	Build Debug APK	2026-01-23T06:50:38.7680366Z > Task :presentation-widget:generateDebugResources FROM-CACHE
Build & Release	Build Debug APK	2026-01-23T06:50:38.7681457Z > Task :i18n:generateMRandroidUnitTest FROM-CACHE
Build & Release	Build Debug APK	2026-01-23T06:50:38.7682216Z > Task :i18n:generateMRandroidUnitTestDebug SKIPPED
Build & Release	Build Debug APK	2026-01-23T06:50:38.7683025Z > Task :i18n:generateMRandroidUnitTestRelease SKIPPED
Build & Release	Build Debug APK	2026-01-23T06:50:38.7683776Z > Task :i18n:preBuild UP-TO-DATE
Build & Release	Build Debug APK	2026-01-23T06:50:38.7684471Z > Task :i18n-sy:generateMRcommonTest FROM-CACHE
Build & Release	Build Debug APK	2026-01-23T06:50:38.7687504Z > Task :i18n:preDebugBuild UP-TO-DATE
Build & Release	Build Debug APK	2026-01-23T06:50:38.7688262Z > Task :i18n-sy:generateMRandroidUnitTest FROM-CACHE
Build & Release	Build Debug APK	2026-01-23T06:50:38.7689074Z > Task :i18n:generateDebugResValues FROM-CACHE
Build & Release	Build Debug APK	2026-01-23T06:50:38.7689825Z > Task :i18n-sy:generateMRandroidUnitTestDebug SKIPPED
Build & Release	Build Debug APK	2026-01-23T06:50:38.7690776Z > Task :i18n-sy:generateMRandroidUnitTestRelease SKIPPED
Build & Release	Build Debug APK	2026-01-23T06:50:38.7691502Z > Task :i18n-sy:preBuild UP-TO-DATE
Build & Release	Build Debug APK	2026-01-23T06:50:38.7692106Z > Task :i18n-sy:preDebugBuild UP-TO-DATE
Build & Release	Build Debug APK	2026-01-23T06:50:38.7692905Z > Task :presentation-widget:packageDebugResources FROM-CACHE
Build & Release	Build Debug APK	2026-01-23T06:50:38.7693671Z > Task :source-api:preBuild UP-TO-DATE
Build & Release	Build Debug APK	2026-01-23T06:50:38.7694183Z > Task :source-api:preDebugBuild UP-TO-DATE
Build & Release	Build Debug APK	2026-01-23T06:50:38.7694693Z > Task :i18n-sy:generateDebugResValues FROM-CACHE
Build & Release	Build Debug APK	2026-01-23T06:50:38.7695227Z > Task :i18n:generateDebugResources FROM-CACHE
Build & Release	Build Debug APK	2026-01-23T06:50:38.7696060Z > Task :source-api:generateDebugResValues FROM-CACHE
Build & Release	Build Debug APK	2026-01-23T06:50:38.7696625Z > Task :i18n-sy:generateDebugResources FROM-CACHE
Build & Release	Build Debug APK	2026-01-23T06:50:38.7697237Z > Task :source-api:generateDebugResources FROM-CACHE
Build & Release	Build Debug APK	2026-01-23T06:50:38.7697946Z > Task :source-api:packageDebugResources FROM-CACHE
Build & Release	Build Debug APK	2026-01-23T06:50:38.7698562Z > Task :source-local:preBuild UP-TO-DATE
Build & Release	Build Debug APK	2026-01-23T06:50:38.7699102Z > Task :source-local:preDebugBuild UP-TO-DATE
Build & Release	Build Debug APK	2026-01-23T06:50:38.7699732Z > Task :source-local:generateDebugResValues FROM-CACHE
Build & Release	Build Debug APK	2026-01-23T06:50:38.7700542Z > Task :source-local:generateDebugResources FROM-CACHE
Build & Release	Build Debug APK	2026-01-23T06:50:38.7701221Z > Task :source-local:packageDebugResources FROM-CACHE
Build & Release	Build Debug APK	2026-01-23T06:50:38.7701788Z > Task :telemetry:preBuild UP-TO-DATE
Build & Release	Build Debug APK	2026-01-23T06:50:38.7702344Z > Task :telemetry:preDebugBuild UP-TO-DATE
Build & Release	Build Debug APK	2026-01-23T06:50:38.7702956Z > Task :telemetry:generateDebugResValues FROM-CACHE
Build & Release	Build Debug APK	2026-01-23T06:50:38.7703614Z > Task :telemetry:generateDebugResources FROM-CACHE
Build & Release	Build Debug APK	2026-01-23T06:50:38.8578875Z > Task :telemetry:packageDebugResources FROM-CACHE
Build & Release	Build Debug APK	2026-01-23T06:50:38.8583194Z > Task :core:archive:preBuild UP-TO-DATE
Build & Release	Build Debug APK	2026-01-23T06:50:38.8586903Z > Task :core:archive:preDebugBuild UP-TO-DATE
Build & Release	Build Debug APK	2026-01-23T06:50:38.8590905Z > Task :core:archive:generateDebugResValues FROM-CACHE
Build & Release	Build Debug APK	2026-01-23T06:50:38.8594632Z > Task :core:archive:generateDebugResources FROM-CACHE
Build & Release	Build Debug APK	2026-01-23T06:50:38.8626261Z > Task :i18n-sy:packageDebugResources FROM-CACHE
Build & Release	Build Debug APK	2026-01-23T06:50:38.8627009Z > Task :core:archive:packageDebugResources FROM-CACHE
Build & Release	Build Debug APK	2026-01-23T06:50:38.8627707Z > Task :core:common:preBuild UP-TO-DATE
Build & Release	Build Debug APK	2026-01-23T06:50:38.8628291Z > Task :core:common:preDebugBuild UP-TO-DATE
Build & Release	Build Debug APK	2026-01-23T06:50:38.8628926Z > Task :core:common:generateDebugResValues FROM-CACHE
Build & Release	Build Debug APK	2026-01-23T06:50:38.8629588Z > Task :core:common:generateDebugResources FROM-CACHE
Build & Release	Build Debug APK	2026-01-23T06:50:38.8630205Z > Task :core:common:packageDebugResources FROM-CACHE
Build & Release	Build Debug APK	2026-01-23T06:50:38.9578739Z > Task :core-metadata:writeDebugAarMetadata
Build & Release	Build Debug APK	2026-01-23T06:50:38.9579670Z > Task :data:writeDebugAarMetadata
Build & Release	Build Debug APK	2026-01-23T06:50:38.9580330Z > Task :flagkit:writeDebugAarMetadata
Build & Release	Build Debug APK	2026-01-23T06:50:38.9583343Z > Task :domain:writeDebugAarMetadata
Build & Release	Build Debug APK	2026-01-23T06:50:38.9588505Z > Task :i18n-ank:writeDebugAarMetadata
Build & Release	Build Debug APK	2026-01-23T06:50:38.9590078Z > Task :i18n-kmk:writeDebugAarMetadata
Build & Release	Build Debug APK	2026-01-23T06:50:38.9591488Z > Task :i18n:packageDebugResources FROM-CACHE
Build & Release	Build Debug APK	2026-01-23T06:50:38.9592749Z > Task :i18n:writeDebugAarMetadata
Build & Release	Build Debug APK	2026-01-23T06:50:38.9594000Z > Task :presentation-core:writeDebugAarMetadata
Build & Release	Build Debug APK	2026-01-23T06:50:38.9595557Z > Task :i18n-sy:writeDebugAarMetadata
Build & Release	Build Debug APK	2026-01-23T06:50:38.9596847Z > Task :presentation-widget:writeDebugAarMetadata
Build & Release	Build Debug APK	2026-01-23T06:50:38.9598162Z > Task :source-api:writeDebugAarMetadata
Build & Release	Build Debug APK	2026-01-23T06:50:38.9599373Z > Task :source-local:writeDebugAarMetadata
Build & Release	Build Debug APK	2026-01-23T06:50:39.0587000Z > Task :telemetry:writeDebugAarMetadata
Build & Release	Build Debug APK	2026-01-23T06:50:39.0595007Z > Task :core:common:writeDebugAarMetadata
Build & Release	Build Debug APK	2026-01-23T06:50:39.0596442Z > Task :core:archive:writeDebugAarMetadata
Build & Release	Build Debug APK	2026-01-23T06:50:39.0597787Z > Task :domain:extractDeepLinksDebug FROM-CACHE
Build & Release	Build Debug APK	2026-01-23T06:50:39.0598938Z > Task :core-metadata:extractDeepLinksDebug FROM-CACHE
Build & Release	Build Debug APK	2026-01-23T06:50:39.0600213Z > Task :data:extractDeepLinksDebug FROM-CACHE
Build & Release	Build Debug APK	2026-01-23T06:50:39.0601683Z > Task :data:processDebugManifest FROM-CACHE
Build & Release	Build Debug APK	2026-01-23T06:50:39.0603055Z > Task :domain:processDebugManifest FROM-CACHE
Build & Release	Build Debug APK	2026-01-23T06:50:39.0604753Z > Task :core-metadata:processDebugManifest FROM-CACHE
Build & Release	Build Debug APK	2026-01-23T06:50:39.0606265Z > Task :i18n:extractDeepLinksDebug FROM-CACHE
Build & Release	Build Debug APK	2026-01-23T06:50:39.0639973Z > Task :flagkit:extractDeepLinksDebug FROM-CACHE
Build & Release	Build Debug APK	2026-01-23T06:50:39.0640790Z > Task :i18n-ank:extractDeepLinksDebug FROM-CACHE
Build & Release	Build Debug APK	2026-01-23T06:50:39.0641397Z > Task :i18n:processDebugManifest FROM-CACHE
Build & Release	Build Debug APK	2026-01-23T06:50:39.0641953Z > Task :flagkit:processDebugManifest FROM-CACHE
Build & Release	Build Debug APK	2026-01-23T06:50:39.0642598Z > Task :i18n-ank:processDebugManifest FROM-CACHE
Build & Release	Build Debug APK	2026-01-23T06:50:39.0643236Z > Task :i18n-kmk:extractDeepLinksDebug FROM-CACHE
Build & Release	Build Debug APK	2026-01-23T06:50:39.0644058Z > Task :i18n-sy:extractDeepLinksDebug FROM-CACHE
Build & Release	Build Debug APK	2026-01-23T06:50:39.0644774Z > Task :presentation-core:extractDeepLinksDebug FROM-CACHE
Build & Release	Build Debug APK	2026-01-23T06:50:39.0645465Z > Task :i18n-sy:processDebugManifest FROM-CACHE
Build & Release	Build Debug APK	2026-01-23T06:50:39.0646074Z > Task :i18n-kmk:processDebugManifest FROM-CACHE
Build & Release	Build Debug APK	2026-01-23T06:50:39.0646774Z > Task :presentation-widget:extractDeepLinksDebug FROM-CACHE
Build & Release	Build Debug APK	2026-01-23T06:50:39.0647480Z > Task :source-api:extractDeepLinksDebug FROM-CACHE
Build & Release	Build Debug APK	2026-01-23T06:50:39.0648097Z > Task :presentation-core:processDebugManifest FROM-CACHE
Build & Release	Build Debug APK	2026-01-23T06:50:39.0648711Z > Task :source-api:processDebugManifest FROM-CACHE
Build & Release	Build Debug APK	2026-01-23T06:50:39.0649357Z > Task :presentation-widget:processDebugManifest FROM-CACHE
Build & Release	Build Debug APK	2026-01-23T06:50:39.0650036Z > Task :telemetry:extractDeepLinksDebug FROM-CACHE
Build & Release	Build Debug APK	2026-01-23T06:50:39.0670905Z > Task :app:preBuild UP-TO-DATE
Build & Release	Build Debug APK	2026-01-23T06:50:39.0671447Z > Task :app:preDebugBuild UP-TO-DATE
Build & Release	Build Debug APK	2026-01-23T06:50:39.0672074Z > Task :app:mergeDebugNativeDebugMetadata NO-SOURCE
Build & Release	Build Debug APK	2026-01-23T06:50:39.0672728Z > Task :source-local:extractDeepLinksDebug FROM-CACHE
Build & Release	Build Debug APK	2026-01-23T06:50:39.0673378Z > Task :app:checkKotlinGradlePluginConfigurationErrors SKIPPED
Build & Release	Build Debug APK	2026-01-23T06:50:39.0673993Z > Task :core:archive:extractDeepLinksDebug FROM-CACHE
Build & Release	Build Debug APK	2026-01-23T06:50:39.1574535Z > Task :telemetry:processDebugManifest FROM-CACHE
Build & Release	Build Debug APK	2026-01-23T06:50:39.1581617Z > Task :core:common:extractDeepLinksDebug FROM-CACHE
Build & Release	Build Debug APK	2026-01-23T06:50:39.1582651Z > Task :core:archive:processDebugManifest FROM-CACHE
Build & Release	Build Debug APK	2026-01-23T06:50:39.1583546Z > Task :source-local:processDebugManifest FROM-CACHE
Build & Release	Build Debug APK	2026-01-23T06:50:39.1584471Z > Task :core-metadata:compileDebugLibraryResources FROM-CACHE
Build & Release	Build Debug APK	2026-01-23T06:50:39.1585466Z > Task :core:common:processDebugManifest FROM-CACHE
Build & Release	Build Debug APK	2026-01-23T06:50:39.1586297Z > Task :core-metadata:parseDebugLocalResources FROM-CACHE
Build & Release	Build Debug APK	2026-01-23T06:50:39.1587128Z > Task :i18n:parseDebugLocalResources FROM-CACHE
Build & Release	Build Debug APK	2026-01-23T06:50:39.1587916Z > Task :source-api:parseDebugLocalResources FROM-CACHE
Build & Release	Build Debug APK	2026-01-23T06:50:39.1588772Z > Task :core:common:parseDebugLocalResources FROM-CACHE
Build & Release	Build Debug APK	2026-01-23T06:50:39.1589565Z > Task :i18n-sy:parseDebugLocalResources FROM-CACHE
Build & Release	Build Debug APK	2026-01-23T06:50:39.1590323Z > Task :data:compileDebugLibraryResources FROM-CACHE
Build & Release	Build Debug APK	2026-01-23T06:50:39.1591165Z > Task :data:parseDebugLocalResources FROM-CACHE
Build & Release	Build Debug APK	2026-01-23T06:50:39.1591866Z > Task :domain:parseDebugLocalResources FROM-CACHE
Build & Release	Build Debug APK	2026-01-23T06:50:39.1592560Z > Task :i18n-ank:parseDebugLocalResources FROM-CACHE
Build & Release	Build Debug APK	2026-01-23T06:50:39.2548090Z > Task :i18n-ank:generateDebugRFile FROM-CACHE
Build & Release	Build Debug APK	2026-01-23T06:50:39.2552917Z > Task :i18n-sy:generateDebugRFile FROM-CACHE
Build & Release	Build Debug APK	2026-01-23T06:50:39.2558027Z > Task :i18n:generateDebugRFile FROM-CACHE
Build & Release	Build Debug APK	2026-01-23T06:50:39.2561197Z > Task :domain:compileDebugLibraryResources FROM-CACHE
Build & Release	Build Debug APK	2026-01-23T06:50:39.2564175Z > Task :i18n:compileDebugLibraryResources FROM-CACHE
Build & Release	Build Debug APK	2026-01-23T06:50:39.2565797Z > Task :i18n-ank:compileDebugLibraryResources FROM-CACHE
Build & Release	Build Debug APK	2026-01-23T06:50:39.2568136Z > Task :i18n-kmk:compileDebugLibraryResources FROM-CACHE
Build & Release	Build Debug APK	2026-01-23T06:50:39.3575271Z > Task :i18n-kmk:parseDebugLocalResources FROM-CACHE
Build & Release	Build Debug APK	2026-01-23T06:50:39.3576342Z > Task :flagkit:compileDebugLibraryResources FROM-CACHE
Build & Release	Build Debug APK	2026-01-23T06:50:39.3577205Z > Task :flagkit:parseDebugLocalResources FROM-CACHE
Build & Release	Build Debug APK	2026-01-23T06:50:39.3578118Z > Task :i18n-sy:compileDebugLibraryResources FROM-CACHE
Build & Release	Build Debug APK	2026-01-23T06:50:39.3579075Z > Task :presentation-core:compileDebugLibraryResources FROM-CACHE
Build & Release	Build Debug APK	2026-01-23T06:50:39.3580014Z > Task :i18n-kmk:generateDebugRFile FROM-CACHE
Build & Release	Build Debug APK	2026-01-23T06:50:39.3581011Z > Task :presentation-core:parseDebugLocalResources FROM-CACHE
Build & Release	Build Debug APK	2026-01-23T06:50:39.3581957Z > Task :source-api:compileDebugLibraryResources FROM-CACHE
Build & Release	Build Debug APK	2026-01-23T06:50:39.3582876Z > Task :source-local:compileDebugLibraryResources FROM-CACHE
Build & Release	Build Debug APK	2026-01-23T06:50:39.3583910Z > Task :presentation-widget:compileDebugLibraryResources FROM-CACHE
Build & Release	Build Debug APK	2026-01-23T06:50:39.3584857Z > Task :source-local:parseDebugLocalResources FROM-CACHE
Build & Release	Build Debug APK	2026-01-23T06:50:39.3586089Z > Task :core:archive:parseDebugLocalResources FROM-CACHE
Build & Release	Build Debug APK	2026-01-23T06:50:39.3587014Z > Task :presentation-widget:parseDebugLocalResources FROM-CACHE
Build & Release	Build Debug APK	2026-01-23T06:50:39.3587964Z > Task :core:archive:compileDebugLibraryResources FROM-CACHE
Build & Release	Build Debug APK	2026-01-23T06:50:39.3589039Z > Task :core-metadata:checkKotlinGradlePluginConfigurationErrors SKIPPED
Build & Release	Build Debug APK	2026-01-23T06:50:39.3590061Z > Task :source-api:kmpPartiallyResolvedDependenciesChecker
Build & Release	Build Debug APK	2026-01-23T06:50:39.3591060Z > Task :telemetry:compileDebugLibraryResources FROM-CACHE
Build & Release	Build Debug APK	2026-01-23T06:50:39.3592092Z > Task :source-api:checkKotlinGradlePluginConfigurationErrors SKIPPED
Build & Release	Build Debug APK	2026-01-23T06:50:39.3593074Z > Task :i18n:kmpPartiallyResolvedDependenciesChecker
Build & Release	Build Debug APK	2026-01-23T06:50:39.3593938Z > Task :i18n:checkKotlinGradlePluginConfigurationErrors SKIPPED
Build & Release	Build Debug APK	2026-01-23T06:50:39.3613676Z > Task :telemetry:parseDebugLocalResources FROM-CACHE
Build & Release	Build Debug APK	2026-01-23T06:50:39.3614414Z > Task :telemetry:generateDebugRFile FROM-CACHE
Build & Release	Build Debug APK	2026-01-23T06:50:39.3615123Z > Task :i18n-sy:kmpPartiallyResolvedDependenciesChecker
Build & Release	Build Debug APK	2026-01-23T06:50:39.3616010Z > Task :i18n-sy:checkKotlinGradlePluginConfigurationErrors SKIPPED
Build & Release	Build Debug APK	2026-01-23T06:50:39.5549527Z > Task :core:common:generateDebugRFile FROM-CACHE
Build & Release	Build Debug APK	2026-01-23T06:50:39.6554864Z > Task :i18n-sy:compileDebugKotlinAndroid FROM-CACHE
Build & Release	Build Debug APK	2026-01-23T06:50:39.6563465Z > Task :i18n:compileDebugKotlinAndroid FROM-CACHE
Build & Release	Build Debug APK	2026-01-23T06:50:39.6564523Z > Task :source-api:generateDebugRFile FROM-CACHE
Build & Release	Build Debug APK	2026-01-23T06:50:39.7561118Z > Task :flagkit:generateDebugRFile FROM-CACHE
Build & Release	Build Debug APK	2026-01-23T06:50:39.7596080Z > Task :core-metadata:generateDebugRFile FROM-CACHE
Build & Release	Build Debug APK	2026-01-23T06:50:39.8548440Z > Task :core:archive:generateDebugRFile FROM-CACHE
Build & Release	Build Debug APK	2026-01-23T06:50:39.8550074Z > Task :core:common:compileDebugLibraryResources FROM-CACHE
Build & Release	Build Debug APK	2026-01-23T06:50:39.8551126Z > Task :i18n:javaPreCompileDebug FROM-CACHE
Build & Release	Build Debug APK	2026-01-23T06:50:39.8551837Z > Task :i18n:compileDebugJavaWithJavac NO-SOURCE
Build & Release	Build Debug APK	2026-01-23T06:50:39.9547350Z > Task :i18n:bundleLibCompileToJarDebug
Build & Release	Build Debug APK	2026-01-23T06:50:39.9552262Z > Task :i18n-sy:javaPreCompileDebug FROM-CACHE
Build & Release	Build Debug APK	2026-01-23T06:50:39.9555145Z > Task :i18n-sy:compileDebugJavaWithJavac NO-SOURCE
Build & Release	Build Debug APK	2026-01-23T06:50:40.0558623Z > Task :i18n-sy:bundleLibCompileToJarDebug
Build & Release	Build Debug APK	2026-01-23T06:50:40.0560651Z > Task :core:common:checkKotlinGradlePluginConfigurationErrors SKIPPED
Build & Release	Build Debug APK	2026-01-23T06:50:40.0562855Z > Task :presentation-core:generateDebugRFile FROM-CACHE
Build & Release	Build Debug APK	2026-01-23T06:50:40.0564764Z > Task :source-api:javaPreCompileDebug FROM-CACHE
Build & Release	Build Debug APK	2026-01-23T06:50:40.0565463Z > Task :core-metadata:javaPreCompileDebug FROM-CACHE
Build & Release	Build Debug APK	2026-01-23T06:50:40.0566228Z > Task :data:checkKotlinGradlePluginConfigurationErrors SKIPPED
Build & Release	Build Debug APK	2026-01-23T06:50:40.1551503Z > Task :domain:generateDebugRFile FROM-CACHE
Build & Release	Build Debug APK	2026-01-23T06:50:40.4568086Z > Task :data:generateDebugDatabaseInterface FROM-CACHE
Build & Release	Build Debug APK	2026-01-23T06:50:40.4569096Z > Task :presentation-widget:generateDebugRFile FROM-CACHE
Build & Release	Build Debug APK	2026-01-23T06:50:40.4569908Z > Task :app:generateDebugResValues FROM-CACHE
Build & Release	Build Debug APK	2026-01-23T06:50:40.4570827Z > Task :app:dataBindingMergeDependencyArtifactsDebug
Build & Release	Build Debug APK	2026-01-23T06:50:40.4571633Z > Task :core:common:compileDebugKotlin FROM-CACHE
Build & Release	Build Debug APK	2026-01-23T06:50:40.5547009Z > Task :app:generateDebugResources FROM-CACHE
Build & Release	Build Debug APK	2026-01-23T06:50:40.5547671Z > Task :core:common:javaPreCompileDebug FROM-CACHE
Build & Release	Build Debug APK	2026-01-23T06:50:40.5556332Z > Task :core:common:compileDebugJavaWithJavac NO-SOURCE
Build & Release	Build Debug APK	2026-01-23T06:50:40.5557111Z > Task :source-local:generateDebugRFile FROM-CACHE
Build & Release	Build Debug APK	2026-01-23T06:50:40.5558106Z > Task :domain:checkKotlinGradlePluginConfigurationErrors SKIPPED
Build & Release	Build Debug APK	2026-01-23T06:50:40.5558900Z > Task :i18n-ank:kmpPartiallyResolvedDependenciesChecker
Build & Release	Build Debug APK	2026-01-23T06:50:40.5602053Z > Task :i18n-ank:checkKotlinGradlePluginConfigurationErrors SKIPPED
Build & Release	Build Debug APK	2026-01-23T06:50:40.5603000Z > Task :data:generateDebugRFile FROM-CACHE
Build & Release	Build Debug APK	2026-01-23T06:50:40.5603777Z > Task :core:common:bundleLibCompileToJarDebug
Build & Release	Build Debug APK	2026-01-23T06:50:40.5604514Z > Task :domain:javaPreCompileDebug FROM-CACHE
Build & Release	Build Debug APK	2026-01-23T06:50:40.5605228Z > Task :data:javaPreCompileDebug FROM-CACHE
Build & Release	Build Debug APK	2026-01-23T06:50:40.5606214Z > Task :flagkit:checkKotlinGradlePluginConfigurationErrors SKIPPED
Build & Release	Build Debug APK	2026-01-23T06:50:40.6553588Z > Task :flagkit:compileDebugKotlin FROM-CACHE
Build & Release	Build Debug APK	2026-01-23T06:50:40.6557105Z > Task :flagkit:javaPreCompileDebug FROM-CACHE
Build & Release	Build Debug APK	2026-01-23T06:50:40.6558033Z > Task :flagkit:compileDebugJavaWithJavac NO-SOURCE
Build & Release	Build Debug APK	2026-01-23T06:50:40.6558950Z > Task :i18n-ank:compileDebugKotlinAndroid FROM-CACHE
Build & Release	Build Debug APK	2026-01-23T06:50:40.6559705Z > Task :flagkit:bundleLibCompileToJarDebug
Build & Release	Build Debug APK	2026-01-23T06:50:40.6560635Z > Task :i18n-kmk:kmpPartiallyResolvedDependenciesChecker
Build & Release	Build Debug APK	2026-01-23T06:50:40.6561474Z > Task :i18n-ank:javaPreCompileDebug FROM-CACHE
Build & Release	Build Debug APK	2026-01-23T06:50:40.6562385Z > Task :i18n-kmk:checkKotlinGradlePluginConfigurationErrors SKIPPED
Build & Release	Build Debug APK	2026-01-23T06:50:40.6563286Z > Task :i18n-ank:compileDebugJavaWithJavac NO-SOURCE
Build & Release	Build Debug APK	2026-01-23T06:50:40.6564032Z > Task :i18n-ank:bundleLibCompileToJarDebug
Build & Release	Build Debug APK	2026-01-23T06:50:40.6564892Z > Task :presentation-core:checkKotlinGradlePluginConfigurationErrors SKIPPED
Build & Release	Build Debug APK	2026-01-23T06:50:40.6565850Z > Task :source-api:compileDebugKotlinAndroid FROM-CACHE
Build & Release	Build Debug APK	2026-01-23T06:50:40.6566680Z > Task :source-api:compileDebugJavaWithJavac NO-SOURCE
Build & Release	Build Debug APK	2026-01-23T06:50:40.7547018Z > Task :i18n-kmk:compileDebugKotlinAndroid FROM-CACHE
Build & Release	Build Debug APK	2026-01-23T06:50:40.7562570Z > Task :source-api:bundleLibCompileToJarDebug
Build & Release	Build Debug APK	2026-01-23T06:50:40.7563201Z > Task :i18n-kmk:javaPreCompileDebug FROM-CACHE
Build & Release	Build Debug APK	2026-01-23T06:50:40.8548772Z > Task :core-metadata:compileDebugKotlin FROM-CACHE
Build & Release	Build Debug APK	2026-01-23T06:50:40.8552270Z > Task :core-metadata:compileDebugJavaWithJavac NO-SOURCE
Build & Release	Build Debug APK	2026-01-23T06:50:40.8555084Z > Task :core-metadata:bundleLibCompileToJarDebug
Build & Release	Build Debug APK	2026-01-23T06:50:40.8557849Z > Task :i18n-kmk:compileDebugJavaWithJavac NO-SOURCE
Build & Release	Build Debug APK	2026-01-23T06:50:40.8561461Z > Task :i18n-kmk:bundleLibCompileToJarDebug
Build & Release	Build Debug APK	2026-01-23T06:50:40.8563245Z > Task :presentation-widget:checkKotlinGradlePluginConfigurationErrors SKIPPED
Build & Release	Build Debug APK	2026-01-23T06:50:40.8565090Z > Task :presentation-widget:javaPreCompileDebug FROM-CACHE
Build & Release	Build Debug APK	2026-01-23T06:50:40.8566789Z > Task :source-local:kmpPartiallyResolvedDependenciesChecker
Build & Release	Build Debug APK	2026-01-23T06:50:40.8568621Z > Task :source-local:checkKotlinGradlePluginConfigurationErrors SKIPPED
Build & Release	Build Debug APK	2026-01-23T06:50:40.8570597Z > Task :core:archive:checkKotlinGradlePluginConfigurationErrors SKIPPED
Build & Release	Build Debug APK	2026-01-23T06:50:40.9553737Z > Task :presentation-core:compileDebugKotlin FROM-CACHE
Build & Release	Build Debug APK	2026-01-23T06:50:40.9556963Z > Task :presentation-core:javaPreCompileDebug FROM-CACHE
Build & Release	Build Debug APK	2026-01-23T06:50:40.9559936Z > Task :presentation-core:compileDebugJavaWithJavac NO-SOURCE
Build & Release	Build Debug APK	2026-01-23T06:50:40.9563029Z > Task :presentation-core:bundleLibCompileToJarDebug
Build & Release	Build Debug APK	2026-01-23T06:50:40.9565780Z > Task :core:archive:compileDebugKotlin FROM-CACHE
Build & Release	Build Debug APK	2026-01-23T06:50:40.9568790Z > Task :source-local:javaPreCompileDebug FROM-CACHE
Build & Release	Build Debug APK	2026-01-23T06:50:40.9571858Z > Task :telemetry:checkKotlinGradlePluginConfigurationErrors SKIPPED
Build & Release	Build Debug APK	2026-01-23T06:50:40.9573021Z > Task :core:archive:javaPreCompileDebug FROM-CACHE
Build & Release	Build Debug APK	2026-01-23T06:50:40.9573683Z > Task :core:archive:compileDebugJavaWithJavac NO-SOURCE
Build & Release	Build Debug APK	2026-01-23T06:50:40.9574333Z > Task :core:archive:bundleLibCompileToJarDebug
Build & Release	Build Debug APK	2026-01-23T06:50:40.9574938Z > Task :domain:compileDebugKotlin FROM-CACHE
Build & Release	Build Debug APK	2026-01-23T06:50:40.9575524Z > Task :domain:compileDebugJavaWithJavac NO-SOURCE
Build & Release	Build Debug APK	2026-01-23T06:50:40.9576753Z > Task :telemetry:compileDebugKotlin FROM-CACHE
Build & Release	Build Debug APK	2026-01-23T06:50:41.0585057Z > Task :telemetry:javaPreCompileDebug FROM-CACHE
Build & Release	Build Debug APK	2026-01-23T06:50:41.0586159Z > Task :telemetry:compileDebugJavaWithJavac NO-SOURCE
Build & Release	Build Debug APK	2026-01-23T06:50:41.0588675Z > Task :telemetry:bundleLibCompileToJarDebug
Build & Release	Build Debug APK	2026-01-23T06:50:41.0589241Z > Task :domain:bundleLibCompileToJarDebug
Build & Release	Build Debug APK	2026-01-23T06:50:41.0592569Z > Task :data:mergeDebugShaders
Build & Release	Build Debug APK	2026-01-23T06:50:41.0593110Z > Task :core-metadata:mergeDebugShaders
Build & Release	Build Debug APK	2026-01-23T06:50:41.0593658Z > Task :app:prepareDebugShortcutXML
Build & Release	Build Debug APK	2026-01-23T06:50:41.0594278Z > Task :app:prepareLibraryDefinitionsDebug FROM-CACHE
Build & Release	Build Debug APK	2026-01-23T06:50:41.1548719Z > Task :presentation-widget:compileDebugKotlin FROM-CACHE
Build & Release	Build Debug APK	2026-01-23T06:50:41.1552552Z > Task :source-local:compileDebugKotlinAndroid FROM-CACHE
Build & Release	Build Debug APK	2026-01-23T06:50:41.1555840Z > Task :presentation-widget:compileDebugJavaWithJavac NO-SOURCE
Build & Release	Build Debug APK	2026-01-23T06:50:41.1559499Z > Task :source-local:compileDebugJavaWithJavac NO-SOURCE
Build & Release	Build Debug APK	2026-01-23T06:50:41.1562800Z > Task :presentation-widget:bundleLibCompileToJarDebug
Build & Release	Build Debug APK	2026-01-23T06:50:41.1565936Z > Task :core-metadata:compileDebugShaders NO-SOURCE
Build & Release	Build Debug APK	2026-01-23T06:50:41.1568647Z > Task :core-metadata:generateDebugAssets UP-TO-DATE
Build & Release	Build Debug APK	2026-01-23T06:50:41.1571798Z > Task :core-metadata:mergeDebugAssets
Build & Release	Build Debug APK	2026-01-23T06:50:41.2550360Z > Task :data:compileDebugKotlin FROM-CACHE
Build & Release	Build Debug APK	2026-01-23T06:50:41.2551670Z > Task :data:compileDebugJavaWithJavac NO-SOURCE
Build & Release	Build Debug APK	2026-01-23T06:50:41.2552500Z > Task :data:bundleLibCompileToJarDebug
Build & Release	Build Debug APK	2026-01-23T06:50:41.2556387Z > Task :data:compileDebugShaders NO-SOURCE
Build & Release	Build Debug APK	2026-01-23T06:50:41.2557391Z > Task :data:generateDebugAssets UP-TO-DATE
Build & Release	Build Debug APK	2026-01-23T06:50:41.2558241Z > Task :source-local:bundleLibCompileToJarDebug
Build & Release	Build Debug APK	2026-01-23T06:50:41.2559025Z > Task :domain:mergeDebugShaders
Build & Release	Build Debug APK	2026-01-23T06:50:41.2559757Z > Task :domain:compileDebugShaders NO-SOURCE
Build & Release	Build Debug APK	2026-01-23T06:50:41.2560603Z > Task :domain:generateDebugAssets UP-TO-DATE
Build & Release	Build Debug APK	2026-01-23T06:50:41.2561295Z > Task :flagkit:mergeDebugShaders
Build & Release	Build Debug APK	2026-01-23T06:50:41.2561939Z > Task :flagkit:compileDebugShaders NO-SOURCE
Build & Release	Build Debug APK	2026-01-23T06:50:41.2562615Z > Task :flagkit:generateDebugAssets UP-TO-DATE
Build & Release	Build Debug APK	2026-01-23T06:50:41.2563274Z > Task :data:mergeDebugAssets
Build & Release	Build Debug APK	2026-01-23T06:50:41.2563841Z > Task :domain:mergeDebugAssets
Build & Release	Build Debug APK	2026-01-23T06:50:41.2564434Z > Task :flagkit:mergeDebugAssets
Build & Release	Build Debug APK	2026-01-23T06:50:41.2565026Z > Task :i18n:mergeDebugShaders
Build & Release	Build Debug APK	2026-01-23T06:50:41.2565660Z > Task :i18n-kmk:mergeDebugShaders
Build & Release	Build Debug APK	2026-01-23T06:50:41.2566281Z > Task :i18n-ank:mergeDebugShaders
Build & Release	Build Debug APK	2026-01-23T06:50:41.2566943Z > Task :i18n:compileDebugShaders NO-SOURCE
Build & Release	Build Debug APK	2026-01-23T06:50:41.2567631Z > Task :i18n-ank:compileDebugShaders NO-SOURCE
Build & Release	Build Debug APK	2026-01-23T06:50:41.2568303Z > Task :i18n-kmk:compileDebugShaders NO-SOURCE
Build & Release	Build Debug APK	2026-01-23T06:50:41.2568998Z > Task :i18n:debugAssetsCopyForAGP NO-SOURCE
Build & Release	Build Debug APK	2026-01-23T06:50:41.2569719Z > Task :i18n:generateDebugAssets UP-TO-DATE
Build & Release	Build Debug APK	2026-01-23T06:50:41.2570560Z > Task :i18n-kmk:debugAssetsCopyForAGP NO-SOURCE
Build & Release	Build Debug APK	2026-01-23T06:50:41.2582460Z > Task :i18n-ank:debugAssetsCopyForAGP NO-SOURCE
Build & Release	Build Debug APK	2026-01-23T06:50:41.2583987Z > Task :i18n-kmk:generateDebugAssets UP-TO-DATE
Build & Release	Build Debug APK	2026-01-23T06:50:41.2584578Z > Task :i18n-ank:generateDebugAssets UP-TO-DATE
Build & Release	Build Debug APK	2026-01-23T06:50:41.3549546Z > Task :i18n:mergeDebugAssets
Build & Release	Build Debug APK	2026-01-23T06:50:41.3552612Z > Task :i18n-ank:mergeDebugAssets
Build & Release	Build Debug APK	2026-01-23T06:50:41.3555248Z > Task :i18n-kmk:mergeDebugAssets
Build & Release	Build Debug APK	2026-01-23T06:50:41.3557760Z > Task :i18n-sy:mergeDebugShaders
Build & Release	Build Debug APK	2026-01-23T06:50:41.3560636Z > Task :i18n-sy:compileDebugShaders NO-SOURCE
Build & Release	Build Debug APK	2026-01-23T06:50:41.3573264Z > Task :i18n-sy:debugAssetsCopyForAGP NO-SOURCE
Build & Release	Build Debug APK	2026-01-23T06:50:41.3576016Z > Task :i18n-sy:generateDebugAssets UP-TO-DATE
Build & Release	Build Debug APK	2026-01-23T06:50:41.3578791Z > Task :presentation-core:mergeDebugShaders
Build & Release	Build Debug APK	2026-01-23T06:50:41.3581729Z > Task :presentation-core:compileDebugShaders NO-SOURCE
Build & Release	Build Debug APK	2026-01-23T06:50:41.3584616Z > Task :presentation-core:generateDebugAssets UP-TO-DATE
Build & Release	Build Debug APK	2026-01-23T06:50:41.3586696Z > Task :presentation-widget:mergeDebugShaders
Build & Release	Build Debug APK	2026-01-23T06:50:41.3588516Z > Task :presentation-widget:compileDebugShaders NO-SOURCE
Build & Release	Build Debug APK	2026-01-23T06:50:41.3589648Z > Task :presentation-widget:generateDebugAssets UP-TO-DATE
Build & Release	Build Debug APK	2026-01-23T06:50:41.3590564Z > Task :i18n-sy:mergeDebugAssets
Build & Release	Build Debug APK	2026-01-23T06:50:41.3592427Z > Task :presentation-core:mergeDebugAssets
Build & Release	Build Debug APK	2026-01-23T06:50:41.3593614Z > Task :presentation-widget:mergeDebugAssets
Build & Release	Build Debug APK	2026-01-23T06:50:41.3594170Z > Task :source-api:mergeDebugShaders
Build & Release	Build Debug APK	2026-01-23T06:50:41.3594747Z > Task :source-api:compileDebugShaders NO-SOURCE
Build & Release	Build Debug APK	2026-01-23T06:50:41.3595347Z > Task :source-api:debugAssetsCopyForAGP NO-SOURCE
Build & Release	Build Debug APK	2026-01-23T06:50:41.3595959Z > Task :source-api:generateDebugAssets UP-TO-DATE
Build & Release	Build Debug APK	2026-01-23T06:50:41.3596546Z > Task :source-local:mergeDebugShaders
Build & Release	Build Debug APK	2026-01-23T06:50:41.3597111Z > Task :source-local:compileDebugShaders NO-SOURCE
Build & Release	Build Debug APK	2026-01-23T06:50:41.3597681Z > Task :telemetry:mergeDebugShaders
Build & Release	Build Debug APK	2026-01-23T06:50:41.3598539Z > Task :source-local:debugAssetsCopyForAGP NO-SOURCE
Build & Release	Build Debug APK	2026-01-23T06:50:41.3599161Z > Task :source-local:generateDebugAssets UP-TO-DATE
Build & Release	Build Debug APK	2026-01-23T06:50:41.3599804Z > Task :telemetry:compileDebugShaders NO-SOURCE
Build & Release	Build Debug APK	2026-01-23T06:50:41.3600334Z > Task :telemetry:generateDebugAssets UP-TO-DATE
Build & Release	Build Debug APK	2026-01-23T06:50:41.3600931Z > Task :source-api:mergeDebugAssets
Build & Release	Build Debug APK	2026-01-23T06:50:41.3601411Z > Task :source-local:mergeDebugAssets
Build & Release	Build Debug APK	2026-01-23T06:50:41.3601887Z > Task :core:archive:mergeDebugShaders
Build & Release	Build Debug APK	2026-01-23T06:50:41.3602461Z > Task :core:archive:compileDebugShaders NO-SOURCE
Build & Release	Build Debug APK	2026-01-23T06:50:41.3603095Z > Task :core:archive:generateDebugAssets UP-TO-DATE
Build & Release	Build Debug APK	2026-01-23T06:50:41.3603645Z > Task :telemetry:mergeDebugAssets
Build & Release	Build Debug APK	2026-01-23T06:50:41.3604151Z > Task :core:common:mergeDebugShaders
Build & Release	Build Debug APK	2026-01-23T06:50:41.3604615Z > Task :core:archive:mergeDebugAssets
Build & Release	Build Debug APK	2026-01-23T06:50:41.3605103Z > Task :core:common:compileDebugShaders NO-SOURCE
Build & Release	Build Debug APK	2026-01-23T06:50:41.3605624Z > Task :core:common:generateDebugAssets UP-TO-DATE
Build & Release	Build Debug APK	2026-01-23T06:50:41.3606162Z > Task :source-local:bundleLibRuntimeToJarDebug
Build & Release	Build Debug APK	2026-01-23T06:50:41.3606653Z > Task :core:common:mergeDebugAssets
Build & Release	Build Debug APK	2026-01-23T06:50:41.3607119Z > Task :core:archive:bundleLibRuntimeToJarDebug
Build & Release	Build Debug APK	2026-01-23T06:50:41.3607639Z > Task :core-metadata:bundleLibRuntimeToJarDebug
Build & Release	Build Debug APK	2026-01-23T06:50:41.4562618Z > Task :presentation-widget:bundleLibRuntimeToJarDebug
Build & Release	Build Debug APK	2026-01-23T06:50:41.4563359Z > Task :source-api:bundleLibRuntimeToJarDebug
Build & Release	Build Debug APK	2026-01-23T06:50:41.4563958Z > Task :data:bundleLibRuntimeToJarDebug
Build & Release	Build Debug APK	2026-01-23T06:50:41.4564480Z > Task :domain:bundleLibRuntimeToJarDebug
Build & Release	Build Debug APK	2026-01-23T06:50:41.4565067Z > Task :flagkit:bundleLibRuntimeToJarDebug
Build & Release	Build Debug APK	2026-01-23T06:50:41.5571702Z > Task :presentation-core:bundleLibRuntimeToJarDebug
Build & Release	Build Debug APK	2026-01-23T06:50:41.5577409Z > Task :core:common:bundleLibRuntimeToJarDebug
Build & Release	Build Debug APK	2026-01-23T06:50:41.5584472Z > Task :i18n:bundleLibRuntimeToJarDebug
Build & Release	Build Debug APK	2026-01-23T06:50:41.6563977Z > Task :i18n-kmk:bundleLibRuntimeToJarDebug
Build & Release	Build Debug APK	2026-01-23T06:50:41.6586282Z > Task :i18n-sy:bundleLibRuntimeToJarDebug
Build & Release	Build Debug APK	2026-01-23T06:50:41.6590653Z > Task :i18n-ank:bundleLibRuntimeToJarDebug
Build & Release	Build Debug APK	2026-01-23T06:50:41.6591495Z > Task :telemetry:bundleLibRuntimeToJarDebug
Build & Release	Build Debug APK	2026-01-23T06:50:41.6592167Z > Task :core-metadata:processDebugJavaRes
Build & Release	Build Debug APK	2026-01-23T06:50:41.6593001Z > Task :data:processDebugJavaRes
Build & Release	Build Debug APK	2026-01-23T06:50:41.6593590Z > Task :flagkit:processDebugJavaRes
Build & Release	Build Debug APK	2026-01-23T06:50:41.6594173Z > Task :i18n:processDebugJavaRes
Build & Release	Build Debug APK	2026-01-23T06:50:41.6594957Z > Task :domain:processDebugJavaRes
Build & Release	Build Debug APK	2026-01-23T06:50:41.6595525Z > Task :i18n-ank:processDebugJavaRes
Build & Release	Build Debug APK	2026-01-23T06:50:41.7574614Z > Task :i18n-kmk:processDebugJavaRes
Build & Release	Build Debug APK	2026-01-23T06:50:41.7575593Z > Task :i18n-sy:processDebugJavaRes
Build & Release	Build Debug APK	2026-01-23T06:50:41.7576304Z > Task :presentation-core:processDebugJavaRes
Build & Release	Build Debug APK	2026-01-23T06:50:41.7577064Z > Task :presentation-widget:processDebugJavaRes
Build & Release	Build Debug APK	2026-01-23T06:50:41.7577773Z > Task :source-api:processDebugJavaRes
Build & Release	Build Debug APK	2026-01-23T06:50:41.7578428Z > Task :source-local:processDebugJavaRes
Build & Release	Build Debug APK	2026-01-23T06:50:41.7579132Z > Task :telemetry:processDebugJavaRes
Build & Release	Build Debug APK	2026-01-23T06:50:41.7579775Z > Task :core:archive:processDebugJavaRes
Build & Release	Build Debug APK	2026-01-23T06:50:41.7580608Z > Task :core:common:processDebugJavaRes
Build & Release	Build Debug APK	2026-01-23T06:50:41.7581338Z > Task :core-metadata:bundleLibRuntimeToDirDebug
Build & Release	Build Debug APK	2026-01-23T06:50:41.7582093Z > Task :core:archive:bundleLibRuntimeToDirDebug
Build & Release	Build Debug APK	2026-01-23T06:50:41.7582842Z > Task :source-local:bundleLibRuntimeToDirDebug
Build & Release	Build Debug APK	2026-01-23T06:50:41.8546659Z > Task :presentation-widget:bundleLibRuntimeToDirDebug
Build & Release	Build Debug APK	2026-01-23T06:50:41.8549732Z > Task :app:mergeDebugResources FROM-CACHE
Build & Release	Build Debug APK	2026-01-23T06:50:41.8552542Z > Task :source-api:bundleLibRuntimeToDirDebug
Build & Release	Build Debug APK	2026-01-23T06:50:41.9547482Z > Task :data:bundleLibRuntimeToDirDebug
Build & Release	Build Debug APK	2026-01-23T06:50:41.9548146Z > Task :domain:bundleLibRuntimeToDirDebug
Build & Release	Build Debug APK	2026-01-23T06:50:42.0599511Z > Task :app:dataBindingGenBaseClassesDebug FROM-CACHE
Build & Release	Build Debug APK	2026-01-23T06:50:42.0600299Z > Task :flagkit:bundleLibRuntimeToDirDebug
Build & Release	Build Debug APK	2026-01-23T06:50:42.0625113Z > Task :presentation-core:bundleLibRuntimeToDirDebug
Build & Release	Build Debug APK	2026-01-23T06:50:42.1548136Z > Task :i18n:bundleLibRuntimeToDirDebug
Build & Release	Build Debug APK	2026-01-23T06:50:42.1551434Z > Task :app:generateDebugBuildConfig
Build & Release	Build Debug APK	2026-01-23T06:50:42.1554237Z > Task :i18n-kmk:bundleLibRuntimeToDirDebug
Build & Release	Build Debug APK	2026-01-23T06:50:42.1557182Z > Task :i18n-ank:bundleLibRuntimeToDirDebug
Build & Release	Build Debug APK	2026-01-23T06:50:42.1558057Z > Task :core:common:bundleLibRuntimeToDirDebug
Build & Release	Build Debug APK	2026-01-23T06:50:42.1558896Z > Task :i18n-sy:bundleLibRuntimeToDirDebug
Build & Release	Build Debug APK	2026-01-23T06:50:42.1561255Z > Task :data:mergeDebugJniLibFolders
Build & Release	Build Debug APK	2026-01-23T06:50:42.2562056Z > Task :core-metadata:mergeDebugJniLibFolders
Build & Release	Build Debug APK	2026-01-23T06:50:42.2563089Z > Task :data:mergeDebugNativeLibs NO-SOURCE
Build & Release	Build Debug APK	2026-01-23T06:50:42.2563881Z > Task :telemetry:bundleLibRuntimeToDirDebug
Build & Release	Build Debug APK	2026-01-23T06:50:42.2564685Z > Task :data:copyDebugJniLibsProjectOnly
Build & Release	Build Debug APK	2026-01-23T06:50:42.2565424Z > Task :core-metadata:mergeDebugNativeLibs NO-SOURCE
Build & Release	Build Debug APK	2026-01-23T06:50:42.2566169Z > Task :domain:mergeDebugJniLibFolders
Build & Release	Build Debug APK	2026-01-23T06:50:42.2566894Z > Task :core-metadata:copyDebugJniLibsProjectOnly
Build & Release	Build Debug APK	2026-01-23T06:50:42.2567744Z > Task :domain:mergeDebugNativeLibs NO-SOURCE
Build & Release	Build Debug APK	2026-01-23T06:50:42.2568400Z > Task :flagkit:mergeDebugJniLibFolders
Build & Release	Build Debug APK	2026-01-23T06:50:42.2569076Z > Task :domain:copyDebugJniLibsProjectOnly
Build & Release	Build Debug APK	2026-01-23T06:50:42.2569746Z > Task :flagkit:mergeDebugNativeLibs NO-SOURCE
Build & Release	Build Debug APK	2026-01-23T06:50:42.2570584Z > Task :flagkit:copyDebugJniLibsProjectOnly
Build & Release	Build Debug APK	2026-01-23T06:50:42.2571244Z > Task :i18n:mergeDebugJniLibFolders
Build & Release	Build Debug APK	2026-01-23T06:50:42.2571853Z > Task :app:checkDebugAarMetadata
Build & Release	Build Debug APK	2026-01-23T06:50:42.2572536Z > Task :i18n:mergeDebugNativeLibs NO-SOURCE
Build & Release	Build Debug APK	2026-01-23T06:50:42.2573284Z > Task :i18n-kmk:mergeDebugJniLibFolders
Build & Release	Build Debug APK	2026-01-23T06:50:42.2574019Z > Task :i18n-ank:mergeDebugJniLibFolders
Build & Release	Build Debug APK	2026-01-23T06:50:42.2574717Z > Task :i18n:copyDebugJniLibsProjectOnly
Build & Release	Build Debug APK	2026-01-23T06:50:42.2575345Z > Task :app:mapDebugSourceSetPaths
Build & Release	Build Debug APK	2026-01-23T06:50:42.2576080Z > Task :i18n-ank:mergeDebugNativeLibs NO-SOURCE
Build & Release	Build Debug APK	2026-01-23T06:50:42.2576757Z > Task :i18n-kmk:mergeDebugNativeLibs NO-SOURCE
Build & Release	Build Debug APK	2026-01-23T06:50:42.2577509Z > Task :i18n-sy:mergeDebugJniLibFolders
Build & Release	Build Debug APK	2026-01-23T06:50:42.2578257Z > Task :i18n-sy:mergeDebugNativeLibs NO-SOURCE
Build & Release	Build Debug APK	2026-01-23T06:50:42.2578923Z > Task :i18n-ank:copyDebugJniLibsProjectOnly
Build & Release	Build Debug APK	2026-01-23T06:50:42.2579554Z > Task :i18n-kmk:copyDebugJniLibsProjectOnly
Build & Release	Build Debug APK	2026-01-23T06:50:42.2580209Z > Task :app:createDebugCompatibleScreenManifests
Build & Release	Build Debug APK	2026-01-23T06:50:42.3561223Z > Task :i18n-sy:copyDebugJniLibsProjectOnly
Build & Release	Build Debug APK	2026-01-23T06:50:42.3564445Z > Task :presentation-core:mergeDebugJniLibFolders
Build & Release	Build Debug APK	2026-01-23T06:50:42.3565414Z > Task :presentation-widget:mergeDebugJniLibFolders
Build & Release	Build Debug APK	2026-01-23T06:50:42.3567177Z > Task :presentation-core:mergeDebugNativeLibs NO-SOURCE
Build & Release	Build Debug APK	2026-01-23T06:50:42.3568262Z > Task :presentation-widget:mergeDebugNativeLibs NO-SOURCE
Build & Release	Build Debug APK	2026-01-23T06:50:42.3569172Z > Task :source-api:mergeDebugJniLibFolders
Build & Release	Build Debug APK	2026-01-23T06:50:42.3570007Z > Task :app:extractDeepLinksDebug FROM-CACHE
Build & Release	Build Debug APK	2026-01-23T06:50:42.3570955Z > Task :presentation-widget:copyDebugJniLibsProjectOnly
Build & Release	Build Debug APK	2026-01-23T06:50:42.3580288Z > Task :presentation-core:copyDebugJniLibsProjectOnly
Build & Release	Build Debug APK	2026-01-23T06:50:42.3581703Z > Task :telemetry:mergeDebugJniLibFolders
Build & Release	Build Debug APK	2026-01-23T06:50:42.3585073Z > Task :source-api:mergeDebugNativeLibs NO-SOURCE
Build & Release	Build Debug APK	2026-01-23T06:50:42.3586477Z > Task :source-local:mergeDebugJniLibFolders
Build & Release	Build Debug APK	2026-01-23T06:50:42.3587115Z > Task :telemetry:mergeDebugNativeLibs NO-SOURCE
Build & Release	Build Debug APK	2026-01-23T06:50:42.3587783Z > Task :source-local:mergeDebugNativeLibs NO-SOURCE
Build & Release	Build Debug APK	2026-01-23T06:50:42.3589402Z > Task :source-api:copyDebugJniLibsProjectOnly
Build & Release	Build Debug APK	2026-01-23T06:50:42.3590096Z > Task :telemetry:copyDebugJniLibsProjectOnly
Build & Release	Build Debug APK	2026-01-23T06:50:42.3590911Z > Task :source-local:copyDebugJniLibsProjectOnly
Build & Release	Build Debug APK	2026-01-23T06:50:42.3596761Z > Task :core-metadata:stripDebugDebugSymbols NO-SOURCE
Build & Release	Build Debug APK	2026-01-23T06:50:42.4553632Z > Task :core-metadata:copyDebugJniLibsProjectAndLocalJars
Build & Release	Build Debug APK	2026-01-23T06:50:42.4563239Z > Task :core:common:mergeDebugJniLibFolders
Build & Release	Build Debug APK	2026-01-23T06:50:42.4564645Z > Task :core:archive:mergeDebugJniLibFolders
Build & Release	Build Debug APK	2026-01-23T06:50:42.4565932Z > Task :core:common:mergeDebugNativeLibs NO-SOURCE
Build & Release	Build Debug APK	2026-01-23T06:50:42.4567589Z > Task :core:archive:mergeDebugNativeLibs NO-SOURCE
Build & Release	Build Debug APK	2026-01-23T06:50:42.5592775Z > Task :core:common:copyDebugJniLibsProjectOnly
Build & Release	Build Debug APK	2026-01-23T06:50:42.5593764Z > Task :core:archive:copyDebugJniLibsProjectOnly
Build & Release	Build Debug APK	2026-01-23T06:50:42.5594566Z > Task :domain:stripDebugDebugSymbols NO-SOURCE
Build & Release	Build Debug APK	2026-01-23T06:50:42.5595288Z > Task :data:stripDebugDebugSymbols NO-SOURCE
Build & Release	Build Debug APK	2026-01-23T06:50:42.5596063Z > Task :app:processDebugMainManifest FROM-CACHE
Build & Release	Build Debug APK	2026-01-23T06:50:42.5596923Z > Task :domain:copyDebugJniLibsProjectAndLocalJars
Build & Release	Build Debug APK	2026-01-23T06:50:42.5597685Z > Task :data:copyDebugJniLibsProjectAndLocalJars
Build & Release	Build Debug APK	2026-01-23T06:50:42.5598465Z > Task :app:processDebugManifest FROM-CACHE
Build & Release	Build Debug APK	2026-01-23T06:50:42.5599222Z > Task :app:processDebugManifestForPackage FROM-CACHE
Build & Release	Build Debug APK	2026-01-23T06:50:43.6547038Z > Task :app:processDebugResources FROM-CACHE
Build & Release	Build Debug APK	2026-01-23T06:50:43.9547998Z > Task :core-metadata:extractDebugAnnotations FROM-CACHE
Build & Release	Build Debug APK	2026-01-23T06:50:43.9548782Z > Task :core-metadata:extractDeepLinksForAarDebug FROM-CACHE
Build & Release	Build Debug APK	2026-01-23T06:50:43.9549502Z > Task :core-metadata:mergeDebugGeneratedProguardFiles
Build & Release	Build Debug APK	2026-01-23T06:50:43.9550147Z > Task :core-metadata:mergeDebugConsumerProguardFiles
Build & Release	Build Debug APK	2026-01-23T06:50:43.9550880Z > Task :core-metadata:prepareDebugArtProfile
Build & Release	Build Debug APK	2026-01-23T06:50:43.9551388Z > Task :core-metadata:prepareLintJarForPublish
Build & Release	Build Debug APK	2026-01-23T06:50:44.1573732Z > Task :core-metadata:mergeDebugJavaResource
Build & Release	Build Debug APK	2026-01-23T06:50:44.1601225Z > Task :core-metadata:syncDebugLibJars FROM-CACHE
Build & Release	Build Debug APK	2026-01-23T06:50:44.2546696Z > Task :core-metadata:bundleDebugAar
Build & Release	Build Debug APK	2026-01-23T06:50:44.2547435Z > Task :core-metadata:assembleDebug
Build & Release	Build Debug APK	2026-01-23T06:50:44.2548510Z > Task :flagkit:stripDebugDebugSymbols NO-SOURCE
Build & Release	Build Debug APK	2026-01-23T06:50:44.2549257Z > Task :flagkit:copyDebugJniLibsProjectAndLocalJars
Build & Release	Build Debug APK	2026-01-23T06:50:44.2551056Z > Task :flagkit:extractDebugAnnotations FROM-CACHE
Build & Release	Build Debug APK	2026-01-23T06:50:44.2551612Z > Task :flagkit:extractDeepLinksForAarDebug FROM-CACHE
Build & Release	Build Debug APK	2026-01-23T06:50:44.2552157Z > Task :flagkit:mergeDebugGeneratedProguardFiles
Build & Release	Build Debug APK	2026-01-23T06:50:44.2552702Z > Task :flagkit:mergeDebugConsumerProguardFiles
Build & Release	Build Debug APK	2026-01-23T06:50:44.3549742Z > Task :flagkit:prepareDebugArtProfile
Build & Release	Build Debug APK	2026-01-23T06:50:44.3553327Z > Task :flagkit:prepareLintJarForPublish
Build & Release	Build Debug APK	2026-01-23T06:50:44.3556178Z > Task :flagkit:mergeDebugJavaResource
Build & Release	Build Debug APK	2026-01-23T06:50:44.3568569Z > Task :flagkit:syncDebugLibJars FROM-CACHE
Build & Release	Build Debug APK	2026-01-23T06:50:44.3571439Z > Task :data:extractDebugAnnotations FROM-CACHE
Build & Release	Build Debug APK	2026-01-23T06:50:44.3574077Z > Task :data:extractDeepLinksForAarDebug FROM-CACHE
Build & Release	Build Debug APK	2026-01-23T06:50:44.3576715Z > Task :data:mergeDebugGeneratedProguardFiles
Build & Release	Build Debug APK	2026-01-23T06:50:44.3580123Z > Task :data:mergeDebugConsumerProguardFiles
Build & Release	Build Debug APK	2026-01-23T06:50:44.3582772Z > Task :data:prepareDebugArtProfile
Build & Release	Build Debug APK	2026-01-23T06:50:44.3586598Z > Task :data:prepareLintJarForPublish
Build & Release	Build Debug APK	2026-01-23T06:50:44.4570144Z > Task :domain:extractDebugAnnotations FROM-CACHE
Build & Release	Build Debug APK	2026-01-23T06:50:44.4571525Z > Task :domain:extractDeepLinksForAarDebug FROM-CACHE
Build & Release	Build Debug APK	2026-01-23T06:50:44.4572365Z > Task :domain:mergeDebugGeneratedProguardFiles
Build & Release	Build Debug APK	2026-01-23T06:50:44.4573118Z > Task :domain:mergeDebugConsumerProguardFiles
Build & Release	Build Debug APK	2026-01-23T06:50:44.4573841Z > Task :domain:prepareDebugArtProfile
Build & Release	Build Debug APK	2026-01-23T06:50:44.4574451Z > Task :flagkit:bundleDebugAar
Build & Release	Build Debug APK	2026-01-23T06:50:44.4575046Z > Task :domain:prepareLintJarForPublish
Build & Release	Build Debug APK	2026-01-23T06:50:44.4575627Z > Task :flagkit:assembleDebug
Build & Release	Build Debug APK	2026-01-23T06:50:44.4576255Z > Task :i18n:stripDebugDebugSymbols NO-SOURCE
Build & Release	Build Debug APK	2026-01-23T06:50:44.4576873Z > Task :data:mergeDebugJavaResource
Build & Release	Build Debug APK	2026-01-23T06:50:44.4577489Z > Task :domain:mergeDebugJavaResource
Build & Release	Build Debug APK	2026-01-23T06:50:44.5548205Z > Task :i18n:copyDebugJniLibsProjectAndLocalJars
Build & Release	Build Debug APK	2026-01-23T06:50:44.5551542Z > Task :data:syncDebugLibJars FROM-CACHE
Build & Release	Build Debug APK	2026-01-23T06:50:44.5554462Z > Task :domain:syncDebugLibJars FROM-CACHE
Build & Release	Build Debug APK	2026-01-23T06:50:44.5555965Z > Task :i18n:extractDebugAnnotations FROM-CACHE
Build & Release	Build Debug APK	2026-01-23T06:50:44.5557329Z > Task :i18n:extractDeepLinksForAarDebug FROM-CACHE
Build & Release	Build Debug APK	2026-01-23T06:50:44.5558695Z > Task :i18n:mergeDebugGeneratedProguardFiles
Build & Release	Build Debug APK	2026-01-23T06:50:44.5565967Z > Task :i18n:mergeDebugConsumerProguardFiles
Build & Release	Build Debug APK	2026-01-23T06:50:44.5566801Z > Task :i18n:prepareDebugArtProfile
Build & Release	Build Debug APK	2026-01-23T06:50:44.6557243Z > Task :domain:bundleDebugAar
Build & Release	Build Debug APK	2026-01-23T06:50:44.6558385Z > Task :domain:assembleDebug
Build & Release	Build Debug APK	2026-01-23T06:50:44.6623805Z > Task :data:bundleDebugAar
Build & Release	Build Debug APK	2026-01-23T06:50:44.6624319Z > Task :data:assembleDebug
Build & Release	Build Debug APK	2026-01-23T06:50:44.6624859Z > Task :i18n-ank:stripDebugDebugSymbols NO-SOURCE
Build & Release	Build Debug APK	2026-01-23T06:50:44.6625471Z > Task :i18n:prepareLintJarForPublish
Build & Release	Build Debug APK	2026-01-23T06:50:44.6626075Z > Task :i18n-ank:copyDebugJniLibsProjectAndLocalJars
Build & Release	Build Debug APK	2026-01-23T06:50:44.6626780Z > Task :i18n-kmk:stripDebugDebugSymbols NO-SOURCE
Build & Release	Build Debug APK	2026-01-23T06:50:44.6627420Z > Task :i18n-ank:extractDebugAnnotations FROM-CACHE
Build & Release	Build Debug APK	2026-01-23T06:50:44.6628006Z > Task :i18n:mergeDebugJavaResource
Build & Release	Build Debug APK	2026-01-23T06:50:44.6628602Z > Task :i18n-ank:extractDeepLinksForAarDebug FROM-CACHE
Build & Release	Build Debug APK	2026-01-23T06:50:44.6629304Z > Task :i18n-ank:mergeDebugGeneratedProguardFiles
Build & Release	Build Debug APK	2026-01-23T06:50:44.6629956Z > Task :i18n-kmk:copyDebugJniLibsProjectAndLocalJars
Build & Release	Build Debug APK	2026-01-23T06:50:44.7553467Z > Task :i18n-ank:mergeDebugConsumerProguardFiles
Build & Release	Build Debug APK	2026-01-23T06:50:44.7554985Z > Task :i18n:syncDebugLibJars FROM-CACHE
Build & Release	Build Debug APK	2026-01-23T06:50:44.7555827Z > Task :i18n-ank:prepareDebugArtProfile
Build & Release	Build Debug APK	2026-01-23T06:50:44.7556789Z > Task :i18n-kmk:extractDebugAnnotations FROM-CACHE
Build & Release	Build Debug APK	2026-01-23T06:50:44.7557745Z > Task :i18n-kmk:extractDeepLinksForAarDebug FROM-CACHE
Build & Release	Build Debug APK	2026-01-23T06:50:44.7558663Z > Task :i18n-ank:prepareLintJarForPublish
Build & Release	Build Debug APK	2026-01-23T06:50:44.7559531Z > Task :i18n-kmk:mergeDebugGeneratedProguardFiles
Build & Release	Build Debug APK	2026-01-23T06:50:44.7560629Z > Task :i18n-kmk:mergeDebugConsumerProguardFiles
Build & Release	Build Debug APK	2026-01-23T06:50:44.7561535Z > Task :i18n-kmk:prepareDebugArtProfile
Build & Release	Build Debug APK	2026-01-23T06:50:44.7562365Z > Task :i18n-ank:mergeDebugJavaResource
Build & Release	Build Debug APK	2026-01-23T06:50:44.7563145Z > Task :i18n-kmk:prepareLintJarForPublish
Build & Release	Build Debug APK	2026-01-23T06:50:44.7564406Z > Task :i18n-ank:syncDebugLibJars FROM-CACHE
Build & Release	Build Debug APK	2026-01-23T06:50:44.7565374Z > Task :i18n-kmk:mergeDebugJavaResource
Build & Release	Build Debug APK	2026-01-23T06:50:44.7566164Z > Task :i18n-kmk:syncDebugLibJars FROM-CACHE
Build & Release	Build Debug APK	2026-01-23T06:50:44.7566958Z > Task :i18n-ank:bundleDebugAar
Build & Release	Build Debug APK	2026-01-23T06:50:44.7567642Z > Task :i18n-ank:assembleDebug
Build & Release	Build Debug APK	2026-01-23T06:50:44.8572242Z > Task :i18n-sy:stripDebugDebugSymbols NO-SOURCE
Build & Release	Build Debug APK	2026-01-23T06:50:44.8574449Z > Task :i18n-kmk:bundleDebugAar
Build & Release	Build Debug APK	2026-01-23T06:50:44.8574965Z > Task :i18n-kmk:assembleDebug
Build & Release	Build Debug APK	2026-01-23T06:50:44.8575517Z > Task :i18n-sy:copyDebugJniLibsProjectAndLocalJars
Build & Release	Build Debug APK	2026-01-23T06:50:44.8576286Z > Task :presentation-core:stripDebugDebugSymbols NO-SOURCE
Build & Release	Build Debug APK	2026-01-23T06:50:44.8577095Z > Task :presentation-core:copyDebugJniLibsProjectAndLocalJars
Build & Release	Build Debug APK	2026-01-23T06:50:44.8578163Z > Task :i18n-sy:extractDebugAnnotations FROM-CACHE
Build & Release	Build Debug APK	2026-01-23T06:50:44.8578856Z > Task :i18n-sy:extractDeepLinksForAarDebug FROM-CACHE
Build & Release	Build Debug APK	2026-01-23T06:50:44.8579555Z > Task :i18n-sy:mergeDebugGeneratedProguardFiles
Build & Release	Build Debug APK	2026-01-23T06:50:44.8580205Z > Task :i18n-sy:mergeDebugConsumerProguardFiles
Build & Release	Build Debug APK	2026-01-23T06:50:44.8581065Z > Task :i18n-sy:prepareDebugArtProfile
Build & Release	Build Debug APK	2026-01-23T06:50:44.8581755Z > Task :i18n-sy:prepareLintJarForPublish
Build & Release	Build Debug APK	2026-01-23T06:50:44.9547976Z > Task :i18n-sy:mergeDebugJavaResource
Build & Release	Build Debug APK	2026-01-23T06:50:44.9549006Z > Task :i18n-sy:syncDebugLibJars FROM-CACHE
Build & Release	Build Debug APK	2026-01-23T06:50:44.9549946Z > Task :presentation-core:extractDebugAnnotations FROM-CACHE
Build & Release	Build Debug APK	2026-01-23T06:50:44.9551344Z > Task :presentation-core:extractDeepLinksForAarDebug FROM-CACHE
Build & Release	Build Debug APK	2026-01-23T06:50:44.9552243Z > Task :presentation-core:mergeDebugGeneratedProguardFiles
Build & Release	Build Debug APK	2026-01-23T06:50:44.9553091Z > Task :presentation-core:mergeDebugConsumerProguardFiles
Build & Release	Build Debug APK	2026-01-23T06:50:44.9553867Z > Task :presentation-core:prepareDebugArtProfile
Build & Release	Build Debug APK	2026-01-23T06:50:44.9554671Z > Task :presentation-core:prepareLintJarForPublish
Build & Release	Build Debug APK	2026-01-23T06:50:44.9555417Z > Task :presentation-core:mergeDebugJavaResource
Build & Release	Build Debug APK	2026-01-23T06:50:45.0608329Z > Task :i18n-sy:bundleDebugAar
Build & Release	Build Debug APK	2026-01-23T06:50:45.0621365Z > Task :i18n-sy:assembleDebug
Build & Release	Build Debug APK	2026-01-23T06:50:45.0622220Z > Task :presentation-core:syncDebugLibJars FROM-CACHE
Build & Release	Build Debug APK	2026-01-23T06:50:45.0623128Z > Task :presentation-widget:stripDebugDebugSymbols NO-SOURCE
Build & Release	Build Debug APK	2026-01-23T06:50:45.0624413Z > Task :presentation-widget:copyDebugJniLibsProjectAndLocalJars
Build & Release	Build Debug APK	2026-01-23T06:50:45.0625273Z > Task :presentation-core:bundleDebugAar
Build & Release	Build Debug APK	2026-01-23T06:50:45.0625940Z > Task :presentation-core:assembleDebug
Build & Release	Build Debug APK	2026-01-23T06:50:45.0626667Z > Task :source-api:stripDebugDebugSymbols NO-SOURCE
Build & Release	Build Debug APK	2026-01-23T06:50:45.0627507Z > Task :source-api:copyDebugJniLibsProjectAndLocalJars
Build & Release	Build Debug APK	2026-01-23T06:50:45.0628262Z > Task :i18n:bundleDebugAar
Build & Release	Build Debug APK	2026-01-23T06:50:45.0628819Z > Task :i18n:assembleDebug
Build & Release	Build Debug APK	2026-01-23T06:50:45.0629475Z > Task :source-local:stripDebugDebugSymbols NO-SOURCE
Build & Release	Build Debug APK	2026-01-23T06:50:45.1552192Z > Task :source-local:copyDebugJniLibsProjectAndLocalJars
Build & Release	Build Debug APK	2026-01-23T06:50:45.1553053Z > Task :presentation-widget:extractDebugAnnotations FROM-CACHE
Build & Release	Build Debug APK	2026-01-23T06:50:45.1553867Z > Task :presentation-widget:extractDeepLinksForAarDebug FROM-CACHE
Build & Release	Build Debug APK	2026-01-23T06:50:45.1554818Z > Task :presentation-widget:mergeDebugGeneratedProguardFiles
Build & Release	Build Debug APK	2026-01-23T06:50:45.1561584Z > Task :presentation-widget:mergeDebugConsumerProguardFiles
Build & Release	Build Debug APK	2026-01-23T06:50:45.1564469Z > Task :presentation-widget:prepareDebugArtProfile
Build & Release	Build Debug APK	2026-01-23T06:50:45.1567294Z > Task :presentation-widget:prepareLintJarForPublish
Build & Release	Build Debug APK	2026-01-23T06:50:45.1569973Z > Task :presentation-widget:mergeDebugJavaResource
Build & Release	Build Debug APK	2026-01-23T06:50:45.1573844Z > Task :source-local:extractDebugAnnotations FROM-CACHE
Build & Release	Build Debug APK	2026-01-23T06:50:45.1575551Z > Task :presentation-widget:syncDebugLibJars FROM-CACHE
Build & Release	Build Debug APK	2026-01-23T06:50:45.2551457Z > Task :source-local:extractDeepLinksForAarDebug FROM-CACHE
Build & Release	Build Debug APK	2026-01-23T06:50:45.2556183Z > Task :source-local:mergeDebugGeneratedProguardFiles
Build & Release	Build Debug APK	2026-01-23T06:50:45.2557488Z > Task :source-api:extractDebugAnnotations FROM-CACHE
Build & Release	Build Debug APK	2026-01-23T06:50:45.2558494Z > Task :source-api:extractDeepLinksForAarDebug FROM-CACHE
Build & Release	Build Debug APK	2026-01-23T06:50:45.2559297Z > Task :source-api:mergeDebugGeneratedProguardFiles
Build & Release	Build Debug APK	2026-01-23T06:50:45.2560275Z > Task :source-local:mergeDebugConsumerProguardFiles
Build & Release	Build Debug APK	2026-01-23T06:50:45.2561304Z > Task :source-local:prepareDebugArtProfile
Build & Release	Build Debug APK	2026-01-23T06:50:45.2562220Z > Task :source-api:mergeDebugConsumerProguardFiles
Build & Release	Build Debug APK	2026-01-23T06:50:45.2562936Z > Task :source-local:prepareLintJarForPublish
Build & Release	Build Debug APK	2026-01-23T06:50:45.2563706Z > Task :source-api:prepareDebugArtProfile
Build & Release	Build Debug APK	2026-01-23T06:50:45.2564398Z > Task :source-api:prepareLintJarForPublish
Build & Release	Build Debug APK	2026-01-23T06:50:45.2565070Z > Task :source-local:mergeDebugJavaResource
Build & Release	Build Debug APK	2026-01-23T06:50:45.2565722Z > Task :source-api:mergeDebugJavaResource
Build & Release	Build Debug APK	2026-01-23T06:50:45.2566416Z > Task :source-local:syncDebugLibJars FROM-CACHE
Build & Release	Build Debug APK	2026-01-23T06:50:45.2567114Z > Task :source-api:syncDebugLibJars FROM-CACHE
Build & Release	Build Debug APK	2026-01-23T06:50:45.2574800Z > Task :source-local:bundleDebugAar
Build & Release	Build Debug APK	2026-01-23T06:50:45.2575843Z > Task :source-local:assembleDebug
Build & Release	Build Debug APK	2026-01-23T06:50:45.3551966Z > Task :presentation-widget:bundleDebugAar
Build & Release	Build Debug APK	2026-01-23T06:50:45.3555824Z > Task :telemetry:stripDebugDebugSymbols NO-SOURCE
Build & Release	Build Debug APK	2026-01-23T06:50:45.3562028Z > Task :presentation-widget:assembleDebug
Build & Release	Build Debug APK	2026-01-23T06:50:45.3564964Z > Task :app:javaPreCompileDebug FROM-CACHE
Build & Release	Build Debug APK	2026-01-23T06:50:45.3580371Z > Task :app:generateDebugAssets UP-TO-DATE
Build & Release	Build Debug APK	2026-01-23T06:50:45.3601342Z > Task :telemetry:copyDebugJniLibsProjectAndLocalJars
Build & Release	Build Debug APK	2026-01-23T06:50:45.3602226Z > Task :source-api:bundleDebugAar
Build & Release	Build Debug APK	2026-01-23T06:50:45.3602851Z > Task :source-api:assembleDebug
Build & Release	Build Debug APK	2026-01-23T06:50:45.3603519Z > Task :core:archive:stripDebugDebugSymbols NO-SOURCE
Build & Release	Build Debug APK	2026-01-23T06:50:45.3604300Z > Task :telemetry:extractDebugAnnotations FROM-CACHE
Build & Release	Build Debug APK	2026-01-23T06:50:45.3605099Z > Task :telemetry:extractDeepLinksForAarDebug FROM-CACHE
Build & Release	Build Debug APK	2026-01-23T06:50:45.3605922Z > Task :telemetry:mergeDebugGeneratedProguardFiles
Build & Release	Build Debug APK	2026-01-23T06:50:45.3606704Z > Task :telemetry:mergeDebugConsumerProguardFiles
Build & Release	Build Debug APK	2026-01-23T06:50:45.3607419Z > Task :telemetry:prepareDebugArtProfile
Build & Release	Build Debug APK	2026-01-23T06:50:45.3608113Z > Task :core:archive:copyDebugJniLibsProjectAndLocalJars
Build & Release	Build Debug APK	2026-01-23T06:50:45.4546393Z > Task :telemetry:prepareLintJarForPublish
Build & Release	Build Debug APK	2026-01-23T06:50:45.4551368Z > Task :telemetry:mergeDebugJavaResource
Build & Release	Build Debug APK	2026-01-23T06:50:45.4554311Z > Task :telemetry:syncDebugLibJars FROM-CACHE
Build & Release	Build Debug APK	2026-01-23T06:50:45.4556984Z > Task :telemetry:bundleDebugAar
Build & Release	Build Debug APK	2026-01-23T06:50:45.4559580Z > Task :telemetry:assembleDebug
Build & Release	Build Debug APK	2026-01-23T06:50:45.4562887Z > Task :core:common:stripDebugDebugSymbols NO-SOURCE
Build & Release	Build Debug APK	2026-01-23T06:50:45.4564536Z > Task :core:common:copyDebugJniLibsProjectAndLocalJars
Build & Release	Build Debug APK	2026-01-23T06:50:45.4566226Z > Task :core:archive:extractDebugAnnotations FROM-CACHE
Build & Release	Build Debug APK	2026-01-23T06:50:45.4567900Z > Task :core:archive:extractDeepLinksForAarDebug FROM-CACHE
Build & Release	Build Debug APK	2026-01-23T06:50:45.4576666Z > Task :core:archive:mergeDebugGeneratedProguardFiles
Build & Release	Build Debug APK	2026-01-23T06:50:45.4577383Z > Task :core:archive:mergeDebugConsumerProguardFiles
Build & Release	Build Debug APK	2026-01-23T06:50:45.4578068Z > Task :core:archive:prepareDebugArtProfile
Build & Release	Build Debug APK	2026-01-23T06:50:45.4578722Z > Task :core:archive:prepareLintJarForPublish
Build & Release	Build Debug APK	2026-01-23T06:50:45.4579371Z > Task :core:archive:mergeDebugJavaResource
Build & Release	Build Debug APK	2026-01-23T06:50:45.4579950Z > Task :core:archive:syncDebugLibJars FROM-CACHE
Build & Release	Build Debug APK	2026-01-23T06:50:45.4580618Z > Task :app:mergeDebugAssets
Build & Release	Build Debug APK	2026-01-23T06:50:45.5566646Z > Task :core:archive:bundleDebugAar
Build & Release	Build Debug APK	2026-01-23T06:50:45.5568782Z > Task :core:archive:assembleDebug
Build & Release	Build Debug APK	2026-01-23T06:50:45.5570280Z > Task :core:common:extractDebugAnnotations FROM-CACHE
Build & Release	Build Debug APK	2026-01-23T06:50:45.5571211Z > Task :core:common:extractDeepLinksForAarDebug FROM-CACHE
Build & Release	Build Debug APK	2026-01-23T06:50:45.5572617Z > Task :app:compressDebugAssets FROM-CACHE
Build & Release	Build Debug APK	2026-01-23T06:50:45.5573383Z > Task :core:common:mergeDebugGeneratedProguardFiles
Build & Release	Build Debug APK	2026-01-23T06:50:45.5574812Z > Task :core:common:mergeDebugConsumerProguardFiles
Build & Release	Build Debug APK	2026-01-23T06:50:45.5575557Z > Task :core:common:prepareDebugArtProfile
Build & Release	Build Debug APK	2026-01-23T06:50:45.5576798Z > Task :core:common:prepareLintJarForPublish
Build & Release	Build Debug APK	2026-01-23T06:50:45.5577510Z > Task :core:common:mergeDebugJavaResource
Build & Release	Build Debug APK	2026-01-23T06:50:45.5579269Z > Task :core:common:syncDebugLibJars FROM-CACHE
Build & Release	Build Debug APK	2026-01-23T06:50:45.6571751Z > Task :core:common:bundleDebugAar
Build & Release	Build Debug APK	2026-01-23T06:50:45.6601383Z > Task :core:common:assembleDebug
Build & Release	Build Debug APK	2026-01-23T06:50:45.6602271Z > Task :app:l8DexDesugarLibDebug FROM-CACHE
Build & Release	Build Debug APK	2026-01-23T06:50:45.6603088Z > Task :app:desugarDebugFileDependencies FROM-CACHE
Build & Release	Build Debug APK	2026-01-23T06:50:45.9546857Z > Task :app:mergeDebugJniLibFolders
Build & Release	Build Debug APK	2026-01-23T06:50:46.2546833Z > Task :app:checkDebugDuplicateClasses
Build & Release	Build Debug APK	2026-01-23T06:50:47.1546398Z > Task :app:mergeDebugNativeLibs
Build & Release	Build Debug APK	2026-01-23T06:50:47.5611627Z > Task :app:mergeExtDexDebug FROM-CACHE
Build & Release	Build Debug APK	2026-01-23T06:50:47.6624483Z > Task :app:mergeLibDexDebug FROM-CACHE
Build & Release	Build Debug APK	2026-01-23T06:50:48.4547059Z > Task :app:stripDebugDebugSymbols
Build & Release	Build Debug APK	2026-01-23T06:50:49.2546979Z > Task :app:validateSigningDebug
Build & Release	Build Debug APK	2026-01-23T06:50:49.2547935Z > Task :app:writeDebugAppMetadata
Build & Release	Build Debug APK	2026-01-23T06:50:49.3562897Z > Task :app:writeDebugSigningConfigVersions
Build & Release	Build Debug APK	2026-01-23T06:51:13.6546649Z > Task :app:compileDebugKotlin
Build & Release	Build Debug APK	2026-01-23T06:52:13.2562055Z w: The feature plugin:androidx.compose.compiler.plugins.kotlin:featureFlag=OptimizeNonSkippingGroups is enabled by default and specifying this option explicitly is not necessary.
Build & Release	Build Debug APK	2026-01-23T06:52:13.2576999Z w: Experimental context receivers are superseded by context parameters.
Build & Release	Build Debug APK	2026-01-23T06:52:13.2583611Z Replace the '-Xcontext-receivers' compiler argument with '-Xcontext-parameters' and migrate to the new syntax.
Build & Release	Build Debug APK	2026-01-23T06:52:13.2584482Z 
Build & Release	Build Debug APK	2026-01-23T06:52:13.2584933Z See the context parameters proposal for more details: https://kotl.in/context-parameters
Build & Release	Build Debug APK	2026-01-23T06:52:13.2585752Z This warning will become an error in future releases.
Build & Release	Build Debug APK	2026-01-23T06:52:13.2587773Z w: file:///home/runner/work/Anikku-Mod/Anikku-Mod/app/src/main/java/eu/kanade/presentation/anime/EpisodeOptionsDialogScreen.kt:501:28 'val LocalClipboardManager: ProvidableCompositionLocal<ClipboardManager>' is deprecated. Use LocalClipboard instead which supports suspend functions.
Build & Release	Build Debug APK	2026-01-23T06:52:13.2591251Z w: file:///home/runner/work/Anikku-Mod/Anikku-Mod/app/src/main/java/eu/kanade/presentation/anime/EpisodeOptionsDialogScreen.kt:661:35 'val Icons.Outlined.OpenInNew: ImageVector' is deprecated. Use the AutoMirrored version at Icons.AutoMirrored.Outlined.OpenInNew.
Build & Release	Build Debug APK	2026-01-23T06:52:13.2613768Z w: file:///home/runner/work/Anikku-Mod/Anikku-Mod/app/src/main/java/eu/kanade/presentation/anime/EpisodeOptionsDialogScreen.kt:670:35 'val Icons.Outlined.Input: ImageVector' is deprecated. Use the AutoMirrored version at Icons.AutoMirrored.Outlined.Input.
Build & Release	Build Debug APK	2026-01-23T06:52:13.2616949Z w: file:///home/runner/work/Anikku-Mod/Anikku-Mod/app/src/main/java/eu/kanade/presentation/anime/EpisodeOptionsDialogScreen.kt:724:46 'val Icons.Outlined.NavigateNext: ImageVector' is deprecated. Use the AutoMirrored version at Icons.AutoMirrored.Outlined.NavigateNext.
Build & Release	Build Debug APK	2026-01-23T06:52:13.2620087Z w: file:///home/runner/work/Anikku-Mod/Anikku-Mod/app/src/main/java/eu/kanade/presentation/more/settings/screen/SettingsConnectionsScreen.kt:277:5 This annotation is currently applied to the value parameter only, but in the future it will also be applied to field.
Build & Release	Build Debug APK	2026-01-23T06:52:13.2623299Z - To opt in to applying to both value parameter and field, add '-Xannotation-default-target=param-property' to your compiler arguments.
Build & Release	Build Debug APK	2026-01-23T06:52:13.2624582Z - To keep applying to the value parameter only, use the '@param:' annotation target.
Build & Release	Build Debug APK	2026-01-23T06:52:13.2625141Z 
Build & Release	Build Debug APK	2026-01-23T06:52:13.2625496Z See https://youtrack.jetbrains.com/issue/KT-73255 for more details.
Build & Release	Build Debug APK	2026-01-23T06:52:13.2627520Z w: file:///home/runner/work/Anikku-Mod/Anikku-Mod/app/src/main/java/eu/kanade/presentation/more/settings/screen/SettingsDiscordScreen.kt:57:46 'val Icons.Outlined.HelpOutline: ImageVector' is deprecated. Use the AutoMirrored version at Icons.AutoMirrored.Outlined.HelpOutline.
Build & Release	Build Debug APK	2026-01-23T06:52:13.2638001Z w: file:///home/runner/work/Anikku-Mod/Anikku-Mod/app/src/main/java/eu/kanade/presentation/more/settings/screen/SettingsTrackingScreen.kt:79:46 'val Icons.Outlined.HelpOutline: ImageVector' is deprecated. Use the AutoMirrored version at Icons.AutoMirrored.Outlined.HelpOutline.
Build & Release	Build Debug APK	2026-01-23T06:52:13.2645874Z w: file:///home/runner/work/Anikku-Mod/Anikku-Mod/app/src/main/java/eu/kanade/presentation/more/settings/screen/about/OpenSourceLicensesScreen.kt:29:13 'fun LibrariesContainer(modifier: Modifier = ..., libraryModifier: Modifier = ..., librariesBlock: (Context) -> Libs = ..., lazyListState: LazyListState = ..., contentPadding: PaddingValues = ..., showAuthor: Boolean = ..., showDescription: Boolean = ..., showVersion: Boolean = ..., showLicenseBadges: Boolean = ..., showFundingBadges: Boolean = ..., colors: LibraryColors = ..., padding: LibraryPadding = ..., dimensions: LibraryDimensions = ..., textStyles: LibraryTextStyles = ..., header: (LazyListScope.() -> Unit)? = ..., divider: ComposableFunction1<LazyItemScope, Unit>? = ..., footer: (LazyListScope.() -> Unit)? = ..., onLibraryClick: ((Library) -> Unit)? = ..., onFundingClick: ((Funding) -> Unit)? = ...): Unit' is deprecated. Use `LibrariesContainer` variant with `Libs` instead. Use `rememberLibraries` to load the libraries.
Build & Release	Build Debug APK	2026-01-23T06:52:13.2655896Z w: file:///home/runner/work/Anikku-Mod/Anikku-Mod/app/src/main/java/eu/kanade/presentation/player/components/PlayerSheet.kt:103:9 'fun <T> AnchoredDraggableState(initialValue: T, positionalThreshold: (Float) -> Float, velocityThreshold: () -> Float, snapAnimationSpec: AnimationSpec<Float>, decayAnimationSpec: DecayAnimationSpec<Float>, confirmValueChange: (T) -> Boolean = ...): AnchoredDraggableState<T>' is deprecated. This constructor of AnchoredDraggableState has been deprecated. Please pass thresholds and animation specs to AnchoredDraggableDefaults.flingBehavior(..) instead, which can be passed to Modifier.anchoredDraggable.
Build & Release	Build Debug APK	2026-01-23T06:52:13.2661920Z w: file:///home/runner/work/Anikku-Mod/Anikku-Mod/app/src/main/java/eu/kanade/presentation/player/components/PlayerSheet.kt:227:13 'suspend fun settle(velocity: Float): Float' is deprecated. settle does not accept a velocity anymore. Please use FlingBehavior#performFling instead. See AnchoredDraggableSample.kt for example usages.
Build & Release	Build Debug APK	2026-01-23T06:52:13.2665770Z w: file:///home/runner/work/Anikku-Mod/Anikku-Mod/app/src/main/java/eu/kanade/presentation/player/components/PlayerSheet.kt:237:13 'suspend fun settle(velocity: Float): Float' is deprecated. settle does not accept a velocity anymore. Please use FlingBehavior#performFling instead. See AnchoredDraggableSample.kt for example usages.
Build & Release	Build Debug APK	2026-01-23T06:52:13.2669124Z w: file:///home/runner/work/Anikku-Mod/Anikku-Mod/app/src/main/java/eu/kanade/presentation/track/TrackerSearch.kt:58:8 'interface ClipboardManager : Any' is deprecated. Use Clipboard instead, which supports suspend functions.
Build & Release	Build Debug APK	2026-01-23T06:52:13.2671858Z w: file:///home/runner/work/Anikku-Mod/Anikku-Mod/app/src/main/java/eu/kanade/presentation/track/TrackerSearch.kt:226:27 'interface ClipboardManager : Any' is deprecated. Use Clipboard instead, which supports suspend functions.
Build & Release	Build Debug APK	2026-01-23T06:52:13.2674676Z w: file:///home/runner/work/Anikku-Mod/Anikku-Mod/app/src/main/java/eu/kanade/presentation/track/TrackerSearch.kt:226:46 'val LocalClipboardManager: ProvidableCompositionLocal<ClipboardManager>' is deprecated. Use LocalClipboard instead which supports suspend functions.
Build & Release	Build Debug APK	2026-01-23T06:52:13.2677339Z w: file:///home/runner/work/Anikku-Mod/Anikku-Mod/app/src/main/java/eu/kanade/presentation/util/ExceptionFormatter.kt:12:1 Experimental context receivers are superseded by context parameters.
Build & Release	Build Debug APK	2026-01-23T06:52:13.2679171Z Replace the '-Xcontext-receivers' compiler argument with '-Xcontext-parameters' and migrate to the new syntax.
Build & Release	Build Debug APK	2026-01-23T06:52:13.2679930Z 
Build & Release	Build Debug APK	2026-01-23T06:52:13.2680525Z See the context parameters proposal for more details: https://kotl.in/context-parameters
Build & Release	Build Debug APK	2026-01-23T06:52:13.2681412Z This warning will become an error in future releases.
Build & Release	Build Debug APK	2026-01-23T06:52:13.2682894Z w: file:///home/runner/work/Anikku-Mod/Anikku-Mod/app/src/main/java/eu/kanade/presentation/util/FastScrollAnimateItem.kt:7:1 Experimental context receivers are superseded by context parameters.
Build & Release	Build Debug APK	2026-01-23T06:52:13.2684788Z Replace the '-Xcontext-receivers' compiler argument with '-Xcontext-parameters' and migrate to the new syntax.
Build & Release	Build Debug APK	2026-01-23T06:52:13.2685526Z 
Build & Release	Build Debug APK	2026-01-23T06:52:13.2686003Z See the context parameters proposal for more details: https://kotl.in/context-parameters
Build & Release	Build Debug APK	2026-01-23T06:52:13.2686863Z This warning will become an error in future releases.
Build & Release	Build Debug APK	2026-01-23T06:52:13.2688724Z w: file:///home/runner/work/Anikku-Mod/Anikku-Mod/app/src/main/java/eu/kanade/presentation/webview/WebViewScreenContent.kt:134:63 'val Icons.Outlined.ArrowBack: ImageVector' is deprecated. Use the AutoMirrored version at Icons.AutoMirrored.Outlined.ArrowBack.
Build & Release	Build Debug APK	2026-01-23T06:52:13.2751107Z w: file:///home/runner/work/Anikku-Mod/Anikku-Mod/app/src/main/java/eu/kanade/presentation/webview/WebViewScreenContent.kt:144:63 'val Icons.Outlined.ArrowForward: ImageVector' is deprecated. Use the AutoMirrored version at Icons.AutoMirrored.Outlined.ArrowForward.
Build & Release	Build Debug APK	2026-01-23T06:52:13.2754463Z w: file:///home/runner/work/Anikku-Mod/Anikku-Mod/app/src/main/java/eu/kanade/tachiyomi/App.kt:141:22 'fun install(logger: LogcatLogger): Unit' is deprecated. LogcatLogger.install() does not take a LogcatLogger instance anymore.
Build & Release	Build Debug APK	2026-01-23T06:52:13.2757439Z w: file:///home/runner/work/Anikku-Mod/Anikku-Mod/app/src/main/java/eu/kanade/tachiyomi/data/connections/discord/DiscordRPCModels.kt:175:5 This annotation is currently applied to the value parameter only, but in the future it will also be applied to field.
Build & Release	Build Debug APK	2026-01-23T06:52:13.2759880Z - To opt in to applying to both value parameter and field, add '-Xannotation-default-target=param-property' to your compiler arguments.
Build & Release	Build Debug APK	2026-01-23T06:52:13.2810831Z - To keep applying to the value parameter only, use the '@param:' annotation target.
Build & Release	Build Debug APK	2026-01-23T06:52:13.2811557Z 
Build & Release	Build Debug APK	2026-01-23T06:52:13.2811969Z See https://youtrack.jetbrains.com/issue/KT-73255 for more details.
Build & Release	Build Debug APK	2026-01-23T06:52:13.2814086Z w: file:///home/runner/work/Anikku-Mod/Anikku-Mod/app/src/main/java/eu/kanade/tachiyomi/data/connections/discord/DiscordRPCModels.kt:176:5 This annotation is currently applied to the value parameter only, but in the future it will also be applied to field.
Build & Release	Build Debug APK	2026-01-23T06:52:13.2816521Z - To opt in to applying to both value parameter and field, add '-Xannotation-default-target=param-property' to your compiler arguments.
Build & Release	Build Debug APK	2026-01-23T06:52:13.2818018Z - To keep applying to the value parameter only, use the '@param:' annotation target.
Build & Release	Build Debug APK	2026-01-23T06:52:13.2818636Z 
Build & Release	Build Debug APK	2026-01-23T06:52:13.2819017Z See https://youtrack.jetbrains.com/issue/KT-73255 for more details.
Build & Release	Build Debug APK	2026-01-23T06:52:13.2821199Z w: file:///home/runner/work/Anikku-Mod/Anikku-Mod/app/src/main/java/eu/kanade/tachiyomi/data/download/DownloadManager.kt:273:9 This is a delicate API and its use requires care. Make sure you fully read and understand documentation of the declaration that is marked as a delicate API.
Build & Release	Build Debug APK	2026-01-23T06:52:13.2824497Z w: file:///home/runner/work/Anikku-Mod/Anikku-Mod/app/src/main/java/eu/kanade/tachiyomi/data/download/DownloadManager.kt:303:9 This is a delicate API and its use requires care. Make sure you fully read and understand documentation of the declaration that is marked as a delicate API.
Build & Release	Build Debug APK	2026-01-23T06:52:13.2827147Z w: file:///home/runner/work/Anikku-Mod/Anikku-Mod/app/src/main/java/eu/kanade/tachiyomi/data/download/Downloader.kt:513:80 'val quality: String' is deprecated. Use videoTitle instead.
Build & Release	Build Debug APK	2026-01-23T06:52:13.2829826Z w: file:///home/runner/work/Anikku-Mod/Anikku-Mod/app/src/main/java/eu/kanade/tachiyomi/data/library/LibraryUpdateNotifier.kt:233:13 This is a delicate API and its use requires care. Make sure you fully read and understand documentation of the declaration that is marked as a delicate API.
Build & Release	Build Debug APK	2026-01-23T06:52:13.2834222Z w: file:///home/runner/work/Anikku-Mod/Anikku-Mod/app/src/main/java/eu/kanade/tachiyomi/data/notification/NotificationReceiver.kt:226:9 This is a delicate API and its use requires care. Make sure you fully read and understand documentation of the declaration that is marked as a delicate API.
Build & Release	Build Debug APK	2026-01-23T06:52:13.2837535Z w: file:///home/runner/work/Anikku-Mod/Anikku-Mod/app/src/main/java/eu/kanade/tachiyomi/data/notification/NotificationReceiver.kt:252:9 This is a delicate API and its use requires care. Make sure you fully read and understand documentation of the declaration that is marked as a delicate API.
Build & Release	Build Debug APK	2026-01-23T06:52:13.2840519Z w: file:///home/runner/work/Anikku-Mod/Anikku-Mod/app/src/main/java/eu/kanade/tachiyomi/data/sync/service/GoogleDriveSyncService.kt:11:8 'class GoogleCredential : Credential' is deprecated. Deprecated in Java.
Build & Release	Build Debug APK	2026-01-23T06:52:13.2842937Z w: file:///home/runner/work/Anikku-Mod/Anikku-Mod/app/src/main/java/eu/kanade/tachiyomi/data/sync/service/GoogleDriveSyncService.kt:322:26 'class GoogleCredential : Credential' is deprecated. Deprecated in Java.
Build & Release	Build Debug APK	2026-01-23T06:52:13.2845647Z w: file:///home/runner/work/Anikku-Mod/Anikku-Mod/app/src/main/java/eu/kanade/tachiyomi/data/sync/service/GoogleDriveSyncService.kt:373:26 'class GoogleCredential : Credential' is deprecated. Deprecated in Java.
Build & Release	Build Debug APK	2026-01-23T06:52:13.2848198Z w: file:///home/runner/work/Anikku-Mod/Anikku-Mod/app/src/main/java/eu/kanade/tachiyomi/data/track/TrackStatus.kt:13:39 This annotation is currently applied to the value parameter only, but in the future it will also be applied to field.
Build & Release	Build Debug APK	2026-01-23T06:52:13.2850323Z - To opt in to applying to both value parameter and field, add '-Xannotation-default-target=param-property' to your compiler arguments.
Build & Release	Build Debug APK	2026-01-23T06:52:13.2851697Z - To keep applying to the value parameter only, use the '@param:' annotation target.
Build & Release	Build Debug APK	2026-01-23T06:52:13.2852273Z 
Build & Release	Build Debug APK	2026-01-23T06:52:13.2852646Z See https://youtrack.jetbrains.com/issue/KT-73255 for more details.
Build & Release	Build Debug APK	2026-01-23T06:52:13.2854050Z w: file:///home/runner/work/Anikku-Mod/Anikku-Mod/app/src/main/java/eu/kanade/tachiyomi/data/track/bangumi/Bangumi.kt:58:20 Condition is always 'true'.
Build & Release	Build Debug APK	2026-01-23T06:52:13.2856829Z w: file:///home/runner/work/Anikku-Mod/Anikku-Mod/app/src/main/java/eu/kanade/tachiyomi/data/updater/AppUpdateDownloadJob.kt:235:13 This is a delicate API and its use requires care. Make sure you fully read and understand documentation of the declaration that is marked as a delicate API.
Build & Release	Build Debug APK	2026-01-23T06:52:13.2859948Z w: file:///home/runner/work/Anikku-Mod/Anikku-Mod/app/src/main/java/eu/kanade/tachiyomi/extension/util/ExtensionInstallActivity.kt:28:43 'static field ACTION_INSTALL_PACKAGE: String' is deprecated. Deprecated in Java.
Build & Release	Build Debug APK	2026-01-23T06:52:13.2892861Z w: file:///home/runner/work/Anikku-Mod/Anikku-Mod/app/src/main/java/eu/kanade/tachiyomi/ui/player/AniyomiMPVView.kt:171:38 'static field ACTION_MULTIPLE: Int' is deprecated. Deprecated in Java.
Build & Release	Build Debug APK	2026-01-23T06:52:13.2895376Z w: file:///home/runner/work/Anikku-Mod/Anikku-Mod/app/src/main/java/eu/kanade/tachiyomi/ui/player/CastManager.kt:575:20 'fun seek(p0: Long): PendingResult<RemoteMediaClient.MediaChannelResult!>' is deprecated. Deprecated in Java.
Build & Release	Build Debug APK	2026-01-23T06:52:13.2898095Z w: file:///home/runner/work/Anikku-Mod/Anikku-Mod/app/src/main/java/eu/kanade/tachiyomi/ui/player/PlayerActivity.kt:376:13 'fun enterPictureInPictureMode(): Unit' is deprecated. Deprecated in Java.
Build & Release	Build Debug APK	2026-01-23T06:52:13.2900777Z w: file:///home/runner/work/Anikku-Mod/Anikku-Mod/app/src/main/java/eu/kanade/tachiyomi/ui/player/PlayerActivity.kt:388:17 'fun enterPictureInPictureMode(): Unit' is deprecated. Deprecated in Java.
Build & Release	Build Debug APK	2026-01-23T06:52:13.2903465Z w: file:///home/runner/work/Anikku-Mod/Anikku-Mod/app/src/main/java/eu/kanade/tachiyomi/ui/player/PlayerActivity.kt:391:19 'fun onBackPressed(): Unit' is deprecated. This method has been deprecated in favor of using the
Build & Release	Build Debug APK	2026-01-23T06:52:13.2905397Z       {@link OnBackPressedDispatcher} via {@link #getOnBackPressedDispatcher()}.
Build & Release	Build Debug APK	2026-01-23T06:52:13.2906473Z       The OnBackPressedDispatcher controls how back button events are dispatched
Build & Release	Build Debug APK	2026-01-23T06:52:13.2907373Z       to one or more {@link OnBackPressedCallback} objects.
Build & Release	Build Debug APK	2026-01-23T06:52:13.2909092Z w: file:///home/runner/work/Anikku-Mod/Anikku-Mod/app/src/main/java/eu/kanade/tachiyomi/ui/player/PlayerActivity.kt:404:22 'var systemUiVisibility: Int' is deprecated. Deprecated in Java.
Build & Release	Build Debug APK	2026-01-23T06:52:13.2911805Z w: file:///home/runner/work/Anikku-Mod/Anikku-Mod/app/src/main/java/eu/kanade/tachiyomi/ui/player/PlayerActivity.kt:405:18 'static field SYSTEM_UI_FLAG_IMMERSIVE_STICKY: Int' is deprecated. Deprecated in Java.
Build & Release	Build Debug APK	2026-01-23T06:52:13.2914286Z w: file:///home/runner/work/Anikku-Mod/Anikku-Mod/app/src/main/java/eu/kanade/tachiyomi/ui/player/PlayerActivity.kt:406:18 'static field SYSTEM_UI_FLAG_LAYOUT_STABLE: Int' is deprecated. Deprecated in Java.
Build & Release	Build Debug APK	2026-01-23T06:52:13.2916931Z w: file:///home/runner/work/Anikku-Mod/Anikku-Mod/app/src/main/java/eu/kanade/tachiyomi/ui/player/PlayerActivity.kt:407:18 'static field SYSTEM_UI_FLAG_HIDE_NAVIGATION: Int' is deprecated. Deprecated in Java.
Build & Release	Build Debug APK	2026-01-23T06:52:13.2919760Z w: file:///home/runner/work/Anikku-Mod/Anikku-Mod/app/src/main/java/eu/kanade/tachiyomi/ui/player/PlayerActivity.kt:408:18 'static field SYSTEM_UI_FLAG_LOW_PROFILE: Int' is deprecated. Deprecated in Java.
Build & Release	Build Debug APK	2026-01-23T06:52:13.2953128Z w: file:///home/runner/work/Anikku-Mod/Anikku-Mod/app/src/main/java/eu/kanade/tachiyomi/ui/player/PlayerActivity.kt:1135:13 This is a delicate API and its use requires care. Make sure you fully read and understand documentation of the declaration that is marked as a delicate API.
Build & Release	Build Debug APK	2026-01-23T06:52:13.2955913Z w: file:///home/runner/work/Anikku-Mod/Anikku-Mod/app/src/main/java/eu/kanade/tachiyomi/ui/player/PlayerActivity.kt:1138:58 'val quality: String' is deprecated. Use videoTitle instead.
Build & Release	Build Debug APK	2026-01-23T06:52:13.2958144Z w: file:///home/runner/work/Anikku-Mod/Anikku-Mod/app/src/main/java/eu/kanade/tachiyomi/ui/player/PlayerViewModel.kt:139:75 Unchecked cast of 'PlayerViewModel' to 'T (of fun <T : ViewModel> create)'.
Build & Release	Build Debug APK	2026-01-23T06:52:13.2960573Z w: file:///home/runner/work/Anikku-Mod/Anikku-Mod/app/src/main/java/eu/kanade/tachiyomi/ui/player/PlayerViewModel.kt:892:28 'fun toggleSoftInput(p0: Int, p1: Int): Unit' is deprecated. Deprecated in Java.
Build & Release	Build Debug APK	2026-01-23T06:52:13.2962859Z w: file:///home/runner/work/Anikku-Mod/Anikku-Mod/app/src/main/java/eu/kanade/tachiyomi/ui/player/PlayerViewModel.kt:892:63 'static field SHOW_FORCED: Int' is deprecated. Deprecated in Java.
Build & Release	Build Debug APK	2026-01-23T06:52:13.2965095Z w: file:///home/runner/work/Anikku-Mod/Anikku-Mod/app/src/main/java/eu/kanade/tachiyomi/ui/player/PlayerViewModel.kt:896:28 'fun toggleSoftInput(p0: Int, p1: Int): Unit' is deprecated. Deprecated in Java.
Build & Release	Build Debug APK	2026-01-23T06:52:13.2967537Z w: file:///home/runner/work/Anikku-Mod/Anikku-Mod/app/src/main/java/eu/kanade/tachiyomi/ui/player/cast/CastMediaBuilder.kt:43:85 'val quality: String' is deprecated. Use videoTitle instead.
Build & Release	Build Debug APK	2026-01-23T06:52:13.2969871Z w: file:///home/runner/work/Anikku-Mod/Anikku-Mod/app/src/main/java/eu/kanade/tachiyomi/ui/player/cast/CastMiniController.kt:99:58 'fun overridePendingTransition(p0: Int, p1: Int): Unit' is deprecated. Deprecated in Java.
Build & Release	Build Debug APK	2026-01-23T06:52:13.2972652Z w: file:///home/runner/work/Anikku-Mod/Anikku-Mod/app/src/main/java/eu/kanade/tachiyomi/ui/player/cast/ExpandedControlsActivity.kt:39:9 'fun overridePendingTransition(p0: Int, p1: Int): Unit' is deprecated. Deprecated in Java.
Build & Release	Build Debug APK	2026-01-23T06:52:13.2975519Z w: file:///home/runner/work/Anikku-Mod/Anikku-Mod/app/src/main/java/eu/kanade/tachiyomi/ui/player/cast/ExpandedControlsActivity.kt:68:9 'fun overridePendingTransition(p0: Int, p1: Int): Unit' is deprecated. Deprecated in Java.
Build & Release	Build Debug APK	2026-01-23T06:52:13.2978179Z w: file:///home/runner/work/Anikku-Mod/Anikku-Mod/app/src/main/java/eu/kanade/tachiyomi/ui/player/cast/components/CastDialogs.kt:57:45 'val quality: String' is deprecated. Use videoTitle instead.
Build & Release	Build Debug APK	2026-01-23T06:52:13.3010262Z w: file:///home/runner/work/Anikku-Mod/Anikku-Mod/app/src/main/java/eu/kanade/tachiyomi/ui/player/cast/components/ExpandedControllerScreen.kt:100:26 'val LocalLifecycleOwner: ProvidableCompositionLocal<LifecycleOwner>' is deprecated. Moved to lifecycle-runtime-compose library in androidx.lifecycle.compose package.
Build & Release	Build Debug APK	2026-01-23T06:52:13.3014328Z w: file:///home/runner/work/Anikku-Mod/Anikku-Mod/app/src/main/java/eu/kanade/tachiyomi/ui/player/cast/components/ExpandedControllerScreen.kt:302:59 'fun seek(p0: Long): PendingResult<RemoteMediaClient.MediaChannelResult!>' is deprecated. Deprecated in Java.
Build & Release	Build Debug APK	2026-01-23T06:52:13.3017687Z w: file:///home/runner/work/Anikku-Mod/Anikku-Mod/app/src/main/java/eu/kanade/tachiyomi/ui/player/cast/components/ExpandedControllerScreen.kt:369:49 'fun seek(p0: Long): PendingResult<RemoteMediaClient.MediaChannelResult!>' is deprecated. Deprecated in Java.
Build & Release	Build Debug APK	2026-01-23T06:52:13.3021225Z w: file:///home/runner/work/Anikku-Mod/Anikku-Mod/app/src/main/java/eu/kanade/tachiyomi/ui/player/cast/components/ExpandedControllerScreen.kt:401:49 'fun seek(p0: Long): PendingResult<RemoteMediaClient.MediaChannelResult!>' is deprecated. Deprecated in Java.
Build & Release	Build Debug APK	2026-01-23T06:52:13.3024618Z w: file:///home/runner/work/Anikku-Mod/Anikku-Mod/app/src/main/java/eu/kanade/tachiyomi/ui/setting/connections/DiscordLoginActivity.kt:35:22 'var databaseEnabled: Boolean' is deprecated. Deprecated in Java.
Build & Release	Build Debug APK	2026-01-23T06:52:13.3028110Z w: file:///home/runner/work/Anikku-Mod/Anikku-Mod/app/src/main/java/eu/kanade/tachiyomi/util/view/EditTextPreferenceExtensions.kt:8:24 This extension is shadowed by a member: 'fun getOnBindEditTextListener(): EditTextPreference.OnBindEditTextListener?' defined in 'androidx.preference.EditTextPreference'.
Build & Release	Build Debug APK	2026-01-23T06:52:13.3031222Z w: file:///home/runner/work/Anikku-Mod/Anikku-Mod/app/src/main/java/exh/log/XLogLogcatLogger.kt:21:13 'when' is exhaustive so 'else' is redundant here.
Build & Release	Build Debug APK	2026-01-23T06:52:16.9601089Z 
Build & Release	Build Debug APK	2026-01-23T06:52:16.9613510Z > Task :app:compileDebugJavaWithJavac
Build & Release	Build Debug APK	2026-01-23T06:52:46.5550775Z > Task :app:dexBuilderDebug
Build & Release	Build Debug APK	2026-01-23T06:52:46.6546693Z > Task :app:mergeDebugGlobalSynthetics FROM-CACHE
Build & Release	Build Debug APK	2026-01-23T06:52:46.7552334Z > Task :app:processDebugJavaRes
Build & Release	Build Debug APK	2026-01-23T06:52:49.3547101Z > Task :app:mergeDebugJavaResource
Build & Release	Build Debug APK	2026-01-23T06:52:49.9547723Z > Task :app:mergeProjectDexDebug
Build & Release	Build Debug APK	2026-01-23T06:52:55.6546385Z > Task :app:packageDebug
Build & Release	Build Debug APK	2026-01-23T06:52:55.6546996Z > Task :app:createDebugApkListingFileRedirect
Build & Release	Build Debug APK	2026-01-23T06:52:55.6547946Z > Task :app:assembleDebug
Build & Release	Build Debug APK	2026-01-23T06:52:55.7546934Z gradle/actions: Writing build results to /home/runner/work/_temp/.gradle-actions/build-results/__run-1769151022343.json
Build & Release	Build Debug APK	2026-01-23T06:52:55.7548021Z 
Build & Release	Build Debug APK	2026-01-23T06:52:55.7548725Z [Incubating] Problems report is available at: file:///home/runner/work/Anikku-Mod/Anikku-Mod/build/reports/problems/problems-report.html
Build & Release	Build Debug APK	2026-01-23T06:52:55.7549603Z 
Build & Release	Build Debug APK	2026-01-23T06:52:55.7550059Z Deprecated Gradle features were used in this build, making it incompatible with Gradle 9.0.
Build & Release	Build Debug APK	2026-01-23T06:52:55.7550778Z 
Build & Release	Build Debug APK	2026-01-23T06:52:55.7551181Z You can use '--warning-mode all' to show the individual deprecation warnings and determine if they come from your own scripts or plugins.
Build & Release	Build Debug APK	2026-01-23T06:52:55.7551671Z 
Build & Release	Build Debug APK	2026-01-23T06:52:55.7552146Z For more on this, please refer to https://docs.gradle.org/8.14.3/userguide/command_line_interface.html#sec:command_line_warnings in the Gradle documentation.
Build & Release	Build Debug APK	2026-01-23T06:52:55.7552690Z 
Build & Release	Build Debug APK	2026-01-23T06:52:55.7552798Z BUILD SUCCESSFUL in 2m 37s
Build & Release	Build Debug APK	2026-01-23T06:52:55.7553103Z 510 actionable tasks: 271 executed, 239 from cache
Build & Release	Rename APK	ï»¿2026-01-23T06:52:56.0936058Z ##[group]Run VERSION="master"
Build & Release	Rename APK	2026-01-23T06:52:56.0936474Z [36;1mVERSION="master"[0m
Build & Release	Rename APK	2026-01-23T06:52:56.0936808Z [36;1m# Sanitize version for filename (replace / with -)[0m
Build & Release	Rename APK	2026-01-23T06:52:56.0937165Z [36;1mVERSION=${VERSION//\//-}[0m
Build & Release	Rename APK	2026-01-23T06:52:56.0937668Z [36;1mmv app/build/outputs/apk/debug/app-debug.apk app/build/outputs/apk/debug/Anikku-Mod-$VERSION.apk[0m
Build & Release	Rename APK	2026-01-23T06:52:56.1013057Z shell: /usr/bin/bash -e {0}
Build & Release	Rename APK	2026-01-23T06:52:56.1013348Z env:
Build & Release	Rename APK	2026-01-23T06:52:56.1013678Z   JAVA_HOME: /opt/hostedtoolcache/Java_Temurin-Hotspot_jdk/17.0.17-10/x64
Build & Release	Rename APK	2026-01-23T06:52:56.1014181Z   JAVA_HOME_17_X64: /opt/hostedtoolcache/Java_Temurin-Hotspot_jdk/17.0.17-10/x64
Build & Release	Rename APK	2026-01-23T06:52:56.1014634Z   GRADLE_ACTION_ID: gradle/actions/setup-gradle
Build & Release	Rename APK	2026-01-23T06:52:56.1014954Z   GRADLE_USER_HOME: /home/runner/.gradle
Build & Release	Rename APK	2026-01-23T06:52:56.1015266Z   GRADLE_BUILD_ACTION_SETUP_COMPLETED: true
Build & Release	Rename APK	2026-01-23T06:52:56.1015575Z   GRADLE_BUILD_ACTION_CACHE_RESTORED: true
Build & Release	Rename APK	2026-01-23T06:52:56.1016022Z   DEVELOCITY_INJECTION_INIT_SCRIPT_NAME: gradle-actions.inject-develocity.init.gradle
Build & Release	Rename APK	2026-01-23T06:52:56.1016598Z   DEVELOCITY_INJECTION_CUSTOM_VALUE: gradle-actions
Build & Release	Rename APK	2026-01-23T06:52:56.1016930Z   GITHUB_DEPENDENCY_GRAPH_ENABLED: false
Build & Release	Rename APK	2026-01-23T06:52:56.1017217Z ##[endgroup]
Build & Release	Rename APK	2026-01-23T06:52:56.1069894Z mv: cannot stat 'app/build/outputs/apk/debug/app-debug.apk': No such file or directory
Build & Release	Rename APK	2026-01-23T06:52:56.1081688Z ##[error]Process completed with exit code 1.
Build & Release	Post Set up Gradle	ï»¿2026-01-23T06:52:56.1245894Z Post job cleanup.
Build & Release	Post Set up Gradle	2026-01-23T06:52:56.4204505Z In post-action step
Build & Release	Post Set up Gradle	2026-01-23T06:52:56.4214199Z ##[group]Stopping Gradle daemons
Build & Release	Post Set up Gradle	2026-01-23T06:52:56.4215378Z Stopping Gradle daemons for /home/runner/.gradle/wrapper/dists/gradle-8.14.3-bin/cv11ve7ro1n3o1j4so8xd9n66/gradle-8.14.3
Build & Release	Post Set up Gradle	2026-01-23T06:52:56.4230323Z [command]/home/runner/.gradle/wrapper/dists/gradle-8.14.3-bin/cv11ve7ro1n3o1j4so8xd9n66/gradle-8.14.3/bin/gradle --stop
Build & Release	Post Set up Gradle	2026-01-23T06:52:56.9746820Z No Gradle daemons are running.
Build & Release	Post Set up Gradle	2026-01-23T06:52:56.9823638Z ##[endgroup]
Build & Release	Post Set up Gradle	2026-01-23T06:52:56.9858787Z ##[group]Provision Gradle >= 8.14.3
Build & Release	Post Set up Gradle	2026-01-23T06:53:00.2164201Z Gradle version 9.3.0 is available at /usr/bin/gradle and >= 8.14.3. Not installing.
Build & Release	Post Set up Gradle	2026-01-23T06:53:00.2165082Z ##[endgroup]
Build & Release	Post Set up Gradle	2026-01-23T06:53:00.2168790Z ##[group]Executing Gradle to clean up caches
Build & Release	Post Set up Gradle	2026-01-23T06:53:00.2169480Z Cleaning up caches last used before 1769150997181
Build & Release	Post Set up Gradle	2026-01-23T06:53:00.2172987Z [command]/usr/bin/gradle -g /home/runner/.gradle -I init.gradle --info --no-daemon --no-scan --build-cache -DGITHUB_DEPENDENCY_GRAPH_ENABLED=false -DGRADLE_ACTIONS_SKIP_BUILD_RESULT_CAPTURE=true noop
Build & Release	Post Set up Gradle	2026-01-23T06:53:00.6400734Z Initialized native services in: /home/runner/.gradle/native
Build & Release	Post Set up Gradle	2026-01-23T06:53:00.6443200Z Initialized jansi services in: /home/runner/.gradle/native
Build & Release	Post Set up Gradle	2026-01-23T06:53:01.0708119Z To honour the JVM settings for this build a single-use Daemon process will be forked. For more on this, please refer to https://docs.gradle.org/9.3.0/userguide/gradle_daemon.html#sec:disabling_the_daemon in the Gradle documentation.
Build & Release	Post Set up Gradle	2026-01-23T06:53:01.1725543Z Starting process 'Gradle build daemon'. Working directory: /home/runner/.gradle/daemon/9.3.0 Command: /usr/lib/jvm/temurin-17-jdk-amd64/bin/java --add-opens=java.base/java.lang=ALL-UNNAMED --add-opens=java.base/java.lang.invoke=ALL-UNNAMED --add-opens=java.base/java.util=ALL-UNNAMED --add-opens=java.prefs/java.util.prefs=ALL-UNNAMED --add-exports=jdk.compiler/com.sun.tools.javac.api=ALL-UNNAMED --add-exports=jdk.compiler/com.sun.tools.javac.util=ALL-UNNAMED --add-opens=java.base/java.util=ALL-UNNAMED --add-opens=java.prefs/java.util.prefs=ALL-UNNAMED --add-opens=java.base/java.nio.charset=ALL-UNNAMED --add-opens=java.base/java.net=ALL-UNNAMED --add-opens=java.base/java.util.concurrent=ALL-UNNAMED --add-opens=java.base/java.util.concurrent.atomic=ALL-UNNAMED --add-opens=java.xml/javax.xml.namespace=ALL-UNNAMED --add-opens=java.base/java.time=ALL-UNNAMED -XX:MaxMetaspaceSize=384m -XX:+HeapDumpOnOutOfMemoryError -Xms256m -Xmx512m -Dfile.encoding=UTF-8 -Duser.country -Duser.language=en -Duser.variant -cp /usr/share/gradle-9.3.0/lib/gradle-daemon-main-9.3.0.jar -javaagent:/usr/share/gradle-9.3.0/lib/agents/gradle-instrumentation-agent-9.3.0.jar org.gradle.launcher.daemon.bootstrap.GradleDaemon 9.3.0
Build & Release	Post Set up Gradle	2026-01-23T06:53:01.1730271Z Successfully started process 'Gradle build daemon'
Build & Release	Post Set up Gradle	2026-01-23T06:53:04.0712208Z An attempt to start the daemon took 2.993 secs.
Build & Release	Post Set up Gradle	2026-01-23T06:53:04.1704747Z The client will now receive all logging from the daemon (pid: 2737). The daemon log file: /home/runner/.gradle/daemon/9.3.0/daemon-2737.out.log
Build & Release	Post Set up Gradle	2026-01-23T06:53:04.1706111Z Daemon will be stopped at the end of the build 
Build & Release	Post Set up Gradle	2026-01-23T06:53:04.8705601Z Using 4 worker leases.
Build & Release	Post Set up Gradle	2026-01-23T06:53:05.0709500Z Operational build model parameters: {requiresToolingModels=false, parallelProjectExecution=false, configureOnDemand=false, configurationCache=false, configurationCacheParallelStore=false, configurationCacheParallelLoad=true, isolatedProjects=false, parallelProjectConfiguration=false, intermediateModelCache=false, parallelToolingApiActions=false, invalidateCoupledProjects=false, modelAsProjectDependency=false, resilientModelBuilding=false}
Build & Release	Post Set up Gradle	2026-01-23T06:53:05.6705831Z Received JVM installation metadata from '/usr/lib/jvm/temurin-17-jdk-amd64': {JAVA_HOME=/usr/lib/jvm/temurin-17-jdk-amd64, JAVA_VERSION=17.0.17, JAVA_VENDOR=Eclipse Adoptium, RUNTIME_NAME=OpenJDK Runtime Environment, RUNTIME_VERSION=17.0.17+10, VM_NAME=OpenJDK 64-Bit Server VM, VM_VERSION=17.0.17+10, VM_VENDOR=Eclipse Adoptium, OS_ARCH=amd64}
Build & Release	Post Set up Gradle	2026-01-23T06:53:06.0704147Z Watching the file system is configured to be enabled if available
Build & Release	Post Set up Gradle	2026-01-23T06:53:06.0705614Z Now considering [/home/runner/work/_temp/dummy-cleanup-project] as hierarchies to watch
Build & Release	Post Set up Gradle	2026-01-23T06:53:06.0706614Z File system watching is active
Build & Release	Post Set up Gradle	2026-01-23T06:53:06.6705582Z Caching disabled for Groovy DSL script compilation (cp_init) because:
Build & Release	Post Set up Gradle	2026-01-23T06:53:06.6706396Z   Build cache is disabled
Build & Release	Post Set up Gradle	2026-01-23T06:53:06.6706855Z   Not worth caching.
Build & Release	Post Set up Gradle	2026-01-23T06:53:06.6707855Z Compiling initialization script '/home/runner/work/_temp/dummy-cleanup-project/init.gradle' using SubsetScriptTransformer.
Build & Release	Post Set up Gradle	2026-01-23T06:53:07.4727362Z Caching disabled for Groovy DSL script compilation (init) because:
Build & Release	Post Set up Gradle	2026-01-23T06:53:07.4728830Z   Build cache is disabled
Build & Release	Post Set up Gradle	2026-01-23T06:53:07.4729517Z   Not worth caching.
Build & Release	Post Set up Gradle	2026-01-23T06:53:07.4730906Z Compiling initialization script '/home/runner/work/_temp/dummy-cleanup-project/init.gradle' using BuildScriptTransformer.
Build & Release	Post Set up Gradle	2026-01-23T06:53:08.0723838Z gradle/actions: Not capturing build results
Build & Release	Post Set up Gradle	2026-01-23T06:53:08.3708509Z Starting Build
Build & Release	Post Set up Gradle	2026-01-23T06:53:08.3714840Z Settings evaluated using settings file '/home/runner/work/_temp/dummy-cleanup-project/settings.gradle'.
Build & Release	Post Set up Gradle	2026-01-23T06:53:08.4713720Z Using local directory build cache for the root build (location = /home/runner/.gradle/caches/build-cache-1, remove unused entries = older than 2026-01-23 06:49:57 UTC).
Build & Release	Post Set up Gradle	2026-01-23T06:53:08.5730326Z Projects loaded. Root project using build file '/home/runner/work/_temp/dummy-cleanup-project/build.gradle'.
Build & Release	Post Set up Gradle	2026-01-23T06:53:08.5731923Z Included projects: [root project 'dummy-cleanup-project']
Build & Release	Post Set up Gradle	2026-01-23T06:53:08.8705280Z 
Build & Release	Post Set up Gradle	2026-01-23T06:53:08.8715084Z > Configure project :
Build & Release	Post Set up Gradle	2026-01-23T06:53:08.8716499Z Evaluating root project 'dummy-cleanup-project' using build file '/home/runner/work/_temp/dummy-cleanup-project/build.gradle'.
Build & Release	Post Set up Gradle	2026-01-23T06:53:08.8718454Z All projects evaluated.
Build & Release	Post Set up Gradle	2026-01-23T06:53:08.8721658Z Task name matched 'noop'
Build & Release	Post Set up Gradle	2026-01-23T06:53:08.8722402Z Selected primary task 'noop' from project :
Build & Release	Post Set up Gradle	2026-01-23T06:53:08.8723118Z Tasks to be executed: [task ':noop']
Build & Release	Post Set up Gradle	2026-01-23T06:53:08.8723727Z Tasks that were excluded: []
Build & Release	Post Set up Gradle	2026-01-23T06:53:08.8724512Z Resolve mutations for :noop (Thread[Execution worker,5,main]) started.
Build & Release	Post Set up Gradle	2026-01-23T06:53:08.8725711Z :noop (Thread[Execution worker,5,main]) started.
Build & Release	Post Set up Gradle	2026-01-23T06:53:08.9731490Z 
Build & Release	Post Set up Gradle	2026-01-23T06:53:08.9732006Z > Task :noop UP-TO-DATE
Build & Release	Post Set up Gradle	2026-01-23T06:53:08.9732524Z Skipping task ':noop' as it has no actions.
Build & Release	Post Set up Gradle	2026-01-23T06:53:08.9732869Z 
Build & Release	Post Set up Gradle	2026-01-23T06:53:08.9733019Z BUILD SUCCESSFUL in 8s
Build & Release	Post Set up Gradle	2026-01-23T06:53:08.9734032Z Consider enabling configuration cache to speed up this build: https://docs.gradle.org/9.3.0/userguide/configuration_cache_enabling.html
Build & Release	Post Set up Gradle	2026-01-23T06:53:08.9735547Z Build cache (/home/runner/.gradle/caches/build-cache-1) removing files not accessed on or after Fri Jan 23 06:49:57 UTC 2026.
Build & Release	Post Set up Gradle	2026-01-23T06:53:08.9747992Z Build cache (/home/runner/.gradle/caches/build-cache-1) cleanup deleted 6 files/directories.
Build & Release	Post Set up Gradle	2026-01-23T06:53:08.9749184Z Build cache (/home/runner/.gradle/caches/build-cache-1) cleaned up in 0.04 secs.
Build & Release	Post Set up Gradle	2026-01-23T06:53:08.9757912Z dependencies-accessors (/home/runner/.gradle/caches/9.3.0/dependencies-accessors) removing files not accessed on or after Fri Jan 23 06:49:57 UTC 2026.
Build & Release	Post Set up Gradle	2026-01-23T06:53:08.9769239Z dependencies-accessors (/home/runner/.gradle/caches/9.3.0/dependencies-accessors) cleanup deleted 0 files/directories.
Build & Release	Post Set up Gradle	2026-01-23T06:53:08.9771953Z dependencies-accessors (/home/runner/.gradle/caches/9.3.0/dependencies-accessors) cleaned up in 0.0 secs.
Build & Release	Post Set up Gradle	2026-01-23T06:53:08.9773347Z jars (/home/runner/.gradle/caches/jars-9) cleanup deleted 0 files/directories.
Build & Release	Post Set up Gradle	2026-01-23T06:53:08.9775107Z jars (/home/runner/.gradle/caches/jars-9) removing files not accessed on or after Fri Jan 23 06:49:57 UTC 2026.
Build & Release	Post Set up Gradle	2026-01-23T06:53:09.0713990Z jars (/home/runner/.gradle/caches/jars-9) cleanup deleted 1 files/directories.
Build & Release	Post Set up Gradle	2026-01-23T06:53:09.0722422Z jars (/home/runner/.gradle/caches/jars-9) cleaned up in 0.011 secs.
Build & Release	Post Set up Gradle	2026-01-23T06:53:09.0724349Z groovy-dsl (/home/runner/.gradle/caches/9.3.0/groovy-dsl) removing files not accessed on or after Fri Jan 23 06:49:57 UTC 2026.
Build & Release	Post Set up Gradle	2026-01-23T06:53:09.0754355Z groovy-dsl (/home/runner/.gradle/caches/9.3.0/groovy-dsl) cleanup deleted 2 files/directories.
Build & Release	Post Set up Gradle	2026-01-23T06:53:09.0755697Z groovy-dsl (/home/runner/.gradle/caches/9.3.0/groovy-dsl) cleaned up in 0.005 secs.
Build & Release	Post Set up Gradle	2026-01-23T06:53:09.0757347Z artifact cache (/home/runner/.gradle/caches/modules-2) cleanup deleted 0 files/directories.
Build & Release	Post Set up Gradle	2026-01-23T06:53:09.0759024Z artifact cache (/home/runner/.gradle/caches/modules-2) [subdir: /home/runner/.gradle/caches/modules-2/resources-2.1] cleanup deleted 0 files/directories.
Build & Release	Post Set up Gradle	2026-01-23T06:53:09.0762016Z artifact cache (/home/runner/.gradle/caches/modules-2) [subdir: /home/runner/.gradle/caches/modules-2/resources-2.1] removing files not accessed on or after Fri Jan 23 06:49:57 UTC 2026.
Build & Release	Post Set up Gradle	2026-01-23T06:53:09.0763877Z artifact cache (/home/runner/.gradle/caches/modules-2) [subdir: /home/runner/.gradle/caches/modules-2/resources-2.1] cleanup deleted 0 files/directories.
Build & Release	Post Set up Gradle	2026-01-23T06:53:09.0765673Z artifact cache (/home/runner/.gradle/caches/modules-2) [subdir: /home/runner/.gradle/caches/modules-2/files-2.1] cleanup deleted 0 files/directories.
Build & Release	Post Set up Gradle	2026-01-23T06:53:09.0767616Z artifact cache (/home/runner/.gradle/caches/modules-2) [subdir: /home/runner/.gradle/caches/modules-2/files-2.1] removing files not accessed on or after Fri Jan 23 06:49:57 UTC 2026.
Build & Release	Post Set up Gradle	2026-01-23T06:53:09.0769684Z artifact cache (/home/runner/.gradle/caches/modules-2) [subdir: /home/runner/.gradle/caches/modules-2/files-2.1] cleanup deleted 0 files/directories.
Build & Release	Post Set up Gradle	2026-01-23T06:53:09.0771974Z artifact cache (/home/runner/.gradle/caches/modules-2) [subdir: /home/runner/.gradle/caches/modules-2/metadata-2.107] cleanup deleted 0 files/directories.
Build & Release	Post Set up Gradle	2026-01-23T06:53:09.0773419Z artifact cache (/home/runner/.gradle/caches/modules-2) cleanup deleted 0 files/directories.
Build & Release	Post Set up Gradle	2026-01-23T06:53:09.0774470Z artifact cache (/home/runner/.gradle/caches/modules-2) cleaned up in 0.074 secs.
Build & Release	Post Set up Gradle	2026-01-23T06:53:09.0775805Z Artifact transforms cache (/home/runner/.gradle/caches/9.3.0/transforms) removing files not accessed on or after Fri Jan 23 06:49:57 UTC 2026.
Build & Release	Post Set up Gradle	2026-01-23T06:53:09.0777310Z Artifact transforms cache (/home/runner/.gradle/caches/9.3.0/transforms) cleanup deleted 0 files/directories.
Build & Release	Post Set up Gradle	2026-01-23T06:53:09.0778543Z Artifact transforms cache (/home/runner/.gradle/caches/9.3.0/transforms) cleaned up in 0.0 secs.
Build & Release	Post Set up Gradle	2026-01-23T06:53:09.1643707Z ##[endgroup]
Build & Release	Post Set up Gradle	2026-01-23T06:53:09.1644192Z ##[group]Caching Gradle state
Build & Release	Post Set up Gradle	2026-01-23T06:53:09.6094386Z [command]/usr/bin/tar --posix -cf cache.tzst --exclude cache.tzst -P -C /home/runner/work/Anikku-Mod/Anikku-Mod --files-from manifest.txt --use-compress-program zstdmt
Build & Release	Post Set up Gradle	2026-01-23T06:53:09.9540955Z [command]/usr/bin/tar --posix -cf cache.tzst --exclude cache.tzst -P -C /home/runner/work/Anikku-Mod/Anikku-Mod --files-from manifest.txt --use-compress-program zstdmt
Build & Release	Post Set up Gradle	2026-01-23T06:53:10.6041633Z Sent 121290 of 121290 (100.0%), 0.3 MBs/sec
Build & Release	Post Set up Gradle	2026-01-23T06:53:10.6063904Z Sent 188345 of 188345 (100.0%), 0.5 MBs/sec
Build & Release	Post Set up Gradle	2026-01-23T06:53:10.8350520Z Saved cache entry with key gradle-groovy-dsl-v1-8a8b78459eb3d55f75eed610126cc215 from /home/runner/.gradle/caches/*/groovy-dsl/*/ in 929ms
Build & Release	Post Set up Gradle	2026-01-23T06:53:10.8455414Z Saved cache entry with key gradle-instrumented-jars-v1-4d5803bf75a814f20737d26a9c873466 from /home/runner/.gradle/caches/jars-*/*/ in 1255ms
Build & Release	Post Set up Gradle	2026-01-23T06:53:13.3717587Z [command]/usr/bin/tar --posix -cf cache.tzst --exclude cache.tzst -P -C /home/runner/work/Anikku-Mod/Anikku-Mod --files-from manifest.txt --use-compress-program zstdmt
Build & Release	Post Set up Gradle	2026-01-23T06:53:15.2292348Z Sent 29622272 of 121891031 (24.3%), 28.2 MBs/sec
Build & Release	Post Set up Gradle	2026-01-23T06:53:16.2312265Z Sent 90046464 of 121891031 (73.9%), 42.9 MBs/sec
Build & Release	Post Set up Gradle	2026-01-23T06:53:17.2310365Z Sent 121891031 of 121891031 (100.0%), 38.7 MBs/sec
Build & Release	Post Set up Gradle	2026-01-23T06:53:17.6190736Z Saved cache entry with key gradle-home-v1|Linux-X64|build-debug[965596241329c6e509da153a9e0a419a]-9bb93bee5f4d2c198fe7522e99e08648ff284304 from /home/runner/.gradle/caches,/home/runner/.gradle/notifications,/home/runner/.gradle/.setup-gradle in 4256ms
Build & Release	Post Set up Gradle	2026-01-23T06:53:17.6192339Z ##[endgroup]
Build & Release	Post Set up Gradle	2026-01-23T06:53:17.6201266Z Generating Job Summary
Build & Release	Post Set up Gradle	2026-01-23T06:53:17.6215258Z Completed post-action step
Build & Release	Post Set up JDK	ï»¿2026-01-23T06:53:17.6399741Z Post job cleanup.
Build & Release	Post Clone repo	ï»¿2026-01-23T06:53:17.8034097Z Post job cleanup.
Build & Release	Post Clone repo	2026-01-23T06:53:17.8904089Z [command]/usr/bin/git version
Build & Release	Post Clone repo	2026-01-23T06:53:17.8935382Z git version 2.52.0
Build & Release	Post Clone repo	2026-01-23T06:53:17.8972015Z Temporarily overriding HOME='/home/runner/work/_temp/666a78fa-b2f2-47da-be46-86f780a0b895' before making global git config changes
Build & Release	Post Clone repo	2026-01-23T06:53:17.8972811Z Adding repository directory to the temporary git global config as a safe directory
Build & Release	Post Clone repo	2026-01-23T06:53:17.8977120Z [command]/usr/bin/git config --global --add safe.directory /home/runner/work/Anikku-Mod/Anikku-Mod
Build & Release	Post Clone repo	2026-01-23T06:53:17.9007194Z [command]/usr/bin/git config --local --name-only --get-regexp core\.sshCommand
Build & Release	Post Clone repo	2026-01-23T06:53:17.9033080Z [command]/usr/bin/git submodule foreach --recursive sh -c "git config --local --name-only --get-regexp 'core\.sshCommand' && git config --local --unset-all 'core.sshCommand' || :"
Build & Release	Post Clone repo	2026-01-23T06:53:17.9247012Z [command]/usr/bin/git config --local --name-only --get-regexp http\.https\:\/\/github\.com\/\.extraheader
Build & Release	Post Clone repo	2026-01-23T06:53:17.9263745Z http.https://github.com/.extraheader
Build & Release	Post Clone repo	2026-01-23T06:53:17.9273793Z [command]/usr/bin/git config --local --unset-all http.https://github.com/.extraheader
Build & Release	Post Clone repo	2026-01-23T06:53:17.9296946Z [command]/usr/bin/git submodule foreach --recursive sh -c "git config --local --name-only --get-regexp 'http\.https\:\/\/github\.com\/\.extraheader' && git config --local --unset-all 'http.https://github.com/.extraheader' || :"
Build & Release	Post Clone repo	2026-01-23T06:53:17.9481284Z [command]/usr/bin/git config --local --name-only --get-regexp ^includeIf\.gitdir:
Build & Release	Post Clone repo	2026-01-23T06:53:17.9512277Z [command]/usr/bin/git submodule foreach --recursive git config --local --show-origin --name-only --get-regexp remote.origin.url
Build & Release	Complete job	ï»¿2026-01-23T06:53:17.9784698Z Cleaning up orphan processes
