Build & Release	Set up job	ï»¿2026-01-23T08:39:29.8317888Z Current runner version: '2.331.0'
Build & Release	Set up job	2026-01-23T08:39:29.8341676Z ##[group]Runner Image Provisioner
Build & Release	Set up job	2026-01-23T08:39:29.8342731Z Hosted Compute Agent
Build & Release	Set up job	2026-01-23T08:39:29.8343291Z Version: 20260115.477
Build & Release	Set up job	2026-01-23T08:39:29.8343904Z Commit: 4b342d620503cbe250a3154040964899ea7c9b00
Build & Release	Set up job	2026-01-23T08:39:29.8344598Z Build Date: 2026-01-15T22:32:41Z
Build & Release	Set up job	2026-01-23T08:39:29.8345262Z Worker ID: {ab59a00e-0d90-4056-9a2b-32254ec44541}
Build & Release	Set up job	2026-01-23T08:39:29.8345953Z Azure Region: westus3
Build & Release	Set up job	2026-01-23T08:39:29.8346545Z ##[endgroup]
Build & Release	Set up job	2026-01-23T08:39:29.8347921Z ##[group]Operating System
Build & Release	Set up job	2026-01-23T08:39:29.8348539Z Ubuntu
Build & Release	Set up job	2026-01-23T08:39:29.8349082Z 24.04.3
Build & Release	Set up job	2026-01-23T08:39:29.8349530Z LTS
Build & Release	Set up job	2026-01-23T08:39:29.8350037Z ##[endgroup]
Build & Release	Set up job	2026-01-23T08:39:29.8350496Z ##[group]Runner Image
Build & Release	Set up job	2026-01-23T08:39:29.8351110Z Image: ubuntu-24.04
Build & Release	Set up job	2026-01-23T08:39:29.8351883Z Version: 20260119.4.1
Build & Release	Set up job	2026-01-23T08:39:29.8352897Z Included Software: https://github.com/actions/runner-images/blob/ubuntu24/20260119.4/images/ubuntu/Ubuntu2404-Readme.md
Build & Release	Set up job	2026-01-23T08:39:29.8354639Z Image Release: https://github.com/actions/runner-images/releases/tag/ubuntu24%2F20260119.4
Build & Release	Set up job	2026-01-23T08:39:29.8355579Z ##[endgroup]
Build & Release	Set up job	2026-01-23T08:39:29.8356554Z ##[group]GITHUB_TOKEN Permissions
Build & Release	Set up job	2026-01-23T08:39:29.8358311Z Contents: write
Build & Release	Set up job	2026-01-23T08:39:29.8358993Z Metadata: read
Build & Release	Set up job	2026-01-23T08:39:29.8359523Z ##[endgroup]
Build & Release	Set up job	2026-01-23T08:39:29.8361748Z Secret source: Actions
Build & Release	Set up job	2026-01-23T08:39:29.8362581Z Prepare workflow directory
Build & Release	Set up job	2026-01-23T08:39:29.8694419Z Prepare all required actions
Build & Release	Set up job	2026-01-23T08:39:29.8732317Z Getting action download info
Build & Release	Set up job	2026-01-23T08:39:30.3263190Z Download action repository 'actions/checkout@v4' (SHA:34e114876b0b11c390a56381ad16ebd13914f8d5)
Build & Release	Set up job	2026-01-23T08:39:30.4457672Z Download action repository 'actions/setup-java@v4' (SHA:c1e323688fd81a25caa38c78aa6df2d33d3e20d9)
Build & Release	Set up job	2026-01-23T08:39:31.4262984Z Download action repository 'gradle/actions@v4' (SHA:748248ddd2a24f49513d8f472f81c3a07d4d50e1)
Build & Release	Set up job	2026-01-23T08:39:32.9926916Z Download action repository 'actions/upload-artifact@v4' (SHA:ea165f8d65b6e75b540449e92b4886f43607fa02)
Build & Release	Set up job	2026-01-23T08:39:33.1113621Z Download action repository 'softprops/action-gh-release@v1' (SHA:de2c0eb89ae2a093876385947365aca7b0e5f844)
Build & Release	Set up job	2026-01-23T08:39:33.9057331Z Complete job name: Build & Release
Build & Release	Clone repo	ï»¿2026-01-23T08:39:33.9683216Z ##[group]Run actions/checkout@v4
Build & Release	Clone repo	2026-01-23T08:39:33.9683783Z with:
Build & Release	Clone repo	2026-01-23T08:39:33.9683979Z   fetch-depth: 1
Build & Release	Clone repo	2026-01-23T08:39:33.9684190Z   repository: salmanbappi/Anikku-Mod
Build & Release	Clone repo	2026-01-23T08:39:33.9684592Z   token: ***
Build & Release	Clone repo	2026-01-23T08:39:33.9684777Z   ssh-strict: true
Build & Release	Clone repo	2026-01-23T08:39:33.9684960Z   ssh-user: git
Build & Release	Clone repo	2026-01-23T08:39:33.9685143Z   persist-credentials: true
Build & Release	Clone repo	2026-01-23T08:39:33.9685358Z   clean: true
Build & Release	Clone repo	2026-01-23T08:39:33.9685558Z   sparse-checkout-cone-mode: true
Build & Release	Clone repo	2026-01-23T08:39:33.9685795Z   fetch-tags: false
Build & Release	Clone repo	2026-01-23T08:39:33.9686000Z   show-progress: true
Build & Release	Clone repo	2026-01-23T08:39:33.9686185Z   lfs: false
Build & Release	Clone repo	2026-01-23T08:39:33.9686351Z   submodules: false
Build & Release	Clone repo	2026-01-23T08:39:33.9686534Z   set-safe-directory: true
Build & Release	Clone repo	2026-01-23T08:39:33.9686957Z ##[endgroup]
Build & Release	Clone repo	2026-01-23T08:39:34.0779264Z Syncing repository: salmanbappi/Anikku-Mod
Build & Release	Clone repo	2026-01-23T08:39:34.0781349Z ##[group]Getting Git version info
Build & Release	Clone repo	2026-01-23T08:39:34.0782243Z Working directory is '/home/runner/work/Anikku-Mod/Anikku-Mod'
Build & Release	Clone repo	2026-01-23T08:39:34.0783269Z [command]/usr/bin/git version
Build & Release	Clone repo	2026-01-23T08:39:34.0845034Z git version 2.52.0
Build & Release	Clone repo	2026-01-23T08:39:34.0871030Z ##[endgroup]
Build & Release	Clone repo	2026-01-23T08:39:34.0886739Z Temporarily overriding HOME='/home/runner/work/_temp/70dd68b3-0d0a-46d9-b8b9-cd9bdb5287dc' before making global git config changes
Build & Release	Clone repo	2026-01-23T08:39:34.0888173Z Adding repository directory to the temporary git global config as a safe directory
Build & Release	Clone repo	2026-01-23T08:39:34.0901047Z [command]/usr/bin/git config --global --add safe.directory /home/runner/work/Anikku-Mod/Anikku-Mod
Build & Release	Clone repo	2026-01-23T08:39:34.0938751Z Deleting the contents of '/home/runner/work/Anikku-Mod/Anikku-Mod'
Build & Release	Clone repo	2026-01-23T08:39:34.0942453Z ##[group]Initializing the repository
Build & Release	Clone repo	2026-01-23T08:39:34.0946878Z [command]/usr/bin/git init /home/runner/work/Anikku-Mod/Anikku-Mod
Build & Release	Clone repo	2026-01-23T08:39:34.1053574Z hint: Using 'master' as the name for the initial branch. This default branch name
Build & Release	Clone repo	2026-01-23T08:39:34.1054627Z hint: will change to "main" in Git 3.0. To configure the initial branch name
Build & Release	Clone repo	2026-01-23T08:39:34.1055190Z hint: to use in all of your new repositories, which will suppress this warning,
Build & Release	Clone repo	2026-01-23T08:39:34.1055600Z hint: call:
Build & Release	Clone repo	2026-01-23T08:39:34.1055873Z hint:
Build & Release	Clone repo	2026-01-23T08:39:34.1056147Z hint: 	git config --global init.defaultBranch <name>
Build & Release	Clone repo	2026-01-23T08:39:34.1056602Z hint:
Build & Release	Clone repo	2026-01-23T08:39:34.1057143Z hint: Names commonly chosen instead of 'master' are 'main', 'trunk' and
Build & Release	Clone repo	2026-01-23T08:39:34.1057893Z hint: 'development'. The just-created branch can be renamed via this command:
Build & Release	Clone repo	2026-01-23T08:39:34.1058290Z hint:
Build & Release	Clone repo	2026-01-23T08:39:34.1058491Z hint: 	git branch -m <name>
Build & Release	Clone repo	2026-01-23T08:39:34.1058865Z hint:
Build & Release	Clone repo	2026-01-23T08:39:34.1059446Z hint: Disable this message with "git config set advice.defaultBranchName false"
Build & Release	Clone repo	2026-01-23T08:39:34.1060520Z Initialized empty Git repository in /home/runner/work/Anikku-Mod/Anikku-Mod/.git/
Build & Release	Clone repo	2026-01-23T08:39:34.1069785Z [command]/usr/bin/git remote add origin https://github.com/salmanbappi/Anikku-Mod
Build & Release	Clone repo	2026-01-23T08:39:34.1102975Z ##[endgroup]
Build & Release	Clone repo	2026-01-23T08:39:34.1103637Z ##[group]Disabling automatic garbage collection
Build & Release	Clone repo	2026-01-23T08:39:34.1107975Z [command]/usr/bin/git config --local gc.auto 0
Build & Release	Clone repo	2026-01-23T08:39:34.1135224Z ##[endgroup]
Build & Release	Clone repo	2026-01-23T08:39:34.1135873Z ##[group]Setting up auth
Build & Release	Clone repo	2026-01-23T08:39:34.1142608Z [command]/usr/bin/git config --local --name-only --get-regexp core\.sshCommand
Build & Release	Clone repo	2026-01-23T08:39:34.1172113Z [command]/usr/bin/git submodule foreach --recursive sh -c "git config --local --name-only --get-regexp 'core\.sshCommand' && git config --local --unset-all 'core.sshCommand' || :"
Build & Release	Clone repo	2026-01-23T08:39:34.1502993Z [command]/usr/bin/git config --local --name-only --get-regexp http\.https\:\/\/github\.com\/\.extraheader
Build & Release	Clone repo	2026-01-23T08:39:34.1532369Z [command]/usr/bin/git submodule foreach --recursive sh -c "git config --local --name-only --get-regexp 'http\.https\:\/\/github\.com\/\.extraheader' && git config --local --unset-all 'http.https://github.com/.extraheader' || :"
Build & Release	Clone repo	2026-01-23T08:39:34.1747463Z [command]/usr/bin/git config --local --name-only --get-regexp ^includeIf\.gitdir:
Build & Release	Clone repo	2026-01-23T08:39:34.1776493Z [command]/usr/bin/git submodule foreach --recursive git config --local --show-origin --name-only --get-regexp remote.origin.url
Build & Release	Clone repo	2026-01-23T08:39:34.2003151Z [command]/usr/bin/git config --local http.https://github.com/.extraheader AUTHORIZATION: basic ***
Build & Release	Clone repo	2026-01-23T08:39:34.2036971Z ##[endgroup]
Build & Release	Clone repo	2026-01-23T08:39:34.2037679Z ##[group]Fetching the repository
Build & Release	Clone repo	2026-01-23T08:39:34.2045903Z [command]/usr/bin/git -c protocol.version=2 fetch --no-tags --prune --no-recurse-submodules --depth=1 origin +96cb70e7bd1356bb23d5e36103ef51361f88a7fe:refs/remotes/origin/master
Build & Release	Clone repo	2026-01-23T08:39:35.0611774Z From https://github.com/salmanbappi/Anikku-Mod
Build & Release	Clone repo	2026-01-23T08:39:35.0612737Z  * [new ref]         96cb70e7bd1356bb23d5e36103ef51361f88a7fe -> origin/master
Build & Release	Clone repo	2026-01-23T08:39:35.0644239Z ##[endgroup]
Build & Release	Clone repo	2026-01-23T08:39:35.0644687Z ##[group]Determining the checkout info
Build & Release	Clone repo	2026-01-23T08:39:35.0646509Z ##[endgroup]
Build & Release	Clone repo	2026-01-23T08:39:35.0651268Z [command]/usr/bin/git sparse-checkout disable
Build & Release	Clone repo	2026-01-23T08:39:35.0691934Z [command]/usr/bin/git config --local --unset-all extensions.worktreeConfig
Build & Release	Clone repo	2026-01-23T08:39:35.0778969Z ##[group]Checking out the ref
Build & Release	Clone repo	2026-01-23T08:39:35.0779907Z [command]/usr/bin/git checkout --progress --force -B master refs/remotes/origin/master
Build & Release	Clone repo	2026-01-23T08:39:35.2242561Z Reset branch 'master'
Build & Release	Clone repo	2026-01-23T08:39:35.2244617Z branch 'master' set up to track 'origin/master'.
Build & Release	Clone repo	2026-01-23T08:39:35.2256301Z ##[endgroup]
Build & Release	Clone repo	2026-01-23T08:39:35.2294728Z [command]/usr/bin/git log -1 --format=%H
Build & Release	Clone repo	2026-01-23T08:39:35.2316698Z 96cb70e7bd1356bb23d5e36103ef51361f88a7fe
Build & Release	Set up JDK	ï»¿2026-01-23T08:39:35.2559232Z ##[group]Run actions/setup-java@v4
Build & Release	Set up JDK	2026-01-23T08:39:35.2559564Z with:
Build & Release	Set up JDK	2026-01-23T08:39:35.2559741Z   java-version: 17
Build & Release	Set up JDK	2026-01-23T08:39:35.2560119Z   distribution: temurin
Build & Release	Set up JDK	2026-01-23T08:39:35.2560328Z   java-package: jdk
Build & Release	Set up JDK	2026-01-23T08:39:35.2560533Z   check-latest: false
Build & Release	Set up JDK	2026-01-23T08:39:35.2560723Z   server-id: github
Build & Release	Set up JDK	2026-01-23T08:39:35.2560923Z   server-username: GITHUB_ACTOR
Build & Release	Set up JDK	2026-01-23T08:39:35.2561158Z   server-password: GITHUB_TOKEN
Build & Release	Set up JDK	2026-01-23T08:39:35.2561386Z   overwrite-settings: true
Build & Release	Set up JDK	2026-01-23T08:39:35.2561776Z   job-status: success
Build & Release	Set up JDK	2026-01-23T08:39:35.2562102Z   token: ***
Build & Release	Set up JDK	2026-01-23T08:39:35.2562285Z ##[endgroup]
Build & Release	Set up JDK	2026-01-23T08:39:35.4504447Z ##[group]Installed distributions
Build & Release	Set up JDK	2026-01-23T08:39:35.4568659Z Resolved Java 17.0.17+10 from tool-cache
Build & Release	Set up JDK	2026-01-23T08:39:35.4570400Z Setting Java 17.0.17+10 as the default
Build & Release	Set up JDK	2026-01-23T08:39:35.4583157Z Creating toolchains.xml for JDK version 17 from temurin
Build & Release	Set up JDK	2026-01-23T08:39:35.4659946Z Writing to /home/runner/.m2/toolchains.xml
Build & Release	Set up JDK	2026-01-23T08:39:35.4660751Z 
Build & Release	Set up JDK	2026-01-23T08:39:35.4661051Z Java configuration:
Build & Release	Set up JDK	2026-01-23T08:39:35.4661974Z   Distribution: temurin
Build & Release	Set up JDK	2026-01-23T08:39:35.4662400Z   Version: 17.0.17+10
Build & Release	Set up JDK	2026-01-23T08:39:35.4663654Z   Path: /opt/hostedtoolcache/Java_Temurin-Hotspot_jdk/17.0.17-10/x64
Build & Release	Set up JDK	2026-01-23T08:39:35.4664211Z 
Build & Release	Set up JDK	2026-01-23T08:39:35.4666076Z ##[endgroup]
Build & Release	Set up JDK	2026-01-23T08:39:35.4683008Z Creating settings.xml with server-id: github
Build & Release	Set up JDK	2026-01-23T08:39:35.4689283Z Writing to /home/runner/.m2/settings.xml
Build & Release	Set up Gradle	ï»¿2026-01-23T08:39:35.4907417Z ##[group]Run gradle/actions/setup-gradle@v4
Build & Release	Set up Gradle	2026-01-23T08:39:35.4907729Z with:
Build & Release	Set up Gradle	2026-01-23T08:39:35.4907905Z   cache-disabled: false
Build & Release	Set up Gradle	2026-01-23T08:39:35.4908116Z   cache-read-only: false
Build & Release	Set up Gradle	2026-01-23T08:39:35.4908327Z   cache-write-only: false
Build & Release	Set up Gradle	2026-01-23T08:39:35.4908560Z   cache-overwrite-existing: false
Build & Release	Set up Gradle	2026-01-23T08:39:35.4908797Z   cache-cleanup: on-success
Build & Release	Set up Gradle	2026-01-23T08:39:35.4909065Z   gradle-home-cache-includes: caches
Build & Release	Set up Gradle	notifications
Build & Release	Set up Gradle	
Build & Release	Set up Gradle	2026-01-23T08:39:35.4909375Z   add-job-summary: always
Build & Release	Set up Gradle	2026-01-23T08:39:35.4909599Z   add-job-summary-as-pr-comment: never
Build & Release	Set up Gradle	2026-01-23T08:39:35.4909865Z   dependency-graph: disabled
Build & Release	Set up Gradle	2026-01-23T08:39:35.4910148Z   dependency-graph-report-dir: dependency-graph-reports
Build & Release	Set up Gradle	2026-01-23T08:39:35.4910511Z   dependency-graph-continue-on-failure: true
Build & Release	Set up Gradle	2026-01-23T08:39:35.4910791Z   build-scan-publish: false
Build & Release	Set up Gradle	2026-01-23T08:39:35.4911027Z   validate-wrappers: true
Build & Release	Set up Gradle	2026-01-23T08:39:35.4911246Z   allow-snapshot-wrappers: false
Build & Release	Set up Gradle	2026-01-23T08:39:35.4911682Z   gradle-home-cache-strict-match: false
Build & Release	Set up Gradle	2026-01-23T08:39:35.4911991Z   workflow-job-context: null
Build & Release	Set up Gradle	2026-01-23T08:39:35.4912360Z   github-token: ***
Build & Release	Set up Gradle	2026-01-23T08:39:35.4912549Z env:
Build & Release	Set up Gradle	2026-01-23T08:39:35.4912823Z   JAVA_HOME: /opt/hostedtoolcache/Java_Temurin-Hotspot_jdk/17.0.17-10/x64
Build & Release	Set up Gradle	2026-01-23T08:39:35.4913300Z   JAVA_HOME_17_X64: /opt/hostedtoolcache/Java_Temurin-Hotspot_jdk/17.0.17-10/x64
Build & Release	Set up Gradle	2026-01-23T08:39:35.4913654Z ##[endgroup]
Build & Release	Set up Gradle	2026-01-23T08:39:35.9367142Z Merged default JDK locations into /home/runner/.m2/toolchains.xml
Build & Release	Set up Gradle	2026-01-23T08:39:35.9369882Z Preparing cache for cleanup.
Build & Release	Set up Gradle	2026-01-23T08:39:35.9375333Z ##[group]Restore Gradle state from cache
Build & Release	Set up Gradle	2026-01-23T08:39:36.1906727Z Cache hit for restore-key: gradle-home-v1|Linux-X64|build-debug[965596241329c6e509da153a9e0a419a]-903723e0c0b11d1f385b105c0ea1989305627b41
Build & Release	Set up Gradle	2026-01-23T08:39:37.4173980Z Received 37748736 of 128052469 (29.5%), 36.0 MBs/sec
Build & Release	Set up Gradle	2026-01-23T08:39:38.0122881Z Received 128052469 of 128052469 (100.0%), 76.5 MBs/sec
Build & Release	Set up Gradle	2026-01-23T08:39:38.0125257Z Cache Size: ~122 MB (128052469 B)
Build & Release	Set up Gradle	2026-01-23T08:39:38.0160536Z [command]/usr/bin/tar -xf /home/runner/work/_temp/59bab33a-a6e7-46c6-85e6-fb35fab4b4c7/cache.tzst -P -C /home/runner/work/Anikku-Mod/Anikku-Mod --use-compress-program unzstd
Build & Release	Set up Gradle	2026-01-23T08:39:38.4452198Z Cache restored successfully
Build & Release	Set up Gradle	2026-01-23T08:39:38.4697511Z Restored cache entry with key gradle-home-v1|Linux-X64|build-debug[965596241329c6e509da153a9e0a419a]-96cb70e7bd1356bb23d5e36103ef51361f88a7fe to /home/runner/.gradle/caches,/home/runner/.gradle/notifications,/home/runner/.gradle/.setup-gradle in 2530ms
Build & Release	Set up Gradle	2026-01-23T08:39:38.6820856Z Cache hit for: gradle-generated-gradle-jars-v1-4434c59050703a48bf14168622b59891
Build & Release	Set up Gradle	2026-01-23T08:39:38.6986241Z Cache hit for: gradle-wrapper-zips-v1-5ae5d3da5e8e0c748d04bcdd9bc97bdb
Build & Release	Set up Gradle	2026-01-23T08:39:38.6990911Z Cache hit for: gradle-instrumented-jars-v1-378ee90361d1db5b49c9aec129fbc748
Build & Release	Set up Gradle	2026-01-23T08:39:38.6996404Z Cache hit for: gradle-dependencies-v1-98f314e8c8679f8838a6f2138114d27c
Build & Release	Set up Gradle	2026-01-23T08:39:38.7036135Z Cache hit for: gradle-kotlin-dsl-v1-d5ce47fbc9d0493f4a7821e864c43c3a
Build & Release	Set up Gradle	2026-01-23T08:39:38.7056725Z Cache hit for: gradle-transforms-v1-ebebd22b357c090f2d2fe27f745e03ad
Build & Release	Set up Gradle	2026-01-23T08:39:38.7061406Z Cache hit for: gradle-groovy-dsl-v1-90f5a438fa72a8945020aa0158ae163a
Build & Release	Set up Gradle	2026-01-23T08:39:39.3007900Z Received 187732 of 187732 (100.0%), 0.5 MBs/sec
Build & Release	Set up Gradle	2026-01-23T08:39:39.3008674Z Cache Size: ~0 MB (187732 B)
Build & Release	Set up Gradle	2026-01-23T08:39:39.3034725Z [command]/usr/bin/tar -xf /home/runner/work/_temp/0ea8ec92-eedb-4681-9731-488d7321d04f/cache.tzst -P -C /home/runner/work/Anikku-Mod/Anikku-Mod --use-compress-program unzstd
Build & Release	Set up Gradle	2026-01-23T08:39:39.3262683Z Cache restored successfully
Build & Release	Set up Gradle	2026-01-23T08:39:39.3265090Z Restored cache entry with key gradle-groovy-dsl-v1-90f5a438fa72a8945020aa0158ae163a to /home/runner/.gradle/caches/*/groovy-dsl/*/ in 855ms
Build & Release	Set up Gradle	2026-01-23T08:39:39.3855971Z Received 121723 of 121723 (100.0%), 0.3 MBs/sec
Build & Release	Set up Gradle	2026-01-23T08:39:39.3857206Z Cache Size: ~0 MB (121723 B)
Build & Release	Set up Gradle	2026-01-23T08:39:39.4050020Z [command]/usr/bin/tar -xf /home/runner/work/_temp/a6b18393-4885-49c4-a684-f8a41c0b569b/cache.tzst -P -C /home/runner/work/Anikku-Mod/Anikku-Mod --use-compress-program unzstd
Build & Release	Set up Gradle	2026-01-23T08:39:39.4203318Z Cache restored successfully
Build & Release	Set up Gradle	2026-01-23T08:39:39.4205885Z Restored cache entry with key gradle-instrumented-jars-v1-378ee90361d1db5b49c9aec129fbc748 to /home/runner/.gradle/caches/jars-*/*/ in 949ms
Build & Release	Set up Gradle	2026-01-23T08:39:39.7460338Z Received 1624474 of 1624474 (100.0%), 2.0 MBs/sec
Build & Release	Set up Gradle	2026-01-23T08:39:39.7461878Z Cache Size: ~2 MB (1624474 B)
Build & Release	Set up Gradle	2026-01-23T08:39:39.7603341Z [command]/usr/bin/tar -xf /home/runner/work/_temp/9b2d88ad-f01b-4323-b4bc-43939f8f4196/cache.tzst -P -C /home/runner/work/Anikku-Mod/Anikku-Mod --use-compress-program unzstd
Build & Release	Set up Gradle	2026-01-23T08:39:39.9233789Z Received 20971520 of 41092997 (51.0%), 19.9 MBs/sec
Build & Release	Set up Gradle	2026-01-23T08:39:39.9471359Z Received 25165824 of 136706942 (18.4%), 23.7 MBs/sec
Build & Release	Set up Gradle	2026-01-23T08:39:39.9575049Z Received 12582912 of 685696080 (1.8%), 12.0 MBs/sec
Build & Release	Set up Gradle	2026-01-23T08:39:39.9704718Z Received 29360128 of 788939691 (3.7%), 28.0 MBs/sec
Build & Release	Set up Gradle	2026-01-23T08:39:40.1060113Z Received 41092997 of 41092997 (100.0%), 32.8 MBs/sec
Build & Release	Set up Gradle	2026-01-23T08:39:40.1063947Z Cache Size: ~39 MB (41092997 B)
Build & Release	Set up Gradle	2026-01-23T08:39:40.2125101Z [command]/usr/bin/tar -xf /home/runner/work/_temp/0ed43669-ad8a-44b7-9591-48237b3d66c8/cache.tzst -P -C /home/runner/work/Anikku-Mod/Anikku-Mod --use-compress-program unzstd
Build & Release	Set up Gradle	2026-01-23T08:39:40.6337053Z Cache restored successfully
Build & Release	Set up Gradle	2026-01-23T08:39:40.6575995Z Cache restored successfully
Build & Release	Set up Gradle	2026-01-23T08:39:40.6578570Z Restored cache entry with key gradle-kotlin-dsl-v1-d5ce47fbc9d0493f4a7821e864c43c3a to /home/runner/.gradle/caches/*/kotlin-dsl/accessors/*/,/home/runner/.gradle/caches/*/kotlin-dsl/scripts/*/ in 2186ms
Build & Release	Set up Gradle	2026-01-23T08:39:40.6662659Z Restored cache entry with key gradle-generated-gradle-jars-v1-4434c59050703a48bf14168622b59891 to /home/runner/.gradle/caches/8.14.3/generated-gradle-jars/gradle-api-8.14.3.jar in 2195ms
Build & Release	Set up Gradle	2026-01-23T08:39:40.9947221Z Received 125829120 of 136706942 (92.0%), 58.3 MBs/sec
Build & Release	Set up Gradle	2026-01-23T08:39:40.9947772Z Received 117440512 of 685696080 (17.1%), 54.9 MBs/sec
Build & Release	Set up Gradle	2026-01-23T08:39:40.9948186Z Received 134217728 of 788939691 (17.0%), 63.2 MBs/sec
Build & Release	Set up Gradle	2026-01-23T08:39:41.3233395Z Received 136706942 of 136706942 (100.0%), 54.6 MBs/sec
Build & Release	Set up Gradle	2026-01-23T08:39:41.3235922Z Cache Size: ~130 MB (136706942 B)
Build & Release	Set up Gradle	2026-01-23T08:39:41.3263407Z [command]/usr/bin/tar -xf /home/runner/work/_temp/73e9c1c2-83ff-47ab-ae42-a9ef0e2e32e5/cache.tzst -P -C /home/runner/work/Anikku-Mod/Anikku-Mod --use-compress-program unzstd
Build & Release	Set up Gradle	2026-01-23T08:39:41.6148845Z Cache restored successfully
Build & Release	Set up Gradle	2026-01-23T08:39:41.6477039Z Restored cache entry with key gradle-wrapper-zips-v1-5ae5d3da5e8e0c748d04bcdd9bc97bdb to /home/runner/.gradle/wrapper/dists/gradle-8.14.3-bin/cv11ve7ro1n3o1j4so8xd9n66 in 3173ms
Build & Release	Set up Gradle	2026-01-23T08:39:41.9947020Z Received 197132288 of 685696080 (28.7%), 61.9 MBs/sec
Build & Release	Set up Gradle	2026-01-23T08:39:41.9949035Z Received 255852544 of 788939691 (32.4%), 80.7 MBs/sec
Build & Release	Set up Gradle	2026-01-23T08:39:42.9952860Z Received 297795584 of 685696080 (43.4%), 70.3 MBs/sec
Build & Release	Set up Gradle	2026-01-23T08:39:42.9953562Z Received 364904448 of 788939691 (46.3%), 86.5 MBs/sec
Build & Release	Set up Gradle	2026-01-23T08:39:43.9957664Z Received 402653184 of 685696080 (58.7%), 76.2 MBs/sec
Build & Release	Set up Gradle	2026-01-23T08:39:43.9958330Z Received 469762048 of 788939691 (59.5%), 89.2 MBs/sec
Build & Release	Set up Gradle	2026-01-23T08:39:44.9963758Z Received 528482304 of 685696080 (77.1%), 83.4 MBs/sec
Build & Release	Set up Gradle	2026-01-23T08:39:44.9964727Z Received 570425344 of 788939691 (72.3%), 90.3 MBs/sec
Build & Release	Set up Gradle	2026-01-23T08:39:45.9966978Z Received 641728512 of 685696080 (93.6%), 86.9 MBs/sec
Build & Release	Set up Gradle	2026-01-23T08:39:45.9967815Z Received 671088640 of 788939691 (85.1%), 91.1 MBs/sec
Build & Release	Set up Gradle	2026-01-23T08:39:46.6303234Z Received 685696080 of 685696080 (100.0%), 85.2 MBs/sec
Build & Release	Set up Gradle	2026-01-23T08:39:46.6306082Z Cache Size: ~654 MB (685696080 B)
Build & Release	Set up Gradle	2026-01-23T08:39:46.6358314Z [command]/usr/bin/tar -xf /home/runner/work/_temp/a5470722-54ce-43ba-89bf-3b6963ddfc33/cache.tzst -P -C /home/runner/work/Anikku-Mod/Anikku-Mod --use-compress-program unzstd
Build & Release	Set up Gradle	2026-01-23T08:39:46.9104329Z Received 788939691 of 788939691 (100.0%), 94.8 MBs/sec
Build & Release	Set up Gradle	2026-01-23T08:39:46.9105015Z Cache Size: ~752 MB (788939691 B)
Build & Release	Set up Gradle	2026-01-23T08:39:46.9403588Z [command]/usr/bin/tar -xf /home/runner/work/_temp/144bf560-46db-4eb5-aed1-91136eac5537/cache.tzst -P -C /home/runner/work/Anikku-Mod/Anikku-Mod --use-compress-program unzstd
Build & Release	Set up Gradle	2026-01-23T08:39:48.9273530Z Cache restored successfully
Build & Release	Set up Gradle	2026-01-23T08:39:49.1780217Z Restored cache entry with key gradle-dependencies-v1-98f314e8c8679f8838a6f2138114d27c to /home/runner/.gradle/caches/modules-*/files-*/*/*/*/* in 10707ms
Build & Release	Set up Gradle	2026-01-23T08:39:56.1486985Z Cache restored successfully
Build & Release	Set up Gradle	2026-01-23T08:39:56.2803230Z Restored cache entry with key gradle-transforms-v1-ebebd22b357c090f2d2fe27f745e03ad to /home/runner/.gradle/caches/transforms-4/*/,/home/runner/.gradle/caches/*/transforms/*/ in 17808ms
Build & Release	Set up Gradle	2026-01-23T08:39:56.2914632Z ##[endgroup]
Build & Release	Set up Gradle	2026-01-23T08:39:56.3398631Z ##[group]All Gradle Wrapper jars are valid
Build & Release	Set up Gradle	2026-01-23T08:39:56.3399972Z âœ“ Found known Gradle Wrapper JAR files:
Build & Release	Set up Gradle	2026-01-23T08:39:56.3400948Z   7d3a4ac4de1c32b59bc6a4eb8ecb8e612ccd0cf1ae1e99f66902da64df296172 gradle/wrapper/gradle-wrapper.jar
Build & Release	Set up Gradle	2026-01-23T08:39:56.3402502Z ##[endgroup]
Build & Release	Build Debug APK	ï»¿2026-01-23T08:39:56.3564464Z ##[group]Run ./gradlew assembleDebug -Pinclude-telemetry=false -Penable-updater=false --no-daemon
Build & Release	Build Debug APK	2026-01-23T08:39:56.3565295Z [36;1m./gradlew assembleDebug -Pinclude-telemetry=false -Penable-updater=false --no-daemon[0m
Build & Release	Build Debug APK	2026-01-23T08:39:56.3599332Z shell: /usr/bin/bash -e {0}
Build & Release	Build Debug APK	2026-01-23T08:39:56.3599645Z env:
Build & Release	Build Debug APK	2026-01-23T08:39:56.3599989Z   JAVA_HOME: /opt/hostedtoolcache/Java_Temurin-Hotspot_jdk/17.0.17-10/x64
Build & Release	Build Debug APK	2026-01-23T08:39:56.3600535Z   JAVA_HOME_17_X64: /opt/hostedtoolcache/Java_Temurin-Hotspot_jdk/17.0.17-10/x64
Build & Release	Build Debug APK	2026-01-23T08:39:56.3600997Z   GRADLE_ACTION_ID: gradle/actions/setup-gradle
Build & Release	Build Debug APK	2026-01-23T08:39:56.3601361Z   GRADLE_USER_HOME: /home/runner/.gradle
Build & Release	Build Debug APK	2026-01-23T08:39:56.3601894Z   GRADLE_BUILD_ACTION_SETUP_COMPLETED: true
Build & Release	Build Debug APK	2026-01-23T08:39:56.3602224Z   GRADLE_BUILD_ACTION_CACHE_RESTORED: true
Build & Release	Build Debug APK	2026-01-23T08:39:56.3602686Z   DEVELOCITY_INJECTION_INIT_SCRIPT_NAME: gradle-actions.inject-develocity.init.gradle
Build & Release	Build Debug APK	2026-01-23T08:39:56.3603201Z   DEVELOCITY_INJECTION_CUSTOM_VALUE: gradle-actions
Build & Release	Build Debug APK	2026-01-23T08:39:56.3603585Z   GITHUB_DEPENDENCY_GRAPH_ENABLED: false
Build & Release	Build Debug APK	2026-01-23T08:39:56.3603878Z ##[endgroup]
Build & Release	Build Debug APK	2026-01-23T08:39:57.2454466Z To honour the JVM settings for this build a single-use Daemon process will be forked. For more on this, please refer to https://docs.gradle.org/8.14.3/userguide/gradle_daemon.html#sec:disabling_the_daemon in the Gradle documentation.
Build & Release	Build Debug APK	2026-01-23T08:39:58.4442366Z Daemon will be stopped at the end of the build 
Build & Release	Build Debug APK	2026-01-23T08:39:58.7445577Z Configuration on demand is an incubating feature.
Build & Release	Build Debug APK	2026-01-23T08:40:03.3443338Z Type-safe project accessors is an incubating feature.
Build & Release	Build Debug APK	2026-01-23T08:40:06.7453220Z > Task :buildSrc:checkKotlinGradlePluginConfigurationErrors SKIPPED
Build & Release	Build Debug APK	2026-01-23T08:40:06.8468240Z > Task :buildSrc:generateExternalPluginSpecBuilders FROM-CACHE
Build & Release	Build Debug APK	2026-01-23T08:40:06.9447421Z > Task :buildSrc:extractPrecompiledScriptPluginPlugins FROM-CACHE
Build & Release	Build Debug APK	2026-01-23T08:40:07.0502557Z > Task :buildSrc:compilePluginsBlocks FROM-CACHE
Build & Release	Build Debug APK	2026-01-23T08:40:07.3442284Z > Task :buildSrc:generatePrecompiledScriptPluginAccessors FROM-CACHE
Build & Release	Build Debug APK	2026-01-23T08:40:07.3443974Z > Task :buildSrc:generateScriptPluginAdapters FROM-CACHE
Build & Release	Build Debug APK	2026-01-23T08:40:07.8442407Z > Task :buildSrc:compileKotlin FROM-CACHE
Build & Release	Build Debug APK	2026-01-23T08:40:07.8448463Z > Task :buildSrc:compileJava NO-SOURCE
Build & Release	Build Debug APK	2026-01-23T08:40:07.8455999Z > Task :buildSrc:compileGroovy NO-SOURCE
Build & Release	Build Debug APK	2026-01-23T08:40:07.8458617Z > Task :buildSrc:pluginDescriptors
Build & Release	Build Debug APK	2026-01-23T08:40:07.9443168Z > Task :buildSrc:processResources
Build & Release	Build Debug APK	2026-01-23T08:40:07.9446818Z > Task :buildSrc:classes
Build & Release	Build Debug APK	2026-01-23T08:40:08.2464468Z > Task :buildSrc:jar
Build & Release	Build Debug APK	2026-01-23T08:40:17.9448379Z > Task :domain:preBuild UP-TO-DATE
Build & Release	Build Debug APK	2026-01-23T08:40:17.9461113Z > Task :data:preBuild UP-TO-DATE
Build & Release	Build Debug APK	2026-01-23T08:40:17.9462287Z > Task :domain:preDebugBuild UP-TO-DATE
Build & Release	Build Debug APK	2026-01-23T08:40:17.9482234Z > Task :core-metadata:preBuild UP-TO-DATE
Build & Release	Build Debug APK	2026-01-23T08:40:17.9483370Z > Task :data:preDebugBuild UP-TO-DATE
Build & Release	Build Debug APK	2026-01-23T08:40:17.9484644Z > Task :core-metadata:preDebugBuild UP-TO-DATE
Build & Release	Build Debug APK	2026-01-23T08:40:17.9486292Z > Task :core-metadata:generateDebugResValues FROM-CACHE
Build & Release	Build Debug APK	2026-01-23T08:40:17.9487059Z > Task :data:generateDebugResValues FROM-CACHE
Build & Release	Build Debug APK	2026-01-23T08:40:17.9488134Z > Task :domain:generateDebugResValues FROM-CACHE
Build & Release	Build Debug APK	2026-01-23T08:40:17.9489405Z > Task :core-metadata:generateDebugResources FROM-CACHE
Build & Release	Build Debug APK	2026-01-23T08:40:17.9490498Z > Task :data:generateDebugResources FROM-CACHE
Build & Release	Build Debug APK	2026-01-23T08:40:17.9491670Z > Task :app:preBuild UP-TO-DATE
Build & Release	Build Debug APK	2026-01-23T08:40:17.9492924Z > Task :domain:generateDebugResources FROM-CACHE
Build & Release	Build Debug APK	2026-01-23T08:40:18.0498022Z > Task :data:packageDebugResources FROM-CACHE
Build & Release	Build Debug APK	2026-01-23T08:40:18.0498812Z > Task :flagkit:preBuild UP-TO-DATE
Build & Release	Build Debug APK	2026-01-23T08:40:18.0499521Z > Task :flagkit:preDebugBuild UP-TO-DATE
Build & Release	Build Debug APK	2026-01-23T08:40:18.0500151Z > Task :flagkit:generateDebugResValues FROM-CACHE
Build & Release	Build Debug APK	2026-01-23T08:40:18.0500839Z > Task :domain:packageDebugResources FROM-CACHE
Build & Release	Build Debug APK	2026-01-23T08:40:18.0501666Z > Task :i18n:generateLocalesConfig UP-TO-DATE
Build & Release	Build Debug APK	2026-01-23T08:40:18.0502304Z > Task :flagkit:generateDebugResources FROM-CACHE
Build & Release	Build Debug APK	2026-01-23T08:40:18.1456612Z > Task :i18n:generateMRcommonMain FROM-CACHE
Build & Release	Build Debug APK	2026-01-23T08:40:18.1457485Z > Task :i18n:generateMRandroidDebug SKIPPED
Build & Release	Build Debug APK	2026-01-23T08:40:18.1458147Z > Task :flagkit:packageDebugResources FROM-CACHE
Build & Release	Build Debug APK	2026-01-23T08:40:18.1458819Z > Task :i18n-ank:generateMRcommonMain FROM-CACHE
Build & Release	Build Debug APK	2026-01-23T08:40:18.1459458Z > Task :i18n-ank:generateMRandroidDebug SKIPPED
Build & Release	Build Debug APK	2026-01-23T08:40:18.1460196Z > Task :i18n-ank:generateMRandroidInstrumentedTest FROM-CACHE
Build & Release	Build Debug APK	2026-01-23T08:40:18.1461057Z > Task :i18n-ank:generateMRandroidInstrumentedTestDebug SKIPPED
Build & Release	Build Debug APK	2026-01-23T08:40:18.1462007Z > Task :i18n-ank:generateMRandroidMain FROM-CACHE
Build & Release	Build Debug APK	2026-01-23T08:40:18.1462737Z > Task :i18n-ank:generateMRandroidRelease SKIPPED
Build & Release	Build Debug APK	2026-01-23T08:40:20.3442441Z > Task :i18n:generateMRandroidInstrumentedTest FROM-CACHE
Build & Release	Build Debug APK	2026-01-23T08:40:20.3447507Z > Task :core-metadata:packageDebugResources FROM-CACHE
Build & Release	Build Debug APK	2026-01-23T08:40:20.3449289Z > Task :i18n:generateMRandroidInstrumentedTestDebug SKIPPED
Build & Release	Build Debug APK	2026-01-23T08:40:20.3455392Z > Task :i18n-kmk:generateMRcommonMain FROM-CACHE
Build & Release	Build Debug APK	2026-01-23T08:40:20.3456923Z > Task :i18n-kmk:generateMRandroidDebug SKIPPED
Build & Release	Build Debug APK	2026-01-23T08:40:20.3465695Z > Task :i18n-ank:generateMRcommonTest FROM-CACHE
Build & Release	Build Debug APK	2026-01-23T08:40:20.4460418Z > Task :i18n-kmk:generateMRandroidInstrumentedTest FROM-CACHE
Build & Release	Build Debug APK	2026-01-23T08:40:20.4474228Z > Task :i18n-kmk:generateMRandroidInstrumentedTestDebug SKIPPED
Build & Release	Build Debug APK	2026-01-23T08:40:20.4475106Z > Task :i18n-ank:generateMRandroidUnitTest FROM-CACHE
Build & Release	Build Debug APK	2026-01-23T08:40:20.4475858Z > Task :i18n-ank:generateMRandroidUnitTestDebug SKIPPED
Build & Release	Build Debug APK	2026-01-23T08:40:20.4476628Z > Task :i18n-ank:generateMRandroidUnitTestRelease SKIPPED
Build & Release	Build Debug APK	2026-01-23T08:40:20.4477608Z > Task :i18n-ank:preBuild UP-TO-DATE
Build & Release	Build Debug APK	2026-01-23T08:40:20.4478160Z > Task :i18n-ank:preDebugBuild UP-TO-DATE
Build & Release	Build Debug APK	2026-01-23T08:40:20.4478786Z > Task :i18n-ank:generateDebugResValues FROM-CACHE
Build & Release	Build Debug APK	2026-01-23T08:40:20.4479443Z > Task :i18n-ank:generateDebugResources FROM-CACHE
Build & Release	Build Debug APK	2026-01-23T08:40:20.4480106Z > Task :i18n-kmk:generateMRandroidMain FROM-CACHE
Build & Release	Build Debug APK	2026-01-23T08:40:20.4480760Z > Task :i18n-kmk:generateMRandroidRelease SKIPPED
Build & Release	Build Debug APK	2026-01-23T08:40:20.4512303Z > Task :i18n-kmk:generateMRcommonTest FROM-CACHE
Build & Release	Build Debug APK	2026-01-23T08:40:20.4528796Z > Task :i18n-kmk:generateMRandroidUnitTest FROM-CACHE
Build & Release	Build Debug APK	2026-01-23T08:40:20.4529571Z > Task :i18n-kmk:generateMRandroidUnitTestDebug SKIPPED
Build & Release	Build Debug APK	2026-01-23T08:40:20.4530323Z > Task :i18n-kmk:generateMRandroidUnitTestRelease SKIPPED
Build & Release	Build Debug APK	2026-01-23T08:40:20.4530968Z > Task :i18n-kmk:preBuild UP-TO-DATE
Build & Release	Build Debug APK	2026-01-23T08:40:20.4531673Z > Task :i18n-kmk:preDebugBuild UP-TO-DATE
Build & Release	Build Debug APK	2026-01-23T08:40:20.4532331Z > Task :i18n-ank:packageDebugResources FROM-CACHE
Build & Release	Build Debug APK	2026-01-23T08:40:20.4533205Z > Task :i18n-kmk:generateDebugResValues FROM-CACHE
Build & Release	Build Debug APK	2026-01-23T08:40:20.5453209Z > Task :i18n-kmk:generateDebugResources FROM-CACHE
Build & Release	Build Debug APK	2026-01-23T08:40:20.6467411Z > Task :i18n:generateMRandroidMain FROM-CACHE
Build & Release	Build Debug APK	2026-01-23T08:40:20.6468558Z > Task :i18n:generateMRandroidRelease SKIPPED
Build & Release	Build Debug APK	2026-01-23T08:40:20.6469550Z > Task :i18n-kmk:packageDebugResources FROM-CACHE
Build & Release	Build Debug APK	2026-01-23T08:40:20.6470471Z > Task :presentation-core:preBuild UP-TO-DATE
Build & Release	Build Debug APK	2026-01-23T08:40:20.6471199Z > Task :presentation-core:preDebugBuild UP-TO-DATE
Build & Release	Build Debug APK	2026-01-23T08:40:20.6472026Z > Task :i18n-sy:generateMRcommonMain FROM-CACHE
Build & Release	Build Debug APK	2026-01-23T08:40:20.6472684Z > Task :i18n-sy:generateMRandroidDebug SKIPPED
Build & Release	Build Debug APK	2026-01-23T08:40:20.6473394Z > Task :presentation-core:generateDebugResValues FROM-CACHE
Build & Release	Build Debug APK	2026-01-23T08:40:20.6474131Z > Task :i18n:generateMRcommonTest FROM-CACHE
Build & Release	Build Debug APK	2026-01-23T08:40:20.6474873Z > Task :i18n-sy:generateMRandroidInstrumentedTest FROM-CACHE
Build & Release	Build Debug APK	2026-01-23T08:40:20.6475741Z > Task :i18n-sy:generateMRandroidInstrumentedTestDebug SKIPPED
Build & Release	Build Debug APK	2026-01-23T08:40:20.6476535Z > Task :i18n:generateMRandroidUnitTest FROM-CACHE
Build & Release	Build Debug APK	2026-01-23T08:40:20.6477209Z > Task :i18n:generateMRandroidUnitTestDebug SKIPPED
Build & Release	Build Debug APK	2026-01-23T08:40:20.6477916Z > Task :i18n:generateMRandroidUnitTestRelease SKIPPED
Build & Release	Build Debug APK	2026-01-23T08:40:20.6478542Z > Task :i18n:preBuild UP-TO-DATE
Build & Release	Build Debug APK	2026-01-23T08:40:20.6479047Z > Task :i18n:preDebugBuild UP-TO-DATE
Build & Release	Build Debug APK	2026-01-23T08:40:20.6479666Z > Task :i18n:generateDebugResValues FROM-CACHE
Build & Release	Build Debug APK	2026-01-23T08:40:20.6480685Z > Task :presentation-core:generateDebugResources FROM-CACHE
Build & Release	Build Debug APK	2026-01-23T08:40:20.6481609Z > Task :i18n:generateDebugResources FROM-CACHE
Build & Release	Build Debug APK	2026-01-23T08:40:20.6482348Z > Task :presentation-core:packageDebugResources FROM-CACHE
Build & Release	Build Debug APK	2026-01-23T08:40:20.6483059Z > Task :presentation-widget:preBuild UP-TO-DATE
Build & Release	Build Debug APK	2026-01-23T08:40:20.6483736Z > Task :presentation-widget:preDebugBuild UP-TO-DATE
Build & Release	Build Debug APK	2026-01-23T08:40:20.6484516Z > Task :presentation-widget:generateDebugResValues FROM-CACHE
Build & Release	Build Debug APK	2026-01-23T08:40:20.6485272Z > Task :i18n-sy:generateMRandroidMain FROM-CACHE
Build & Release	Build Debug APK	2026-01-23T08:40:20.6485933Z > Task :i18n-sy:generateMRandroidRelease SKIPPED
Build & Release	Build Debug APK	2026-01-23T08:40:20.6486593Z > Task :i18n-sy:generateMRcommonTest FROM-CACHE
Build & Release	Build Debug APK	2026-01-23T08:40:20.6487323Z > Task :presentation-widget:generateDebugResources FROM-CACHE
Build & Release	Build Debug APK	2026-01-23T08:40:20.6488088Z > Task :i18n-sy:generateMRandroidUnitTest FROM-CACHE
Build & Release	Build Debug APK	2026-01-23T08:40:20.7499821Z > Task :i18n-sy:generateMRandroidUnitTestDebug SKIPPED
Build & Release	Build Debug APK	2026-01-23T08:40:20.7500706Z > Task :i18n-sy:generateMRandroidUnitTestRelease SKIPPED
Build & Release	Build Debug APK	2026-01-23T08:40:20.7501406Z > Task :i18n-sy:preBuild UP-TO-DATE
Build & Release	Build Debug APK	2026-01-23T08:40:20.7502215Z > Task :i18n-sy:preDebugBuild UP-TO-DATE
Build & Release	Build Debug APK	2026-01-23T08:40:20.7502869Z > Task :i18n-sy:generateDebugResValues FROM-CACHE
Build & Release	Build Debug APK	2026-01-23T08:40:20.7503510Z > Task :i18n-sy:generateDebugResources FROM-CACHE
Build & Release	Build Debug APK	2026-01-23T08:40:20.7504268Z > Task :presentation-widget:packageDebugResources FROM-CACHE
Build & Release	Build Debug APK	2026-01-23T08:40:20.7504865Z > Task :source-api:preBuild UP-TO-DATE
Build & Release	Build Debug APK	2026-01-23T08:40:20.7505366Z > Task :source-api:preDebugBuild UP-TO-DATE
Build & Release	Build Debug APK	2026-01-23T08:40:20.7506332Z > Task :source-api:generateDebugResValues FROM-CACHE
Build & Release	Build Debug APK	2026-01-23T08:40:20.7506995Z > Task :source-api:generateDebugResources FROM-CACHE
Build & Release	Build Debug APK	2026-01-23T08:40:20.7507628Z > Task :source-api:packageDebugResources FROM-CACHE
Build & Release	Build Debug APK	2026-01-23T08:40:20.7508201Z > Task :source-local:preBuild UP-TO-DATE
Build & Release	Build Debug APK	2026-01-23T08:40:20.7508821Z > Task :source-local:preDebugBuild UP-TO-DATE
Build & Release	Build Debug APK	2026-01-23T08:40:20.7509472Z > Task :source-local:generateDebugResValues FROM-CACHE
Build & Release	Build Debug APK	2026-01-23T08:40:20.7510123Z > Task :source-local:generateDebugResources FROM-CACHE
Build & Release	Build Debug APK	2026-01-23T08:40:20.7510764Z > Task :i18n-sy:packageDebugResources FROM-CACHE
Build & Release	Build Debug APK	2026-01-23T08:40:20.7511383Z > Task :telemetry:preBuild UP-TO-DATE
Build & Release	Build Debug APK	2026-01-23T08:40:20.7512234Z > Task :source-local:packageDebugResources FROM-CACHE
Build & Release	Build Debug APK	2026-01-23T08:40:20.7523921Z > Task :telemetry:preDebugBuild UP-TO-DATE
Build & Release	Build Debug APK	2026-01-23T08:40:20.7524533Z > Task :core:archive:preBuild UP-TO-DATE
Build & Release	Build Debug APK	2026-01-23T08:40:20.7525164Z > Task :telemetry:generateDebugResValues FROM-CACHE
Build & Release	Build Debug APK	2026-01-23T08:40:20.8471081Z > Task :core:archive:preDebugBuild UP-TO-DATE
Build & Release	Build Debug APK	2026-01-23T08:40:20.8492728Z > Task :core:archive:generateDebugResValues FROM-CACHE
Build & Release	Build Debug APK	2026-01-23T08:40:20.8493459Z > Task :telemetry:generateDebugResources FROM-CACHE
Build & Release	Build Debug APK	2026-01-23T08:40:20.8494124Z > Task :core:archive:generateDebugResources FROM-CACHE
Build & Release	Build Debug APK	2026-01-23T08:40:20.8494784Z > Task :telemetry:packageDebugResources FROM-CACHE
Build & Release	Build Debug APK	2026-01-23T08:40:20.8495477Z > Task :core:archive:packageDebugResources FROM-CACHE
Build & Release	Build Debug APK	2026-01-23T08:40:20.8496063Z > Task :core:common:preBuild UP-TO-DATE
Build & Release	Build Debug APK	2026-01-23T08:40:20.8496611Z > Task :core:common:preDebugBuild UP-TO-DATE
Build & Release	Build Debug APK	2026-01-23T08:40:20.8497223Z > Task :core:common:generateDebugResValues FROM-CACHE
Build & Release	Build Debug APK	2026-01-23T08:40:20.8497870Z > Task :core:common:generateDebugResources FROM-CACHE
Build & Release	Build Debug APK	2026-01-23T08:40:20.8498516Z > Task :core:common:packageDebugResources FROM-CACHE
Build & Release	Build Debug APK	2026-01-23T08:40:20.9479788Z > Task :i18n:packageDebugResources FROM-CACHE
Build & Release	Build Debug APK	2026-01-23T08:40:20.9484905Z > Task :core-metadata:writeDebugAarMetadata
Build & Release	Build Debug APK	2026-01-23T08:40:20.9489428Z > Task :domain:writeDebugAarMetadata
Build & Release	Build Debug APK	2026-01-23T08:40:20.9493942Z > Task :data:writeDebugAarMetadata
Build & Release	Build Debug APK	2026-01-23T08:40:20.9498943Z > Task :flagkit:writeDebugAarMetadata
Build & Release	Build Debug APK	2026-01-23T08:40:20.9508070Z > Task :i18n-ank:writeDebugAarMetadata
Build & Release	Build Debug APK	2026-01-23T08:40:20.9510351Z > Task :i18n:writeDebugAarMetadata
Build & Release	Build Debug APK	2026-01-23T08:40:20.9513124Z > Task :i18n-sy:writeDebugAarMetadata
Build & Release	Build Debug APK	2026-01-23T08:40:20.9517585Z > Task :i18n-kmk:writeDebugAarMetadata
Build & Release	Build Debug APK	2026-01-23T08:40:20.9519712Z > Task :presentation-core:writeDebugAarMetadata
Build & Release	Build Debug APK	2026-01-23T08:40:20.9527779Z > Task :source-api:writeDebugAarMetadata
Build & Release	Build Debug APK	2026-01-23T08:40:20.9528465Z > Task :presentation-widget:writeDebugAarMetadata
Build & Release	Build Debug APK	2026-01-23T08:40:20.9529125Z > Task :source-local:writeDebugAarMetadata
Build & Release	Build Debug APK	2026-01-23T08:40:20.9529711Z > Task :telemetry:writeDebugAarMetadata
Build & Release	Build Debug APK	2026-01-23T08:40:20.9530291Z > Task :core:archive:writeDebugAarMetadata
Build & Release	Build Debug APK	2026-01-23T08:40:20.9530871Z > Task :core:common:writeDebugAarMetadata
Build & Release	Build Debug APK	2026-01-23T08:40:20.9531760Z > Task :core-metadata:extractDeepLinksDebug FROM-CACHE
Build & Release	Build Debug APK	2026-01-23T08:40:20.9532465Z > Task :data:extractDeepLinksDebug FROM-CACHE
Build & Release	Build Debug APK	2026-01-23T08:40:20.9533073Z > Task :domain:extractDeepLinksDebug FROM-CACHE
Build & Release	Build Debug APK	2026-01-23T08:40:21.0457840Z > Task :domain:processDebugManifest FROM-CACHE
Build & Release	Build Debug APK	2026-01-23T08:40:21.0482236Z > Task :flagkit:extractDeepLinksDebug FROM-CACHE
Build & Release	Build Debug APK	2026-01-23T08:40:21.0483118Z > Task :data:processDebugManifest FROM-CACHE
Build & Release	Build Debug APK	2026-01-23T08:40:21.0483900Z > Task :i18n:extractDeepLinksDebug FROM-CACHE
Build & Release	Build Debug APK	2026-01-23T08:40:21.0485066Z > Task :core-metadata:processDebugManifest FROM-CACHE
Build & Release	Build Debug APK	2026-01-23T08:40:21.0485793Z > Task :flagkit:processDebugManifest FROM-CACHE
Build & Release	Build Debug APK	2026-01-23T08:40:21.0486484Z > Task :i18n-ank:extractDeepLinksDebug FROM-CACHE
Build & Release	Build Debug APK	2026-01-23T08:40:21.0487125Z > Task :app:preDebugBuild UP-TO-DATE
Build & Release	Build Debug APK	2026-01-23T08:40:21.0487776Z > Task :i18n-kmk:extractDeepLinksDebug FROM-CACHE
Build & Release	Build Debug APK	2026-01-23T08:40:21.0488561Z > Task :app:mergeDebugNativeDebugMetadata NO-SOURCE
Build & Release	Build Debug APK	2026-01-23T08:40:21.0489394Z > Task :app:checkKotlinGradlePluginConfigurationErrors SKIPPED
Build & Release	Build Debug APK	2026-01-23T08:40:21.0490716Z > Task :i18n:processDebugManifest FROM-CACHE
Build & Release	Build Debug APK	2026-01-23T08:40:21.0491640Z > Task :i18n-ank:processDebugManifest FROM-CACHE
Build & Release	Build Debug APK	2026-01-23T08:40:21.0492465Z > Task :i18n-kmk:processDebugManifest FROM-CACHE
Build & Release	Build Debug APK	2026-01-23T08:40:21.0493263Z > Task :i18n-sy:extractDeepLinksDebug FROM-CACHE
Build & Release	Build Debug APK	2026-01-23T08:40:21.0494125Z > Task :presentation-core:extractDeepLinksDebug FROM-CACHE
Build & Release	Build Debug APK	2026-01-23T08:40:21.0498369Z > Task :presentation-widget:extractDeepLinksDebug FROM-CACHE
Build & Release	Build Debug APK	2026-01-23T08:40:21.0500069Z > Task :presentation-widget:processDebugManifest FROM-CACHE
Build & Release	Build Debug APK	2026-01-23T08:40:21.0500815Z > Task :i18n-sy:processDebugManifest FROM-CACHE
Build & Release	Build Debug APK	2026-01-23T08:40:21.0501771Z > Task :presentation-core:processDebugManifest FROM-CACHE
Build & Release	Build Debug APK	2026-01-23T08:40:21.0502547Z > Task :source-api:extractDeepLinksDebug FROM-CACHE
Build & Release	Build Debug APK	2026-01-23T08:40:21.0503298Z > Task :source-local:extractDeepLinksDebug FROM-CACHE
Build & Release	Build Debug APK	2026-01-23T08:40:21.0504051Z > Task :telemetry:extractDeepLinksDebug FROM-CACHE
Build & Release	Build Debug APK	2026-01-23T08:40:21.0504785Z > Task :source-api:processDebugManifest FROM-CACHE
Build & Release	Build Debug APK	2026-01-23T08:40:21.0505479Z > Task :telemetry:processDebugManifest FROM-CACHE
Build & Release	Build Debug APK	2026-01-23T08:40:21.0511376Z > Task :core:archive:extractDeepLinksDebug FROM-CACHE
Build & Release	Build Debug APK	2026-01-23T08:40:21.0512274Z > Task :source-local:processDebugManifest FROM-CACHE
Build & Release	Build Debug APK	2026-01-23T08:40:21.0512937Z > Task :core:common:extractDeepLinksDebug FROM-CACHE
Build & Release	Build Debug APK	2026-01-23T08:40:21.1459492Z > Task :core-metadata:compileDebugLibraryResources FROM-CACHE
Build & Release	Build Debug APK	2026-01-23T08:40:21.1460852Z > Task :core:archive:processDebugManifest FROM-CACHE
Build & Release	Build Debug APK	2026-01-23T08:40:21.1462115Z > Task :core:common:processDebugManifest FROM-CACHE
Build & Release	Build Debug APK	2026-01-23T08:40:21.1466550Z > Task :source-api:parseDebugLocalResources FROM-CACHE
Build & Release	Build Debug APK	2026-01-23T08:40:21.1468598Z > Task :core-metadata:parseDebugLocalResources FROM-CACHE
Build & Release	Build Debug APK	2026-01-23T08:40:21.1469540Z > Task :i18n:parseDebugLocalResources FROM-CACHE
Build & Release	Build Debug APK	2026-01-23T08:40:21.1470773Z > Task :i18n-sy:parseDebugLocalResources FROM-CACHE
Build & Release	Build Debug APK	2026-01-23T08:40:21.1472001Z > Task :core:common:parseDebugLocalResources FROM-CACHE
Build & Release	Build Debug APK	2026-01-23T08:40:21.1488212Z > Task :data:compileDebugLibraryResources FROM-CACHE
Build & Release	Build Debug APK	2026-01-23T08:40:21.1489319Z > Task :data:parseDebugLocalResources FROM-CACHE
Build & Release	Build Debug APK	2026-01-23T08:40:21.1490220Z > Task :domain:parseDebugLocalResources FROM-CACHE
Build & Release	Build Debug APK	2026-01-23T08:40:21.1491065Z > Task :i18n-ank:parseDebugLocalResources FROM-CACHE
Build & Release	Build Debug APK	2026-01-23T08:40:21.1492032Z > Task :i18n:generateDebugRFile FROM-CACHE
Build & Release	Build Debug APK	2026-01-23T08:40:21.1493067Z > Task :i18n-sy:generateDebugRFile FROM-CACHE
Build & Release	Build Debug APK	2026-01-23T08:40:21.2467639Z > Task :domain:compileDebugLibraryResources FROM-CACHE
Build & Release	Build Debug APK	2026-01-23T08:40:21.2472457Z > Task :i18n-ank:generateDebugRFile FROM-CACHE
Build & Release	Build Debug APK	2026-01-23T08:40:21.2476851Z > Task :i18n:compileDebugLibraryResources FROM-CACHE
Build & Release	Build Debug APK	2026-01-23T08:40:21.2481066Z > Task :i18n-ank:compileDebugLibraryResources FROM-CACHE
Build & Release	Build Debug APK	2026-01-23T08:40:21.2483365Z > Task :i18n-kmk:compileDebugLibraryResources FROM-CACHE
Build & Release	Build Debug APK	2026-01-23T08:40:21.2484771Z > Task :i18n-kmk:parseDebugLocalResources FROM-CACHE
Build & Release	Build Debug APK	2026-01-23T08:40:21.3453044Z > Task :i18n-kmk:generateDebugRFile FROM-CACHE
Build & Release	Build Debug APK	2026-01-23T08:40:21.3454574Z > Task :i18n-sy:compileDebugLibraryResources FROM-CACHE
Build & Release	Build Debug APK	2026-01-23T08:40:21.3455685Z > Task :presentation-core:compileDebugLibraryResources FROM-CACHE
Build & Release	Build Debug APK	2026-01-23T08:40:21.3456799Z > Task :flagkit:compileDebugLibraryResources FROM-CACHE
Build & Release	Build Debug APK	2026-01-23T08:40:21.3457796Z > Task :presentation-core:parseDebugLocalResources FROM-CACHE
Build & Release	Build Debug APK	2026-01-23T08:40:21.3458802Z > Task :flagkit:parseDebugLocalResources FROM-CACHE
Build & Release	Build Debug APK	2026-01-23T08:40:21.3459812Z > Task :presentation-widget:compileDebugLibraryResources FROM-CACHE
Build & Release	Build Debug APK	2026-01-23T08:40:21.3461717Z > Task :source-api:compileDebugLibraryResources FROM-CACHE
Build & Release	Build Debug APK	2026-01-23T08:40:21.3462952Z > Task :presentation-widget:parseDebugLocalResources FROM-CACHE
Build & Release	Build Debug APK	2026-01-23T08:40:21.3464011Z > Task :source-local:compileDebugLibraryResources FROM-CACHE
Build & Release	Build Debug APK	2026-01-23T08:40:21.3464983Z > Task :core:archive:parseDebugLocalResources FROM-CACHE
Build & Release	Build Debug APK	2026-01-23T08:40:21.3465917Z > Task :source-local:parseDebugLocalResources FROM-CACHE
Build & Release	Build Debug APK	2026-01-23T08:40:21.3467389Z > Task :telemetry:compileDebugLibraryResources FROM-CACHE
Build & Release	Build Debug APK	2026-01-23T08:40:21.3468382Z > Task :core:archive:compileDebugLibraryResources FROM-CACHE
Build & Release	Build Debug APK	2026-01-23T08:40:21.3469476Z > Task :core-metadata:checkKotlinGradlePluginConfigurationErrors SKIPPED
Build & Release	Build Debug APK	2026-01-23T08:40:21.3470603Z > Task :source-api:kmpPartiallyResolvedDependenciesChecker
Build & Release	Build Debug APK	2026-01-23T08:40:21.3473865Z > Task :source-api:checkKotlinGradlePluginConfigurationErrors SKIPPED
Build & Release	Build Debug APK	2026-01-23T08:40:21.3475052Z > Task :i18n:kmpPartiallyResolvedDependenciesChecker
Build & Release	Build Debug APK	2026-01-23T08:40:21.3476132Z > Task :i18n:checkKotlinGradlePluginConfigurationErrors SKIPPED
Build & Release	Build Debug APK	2026-01-23T08:40:21.3478687Z > Task :telemetry:parseDebugLocalResources FROM-CACHE
Build & Release	Build Debug APK	2026-01-23T08:40:21.4463209Z > Task :telemetry:generateDebugRFile FROM-CACHE
Build & Release	Build Debug APK	2026-01-23T08:40:21.4464709Z > Task :i18n-sy:kmpPartiallyResolvedDependenciesChecker
Build & Release	Build Debug APK	2026-01-23T08:40:21.4465851Z > Task :i18n-sy:checkKotlinGradlePluginConfigurationErrors SKIPPED
Build & Release	Build Debug APK	2026-01-23T08:40:21.6542689Z > Task :core:common:generateDebugRFile FROM-CACHE
Build & Release	Build Debug APK	2026-01-23T08:40:21.7441969Z > Task :i18n-sy:compileDebugKotlinAndroid FROM-CACHE
Build & Release	Build Debug APK	2026-01-23T08:40:21.7443092Z > Task :i18n:compileDebugKotlinAndroid FROM-CACHE
Build & Release	Build Debug APK	2026-01-23T08:40:21.8453794Z > Task :flagkit:generateDebugRFile FROM-CACHE
Build & Release	Build Debug APK	2026-01-23T08:40:21.9443555Z > Task :core:archive:generateDebugRFile FROM-CACHE
Build & Release	Build Debug APK	2026-01-23T08:40:21.9452279Z > Task :core:common:compileDebugLibraryResources FROM-CACHE
Build & Release	Build Debug APK	2026-01-23T08:40:21.9456586Z > Task :i18n:javaPreCompileDebug FROM-CACHE
Build & Release	Build Debug APK	2026-01-23T08:40:21.9462261Z > Task :i18n:compileDebugJavaWithJavac NO-SOURCE
Build & Release	Build Debug APK	2026-01-23T08:40:22.2456127Z > Task :source-api:generateDebugRFile FROM-CACHE
Build & Release	Build Debug APK	2026-01-23T08:40:22.3441267Z > Task :core-metadata:generateDebugRFile FROM-CACHE
Build & Release	Build Debug APK	2026-01-23T08:40:22.4453438Z > Task :i18n:bundleLibCompileToJarDebug
Build & Release	Build Debug APK	2026-01-23T08:40:22.4454478Z > Task :i18n-sy:javaPreCompileDebug FROM-CACHE
Build & Release	Build Debug APK	2026-01-23T08:40:22.4455142Z > Task :i18n-sy:compileDebugJavaWithJavac NO-SOURCE
Build & Release	Build Debug APK	2026-01-23T08:40:22.4455842Z > Task :i18n-sy:bundleLibCompileToJarDebug
Build & Release	Build Debug APK	2026-01-23T08:40:22.4456701Z > Task :core:common:checkKotlinGradlePluginConfigurationErrors SKIPPED
Build & Release	Build Debug APK	2026-01-23T08:40:22.4457544Z > Task :domain:generateDebugRFile FROM-CACHE
Build & Release	Build Debug APK	2026-01-23T08:40:22.4458263Z > Task :presentation-core:generateDebugRFile FROM-CACHE
Build & Release	Build Debug APK	2026-01-23T08:40:22.6465034Z > Task :data:generateDebugRFile FROM-CACHE
Build & Release	Build Debug APK	2026-01-23T08:40:22.7464089Z > Task :presentation-widget:generateDebugRFile FROM-CACHE
Build & Release	Build Debug APK	2026-01-23T08:40:22.7473812Z > Task :app:generateDebugResValues FROM-CACHE
Build & Release	Build Debug APK	2026-01-23T08:40:22.7474521Z > Task :source-local:generateDebugRFile FROM-CACHE
Build & Release	Build Debug APK	2026-01-23T08:40:22.7475201Z > Task :source-api:javaPreCompileDebug FROM-CACHE
Build & Release	Build Debug APK	2026-01-23T08:40:22.7475912Z > Task :core-metadata:javaPreCompileDebug FROM-CACHE
Build & Release	Build Debug APK	2026-01-23T08:40:22.7476743Z > Task :data:checkKotlinGradlePluginConfigurationErrors SKIPPED
Build & Release	Build Debug APK	2026-01-23T08:40:22.8467102Z > Task :app:dataBindingMergeDependencyArtifactsDebug
Build & Release	Build Debug APK	2026-01-23T08:40:22.8468796Z > Task :domain:checkKotlinGradlePluginConfigurationErrors SKIPPED
Build & Release	Build Debug APK	2026-01-23T08:40:22.8483020Z > Task :i18n-ank:kmpPartiallyResolvedDependenciesChecker
Build & Release	Build Debug APK	2026-01-23T08:40:22.8484137Z > Task :i18n-ank:checkKotlinGradlePluginConfigurationErrors SKIPPED
Build & Release	Build Debug APK	2026-01-23T08:40:22.8485124Z > Task :app:generateDebugResources FROM-CACHE
Build & Release	Build Debug APK	2026-01-23T08:40:22.8485991Z > Task :data:generateDebugDatabaseInterface FROM-CACHE
Build & Release	Build Debug APK	2026-01-23T08:40:22.8486851Z > Task :domain:javaPreCompileDebug FROM-CACHE
Build & Release	Build Debug APK	2026-01-23T08:40:22.8487685Z > Task :data:javaPreCompileDebug FROM-CACHE
Build & Release	Build Debug APK	2026-01-23T08:40:22.8488953Z > Task :flagkit:checkKotlinGradlePluginConfigurationErrors SKIPPED
Build & Release	Build Debug APK	2026-01-23T08:40:22.8489730Z > Task :flagkit:javaPreCompileDebug FROM-CACHE
Build & Release	Build Debug APK	2026-01-23T08:40:22.8490430Z > Task :i18n-kmk:kmpPartiallyResolvedDependenciesChecker
Build & Release	Build Debug APK	2026-01-23T08:40:22.8491244Z > Task :i18n-kmk:checkKotlinGradlePluginConfigurationErrors SKIPPED
Build & Release	Build Debug APK	2026-01-23T08:40:22.8492273Z > Task :i18n-ank:compileDebugKotlinAndroid FROM-CACHE
Build & Release	Build Debug APK	2026-01-23T08:40:22.8492920Z > Task :i18n-ank:javaPreCompileDebug FROM-CACHE
Build & Release	Build Debug APK	2026-01-23T08:40:22.9445227Z > Task :i18n-ank:compileDebugJavaWithJavac NO-SOURCE
Build & Release	Build Debug APK	2026-01-23T08:40:22.9447588Z > Task :i18n-ank:bundleLibCompileToJarDebug
Build & Release	Build Debug APK	2026-01-23T08:40:22.9448800Z > Task :presentation-core:checkKotlinGradlePluginConfigurationErrors SKIPPED
Build & Release	Build Debug APK	2026-01-23T08:40:22.9450034Z > Task :presentation-core:javaPreCompileDebug FROM-CACHE
Build & Release	Build Debug APK	2026-01-23T08:40:22.9451098Z > Task :presentation-widget:checkKotlinGradlePluginConfigurationErrors SKIPPED
Build & Release	Build Debug APK	2026-01-23T08:40:22.9452509Z > Task :presentation-widget:javaPreCompileDebug FROM-CACHE
Build & Release	Build Debug APK	2026-01-23T08:40:22.9453576Z > Task :source-local:kmpPartiallyResolvedDependenciesChecker
Build & Release	Build Debug APK	2026-01-23T08:40:22.9454718Z > Task :source-local:checkKotlinGradlePluginConfigurationErrors SKIPPED
Build & Release	Build Debug APK	2026-01-23T08:40:22.9455925Z > Task :core:archive:checkKotlinGradlePluginConfigurationErrors SKIPPED
Build & Release	Build Debug APK	2026-01-23T08:40:22.9456986Z > Task :core:archive:javaPreCompileDebug FROM-CACHE
Build & Release	Build Debug APK	2026-01-23T08:40:22.9457874Z > Task :source-local:javaPreCompileDebug FROM-CACHE
Build & Release	Build Debug APK	2026-01-23T08:40:22.9458914Z > Task :telemetry:checkKotlinGradlePluginConfigurationErrors SKIPPED
Build & Release	Build Debug APK	2026-01-23T08:40:22.9460020Z > Task :i18n-kmk:compileDebugKotlinAndroid FROM-CACHE
Build & Release	Build Debug APK	2026-01-23T08:40:22.9460933Z > Task :i18n-kmk:javaPreCompileDebug FROM-CACHE
Build & Release	Build Debug APK	2026-01-23T08:40:22.9462031Z > Task :i18n-kmk:compileDebugJavaWithJavac NO-SOURCE
Build & Release	Build Debug APK	2026-01-23T08:40:22.9462929Z > Task :telemetry:compileDebugKotlin FROM-CACHE
Build & Release	Build Debug APK	2026-01-23T08:40:23.0442600Z > Task :i18n-kmk:bundleLibCompileToJarDebug
Build & Release	Build Debug APK	2026-01-23T08:40:23.0443501Z > Task :telemetry:javaPreCompileDebug FROM-CACHE
Build & Release	Build Debug APK	2026-01-23T08:40:23.0444756Z > Task :telemetry:compileDebugJavaWithJavac NO-SOURCE
Build & Release	Build Debug APK	2026-01-23T08:40:23.0445481Z > Task :telemetry:bundleLibCompileToJarDebug
Build & Release	Build Debug APK	2026-01-23T08:40:23.1449604Z > Task :data:mergeDebugShaders
Build & Release	Build Debug APK	2026-01-23T08:40:23.1450558Z > Task :core-metadata:mergeDebugShaders
Build & Release	Build Debug APK	2026-01-23T08:40:23.1451269Z > Task :data:compileDebugShaders NO-SOURCE
Build & Release	Build Debug APK	2026-01-23T08:40:23.1452159Z > Task :core-metadata:compileDebugShaders NO-SOURCE
Build & Release	Build Debug APK	2026-01-23T08:40:23.1452794Z > Task :data:generateDebugAssets UP-TO-DATE
Build & Release	Build Debug APK	2026-01-23T08:40:23.1453424Z > Task :core-metadata:generateDebugAssets UP-TO-DATE
Build & Release	Build Debug APK	2026-01-23T08:40:23.1453994Z > Task :data:mergeDebugAssets
Build & Release	Build Debug APK	2026-01-23T08:40:23.1454494Z > Task :core-metadata:mergeDebugAssets
Build & Release	Build Debug APK	2026-01-23T08:40:23.2474476Z > Task :domain:mergeDebugShaders
Build & Release	Build Debug APK	2026-01-23T08:40:23.2476352Z > Task :domain:compileDebugShaders NO-SOURCE
Build & Release	Build Debug APK	2026-01-23T08:40:23.2477287Z > Task :flagkit:mergeDebugShaders
Build & Release	Build Debug APK	2026-01-23T08:40:23.2485234Z > Task :domain:generateDebugAssets UP-TO-DATE
Build & Release	Build Debug APK	2026-01-23T08:40:23.2486668Z > Task :core:common:javaPreCompileDebug FROM-CACHE
Build & Release	Build Debug APK	2026-01-23T08:40:23.2487456Z > Task :flagkit:compileDebugShaders NO-SOURCE
Build & Release	Build Debug APK	2026-01-23T08:40:23.2488244Z > Task :flagkit:generateDebugAssets UP-TO-DATE
Build & Release	Build Debug APK	2026-01-23T08:40:23.2489040Z > Task :domain:mergeDebugAssets
Build & Release	Build Debug APK	2026-01-23T08:40:23.2489665Z > Task :flagkit:mergeDebugAssets
Build & Release	Build Debug APK	2026-01-23T08:40:23.2490302Z > Task :i18n:mergeDebugShaders
Build & Release	Build Debug APK	2026-01-23T08:40:23.2490952Z > Task :i18n:compileDebugShaders NO-SOURCE
Build & Release	Build Debug APK	2026-01-23T08:40:23.2491842Z > Task :i18n-ank:mergeDebugShaders
Build & Release	Build Debug APK	2026-01-23T08:40:23.2492631Z > Task :i18n:debugAssetsCopyForAGP NO-SOURCE
Build & Release	Build Debug APK	2026-01-23T08:40:23.2493450Z > Task :i18n:generateDebugAssets UP-TO-DATE
Build & Release	Build Debug APK	2026-01-23T08:40:23.2494270Z > Task :i18n-ank:compileDebugShaders NO-SOURCE
Build & Release	Build Debug APK	2026-01-23T08:40:23.2495037Z > Task :i18n-ank:debugAssetsCopyForAGP NO-SOURCE
Build & Release	Build Debug APK	2026-01-23T08:40:23.2495863Z > Task :i18n-ank:generateDebugAssets UP-TO-DATE
Build & Release	Build Debug APK	2026-01-23T08:40:23.2496632Z > Task :i18n:mergeDebugAssets
Build & Release	Build Debug APK	2026-01-23T08:40:23.2504916Z > Task :i18n-kmk:mergeDebugShaders
Build & Release	Build Debug APK	2026-01-23T08:40:23.2505534Z > Task :i18n-kmk:compileDebugShaders NO-SOURCE
Build & Release	Build Debug APK	2026-01-23T08:40:23.2506185Z > Task :i18n-kmk:debugAssetsCopyForAGP NO-SOURCE
Build & Release	Build Debug APK	2026-01-23T08:40:23.2507255Z > Task :i18n-kmk:generateDebugAssets UP-TO-DATE
Build & Release	Build Debug APK	2026-01-23T08:40:23.2507908Z > Task :i18n-ank:mergeDebugAssets
Build & Release	Build Debug APK	2026-01-23T08:40:23.2508459Z > Task :i18n-sy:mergeDebugShaders
Build & Release	Build Debug APK	2026-01-23T08:40:23.2508994Z > Task :i18n-kmk:mergeDebugAssets
Build & Release	Build Debug APK	2026-01-23T08:40:23.2509568Z > Task :i18n-sy:compileDebugShaders NO-SOURCE
Build & Release	Build Debug APK	2026-01-23T08:40:23.2510552Z > Task :i18n-sy:debugAssetsCopyForAGP NO-SOURCE
Build & Release	Build Debug APK	2026-01-23T08:40:23.2511210Z > Task :i18n-sy:generateDebugAssets UP-TO-DATE
Build & Release	Build Debug APK	2026-01-23T08:40:23.3447390Z > Task :presentation-core:mergeDebugShaders
Build & Release	Build Debug APK	2026-01-23T08:40:23.3468179Z > Task :presentation-core:compileDebugShaders NO-SOURCE
Build & Release	Build Debug APK	2026-01-23T08:40:23.3469432Z > Task :presentation-core:generateDebugAssets UP-TO-DATE
Build & Release	Build Debug APK	2026-01-23T08:40:23.3470413Z > Task :i18n-sy:mergeDebugAssets
Build & Release	Build Debug APK	2026-01-23T08:40:23.3471103Z > Task :presentation-core:mergeDebugAssets
Build & Release	Build Debug APK	2026-01-23T08:40:23.3472022Z > Task :presentation-widget:mergeDebugShaders
Build & Release	Build Debug APK	2026-01-23T08:40:23.3472744Z > Task :source-api:mergeDebugShaders
Build & Release	Build Debug APK	2026-01-23T08:40:23.3473791Z > Task :presentation-widget:compileDebugShaders NO-SOURCE
Build & Release	Build Debug APK	2026-01-23T08:40:23.3474690Z > Task :presentation-widget:generateDebugAssets UP-TO-DATE
Build & Release	Build Debug APK	2026-01-23T08:40:23.3476222Z > Task :source-api:compileDebugShaders NO-SOURCE
Build & Release	Build Debug APK	2026-01-23T08:40:23.3477176Z > Task :source-api:debugAssetsCopyForAGP NO-SOURCE
Build & Release	Build Debug APK	2026-01-23T08:40:23.3478102Z > Task :source-api:generateDebugAssets UP-TO-DATE
Build & Release	Build Debug APK	2026-01-23T08:40:23.3479284Z > Task :presentation-widget:mergeDebugAssets
Build & Release	Build Debug APK	2026-01-23T08:40:23.3480114Z > Task :source-api:mergeDebugAssets
Build & Release	Build Debug APK	2026-01-23T08:40:23.3480855Z > Task :source-local:mergeDebugShaders
Build & Release	Build Debug APK	2026-01-23T08:40:23.3481725Z > Task :source-local:compileDebugShaders NO-SOURCE
Build & Release	Build Debug APK	2026-01-23T08:40:23.3482563Z > Task :source-local:debugAssetsCopyForAGP NO-SOURCE
Build & Release	Build Debug APK	2026-01-23T08:40:23.3485610Z > Task :source-local:generateDebugAssets UP-TO-DATE
Build & Release	Build Debug APK	2026-01-23T08:40:23.3486226Z > Task :telemetry:mergeDebugShaders
Build & Release	Build Debug APK	2026-01-23T08:40:23.3486759Z > Task :source-local:mergeDebugAssets
Build & Release	Build Debug APK	2026-01-23T08:40:23.3487330Z > Task :telemetry:compileDebugShaders NO-SOURCE
Build & Release	Build Debug APK	2026-01-23T08:40:23.3487916Z > Task :telemetry:generateDebugAssets UP-TO-DATE
Build & Release	Build Debug APK	2026-01-23T08:40:23.3488462Z > Task :core:archive:mergeDebugShaders
Build & Release	Build Debug APK	2026-01-23T08:40:23.3489000Z > Task :core:archive:compileDebugShaders NO-SOURCE
Build & Release	Build Debug APK	2026-01-23T08:40:23.3489663Z > Task :core:archive:generateDebugAssets UP-TO-DATE
Build & Release	Build Debug APK	2026-01-23T08:40:23.3490266Z > Task :telemetry:mergeDebugAssets
Build & Release	Build Debug APK	2026-01-23T08:40:23.3490799Z > Task :core:archive:mergeDebugAssets
Build & Release	Build Debug APK	2026-01-23T08:40:23.3491314Z > Task :core:common:mergeDebugShaders
Build & Release	Build Debug APK	2026-01-23T08:40:23.3492080Z > Task :core:common:compileDebugShaders NO-SOURCE
Build & Release	Build Debug APK	2026-01-23T08:40:23.3492711Z > Task :core:common:generateDebugAssets UP-TO-DATE
Build & Release	Build Debug APK	2026-01-23T08:40:23.3493295Z > Task :i18n:bundleLibRuntimeToJarDebug
Build & Release	Build Debug APK	2026-01-23T08:40:23.3494216Z > Task :core:common:mergeDebugAssets
Build & Release	Build Debug APK	2026-01-23T08:40:23.4444969Z > Task :i18n-kmk:bundleLibRuntimeToJarDebug
Build & Release	Build Debug APK	2026-01-23T08:40:23.4449118Z > Task :i18n-ank:bundleLibRuntimeToJarDebug
Build & Release	Build Debug APK	2026-01-23T08:40:23.4453806Z > Task :i18n-sy:bundleLibRuntimeToJarDebug
Build & Release	Build Debug APK	2026-01-23T08:40:23.4456444Z > Task :telemetry:bundleLibRuntimeToJarDebug
Build & Release	Build Debug APK	2026-01-23T08:40:23.4464741Z > Task :i18n:processDebugJavaRes
Build & Release	Build Debug APK	2026-01-23T08:40:23.4466842Z > Task :i18n-ank:processDebugJavaRes
Build & Release	Build Debug APK	2026-01-23T08:40:23.4468673Z > Task :i18n-kmk:processDebugJavaRes
Build & Release	Build Debug APK	2026-01-23T08:40:23.4469445Z > Task :i18n-sy:processDebugJavaRes
Build & Release	Build Debug APK	2026-01-23T08:40:23.5458273Z > Task :telemetry:processDebugJavaRes
Build & Release	Build Debug APK	2026-01-23T08:40:23.5459266Z > Task :i18n:bundleLibRuntimeToDirDebug
Build & Release	Build Debug APK	2026-01-23T08:40:23.5460673Z > Task :i18n-kmk:bundleLibRuntimeToDirDebug
Build & Release	Build Debug APK	2026-01-23T08:40:23.5461821Z > Task :i18n-ank:bundleLibRuntimeToDirDebug
Build & Release	Build Debug APK	2026-01-23T08:40:23.5463056Z > Task :i18n-sy:bundleLibRuntimeToDirDebug
Build & Release	Build Debug APK	2026-01-23T08:40:23.6440582Z > Task :telemetry:bundleLibRuntimeToDirDebug
Build & Release	Build Debug APK	2026-01-23T08:40:23.6453447Z > Task :core-metadata:mergeDebugJniLibFolders
Build & Release	Build Debug APK	2026-01-23T08:40:23.6454761Z > Task :core-metadata:mergeDebugNativeLibs NO-SOURCE
Build & Release	Build Debug APK	2026-01-23T08:40:23.6456860Z > Task :core-metadata:copyDebugJniLibsProjectOnly
Build & Release	Build Debug APK	2026-01-23T08:40:23.6458479Z > Task :data:mergeDebugJniLibFolders
Build & Release	Build Debug APK	2026-01-23T08:40:23.6477612Z > Task :data:mergeDebugNativeLibs NO-SOURCE
Build & Release	Build Debug APK	2026-01-23T08:40:23.6482137Z > Task :data:copyDebugJniLibsProjectOnly
Build & Release	Build Debug APK	2026-01-23T08:40:23.6483357Z > Task :domain:mergeDebugJniLibFolders
Build & Release	Build Debug APK	2026-01-23T08:40:23.6484564Z > Task :flagkit:mergeDebugJniLibFolders
Build & Release	Build Debug APK	2026-01-23T08:40:23.6486141Z > Task :domain:mergeDebugNativeLibs NO-SOURCE
Build & Release	Build Debug APK	2026-01-23T08:40:23.6487233Z > Task :flagkit:mergeDebugNativeLibs NO-SOURCE
Build & Release	Build Debug APK	2026-01-23T08:40:23.6489297Z > Task :domain:copyDebugJniLibsProjectOnly
Build & Release	Build Debug APK	2026-01-23T08:40:23.6489899Z > Task :app:prepareDebugShortcutXML
Build & Release	Build Debug APK	2026-01-23T08:40:23.6490489Z > Task :flagkit:copyDebugJniLibsProjectOnly
Build & Release	Build Debug APK	2026-01-23T08:40:23.6491182Z > Task :app:prepareLibraryDefinitionsDebug FROM-CACHE
Build & Release	Build Debug APK	2026-01-23T08:40:23.6492041Z > Task :i18n:mergeDebugJniLibFolders
Build & Release	Build Debug APK	2026-01-23T08:40:23.6492580Z > Task :i18n-ank:mergeDebugJniLibFolders
Build & Release	Build Debug APK	2026-01-23T08:40:23.6493177Z > Task :i18n-ank:mergeDebugNativeLibs NO-SOURCE
Build & Release	Build Debug APK	2026-01-23T08:40:23.6493798Z > Task :i18n:mergeDebugNativeLibs NO-SOURCE
Build & Release	Build Debug APK	2026-01-23T08:40:23.6494398Z > Task :i18n:copyDebugJniLibsProjectOnly
Build & Release	Build Debug APK	2026-01-23T08:40:23.6494986Z > Task :i18n-ank:copyDebugJniLibsProjectOnly
Build & Release	Build Debug APK	2026-01-23T08:40:23.8443944Z > Task :i18n-kmk:mergeDebugJniLibFolders
Build & Release	Build Debug APK	2026-01-23T08:40:23.8448961Z > Task :i18n-sy:mergeDebugJniLibFolders
Build & Release	Build Debug APK	2026-01-23T08:40:23.8450065Z > Task :i18n-sy:mergeDebugNativeLibs NO-SOURCE
Build & Release	Build Debug APK	2026-01-23T08:40:23.8454643Z > Task :i18n-kmk:mergeDebugNativeLibs NO-SOURCE
Build & Release	Build Debug APK	2026-01-23T08:40:23.8455676Z > Task :i18n-kmk:copyDebugJniLibsProjectOnly
Build & Release	Build Debug APK	2026-01-23T08:40:23.8456560Z > Task :i18n-sy:copyDebugJniLibsProjectOnly
Build & Release	Build Debug APK	2026-01-23T08:40:23.8457280Z > Task :presentation-widget:mergeDebugJniLibFolders
Build & Release	Build Debug APK	2026-01-23T08:40:23.8457994Z > Task :presentation-core:mergeDebugJniLibFolders
Build & Release	Build Debug APK	2026-01-23T08:40:23.8458738Z > Task :presentation-widget:mergeDebugNativeLibs NO-SOURCE
Build & Release	Build Debug APK	2026-01-23T08:40:23.8459514Z > Task :presentation-core:mergeDebugNativeLibs NO-SOURCE
Build & Release	Build Debug APK	2026-01-23T08:40:23.8460642Z > Task :presentation-widget:copyDebugJniLibsProjectOnly
Build & Release	Build Debug APK	2026-01-23T08:40:23.8461400Z > Task :presentation-core:copyDebugJniLibsProjectOnly
Build & Release	Build Debug APK	2026-01-23T08:40:23.8462214Z > Task :source-api:mergeDebugJniLibFolders
Build & Release	Build Debug APK	2026-01-23T08:40:23.9442906Z > Task :source-api:mergeDebugNativeLibs NO-SOURCE
Build & Release	Build Debug APK	2026-01-23T08:40:23.9447447Z > Task :source-local:mergeDebugJniLibFolders
Build & Release	Build Debug APK	2026-01-23T08:40:23.9452186Z > Task :source-local:mergeDebugNativeLibs NO-SOURCE
Build & Release	Build Debug APK	2026-01-23T08:40:23.9456908Z > Task :source-api:copyDebugJniLibsProjectOnly
Build & Release	Build Debug APK	2026-01-23T08:40:23.9459149Z > Task :source-local:copyDebugJniLibsProjectOnly
Build & Release	Build Debug APK	2026-01-23T08:40:23.9460157Z > Task :core:archive:mergeDebugJniLibFolders
Build & Release	Build Debug APK	2026-01-23T08:40:23.9461042Z > Task :telemetry:mergeDebugJniLibFolders
Build & Release	Build Debug APK	2026-01-23T08:40:23.9462621Z > Task :core:archive:mergeDebugNativeLibs NO-SOURCE
Build & Release	Build Debug APK	2026-01-23T08:40:23.9463949Z > Task :telemetry:mergeDebugNativeLibs NO-SOURCE
Build & Release	Build Debug APK	2026-01-23T08:40:23.9464937Z > Task :telemetry:copyDebugJniLibsProjectOnly
Build & Release	Build Debug APK	2026-01-23T08:40:23.9466806Z > Task :core:archive:copyDebugJniLibsProjectOnly
Build & Release	Build Debug APK	2026-01-23T08:40:23.9467791Z > Task :core-metadata:stripDebugDebugSymbols NO-SOURCE
Build & Release	Build Debug APK	2026-01-23T08:40:23.9503440Z > Task :core:common:mergeDebugJniLibFolders
Build & Release	Build Debug APK	2026-01-23T08:40:23.9504480Z > Task :core-metadata:copyDebugJniLibsProjectAndLocalJars
Build & Release	Build Debug APK	2026-01-23T08:40:23.9505549Z > Task :core-metadata:extractDeepLinksForAarDebug FROM-CACHE
Build & Release	Build Debug APK	2026-01-23T08:40:23.9506625Z > Task :core:common:mergeDebugNativeLibs NO-SOURCE
Build & Release	Build Debug APK	2026-01-23T08:40:23.9507561Z > Task :core:common:copyDebugJniLibsProjectOnly
Build & Release	Build Debug APK	2026-01-23T08:40:23.9508418Z > Task :data:stripDebugDebugSymbols NO-SOURCE
Build & Release	Build Debug APK	2026-01-23T08:40:23.9509257Z > Task :core-metadata:prepareDebugArtProfile
Build & Release	Build Debug APK	2026-01-23T08:40:23.9510098Z > Task :data:copyDebugJniLibsProjectAndLocalJars
Build & Release	Build Debug APK	2026-01-23T08:40:24.0458470Z > Task :data:extractDeepLinksForAarDebug FROM-CACHE
Build & Release	Build Debug APK	2026-01-23T08:40:24.0461188Z > Task :data:prepareDebugArtProfile
Build & Release	Build Debug APK	2026-01-23T08:40:24.0464097Z > Task :core-metadata:prepareLintJarForPublish
Build & Release	Build Debug APK	2026-01-23T08:40:24.0466822Z > Task :domain:stripDebugDebugSymbols NO-SOURCE
Build & Release	Build Debug APK	2026-01-23T08:40:24.0469481Z > Task :data:prepareLintJarForPublish
Build & Release	Build Debug APK	2026-01-23T08:40:24.0504900Z > Task :flagkit:stripDebugDebugSymbols NO-SOURCE
Build & Release	Build Debug APK	2026-01-23T08:40:24.0506280Z > Task :domain:copyDebugJniLibsProjectAndLocalJars
Build & Release	Build Debug APK	2026-01-23T08:40:24.0507397Z > Task :domain:extractDeepLinksForAarDebug FROM-CACHE
Build & Release	Build Debug APK	2026-01-23T08:40:24.0508424Z > Task :flagkit:copyDebugJniLibsProjectAndLocalJars
Build & Release	Build Debug APK	2026-01-23T08:40:24.0509463Z > Task :domain:prepareDebugArtProfile
Build & Release	Build Debug APK	2026-01-23T08:40:24.0510160Z > Task :flagkit:extractDeepLinksForAarDebug FROM-CACHE
Build & Release	Build Debug APK	2026-01-23T08:40:24.0510860Z > Task :flagkit:prepareDebugArtProfile
Build & Release	Build Debug APK	2026-01-23T08:40:24.0511642Z > Task :domain:prepareLintJarForPublish
Build & Release	Build Debug APK	2026-01-23T08:40:24.0512274Z > Task :i18n:stripDebugDebugSymbols NO-SOURCE
Build & Release	Build Debug APK	2026-01-23T08:40:24.0512902Z > Task :flagkit:prepareLintJarForPublish
Build & Release	Build Debug APK	2026-01-23T08:40:24.0513514Z > Task :i18n-ank:stripDebugDebugSymbols NO-SOURCE
Build & Release	Build Debug APK	2026-01-23T08:40:24.0514178Z > Task :i18n:copyDebugJniLibsProjectAndLocalJars
Build & Release	Build Debug APK	2026-01-23T08:40:24.0514868Z > Task :i18n-ank:copyDebugJniLibsProjectAndLocalJars
Build & Release	Build Debug APK	2026-01-23T08:40:24.6443060Z > Task :app:mergeDebugResources FROM-CACHE
Build & Release	Build Debug APK	2026-01-23T08:40:24.7463002Z > Task :app:dataBindingGenBaseClassesDebug FROM-CACHE
Build & Release	Build Debug APK	2026-01-23T08:40:24.8477696Z > Task :app:generateDebugBuildConfig
Build & Release	Build Debug APK	2026-01-23T08:40:25.1440878Z > Task :app:checkDebugAarMetadata
Build & Release	Build Debug APK	2026-01-23T08:40:25.1443648Z > Task :app:mapDebugSourceSetPaths
Build & Release	Build Debug APK	2026-01-23T08:40:25.2441072Z > Task :app:createDebugCompatibleScreenManifests
Build & Release	Build Debug APK	2026-01-23T08:40:25.2442572Z > Task :app:extractDeepLinksDebug FROM-CACHE
Build & Release	Build Debug APK	2026-01-23T08:40:25.5441060Z > Task :app:processDebugMainManifest FROM-CACHE
Build & Release	Build Debug APK	2026-01-23T08:40:25.5445471Z > Task :app:processDebugManifest FROM-CACHE
Build & Release	Build Debug APK	2026-01-23T08:40:25.6459929Z > Task :app:processDebugManifestForPackage FROM-CACHE
Build & Release	Build Debug APK	2026-01-23T08:40:26.1442510Z > Task :i18n:extractDebugAnnotations FROM-CACHE
Build & Release	Build Debug APK	2026-01-23T08:40:26.1443663Z > Task :i18n-ank:extractDebugAnnotations FROM-CACHE
Build & Release	Build Debug APK	2026-01-23T08:40:26.1444611Z > Task :i18n:extractDeepLinksForAarDebug FROM-CACHE
Build & Release	Build Debug APK	2026-01-23T08:40:26.1445492Z > Task :i18n-ank:extractDeepLinksForAarDebug FROM-CACHE
Build & Release	Build Debug APK	2026-01-23T08:40:26.1446190Z > Task :i18n-ank:mergeDebugGeneratedProguardFiles
Build & Release	Build Debug APK	2026-01-23T08:40:26.1446816Z > Task :i18n:mergeDebugGeneratedProguardFiles
Build & Release	Build Debug APK	2026-01-23T08:40:26.1447425Z > Task :i18n:mergeDebugConsumerProguardFiles
Build & Release	Build Debug APK	2026-01-23T08:40:26.1448043Z > Task :i18n-ank:mergeDebugConsumerProguardFiles
Build & Release	Build Debug APK	2026-01-23T08:40:26.1448661Z > Task :i18n:prepareDebugArtProfile
Build & Release	Build Debug APK	2026-01-23T08:40:26.1449181Z > Task :i18n-ank:prepareDebugArtProfile
Build & Release	Build Debug APK	2026-01-23T08:40:26.2484583Z > Task :i18n:prepareLintJarForPublish
Build & Release	Build Debug APK	2026-01-23T08:40:26.2485721Z > Task :i18n-ank:prepareLintJarForPublish
Build & Release	Build Debug APK	2026-01-23T08:40:26.4440907Z > Task :i18n-ank:mergeDebugJavaResource
Build & Release	Build Debug APK	2026-01-23T08:40:26.4445296Z > Task :i18n:mergeDebugJavaResource
Build & Release	Build Debug APK	2026-01-23T08:40:26.4446470Z > Task :i18n:syncDebugLibJars FROM-CACHE
Build & Release	Build Debug APK	2026-01-23T08:40:26.4447279Z > Task :i18n-ank:syncDebugLibJars FROM-CACHE
Build & Release	Build Debug APK	2026-01-23T08:40:26.5441157Z > Task :i18n-ank:bundleDebugAar
Build & Release	Build Debug APK	2026-01-23T08:40:26.5441909Z > Task :i18n-ank:assembleDebug
Build & Release	Build Debug APK	2026-01-23T08:40:26.5442465Z > Task :i18n-kmk:stripDebugDebugSymbols NO-SOURCE
Build & Release	Build Debug APK	2026-01-23T08:40:26.5443134Z > Task :i18n-kmk:copyDebugJniLibsProjectAndLocalJars
Build & Release	Build Debug APK	2026-01-23T08:40:26.5443784Z > Task :i18n-kmk:extractDebugAnnotations FROM-CACHE
Build & Release	Build Debug APK	2026-01-23T08:40:26.5444443Z > Task :i18n-kmk:extractDeepLinksForAarDebug FROM-CACHE
Build & Release	Build Debug APK	2026-01-23T08:40:26.5445156Z > Task :i18n-kmk:mergeDebugGeneratedProguardFiles
Build & Release	Build Debug APK	2026-01-23T08:40:26.5445770Z > Task :i18n-kmk:mergeDebugConsumerProguardFiles
Build & Release	Build Debug APK	2026-01-23T08:40:26.5446339Z > Task :i18n-kmk:prepareDebugArtProfile
Build & Release	Build Debug APK	2026-01-23T08:40:26.5446868Z > Task :i18n-kmk:prepareLintJarForPublish
Build & Release	Build Debug APK	2026-01-23T08:40:26.6441188Z > Task :i18n-kmk:mergeDebugJavaResource
Build & Release	Build Debug APK	2026-01-23T08:40:26.6442481Z > Task :i18n-kmk:syncDebugLibJars FROM-CACHE
Build & Release	Build Debug APK	2026-01-23T08:40:26.6443288Z > Task :i18n-kmk:bundleDebugAar
Build & Release	Build Debug APK	2026-01-23T08:40:26.6444383Z > Task :i18n-kmk:assembleDebug
Build & Release	Build Debug APK	2026-01-23T08:40:26.6445203Z > Task :i18n-sy:stripDebugDebugSymbols NO-SOURCE
Build & Release	Build Debug APK	2026-01-23T08:40:26.6446236Z > Task :i18n-sy:copyDebugJniLibsProjectAndLocalJars
Build & Release	Build Debug APK	2026-01-23T08:40:26.7443153Z > Task :i18n-sy:extractDebugAnnotations FROM-CACHE
Build & Release	Build Debug APK	2026-01-23T08:40:26.7456130Z > Task :i18n-sy:extractDeepLinksForAarDebug FROM-CACHE
Build & Release	Build Debug APK	2026-01-23T08:40:26.7457291Z > Task :i18n-sy:mergeDebugGeneratedProguardFiles
Build & Release	Build Debug APK	2026-01-23T08:40:26.7457987Z > Task :i18n-sy:mergeDebugConsumerProguardFiles
Build & Release	Build Debug APK	2026-01-23T08:40:26.7458918Z > Task :i18n-sy:prepareDebugArtProfile
Build & Release	Build Debug APK	2026-01-23T08:40:26.7459479Z > Task :i18n-sy:prepareLintJarForPublish
Build & Release	Build Debug APK	2026-01-23T08:40:26.7460037Z > Task :i18n-sy:mergeDebugJavaResource
Build & Release	Build Debug APK	2026-01-23T08:40:26.7460548Z > Task :i18n:bundleDebugAar
Build & Release	Build Debug APK	2026-01-23T08:40:26.7460972Z > Task :i18n:assembleDebug
Build & Release	Build Debug APK	2026-01-23T08:40:26.7461611Z > Task :i18n-sy:syncDebugLibJars FROM-CACHE
Build & Release	Build Debug APK	2026-01-23T08:40:26.7462251Z > Task :presentation-core:stripDebugDebugSymbols NO-SOURCE
Build & Release	Build Debug APK	2026-01-23T08:40:26.7463062Z > Task :presentation-core:copyDebugJniLibsProjectAndLocalJars
Build & Release	Build Debug APK	2026-01-23T08:40:26.7463907Z > Task :presentation-core:extractDeepLinksForAarDebug FROM-CACHE
Build & Release	Build Debug APK	2026-01-23T08:40:26.8443121Z > Task :presentation-core:prepareDebugArtProfile
Build & Release	Build Debug APK	2026-01-23T08:40:26.8444303Z > Task :presentation-core:prepareLintJarForPublish
Build & Release	Build Debug APK	2026-01-23T08:40:26.8445248Z > Task :presentation-widget:stripDebugDebugSymbols NO-SOURCE
Build & Release	Build Debug APK	2026-01-23T08:40:26.8446251Z > Task :presentation-widget:copyDebugJniLibsProjectAndLocalJars
Build & Release	Build Debug APK	2026-01-23T08:40:26.8447159Z > Task :presentation-widget:extractDeepLinksForAarDebug FROM-CACHE
Build & Release	Build Debug APK	2026-01-23T08:40:26.8447911Z > Task :presentation-widget:prepareDebugArtProfile
Build & Release	Build Debug APK	2026-01-23T08:40:26.8448580Z > Task :presentation-widget:prepareLintJarForPublish
Build & Release	Build Debug APK	2026-01-23T08:40:26.8449239Z > Task :source-api:stripDebugDebugSymbols NO-SOURCE
Build & Release	Build Debug APK	2026-01-23T08:40:26.8449923Z > Task :source-api:copyDebugJniLibsProjectAndLocalJars
Build & Release	Build Debug APK	2026-01-23T08:40:26.8450634Z > Task :source-api:extractDeepLinksForAarDebug FROM-CACHE
Build & Release	Build Debug APK	2026-01-23T08:40:26.8451264Z > Task :source-api:prepareDebugArtProfile
Build & Release	Build Debug APK	2026-01-23T08:40:26.8452025Z > Task :source-api:prepareLintJarForPublish
Build & Release	Build Debug APK	2026-01-23T08:40:26.8452627Z > Task :source-local:stripDebugDebugSymbols NO-SOURCE
Build & Release	Build Debug APK	2026-01-23T08:40:26.8453311Z > Task :source-local:copyDebugJniLibsProjectAndLocalJars
Build & Release	Build Debug APK	2026-01-23T08:40:26.8454037Z > Task :source-local:extractDeepLinksForAarDebug FROM-CACHE
Build & Release	Build Debug APK	2026-01-23T08:40:26.8454655Z > Task :i18n-sy:bundleDebugAar
Build & Release	Build Debug APK	2026-01-23T08:40:26.8455111Z > Task :i18n-sy:assembleDebug
Build & Release	Build Debug APK	2026-01-23T08:40:26.8455642Z > Task :telemetry:stripDebugDebugSymbols NO-SOURCE
Build & Release	Build Debug APK	2026-01-23T08:40:26.8456250Z > Task :source-local:prepareDebugArtProfile
Build & Release	Build Debug APK	2026-01-23T08:40:26.8457024Z > Task :telemetry:copyDebugJniLibsProjectAndLocalJars
Build & Release	Build Debug APK	2026-01-23T08:40:26.9449150Z > Task :source-local:prepareLintJarForPublish
Build & Release	Build Debug APK	2026-01-23T08:40:26.9450154Z > Task :core:archive:stripDebugDebugSymbols NO-SOURCE
Build & Release	Build Debug APK	2026-01-23T08:40:26.9451579Z > Task :core:archive:copyDebugJniLibsProjectAndLocalJars
Build & Release	Build Debug APK	2026-01-23T08:40:26.9452507Z > Task :core:archive:extractDeepLinksForAarDebug FROM-CACHE
Build & Release	Build Debug APK	2026-01-23T08:40:26.9453221Z > Task :core:archive:prepareDebugArtProfile
Build & Release	Build Debug APK	2026-01-23T08:40:26.9457802Z > Task :core:archive:prepareLintJarForPublish
Build & Release	Build Debug APK	2026-01-23T08:40:26.9458660Z > Task :core:common:stripDebugDebugSymbols NO-SOURCE
Build & Release	Build Debug APK	2026-01-23T08:40:26.9459399Z > Task :telemetry:extractDebugAnnotations FROM-CACHE
Build & Release	Build Debug APK	2026-01-23T08:40:26.9460245Z > Task :core:common:copyDebugJniLibsProjectAndLocalJars
Build & Release	Build Debug APK	2026-01-23T08:40:26.9461150Z > Task :telemetry:extractDeepLinksForAarDebug FROM-CACHE
Build & Release	Build Debug APK	2026-01-23T08:40:26.9462227Z > Task :core:common:extractDeepLinksForAarDebug FROM-CACHE
Build & Release	Build Debug APK	2026-01-23T08:40:26.9463072Z > Task :telemetry:mergeDebugGeneratedProguardFiles
Build & Release	Build Debug APK	2026-01-23T08:40:26.9463840Z > Task :core:common:prepareDebugArtProfile
Build & Release	Build Debug APK	2026-01-23T08:40:26.9464593Z > Task :telemetry:mergeDebugConsumerProguardFiles
Build & Release	Build Debug APK	2026-01-23T08:40:26.9465309Z > Task :telemetry:prepareDebugArtProfile
Build & Release	Build Debug APK	2026-01-23T08:40:26.9466021Z > Task :core:common:prepareLintJarForPublish
Build & Release	Build Debug APK	2026-01-23T08:40:26.9466724Z > Task :telemetry:prepareLintJarForPublish
Build & Release	Build Debug APK	2026-01-23T08:40:26.9467398Z > Task :telemetry:mergeDebugJavaResource
Build & Release	Build Debug APK	2026-01-23T08:40:27.0464634Z > Task :telemetry:syncDebugLibJars FROM-CACHE
Build & Release	Build Debug APK	2026-01-23T08:40:27.0465294Z > Task :telemetry:bundleDebugAar
Build & Release	Build Debug APK	2026-01-23T08:40:27.0465780Z > Task :telemetry:assembleDebug
Build & Release	Build Debug APK	2026-01-23T08:40:27.2441239Z > Task :app:processDebugResources FROM-CACHE
Build & Release	Build Debug APK	2026-01-23T08:40:27.2446473Z > Task :app:javaPreCompileDebug FROM-CACHE
Build & Release	Build Debug APK	2026-01-23T08:40:27.2451013Z > Task :app:generateDebugAssets UP-TO-DATE
Build & Release	Build Debug APK	2026-01-23T08:40:27.4440701Z > Task :app:mergeDebugAssets
Build & Release	Build Debug APK	2026-01-23T08:40:27.4441343Z > Task :app:compressDebugAssets FROM-CACHE
Build & Release	Build Debug APK	2026-01-23T08:40:27.6445558Z > Task :app:l8DexDesugarLibDebug FROM-CACHE
Build & Release	Build Debug APK	2026-01-23T08:40:27.6446377Z > Task :app:desugarDebugFileDependencies FROM-CACHE
Build & Release	Build Debug APK	2026-01-23T08:40:28.1464714Z > Task :app:mergeDebugJniLibFolders
Build & Release	Build Debug APK	2026-01-23T08:40:28.4454290Z > Task :app:checkDebugDuplicateClasses
Build & Release	Build Debug APK	2026-01-23T08:40:29.8442224Z > Task :app:mergeDebugNativeLibs
Build & Release	Build Debug APK	2026-01-23T08:40:30.0441128Z > Task :app:mergeExtDexDebug FROM-CACHE
Build & Release	Build Debug APK	2026-01-23T08:40:31.2440685Z > Task :app:stripDebugDebugSymbols
Build & Release	Build Debug APK	2026-01-23T08:40:31.7440370Z > Task :app:validateSigningDebug
Build & Release	Build Debug APK	2026-01-23T08:40:31.7441201Z > Task :app:writeDebugAppMetadata
Build & Release	Build Debug APK	2026-01-23T08:40:31.7442048Z > Task :app:writeDebugSigningConfigVersions
Build & Release	Build Debug APK	2026-01-23T08:40:36.2444510Z 
Build & Release	Build Debug APK	2026-01-23T08:40:36.2446430Z > Task :core:common:compileDebugKotlin
Build & Release	Build Debug APK	2026-01-23T08:40:36.2447854Z e: file:///home/runner/work/Anikku-Mod/Anikku-Mod/core/common/src/main/kotlin/eu/kanade/tachiyomi/network/NetworkHelper.kt:136:25 Unresolved reference 'logcat'.
Build & Release	Build Debug APK	2026-01-23T08:40:36.2449952Z e: file:///home/runner/work/Anikku-Mod/Anikku-Mod/core/common/src/main/kotlin/eu/kanade/tachiyomi/network/NetworkHelper.kt:146:17 Unresolved reference 'logcat'.
Build & Release	Build Debug APK	2026-01-23T08:40:36.2452120Z e: file:///home/runner/work/Anikku-Mod/Anikku-Mod/core/common/src/main/kotlin/eu/kanade/tachiyomi/network/NetworkHelper.kt:182:9 Unresolved reference 'logcat'.
Build & Release	Build Debug APK	2026-01-23T08:40:36.3443409Z 
Build & Release	Build Debug APK	2026-01-23T08:40:36.3447846Z > Task :core:common:compileDebugKotlin FAILED
Build & Release	Build Debug APK	2026-01-23T08:40:36.3453309Z gradle/actions: Writing build results to /home/runner/work/_temp/.gradle-actions/build-results/__run-1769157600856.json
Build & Release	Build Debug APK	2026-01-23T08:40:36.3457715Z 
Build & Release	Build Debug APK	2026-01-23T08:40:36.3462255Z [Incubating] Problems report is available at: file:///home/runner/work/Anikku-Mod/Anikku-Mod/build/reports/problems/problems-report.html
Build & Release	Build Debug APK	2026-01-23T08:40:36.3468913Z 
Build & Release	Build Debug APK	2026-01-23T08:40:36.3472701Z FAILURE: Build failed with an exception.
Build & Release	Build Debug APK	2026-01-23T08:40:36.3476556Z 
Build & Release	Build Debug APK	2026-01-23T08:40:36.3480160Z * What went wrong:
Build & Release	Build Debug APK	2026-01-23T08:40:36.3483870Z Execution failed for task ':core:common:compileDebugKotlin'.
Build & Release	Build Debug APK	2026-01-23T08:40:36.3484428Z 
Build & Release	Build Debug APK	2026-01-23T08:40:36.3487711Z > A failure occurred while executing org.jetbrains.kotlin.compilerRunner.GradleCompilerRunnerWithWorkers$GradleKotlinCompilerWorkAction
Build & Release	Build Debug APK	2026-01-23T08:40:36.3489352Z Deprecated Gradle features were used in this build, making it incompatible with Gradle 9.0.
Build & Release	Build Debug APK	2026-01-23T08:40:36.3493312Z    > Compilation error. See log for more details
Build & Release	Build Debug APK	2026-01-23T08:40:36.3493743Z 
Build & Release	Build Debug APK	2026-01-23T08:40:36.3494696Z You can use '--warning-mode all' to show the individual deprecation warnings and determine if they come from your own scripts or plugins.
Build & Release	Build Debug APK	2026-01-23T08:40:36.3495601Z 
Build & Release	Build Debug APK	2026-01-23T08:40:36.3496438Z For more on this, please refer to https://docs.gradle.org/8.14.3/userguide/command_line_interface.html#sec:command_line_warnings in the Gradle documentation.
Build & Release	Build Debug APK	2026-01-23T08:40:36.3497639Z 391 actionable tasks: 184 executed, 207 from cache
Build & Release	Build Debug APK	2026-01-23T08:40:36.3498042Z 
Build & Release	Build Debug APK	2026-01-23T08:40:36.3498171Z * Try:
Build & Release	Build Debug APK	2026-01-23T08:40:36.3498587Z > Run with --stacktrace option to get the stack trace.
Build & Release	Build Debug APK	2026-01-23T08:40:36.3499232Z > Run with --info or --debug option to get more log output.
Build & Release	Build Debug APK	2026-01-23T08:40:36.3499815Z > Run with --scan to get full insights.
Build & Release	Build Debug APK	2026-01-23T08:40:36.3500325Z > Get more help at https://help.gradle.org.
Build & Release	Build Debug APK	2026-01-23T08:40:36.3500683Z 
Build & Release	Build Debug APK	2026-01-23T08:40:36.3500833Z BUILD FAILED in 39s
Build & Release	Build Debug APK	2026-01-23T08:40:36.8557895Z ##[error]Process completed with exit code 1.
Build & Release	Post Set up Gradle	ï»¿2026-01-23T08:40:36.8743447Z Post job cleanup.
Build & Release	Post Set up Gradle	2026-01-23T08:40:37.1914940Z In post-action step
Build & Release	Post Set up Gradle	2026-01-23T08:40:37.1926864Z ##[group]Stopping Gradle daemons
Build & Release	Post Set up Gradle	2026-01-23T08:40:37.1928425Z Stopping Gradle daemons for /home/runner/.gradle/wrapper/dists/gradle-8.14.3-bin/cv11ve7ro1n3o1j4so8xd9n66/gradle-8.14.3
Build & Release	Post Set up Gradle	2026-01-23T08:40:37.1946843Z [command]/home/runner/.gradle/wrapper/dists/gradle-8.14.3-bin/cv11ve7ro1n3o1j4so8xd9n66/gradle-8.14.3/bin/gradle --stop
Build & Release	Post Set up Gradle	2026-01-23T08:40:37.7703313Z No Gradle daemons are running.
Build & Release	Post Set up Gradle	2026-01-23T08:40:37.7790634Z ##[endgroup]
Build & Release	Post Set up Gradle	2026-01-23T08:40:37.7793018Z Not performing cache-cleanup due to build failure
Build & Release	Post Set up Gradle	2026-01-23T08:40:37.7793769Z ##[group]Caching Gradle state
Build & Release	Post Set up Gradle	2026-01-23T08:40:44.7679812Z [command]/usr/bin/tar --posix -cf cache.tzst --exclude cache.tzst -P -C /home/runner/work/Anikku-Mod/Anikku-Mod --files-from manifest.txt --use-compress-program zstdmt
Build & Release	Post Set up Gradle	2026-01-23T08:40:46.5290573Z Sent 35979264 of 128053789 (28.1%), 34.3 MBs/sec
Build & Release	Post Set up Gradle	2026-01-23T08:40:47.5294230Z Sent 101318656 of 128053789 (79.1%), 48.3 MBs/sec
Build & Release	Post Set up Gradle	2026-01-23T08:40:48.0208602Z Sent 128053789 of 128053789 (100.0%), 49.0 MBs/sec
Build & Release	Post Set up Gradle	2026-01-23T08:40:48.3308392Z Saved cache entry with key gradle-home-v1|Linux-X64|build-debug[965596241329c6e509da153a9e0a419a]-96cb70e7bd1356bb23d5e36103ef51361f88a7fe from /home/runner/.gradle/caches,/home/runner/.gradle/notifications,/home/runner/.gradle/.setup-gradle in 3583ms
Build & Release	Post Set up Gradle	2026-01-23T08:40:48.3311652Z ##[endgroup]
Build & Release	Post Set up Gradle	2026-01-23T08:40:48.3316748Z Generating Job Summary
Build & Release	Post Set up Gradle	2026-01-23T08:40:48.3330686Z Completed post-action step
Build & Release	Post Set up JDK	ï»¿2026-01-23T08:40:48.3553152Z Post job cleanup.
Build & Release	Post Clone repo	ï»¿2026-01-23T08:40:48.5284048Z Post job cleanup.
Build & Release	Post Clone repo	2026-01-23T08:40:48.6285133Z [command]/usr/bin/git version
Build & Release	Post Clone repo	2026-01-23T08:40:48.6325469Z git version 2.52.0
Build & Release	Post Clone repo	2026-01-23T08:40:48.6368868Z Temporarily overriding HOME='/home/runner/work/_temp/bcbd6113-25dd-4c1c-a299-3a35baf25c1a' before making global git config changes
Build & Release	Post Clone repo	2026-01-23T08:40:48.6370349Z Adding repository directory to the temporary git global config as a safe directory
Build & Release	Post Clone repo	2026-01-23T08:40:48.6376103Z [command]/usr/bin/git config --global --add safe.directory /home/runner/work/Anikku-Mod/Anikku-Mod
Build & Release	Post Clone repo	2026-01-23T08:40:48.6412325Z [command]/usr/bin/git config --local --name-only --get-regexp core\.sshCommand
Build & Release	Post Clone repo	2026-01-23T08:40:48.6444840Z [command]/usr/bin/git submodule foreach --recursive sh -c "git config --local --name-only --get-regexp 'core\.sshCommand' && git config --local --unset-all 'core.sshCommand' || :"
Build & Release	Post Clone repo	2026-01-23T08:40:48.6675718Z [command]/usr/bin/git config --local --name-only --get-regexp http\.https\:\/\/github\.com\/\.extraheader
Build & Release	Post Clone repo	2026-01-23T08:40:48.6697235Z http.https://github.com/.extraheader
Build & Release	Post Clone repo	2026-01-23T08:40:48.6709618Z [command]/usr/bin/git config --local --unset-all http.https://github.com/.extraheader
Build & Release	Post Clone repo	2026-01-23T08:40:48.6740657Z [command]/usr/bin/git submodule foreach --recursive sh -c "git config --local --name-only --get-regexp 'http\.https\:\/\/github\.com\/\.extraheader' && git config --local --unset-all 'http.https://github.com/.extraheader' || :"
Build & Release	Post Clone repo	2026-01-23T08:40:48.6962496Z [command]/usr/bin/git config --local --name-only --get-regexp ^includeIf\.gitdir:
Build & Release	Post Clone repo	2026-01-23T08:40:48.6993509Z [command]/usr/bin/git submodule foreach --recursive git config --local --show-origin --name-only --get-regexp remote.origin.url
Build & Release	Complete job	ï»¿2026-01-23T08:40:48.7320882Z Cleaning up orphan processes
