Build Debug APK	Set up job	ï»¿2026-01-23T06:16:00.8967735Z Current runner version: '2.331.0'
Build Debug APK	Set up job	2026-01-23T06:16:00.8990855Z ##[group]Runner Image Provisioner
Build Debug APK	Set up job	2026-01-23T06:16:00.8991772Z Hosted Compute Agent
Build Debug APK	Set up job	2026-01-23T06:16:00.8992272Z Version: 20260115.477
Build Debug APK	Set up job	2026-01-23T06:16:00.8992759Z Commit: 4b342d620503cbe250a3154040964899ea7c9b00
Build Debug APK	Set up job	2026-01-23T06:16:00.8993416Z Build Date: 2026-01-15T22:32:41Z
Build Debug APK	Set up job	2026-01-23T06:16:00.8993979Z Worker ID: {560cf2dc-686b-4237-a947-533475860411}
Build Debug APK	Set up job	2026-01-23T06:16:00.8994592Z Azure Region: westus3
Build Debug APK	Set up job	2026-01-23T06:16:00.8995081Z ##[endgroup]
Build Debug APK	Set up job	2026-01-23T06:16:00.8996335Z ##[group]Operating System
Build Debug APK	Set up job	2026-01-23T06:16:00.8996830Z Ubuntu
Build Debug APK	Set up job	2026-01-23T06:16:00.8997294Z 24.04.3
Build Debug APK	Set up job	2026-01-23T06:16:00.8997663Z LTS
Build Debug APK	Set up job	2026-01-23T06:16:00.8998099Z ##[endgroup]
Build Debug APK	Set up job	2026-01-23T06:16:00.8998582Z ##[group]Runner Image
Build Debug APK	Set up job	2026-01-23T06:16:00.8999022Z Image: ubuntu-24.04
Build Debug APK	Set up job	2026-01-23T06:16:00.8999480Z Version: 20260119.4.1
Build Debug APK	Set up job	2026-01-23T06:16:00.9000516Z Included Software: https://github.com/actions/runner-images/blob/ubuntu24/20260119.4/images/ubuntu/Ubuntu2404-Readme.md
Build Debug APK	Set up job	2026-01-23T06:16:00.9001975Z Image Release: https://github.com/actions/runner-images/releases/tag/ubuntu24%2F20260119.4
Build Debug APK	Set up job	2026-01-23T06:16:00.9002774Z ##[endgroup]
Build Debug APK	Set up job	2026-01-23T06:16:00.9003702Z ##[group]GITHUB_TOKEN Permissions
Build Debug APK	Set up job	2026-01-23T06:16:00.9005724Z Contents: read
Build Debug APK	Set up job	2026-01-23T06:16:00.9006189Z Metadata: read
Build Debug APK	Set up job	2026-01-23T06:16:00.9006632Z Packages: read
Build Debug APK	Set up job	2026-01-23T06:16:00.9007028Z ##[endgroup]
Build Debug APK	Set up job	2026-01-23T06:16:00.9009043Z Secret source: Actions
Build Debug APK	Set up job	2026-01-23T06:16:00.9009668Z Prepare workflow directory
Build Debug APK	Set up job	2026-01-23T06:16:00.9300670Z Prepare all required actions
Build Debug APK	Set up job	2026-01-23T06:16:00.9344871Z Getting action download info
Build Debug APK	Set up job	2026-01-23T06:16:01.3716285Z Download action repository 'actions/checkout@v4' (SHA:34e114876b0b11c390a56381ad16ebd13914f8d5)
Build Debug APK	Set up job	2026-01-23T06:16:01.4997962Z Download action repository 'actions/setup-java@v4' (SHA:c1e323688fd81a25caa38c78aa6df2d33d3e20d9)
Build Debug APK	Set up job	2026-01-23T06:16:02.3916905Z Download action repository 'gradle/actions@v4' (SHA:748248ddd2a24f49513d8f472f81c3a07d4d50e1)
Build Debug APK	Set up job	2026-01-23T06:16:03.9326487Z Download action repository 'actions/upload-artifact@v4' (SHA:ea165f8d65b6e75b540449e92b4886f43607fa02)
Build Debug APK	Set up job	2026-01-23T06:16:04.1677702Z Complete job name: Build Debug APK
Build Debug APK	Clone repo	ï»¿2026-01-23T06:16:04.2364726Z ##[group]Run actions/checkout@v4
Build Debug APK	Clone repo	2026-01-23T06:16:04.2365309Z with:
Build Debug APK	Clone repo	2026-01-23T06:16:04.2365522Z   fetch-depth: 1
Build Debug APK	Clone repo	2026-01-23T06:16:04.2365769Z   repository: salmanbappi/Anikku-Mod
Build Debug APK	Clone repo	2026-01-23T06:16:04.2366229Z   token: ***
Build Debug APK	Clone repo	2026-01-23T06:16:04.2366435Z   ssh-strict: true
Build Debug APK	Clone repo	2026-01-23T06:16:04.2366638Z   ssh-user: git
Build Debug APK	Clone repo	2026-01-23T06:16:04.2366866Z   persist-credentials: true
Build Debug APK	Clone repo	2026-01-23T06:16:04.2367099Z   clean: true
Build Debug APK	Clone repo	2026-01-23T06:16:04.2367323Z   sparse-checkout-cone-mode: true
Build Debug APK	Clone repo	2026-01-23T06:16:04.2367608Z   fetch-tags: false
Build Debug APK	Clone repo	2026-01-23T06:16:04.2367826Z   show-progress: true
Build Debug APK	Clone repo	2026-01-23T06:16:04.2368050Z   lfs: false
Build Debug APK	Clone repo	2026-01-23T06:16:04.2368250Z   submodules: false
Build Debug APK	Clone repo	2026-01-23T06:16:04.2368484Z   set-safe-directory: true
Build Debug APK	Clone repo	2026-01-23T06:16:04.2368886Z ##[endgroup]
Build Debug APK	Clone repo	2026-01-23T06:16:04.3355808Z Syncing repository: salmanbappi/Anikku-Mod
Build Debug APK	Clone repo	2026-01-23T06:16:04.3357232Z ##[group]Getting Git version info
Build Debug APK	Clone repo	2026-01-23T06:16:04.3357640Z Working directory is '/home/runner/work/Anikku-Mod/Anikku-Mod'
Build Debug APK	Clone repo	2026-01-23T06:16:04.3358262Z [command]/usr/bin/git version
Build Debug APK	Clone repo	2026-01-23T06:16:04.4266530Z git version 2.52.0
Build Debug APK	Clone repo	2026-01-23T06:16:04.4293119Z ##[endgroup]
Build Debug APK	Clone repo	2026-01-23T06:16:04.4306976Z Temporarily overriding HOME='/home/runner/work/_temp/0f3623fd-51f1-47a5-a3a7-73193fb6feea' before making global git config changes
Build Debug APK	Clone repo	2026-01-23T06:16:04.4308541Z Adding repository directory to the temporary git global config as a safe directory
Build Debug APK	Clone repo	2026-01-23T06:16:04.4320315Z [command]/usr/bin/git config --global --add safe.directory /home/runner/work/Anikku-Mod/Anikku-Mod
Build Debug APK	Clone repo	2026-01-23T06:16:04.4398623Z Deleting the contents of '/home/runner/work/Anikku-Mod/Anikku-Mod'
Build Debug APK	Clone repo	2026-01-23T06:16:04.4402010Z ##[group]Initializing the repository
Build Debug APK	Clone repo	2026-01-23T06:16:04.4406178Z [command]/usr/bin/git init /home/runner/work/Anikku-Mod/Anikku-Mod
Build Debug APK	Clone repo	2026-01-23T06:16:04.4940405Z hint: Using 'master' as the name for the initial branch. This default branch name
Build Debug APK	Clone repo	2026-01-23T06:16:04.4941506Z hint: will change to "main" in Git 3.0. To configure the initial branch name
Build Debug APK	Clone repo	2026-01-23T06:16:04.4942098Z hint: to use in all of your new repositories, which will suppress this warning,
Build Debug APK	Clone repo	2026-01-23T06:16:04.4942594Z hint: call:
Build Debug APK	Clone repo	2026-01-23T06:16:04.4942829Z hint:
Build Debug APK	Clone repo	2026-01-23T06:16:04.4943194Z hint: 	git config --global init.defaultBranch <name>
Build Debug APK	Clone repo	2026-01-23T06:16:04.4943551Z hint:
Build Debug APK	Clone repo	2026-01-23T06:16:04.4943909Z hint: Names commonly chosen instead of 'master' are 'main', 'trunk' and
Build Debug APK	Clone repo	2026-01-23T06:16:04.4944473Z hint: 'development'. The just-created branch can be renamed via this command:
Build Debug APK	Clone repo	2026-01-23T06:16:04.4944922Z hint:
Build Debug APK	Clone repo	2026-01-23T06:16:04.4945178Z hint: 	git branch -m <name>
Build Debug APK	Clone repo	2026-01-23T06:16:04.4945458Z hint:
Build Debug APK	Clone repo	2026-01-23T06:16:04.4945837Z hint: Disable this message with "git config set advice.defaultBranchName false"
Build Debug APK	Clone repo	2026-01-23T06:16:04.4976116Z Initialized empty Git repository in /home/runner/work/Anikku-Mod/Anikku-Mod/.git/
Build Debug APK	Clone repo	2026-01-23T06:16:04.4987375Z [command]/usr/bin/git remote add origin https://github.com/salmanbappi/Anikku-Mod
Build Debug APK	Clone repo	2026-01-23T06:16:04.5062333Z ##[endgroup]
Build Debug APK	Clone repo	2026-01-23T06:16:04.5063284Z ##[group]Disabling automatic garbage collection
Build Debug APK	Clone repo	2026-01-23T06:16:04.5068099Z [command]/usr/bin/git config --local gc.auto 0
Build Debug APK	Clone repo	2026-01-23T06:16:04.5091191Z ##[endgroup]
Build Debug APK	Clone repo	2026-01-23T06:16:04.5091886Z ##[group]Setting up auth
Build Debug APK	Clone repo	2026-01-23T06:16:04.5098484Z [command]/usr/bin/git config --local --name-only --get-regexp core\.sshCommand
Build Debug APK	Clone repo	2026-01-23T06:16:04.5123491Z [command]/usr/bin/git submodule foreach --recursive sh -c "git config --local --name-only --get-regexp 'core\.sshCommand' && git config --local --unset-all 'core.sshCommand' || :"
Build Debug APK	Clone repo	2026-01-23T06:16:04.6556140Z [command]/usr/bin/git config --local --name-only --get-regexp http\.https\:\/\/github\.com\/\.extraheader
Build Debug APK	Clone repo	2026-01-23T06:16:04.6579692Z [command]/usr/bin/git submodule foreach --recursive sh -c "git config --local --name-only --get-regexp 'http\.https\:\/\/github\.com\/\.extraheader' && git config --local --unset-all 'http.https://github.com/.extraheader' || :"
Build Debug APK	Clone repo	2026-01-23T06:16:04.6746040Z [command]/usr/bin/git config --local --name-only --get-regexp ^includeIf\.gitdir:
Build Debug APK	Clone repo	2026-01-23T06:16:04.6769666Z [command]/usr/bin/git submodule foreach --recursive git config --local --show-origin --name-only --get-regexp remote.origin.url
Build Debug APK	Clone repo	2026-01-23T06:16:04.6943384Z [command]/usr/bin/git config --local http.https://github.com/.extraheader AUTHORIZATION: basic ***
Build Debug APK	Clone repo	2026-01-23T06:16:04.6970253Z ##[endgroup]
Build Debug APK	Clone repo	2026-01-23T06:16:04.6971022Z ##[group]Fetching the repository
Build Debug APK	Clone repo	2026-01-23T06:16:04.6978542Z [command]/usr/bin/git -c protocol.version=2 fetch --no-tags --prune --no-recurse-submodules --depth=1 origin +1cf2beeb4d661a608bc54a20de1469ff404f9e39:refs/remotes/origin/master
Build Debug APK	Clone repo	2026-01-23T06:16:05.6013581Z From https://github.com/salmanbappi/Anikku-Mod
Build Debug APK	Clone repo	2026-01-23T06:16:05.6014560Z  * [new ref]         1cf2beeb4d661a608bc54a20de1469ff404f9e39 -> origin/master
Build Debug APK	Clone repo	2026-01-23T06:16:05.6085029Z ##[endgroup]
Build Debug APK	Clone repo	2026-01-23T06:16:05.6085726Z ##[group]Determining the checkout info
Build Debug APK	Clone repo	2026-01-23T06:16:05.6086580Z ##[endgroup]
Build Debug APK	Clone repo	2026-01-23T06:16:05.6092514Z [command]/usr/bin/git sparse-checkout disable
Build Debug APK	Clone repo	2026-01-23T06:16:05.6170613Z [command]/usr/bin/git config --local --unset-all extensions.worktreeConfig
Build Debug APK	Clone repo	2026-01-23T06:16:05.6192314Z ##[group]Checking out the ref
Build Debug APK	Clone repo	2026-01-23T06:16:05.6198204Z [command]/usr/bin/git checkout --progress --force -B master refs/remotes/origin/master
Build Debug APK	Clone repo	2026-01-23T06:16:05.7276394Z Reset branch 'master'
Build Debug APK	Clone repo	2026-01-23T06:16:05.7277719Z branch 'master' set up to track 'origin/master'.
Build Debug APK	Clone repo	2026-01-23T06:16:05.7286630Z ##[endgroup]
Build Debug APK	Clone repo	2026-01-23T06:16:05.7325636Z [command]/usr/bin/git log -1 --format=%H
Build Debug APK	Clone repo	2026-01-23T06:16:05.7345336Z 1cf2beeb4d661a608bc54a20de1469ff404f9e39
Build Debug APK	Set up JDK	ï»¿2026-01-23T06:16:05.7544195Z ##[group]Run actions/setup-java@v4
Build Debug APK	Set up JDK	2026-01-23T06:16:05.7544456Z with:
Build Debug APK	Set up JDK	2026-01-23T06:16:05.7544634Z   java-version: 17
Build Debug APK	Set up JDK	2026-01-23T06:16:05.7544813Z   distribution: temurin
Build Debug APK	Set up JDK	2026-01-23T06:16:05.7545006Z   java-package: jdk
Build Debug APK	Set up JDK	2026-01-23T06:16:05.7545319Z   check-latest: false
Build Debug APK	Set up JDK	2026-01-23T06:16:05.7545497Z   server-id: github
Build Debug APK	Set up JDK	2026-01-23T06:16:05.7545687Z   server-username: GITHUB_ACTOR
Build Debug APK	Set up JDK	2026-01-23T06:16:05.7545907Z   server-password: GITHUB_TOKEN
Build Debug APK	Set up JDK	2026-01-23T06:16:05.7546127Z   overwrite-settings: true
Build Debug APK	Set up JDK	2026-01-23T06:16:05.7546323Z   job-status: success
Build Debug APK	Set up JDK	2026-01-23T06:16:05.7546638Z   token: ***
Build Debug APK	Set up JDK	2026-01-23T06:16:05.7546817Z ##[endgroup]
Build Debug APK	Set up JDK	2026-01-23T06:16:05.9371224Z ##[group]Installed distributions
Build Debug APK	Set up JDK	2026-01-23T06:16:05.9841731Z Resolved Java 17.0.17+10 from tool-cache
Build Debug APK	Set up JDK	2026-01-23T06:16:05.9842857Z Setting Java 17.0.17+10 as the default
Build Debug APK	Set up JDK	2026-01-23T06:16:05.9859601Z Creating toolchains.xml for JDK version 17 from temurin
Build Debug APK	Set up JDK	2026-01-23T06:16:05.9971722Z Writing to /home/runner/.m2/toolchains.xml
Build Debug APK	Set up JDK	2026-01-23T06:16:05.9972195Z 
Build Debug APK	Set up JDK	2026-01-23T06:16:05.9972423Z Java configuration:
Build Debug APK	Set up JDK	2026-01-23T06:16:05.9973970Z   Distribution: temurin
Build Debug APK	Set up JDK	2026-01-23T06:16:05.9974686Z   Version: 17.0.17+10
Build Debug APK	Set up JDK	2026-01-23T06:16:05.9975442Z   Path: /opt/hostedtoolcache/Java_Temurin-Hotspot_jdk/17.0.17-10/x64
Build Debug APK	Set up JDK	2026-01-23T06:16:05.9976148Z 
Build Debug APK	Set up JDK	2026-01-23T06:16:05.9976914Z ##[endgroup]
Build Debug APK	Set up JDK	2026-01-23T06:16:05.9993293Z Creating settings.xml with server-id: github
Build Debug APK	Set up JDK	2026-01-23T06:16:06.0000872Z Writing to /home/runner/.m2/settings.xml
Build Debug APK	Set up Gradle	ï»¿2026-01-23T06:16:06.0184264Z ##[group]Run gradle/actions/setup-gradle@v4
Build Debug APK	Set up Gradle	2026-01-23T06:16:06.0184554Z with:
Build Debug APK	Set up Gradle	2026-01-23T06:16:06.0184725Z   cache-disabled: false
Build Debug APK	Set up Gradle	2026-01-23T06:16:06.0184932Z   cache-read-only: false
Build Debug APK	Set up Gradle	2026-01-23T06:16:06.0185132Z   cache-write-only: false
Build Debug APK	Set up Gradle	2026-01-23T06:16:06.0185354Z   cache-overwrite-existing: false
Build Debug APK	Set up Gradle	2026-01-23T06:16:06.0185588Z   cache-cleanup: on-success
Build Debug APK	Set up Gradle	2026-01-23T06:16:06.0185847Z   gradle-home-cache-includes: caches
Build Debug APK	Set up Gradle	notifications
Build Debug APK	Set up Gradle	
Build Debug APK	Set up Gradle	2026-01-23T06:16:06.0186151Z   add-job-summary: always
Build Debug APK	Set up Gradle	2026-01-23T06:16:06.0186377Z   add-job-summary-as-pr-comment: never
Build Debug APK	Set up Gradle	2026-01-23T06:16:06.0186627Z   dependency-graph: disabled
Build Debug APK	Set up Gradle	2026-01-23T06:16:06.0186898Z   dependency-graph-report-dir: dependency-graph-reports
Build Debug APK	Set up Gradle	2026-01-23T06:16:06.0187225Z   dependency-graph-continue-on-failure: true
Build Debug APK	Set up Gradle	2026-01-23T06:16:06.0187506Z   build-scan-publish: false
Build Debug APK	Set up Gradle	2026-01-23T06:16:06.0187724Z   validate-wrappers: true
Build Debug APK	Set up Gradle	2026-01-23T06:16:06.0187938Z   allow-snapshot-wrappers: false
Build Debug APK	Set up Gradle	2026-01-23T06:16:06.0188184Z   gradle-home-cache-strict-match: false
Build Debug APK	Set up Gradle	2026-01-23T06:16:06.0188474Z   workflow-job-context: null
Build Debug APK	Set up Gradle	2026-01-23T06:16:06.0188885Z   github-token: ***
Build Debug APK	Set up Gradle	2026-01-23T06:16:06.0189052Z env:
Build Debug APK	Set up Gradle	2026-01-23T06:16:06.0189309Z   JAVA_HOME: /opt/hostedtoolcache/Java_Temurin-Hotspot_jdk/17.0.17-10/x64
Build Debug APK	Set up Gradle	2026-01-23T06:16:06.0189945Z   JAVA_HOME_17_X64: /opt/hostedtoolcache/Java_Temurin-Hotspot_jdk/17.0.17-10/x64
Build Debug APK	Set up Gradle	2026-01-23T06:16:06.0190530Z ##[endgroup]
Build Debug APK	Set up Gradle	2026-01-23T06:16:07.9828052Z Merged default JDK locations into /home/runner/.m2/toolchains.xml
Build Debug APK	Set up Gradle	2026-01-23T06:16:07.9829882Z Preparing cache for cleanup.
Build Debug APK	Set up Gradle	2026-01-23T06:16:07.9834065Z ##[group]Restore Gradle state from cache
Build Debug APK	Set up Gradle	2026-01-23T06:16:08.2266314Z Cache hit for restore-key: gradle-home-v1|Linux-X64|build-debug[965596241329c6e509da153a9e0a419a]-b3cefbd064c7a8a4555c459bf9dce6c70e68b325
Build Debug APK	Set up Gradle	2026-01-23T06:16:09.4658113Z Received 37748736 of 133064798 (28.4%), 36.0 MBs/sec
Build Debug APK	Set up Gradle	2026-01-23T06:16:10.0263000Z Received 133064798 of 133064798 (100.0%), 81.3 MBs/sec
Build Debug APK	Set up Gradle	2026-01-23T06:16:10.0263706Z Cache Size: ~127 MB (133064798 B)
Build Debug APK	Set up Gradle	2026-01-23T06:16:10.0320534Z [command]/usr/bin/tar -xf /home/runner/work/_temp/d7a24032-90a1-4538-9eb7-7bebed74e429/cache.tzst -P -C /home/runner/work/Anikku-Mod/Anikku-Mod --use-compress-program unzstd
Build Debug APK	Set up Gradle	2026-01-23T06:16:10.3109266Z Cache restored successfully
Build Debug APK	Set up Gradle	2026-01-23T06:16:10.3261280Z Restored cache entry with key gradle-home-v1|Linux-X64|build-debug[965596241329c6e509da153a9e0a419a]-1cf2beeb4d661a608bc54a20de1469ff404f9e39 to /home/runner/.gradle/caches,/home/runner/.gradle/notifications,/home/runner/.gradle/.setup-gradle in 2341ms
Build Debug APK	Set up Gradle	2026-01-23T06:16:10.5508308Z Cache hit for: gradle-dependencies-v1-cc57e3196af8cea5763e5d34bbafe4f4
Build Debug APK	Set up Gradle	2026-01-23T06:16:10.5567973Z Cache hit for: gradle-instrumented-jars-v1-a0013cd4e50f2361684b05fa2d40ccab
Build Debug APK	Set up Gradle	2026-01-23T06:16:10.5617103Z Cache hit for: gradle-wrapper-zips-v1-5ae5d3da5e8e0c748d04bcdd9bc97bdb
Build Debug APK	Set up Gradle	2026-01-23T06:16:10.5636583Z Cache hit for: gradle-kotlin-dsl-v1-625903f44a4d6b66ece745a8fd2011de
Build Debug APK	Set up Gradle	2026-01-23T06:16:10.5640414Z Cache hit for: gradle-groovy-dsl-v1-b30a6a71d0d0b70948037d92e6f1652f
Build Debug APK	Set up Gradle	2026-01-23T06:16:10.5672783Z Cache hit for: gradle-generated-gradle-jars-v1-4434c59050703a48bf14168622b59891
Build Debug APK	Set up Gradle	2026-01-23T06:16:10.5851492Z Cache hit for: gradle-transforms-v1-0629abc6614ee4a21f46a7e2fd90772f
Build Debug APK	Set up Gradle	2026-01-23T06:16:11.0088457Z Received 71752 of 71752 (100.0%), 0.4 MBs/sec
Build Debug APK	Set up Gradle	2026-01-23T06:16:11.0089113Z Cache Size: ~0 MB (71752 B)
Build Debug APK	Set up Gradle	2026-01-23T06:16:11.0239068Z [command]/usr/bin/tar -xf /home/runner/work/_temp/e45fc17c-85c0-4531-b16d-ce07f6031138/cache.tzst -P -C /home/runner/work/Anikku-Mod/Anikku-Mod --use-compress-program unzstd
Build Debug APK	Set up Gradle	2026-01-23T06:16:11.0396495Z Cache restored successfully
Build Debug APK	Set up Gradle	2026-01-23T06:16:11.0511950Z Restored cache entry with key gradle-instrumented-jars-v1-a0013cd4e50f2361684b05fa2d40ccab to /home/runner/.gradle/caches/jars-*/*/ in 721ms
Build Debug APK	Set up Gradle	2026-01-23T06:16:11.2070570Z Received 110251 of 110251 (100.0%), 0.3 MBs/sec
Build Debug APK	Set up Gradle	2026-01-23T06:16:11.2071362Z Cache Size: ~0 MB (110251 B)
Build Debug APK	Set up Gradle	2026-01-23T06:16:11.2094539Z [command]/usr/bin/tar -xf /home/runner/work/_temp/c049b888-7b4b-4222-96eb-82b9c1834bd0/cache.tzst -P -C /home/runner/work/Anikku-Mod/Anikku-Mod --use-compress-program unzstd
Build Debug APK	Set up Gradle	2026-01-23T06:16:11.2192143Z Cache restored successfully
Build Debug APK	Set up Gradle	2026-01-23T06:16:11.2193813Z Restored cache entry with key gradle-groovy-dsl-v1-b30a6a71d0d0b70948037d92e6f1652f to /home/runner/.gradle/caches/*/groovy-dsl/*/ in 889ms
Build Debug APK	Set up Gradle	2026-01-23T06:16:11.3220249Z Received 907092 of 907092 (100.0%), 1.6 MBs/sec
Build Debug APK	Set up Gradle	2026-01-23T06:16:11.3220959Z Cache Size: ~1 MB (907092 B)
Build Debug APK	Set up Gradle	2026-01-23T06:16:11.3408300Z [command]/usr/bin/tar -xf /home/runner/work/_temp/3f102631-9f95-46e0-805a-db652798c7ab/cache.tzst -P -C /home/runner/work/Anikku-Mod/Anikku-Mod --use-compress-program unzstd
Build Debug APK	Set up Gradle	2026-01-23T06:16:11.5581599Z Cache restored successfully
Build Debug APK	Set up Gradle	2026-01-23T06:16:11.5587609Z Restored cache entry with key gradle-kotlin-dsl-v1-625903f44a4d6b66ece745a8fd2011de to /home/runner/.gradle/caches/*/kotlin-dsl/accessors/*/,/home/runner/.gradle/caches/*/kotlin-dsl/scripts/*/ in 1229ms
Build Debug APK	Set up Gradle	2026-01-23T06:16:11.7527525Z Received 37748736 of 694728777 (5.4%), 36.0 MBs/sec
Build Debug APK	Set up Gradle	2026-01-23T06:16:11.7907443Z Received 16777216 of 41092997 (40.8%), 16.0 MBs/sec
Build Debug APK	Set up Gradle	2026-01-23T06:16:11.8066522Z Received 25165824 of 136706942 (18.4%), 24.0 MBs/sec
Build Debug APK	Set up Gradle	2026-01-23T06:16:11.8262703Z Received 41943040 of 471491254 (8.9%), 40.0 MBs/sec
Build Debug APK	Set up Gradle	2026-01-23T06:16:11.9537890Z Received 41092997 of 41092997 (100.0%), 33.7 MBs/sec
Build Debug APK	Set up Gradle	2026-01-23T06:16:11.9540642Z Cache Size: ~39 MB (41092997 B)
Build Debug APK	Set up Gradle	2026-01-23T06:16:12.0384165Z [command]/usr/bin/tar -xf /home/runner/work/_temp/ae4c8d82-78e8-45d8-bbe4-3704a7a006c3/cache.tzst -P -C /home/runner/work/Anikku-Mod/Anikku-Mod --use-compress-program unzstd
Build Debug APK	Set up Gradle	2026-01-23T06:16:12.3049043Z Cache restored successfully
Build Debug APK	Set up Gradle	2026-01-23T06:16:12.3099905Z Restored cache entry with key gradle-generated-gradle-jars-v1-4434c59050703a48bf14168622b59891 to /home/runner/.gradle/caches/8.14.3/generated-gradle-jars/gradle-api-8.14.3.jar in 1982ms
Build Debug APK	Set up Gradle	2026-01-23T06:16:12.7608651Z Received 142606336 of 694728777 (20.5%), 67.7 MBs/sec
Build Debug APK	Set up Gradle	2026-01-23T06:16:12.8117441Z Received 134217728 of 136706942 (98.2%), 63.8 MBs/sec
Build Debug APK	Set up Gradle	2026-01-23T06:16:12.8244966Z Received 138412032 of 471491254 (29.4%), 66.0 MBs/sec
Build Debug APK	Set up Gradle	2026-01-23T06:16:12.8864263Z Received 136706942 of 136706942 (100.0%), 62.7 MBs/sec
Build Debug APK	Set up Gradle	2026-01-23T06:16:12.8866853Z Cache Size: ~130 MB (136706942 B)
Build Debug APK	Set up Gradle	2026-01-23T06:16:12.8915581Z [command]/usr/bin/tar -xf /home/runner/work/_temp/af9f5944-1eb7-47d9-8950-36a5c00db27a/cache.tzst -P -C /home/runner/work/Anikku-Mod/Anikku-Mod --use-compress-program unzstd
Build Debug APK	Set up Gradle	2026-01-23T06:16:13.0660466Z Cache restored successfully
Build Debug APK	Set up Gradle	2026-01-23T06:16:13.0823827Z Restored cache entry with key gradle-wrapper-zips-v1-5ae5d3da5e8e0c748d04bcdd9bc97bdb to /home/runner/.gradle/wrapper/dists/gradle-8.14.3-bin/cv11ve7ro1n3o1j4so8xd9n66 in 2754ms
Build Debug APK	Set up Gradle	2026-01-23T06:16:13.7641019Z Received 268435456 of 694728777 (38.6%), 85.1 MBs/sec
Build Debug APK	Set up Gradle	2026-01-23T06:16:13.8245455Z Received 301989888 of 471491254 (64.0%), 96.0 MBs/sec
Build Debug APK	Set up Gradle	2026-01-23T06:16:14.7588680Z Received 471491254 of 471491254 (100.0%), 114.3 MBs/sec
Build Debug APK	Set up Gradle	2026-01-23T06:16:14.7590297Z Cache Size: ~450 MB (471491254 B)
Build Debug APK	Set up Gradle	2026-01-23T06:16:14.7636966Z Received 402653184 of 694728777 (58.0%), 95.8 MBs/sec
Build Debug APK	Set up Gradle	2026-01-23T06:16:14.7656778Z [command]/usr/bin/tar -xf /home/runner/work/_temp/e406a39a-f337-4a9a-8dc3-64eb02caa9a9/cache.tzst -P -C /home/runner/work/Anikku-Mod/Anikku-Mod --use-compress-program unzstd
Build Debug APK	Set up Gradle	2026-01-23T06:16:15.7624136Z Received 536870912 of 694728777 (77.3%), 102.2 MBs/sec
Build Debug APK	Set up Gradle	2026-01-23T06:16:16.7670454Z Received 671088640 of 694728777 (96.6%), 106.4 MBs/sec
Build Debug APK	Set up Gradle	2026-01-23T06:16:17.0782379Z Received 694728777 of 694728777 (100.0%), 104.7 MBs/sec
Build Debug APK	Set up Gradle	2026-01-23T06:16:17.0788259Z Cache Size: ~663 MB (694728777 B)
Build Debug APK	Set up Gradle	2026-01-23T06:16:17.1004126Z [command]/usr/bin/tar -xf /home/runner/work/_temp/e57ac69c-ac25-4b94-80c1-ec808cd671b6/cache.tzst -P -C /home/runner/work/Anikku-Mod/Anikku-Mod --use-compress-program unzstd
Build Debug APK	Set up Gradle	2026-01-23T06:16:19.9024644Z Cache restored successfully
Build Debug APK	Set up Gradle	2026-01-23T06:16:20.0030452Z Restored cache entry with key gradle-dependencies-v1-cc57e3196af8cea5763e5d34bbafe4f4 to /home/runner/.gradle/caches/modules-*/files-*/*/*/*/* in 9673ms
Build Debug APK	Set up Gradle	2026-01-23T06:16:20.6822332Z Cache restored successfully
Build Debug APK	Set up Gradle	2026-01-23T06:16:20.7282548Z Restored cache entry with key gradle-transforms-v1-0629abc6614ee4a21f46a7e2fd90772f to /home/runner/.gradle/caches/transforms-4/*/,/home/runner/.gradle/caches/*/transforms/*/ in 10398ms
Build Debug APK	Set up Gradle	2026-01-23T06:16:20.7834728Z ##[endgroup]
Build Debug APK	Set up Gradle	2026-01-23T06:16:20.8243041Z ##[group]All Gradle Wrapper jars are valid
Build Debug APK	Set up Gradle	2026-01-23T06:16:20.8244297Z âœ“ Found known Gradle Wrapper JAR files:
Build Debug APK	Set up Gradle	2026-01-23T06:16:20.8244901Z   7d3a4ac4de1c32b59bc6a4eb8ecb8e612ccd0cf1ae1e99f66902da64df296172 gradle/wrapper/gradle-wrapper.jar
Build Debug APK	Set up Gradle	2026-01-23T06:16:20.8245591Z ##[endgroup]
Build Debug APK	Build Debug APK	ï»¿2026-01-23T06:16:20.8679505Z ##[group]Run ./gradlew assembleDebug -Pinclude-telemetry=false -Penable-updater=false --no-daemon
Build Debug APK	Build Debug APK	2026-01-23T06:16:20.8680813Z [36;1m./gradlew assembleDebug -Pinclude-telemetry=false -Penable-updater=false --no-daemon[0m
Build Debug APK	Build Debug APK	2026-01-23T06:16:20.8703065Z shell: /usr/bin/bash -e {0}
Build Debug APK	Build Debug APK	2026-01-23T06:16:20.8703370Z env:
Build Debug APK	Build Debug APK	2026-01-23T06:16:20.8703712Z   JAVA_HOME: /opt/hostedtoolcache/Java_Temurin-Hotspot_jdk/17.0.17-10/x64
Build Debug APK	Build Debug APK	2026-01-23T06:16:20.8704218Z   JAVA_HOME_17_X64: /opt/hostedtoolcache/Java_Temurin-Hotspot_jdk/17.0.17-10/x64
Build Debug APK	Build Debug APK	2026-01-23T06:16:20.8704649Z   GRADLE_ACTION_ID: gradle/actions/setup-gradle
Build Debug APK	Build Debug APK	2026-01-23T06:16:20.8704974Z   GRADLE_USER_HOME: /home/runner/.gradle
Build Debug APK	Build Debug APK	2026-01-23T06:16:20.8705282Z   GRADLE_BUILD_ACTION_SETUP_COMPLETED: true
Build Debug APK	Build Debug APK	2026-01-23T06:16:20.8705592Z   GRADLE_BUILD_ACTION_CACHE_RESTORED: true
Build Debug APK	Build Debug APK	2026-01-23T06:16:20.8706070Z   DEVELOCITY_INJECTION_INIT_SCRIPT_NAME: gradle-actions.inject-develocity.init.gradle
Build Debug APK	Build Debug APK	2026-01-23T06:16:20.8706563Z   DEVELOCITY_INJECTION_CUSTOM_VALUE: gradle-actions
Build Debug APK	Build Debug APK	2026-01-23T06:16:20.8706940Z   GITHUB_DEPENDENCY_GRAPH_ENABLED: false
Build Debug APK	Build Debug APK	2026-01-23T06:16:20.8707227Z ##[endgroup]
Build Debug APK	Build Debug APK	2026-01-23T06:16:23.5040100Z To honour the JVM settings for this build a single-use Daemon process will be forked. For more on this, please refer to https://docs.gradle.org/8.14.3/userguide/gradle_daemon.html#sec:disabling_the_daemon in the Gradle documentation.
Build Debug APK	Build Debug APK	2026-01-23T06:16:25.0030148Z Daemon will be stopped at the end of the build 
Build Debug APK	Build Debug APK	2026-01-23T06:16:25.3029930Z Configuration on demand is an incubating feature.
Build Debug APK	Build Debug APK	2026-01-23T06:16:29.3044911Z Type-safe project accessors is an incubating feature.
Build Debug APK	Build Debug APK	2026-01-23T06:16:32.5041980Z > Task :buildSrc:checkKotlinGradlePluginConfigurationErrors SKIPPED
Build Debug APK	Build Debug APK	2026-01-23T06:16:32.7046101Z > Task :buildSrc:generateExternalPluginSpecBuilders FROM-CACHE
Build Debug APK	Build Debug APK	2026-01-23T06:16:32.7047045Z > Task :buildSrc:extractPrecompiledScriptPluginPlugins FROM-CACHE
Build Debug APK	Build Debug APK	2026-01-23T06:16:32.9030500Z > Task :buildSrc:compilePluginsBlocks FROM-CACHE
Build Debug APK	Build Debug APK	2026-01-23T06:16:33.2033099Z > Task :buildSrc:generatePrecompiledScriptPluginAccessors FROM-CACHE
Build Debug APK	Build Debug APK	2026-01-23T06:16:33.2035298Z > Task :buildSrc:generateScriptPluginAdapters FROM-CACHE
Build Debug APK	Build Debug APK	2026-01-23T06:16:33.8029066Z > Task :buildSrc:pluginDescriptors
Build Debug APK	Build Debug APK	2026-01-23T06:16:33.8029726Z > Task :buildSrc:processResources
Build Debug APK	Build Debug APK	2026-01-23T06:17:03.2041251Z > Task :buildSrc:compileKotlin
Build Debug APK	Build Debug APK	2026-01-23T06:17:04.2030705Z > Task :buildSrc:compileJava NO-SOURCE
Build Debug APK	Build Debug APK	2026-01-23T06:17:04.2041455Z > Task :buildSrc:compileGroovy NO-SOURCE
Build Debug APK	Build Debug APK	2026-01-23T06:17:04.2042029Z > Task :buildSrc:classes
Build Debug APK	Build Debug APK	2026-01-23T06:17:04.4041884Z > Task :buildSrc:jar
Build Debug APK	Build Debug APK	2026-01-23T06:17:18.5034520Z > Task :core-metadata:preBuild UP-TO-DATE
Build Debug APK	Build Debug APK	2026-01-23T06:17:18.5036908Z > Task :data:preBuild UP-TO-DATE
Build Debug APK	Build Debug APK	2026-01-23T06:17:18.5038336Z > Task :data:preDebugBuild UP-TO-DATE
Build Debug APK	Build Debug APK	2026-01-23T06:17:18.5040783Z > Task :domain:preBuild UP-TO-DATE
Build Debug APK	Build Debug APK	2026-01-23T06:17:18.5122015Z > Task :core-metadata:preDebugBuild UP-TO-DATE
Build Debug APK	Build Debug APK	2026-01-23T06:17:18.5122764Z > Task :domain:preDebugBuild UP-TO-DATE
Build Debug APK	Build Debug APK	2026-01-23T06:17:18.6029492Z > Task :domain:generateDebugResValues
Build Debug APK	Build Debug APK	2026-01-23T06:17:18.6030613Z > Task :core-metadata:generateDebugResValues
Build Debug APK	Build Debug APK	2026-01-23T06:17:18.6031341Z > Task :data:generateDebugResValues
Build Debug APK	Build Debug APK	2026-01-23T06:17:18.6032126Z > Task :app:preBuild UP-TO-DATE
Build Debug APK	Build Debug APK	2026-01-23T06:17:18.6032762Z > Task :app:preDebugBuild UP-TO-DATE
Build Debug APK	Build Debug APK	2026-01-23T06:17:18.6033446Z > Task :app:mergeDebugNativeDebugMetadata NO-SOURCE
Build Debug APK	Build Debug APK	2026-01-23T06:17:18.6034319Z > Task :app:checkKotlinGradlePluginConfigurationErrors SKIPPED
Build Debug APK	Build Debug APK	2026-01-23T06:17:18.6035162Z > Task :core-metadata:generateDebugResources
Build Debug APK	Build Debug APK	2026-01-23T06:17:18.6035820Z > Task :data:generateDebugResources
Build Debug APK	Build Debug APK	2026-01-23T06:17:18.6036512Z > Task :domain:generateDebugResources FROM-CACHE
Build Debug APK	Build Debug APK	2026-01-23T06:17:18.7042644Z > Task :domain:packageDebugResources
Build Debug APK	Build Debug APK	2026-01-23T06:17:18.7194430Z > Task :data:packageDebugResources
Build Debug APK	Build Debug APK	2026-01-23T06:17:18.7247629Z > Task :flagkit:preBuild UP-TO-DATE
Build Debug APK	Build Debug APK	2026-01-23T06:17:18.7248247Z > Task :i18n:generateLocalesConfig UP-TO-DATE
Build Debug APK	Build Debug APK	2026-01-23T06:17:18.7248815Z > Task :flagkit:preDebugBuild UP-TO-DATE
Build Debug APK	Build Debug APK	2026-01-23T06:17:18.8037370Z > Task :flagkit:generateDebugResValues FROM-CACHE
Build Debug APK	Build Debug APK	2026-01-23T06:17:18.8041139Z > Task :flagkit:generateDebugResources
Build Debug APK	Build Debug APK	2026-01-23T06:17:19.0030232Z > Task :flagkit:packageDebugResources
Build Debug APK	Build Debug APK	2026-01-23T06:17:19.3032371Z > Task :i18n-ank:generateMRcommonMain
Build Debug APK	Build Debug APK	2026-01-23T06:17:19.3047560Z > Task :i18n-ank:generateMRandroidDebug SKIPPED
Build Debug APK	Build Debug APK	2026-01-23T06:17:19.3048326Z > Task :i18n-ank:generateMRandroidInstrumentedTest
Build Debug APK	Build Debug APK	2026-01-23T06:17:19.3049112Z > Task :i18n-ank:generateMRandroidInstrumentedTestDebug SKIPPED
Build Debug APK	Build Debug APK	2026-01-23T06:17:19.6073313Z > Task :core-metadata:packageDebugResources
Build Debug APK	Build Debug APK	2026-01-23T06:17:19.8054893Z > Task :i18n-kmk:generateMRcommonMain
Build Debug APK	Build Debug APK	2026-01-23T06:17:19.8057732Z > Task :i18n-kmk:generateMRandroidDebug SKIPPED
Build Debug APK	Build Debug APK	2026-01-23T06:17:19.8058414Z > Task :i18n-kmk:generateMRandroidInstrumentedTest
Build Debug APK	Build Debug APK	2026-01-23T06:17:19.8059416Z > Task :i18n-kmk:generateMRandroidInstrumentedTestDebug SKIPPED
Build Debug APK	Build Debug APK	2026-01-23T06:17:20.1032029Z > Task :i18n-kmk:generateMRandroidMain
Build Debug APK	Build Debug APK	2026-01-23T06:17:20.1033255Z > Task :i18n-kmk:generateMRandroidRelease SKIPPED
Build Debug APK	Build Debug APK	2026-01-23T06:17:20.1034313Z > Task :i18n-kmk:generateMRcommonTest
Build Debug APK	Build Debug APK	2026-01-23T06:17:20.1035078Z > Task :i18n-kmk:generateMRandroidUnitTest
Build Debug APK	Build Debug APK	2026-01-23T06:17:20.1035971Z > Task :i18n-kmk:generateMRandroidUnitTestDebug SKIPPED
Build Debug APK	Build Debug APK	2026-01-23T06:17:20.1036691Z > Task :i18n-kmk:generateMRandroidUnitTestRelease SKIPPED
Build Debug APK	Build Debug APK	2026-01-23T06:17:20.2029118Z > Task :i18n-kmk:preBuild
Build Debug APK	Build Debug APK	2026-01-23T06:17:20.2037730Z > Task :i18n-kmk:preDebugBuild
Build Debug APK	Build Debug APK	2026-01-23T06:17:20.2038325Z > Task :i18n-ank:generateMRandroidMain
Build Debug APK	Build Debug APK	2026-01-23T06:17:20.2038980Z > Task :i18n-ank:generateMRandroidRelease SKIPPED
Build Debug APK	Build Debug APK	2026-01-23T06:17:20.2039696Z > Task :i18n-kmk:generateDebugResValues FROM-CACHE
Build Debug APK	Build Debug APK	2026-01-23T06:17:20.2040487Z > Task :i18n-ank:generateMRcommonTest
Build Debug APK	Build Debug APK	2026-01-23T06:17:20.2041087Z > Task :i18n-kmk:generateDebugResources
Build Debug APK	Build Debug APK	2026-01-23T06:17:20.2041965Z > Task :i18n-ank:generateMRandroidUnitTest
Build Debug APK	Build Debug APK	2026-01-23T06:17:20.2042668Z > Task :i18n-ank:generateMRandroidUnitTestDebug SKIPPED
Build Debug APK	Build Debug APK	2026-01-23T06:17:20.2043484Z > Task :i18n-ank:generateMRandroidUnitTestRelease SKIPPED
Build Debug APK	Build Debug APK	2026-01-23T06:17:20.2044204Z > Task :i18n-ank:preBuild
Build Debug APK	Build Debug APK	2026-01-23T06:17:20.2045079Z > Task :i18n-ank:preDebugBuild
Build Debug APK	Build Debug APK	2026-01-23T06:17:20.2045685Z > Task :i18n-ank:generateDebugResValues FROM-CACHE
Build Debug APK	Build Debug APK	2026-01-23T06:17:20.2046353Z > Task :i18n-ank:generateDebugResources
Build Debug APK	Build Debug APK	2026-01-23T06:17:20.5083050Z > Task :i18n:generateMRcommonMain
Build Debug APK	Build Debug APK	2026-01-23T06:17:20.5084533Z > Task :i18n:generateMRandroidDebug SKIPPED
Build Debug APK	Build Debug APK	2026-01-23T06:17:20.5085887Z > Task :i18n:generateMRandroidInstrumentedTest
Build Debug APK	Build Debug APK	2026-01-23T06:17:20.5087350Z > Task :i18n:generateMRandroidInstrumentedTestDebug SKIPPED
Build Debug APK	Build Debug APK	2026-01-23T06:17:20.8042897Z > Task :i18n-ank:packageDebugResources
Build Debug APK	Build Debug APK	2026-01-23T06:17:20.9056687Z > Task :i18n-kmk:packageDebugResources
Build Debug APK	Build Debug APK	2026-01-23T06:17:20.9057543Z > Task :presentation-core:preBuild UP-TO-DATE
Build Debug APK	Build Debug APK	2026-01-23T06:17:20.9058221Z > Task :presentation-core:preDebugBuild UP-TO-DATE
Build Debug APK	Build Debug APK	2026-01-23T06:17:20.9059035Z > Task :presentation-core:generateDebugResValues FROM-CACHE
Build Debug APK	Build Debug APK	2026-01-23T06:17:20.9060003Z > Task :presentation-core:generateDebugResources
Build Debug APK	Build Debug APK	2026-01-23T06:17:21.0032056Z > Task :presentation-core:packageDebugResources
Build Debug APK	Build Debug APK	2026-01-23T06:17:21.0035146Z > Task :presentation-widget:preBuild UP-TO-DATE
Build Debug APK	Build Debug APK	2026-01-23T06:17:21.0037860Z > Task :presentation-widget:preDebugBuild UP-TO-DATE
Build Debug APK	Build Debug APK	2026-01-23T06:17:21.0041041Z > Task :presentation-widget:generateDebugResValues FROM-CACHE
Build Debug APK	Build Debug APK	2026-01-23T06:17:21.0043048Z > Task :presentation-widget:generateDebugResources
Build Debug APK	Build Debug APK	2026-01-23T06:17:21.1050311Z > Task :presentation-widget:packageDebugResources
Build Debug APK	Build Debug APK	2026-01-23T06:17:21.1051908Z > Task :source-api:preBuild UP-TO-DATE
Build Debug APK	Build Debug APK	2026-01-23T06:17:21.1052622Z > Task :source-api:preDebugBuild UP-TO-DATE
Build Debug APK	Build Debug APK	2026-01-23T06:17:21.1053237Z > Task :i18n-sy:generateMRcommonMain
Build Debug APK	Build Debug APK	2026-01-23T06:17:21.1053963Z > Task :i18n-sy:generateMRandroidDebug SKIPPED
Build Debug APK	Build Debug APK	2026-01-23T06:17:21.1054628Z > Task :source-api:generateDebugResValues FROM-CACHE
Build Debug APK	Build Debug APK	2026-01-23T06:17:21.2044973Z > Task :source-api:generateDebugResources FROM-CACHE
Build Debug APK	Build Debug APK	2026-01-23T06:17:21.2111299Z > Task :i18n-sy:generateMRandroidInstrumentedTest
Build Debug APK	Build Debug APK	2026-01-23T06:17:21.2112391Z > Task :i18n-sy:generateMRandroidInstrumentedTestDebug SKIPPED
Build Debug APK	Build Debug APK	2026-01-23T06:17:21.2113124Z > Task :source-api:packageDebugResources
Build Debug APK	Build Debug APK	2026-01-23T06:17:21.2113681Z > Task :source-local:preBuild UP-TO-DATE
Build Debug APK	Build Debug APK	2026-01-23T06:17:21.2114248Z > Task :source-local:preDebugBuild UP-TO-DATE
Build Debug APK	Build Debug APK	2026-01-23T06:17:21.2114891Z > Task :source-local:generateDebugResValues FROM-CACHE
Build Debug APK	Build Debug APK	2026-01-23T06:17:21.2115574Z > Task :source-local:generateDebugResources FROM-CACHE
Build Debug APK	Build Debug APK	2026-01-23T06:17:21.2116254Z > Task :source-local:packageDebugResources
Build Debug APK	Build Debug APK	2026-01-23T06:17:21.2116807Z > Task :telemetry:preBuild UP-TO-DATE
Build Debug APK	Build Debug APK	2026-01-23T06:17:21.2117359Z > Task :telemetry:preDebugBuild UP-TO-DATE
Build Debug APK	Build Debug APK	2026-01-23T06:17:21.2117959Z > Task :telemetry:generateDebugResValues FROM-CACHE
Build Debug APK	Build Debug APK	2026-01-23T06:17:21.2118627Z > Task :telemetry:generateDebugResources FROM-CACHE
Build Debug APK	Build Debug APK	2026-01-23T06:17:21.3068694Z > Task :telemetry:packageDebugResources
Build Debug APK	Build Debug APK	2026-01-23T06:17:21.3069404Z > Task :core:archive:preBuild UP-TO-DATE
Build Debug APK	Build Debug APK	2026-01-23T06:17:21.3070187Z > Task :core:archive:preDebugBuild UP-TO-DATE
Build Debug APK	Build Debug APK	2026-01-23T06:17:21.3070857Z > Task :core:archive:generateDebugResValues FROM-CACHE
Build Debug APK	Build Debug APK	2026-01-23T06:17:21.3071577Z > Task :core:archive:generateDebugResources FROM-CACHE
Build Debug APK	Build Debug APK	2026-01-23T06:17:21.3072170Z > Task :core:archive:packageDebugResources
Build Debug APK	Build Debug APK	2026-01-23T06:17:21.3072711Z > Task :core:common:preBuild UP-TO-DATE
Build Debug APK	Build Debug APK	2026-01-23T06:17:21.3073227Z > Task :core:common:preDebugBuild UP-TO-DATE
Build Debug APK	Build Debug APK	2026-01-23T06:17:21.3073854Z > Task :core:common:generateDebugResValues FROM-CACHE
Build Debug APK	Build Debug APK	2026-01-23T06:17:21.4037261Z > Task :core:common:generateDebugResources FROM-CACHE
Build Debug APK	Build Debug APK	2026-01-23T06:17:21.4041567Z > Task :core:common:packageDebugResources
Build Debug APK	Build Debug APK	2026-01-23T06:17:22.0053936Z > Task :i18n-sy:generateMRandroidMain
Build Debug APK	Build Debug APK	2026-01-23T06:17:22.0054892Z > Task :i18n-sy:generateMRandroidRelease SKIPPED
Build Debug APK	Build Debug APK	2026-01-23T06:17:22.0055584Z > Task :i18n-sy:generateMRcommonTest
Build Debug APK	Build Debug APK	2026-01-23T06:17:22.0056211Z > Task :i18n-sy:generateMRandroidUnitTest
Build Debug APK	Build Debug APK	2026-01-23T06:17:22.0056827Z > Task :i18n-sy:generateMRandroidUnitTestDebug SKIPPED
Build Debug APK	Build Debug APK	2026-01-23T06:17:22.0057557Z > Task :i18n-sy:generateMRandroidUnitTestRelease SKIPPED
Build Debug APK	Build Debug APK	2026-01-23T06:17:22.0058513Z > Task :i18n-sy:preBuild
Build Debug APK	Build Debug APK	2026-01-23T06:17:22.0058982Z > Task :i18n-sy:preDebugBuild
Build Debug APK	Build Debug APK	2026-01-23T06:17:22.0059527Z > Task :i18n-sy:generateDebugResValues FROM-CACHE
Build Debug APK	Build Debug APK	2026-01-23T06:17:22.1029159Z > Task :i18n-sy:generateDebugResources
Build Debug APK	Build Debug APK	2026-01-23T06:17:22.7028795Z > Task :i18n-sy:packageDebugResources
Build Debug APK	Build Debug APK	2026-01-23T06:17:22.8030942Z > Task :i18n:generateMRandroidMain
Build Debug APK	Build Debug APK	2026-01-23T06:17:22.8034659Z > Task :i18n:generateMRandroidRelease SKIPPED
Build Debug APK	Build Debug APK	2026-01-23T06:17:22.8042585Z > Task :i18n:generateMRcommonTest
Build Debug APK	Build Debug APK	2026-01-23T06:17:22.9032463Z > Task :i18n:generateMRandroidUnitTest
Build Debug APK	Build Debug APK	2026-01-23T06:17:22.9042202Z > Task :i18n:generateMRandroidUnitTestDebug SKIPPED
Build Debug APK	Build Debug APK	2026-01-23T06:17:22.9044543Z > Task :i18n:generateMRandroidUnitTestRelease SKIPPED
Build Debug APK	Build Debug APK	2026-01-23T06:17:22.9046399Z > Task :i18n:preBuild
Build Debug APK	Build Debug APK	2026-01-23T06:17:22.9048116Z > Task :i18n:preDebugBuild
Build Debug APK	Build Debug APK	2026-01-23T06:17:22.9052061Z > Task :i18n:generateDebugResValues FROM-CACHE
Build Debug APK	Build Debug APK	2026-01-23T06:17:22.9053963Z > Task :i18n:generateDebugResources
Build Debug APK	Build Debug APK	2026-01-23T06:17:23.4028578Z > Task :data:writeDebugAarMetadata
Build Debug APK	Build Debug APK	2026-01-23T06:17:24.4060911Z > Task :i18n:packageDebugResources
Build Debug APK	Build Debug APK	2026-01-23T06:17:24.4062573Z > Task :core-metadata:writeDebugAarMetadata
Build Debug APK	Build Debug APK	2026-01-23T06:17:24.4063099Z > Task :flagkit:writeDebugAarMetadata
Build Debug APK	Build Debug APK	2026-01-23T06:17:24.4063556Z > Task :domain:writeDebugAarMetadata
Build Debug APK	Build Debug APK	2026-01-23T06:17:24.4064030Z > Task :i18n:writeDebugAarMetadata
Build Debug APK	Build Debug APK	2026-01-23T06:17:24.4064567Z > Task :i18n-ank:writeDebugAarMetadata
Build Debug APK	Build Debug APK	2026-01-23T06:17:24.4065096Z > Task :i18n-kmk:writeDebugAarMetadata
Build Debug APK	Build Debug APK	2026-01-23T06:17:24.4065650Z > Task :i18n-sy:writeDebugAarMetadata
Build Debug APK	Build Debug APK	2026-01-23T06:17:24.4066299Z > Task :presentation-widget:writeDebugAarMetadata
Build Debug APK	Build Debug APK	2026-01-23T06:17:24.4067008Z > Task :presentation-core:writeDebugAarMetadata
Build Debug APK	Build Debug APK	2026-01-23T06:17:24.4067669Z > Task :source-local:writeDebugAarMetadata
Build Debug APK	Build Debug APK	2026-01-23T06:17:24.5028411Z > Task :source-api:writeDebugAarMetadata
Build Debug APK	Build Debug APK	2026-01-23T06:17:24.5028977Z > Task :core:archive:writeDebugAarMetadata
Build Debug APK	Build Debug APK	2026-01-23T06:17:24.5030711Z > Task :core-metadata:extractDeepLinksDebug
Build Debug APK	Build Debug APK	2026-01-23T06:17:24.6043308Z > Task :telemetry:writeDebugAarMetadata
Build Debug APK	Build Debug APK	2026-01-23T06:17:24.6049029Z > Task :data:extractDeepLinksDebug FROM-CACHE
Build Debug APK	Build Debug APK	2026-01-23T06:17:24.6049574Z > Task :core-metadata:processDebugManifest
Build Debug APK	Build Debug APK	2026-01-23T06:17:24.6050960Z > Task :domain:extractDeepLinksDebug FROM-CACHE
Build Debug APK	Build Debug APK	2026-01-23T06:17:24.6051631Z > Task :core:common:writeDebugAarMetadata
Build Debug APK	Build Debug APK	2026-01-23T06:17:24.6052288Z > Task :flagkit:extractDeepLinksDebug FROM-CACHE
Build Debug APK	Build Debug APK	2026-01-23T06:17:24.7041877Z > Task :data:processDebugManifest
Build Debug APK	Build Debug APK	2026-01-23T06:17:24.7052411Z > Task :i18n:extractDeepLinksDebug FROM-CACHE
Build Debug APK	Build Debug APK	2026-01-23T06:17:24.7053141Z > Task :flagkit:processDebugManifest
Build Debug APK	Build Debug APK	2026-01-23T06:17:24.7053768Z > Task :i18n-ank:extractDeepLinksDebug FROM-CACHE
Build Debug APK	Build Debug APK	2026-01-23T06:17:24.7054450Z > Task :i18n:processDebugManifest
Build Debug APK	Build Debug APK	2026-01-23T06:17:24.7055042Z > Task :i18n-kmk:extractDeepLinksDebug FROM-CACHE
Build Debug APK	Build Debug APK	2026-01-23T06:17:24.7064734Z > Task :i18n-kmk:processDebugManifest
Build Debug APK	Build Debug APK	2026-01-23T06:17:24.7074331Z > Task :i18n-sy:extractDeepLinksDebug FROM-CACHE
Build Debug APK	Build Debug APK	2026-01-23T06:17:24.7076420Z > Task :i18n-sy:processDebugManifest
Build Debug APK	Build Debug APK	2026-01-23T06:17:24.7077843Z > Task :presentation-core:extractDeepLinksDebug FROM-CACHE
Build Debug APK	Build Debug APK	2026-01-23T06:17:24.7079251Z > Task :domain:processDebugManifest
Build Debug APK	Build Debug APK	2026-01-23T06:17:24.7080820Z > Task :presentation-widget:extractDeepLinksDebug FROM-CACHE
Build Debug APK	Build Debug APK	2026-01-23T06:17:24.8062795Z > Task :presentation-core:processDebugManifest
Build Debug APK	Build Debug APK	2026-01-23T06:17:24.8064427Z > Task :source-api:extractDeepLinksDebug FROM-CACHE
Build Debug APK	Build Debug APK	2026-01-23T06:17:24.8065817Z > Task :i18n-ank:processDebugManifest
Build Debug APK	Build Debug APK	2026-01-23T06:17:24.8067176Z > Task :source-local:extractDeepLinksDebug FROM-CACHE
Build Debug APK	Build Debug APK	2026-01-23T06:17:24.8068576Z > Task :presentation-widget:processDebugManifest
Build Debug APK	Build Debug APK	2026-01-23T06:17:24.8070038Z > Task :telemetry:extractDeepLinksDebug FROM-CACHE
Build Debug APK	Build Debug APK	2026-01-23T06:17:24.8073448Z > Task :telemetry:processDebugManifest
Build Debug APK	Build Debug APK	2026-01-23T06:17:24.8075257Z > Task :core:archive:extractDeepLinksDebug FROM-CACHE
Build Debug APK	Build Debug APK	2026-01-23T06:17:24.8079290Z > Task :source-local:processDebugManifest
Build Debug APK	Build Debug APK	2026-01-23T06:17:24.8080280Z > Task :core:common:extractDeepLinksDebug FROM-CACHE
Build Debug APK	Build Debug APK	2026-01-23T06:17:24.8080882Z > Task :source-api:processDebugManifest
Build Debug APK	Build Debug APK	2026-01-23T06:17:25.6029122Z > Task :core-metadata:compileDebugLibraryResources
Build Debug APK	Build Debug APK	2026-01-23T06:17:25.7028520Z > Task :core:common:processDebugManifest
Build Debug APK	Build Debug APK	2026-01-23T06:17:26.1038161Z > Task :core:archive:processDebugManifest
Build Debug APK	Build Debug APK	2026-01-23T06:17:26.2030855Z > Task :source-api:parseDebugLocalResources
Build Debug APK	Build Debug APK	2026-01-23T06:17:26.2031587Z > Task :core-metadata:parseDebugLocalResources
Build Debug APK	Build Debug APK	2026-01-23T06:17:26.2032265Z > Task :core:common:parseDebugLocalResources FROM-CACHE
Build Debug APK	Build Debug APK	2026-01-23T06:17:26.2032935Z > Task :data:compileDebugLibraryResources FROM-CACHE
Build Debug APK	Build Debug APK	2026-01-23T06:17:26.2033589Z > Task :data:parseDebugLocalResources FROM-CACHE
Build Debug APK	Build Debug APK	2026-01-23T06:17:26.2034203Z > Task :domain:parseDebugLocalResources FROM-CACHE
Build Debug APK	Build Debug APK	2026-01-23T06:17:26.3094578Z > Task :i18n:parseDebugLocalResources
Build Debug APK	Build Debug APK	2026-01-23T06:17:26.3095624Z > Task :i18n-sy:parseDebugLocalResources
Build Debug APK	Build Debug APK	2026-01-23T06:17:26.3096334Z > Task :i18n-ank:parseDebugLocalResources
Build Debug APK	Build Debug APK	2026-01-23T06:17:26.4028711Z > Task :i18n-ank:generateDebugRFile
Build Debug APK	Build Debug APK	2026-01-23T06:17:26.4033289Z > Task :domain:compileDebugLibraryResources FROM-CACHE
Build Debug APK	Build Debug APK	2026-01-23T06:17:26.4036892Z > Task :i18n:generateDebugRFile
Build Debug APK	Build Debug APK	2026-01-23T06:17:26.4040343Z > Task :i18n-sy:generateDebugRFile
Build Debug APK	Build Debug APK	2026-01-23T06:17:27.0040226Z > Task :i18n:compileDebugLibraryResources
Build Debug APK	Build Debug APK	2026-01-23T06:17:27.3030030Z > Task :flagkit:parseDebugLocalResources
Build Debug APK	Build Debug APK	2026-01-23T06:17:27.3033147Z > Task :i18n-ank:compileDebugLibraryResources
Build Debug APK	Build Debug APK	2026-01-23T06:17:27.3035906Z > Task :flagkit:compileDebugLibraryResources
Build Debug APK	Build Debug APK	2026-01-23T06:17:27.3038627Z > Task :i18n-kmk:compileDebugLibraryResources
Build Debug APK	Build Debug APK	2026-01-23T06:17:27.3041296Z > Task :i18n-sy:compileDebugLibraryResources
Build Debug APK	Build Debug APK	2026-01-23T06:17:27.3043684Z > Task :presentation-core:compileDebugLibraryResources
Build Debug APK	Build Debug APK	2026-01-23T06:17:27.4065719Z > Task :i18n-kmk:parseDebugLocalResources
Build Debug APK	Build Debug APK	2026-01-23T06:17:27.4066807Z > Task :presentation-core:parseDebugLocalResources
Build Debug APK	Build Debug APK	2026-01-23T06:17:27.4067853Z > Task :i18n-kmk:generateDebugRFile
Build Debug APK	Build Debug APK	2026-01-23T06:17:27.5071757Z > Task :presentation-widget:parseDebugLocalResources
Build Debug APK	Build Debug APK	2026-01-23T06:17:27.5072938Z > Task :source-api:compileDebugLibraryResources FROM-CACHE
Build Debug APK	Build Debug APK	2026-01-23T06:17:27.5073918Z > Task :presentation-widget:compileDebugLibraryResources
Build Debug APK	Build Debug APK	2026-01-23T06:17:27.5087898Z > Task :core:archive:parseDebugLocalResources FROM-CACHE
Build Debug APK	Build Debug APK	2026-01-23T06:17:27.5088860Z > Task :telemetry:compileDebugLibraryResources FROM-CACHE
Build Debug APK	Build Debug APK	2026-01-23T06:17:27.5089985Z > Task :telemetry:parseDebugLocalResources FROM-CACHE
Build Debug APK	Build Debug APK	2026-01-23T06:17:27.5091115Z > Task :core:common:generateDebugRFile
Build Debug APK	Build Debug APK	2026-01-23T06:17:27.5091747Z > Task :telemetry:generateDebugRFile
Build Debug APK	Build Debug APK	2026-01-23T06:17:27.6074555Z > Task :source-local:compileDebugLibraryResources FROM-CACHE
Build Debug APK	Build Debug APK	2026-01-23T06:17:27.6078246Z > Task :app:dataBindingMergeDependencyArtifactsDebug
Build Debug APK	Build Debug APK	2026-01-23T06:17:27.6079151Z > Task :app:generateDebugResValues FROM-CACHE
Build Debug APK	Build Debug APK	2026-01-23T06:17:27.7029650Z > Task :app:generateDebugResources
Build Debug APK	Build Debug APK	2026-01-23T06:17:27.7032400Z > Task :source-api:generateDebugRFile
Build Debug APK	Build Debug APK	2026-01-23T06:17:27.7086594Z > Task :flagkit:generateDebugRFile
Build Debug APK	Build Debug APK	2026-01-23T06:17:28.1029613Z > Task :domain:generateDebugRFile
Build Debug APK	Build Debug APK	2026-01-23T06:17:28.1032917Z > Task :core-metadata:generateDebugRFile
Build Debug APK	Build Debug APK	2026-01-23T06:17:28.1033812Z > Task :presentation-core:generateDebugRFile
Build Debug APK	Build Debug APK	2026-01-23T06:17:28.1036786Z > Task :source-local:parseDebugLocalResources FROM-CACHE
Build Debug APK	Build Debug APK	2026-01-23T06:17:28.2029274Z > Task :data:generateDebugRFile
Build Debug APK	Build Debug APK	2026-01-23T06:17:28.2036102Z > Task :core:archive:compileDebugLibraryResources FROM-CACHE
Build Debug APK	Build Debug APK	2026-01-23T06:17:28.2036902Z > Task :core:common:compileDebugLibraryResources FROM-CACHE
Build Debug APK	Build Debug APK	2026-01-23T06:17:28.2037761Z > Task :core-metadata:checkKotlinGradlePluginConfigurationErrors SKIPPED
Build Debug APK	Build Debug APK	2026-01-23T06:17:28.3040633Z > Task :source-api:kmpPartiallyResolvedDependenciesChecker
Build Debug APK	Build Debug APK	2026-01-23T06:17:28.3041494Z > Task :core:archive:generateDebugRFile
Build Debug APK	Build Debug APK	2026-01-23T06:17:28.3042317Z > Task :source-api:checkKotlinGradlePluginConfigurationErrors SKIPPED
Build Debug APK	Build Debug APK	2026-01-23T06:17:28.3043122Z > Task :i18n:kmpPartiallyResolvedDependenciesChecker
Build Debug APK	Build Debug APK	2026-01-23T06:17:28.3044573Z > Task :i18n:checkKotlinGradlePluginConfigurationErrors SKIPPED
Build Debug APK	Build Debug APK	2026-01-23T06:17:28.5049327Z > Task :app:prepareDebugShortcutXML
Build Debug APK	Build Debug APK	2026-01-23T06:17:28.9076596Z > Task :source-local:generateDebugRFile
Build Debug APK	Build Debug APK	2026-01-23T06:17:28.9077697Z > Task :i18n-sy:kmpPartiallyResolvedDependenciesChecker
Build Debug APK	Build Debug APK	2026-01-23T06:17:28.9078824Z > Task :i18n-sy:checkKotlinGradlePluginConfigurationErrors SKIPPED
Build Debug APK	Build Debug APK	2026-01-23T06:17:29.7031853Z > Task :presentation-widget:generateDebugRFile
Build Debug APK	Build Debug APK	2026-01-23T06:17:29.7033962Z > Task :core:common:checkKotlinGradlePluginConfigurationErrors SKIPPED
Build Debug APK	Build Debug APK	2026-01-23T06:17:29.7041806Z > Task :core:common:javaPreCompileDebug
Build Debug APK	Build Debug APK	2026-01-23T06:17:29.7043526Z > Task :source-api:javaPreCompileDebug FROM-CACHE
Build Debug APK	Build Debug APK	2026-01-23T06:17:29.8032053Z > Task :core-metadata:javaPreCompileDebug FROM-CACHE
Build Debug APK	Build Debug APK	2026-01-23T06:17:29.8033140Z > Task :data:checkKotlinGradlePluginConfigurationErrors SKIPPED
Build Debug APK	Build Debug APK	2026-01-23T06:17:31.8033345Z 
Build Debug APK	Build Debug APK	2026-01-23T06:17:31.8037121Z WARN: Attempt to load key 'ide.hide.excluded.files' for not yet loaded registry
Build Debug APK	Build Debug APK	2026-01-23T06:17:31.8038081Z > Task :data:generateDebugDatabaseInterface
Build Debug APK	Build Debug APK	2026-01-23T06:17:31.9032174Z WARN: Attempt to load key 'psi.sleep.in.validity.check' for not yet loaded registry
Build Debug APK	Build Debug APK	2026-01-23T06:17:31.9035138Z WARN: Attempt to load key 'psi.incremental.reparse.depth.limit' for not yet loaded registry
Build Debug APK	Build Debug APK	2026-01-23T06:17:36.7031128Z 
Build Debug APK	Build Debug APK	2026-01-23T06:17:36.7033967Z > Task :app:prepareLibraryDefinitionsDebug
Build Debug APK	Build Debug APK	2026-01-23T06:17:39.4030186Z > Task :i18n:javaPreCompileDebug FROM-CACHE
Build Debug APK	Build Debug APK	2026-01-23T06:17:39.4053504Z > Task :i18n-sy:javaPreCompileDebug FROM-CACHE
Build Debug APK	Build Debug APK	2026-01-23T06:17:39.4054639Z > Task :domain:checkKotlinGradlePluginConfigurationErrors SKIPPED
Build Debug APK	Build Debug APK	2026-01-23T06:17:39.4057520Z > Task :i18n-ank:kmpPartiallyResolvedDependenciesChecker
Build Debug APK	Build Debug APK	2026-01-23T06:17:39.4058516Z > Task :i18n-ank:checkKotlinGradlePluginConfigurationErrors SKIPPED
Build Debug APK	Build Debug APK	2026-01-23T06:17:46.7030631Z 
Build Debug APK	Build Debug APK	2026-01-23T06:17:46.7031977Z > Task :app:mergeDebugResources
Build Debug APK	Build Debug APK	2026-01-23T06:17:46.7035360Z /home/runner/work/Anikku-Mod/Anikku-Mod/i18n/build/intermediates/packaged_res/debug/packageDebugResources/values/values.xml:791:4: Multiple substitutions specified in non-positional format of string resource string/player_aniskip_dontskip_toast. Did you mean to add the formatted="false" attribute?
Build Debug APK	Build Debug APK	2026-01-23T06:17:46.7040156Z /home/runner/work/Anikku-Mod/Anikku-Mod/i18n/build/intermediates/packaged_res/debug/packageDebugResources/values/values.xml:798:4: Multiple substitutions specified in non-positional format of string resource string/player_gesture_seek_indicator. Did you mean to add the formatted="false" attribute?
Build Debug APK	Build Debug APK	2026-01-23T06:17:46.7044756Z /home/runner/work/Anikku-Mod/Anikku-Mod/i18n/build/intermediates/packaged_res/debug/packageDebugResources/values/values.xml:811:4: Multiple substitutions specified in non-positional format of string resource string/player_sheets_decoder_formatted. Did you mean to add the formatted="false" attribute?
Build Debug APK	Build Debug APK	2026-01-23T06:17:46.7048661Z /home/runner/work/Anikku-Mod/Anikku-Mod/i18n/build/intermediates/packaged_res/debug/packageDebugResources/values/values.xml:860:4: Multiple substitutions specified in non-positional format of string resource string/player_sheets_track_lang_wo_title. Did you mean to add the formatted="false" attribute?
Build Debug APK	Build Debug APK	2026-01-23T06:17:46.7055030Z /home/runner/work/Anikku-Mod/Anikku-Mod/i18n/build/intermediates/packaged_res/debug/packageDebugResources/values/values.xml:862:4: Multiple substitutions specified in non-positional format of string resource string/player_sheets_track_title_w_lang. Did you mean to add the formatted="false" attribute?
Build Debug APK	Build Debug APK	2026-01-23T06:17:46.7059080Z /home/runner/work/Anikku-Mod/Anikku-Mod/i18n/build/intermediates/packaged_res/debug/packageDebugResources/values/values.xml:863:4: Multiple substitutions specified in non-positional format of string resource string/player_sheets_track_title_wo_lang. Did you mean to add the formatted="false" attribute?
Build Debug APK	Build Debug APK	2026-01-23T06:17:46.8030340Z /home/runner/work/Anikku-Mod/Anikku-Mod/i18n/build/intermediates/packaged_res/debug/packageDebugResources/values/values.xml:1226:4: Multiple substitutions specified in non-positional format of string resource string/restore_duration. Did you mean to add the formatted="false" attribute?
Build Debug APK	Build Debug APK	2026-01-23T06:17:48.5044756Z /home/runner/work/Anikku-Mod/Anikku-Mod/i18n/build/intermediates/packaged_res/debug/packageDebugResources/values-iw/values-iw.xml:899:4: Multiple substitutions specified in non-positional format of string resource string/restore_duration. Did you mean to add the formatted="false" attribute?
Build Debug APK	Build Debug APK	2026-01-23T06:17:48.7031147Z /home/runner/work/Anikku-Mod/Anikku-Mod/i18n/build/intermediates/packaged_res/debug/packageDebugResources/values-ja/values-ja.xml:758:4: Multiple substitutions specified in non-positional format of string resource string/restore_duration. Did you mean to add the formatted="false" attribute?
Build Debug APK	Build Debug APK	2026-01-23T06:17:48.7035434Z /home/runner/work/Anikku-Mod/Anikku-Mod/i18n/build/intermediates/packaged_res/debug/packageDebugResources/values-ro/values-ro.xml:711:4: Multiple substitutions specified in non-positional format of string resource string/restore_duration. Did you mean to add the formatted="false" attribute?
Build Debug APK	Build Debug APK	2026-01-23T06:17:48.8030136Z /home/runner/work/Anikku-Mod/Anikku-Mod/i18n/build/intermediates/packaged_res/debug/packageDebugResources/values-ru/values-ru.xml:784:4: Multiple substitutions specified in non-positional format of string resource string/player_aniskip_dontskip_toast. Did you mean to add the formatted="false" attribute?
Build Debug APK	Build Debug APK	2026-01-23T06:17:48.8034490Z /home/runner/work/Anikku-Mod/Anikku-Mod/i18n/build/intermediates/packaged_res/debug/packageDebugResources/values-ru/values-ru.xml:795:4: Multiple substitutions specified in non-positional format of string resource string/player_sheets_decoder_formatted. Did you mean to add the formatted="false" attribute?
Build Debug APK	Build Debug APK	2026-01-23T06:17:48.8038531Z /home/runner/work/Anikku-Mod/Anikku-Mod/i18n/build/intermediates/packaged_res/debug/packageDebugResources/values-ru/values-ru.xml:1179:4: Multiple substitutions specified in non-positional format of string resource string/restore_duration. Did you mean to add the formatted="false" attribute?
Build Debug APK	Build Debug APK	2026-01-23T06:17:48.8042984Z /home/runner/work/Anikku-Mod/Anikku-Mod/i18n/build/intermediates/packaged_res/debug/packageDebugResources/values-bn/values-bn.xml:641:4: Multiple substitutions specified in non-positional format of string resource string/restore_duration. Did you mean to add the formatted="false" attribute?
Build Debug APK	Build Debug APK	2026-01-23T06:17:48.9030031Z /home/runner/work/Anikku-Mod/Anikku-Mod/i18n/build/intermediates/packaged_res/debug/packageDebugResources/values-kk/values-kk.xml:688:4: Multiple substitutions specified in non-positional format of string resource string/restore_duration. Did you mean to add the formatted="false" attribute?
Build Debug APK	Build Debug APK	2026-01-23T06:17:49.0073082Z /home/runner/work/Anikku-Mod/Anikku-Mod/i18n/build/intermediates/packaged_res/debug/packageDebugResources/values-ko/values-ko.xml:934:4: Multiple substitutions specified in non-positional format of string resource string/restore_duration. Did you mean to add the formatted="false" attribute?
Build Debug APK	Build Debug APK	2026-01-23T06:17:49.0081508Z /home/runner/work/Anikku-Mod/Anikku-Mod/i18n/build/intermediates/packaged_res/debug/packageDebugResources/values-cv/values-cv.xml:532:4: Multiple substitutions specified in non-positional format of string resource string/restore_duration. Did you mean to add the formatted="false" attribute?
Build Debug APK	Build Debug APK	2026-01-23T06:17:49.0085926Z /home/runner/work/Anikku-Mod/Anikku-Mod/i18n/build/intermediates/packaged_res/debug/packageDebugResources/values-da/values-da.xml:317:4: Multiple substitutions specified in non-positional format of string resource string/restore_duration. Did you mean to add the formatted="false" attribute?
Build Debug APK	Build Debug APK	2026-01-23T06:17:49.1064020Z /home/runner/work/Anikku-Mod/Anikku-Mod/i18n/build/intermediates/packaged_res/debug/packageDebugResources/values-zh-rTW/values-zh-rTW.xml:941:4: Multiple substitutions specified in non-positional format of string resource string/restore_duration. Did you mean to add the formatted="false" attribute?
Build Debug APK	Build Debug APK	2026-01-23T06:17:49.2030041Z /home/runner/work/Anikku-Mod/Anikku-Mod/i18n/build/intermediates/packaged_res/debug/packageDebugResources/values-ne/values-ne.xml:680:4: Multiple substitutions specified in non-positional format of string resource string/restore_duration. Did you mean to add the formatted="false" attribute?
Build Debug APK	Build Debug APK	2026-01-23T06:17:49.3029697Z /home/runner/work/Anikku-Mod/Anikku-Mod/i18n/build/intermediates/packaged_res/debug/packageDebugResources/values-nn/values-nn.xml:302:4: Multiple substitutions specified in non-positional format of string resource string/restore_duration. Did you mean to add the formatted="false" attribute?
Build Debug APK	Build Debug APK	2026-01-23T06:17:49.3036642Z /home/runner/work/Anikku-Mod/Anikku-Mod/i18n/build/intermediates/packaged_res/debug/packageDebugResources/values-ka-rGE/values-ka-rGE.xml:397:4: Multiple substitutions specified in non-positional format of string resource string/restore_duration. Did you mean to add the formatted="false" attribute?
Build Debug APK	Build Debug APK	2026-01-23T06:17:49.3042953Z /home/runner/work/Anikku-Mod/Anikku-Mod/i18n/build/intermediates/packaged_res/debug/packageDebugResources/values-gl/values-gl.xml:630:4: Multiple substitutions specified in non-positional format of string resource string/restore_duration. Did you mean to add the formatted="false" attribute?
Build Debug APK	Build Debug APK	2026-01-23T06:17:49.6075012Z /home/runner/work/Anikku-Mod/Anikku-Mod/i18n/build/intermediates/packaged_res/debug/packageDebugResources/values-hi/values-hi.xml:656:4: Multiple substitutions specified in non-positional format of string resource string/restore_duration. Did you mean to add the formatted="false" attribute?
Build Debug APK	Build Debug APK	2026-01-23T06:17:49.7052524Z /home/runner/work/Anikku-Mod/Anikku-Mod/i18n/build/intermediates/packaged_res/debug/packageDebugResources/values-fil/values-fil.xml:726:4: Multiple substitutions specified in non-positional format of string resource string/player_aniskip_dontskip_toast. Did you mean to add the formatted="false" attribute?
Build Debug APK	Build Debug APK	2026-01-23T06:17:49.7057207Z /home/runner/work/Anikku-Mod/Anikku-Mod/i18n/build/intermediates/packaged_res/debug/packageDebugResources/values-fil/values-fil.xml:737:4: Multiple substitutions specified in non-positional format of string resource string/player_sheets_decoder_formatted. Did you mean to add the formatted="false" attribute?
Build Debug APK	Build Debug APK	2026-01-23T06:17:49.7062132Z /home/runner/work/Anikku-Mod/Anikku-Mod/i18n/build/intermediates/packaged_res/debug/packageDebugResources/values-fil/values-fil.xml:1104:4: Multiple substitutions specified in non-positional format of string resource string/restore_duration. Did you mean to add the formatted="false" attribute?
Build Debug APK	Build Debug APK	2026-01-23T06:17:49.8029599Z /home/runner/work/Anikku-Mod/Anikku-Mod/i18n/build/intermediates/packaged_res/debug/packageDebugResources/values-pt/values-pt.xml:984:4: Multiple substitutions specified in non-positional format of string resource string/restore_duration. Did you mean to add the formatted="false" attribute?
Build Debug APK	Build Debug APK	2026-01-23T06:17:49.8036009Z /home/runner/work/Anikku-Mod/Anikku-Mod/i18n/build/intermediates/packaged_res/debug/packageDebugResources/values-in/values-in.xml:723:4: Multiple substitutions specified in non-positional format of string resource string/player_sheets_decoder_formatted. Did you mean to add the formatted="false" attribute?
Build Debug APK	Build Debug APK	2026-01-23T06:17:49.8042107Z /home/runner/work/Anikku-Mod/Anikku-Mod/i18n/build/intermediates/packaged_res/debug/packageDebugResources/values-in/values-in.xml:1107:4: Multiple substitutions specified in non-positional format of string resource string/restore_duration. Did you mean to add the formatted="false" attribute?
Build Debug APK	Build Debug APK	2026-01-23T06:17:49.8048339Z /home/runner/work/Anikku-Mod/Anikku-Mod/i18n/build/intermediates/packaged_res/debug/packageDebugResources/values-hr/values-hr.xml:462:4: Multiple substitutions specified in non-positional format of string resource string/episode_download_progress. Did you mean to add the formatted="false" attribute?
Build Debug APK	Build Debug APK	2026-01-23T06:17:49.8052743Z /home/runner/work/Anikku-Mod/Anikku-Mod/i18n/build/intermediates/packaged_res/debug/packageDebugResources/values-hr/values-hr.xml:463:4: Multiple substitutions specified in non-positional format of string resource string/episode_downloading_progress. Did you mean to add the formatted="false" attribute?
Build Debug APK	Build Debug APK	2026-01-23T06:17:49.8059376Z /home/runner/work/Anikku-Mod/Anikku-Mod/i18n/build/intermediates/packaged_res/debug/packageDebugResources/values-hr/values-hr.xml:755:4: Multiple substitutions specified in non-positional format of string resource string/player_aniskip_dontskip_toast. Did you mean to add the formatted="false" attribute?
Build Debug APK	Build Debug APK	2026-01-23T06:17:49.8063297Z /home/runner/work/Anikku-Mod/Anikku-Mod/i18n/build/intermediates/packaged_res/debug/packageDebugResources/values-hr/values-hr.xml:766:4: Multiple substitutions specified in non-positional format of string resource string/player_sheets_decoder_formatted. Did you mean to add the formatted="false" attribute?
Build Debug APK	Build Debug APK	2026-01-23T06:17:49.8105934Z /home/runner/work/Anikku-Mod/Anikku-Mod/i18n/build/intermediates/packaged_res/debug/packageDebugResources/values-hr/values-hr.xml:1150:4: Multiple substitutions specified in non-positional format of string resource string/restore_duration. Did you mean to add the formatted="false" attribute?
Build Debug APK	Build Debug APK	2026-01-23T06:17:49.8110014Z /home/runner/work/Anikku-Mod/Anikku-Mod/i18n/build/intermediates/packaged_res/debug/packageDebugResources/values-nb-rNO/values-nb-rNO.xml:731:4: Multiple substitutions specified in non-positional format of string resource string/restore_duration. Did you mean to add the formatted="false" attribute?
Build Debug APK	Build Debug APK	2026-01-23T06:17:49.9030323Z /home/runner/work/Anikku-Mod/Anikku-Mod/i18n/build/intermediates/packaged_res/debug/packageDebugResources/values-it/values-it.xml:753:4: Multiple substitutions specified in non-positional format of string resource string/player_aniskip_dontskip_toast. Did you mean to add the formatted="false" attribute?
Build Debug APK	Build Debug APK	2026-01-23T06:17:49.9034555Z /home/runner/work/Anikku-Mod/Anikku-Mod/i18n/build/intermediates/packaged_res/debug/packageDebugResources/values-it/values-it.xml:766:4: Multiple substitutions specified in non-positional format of string resource string/player_sheets_decoder_formatted. Did you mean to add the formatted="false" attribute?
Build Debug APK	Build Debug APK	2026-01-23T06:17:49.9072494Z /home/runner/work/Anikku-Mod/Anikku-Mod/i18n/build/intermediates/packaged_res/debug/packageDebugResources/values-it/values-it.xml:1153:4: Multiple substitutions specified in non-positional format of string resource string/restore_duration. Did you mean to add the formatted="false" attribute?
Build Debug APK	Build Debug APK	2026-01-23T06:17:50.0044428Z /home/runner/work/Anikku-Mod/Anikku-Mod/i18n/build/intermediates/packaged_res/debug/packageDebugResources/values-ar/values-ar.xml:815:4: Multiple substitutions specified in non-positional format of string resource string/player_aniskip_dontskip_toast. Did you mean to add the formatted="false" attribute?
Build Debug APK	Build Debug APK	2026-01-23T06:17:50.0072800Z /home/runner/work/Anikku-Mod/Anikku-Mod/i18n/build/intermediates/packaged_res/debug/packageDebugResources/values-ar/values-ar.xml:826:4: Multiple substitutions specified in non-positional format of string resource string/player_sheets_decoder_formatted. Did you mean to add the formatted="false" attribute?
Build Debug APK	Build Debug APK	2026-01-23T06:17:50.0076991Z /home/runner/work/Anikku-Mod/Anikku-Mod/i18n/build/intermediates/packaged_res/debug/packageDebugResources/values-sq/values-sq.xml:590:4: Multiple substitutions specified in non-positional format of string resource string/restore_duration. Did you mean to add the formatted="false" attribute?
Build Debug APK	Build Debug APK	2026-01-23T06:17:50.0080899Z /home/runner/work/Anikku-Mod/Anikku-Mod/i18n/build/intermediates/packaged_res/debug/packageDebugResources/values-ar/values-ar.xml:1207:4: Multiple substitutions specified in non-positional format of string resource string/restore_duration. Did you mean to add the formatted="false" attribute?
Build Debug APK	Build Debug APK	2026-01-23T06:17:50.1029646Z /home/runner/work/Anikku-Mod/Anikku-Mod/i18n/build/intermediates/packaged_res/debug/packageDebugResources/values-cs/values-cs.xml:959:4: Multiple substitutions specified in non-positional format of string resource string/restore_duration. Did you mean to add the formatted="false" attribute?
Build Debug APK	Build Debug APK	2026-01-23T06:17:50.1034171Z /home/runner/work/Anikku-Mod/Anikku-Mod/i18n/build/intermediates/packaged_res/debug/packageDebugResources/values-bg/values-bg.xml:593:4: Multiple substitutions specified in non-positional format of string resource string/restore_duration. Did you mean to add the formatted="false" attribute?
Build Debug APK	Build Debug APK	2026-01-23T06:17:50.1037868Z /home/runner/work/Anikku-Mod/Anikku-Mod/i18n/build/intermediates/packaged_res/debug/packageDebugResources/values-th/values-th.xml:688:4: Multiple substitutions specified in non-positional format of string resource string/restore_duration. Did you mean to add the formatted="false" attribute?
Build Debug APK	Build Debug APK	2026-01-23T06:17:50.2029699Z /home/runner/work/Anikku-Mod/Anikku-Mod/i18n/build/intermediates/packaged_res/debug/packageDebugResources/values-tr/values-tr.xml:738:4: Multiple substitutions specified in non-positional format of string resource string/player_aniskip_dontskip_toast. Did you mean to add the formatted="false" attribute?
Build Debug APK	Build Debug APK	2026-01-23T06:17:50.2033920Z /home/runner/work/Anikku-Mod/Anikku-Mod/i18n/build/intermediates/packaged_res/debug/packageDebugResources/values-tr/values-tr.xml:751:4: Multiple substitutions specified in non-positional format of string resource string/player_sheets_decoder_formatted. Did you mean to add the formatted="false" attribute?
Build Debug APK	Build Debug APK	2026-01-23T06:17:50.2037654Z /home/runner/work/Anikku-Mod/Anikku-Mod/i18n/build/intermediates/packaged_res/debug/packageDebugResources/values-tr/values-tr.xml:1138:4: Multiple substitutions specified in non-positional format of string resource string/restore_duration. Did you mean to add the formatted="false" attribute?
Build Debug APK	Build Debug APK	2026-01-23T06:17:50.2041394Z /home/runner/work/Anikku-Mod/Anikku-Mod/i18n/build/intermediates/packaged_res/debug/packageDebugResources/values-sa/values-sa.xml:531:4: Multiple substitutions specified in non-positional format of string resource string/restore_duration. Did you mean to add the formatted="false" attribute?
Build Debug APK	Build Debug APK	2026-01-23T06:17:50.2045344Z /home/runner/work/Anikku-Mod/Anikku-Mod/i18n/build/intermediates/packaged_res/debug/packageDebugResources/values-lt/values-lt.xml:651:4: Multiple substitutions specified in non-positional format of string resource string/restore_duration. Did you mean to add the formatted="false" attribute?
Build Debug APK	Build Debug APK	2026-01-23T06:17:50.2048911Z /home/runner/work/Anikku-Mod/Anikku-Mod/i18n/build/intermediates/packaged_res/debug/packageDebugResources/values-ca/values-ca.xml:954:4: Multiple substitutions specified in non-positional format of string resource string/restore_duration. Did you mean to add the formatted="false" attribute?
Build Debug APK	Build Debug APK	2026-01-23T06:17:50.2052823Z /home/runner/work/Anikku-Mod/Anikku-Mod/i18n/build/intermediates/packaged_res/debug/packageDebugResources/values-eo/values-eo.xml:459:4: Multiple substitutions specified in non-positional format of string resource string/restore_duration. Did you mean to add the formatted="false" attribute?
Build Debug APK	Build Debug APK	2026-01-23T06:17:50.3044920Z /home/runner/work/Anikku-Mod/Anikku-Mod/i18n/build/intermediates/packaged_res/debug/packageDebugResources/values-eu/values-eu.xml:559:4: Multiple substitutions specified in non-positional format of string resource string/restore_duration. Did you mean to add the formatted="false" attribute?
Build Debug APK	Build Debug APK	2026-01-23T06:17:50.3049474Z /home/runner/work/Anikku-Mod/Anikku-Mod/i18n/build/intermediates/packaged_res/debug/packageDebugResources/values-fa/values-fa.xml:762:4: Multiple substitutions specified in non-positional format of string resource string/restore_duration. Did you mean to add the formatted="false" attribute?
Build Debug APK	Build Debug APK	2026-01-23T06:17:50.3053464Z /home/runner/work/Anikku-Mod/Anikku-Mod/i18n/build/intermediates/packaged_res/debug/packageDebugResources/values-kn/values-kn.xml:473:4: Multiple substitutions specified in non-positional format of string resource string/restore_duration. Did you mean to add the formatted="false" attribute?
Build Debug APK	Build Debug APK	2026-01-23T06:17:50.3057212Z /home/runner/work/Anikku-Mod/Anikku-Mod/i18n/build/intermediates/packaged_res/debug/packageDebugResources/values-fi/values-fi.xml:560:4: Multiple substitutions specified in non-positional format of string resource string/player_aniskip_dontskip_toast. Did you mean to add the formatted="false" attribute?
Build Debug APK	Build Debug APK	2026-01-23T06:17:50.3061527Z /home/runner/work/Anikku-Mod/Anikku-Mod/i18n/build/intermediates/packaged_res/debug/packageDebugResources/values-fi/values-fi.xml:717:4: Multiple substitutions specified in non-positional format of string resource string/restore_duration. Did you mean to add the formatted="false" attribute?
Build Debug APK	Build Debug APK	2026-01-23T06:17:50.4030467Z /home/runner/work/Anikku-Mod/Anikku-Mod/i18n/build/intermediates/packaged_res/debug/packageDebugResources/values-ta/values-ta.xml:928:4: Multiple substitutions specified in non-positional format of string resource string/recent_anime_time. Did you mean to add the formatted="false" attribute?
Build Debug APK	Build Debug APK	2026-01-23T06:17:50.4034627Z /home/runner/work/Anikku-Mod/Anikku-Mod/i18n/build/intermediates/packaged_res/debug/packageDebugResources/values-ta/values-ta.xml:941:4: Multiple substitutions specified in non-positional format of string resource string/restore_duration. Did you mean to add the formatted="false" attribute?
Build Debug APK	Build Debug APK	2026-01-23T06:17:50.4038685Z /home/runner/work/Anikku-Mod/Anikku-Mod/i18n/build/intermediates/packaged_res/debug/packageDebugResources/values-sah/values-sah.xml:352:4: Multiple substitutions specified in non-positional format of string resource string/restore_duration. Did you mean to add the formatted="false" attribute?
Build Debug APK	Build Debug APK	2026-01-23T06:17:50.4042486Z /home/runner/work/Anikku-Mod/Anikku-Mod/i18n/build/intermediates/packaged_res/debug/packageDebugResources/values-lv/values-lv.xml:713:4: Multiple substitutions specified in non-positional format of string resource string/restore_duration. Did you mean to add the formatted="false" attribute?
Build Debug APK	Build Debug APK	2026-01-23T06:17:50.5054639Z /home/runner/work/Anikku-Mod/Anikku-Mod/i18n/build/intermediates/packaged_res/debug/packageDebugResources/values-uk/values-uk.xml:774:4: Multiple substitutions specified in non-positional format of string resource string/player_aniskip_dontskip_toast. Did you mean to add the formatted="false" attribute?
Build Debug APK	Build Debug APK	2026-01-23T06:17:50.5082520Z /home/runner/work/Anikku-Mod/Anikku-Mod/i18n/build/intermediates/packaged_res/debug/packageDebugResources/values-uk/values-uk.xml:787:4: Multiple substitutions specified in non-positional format of string resource string/player_sheets_decoder_formatted. Did you mean to add the formatted="false" attribute?
Build Debug APK	Build Debug APK	2026-01-23T06:17:50.5086621Z /home/runner/work/Anikku-Mod/Anikku-Mod/i18n/build/intermediates/packaged_res/debug/packageDebugResources/values-uk/values-uk.xml:1174:4: Multiple substitutions specified in non-positional format of string resource string/restore_duration. Did you mean to add the formatted="false" attribute?
Build Debug APK	Build Debug APK	2026-01-23T06:17:50.6044470Z /home/runner/work/Anikku-Mod/Anikku-Mod/i18n/build/intermediates/packaged_res/debug/packageDebugResources/values-hu/values-hu.xml:675:4: Multiple substitutions specified in non-positional format of string resource string/restore_duration. Did you mean to add the formatted="false" attribute?
Build Debug APK	Build Debug APK	2026-01-23T06:17:50.6048797Z /home/runner/work/Anikku-Mod/Anikku-Mod/i18n/build/intermediates/packaged_res/debug/packageDebugResources/values-ms/values-ms.xml:664:4: Multiple substitutions specified in non-positional format of string resource string/restore_duration. Did you mean to add the formatted="false" attribute?
Build Debug APK	Build Debug APK	2026-01-23T06:17:50.6053153Z /home/runner/work/Anikku-Mod/Anikku-Mod/i18n/build/intermediates/packaged_res/debug/packageDebugResources/values-am/values-am.xml:298:4: Multiple substitutions specified in non-positional format of string resource string/restore_duration. Did you mean to add the formatted="false" attribute?
Build Debug APK	Build Debug APK	2026-01-23T06:17:50.7055062Z /home/runner/work/Anikku-Mod/Anikku-Mod/i18n/build/intermediates/packaged_res/debug/packageDebugResources/values-as/values-as.xml:640:4: Multiple substitutions specified in non-positional format of string resource string/player_aniskip_dontskip_toast. Did you mean to add the formatted="false" attribute?
Build Debug APK	Build Debug APK	2026-01-23T06:17:50.7059405Z /home/runner/work/Anikku-Mod/Anikku-Mod/i18n/build/intermediates/packaged_res/debug/packageDebugResources/values-as/values-as.xml:651:4: Multiple substitutions specified in non-positional format of string resource string/player_sheets_decoder_formatted. Did you mean to add the formatted="false" attribute?
Build Debug APK	Build Debug APK	2026-01-23T06:17:50.7063843Z /home/runner/work/Anikku-Mod/Anikku-Mod/i18n/build/intermediates/packaged_res/debug/packageDebugResources/values-vi/values-vi.xml:938:4: Multiple substitutions specified in non-positional format of string resource string/restore_duration. Did you mean to add the formatted="false" attribute?
Build Debug APK	Build Debug APK	2026-01-23T06:17:50.7067680Z /home/runner/work/Anikku-Mod/Anikku-Mod/i18n/build/intermediates/packaged_res/debug/packageDebugResources/values-as/values-as.xml:1035:4: Multiple substitutions specified in non-positional format of string resource string/restore_duration. Did you mean to add the formatted="false" attribute?
Build Debug APK	Build Debug APK	2026-01-23T06:17:50.7071507Z /home/runner/work/Anikku-Mod/Anikku-Mod/i18n/build/intermediates/packaged_res/debug/packageDebugResources/values-nl/values-nl.xml:737:4: Multiple substitutions specified in non-positional format of string resource string/restore_duration. Did you mean to add the formatted="false" attribute?
Build Debug APK	Build Debug APK	2026-01-23T06:17:50.7075342Z /home/runner/work/Anikku-Mod/Anikku-Mod/i18n/build/intermediates/packaged_res/debug/packageDebugResources/values-ceb/values-ceb.xml:416:4: Multiple substitutions specified in non-positional format of string resource string/restore_duration. Did you mean to add the formatted="false" attribute?
Build Debug APK	Build Debug APK	2026-01-23T06:17:50.7079111Z /home/runner/work/Anikku-Mod/Anikku-Mod/i18n/build/intermediates/packaged_res/debug/packageDebugResources/values-sc/values-sc.xml:781:4: Multiple substitutions specified in non-positional format of string resource string/restore_duration. Did you mean to add the formatted="false" attribute?
Build Debug APK	Build Debug APK	2026-01-23T06:17:50.8062723Z /home/runner/work/Anikku-Mod/Anikku-Mod/i18n/build/intermediates/packaged_res/debug/packageDebugResources/values-sk/values-sk.xml:631:4: Multiple substitutions specified in non-positional format of string resource string/restore_duration. Did you mean to add the formatted="false" attribute?
Build Debug APK	Build Debug APK	2026-01-23T06:17:50.8112815Z /home/runner/work/Anikku-Mod/Anikku-Mod/i18n/build/intermediates/packaged_res/debug/packageDebugResources/values-pl/values-pl.xml:950:4: Multiple substitutions specified in non-positional format of string resource string/restore_duration. Did you mean to add the formatted="false" attribute?
Build Debug APK	Build Debug APK	2026-01-23T06:17:50.8116881Z /home/runner/work/Anikku-Mod/Anikku-Mod/i18n/build/intermediates/packaged_res/debug/packageDebugResources/values-sr/values-sr.xml:754:4: Multiple substitutions specified in non-positional format of string resource string/player_aniskip_dontskip_toast. Did you mean to add the formatted="false" attribute?
Build Debug APK	Build Debug APK	2026-01-23T06:17:50.8121122Z /home/runner/work/Anikku-Mod/Anikku-Mod/i18n/build/intermediates/packaged_res/debug/packageDebugResources/values-sr/values-sr.xml:765:4: Multiple substitutions specified in non-positional format of string resource string/player_sheets_decoder_formatted. Did you mean to add the formatted="false" attribute?
Build Debug APK	Build Debug APK	2026-01-23T06:17:50.9030016Z /home/runner/work/Anikku-Mod/Anikku-Mod/i18n/build/intermediates/packaged_res/debug/packageDebugResources/values-sr/values-sr.xml:1132:4: Multiple substitutions specified in non-positional format of string resource string/restore_duration. Did you mean to add the formatted="false" attribute?
Build Debug APK	Build Debug APK	2026-01-23T06:17:50.9040103Z /home/runner/work/Anikku-Mod/Anikku-Mod/i18n/build/intermediates/packaged_res/debug/packageDebugResources/values-sv/values-sv.xml:729:4: Multiple substitutions specified in non-positional format of string resource string/restore_duration. Did you mean to add the formatted="false" attribute?
Build Debug APK	Build Debug APK	2026-01-23T06:17:51.0030200Z 
Build Debug APK	Build Debug APK	2026-01-23T06:17:51.0031157Z > Task :i18n-ank:compileDebugKotlinAndroid
Build Debug APK	Build Debug APK	2026-01-23T06:17:51.0032226Z w: Experimental context receivers are superseded by context parameters.
Build Debug APK	Build Debug APK	2026-01-23T06:17:51.0033590Z Replace the '-Xcontext-receivers' compiler argument with '-Xcontext-parameters' and migrate to the new syntax.
Build Debug APK	Build Debug APK	2026-01-23T06:17:51.0034968Z 
Build Debug APK	Build Debug APK	2026-01-23T06:17:51.0035667Z See the context parameters proposal for more details: https://kotl.in/context-parameters
Build Debug APK	Build Debug APK	2026-01-23T06:17:51.0036733Z This warning will become an error in future releases.
Build Debug APK	Build Debug APK	2026-01-23T06:17:51.0037343Z 
Build Debug APK	Build Debug APK	2026-01-23T06:17:51.0037724Z > Task :app:generateDebugBuildConfig
Build Debug APK	Build Debug APK	2026-01-23T06:17:51.0038210Z 
Build Debug APK	Build Debug APK	2026-01-23T06:17:51.0041962Z > Task :i18n-sy:compileDebugKotlinAndroid
Build Debug APK	Build Debug APK	2026-01-23T06:17:51.0043004Z w: Experimental context receivers are superseded by context parameters.
Build Debug APK	Build Debug APK	2026-01-23T06:17:51.0044378Z Replace the '-Xcontext-receivers' compiler argument with '-Xcontext-parameters' and migrate to the new syntax.
Build Debug APK	Build Debug APK	2026-01-23T06:17:51.0045270Z 
Build Debug APK	Build Debug APK	2026-01-23T06:17:51.0046213Z See the context parameters proposal for more details: https://kotl.in/context-parameters
Build Debug APK	Build Debug APK	2026-01-23T06:17:51.0047190Z This warning will become an error in future releases.
Build Debug APK	Build Debug APK	2026-01-23T06:17:51.7028510Z 
Build Debug APK	Build Debug APK	2026-01-23T06:17:51.7030559Z > Task :i18n-sy:compileDebugJavaWithJavac NO-SOURCE
Build Debug APK	Build Debug APK	2026-01-23T06:17:51.7031491Z > Task :app:checkDebugAarMetadata
Build Debug APK	Build Debug APK	2026-01-23T06:17:51.8036116Z > Task :i18n-sy:bundleLibCompileToJarDebug
Build Debug APK	Build Debug APK	2026-01-23T06:17:51.8037379Z > Task :app:mapDebugSourceSetPaths
Build Debug APK	Build Debug APK	2026-01-23T06:17:51.8037880Z > Task :i18n-ank:javaPreCompileDebug FROM-CACHE
Build Debug APK	Build Debug APK	2026-01-23T06:17:51.8038512Z > Task :app:createDebugCompatibleScreenManifests
Build Debug APK	Build Debug APK	2026-01-23T06:17:51.8039139Z > Task :app:extractDeepLinksDebug FROM-CACHE
Build Debug APK	Build Debug APK	2026-01-23T06:17:51.8039861Z > Task :i18n-ank:compileDebugJavaWithJavac NO-SOURCE
Build Debug APK	Build Debug APK	2026-01-23T06:17:51.8040423Z > Task :i18n-ank:bundleLibCompileToJarDebug
Build Debug APK	Build Debug APK	2026-01-23T06:17:51.9043471Z > Task :domain:javaPreCompileDebug FROM-CACHE
Build Debug APK	Build Debug APK	2026-01-23T06:17:51.9044412Z > Task :data:javaPreCompileDebug FROM-CACHE
Build Debug APK	Build Debug APK	2026-01-23T06:17:51.9045338Z > Task :flagkit:checkKotlinGradlePluginConfigurationErrors SKIPPED
Build Debug APK	Build Debug APK	2026-01-23T06:17:51.9046247Z > Task :flagkit:javaPreCompileDebug FROM-CACHE
Build Debug APK	Build Debug APK	2026-01-23T06:17:51.9047321Z > Task :i18n-kmk:kmpPartiallyResolvedDependenciesChecker
Build Debug APK	Build Debug APK	2026-01-23T06:17:51.9048246Z > Task :i18n-kmk:checkKotlinGradlePluginConfigurationErrors SKIPPED
Build Debug APK	Build Debug APK	2026-01-23T06:17:52.9063145Z 
Build Debug APK	Build Debug APK	2026-01-23T06:17:52.9065900Z > Task :app:mergeDebugResources
Build Debug APK	Build Debug APK	2026-01-23T06:17:52.9070148Z /home/runner/work/Anikku-Mod/Anikku-Mod/i18n/build/intermediates/packaged_res/debug/packageDebugResources/values-pt-rBR/values-pt-rBR.xml:755:4: Multiple substitutions specified in non-positional format of string resource string/player_aniskip_dontskip_toast. Did you mean to add the formatted="false" attribute?
Build Debug APK	Build Debug APK	2026-01-23T06:17:52.9076592Z /home/runner/work/Anikku-Mod/Anikku-Mod/i18n/build/intermediates/packaged_res/debug/packageDebugResources/values-pt-rBR/values-pt-rBR.xml:766:4: Multiple substitutions specified in non-positional format of string resource string/player_sheets_decoder_formatted. Did you mean to add the formatted="false" attribute?
Build Debug APK	Build Debug APK	2026-01-23T06:17:52.9080709Z /home/runner/work/Anikku-Mod/Anikku-Mod/i18n/build/intermediates/packaged_res/debug/packageDebugResources/values-pt-rBR/values-pt-rBR.xml:1150:4: Multiple substitutions specified in non-positional format of string resource string/restore_duration. Did you mean to add the formatted="false" attribute?
Build Debug APK	Build Debug APK	2026-01-23T06:17:52.9084597Z /home/runner/work/Anikku-Mod/Anikku-Mod/i18n/build/intermediates/packaged_res/debug/packageDebugResources/values-de/values-de.xml:1033:4: Multiple substitutions specified in non-positional format of string resource string/restore_duration. Did you mean to add the formatted="false" attribute?
Build Debug APK	Build Debug APK	2026-01-23T06:17:52.9093124Z /home/runner/work/Anikku-Mod/Anikku-Mod/i18n/build/intermediates/packaged_res/debug/packageDebugResources/values-el/values-el.xml:709:4: Multiple substitutions specified in non-positional format of string resource string/restore_duration. Did you mean to add the formatted="false" attribute?
Build Debug APK	Build Debug APK	2026-01-23T06:17:52.9097575Z /home/runner/work/Anikku-Mod/Anikku-Mod/i18n/build/intermediates/packaged_res/debug/packageDebugResources/values-es/values-es.xml:759:4: Multiple substitutions specified in non-positional format of string resource string/player_aniskip_dontskip_toast. Did you mean to add the formatted="false" attribute?
Build Debug APK	Build Debug APK	2026-01-23T06:17:52.9101452Z /home/runner/work/Anikku-Mod/Anikku-Mod/i18n/build/intermediates/packaged_res/debug/packageDebugResources/values-es/values-es.xml:1137:4: Multiple substitutions specified in non-positional format of string resource string/restore_duration. Did you mean to add the formatted="false" attribute?
Build Debug APK	Build Debug APK	2026-01-23T06:17:52.9104868Z /home/runner/work/Anikku-Mod/Anikku-Mod/i18n/build/intermediates/packaged_res/debug/packageDebugResources/values-zh-rCN/values-zh-rCN.xml:700:4: Multiple substitutions specified in non-positional format of string resource string/player_aniskip_dontskip_toast. Did you mean to add the formatted="false" attribute?
Build Debug APK	Build Debug APK	2026-01-23T06:17:52.9108380Z /home/runner/work/Anikku-Mod/Anikku-Mod/i18n/build/intermediates/packaged_res/debug/packageDebugResources/values-zh-rCN/values-zh-rCN.xml:711:4: Multiple substitutions specified in non-positional format of string resource string/player_sheets_decoder_formatted. Did you mean to add the formatted="false" attribute?
Build Debug APK	Build Debug APK	2026-01-23T06:17:52.9112034Z /home/runner/work/Anikku-Mod/Anikku-Mod/i18n/build/intermediates/packaged_res/debug/packageDebugResources/values-zh-rCN/values-zh-rCN.xml:1095:4: Multiple substitutions specified in non-positional format of string resource string/restore_duration. Did you mean to add the formatted="false" attribute?
Build Debug APK	Build Debug APK	2026-01-23T06:17:52.9115342Z /home/runner/work/Anikku-Mod/Anikku-Mod/i18n/build/intermediates/packaged_res/debug/packageDebugResources/values-fr/values-fr.xml:1019:4: Multiple substitutions specified in non-positional format of string resource string/restore_duration. Did you mean to add the formatted="false" attribute?
Build Debug APK	Build Debug APK	2026-01-23T06:17:53.9029031Z 
Build Debug APK	Build Debug APK	2026-01-23T06:17:53.9030412Z > Task :app:processDebugMainManifest
Build Debug APK	Build Debug APK	2026-01-23T06:17:53.9031939Z /home/runner/work/Anikku-Mod/Anikku-Mod/app/src/main/AndroidManifest.xml:44:5-46:31 Warning:
Build Debug APK	Build Debug APK	2026-01-23T06:17:53.9034383Z 	uses-permission#com.google.android.gms.permission.AD_ID was tagged at AndroidManifest.xml:44 to remove other declarations but no other declaration present
Build Debug APK	Build Debug APK	2026-01-23T06:17:54.1027513Z 
Build Debug APK	Build Debug APK	2026-01-23T06:17:54.1030540Z > Task :app:processDebugManifest
Build Debug APK	Build Debug APK	2026-01-23T06:17:54.2028843Z > Task :app:processDebugManifestForPackage
Build Debug APK	Build Debug APK	2026-01-23T06:17:54.2032058Z > Task :i18n-kmk:javaPreCompileDebug FROM-CACHE
Build Debug APK	Build Debug APK	2026-01-23T06:17:54.2035098Z > Task :presentation-core:checkKotlinGradlePluginConfigurationErrors SKIPPED
Build Debug APK	Build Debug APK	2026-01-23T06:17:54.2036777Z > Task :presentation-core:javaPreCompileDebug FROM-CACHE
Build Debug APK	Build Debug APK	2026-01-23T06:17:54.2040056Z > Task :presentation-widget:checkKotlinGradlePluginConfigurationErrors SKIPPED
Build Debug APK	Build Debug APK	2026-01-23T06:17:54.2043161Z > Task :presentation-widget:javaPreCompileDebug FROM-CACHE
Build Debug APK	Build Debug APK	2026-01-23T06:17:54.2045905Z > Task :source-local:kmpPartiallyResolvedDependenciesChecker
Build Debug APK	Build Debug APK	2026-01-23T06:17:54.2048957Z > Task :source-local:checkKotlinGradlePluginConfigurationErrors SKIPPED
Build Debug APK	Build Debug APK	2026-01-23T06:17:54.2055345Z > Task :core:archive:checkKotlinGradlePluginConfigurationErrors SKIPPED
Build Debug APK	Build Debug APK	2026-01-23T06:17:54.2056970Z > Task :core:archive:javaPreCompileDebug FROM-CACHE
Build Debug APK	Build Debug APK	2026-01-23T06:17:54.3028314Z > Task :source-local:javaPreCompileDebug FROM-CACHE
Build Debug APK	Build Debug APK	2026-01-23T06:17:54.3032532Z > Task :telemetry:checkKotlinGradlePluginConfigurationErrors SKIPPED
Build Debug APK	Build Debug APK	2026-01-23T06:17:54.6033382Z 
Build Debug APK	Build Debug APK	2026-01-23T06:17:54.6034274Z > Task :i18n-kmk:compileDebugKotlinAndroid
Build Debug APK	Build Debug APK	2026-01-23T06:17:54.6035266Z w: Experimental context receivers are superseded by context parameters.
Build Debug APK	Build Debug APK	2026-01-23T06:17:54.6039556Z Replace the '-Xcontext-receivers' compiler argument with '-Xcontext-parameters' and migrate to the new syntax.
Build Debug APK	Build Debug APK	2026-01-23T06:17:54.6040789Z 
Build Debug APK	Build Debug APK	2026-01-23T06:17:54.6041476Z See the context parameters proposal for more details: https://kotl.in/context-parameters
Build Debug APK	Build Debug APK	2026-01-23T06:17:54.6044528Z This warning will become an error in future releases.
Build Debug APK	Build Debug APK	2026-01-23T06:17:54.7027615Z 
Build Debug APK	Build Debug APK	2026-01-23T06:17:54.7029244Z > Task :i18n-kmk:compileDebugJavaWithJavac NO-SOURCE
Build Debug APK	Build Debug APK	2026-01-23T06:17:54.7030497Z > Task :i18n-kmk:bundleLibCompileToJarDebug
Build Debug APK	Build Debug APK	2026-01-23T06:17:54.7031801Z > Task :telemetry:javaPreCompileDebug FROM-CACHE
Build Debug APK	Build Debug APK	2026-01-23T06:17:54.8053057Z > Task :app:javaPreCompileDebug FROM-CACHE
Build Debug APK	Build Debug APK	2026-01-23T06:17:54.8075102Z > Task :app:generateDebugAssets UP-TO-DATE
Build Debug APK	Build Debug APK	2026-01-23T06:17:54.8076060Z > Task :core-metadata:mergeDebugShaders
Build Debug APK	Build Debug APK	2026-01-23T06:17:54.8076926Z > Task :core-metadata:compileDebugShaders NO-SOURCE
Build Debug APK	Build Debug APK	2026-01-23T06:17:54.8077840Z > Task :core-metadata:generateDebugAssets UP-TO-DATE
Build Debug APK	Build Debug APK	2026-01-23T06:17:54.8078574Z > Task :core-metadata:mergeDebugAssets
Build Debug APK	Build Debug APK	2026-01-23T06:17:54.8079274Z > Task :data:mergeDebugShaders
Build Debug APK	Build Debug APK	2026-01-23T06:17:54.8080028Z > Task :data:compileDebugShaders NO-SOURCE
Build Debug APK	Build Debug APK	2026-01-23T06:17:54.8080724Z > Task :data:generateDebugAssets UP-TO-DATE
Build Debug APK	Build Debug APK	2026-01-23T06:17:54.8081416Z > Task :data:mergeDebugAssets
Build Debug APK	Build Debug APK	2026-01-23T06:17:54.9029192Z > Task :domain:mergeDebugShaders
Build Debug APK	Build Debug APK	2026-01-23T06:17:54.9032221Z > Task :domain:compileDebugShaders NO-SOURCE
Build Debug APK	Build Debug APK	2026-01-23T06:17:54.9035051Z > Task :domain:generateDebugAssets UP-TO-DATE
Build Debug APK	Build Debug APK	2026-01-23T06:17:54.9035888Z > Task :domain:mergeDebugAssets
Build Debug APK	Build Debug APK	2026-01-23T06:17:54.9038511Z > Task :flagkit:mergeDebugShaders
Build Debug APK	Build Debug APK	2026-01-23T06:17:54.9039260Z > Task :flagkit:compileDebugShaders NO-SOURCE
Build Debug APK	Build Debug APK	2026-01-23T06:17:54.9042073Z > Task :flagkit:generateDebugAssets UP-TO-DATE
Build Debug APK	Build Debug APK	2026-01-23T06:17:54.9042881Z > Task :flagkit:mergeDebugAssets
Build Debug APK	Build Debug APK	2026-01-23T06:17:54.9043503Z > Task :i18n:mergeDebugShaders
Build Debug APK	Build Debug APK	2026-01-23T06:17:54.9061910Z > Task :i18n:compileDebugShaders NO-SOURCE
Build Debug APK	Build Debug APK	2026-01-23T06:17:54.9100718Z > Task :i18n:debugAssetsCopyForAGP NO-SOURCE
Build Debug APK	Build Debug APK	2026-01-23T06:17:54.9130724Z > Task :i18n:generateDebugAssets UP-TO-DATE
Build Debug APK	Build Debug APK	2026-01-23T06:17:54.9131436Z > Task :i18n:mergeDebugAssets
Build Debug APK	Build Debug APK	2026-01-23T06:17:54.9131966Z > Task :i18n-ank:mergeDebugShaders
Build Debug APK	Build Debug APK	2026-01-23T06:17:54.9132552Z > Task :i18n-ank:compileDebugShaders NO-SOURCE
Build Debug APK	Build Debug APK	2026-01-23T06:17:54.9133249Z > Task :i18n-ank:debugAssetsCopyForAGP NO-SOURCE
Build Debug APK	Build Debug APK	2026-01-23T06:17:54.9134214Z > Task :i18n-ank:generateDebugAssets UP-TO-DATE
Build Debug APK	Build Debug APK	2026-01-23T06:17:54.9134902Z > Task :i18n-ank:mergeDebugAssets
Build Debug APK	Build Debug APK	2026-01-23T06:17:54.9135504Z > Task :i18n-kmk:mergeDebugShaders
Build Debug APK	Build Debug APK	2026-01-23T06:17:54.9136115Z > Task :i18n-kmk:compileDebugShaders NO-SOURCE
Build Debug APK	Build Debug APK	2026-01-23T06:17:54.9136846Z > Task :i18n-kmk:debugAssetsCopyForAGP NO-SOURCE
Build Debug APK	Build Debug APK	2026-01-23T06:17:54.9137656Z > Task :i18n-kmk:generateDebugAssets UP-TO-DATE
Build Debug APK	Build Debug APK	2026-01-23T06:17:55.0029010Z > Task :i18n-kmk:mergeDebugAssets
Build Debug APK	Build Debug APK	2026-01-23T06:17:55.0029992Z > Task :i18n-sy:mergeDebugShaders
Build Debug APK	Build Debug APK	2026-01-23T06:17:55.0030606Z > Task :i18n-sy:compileDebugShaders NO-SOURCE
Build Debug APK	Build Debug APK	2026-01-23T06:17:55.0031319Z > Task :i18n-sy:debugAssetsCopyForAGP NO-SOURCE
Build Debug APK	Build Debug APK	2026-01-23T06:17:55.0031950Z > Task :i18n-sy:generateDebugAssets UP-TO-DATE
Build Debug APK	Build Debug APK	2026-01-23T06:17:55.0032552Z > Task :i18n-sy:mergeDebugAssets
Build Debug APK	Build Debug APK	2026-01-23T06:17:55.0033143Z > Task :presentation-core:mergeDebugShaders
Build Debug APK	Build Debug APK	2026-01-23T06:17:55.0033847Z > Task :presentation-core:compileDebugShaders NO-SOURCE
Build Debug APK	Build Debug APK	2026-01-23T06:17:55.0034614Z > Task :presentation-core:generateDebugAssets UP-TO-DATE
Build Debug APK	Build Debug APK	2026-01-23T06:17:55.0035394Z > Task :presentation-core:mergeDebugAssets
Build Debug APK	Build Debug APK	2026-01-23T06:17:55.0036093Z > Task :presentation-widget:mergeDebugShaders
Build Debug APK	Build Debug APK	2026-01-23T06:17:55.0036851Z > Task :presentation-widget:compileDebugShaders NO-SOURCE
Build Debug APK	Build Debug APK	2026-01-23T06:17:55.0037668Z > Task :presentation-widget:generateDebugAssets UP-TO-DATE
Build Debug APK	Build Debug APK	2026-01-23T06:17:55.0038444Z > Task :presentation-widget:mergeDebugAssets
Build Debug APK	Build Debug APK	2026-01-23T06:17:55.0039110Z > Task :source-api:mergeDebugShaders
Build Debug APK	Build Debug APK	2026-01-23T06:17:55.0039914Z > Task :source-api:compileDebugShaders NO-SOURCE
Build Debug APK	Build Debug APK	2026-01-23T06:17:55.0040672Z > Task :source-api:debugAssetsCopyForAGP NO-SOURCE
Build Debug APK	Build Debug APK	2026-01-23T06:17:55.0041432Z > Task :source-api:generateDebugAssets UP-TO-DATE
Build Debug APK	Build Debug APK	2026-01-23T06:17:55.1065620Z > Task :source-api:mergeDebugAssets
Build Debug APK	Build Debug APK	2026-01-23T06:17:55.1068045Z > Task :source-local:mergeDebugShaders
Build Debug APK	Build Debug APK	2026-01-23T06:17:55.1068907Z > Task :source-local:compileDebugShaders NO-SOURCE
Build Debug APK	Build Debug APK	2026-01-23T06:17:55.1069933Z > Task :source-local:debugAssetsCopyForAGP NO-SOURCE
Build Debug APK	Build Debug APK	2026-01-23T06:17:55.1077931Z > Task :source-local:generateDebugAssets UP-TO-DATE
Build Debug APK	Build Debug APK	2026-01-23T06:17:55.1079022Z > Task :source-local:mergeDebugAssets
Build Debug APK	Build Debug APK	2026-01-23T06:17:55.1080099Z > Task :telemetry:mergeDebugShaders
Build Debug APK	Build Debug APK	2026-01-23T06:17:55.1081998Z > Task :telemetry:compileDebugShaders NO-SOURCE
Build Debug APK	Build Debug APK	2026-01-23T06:17:55.1084196Z > Task :telemetry:generateDebugAssets UP-TO-DATE
Build Debug APK	Build Debug APK	2026-01-23T06:17:55.1085380Z > Task :telemetry:mergeDebugAssets
Build Debug APK	Build Debug APK	2026-01-23T06:17:55.1086972Z > Task :core:archive:mergeDebugShaders
Build Debug APK	Build Debug APK	2026-01-23T06:17:55.1087660Z > Task :core:archive:compileDebugShaders NO-SOURCE
Build Debug APK	Build Debug APK	2026-01-23T06:17:55.1088697Z > Task :core:archive:generateDebugAssets UP-TO-DATE
Build Debug APK	Build Debug APK	2026-01-23T06:17:55.1089395Z > Task :core:archive:mergeDebugAssets
Build Debug APK	Build Debug APK	2026-01-23T06:17:55.1090197Z > Task :core:common:mergeDebugShaders
Build Debug APK	Build Debug APK	2026-01-23T06:17:55.1091111Z > Task :core:common:compileDebugShaders NO-SOURCE
Build Debug APK	Build Debug APK	2026-01-23T06:17:55.1092171Z > Task :core:common:generateDebugAssets UP-TO-DATE
Build Debug APK	Build Debug APK	2026-01-23T06:17:55.1092847Z > Task :core:common:mergeDebugAssets
Build Debug APK	Build Debug APK	2026-01-23T06:17:55.1093268Z 
Build Debug APK	Build Debug APK	2026-01-23T06:17:55.1093596Z > Task :i18n:compileDebugKotlinAndroid
Build Debug APK	Build Debug APK	2026-01-23T06:17:55.1100640Z w: Experimental context receivers are superseded by context parameters.
Build Debug APK	Build Debug APK	2026-01-23T06:17:55.1138805Z Replace the '-Xcontext-receivers' compiler argument with '-Xcontext-parameters' and migrate to the new syntax.
Build Debug APK	Build Debug APK	2026-01-23T06:17:55.1144988Z 
Build Debug APK	Build Debug APK	2026-01-23T06:17:55.1145534Z See the context parameters proposal for more details: https://kotl.in/context-parameters
Build Debug APK	Build Debug APK	2026-01-23T06:17:55.1149540Z This warning will become an error in future releases.
Build Debug APK	Build Debug APK	2026-01-23T06:17:55.4059190Z 
Build Debug APK	Build Debug APK	2026-01-23T06:17:55.4061551Z > Task :i18n:compileDebugJavaWithJavac NO-SOURCE
Build Debug APK	Build Debug APK	2026-01-23T06:17:55.8027978Z > Task :i18n:bundleLibCompileToJarDebug
Build Debug APK	Build Debug APK	2026-01-23T06:17:55.8031126Z > Task :app:mergeDebugAssets
Build Debug APK	Build Debug APK	2026-01-23T06:17:56.3042413Z 
Build Debug APK	Build Debug APK	2026-01-23T06:17:56.3043277Z > Task :telemetry:compileDebugKotlin
Build Debug APK	Build Debug APK	2026-01-23T06:17:56.3044224Z w: Experimental context receivers are superseded by context parameters.
Build Debug APK	Build Debug APK	2026-01-23T06:17:56.3045754Z Replace the '-Xcontext-receivers' compiler argument with '-Xcontext-parameters' and migrate to the new syntax.
Build Debug APK	Build Debug APK	2026-01-23T06:17:56.3046647Z 
Build Debug APK	Build Debug APK	2026-01-23T06:17:56.3047238Z See the context parameters proposal for more details: https://kotl.in/context-parameters
Build Debug APK	Build Debug APK	2026-01-23T06:17:56.3052202Z This warning will become an error in future releases.
Build Debug APK	Build Debug APK	2026-01-23T06:17:56.4077529Z 
Build Debug APK	Build Debug APK	2026-01-23T06:17:56.4094815Z > Task :telemetry:compileDebugJavaWithJavac NO-SOURCE
Build Debug APK	Build Debug APK	2026-01-23T06:17:56.5028092Z > Task :app:compressDebugAssets
Build Debug APK	Build Debug APK	2026-01-23T06:17:56.5029094Z > Task :i18n:bundleLibRuntimeToJarDebug
Build Debug APK	Build Debug APK	2026-01-23T06:17:56.6046850Z > Task :app:dataBindingGenBaseClassesDebug
Build Debug APK	Build Debug APK	2026-01-23T06:17:57.3027788Z > Task :telemetry:bundleLibCompileToJarDebug
Build Debug APK	Build Debug APK	2026-01-23T06:17:59.4028250Z > Task :i18n-kmk:bundleLibRuntimeToJarDebug
Build Debug APK	Build Debug APK	2026-01-23T06:18:02.3028635Z > Task :i18n-ank:bundleLibRuntimeToJarDebug
Build Debug APK	Build Debug APK	2026-01-23T06:18:02.9042616Z > Task :i18n-sy:bundleLibRuntimeToJarDebug
Build Debug APK	Build Debug APK	2026-01-23T06:18:04.5028362Z > Task :telemetry:bundleLibRuntimeToJarDebug
Build Debug APK	Build Debug APK	2026-01-23T06:18:06.1028073Z > Task :app:l8DexDesugarLibDebug
Build Debug APK	Build Debug APK	2026-01-23T06:18:06.2031835Z > Task :i18n:processDebugJavaRes
Build Debug APK	Build Debug APK	2026-01-23T06:18:06.2036289Z > Task :i18n-ank:processDebugJavaRes
Build Debug APK	Build Debug APK	2026-01-23T06:18:06.2039334Z > Task :i18n-kmk:processDebugJavaRes
Build Debug APK	Build Debug APK	2026-01-23T06:18:06.2041953Z > Task :i18n-sy:processDebugJavaRes
Build Debug APK	Build Debug APK	2026-01-23T06:18:06.2044285Z > Task :telemetry:processDebugJavaRes
Build Debug APK	Build Debug APK	2026-01-23T06:18:06.3028290Z > Task :i18n:bundleLibRuntimeToDirDebug
Build Debug APK	Build Debug APK	2026-01-23T06:18:06.3031669Z > Task :app:desugarDebugFileDependencies
Build Debug APK	Build Debug APK	2026-01-23T06:18:14.7101137Z > Task :i18n-kmk:bundleLibRuntimeToDirDebug
Build Debug APK	Build Debug APK	2026-01-23T06:18:15.0028326Z > Task :app:checkDebugDuplicateClasses
Build Debug APK	Build Debug APK	2026-01-23T06:18:22.8028603Z 
Build Debug APK	Build Debug APK	2026-01-23T06:18:22.8029426Z > Task :core:common:compileDebugKotlin
Build Debug APK	Build Debug APK	2026-01-23T06:18:22.8030534Z w: Experimental context receivers are superseded by context parameters.
Build Debug APK	Build Debug APK	2026-01-23T06:18:22.8032104Z Replace the '-Xcontext-receivers' compiler argument with '-Xcontext-parameters' and migrate to the new syntax.
Build Debug APK	Build Debug APK	2026-01-23T06:18:22.8032996Z 
Build Debug APK	Build Debug APK	2026-01-23T06:18:22.8033614Z See the context parameters proposal for more details: https://kotl.in/context-parameters
Build Debug APK	Build Debug APK	2026-01-23T06:18:22.8034917Z This warning will become an error in future releases.
Build Debug APK	Build Debug APK	2026-01-23T06:18:22.8036618Z w: file:///home/runner/work/Anikku-Mod/Anikku-Mod/core/common/src/main/kotlin/eu/kanade/tachiyomi/network/OkHttpExtensions.kt:135:1 Experimental context receivers are superseded by context parameters.
Build Debug APK	Build Debug APK	2026-01-23T06:18:22.8038671Z Replace the '-Xcontext-receivers' compiler argument with '-Xcontext-parameters' and migrate to the new syntax.
Build Debug APK	Build Debug APK	2026-01-23T06:18:22.8068492Z 
Build Debug APK	Build Debug APK	2026-01-23T06:18:22.8069582Z See the context parameters proposal for more details: https://kotl.in/context-parameters
Build Debug APK	Build Debug APK	2026-01-23T06:18:22.8072060Z This warning will become an error in future releases.
Build Debug APK	Build Debug APK	2026-01-23T06:18:22.8073516Z w: file:///home/runner/work/Anikku-Mod/Anikku-Mod/core/common/src/main/kotlin/eu/kanade/tachiyomi/network/OkHttpExtensions.kt:140:1 Experimental context receivers are superseded by context parameters.
Build Debug APK	Build Debug APK	2026-01-23T06:18:22.8075288Z Replace the '-Xcontext-receivers' compiler argument with '-Xcontext-parameters' and migrate to the new syntax.
Build Debug APK	Build Debug APK	2026-01-23T06:18:22.8075974Z 
Build Debug APK	Build Debug APK	2026-01-23T06:18:22.8076396Z See the context parameters proposal for more details: https://kotl.in/context-parameters
Build Debug APK	Build Debug APK	2026-01-23T06:18:22.8077168Z This warning will become an error in future releases.
Build Debug APK	Build Debug APK	2026-01-23T06:18:22.8078532Z w: file:///home/runner/work/Anikku-Mod/Anikku-Mod/core/common/src/main/kotlin/eu/kanade/tachiyomi/util/system/WebViewUtil.kt:71:9 'var databaseEnabled: Boolean' is deprecated. Deprecated in Java.
Build Debug APK	Build Debug APK	2026-01-23T06:18:22.9052662Z 
Build Debug APK	Build Debug APK	2026-01-23T06:18:22.9053248Z > Task :i18n-ank:bundleLibRuntimeToDirDebug
Build Debug APK	Build Debug APK	2026-01-23T06:18:26.6027983Z > Task :app:processDebugResources
Build Debug APK	Build Debug APK	2026-01-23T06:18:45.0027896Z > Task :app:mergeExtDexDebug
Build Debug APK	Build Debug APK	2026-01-23T06:18:53.2032208Z > Task :i18n-sy:bundleLibRuntimeToDirDebug
Build Debug APK	Build Debug APK	2026-01-23T06:19:54.1028335Z > Task :core:common:compileDebugJavaWithJavac NO-SOURCE
Build Debug APK	Build Debug APK	2026-01-23T06:19:54.1029698Z > Task :core:common:bundleLibCompileToJarDebug
Build Debug APK	Build Debug APK	2026-01-23T06:19:54.2042048Z > Task :telemetry:bundleLibRuntimeToDirDebug
Build Debug APK	Build Debug APK	2026-01-23T06:19:55.7027006Z 
Build Debug APK	Build Debug APK	2026-01-23T06:19:55.7031468Z > Task :flagkit:compileDebugKotlin
Build Debug APK	Build Debug APK	2026-01-23T06:19:55.7034464Z w: Experimental context receivers are superseded by context parameters.
Build Debug APK	Build Debug APK	2026-01-23T06:19:55.7035749Z Replace the '-Xcontext-receivers' compiler argument with '-Xcontext-parameters' and migrate to the new syntax.
Build Debug APK	Build Debug APK	2026-01-23T06:19:55.7036493Z 
Build Debug APK	Build Debug APK	2026-01-23T06:19:55.7036997Z See the context parameters proposal for more details: https://kotl.in/context-parameters
Build Debug APK	Build Debug APK	2026-01-23T06:19:55.7037972Z This warning will become an error in future releases.
Build Debug APK	Build Debug APK	2026-01-23T06:19:55.7038380Z 
Build Debug APK	Build Debug APK	2026-01-23T06:19:55.7038649Z > Task :flagkit:compileDebugJavaWithJavac NO-SOURCE
Build Debug APK	Build Debug APK	2026-01-23T06:19:55.7039218Z > Task :flagkit:bundleLibCompileToJarDebug
Build Debug APK	Build Debug APK	2026-01-23T06:20:02.2028230Z 
Build Debug APK	Build Debug APK	2026-01-23T06:20:02.2031214Z > Task :source-api:compileDebugKotlinAndroid
Build Debug APK	Build Debug APK	2026-01-23T06:20:02.2032154Z w: Experimental context receivers are superseded by context parameters.
Build Debug APK	Build Debug APK	2026-01-23T06:20:02.2033547Z Replace the '-Xcontext-receivers' compiler argument with '-Xcontext-parameters' and migrate to the new syntax.
Build Debug APK	Build Debug APK	2026-01-23T06:20:02.2034377Z 
Build Debug APK	Build Debug APK	2026-01-23T06:20:02.2035916Z See the context parameters proposal for more details: https://kotl.in/context-parameters
Build Debug APK	Build Debug APK	2026-01-23T06:20:02.2036995Z This warning will become an error in future releases.
Build Debug APK	Build Debug APK	2026-01-23T06:20:02.7053614Z 
Build Debug APK	Build Debug APK	2026-01-23T06:20:02.7054228Z > Task :core:archive:compileDebugKotlin
Build Debug APK	Build Debug APK	2026-01-23T06:20:02.7054890Z w: Experimental context receivers are superseded by context parameters.
Build Debug APK	Build Debug APK	2026-01-23T06:20:02.7055866Z Replace the '-Xcontext-receivers' compiler argument with '-Xcontext-parameters' and migrate to the new syntax.
Build Debug APK	Build Debug APK	2026-01-23T06:20:02.7056532Z 
Build Debug APK	Build Debug APK	2026-01-23T06:20:02.7057025Z See the context parameters proposal for more details: https://kotl.in/context-parameters
Build Debug APK	Build Debug APK	2026-01-23T06:20:02.7057856Z This warning will become an error in future releases.
Build Debug APK	Build Debug APK	2026-01-23T06:20:02.7058249Z 
Build Debug APK	Build Debug APK	2026-01-23T06:20:02.7058523Z > Task :core:archive:compileDebugJavaWithJavac NO-SOURCE
Build Debug APK	Build Debug APK	2026-01-23T06:20:02.7059578Z > Task :core:archive:bundleLibCompileToJarDebug
Build Debug APK	Build Debug APK	2026-01-23T06:20:02.8028223Z > Task :source-api:compileDebugJavaWithJavac NO-SOURCE
Build Debug APK	Build Debug APK	2026-01-23T06:20:02.8030651Z > Task :core:archive:bundleLibRuntimeToJarDebug
Build Debug APK	Build Debug APK	2026-01-23T06:20:02.8031294Z > Task :source-api:bundleLibCompileToJarDebug
Build Debug APK	Build Debug APK	2026-01-23T06:20:04.7028009Z 
Build Debug APK	Build Debug APK	2026-01-23T06:20:04.7028921Z > Task :core-metadata:compileDebugKotlin
Build Debug APK	Build Debug APK	2026-01-23T06:20:04.7030013Z w: Experimental context receivers are superseded by context parameters.
Build Debug APK	Build Debug APK	2026-01-23T06:20:04.7031309Z Replace the '-Xcontext-receivers' compiler argument with '-Xcontext-parameters' and migrate to the new syntax.
Build Debug APK	Build Debug APK	2026-01-23T06:20:04.7032187Z 
Build Debug APK	Build Debug APK	2026-01-23T06:20:04.7032851Z See the context parameters proposal for more details: https://kotl.in/context-parameters
Build Debug APK	Build Debug APK	2026-01-23T06:20:04.7033838Z This warning will become an error in future releases.
Build Debug APK	Build Debug APK	2026-01-23T06:20:04.7034404Z 
Build Debug APK	Build Debug APK	2026-01-23T06:20:04.7034878Z > Task :core-metadata:compileDebugJavaWithJavac NO-SOURCE
Build Debug APK	Build Debug APK	2026-01-23T06:20:04.7035713Z > Task :core-metadata:bundleLibCompileToJarDebug
Build Debug APK	Build Debug APK	2026-01-23T06:20:04.7036506Z > Task :core-metadata:bundleLibRuntimeToJarDebug
Build Debug APK	Build Debug APK	2026-01-23T06:20:04.9027823Z > Task :source-api:bundleLibRuntimeToJarDebug
Build Debug APK	Build Debug APK	2026-01-23T06:20:05.7027936Z > Task :flagkit:bundleLibRuntimeToJarDebug
Build Debug APK	Build Debug APK	2026-01-23T06:20:05.8027856Z > Task :core:common:bundleLibRuntimeToJarDebug
Build Debug APK	Build Debug APK	2026-01-23T06:20:07.3027799Z > Task :core-metadata:processDebugJavaRes
Build Debug APK	Build Debug APK	2026-01-23T06:20:07.4028124Z > Task :flagkit:processDebugJavaRes
Build Debug APK	Build Debug APK	2026-01-23T06:20:07.4029142Z > Task :source-api:processDebugJavaRes
Build Debug APK	Build Debug APK	2026-01-23T06:20:07.4030037Z > Task :core:archive:processDebugJavaRes
Build Debug APK	Build Debug APK	2026-01-23T06:20:07.4032577Z > Task :core:common:processDebugJavaRes
Build Debug APK	Build Debug APK	2026-01-23T06:20:07.4033378Z > Task :core:archive:bundleLibRuntimeToDirDebug
Build Debug APK	Build Debug APK	2026-01-23T06:20:07.6027980Z > Task :core-metadata:bundleLibRuntimeToDirDebug
Build Debug APK	Build Debug APK	2026-01-23T06:20:07.8027896Z > Task :source-api:bundleLibRuntimeToDirDebug
Build Debug APK	Build Debug APK	2026-01-23T06:20:08.6028289Z > Task :flagkit:bundleLibRuntimeToDirDebug
Build Debug APK	Build Debug APK	2026-01-23T06:20:08.8064257Z > Task :core:common:bundleLibRuntimeToDirDebug
Build Debug APK	Build Debug APK	2026-01-23T06:20:10.7028675Z > Task :core-metadata:mergeDebugJniLibFolders
Build Debug APK	Build Debug APK	2026-01-23T06:20:10.7032007Z > Task :core-metadata:mergeDebugNativeLibs NO-SOURCE
Build Debug APK	Build Debug APK	2026-01-23T06:20:10.7034597Z > Task :core-metadata:copyDebugJniLibsProjectOnly
Build Debug APK	Build Debug APK	2026-01-23T06:20:10.7037285Z > Task :data:mergeDebugJniLibFolders
Build Debug APK	Build Debug APK	2026-01-23T06:20:10.7038040Z > Task :data:mergeDebugNativeLibs NO-SOURCE
Build Debug APK	Build Debug APK	2026-01-23T06:20:10.7042065Z > Task :data:copyDebugJniLibsProjectOnly
Build Debug APK	Build Debug APK	2026-01-23T06:20:10.7072714Z > Task :domain:mergeDebugJniLibFolders
Build Debug APK	Build Debug APK	2026-01-23T06:20:10.7073780Z > Task :domain:mergeDebugNativeLibs NO-SOURCE
Build Debug APK	Build Debug APK	2026-01-23T06:20:10.8028704Z > Task :domain:copyDebugJniLibsProjectOnly
Build Debug APK	Build Debug APK	2026-01-23T06:20:10.8029575Z > Task :flagkit:mergeDebugJniLibFolders
Build Debug APK	Build Debug APK	2026-01-23T06:20:10.8030403Z > Task :flagkit:mergeDebugNativeLibs NO-SOURCE
Build Debug APK	Build Debug APK	2026-01-23T06:20:10.8031053Z > Task :flagkit:copyDebugJniLibsProjectOnly
Build Debug APK	Build Debug APK	2026-01-23T06:20:10.8031671Z > Task :i18n:mergeDebugJniLibFolders
Build Debug APK	Build Debug APK	2026-01-23T06:20:10.8032230Z > Task :i18n:mergeDebugNativeLibs NO-SOURCE
Build Debug APK	Build Debug APK	2026-01-23T06:20:10.8032920Z > Task :i18n:copyDebugJniLibsProjectOnly
Build Debug APK	Build Debug APK	2026-01-23T06:20:10.8033501Z > Task :i18n-ank:mergeDebugJniLibFolders
Build Debug APK	Build Debug APK	2026-01-23T06:20:10.8034109Z > Task :i18n-ank:mergeDebugNativeLibs NO-SOURCE
Build Debug APK	Build Debug APK	2026-01-23T06:20:10.8034678Z > Task :i18n-ank:copyDebugJniLibsProjectOnly
Build Debug APK	Build Debug APK	2026-01-23T06:20:10.8035207Z > Task :i18n-kmk:mergeDebugJniLibFolders
Build Debug APK	Build Debug APK	2026-01-23T06:20:10.8035858Z > Task :i18n-kmk:mergeDebugNativeLibs NO-SOURCE
Build Debug APK	Build Debug APK	2026-01-23T06:20:10.9032326Z > Task :i18n-kmk:copyDebugJniLibsProjectOnly
Build Debug APK	Build Debug APK	2026-01-23T06:20:10.9033287Z > Task :i18n-sy:mergeDebugJniLibFolders
Build Debug APK	Build Debug APK	2026-01-23T06:20:10.9034008Z > Task :i18n-sy:mergeDebugNativeLibs NO-SOURCE
Build Debug APK	Build Debug APK	2026-01-23T06:20:10.9034718Z > Task :i18n-sy:copyDebugJniLibsProjectOnly
Build Debug APK	Build Debug APK	2026-01-23T06:20:10.9035462Z > Task :presentation-core:mergeDebugJniLibFolders
Build Debug APK	Build Debug APK	2026-01-23T06:20:10.9036211Z > Task :presentation-core:mergeDebugNativeLibs NO-SOURCE
Build Debug APK	Build Debug APK	2026-01-23T06:20:10.9037018Z > Task :presentation-core:copyDebugJniLibsProjectOnly
Build Debug APK	Build Debug APK	2026-01-23T06:20:10.9038127Z > Task :presentation-widget:mergeDebugJniLibFolders
Build Debug APK	Build Debug APK	2026-01-23T06:20:10.9038979Z > Task :presentation-widget:mergeDebugNativeLibs NO-SOURCE
Build Debug APK	Build Debug APK	2026-01-23T06:20:10.9039963Z > Task :presentation-widget:copyDebugJniLibsProjectOnly
Build Debug APK	Build Debug APK	2026-01-23T06:20:10.9040666Z > Task :source-api:mergeDebugJniLibFolders
Build Debug APK	Build Debug APK	2026-01-23T06:20:10.9041287Z > Task :source-api:mergeDebugNativeLibs NO-SOURCE
Build Debug APK	Build Debug APK	2026-01-23T06:20:10.9041967Z > Task :source-api:copyDebugJniLibsProjectOnly
Build Debug APK	Build Debug APK	2026-01-23T06:20:11.0027773Z > Task :source-local:mergeDebugJniLibFolders
Build Debug APK	Build Debug APK	2026-01-23T06:20:11.0031212Z > Task :source-local:mergeDebugNativeLibs NO-SOURCE
Build Debug APK	Build Debug APK	2026-01-23T06:20:11.0034487Z > Task :source-local:copyDebugJniLibsProjectOnly
Build Debug APK	Build Debug APK	2026-01-23T06:20:11.0037060Z > Task :telemetry:mergeDebugJniLibFolders
Build Debug APK	Build Debug APK	2026-01-23T06:20:11.0039575Z > Task :telemetry:mergeDebugNativeLibs NO-SOURCE
Build Debug APK	Build Debug APK	2026-01-23T06:20:11.0042225Z > Task :telemetry:copyDebugJniLibsProjectOnly
Build Debug APK	Build Debug APK	2026-01-23T06:20:11.0044820Z > Task :core:archive:mergeDebugJniLibFolders
Build Debug APK	Build Debug APK	2026-01-23T06:20:11.0047324Z > Task :core:archive:mergeDebugNativeLibs NO-SOURCE
Build Debug APK	Build Debug APK	2026-01-23T06:20:11.1042561Z > Task :core:archive:copyDebugJniLibsProjectOnly
Build Debug APK	Build Debug APK	2026-01-23T06:20:11.1045445Z > Task :core:common:mergeDebugJniLibFolders
Build Debug APK	Build Debug APK	2026-01-23T06:20:11.1046585Z > Task :core:common:mergeDebugNativeLibs NO-SOURCE
Build Debug APK	Build Debug APK	2026-01-23T06:20:11.1047364Z > Task :core:common:copyDebugJniLibsProjectOnly
Build Debug APK	Build Debug APK	2026-01-23T06:20:11.1048111Z > Task :core-metadata:stripDebugDebugSymbols NO-SOURCE
Build Debug APK	Build Debug APK	2026-01-23T06:20:11.1048960Z > Task :core-metadata:copyDebugJniLibsProjectAndLocalJars
Build Debug APK	Build Debug APK	2026-01-23T06:20:11.3031612Z > Task :core-metadata:extractDebugAnnotations
Build Debug APK	Build Debug APK	2026-01-23T06:20:11.3032879Z > Task :core-metadata:extractDeepLinksForAarDebug
Build Debug APK	Build Debug APK	2026-01-23T06:20:11.3059081Z > Task :core-metadata:mergeDebugGeneratedProguardFiles
Build Debug APK	Build Debug APK	2026-01-23T06:20:11.3061295Z > Task :core-metadata:mergeDebugConsumerProguardFiles
Build Debug APK	Build Debug APK	2026-01-23T06:20:11.3062789Z > Task :core-metadata:prepareDebugArtProfile
Build Debug APK	Build Debug APK	2026-01-23T06:20:11.4066663Z > Task :core-metadata:prepareLintJarForPublish
Build Debug APK	Build Debug APK	2026-01-23T06:20:11.6027980Z > Task :core-metadata:mergeDebugJavaResource
Build Debug APK	Build Debug APK	2026-01-23T06:20:11.6031387Z > Task :core-metadata:syncDebugLibJars
Build Debug APK	Build Debug APK	2026-01-23T06:20:11.6032290Z > Task :core-metadata:bundleDebugAar
Build Debug APK	Build Debug APK	2026-01-23T06:20:11.6032874Z > Task :core-metadata:assembleDebug
Build Debug APK	Build Debug APK	2026-01-23T06:20:11.7053093Z > Task :data:stripDebugDebugSymbols NO-SOURCE
Build Debug APK	Build Debug APK	2026-01-23T06:20:11.7054230Z > Task :data:copyDebugJniLibsProjectAndLocalJars
Build Debug APK	Build Debug APK	2026-01-23T06:20:11.7055062Z > Task :data:extractDeepLinksForAarDebug FROM-CACHE
Build Debug APK	Build Debug APK	2026-01-23T06:20:11.7055830Z > Task :data:prepareDebugArtProfile
Build Debug APK	Build Debug APK	2026-01-23T06:20:11.7056491Z > Task :data:prepareLintJarForPublish
Build Debug APK	Build Debug APK	2026-01-23T06:20:11.7057180Z > Task :domain:stripDebugDebugSymbols NO-SOURCE
Build Debug APK	Build Debug APK	2026-01-23T06:20:11.7057936Z > Task :domain:copyDebugJniLibsProjectAndLocalJars
Build Debug APK	Build Debug APK	2026-01-23T06:20:11.7058734Z > Task :domain:extractDeepLinksForAarDebug FROM-CACHE
Build Debug APK	Build Debug APK	2026-01-23T06:20:11.7059411Z > Task :domain:prepareDebugArtProfile
Build Debug APK	Build Debug APK	2026-01-23T06:20:11.7060274Z > Task :domain:prepareLintJarForPublish
Build Debug APK	Build Debug APK	2026-01-23T06:20:11.7061022Z > Task :flagkit:stripDebugDebugSymbols NO-SOURCE
Build Debug APK	Build Debug APK	2026-01-23T06:20:11.7061784Z > Task :flagkit:copyDebugJniLibsProjectAndLocalJars
Build Debug APK	Build Debug APK	2026-01-23T06:20:11.8028152Z > Task :flagkit:extractDebugAnnotations
Build Debug APK	Build Debug APK	2026-01-23T06:20:11.8032368Z > Task :flagkit:extractDeepLinksForAarDebug FROM-CACHE
Build Debug APK	Build Debug APK	2026-01-23T06:20:11.8033993Z > Task :flagkit:mergeDebugGeneratedProguardFiles
Build Debug APK	Build Debug APK	2026-01-23T06:20:11.8035507Z > Task :flagkit:mergeDebugConsumerProguardFiles
Build Debug APK	Build Debug APK	2026-01-23T06:20:11.8036935Z > Task :flagkit:prepareDebugArtProfile
Build Debug APK	Build Debug APK	2026-01-23T06:20:11.8038233Z > Task :flagkit:prepareLintJarForPublish
Build Debug APK	Build Debug APK	2026-01-23T06:20:11.8039517Z > Task :flagkit:mergeDebugJavaResource
Build Debug APK	Build Debug APK	2026-01-23T06:20:11.8040906Z > Task :flagkit:syncDebugLibJars
Build Debug APK	Build Debug APK	2026-01-23T06:20:11.9036636Z > Task :flagkit:bundleDebugAar
Build Debug APK	Build Debug APK	2026-01-23T06:20:11.9037593Z > Task :flagkit:assembleDebug
Build Debug APK	Build Debug APK	2026-01-23T06:20:11.9038343Z > Task :i18n:stripDebugDebugSymbols NO-SOURCE
Build Debug APK	Build Debug APK	2026-01-23T06:20:11.9039152Z > Task :i18n:copyDebugJniLibsProjectAndLocalJars
Build Debug APK	Build Debug APK	2026-01-23T06:20:11.9040245Z > Task :i18n:extractDebugAnnotations
Build Debug APK	Build Debug APK	2026-01-23T06:20:11.9040851Z > Task :i18n:extractDeepLinksForAarDebug FROM-CACHE
Build Debug APK	Build Debug APK	2026-01-23T06:20:11.9041532Z > Task :i18n:mergeDebugGeneratedProguardFiles
Build Debug APK	Build Debug APK	2026-01-23T06:20:11.9042153Z > Task :i18n:mergeDebugConsumerProguardFiles
Build Debug APK	Build Debug APK	2026-01-23T06:20:11.9042777Z > Task :i18n:prepareDebugArtProfile
Build Debug APK	Build Debug APK	2026-01-23T06:20:11.9043311Z > Task :i18n:prepareLintJarForPublish
Build Debug APK	Build Debug APK	2026-01-23T06:20:11.9092047Z > Task :i18n:mergeDebugJavaResource
Build Debug APK	Build Debug APK	2026-01-23T06:20:12.0052722Z > Task :i18n:syncDebugLibJars
Build Debug APK	Build Debug APK	2026-01-23T06:20:12.3028448Z > Task :i18n:bundleDebugAar
Build Debug APK	Build Debug APK	2026-01-23T06:20:12.3029361Z > Task :i18n:assembleDebug
Build Debug APK	Build Debug APK	2026-01-23T06:20:12.3030246Z > Task :i18n-ank:stripDebugDebugSymbols NO-SOURCE
Build Debug APK	Build Debug APK	2026-01-23T06:20:12.3031125Z > Task :i18n-ank:copyDebugJniLibsProjectAndLocalJars
Build Debug APK	Build Debug APK	2026-01-23T06:20:12.3031858Z > Task :i18n-ank:extractDebugAnnotations
Build Debug APK	Build Debug APK	2026-01-23T06:20:12.3032552Z > Task :i18n-ank:extractDeepLinksForAarDebug FROM-CACHE
Build Debug APK	Build Debug APK	2026-01-23T06:20:12.3033345Z > Task :i18n-ank:mergeDebugGeneratedProguardFiles
Build Debug APK	Build Debug APK	2026-01-23T06:20:12.3034108Z > Task :i18n-ank:mergeDebugConsumerProguardFiles
Build Debug APK	Build Debug APK	2026-01-23T06:20:12.4028190Z > Task :i18n-ank:prepareDebugArtProfile
Build Debug APK	Build Debug APK	2026-01-23T06:20:12.4031291Z > Task :i18n-ank:prepareLintJarForPublish
Build Debug APK	Build Debug APK	2026-01-23T06:20:12.4034398Z > Task :i18n-ank:mergeDebugJavaResource
Build Debug APK	Build Debug APK	2026-01-23T06:20:12.4037015Z > Task :i18n-ank:syncDebugLibJars
Build Debug APK	Build Debug APK	2026-01-23T06:20:12.4039579Z > Task :i18n-ank:bundleDebugAar
Build Debug APK	Build Debug APK	2026-01-23T06:20:12.4042349Z > Task :i18n-ank:assembleDebug
Build Debug APK	Build Debug APK	2026-01-23T06:20:12.4044974Z > Task :i18n-kmk:stripDebugDebugSymbols NO-SOURCE
Build Debug APK	Build Debug APK	2026-01-23T06:20:12.4047715Z > Task :i18n-kmk:copyDebugJniLibsProjectAndLocalJars
Build Debug APK	Build Debug APK	2026-01-23T06:20:12.5028531Z > Task :i18n-kmk:extractDebugAnnotations
Build Debug APK	Build Debug APK	2026-01-23T06:20:12.5035889Z > Task :i18n-kmk:extractDeepLinksForAarDebug FROM-CACHE
Build Debug APK	Build Debug APK	2026-01-23T06:20:12.5036635Z > Task :i18n-kmk:mergeDebugGeneratedProguardFiles
Build Debug APK	Build Debug APK	2026-01-23T06:20:12.5037786Z > Task :i18n-kmk:mergeDebugConsumerProguardFiles
Build Debug APK	Build Debug APK	2026-01-23T06:20:12.5038629Z > Task :i18n-kmk:prepareDebugArtProfile
Build Debug APK	Build Debug APK	2026-01-23T06:20:12.5039155Z > Task :i18n-kmk:prepareLintJarForPublish
Build Debug APK	Build Debug APK	2026-01-23T06:20:12.5039682Z > Task :i18n-kmk:mergeDebugJavaResource
Build Debug APK	Build Debug APK	2026-01-23T06:20:12.5040333Z > Task :i18n-kmk:syncDebugLibJars
Build Debug APK	Build Debug APK	2026-01-23T06:20:12.6028455Z > Task :i18n-kmk:bundleDebugAar
Build Debug APK	Build Debug APK	2026-01-23T06:20:12.6029504Z > Task :i18n-kmk:assembleDebug
Build Debug APK	Build Debug APK	2026-01-23T06:20:12.6030463Z > Task :i18n-sy:stripDebugDebugSymbols NO-SOURCE
Build Debug APK	Build Debug APK	2026-01-23T06:20:12.6031326Z > Task :i18n-sy:copyDebugJniLibsProjectAndLocalJars
Build Debug APK	Build Debug APK	2026-01-23T06:20:12.6032095Z > Task :i18n-sy:extractDebugAnnotations
Build Debug APK	Build Debug APK	2026-01-23T06:20:12.6032832Z > Task :i18n-sy:extractDeepLinksForAarDebug FROM-CACHE
Build Debug APK	Build Debug APK	2026-01-23T06:20:12.6033602Z > Task :i18n-sy:mergeDebugGeneratedProguardFiles
Build Debug APK	Build Debug APK	2026-01-23T06:20:12.6034367Z > Task :i18n-sy:mergeDebugConsumerProguardFiles
Build Debug APK	Build Debug APK	2026-01-23T06:20:12.6035107Z > Task :i18n-sy:prepareDebugArtProfile
Build Debug APK	Build Debug APK	2026-01-23T06:20:12.6035791Z > Task :i18n-sy:prepareLintJarForPublish
Build Debug APK	Build Debug APK	2026-01-23T06:20:12.6036512Z > Task :i18n-sy:mergeDebugJavaResource
Build Debug APK	Build Debug APK	2026-01-23T06:20:12.7028231Z > Task :i18n-sy:syncDebugLibJars
Build Debug APK	Build Debug APK	2026-01-23T06:20:12.7031216Z > Task :i18n-sy:bundleDebugAar
Build Debug APK	Build Debug APK	2026-01-23T06:20:12.7034010Z > Task :i18n-sy:assembleDebug
Build Debug APK	Build Debug APK	2026-01-23T06:20:12.7036556Z > Task :presentation-core:stripDebugDebugSymbols NO-SOURCE
Build Debug APK	Build Debug APK	2026-01-23T06:20:12.7039300Z > Task :presentation-core:copyDebugJniLibsProjectAndLocalJars
Build Debug APK	Build Debug APK	2026-01-23T06:20:12.7042053Z > Task :presentation-core:extractDeepLinksForAarDebug FROM-CACHE
Build Debug APK	Build Debug APK	2026-01-23T06:20:12.7044669Z > Task :presentation-core:prepareDebugArtProfile
Build Debug APK	Build Debug APK	2026-01-23T06:20:12.7047374Z > Task :presentation-core:prepareLintJarForPublish
Build Debug APK	Build Debug APK	2026-01-23T06:20:12.7050235Z > Task :presentation-widget:stripDebugDebugSymbols NO-SOURCE
Build Debug APK	Build Debug APK	2026-01-23T06:20:12.8027816Z > Task :presentation-widget:copyDebugJniLibsProjectAndLocalJars
Build Debug APK	Build Debug APK	2026-01-23T06:20:12.8040898Z > Task :presentation-widget:extractDeepLinksForAarDebug FROM-CACHE
Build Debug APK	Build Debug APK	2026-01-23T06:20:12.8044396Z > Task :presentation-widget:prepareDebugArtProfile
Build Debug APK	Build Debug APK	2026-01-23T06:20:12.8045943Z > Task :presentation-widget:prepareLintJarForPublish
Build Debug APK	Build Debug APK	2026-01-23T06:20:12.8047731Z > Task :source-api:stripDebugDebugSymbols NO-SOURCE
Build Debug APK	Build Debug APK	2026-01-23T06:20:12.8049175Z > Task :source-api:copyDebugJniLibsProjectAndLocalJars
Build Debug APK	Build Debug APK	2026-01-23T06:20:12.9043346Z > Task :source-api:extractDebugAnnotations
Build Debug APK	Build Debug APK	2026-01-23T06:20:12.9044975Z > Task :source-api:extractDeepLinksForAarDebug FROM-CACHE
Build Debug APK	Build Debug APK	2026-01-23T06:20:12.9046892Z > Task :source-api:mergeDebugGeneratedProguardFiles
Build Debug APK	Build Debug APK	2026-01-23T06:20:12.9048338Z > Task :source-api:mergeDebugConsumerProguardFiles
Build Debug APK	Build Debug APK	2026-01-23T06:20:12.9049889Z > Task :source-api:prepareDebugArtProfile
Build Debug APK	Build Debug APK	2026-01-23T06:20:12.9051212Z > Task :source-api:prepareLintJarForPublish
Build Debug APK	Build Debug APK	2026-01-23T06:20:12.9052499Z > Task :source-api:mergeDebugJavaResource
Build Debug APK	Build Debug APK	2026-01-23T06:20:13.0035155Z > Task :source-api:syncDebugLibJars
Build Debug APK	Build Debug APK	2026-01-23T06:20:13.0035984Z > Task :source-api:bundleDebugAar
Build Debug APK	Build Debug APK	2026-01-23T06:20:13.0036602Z > Task :source-api:assembleDebug
Build Debug APK	Build Debug APK	2026-01-23T06:20:13.0037319Z > Task :source-local:stripDebugDebugSymbols NO-SOURCE
Build Debug APK	Build Debug APK	2026-01-23T06:20:13.0038126Z > Task :source-local:copyDebugJniLibsProjectAndLocalJars
Build Debug APK	Build Debug APK	2026-01-23T06:20:13.0038959Z > Task :source-local:extractDeepLinksForAarDebug FROM-CACHE
Build Debug APK	Build Debug APK	2026-01-23T06:20:13.0039716Z > Task :source-local:prepareDebugArtProfile
Build Debug APK	Build Debug APK	2026-01-23T06:20:13.1042811Z > Task :source-local:prepareLintJarForPublish
Build Debug APK	Build Debug APK	2026-01-23T06:20:13.1080961Z > Task :telemetry:stripDebugDebugSymbols NO-SOURCE
Build Debug APK	Build Debug APK	2026-01-23T06:20:13.1081756Z > Task :telemetry:copyDebugJniLibsProjectAndLocalJars
Build Debug APK	Build Debug APK	2026-01-23T06:20:13.1082354Z > Task :telemetry:extractDebugAnnotations
Build Debug APK	Build Debug APK	2026-01-23T06:20:13.1082969Z > Task :telemetry:extractDeepLinksForAarDebug FROM-CACHE
Build Debug APK	Build Debug APK	2026-01-23T06:20:13.1083643Z > Task :telemetry:mergeDebugGeneratedProguardFiles
Build Debug APK	Build Debug APK	2026-01-23T06:20:13.1084277Z > Task :telemetry:mergeDebugConsumerProguardFiles
Build Debug APK	Build Debug APK	2026-01-23T06:20:13.1084869Z > Task :telemetry:prepareDebugArtProfile
Build Debug APK	Build Debug APK	2026-01-23T06:20:13.1085435Z > Task :telemetry:prepareLintJarForPublish
Build Debug APK	Build Debug APK	2026-01-23T06:20:13.1086310Z > Task :telemetry:mergeDebugJavaResource
Build Debug APK	Build Debug APK	2026-01-23T06:20:13.1086873Z > Task :telemetry:syncDebugLibJars
Build Debug APK	Build Debug APK	2026-01-23T06:20:13.2052566Z > Task :telemetry:bundleDebugAar
Build Debug APK	Build Debug APK	2026-01-23T06:20:13.2053154Z > Task :telemetry:assembleDebug
Build Debug APK	Build Debug APK	2026-01-23T06:20:13.2053718Z > Task :core:archive:stripDebugDebugSymbols NO-SOURCE
Build Debug APK	Build Debug APK	2026-01-23T06:20:13.2054476Z > Task :core:archive:copyDebugJniLibsProjectAndLocalJars
Build Debug APK	Build Debug APK	2026-01-23T06:20:13.2055185Z > Task :core:archive:extractDebugAnnotations
Build Debug APK	Build Debug APK	2026-01-23T06:20:13.2055894Z > Task :core:archive:extractDeepLinksForAarDebug FROM-CACHE
Build Debug APK	Build Debug APK	2026-01-23T06:20:13.2056652Z > Task :core:archive:mergeDebugGeneratedProguardFiles
Build Debug APK	Build Debug APK	2026-01-23T06:20:13.2057362Z > Task :core:archive:mergeDebugConsumerProguardFiles
Build Debug APK	Build Debug APK	2026-01-23T06:20:13.2057965Z > Task :core:archive:prepareDebugArtProfile
Build Debug APK	Build Debug APK	2026-01-23T06:20:13.2058577Z > Task :core:archive:prepareLintJarForPublish
Build Debug APK	Build Debug APK	2026-01-23T06:20:13.2059202Z > Task :core:archive:mergeDebugJavaResource
Build Debug APK	Build Debug APK	2026-01-23T06:20:13.2059946Z > Task :core:archive:syncDebugLibJars
Build Debug APK	Build Debug APK	2026-01-23T06:20:13.3037662Z > Task :core:archive:bundleDebugAar
Build Debug APK	Build Debug APK	2026-01-23T06:20:13.3040683Z > Task :core:archive:assembleDebug
Build Debug APK	Build Debug APK	2026-01-23T06:20:13.3041573Z > Task :core:common:stripDebugDebugSymbols NO-SOURCE
Build Debug APK	Build Debug APK	2026-01-23T06:20:13.3042414Z > Task :core:common:copyDebugJniLibsProjectAndLocalJars
Build Debug APK	Build Debug APK	2026-01-23T06:20:13.4027554Z > Task :core:common:extractDebugAnnotations
Build Debug APK	Build Debug APK	2026-01-23T06:20:13.4030620Z > Task :core:common:extractDeepLinksForAarDebug FROM-CACHE
Build Debug APK	Build Debug APK	2026-01-23T06:20:13.4033366Z > Task :core:common:mergeDebugGeneratedProguardFiles
Build Debug APK	Build Debug APK	2026-01-23T06:20:13.4062143Z > Task :core:common:mergeDebugConsumerProguardFiles
Build Debug APK	Build Debug APK	2026-01-23T06:20:13.4063896Z > Task :core:common:prepareDebugArtProfile
Build Debug APK	Build Debug APK	2026-01-23T06:20:13.4065240Z > Task :core:common:prepareLintJarForPublish
Build Debug APK	Build Debug APK	2026-01-23T06:20:13.4066537Z > Task :core:common:mergeDebugJavaResource
Build Debug APK	Build Debug APK	2026-01-23T06:20:13.5052132Z > Task :core:common:syncDebugLibJars
Build Debug APK	Build Debug APK	2026-01-23T06:20:13.6027793Z > Task :core:common:bundleDebugAar
Build Debug APK	Build Debug APK	2026-01-23T06:20:13.6037152Z > Task :core:common:assembleDebug
Build Debug APK	Build Debug APK	2026-01-23T06:20:18.3028451Z 
Build Debug APK	Build Debug APK	2026-01-23T06:20:18.3041892Z > Task :domain:compileDebugKotlin
Build Debug APK	Build Debug APK	2026-01-23T06:20:18.3043148Z w: Experimental context receivers are superseded by context parameters.
Build Debug APK	Build Debug APK	2026-01-23T06:20:18.3044139Z Replace the '-Xcontext-receivers' compiler argument with '-Xcontext-parameters' and migrate to the new syntax.
Build Debug APK	Build Debug APK	2026-01-23T06:20:18.3044846Z 
Build Debug APK	Build Debug APK	2026-01-23T06:20:18.3045346Z See the context parameters proposal for more details: https://kotl.in/context-parameters
Build Debug APK	Build Debug APK	2026-01-23T06:20:18.3046215Z This warning will become an error in future releases.
Build Debug APK	Build Debug APK	2026-01-23T06:20:18.6027697Z 
Build Debug APK	Build Debug APK	2026-01-23T06:20:18.6030909Z > Task :domain:compileDebugJavaWithJavac NO-SOURCE
Build Debug APK	Build Debug APK	2026-01-23T06:20:18.6031945Z > Task :domain:bundleLibCompileToJarDebug
Build Debug APK	Build Debug APK	2026-01-23T06:20:18.7027797Z > Task :domain:bundleLibRuntimeToJarDebug
Build Debug APK	Build Debug APK	2026-01-23T06:20:19.4032898Z 
Build Debug APK	Build Debug APK	2026-01-23T06:20:19.4035919Z > Task :presentation-core:compileDebugKotlin
Build Debug APK	Build Debug APK	2026-01-23T06:20:19.4037704Z w: The feature plugin:androidx.compose.compiler.plugins.kotlin:featureFlag=OptimizeNonSkippingGroups is enabled by default and specifying this option explicitly is not necessary.
Build Debug APK	Build Debug APK	2026-01-23T06:20:19.4039679Z w: Experimental context receivers are superseded by context parameters.
Build Debug APK	Build Debug APK	2026-01-23T06:20:19.4044263Z Replace the '-Xcontext-receivers' compiler argument with '-Xcontext-parameters' and migrate to the new syntax.
Build Debug APK	Build Debug APK	2026-01-23T06:20:19.4045413Z 
Build Debug APK	Build Debug APK	2026-01-23T06:20:19.4046109Z See the context parameters proposal for more details: https://kotl.in/context-parameters
Build Debug APK	Build Debug APK	2026-01-23T06:20:19.4081834Z This warning will become an error in future releases.
Build Debug APK	Build Debug APK	2026-01-23T06:20:19.4087006Z w: file:///home/runner/work/Anikku-Mod/Anikku-Mod/presentation-core/src/main/java/tachiyomi/presentation/core/components/AdaptiveSheet.kt:120:13 'fun <T> AnchoredDraggableState(initialValue: T, positionalThreshold: (Float) -> Float, velocityThreshold: () -> Float, snapAnimationSpec: AnimationSpec<Float>, decayAnimationSpec: DecayAnimationSpec<Float>, confirmValueChange: (T) -> Boolean = ...): AnchoredDraggableState<T>' is deprecated. This constructor of AnchoredDraggableState has been deprecated. Please pass thresholds and animation specs to AnchoredDraggableDefaults.flingBehavior(..) instead, which can be passed to Modifier.anchoredDraggable.
Build Debug APK	Build Debug APK	2026-01-23T06:20:19.4103346Z w: file:///home/runner/work/Anikku-Mod/Anikku-Mod/presentation-core/src/main/java/tachiyomi/presentation/core/components/AdaptiveSheet.kt:163:91 'suspend fun settle(velocity: Float): Float' is deprecated. settle does not accept a velocity anymore. Please use FlingBehavior#performFling instead. See AnchoredDraggableSample.kt for example usages.
Build Debug APK	Build Debug APK	2026-01-23T06:20:19.4107258Z w: file:///home/runner/work/Anikku-Mod/Anikku-Mod/presentation-core/src/main/java/tachiyomi/presentation/core/components/SettingsItems.kt:348:18 'fun Modifier.menuAnchor(): Modifier' is deprecated. Use overload that takes MenuAnchorType and enabled parameters.
Build Debug APK	Build Debug APK	2026-01-23T06:20:19.6050331Z 
Build Debug APK	Build Debug APK	2026-01-23T06:20:19.6051272Z > Task :presentation-core:compileDebugJavaWithJavac NO-SOURCE
Build Debug APK	Build Debug APK	2026-01-23T06:20:19.6052259Z > Task :presentation-core:bundleLibCompileToJarDebug
Build Debug APK	Build Debug APK	2026-01-23T06:20:21.9052188Z 
Build Debug APK	Build Debug APK	2026-01-23T06:20:21.9053061Z > Task :source-local:compileDebugKotlinAndroid
Build Debug APK	Build Debug APK	2026-01-23T06:20:21.9054032Z w: Experimental context receivers are superseded by context parameters.
Build Debug APK	Build Debug APK	2026-01-23T06:20:21.9055386Z Replace the '-Xcontext-receivers' compiler argument with '-Xcontext-parameters' and migrate to the new syntax.
Build Debug APK	Build Debug APK	2026-01-23T06:20:21.9056338Z 
Build Debug APK	Build Debug APK	2026-01-23T06:20:21.9056992Z See the context parameters proposal for more details: https://kotl.in/context-parameters
Build Debug APK	Build Debug APK	2026-01-23T06:20:21.9058090Z This warning will become an error in future releases.
Build Debug APK	Build Debug APK	2026-01-23T06:20:21.9060608Z w: file:///home/runner/work/Anikku-Mod/Anikku-Mod/source-local/src/androidMain/kotlin/tachiyomi/source/local/LocalSource.kt:150:49 'fun fetchSearchAnime(page: Int, query: String, filters: AnimeFilterList): Observable<AnimesPage>' is deprecated. Use the non-RxJava API instead.
Build Debug APK	Build Debug APK	2026-01-23T06:20:21.9064555Z w: file:///home/runner/work/Anikku-Mod/Anikku-Mod/source-local/src/androidMain/kotlin/tachiyomi/source/local/LocalSource.kt:153:50 'fun fetchSearchAnime(page: Int, query: String, filters: AnimeFilterList): Observable<AnimesPage>' is deprecated. Use the non-RxJava API instead.
Build Debug APK	Build Debug APK	2026-01-23T06:20:22.0027368Z 
Build Debug APK	Build Debug APK	2026-01-23T06:20:22.0031138Z > Task :source-local:compileDebugJavaWithJavac NO-SOURCE
Build Debug APK	Build Debug APK	2026-01-23T06:20:22.0032388Z > Task :source-local:bundleLibCompileToJarDebug
Build Debug APK	Build Debug APK	2026-01-23T06:20:22.0033267Z > Task :source-local:bundleLibRuntimeToJarDebug
Build Debug APK	Build Debug APK	2026-01-23T06:20:24.0027765Z 
Build Debug APK	Build Debug APK	2026-01-23T06:20:24.0031576Z > Task :presentation-widget:compileDebugKotlin
Build Debug APK	Build Debug APK	2026-01-23T06:20:24.0036023Z w: The feature plugin:androidx.compose.compiler.plugins.kotlin:featureFlag=OptimizeNonSkippingGroups is enabled by default and specifying this option explicitly is not necessary.
Build Debug APK	Build Debug APK	2026-01-23T06:20:24.0040310Z w: Experimental context receivers are superseded by context parameters.
Build Debug APK	Build Debug APK	2026-01-23T06:20:24.0043487Z Replace the '-Xcontext-receivers' compiler argument with '-Xcontext-parameters' and migrate to the new syntax.
Build Debug APK	Build Debug APK	2026-01-23T06:20:24.0046335Z 
Build Debug APK	Build Debug APK	2026-01-23T06:20:24.0048842Z See the context parameters proposal for more details: https://kotl.in/context-parameters
Build Debug APK	Build Debug APK	2026-01-23T06:20:24.0052116Z This warning will become an error in future releases.
Build Debug APK	Build Debug APK	2026-01-23T06:20:24.1050672Z 
Build Debug APK	Build Debug APK	2026-01-23T06:20:24.1073634Z > Task :presentation-core:bundleLibRuntimeToJarDebug
Build Debug APK	Build Debug APK	2026-01-23T06:20:24.2027906Z > Task :presentation-widget:compileDebugJavaWithJavac NO-SOURCE
Build Debug APK	Build Debug APK	2026-01-23T06:20:24.2031675Z > Task :presentation-widget:bundleLibCompileToJarDebug
Build Debug APK	Build Debug APK	2026-01-23T06:20:24.2034595Z > Task :presentation-widget:bundleLibRuntimeToJarDebug
Build Debug APK	Build Debug APK	2026-01-23T06:20:24.4027972Z > Task :domain:processDebugJavaRes
Build Debug APK	Build Debug APK	2026-01-23T06:20:24.4029119Z > Task :presentation-core:processDebugJavaRes
Build Debug APK	Build Debug APK	2026-01-23T06:20:24.4033124Z > Task :presentation-widget:processDebugJavaRes
Build Debug APK	Build Debug APK	2026-01-23T06:20:24.4033944Z > Task :source-local:processDebugJavaRes
Build Debug APK	Build Debug APK	2026-01-23T06:20:24.4034660Z > Task :source-local:bundleLibRuntimeToDirDebug
Build Debug APK	Build Debug APK	2026-01-23T06:20:24.7029104Z > Task :presentation-widget:bundleLibRuntimeToDirDebug
Build Debug APK	Build Debug APK	2026-01-23T06:20:25.3027719Z > Task :domain:bundleLibRuntimeToDirDebug
Build Debug APK	Build Debug APK	2026-01-23T06:20:26.9027784Z > Task :presentation-core:bundleLibRuntimeToDirDebug
Build Debug APK	Build Debug APK	2026-01-23T06:20:28.2027696Z > Task :domain:extractDebugAnnotations
Build Debug APK	Build Debug APK	2026-01-23T06:20:28.2031056Z > Task :domain:mergeDebugGeneratedProguardFiles
Build Debug APK	Build Debug APK	2026-01-23T06:20:28.2033905Z > Task :domain:mergeDebugConsumerProguardFiles
Build Debug APK	Build Debug APK	2026-01-23T06:20:28.2036626Z > Task :domain:mergeDebugJavaResource
Build Debug APK	Build Debug APK	2026-01-23T06:20:28.4027854Z > Task :domain:syncDebugLibJars
Build Debug APK	Build Debug APK	2026-01-23T06:20:28.5031274Z > Task :domain:bundleDebugAar
Build Debug APK	Build Debug APK	2026-01-23T06:20:28.5031845Z > Task :domain:assembleDebug
Build Debug APK	Build Debug APK	2026-01-23T06:20:28.6028114Z > Task :presentation-core:extractDebugAnnotations
Build Debug APK	Build Debug APK	2026-01-23T06:20:28.6052536Z > Task :presentation-core:mergeDebugGeneratedProguardFiles
Build Debug APK	Build Debug APK	2026-01-23T06:20:28.6053366Z > Task :presentation-core:mergeDebugConsumerProguardFiles
Build Debug APK	Build Debug APK	2026-01-23T06:20:28.6054055Z > Task :presentation-core:mergeDebugJavaResource
Build Debug APK	Build Debug APK	2026-01-23T06:20:28.7028851Z > Task :presentation-core:syncDebugLibJars
Build Debug APK	Build Debug APK	2026-01-23T06:20:28.8072216Z > Task :presentation-core:bundleDebugAar
Build Debug APK	Build Debug APK	2026-01-23T06:20:28.8073097Z > Task :presentation-core:assembleDebug
Build Debug APK	Build Debug APK	2026-01-23T06:20:28.9028471Z > Task :presentation-widget:extractDebugAnnotations
Build Debug APK	Build Debug APK	2026-01-23T06:20:28.9029726Z > Task :presentation-widget:mergeDebugGeneratedProguardFiles
Build Debug APK	Build Debug APK	2026-01-23T06:20:28.9030970Z > Task :presentation-widget:mergeDebugConsumerProguardFiles
Build Debug APK	Build Debug APK	2026-01-23T06:20:28.9031878Z > Task :presentation-widget:mergeDebugJavaResource
Build Debug APK	Build Debug APK	2026-01-23T06:20:29.0028467Z > Task :presentation-widget:syncDebugLibJars
Build Debug APK	Build Debug APK	2026-01-23T06:20:29.1028095Z > Task :presentation-widget:bundleDebugAar
Build Debug APK	Build Debug APK	2026-01-23T06:20:29.1031466Z > Task :presentation-widget:assembleDebug
Build Debug APK	Build Debug APK	2026-01-23T06:20:29.2081470Z > Task :source-local:extractDebugAnnotations
Build Debug APK	Build Debug APK	2026-01-23T06:20:29.2082559Z > Task :source-local:mergeDebugGeneratedProguardFiles
Build Debug APK	Build Debug APK	2026-01-23T06:20:29.2083532Z > Task :source-local:mergeDebugConsumerProguardFiles
Build Debug APK	Build Debug APK	2026-01-23T06:20:29.2084217Z > Task :source-local:mergeDebugJavaResource
Build Debug APK	Build Debug APK	2026-01-23T06:20:29.3028107Z > Task :source-local:syncDebugLibJars
Build Debug APK	Build Debug APK	2026-01-23T06:20:29.3031779Z > Task :source-local:bundleDebugAar
Build Debug APK	Build Debug APK	2026-01-23T06:20:29.3033180Z > Task :source-local:assembleDebug
Build Debug APK	Build Debug APK	2026-01-23T06:20:33.1027890Z 
Build Debug APK	Build Debug APK	2026-01-23T06:20:33.1043045Z > Task :data:compileDebugKotlin
Build Debug APK	Build Debug APK	2026-01-23T06:20:33.1043856Z w: Experimental context receivers are superseded by context parameters.
Build Debug APK	Build Debug APK	2026-01-23T06:20:33.1045047Z Replace the '-Xcontext-receivers' compiler argument with '-Xcontext-parameters' and migrate to the new syntax.
Build Debug APK	Build Debug APK	2026-01-23T06:20:33.1045848Z 
Build Debug APK	Build Debug APK	2026-01-23T06:20:33.1046357Z See the context parameters proposal for more details: https://kotl.in/context-parameters
Build Debug APK	Build Debug APK	2026-01-23T06:20:33.1047296Z This warning will become an error in future releases.
Build Debug APK	Build Debug APK	2026-01-23T06:20:33.2027277Z 
Build Debug APK	Build Debug APK	2026-01-23T06:20:33.2028157Z > Task :data:compileDebugJavaWithJavac NO-SOURCE
Build Debug APK	Build Debug APK	2026-01-23T06:20:33.3027566Z > Task :data:processDebugJavaRes
Build Debug APK	Build Debug APK	2026-01-23T06:20:33.3030470Z > Task :data:bundleLibCompileToJarDebug
Build Debug APK	Build Debug APK	2026-01-23T06:20:33.3031711Z > Task :data:bundleLibRuntimeToJarDebug
Build Debug APK	Build Debug APK	2026-01-23T06:20:33.4028143Z > Task :data:extractDebugAnnotations
Build Debug APK	Build Debug APK	2026-01-23T06:20:33.4030139Z > Task :data:mergeDebugGeneratedProguardFiles
Build Debug APK	Build Debug APK	2026-01-23T06:20:33.4060667Z > Task :data:mergeDebugConsumerProguardFiles
Build Debug APK	Build Debug APK	2026-01-23T06:20:33.4061720Z > Task :data:bundleLibRuntimeToDirDebug
Build Debug APK	Build Debug APK	2026-01-23T06:20:33.5047285Z > Task :data:mergeDebugJavaResource
Build Debug APK	Build Debug APK	2026-01-23T06:20:33.7027555Z > Task :data:syncDebugLibJars
Build Debug APK	Build Debug APK	2026-01-23T06:20:33.7031109Z > Task :data:bundleDebugAar
Build Debug APK	Build Debug APK	2026-01-23T06:20:33.7033791Z > Task :data:assembleDebug
Build Debug APK	Build Debug APK	2026-01-23T06:20:37.9027753Z > Task :app:mergeDebugJniLibFolders
Build Debug APK	Build Debug APK	2026-01-23T06:20:40.5027956Z > Task :app:mergeLibDexDebug
Build Debug APK	Build Debug APK	2026-01-23T06:20:42.1027729Z > Task :app:mergeDebugNativeLibs
Build Debug APK	Build Debug APK	2026-01-23T06:20:44.3027823Z > Task :app:validateSigningDebug
Build Debug APK	Build Debug APK	2026-01-23T06:20:44.3031257Z > Task :app:writeDebugAppMetadata
Build Debug APK	Build Debug APK	2026-01-23T06:20:44.3032115Z > Task :app:writeDebugSigningConfigVersions
Build Debug APK	Build Debug APK	2026-01-23T06:20:45.2027923Z > Task :app:stripDebugDebugSymbols
Build Debug APK	Build Debug APK	2026-01-23T06:21:04.5028000Z > Task :app:compileDebugKotlin
Build Debug APK	Build Debug APK	2026-01-23T06:21:14.7044118Z e: file:///home/runner/work/Anikku-Mod/Anikku-Mod/app/src/main/java/eu/kanade/tachiyomi/ui/player/controls/PlayerControls.kt:306:57 Unresolved reference 'DoubleSpeedPlayerUpdate'.
Build Debug APK	Build Debug APK	2026-01-23T06:21:14.7046145Z 
Build Debug APK	Build Debug APK	2026-01-23T06:21:14.7046514Z > Task :app:compileDebugKotlin FAILED
Build Debug APK	Build Debug APK	2026-01-23T06:21:14.8028122Z gradle/actions: Writing build results to /home/runner/work/_temp/.gradle-actions/build-results/__run-1769148987527.json
Build Debug APK	Build Debug APK	2026-01-23T06:21:14.9028859Z 
Build Debug APK	Build Debug APK	2026-01-23T06:21:14.9028934Z 
Build Debug APK	Build Debug APK	2026-01-23T06:21:14.9040820Z FAILURE: Build failed with an exception.
Build Debug APK	Build Debug APK	2026-01-23T06:21:14.9042094Z [Incubating] Problems report is available at: file:///home/runner/work/Anikku-Mod/Anikku-Mod/build/reports/problems/problems-report.html
Build Debug APK	Build Debug APK	2026-01-23T06:21:14.9043454Z 
Build Debug APK	Build Debug APK	2026-01-23T06:21:14.9043475Z 
Build Debug APK	Build Debug APK	2026-01-23T06:21:14.9065399Z * What went wrong:
Build Debug APK	Build Debug APK	2026-01-23T06:21:14.9065930Z Execution failed for task ':app:compileDebugKotlin'.
Build Debug APK	Build Debug APK	2026-01-23T06:21:14.9067321Z > A failure occurred while executing org.jetbrains.kotlin.compilerRunner.GradleCompilerRunnerWithWorkers$GradleKotlinCompilerWorkAction
Build Debug APK	Build Debug APK	2026-01-23T06:21:14.9068642Z    > Compilation error. See log for more details
Build Debug APK	Build Debug APK	2026-01-23T06:21:14.9069049Z 
Build Debug APK	Build Debug APK	2026-01-23T06:21:14.9069203Z * Try:
Build Debug APK	Build Debug APK	2026-01-23T06:21:14.9069664Z > Run with --stacktrace option to get the stack trace.
Build Debug APK	Build Debug APK	2026-01-23T06:21:14.9070529Z > Run with --info or --debug option to get more log output.
Build Debug APK	Build Debug APK	2026-01-23T06:21:14.9071161Z > Run with --scan to get full insights.
Build Debug APK	Build Debug APK	2026-01-23T06:21:14.9071734Z > Get more help at https://help.gradle.org.
Build Debug APK	Build Debug APK	2026-01-23T06:21:14.9072128Z 
Build Debug APK	Build Debug APK	2026-01-23T06:21:14.9072300Z BUILD FAILED in 4m 53s
Build Debug APK	Build Debug APK	2026-01-23T06:21:14.9073050Z Deprecated Gradle features were used in this build, making it incompatible with Gradle 9.0.
Build Debug APK	Build Debug APK	2026-01-23T06:21:14.9073685Z 
Build Debug APK	Build Debug APK	2026-01-23T06:21:14.9074449Z You can use '--warning-mode all' to show the individual deprecation warnings and determine if they come from your own scripts or plugins.
Build Debug APK	Build Debug APK	2026-01-23T06:21:14.9075415Z 
Build Debug APK	Build Debug APK	2026-01-23T06:21:14.9076178Z For more on this, please refer to https://docs.gradle.org/8.14.3/userguide/command_line_interface.html#sec:command_line_warnings in the Gradle documentation.
Build Debug APK	Build Debug APK	2026-01-23T06:21:14.9077539Z 502 actionable tasks: 421 executed, 81 from cache
Build Debug APK	Build Debug APK	2026-01-23T06:21:15.5955325Z ##[error]Process completed with exit code 1.
Build Debug APK	Post Set up Gradle	ï»¿2026-01-23T06:21:15.6241259Z Post job cleanup.
Build Debug APK	Post Set up Gradle	2026-01-23T06:21:16.2329595Z In post-action step
Build Debug APK	Post Set up Gradle	2026-01-23T06:21:16.2347521Z ##[group]Stopping Gradle daemons
Build Debug APK	Post Set up Gradle	2026-01-23T06:21:16.2351614Z Stopping Gradle daemons for /home/runner/.gradle/wrapper/dists/gradle-8.14.3-bin/cv11ve7ro1n3o1j4so8xd9n66/gradle-8.14.3
Build Debug APK	Post Set up Gradle	2026-01-23T06:21:16.2377270Z [command]/home/runner/.gradle/wrapper/dists/gradle-8.14.3-bin/cv11ve7ro1n3o1j4so8xd9n66/gradle-8.14.3/bin/gradle --stop
Build Debug APK	Post Set up Gradle	2026-01-23T06:21:16.9456084Z No Gradle daemons are running.
Build Debug APK	Post Set up Gradle	2026-01-23T06:21:16.9545914Z ##[endgroup]
Build Debug APK	Post Set up Gradle	2026-01-23T06:21:16.9546891Z Not performing cache-cleanup due to build failure
Build Debug APK	Post Set up Gradle	2026-01-23T06:21:16.9548846Z ##[group]Caching Gradle state
Build Debug APK	Post Set up Gradle	2026-01-23T06:21:17.7413704Z [command]/usr/bin/tar --posix -cf cache.tzst --exclude cache.tzst -P -C /home/runner/work/Anikku-Mod/Anikku-Mod --files-from manifest.txt --use-compress-program zstdmt
Build Debug APK	Post Set up Gradle	2026-01-23T06:21:18.5057840Z [command]/usr/bin/tar --posix -cf cache.tzst --exclude cache.tzst -P -C /home/runner/work/Anikku-Mod/Anikku-Mod --files-from manifest.txt --use-compress-program zstdmt
Build Debug APK	Post Set up Gradle	2026-01-23T06:21:19.5686007Z Sent 1624474 of 1624474 (100.0%), 2.5 MBs/sec
Build Debug APK	Post Set up Gradle	2026-01-23T06:21:19.7821145Z Saved cache entry with key gradle-kotlin-dsl-v1-d5ce47fbc9d0493f4a7821e864c43c3a from /home/runner/.gradle/caches/*/kotlin-dsl/accessors/*/,/home/runner/.gradle/caches/*/kotlin-dsl/scripts/*/ in 2136ms
Build Debug APK	Post Set up Gradle	2026-01-23T06:21:21.8433932Z Sent 0 of 694876965 (0.0%), 0.0 MBs/sec
Build Debug APK	Post Set up Gradle	2026-01-23T06:21:22.8433806Z Sent 536870912 of 694876965 (77.3%), 256.0 MBs/sec
Build Debug APK	Post Set up Gradle	2026-01-23T06:21:23.2053954Z [command]/usr/bin/tar --posix -cf cache.tzst --exclude cache.tzst -P -C /home/runner/work/Anikku-Mod/Anikku-Mod --files-from manifest.txt --use-compress-program zstdmt
Build Debug APK	Post Set up Gradle	2026-01-23T06:21:23.7577998Z Sent 694876965 of 694876965 (100.0%), 227.4 MBs/sec
Build Debug APK	Post Set up Gradle	2026-01-23T06:21:24.1541228Z Saved cache entry with key gradle-dependencies-v1-dc1d4101979d3cbe2cba6aee845c1290 from /home/runner/.gradle/caches/modules-*/files-*/*/*/*/* in 6561ms
Build Debug APK	Post Set up Gradle	2026-01-23T06:21:30.6221129Z Sent 0 of 787934879 (0.0%), 0.0 MBs/sec
Build Debug APK	Post Set up Gradle	2026-01-23T06:21:31.6210647Z Sent 469762048 of 787934879 (59.6%), 223.9 MBs/sec
Build Debug APK	Post Set up Gradle	2026-01-23T06:21:32.6220078Z Sent 653717151 of 787934879 (83.0%), 207.7 MBs/sec
Build Debug APK	Post Set up Gradle	2026-01-23T06:21:33.3267675Z Sent 787934879 of 787934879 (100.0%), 202.7 MBs/sec
Build Debug APK	Post Set up Gradle	2026-01-23T06:21:33.6671235Z Saved cache entry with key gradle-transforms-v1-13635b4c0b6ab75f9cadc09605c6a440 from /home/runner/.gradle/caches/transforms-4/*/,/home/runner/.gradle/caches/*/transforms/*/ in 14126ms
Build Debug APK	Post Set up Gradle	2026-01-23T06:21:35.6974667Z [command]/usr/bin/tar --posix -cf cache.tzst --exclude cache.tzst -P -C /home/runner/work/Anikku-Mod/Anikku-Mod --files-from manifest.txt --use-compress-program zstdmt
Build Debug APK	Post Set up Gradle	2026-01-23T06:21:37.4624631Z Sent 0 of 259017606 (0.0%), 0.0 MBs/sec
Build Debug APK	Post Set up Gradle	2026-01-23T06:21:38.4630896Z Sent 124799878 of 259017606 (48.2%), 59.5 MBs/sec
Build Debug APK	Post Set up Gradle	2026-01-23T06:21:38.9402952Z Sent 259017606 of 259017606 (100.0%), 99.7 MBs/sec
Build Debug APK	Post Set up Gradle	2026-01-23T06:21:39.2283409Z Saved cache entry with key gradle-home-v1|Linux-X64|build-debug[965596241329c6e509da153a9e0a419a]-1cf2beeb4d661a608bc54a20de1469ff404f9e39 from /home/runner/.gradle/caches,/home/runner/.gradle/notifications,/home/runner/.gradle/.setup-gradle in 3542ms
Build Debug APK	Post Set up Gradle	2026-01-23T06:21:39.2286208Z ##[endgroup]
Build Debug APK	Post Set up Gradle	2026-01-23T06:21:39.2291545Z Generating Job Summary
Build Debug APK	Post Set up Gradle	2026-01-23T06:21:39.2307974Z Completed post-action step
Build Debug APK	Post Set up JDK	ï»¿2026-01-23T06:21:39.2468005Z Post job cleanup.
Build Debug APK	Post Clone repo	ï»¿2026-01-23T06:21:39.4136451Z Post job cleanup.
Build Debug APK	Post Clone repo	2026-01-23T06:21:39.5037535Z [command]/usr/bin/git version
Build Debug APK	Post Clone repo	2026-01-23T06:21:39.5073307Z git version 2.52.0
Build Debug APK	Post Clone repo	2026-01-23T06:21:39.5113601Z Temporarily overriding HOME='/home/runner/work/_temp/5ba866fb-68e2-41eb-ad7a-d1d6a9aa807c' before making global git config changes
Build Debug APK	Post Clone repo	2026-01-23T06:21:39.5115041Z Adding repository directory to the temporary git global config as a safe directory
Build Debug APK	Post Clone repo	2026-01-23T06:21:39.5120228Z [command]/usr/bin/git config --global --add safe.directory /home/runner/work/Anikku-Mod/Anikku-Mod
Build Debug APK	Post Clone repo	2026-01-23T06:21:39.5153882Z [command]/usr/bin/git config --local --name-only --get-regexp core\.sshCommand
Build Debug APK	Post Clone repo	2026-01-23T06:21:39.5182136Z [command]/usr/bin/git submodule foreach --recursive sh -c "git config --local --name-only --get-regexp 'core\.sshCommand' && git config --local --unset-all 'core.sshCommand' || :"
Build Debug APK	Post Clone repo	2026-01-23T06:21:39.5421572Z [command]/usr/bin/git config --local --name-only --get-regexp http\.https\:\/\/github\.com\/\.extraheader
Build Debug APK	Post Clone repo	2026-01-23T06:21:39.5430918Z http.https://github.com/.extraheader
Build Debug APK	Post Clone repo	2026-01-23T06:21:39.5442044Z [command]/usr/bin/git config --local --unset-all http.https://github.com/.extraheader
Build Debug APK	Post Clone repo	2026-01-23T06:21:39.5470448Z [command]/usr/bin/git submodule foreach --recursive sh -c "git config --local --name-only --get-regexp 'http\.https\:\/\/github\.com\/\.extraheader' && git config --local --unset-all 'http.https://github.com/.extraheader' || :"
Build Debug APK	Post Clone repo	2026-01-23T06:21:39.5664262Z [command]/usr/bin/git config --local --name-only --get-regexp ^includeIf\.gitdir:
Build Debug APK	Post Clone repo	2026-01-23T06:21:39.5693666Z [command]/usr/bin/git submodule foreach --recursive git config --local --show-origin --name-only --get-regexp remote.origin.url
Build Debug APK	Complete job	ï»¿2026-01-23T06:21:39.6007875Z Cleaning up orphan processes
