Build & Release	Set up job	ï»¿2026-01-23T08:55:30.8037767Z Current runner version: '2.331.0'
Build & Release	Set up job	2026-01-23T08:55:30.8062237Z ##[group]Runner Image Provisioner
Build & Release	Set up job	2026-01-23T08:55:30.8063196Z Hosted Compute Agent
Build & Release	Set up job	2026-01-23T08:55:30.8063714Z Version: 20260115.477
Build & Release	Set up job	2026-01-23T08:55:30.8064298Z Commit: 4b342d620503cbe250a3154040964899ea7c9b00
Build & Release	Set up job	2026-01-23T08:55:30.8065029Z Build Date: 2026-01-15T22:32:41Z
Build & Release	Set up job	2026-01-23T08:55:30.8065638Z Worker ID: {9299d0c3-a38e-4334-8b19-9fa33f271f25}
Build & Release	Set up job	2026-01-23T08:55:30.8066329Z Azure Region: westus3
Build & Release	Set up job	2026-01-23T08:55:30.8066852Z ##[endgroup]
Build & Release	Set up job	2026-01-23T08:55:30.8068472Z ##[group]Operating System
Build & Release	Set up job	2026-01-23T08:55:30.8069079Z Ubuntu
Build & Release	Set up job	2026-01-23T08:55:30.8069618Z 24.04.3
Build & Release	Set up job	2026-01-23T08:55:30.8070052Z LTS
Build & Release	Set up job	2026-01-23T08:55:30.8070540Z ##[endgroup]
Build & Release	Set up job	2026-01-23T08:55:30.8071065Z ##[group]Runner Image
Build & Release	Set up job	2026-01-23T08:55:30.8071593Z Image: ubuntu-24.04
Build & Release	Set up job	2026-01-23T08:55:30.8072092Z Version: 20260119.4.1
Build & Release	Set up job	2026-01-23T08:55:30.8073003Z Included Software: https://github.com/actions/runner-images/blob/ubuntu24/20260119.4/images/ubuntu/Ubuntu2404-Readme.md
Build & Release	Set up job	2026-01-23T08:55:30.8074691Z Image Release: https://github.com/actions/runner-images/releases/tag/ubuntu24%2F20260119.4
Build & Release	Set up job	2026-01-23T08:55:30.8075618Z ##[endgroup]
Build & Release	Set up job	2026-01-23T08:55:30.8076589Z ##[group]GITHUB_TOKEN Permissions
Build & Release	Set up job	2026-01-23T08:55:30.8078492Z Contents: write
Build & Release	Set up job	2026-01-23T08:55:30.8079127Z Metadata: read
Build & Release	Set up job	2026-01-23T08:55:30.8079685Z ##[endgroup]
Build & Release	Set up job	2026-01-23T08:55:30.8081797Z Secret source: Actions
Build & Release	Set up job	2026-01-23T08:55:30.8082600Z Prepare workflow directory
Build & Release	Set up job	2026-01-23T08:55:30.8404181Z Prepare all required actions
Build & Release	Set up job	2026-01-23T08:55:30.8441366Z Getting action download info
Build & Release	Set up job	2026-01-23T08:55:31.3350314Z Download action repository 'actions/checkout@v4' (SHA:34e114876b0b11c390a56381ad16ebd13914f8d5)
Build & Release	Set up job	2026-01-23T08:55:31.4551512Z Download action repository 'actions/setup-java@v4' (SHA:c1e323688fd81a25caa38c78aa6df2d33d3e20d9)
Build & Release	Set up job	2026-01-23T08:55:32.4249727Z Download action repository 'gradle/actions@v4' (SHA:748248ddd2a24f49513d8f472f81c3a07d4d50e1)
Build & Release	Set up job	2026-01-23T08:55:33.9836368Z Download action repository 'actions/upload-artifact@v4' (SHA:ea165f8d65b6e75b540449e92b4886f43607fa02)
Build & Release	Set up job	2026-01-23T08:55:34.4105068Z Download action repository 'softprops/action-gh-release@v1' (SHA:de2c0eb89ae2a093876385947365aca7b0e5f844)
Build & Release	Set up job	2026-01-23T08:55:35.2444106Z Complete job name: Build & Release
Build & Release	Clone repo	ï»¿2026-01-23T08:55:35.3113110Z ##[group]Run actions/checkout@v4
Build & Release	Clone repo	2026-01-23T08:55:35.3113716Z with:
Build & Release	Clone repo	2026-01-23T08:55:35.3113913Z   fetch-depth: 1
Build & Release	Clone repo	2026-01-23T08:55:35.3114127Z   repository: salmanbappi/Anikku-Mod
Build & Release	Clone repo	2026-01-23T08:55:35.3114561Z   token: ***
Build & Release	Clone repo	2026-01-23T08:55:35.3114745Z   ssh-strict: true
Build & Release	Clone repo	2026-01-23T08:55:35.3114925Z   ssh-user: git
Build & Release	Clone repo	2026-01-23T08:55:35.3115117Z   persist-credentials: true
Build & Release	Clone repo	2026-01-23T08:55:35.3115324Z   clean: true
Build & Release	Clone repo	2026-01-23T08:55:35.3115528Z   sparse-checkout-cone-mode: true
Build & Release	Clone repo	2026-01-23T08:55:35.3115762Z   fetch-tags: false
Build & Release	Clone repo	2026-01-23T08:55:35.3115972Z   show-progress: true
Build & Release	Clone repo	2026-01-23T08:55:35.3116157Z   lfs: false
Build & Release	Clone repo	2026-01-23T08:55:35.3116317Z   submodules: false
Build & Release	Clone repo	2026-01-23T08:55:35.3116531Z   set-safe-directory: true
Build & Release	Clone repo	2026-01-23T08:55:35.3116991Z ##[endgroup]
Build & Release	Clone repo	2026-01-23T08:55:35.4186655Z Syncing repository: salmanbappi/Anikku-Mod
Build & Release	Clone repo	2026-01-23T08:55:35.4188023Z ##[group]Getting Git version info
Build & Release	Clone repo	2026-01-23T08:55:35.4188632Z Working directory is '/home/runner/work/Anikku-Mod/Anikku-Mod'
Build & Release	Clone repo	2026-01-23T08:55:35.4189219Z [command]/usr/bin/git version
Build & Release	Clone repo	2026-01-23T08:55:35.4273252Z git version 2.52.0
Build & Release	Clone repo	2026-01-23T08:55:35.4300027Z ##[endgroup]
Build & Release	Clone repo	2026-01-23T08:55:35.4314295Z Temporarily overriding HOME='/home/runner/work/_temp/3fec096a-919b-458d-a94a-e46132f43c43' before making global git config changes
Build & Release	Clone repo	2026-01-23T08:55:35.4315624Z Adding repository directory to the temporary git global config as a safe directory
Build & Release	Clone repo	2026-01-23T08:55:35.4327219Z [command]/usr/bin/git config --global --add safe.directory /home/runner/work/Anikku-Mod/Anikku-Mod
Build & Release	Clone repo	2026-01-23T08:55:35.4367864Z Deleting the contents of '/home/runner/work/Anikku-Mod/Anikku-Mod'
Build & Release	Clone repo	2026-01-23T08:55:35.4371664Z ##[group]Initializing the repository
Build & Release	Clone repo	2026-01-23T08:55:35.4375642Z [command]/usr/bin/git init /home/runner/work/Anikku-Mod/Anikku-Mod
Build & Release	Clone repo	2026-01-23T08:55:35.4485131Z hint: Using 'master' as the name for the initial branch. This default branch name
Build & Release	Clone repo	2026-01-23T08:55:35.4486098Z hint: will change to "main" in Git 3.0. To configure the initial branch name
Build & Release	Clone repo	2026-01-23T08:55:35.4486818Z hint: to use in all of your new repositories, which will suppress this warning,
Build & Release	Clone repo	2026-01-23T08:55:35.4487328Z hint: call:
Build & Release	Clone repo	2026-01-23T08:55:35.4487531Z hint:
Build & Release	Clone repo	2026-01-23T08:55:35.4487965Z hint: 	git config --global init.defaultBranch <name>
Build & Release	Clone repo	2026-01-23T08:55:35.4488573Z hint:
Build & Release	Clone repo	2026-01-23T08:55:35.4488934Z hint: Names commonly chosen instead of 'master' are 'main', 'trunk' and
Build & Release	Clone repo	2026-01-23T08:55:35.4489553Z hint: 'development'. The just-created branch can be renamed via this command:
Build & Release	Clone repo	2026-01-23T08:55:35.4490044Z hint:
Build & Release	Clone repo	2026-01-23T08:55:35.4490268Z hint: 	git branch -m <name>
Build & Release	Clone repo	2026-01-23T08:55:35.4490531Z hint:
Build & Release	Clone repo	2026-01-23T08:55:35.4491100Z hint: Disable this message with "git config set advice.defaultBranchName false"
Build & Release	Clone repo	2026-01-23T08:55:35.4492289Z Initialized empty Git repository in /home/runner/work/Anikku-Mod/Anikku-Mod/.git/
Build & Release	Clone repo	2026-01-23T08:55:35.4502608Z [command]/usr/bin/git remote add origin https://github.com/salmanbappi/Anikku-Mod
Build & Release	Clone repo	2026-01-23T08:55:35.4536759Z ##[endgroup]
Build & Release	Clone repo	2026-01-23T08:55:35.4537169Z ##[group]Disabling automatic garbage collection
Build & Release	Clone repo	2026-01-23T08:55:35.4541267Z [command]/usr/bin/git config --local gc.auto 0
Build & Release	Clone repo	2026-01-23T08:55:35.4570780Z ##[endgroup]
Build & Release	Clone repo	2026-01-23T08:55:35.4571454Z ##[group]Setting up auth
Build & Release	Clone repo	2026-01-23T08:55:35.4578826Z [command]/usr/bin/git config --local --name-only --get-regexp core\.sshCommand
Build & Release	Clone repo	2026-01-23T08:55:35.4609949Z [command]/usr/bin/git submodule foreach --recursive sh -c "git config --local --name-only --get-regexp 'core\.sshCommand' && git config --local --unset-all 'core.sshCommand' || :"
Build & Release	Clone repo	2026-01-23T08:55:35.4975671Z [command]/usr/bin/git config --local --name-only --get-regexp http\.https\:\/\/github\.com\/\.extraheader
Build & Release	Clone repo	2026-01-23T08:55:35.5006211Z [command]/usr/bin/git submodule foreach --recursive sh -c "git config --local --name-only --get-regexp 'http\.https\:\/\/github\.com\/\.extraheader' && git config --local --unset-all 'http.https://github.com/.extraheader' || :"
Build & Release	Clone repo	2026-01-23T08:55:35.5226666Z [command]/usr/bin/git config --local --name-only --get-regexp ^includeIf\.gitdir:
Build & Release	Clone repo	2026-01-23T08:55:35.5258794Z [command]/usr/bin/git submodule foreach --recursive git config --local --show-origin --name-only --get-regexp remote.origin.url
Build & Release	Clone repo	2026-01-23T08:55:35.5498592Z [command]/usr/bin/git config --local http.https://github.com/.extraheader AUTHORIZATION: basic ***
Build & Release	Clone repo	2026-01-23T08:55:35.5532589Z ##[endgroup]
Build & Release	Clone repo	2026-01-23T08:55:35.5533294Z ##[group]Fetching the repository
Build & Release	Clone repo	2026-01-23T08:55:35.5542196Z [command]/usr/bin/git -c protocol.version=2 fetch --no-tags --prune --no-recurse-submodules --depth=1 origin +3a71e8e43567dd337dccde9d1b43a6f30cfca0c8:refs/remotes/origin/master
Build & Release	Clone repo	2026-01-23T08:55:36.4172862Z From https://github.com/salmanbappi/Anikku-Mod
Build & Release	Clone repo	2026-01-23T08:55:36.4245468Z  * [new ref]         3a71e8e43567dd337dccde9d1b43a6f30cfca0c8 -> origin/master
Build & Release	Clone repo	2026-01-23T08:55:36.4248236Z ##[endgroup]
Build & Release	Clone repo	2026-01-23T08:55:36.4249206Z ##[group]Determining the checkout info
Build & Release	Clone repo	2026-01-23T08:55:36.4249900Z ##[endgroup]
Build & Release	Clone repo	2026-01-23T08:55:36.4250329Z [command]/usr/bin/git sparse-checkout disable
Build & Release	Clone repo	2026-01-23T08:55:36.4256975Z [command]/usr/bin/git config --local --unset-all extensions.worktreeConfig
Build & Release	Clone repo	2026-01-23T08:55:36.4283815Z ##[group]Checking out the ref
Build & Release	Clone repo	2026-01-23T08:55:36.4287735Z [command]/usr/bin/git checkout --progress --force -B master refs/remotes/origin/master
Build & Release	Clone repo	2026-01-23T08:55:36.5792795Z Reset branch 'master'
Build & Release	Clone repo	2026-01-23T08:55:36.5793450Z branch 'master' set up to track 'origin/master'.
Build & Release	Clone repo	2026-01-23T08:55:36.5804941Z ##[endgroup]
Build & Release	Clone repo	2026-01-23T08:55:36.5842921Z [command]/usr/bin/git log -1 --format=%H
Build & Release	Clone repo	2026-01-23T08:55:36.5865228Z 3a71e8e43567dd337dccde9d1b43a6f30cfca0c8
Build & Release	Set up JDK	ï»¿2026-01-23T08:55:36.6099628Z ##[group]Run actions/setup-java@v4
Build & Release	Set up JDK	2026-01-23T08:55:36.6099970Z with:
Build & Release	Set up JDK	2026-01-23T08:55:36.6100141Z   java-version: 17
Build & Release	Set up JDK	2026-01-23T08:55:36.6100538Z   distribution: temurin
Build & Release	Set up JDK	2026-01-23T08:55:36.6100738Z   java-package: jdk
Build & Release	Set up JDK	2026-01-23T08:55:36.6100927Z   check-latest: false
Build & Release	Set up JDK	2026-01-23T08:55:36.6101108Z   server-id: github
Build & Release	Set up JDK	2026-01-23T08:55:36.6101295Z   server-username: GITHUB_ACTOR
Build & Release	Set up JDK	2026-01-23T08:55:36.6101526Z   server-password: GITHUB_TOKEN
Build & Release	Set up JDK	2026-01-23T08:55:36.6101743Z   overwrite-settings: true
Build & Release	Set up JDK	2026-01-23T08:55:36.6101946Z   job-status: success
Build & Release	Set up JDK	2026-01-23T08:55:36.6102253Z   token: ***
Build & Release	Set up JDK	2026-01-23T08:55:36.6102431Z ##[endgroup]
Build & Release	Set up JDK	2026-01-23T08:55:36.8174138Z ##[group]Installed distributions
Build & Release	Set up JDK	2026-01-23T08:55:36.8627557Z Resolved Java 17.0.17+10 from tool-cache
Build & Release	Set up JDK	2026-01-23T08:55:36.8628521Z Setting Java 17.0.17+10 as the default
Build & Release	Set up JDK	2026-01-23T08:55:36.8641695Z Creating toolchains.xml for JDK version 17 from temurin
Build & Release	Set up JDK	2026-01-23T08:55:36.8718298Z Writing to /home/runner/.m2/toolchains.xml
Build & Release	Set up JDK	2026-01-23T08:55:36.8718753Z 
Build & Release	Set up JDK	2026-01-23T08:55:36.8719057Z Java configuration:
Build & Release	Set up JDK	2026-01-23T08:55:36.8720625Z   Distribution: temurin
Build & Release	Set up JDK	2026-01-23T08:55:36.8721001Z   Version: 17.0.17+10
Build & Release	Set up JDK	2026-01-23T08:55:36.8721648Z   Path: /opt/hostedtoolcache/Java_Temurin-Hotspot_jdk/17.0.17-10/x64
Build & Release	Set up JDK	2026-01-23T08:55:36.8722123Z 
Build & Release	Set up JDK	2026-01-23T08:55:36.8722686Z ##[endgroup]
Build & Release	Set up JDK	2026-01-23T08:55:36.8737817Z Creating settings.xml with server-id: github
Build & Release	Set up JDK	2026-01-23T08:55:36.8743790Z Writing to /home/runner/.m2/settings.xml
Build & Release	Set up Gradle	ï»¿2026-01-23T08:55:36.8982685Z ##[group]Run gradle/actions/setup-gradle@v4
Build & Release	Set up Gradle	2026-01-23T08:55:36.8983009Z with:
Build & Release	Set up Gradle	2026-01-23T08:55:36.8983183Z   cache-disabled: false
Build & Release	Set up Gradle	2026-01-23T08:55:36.8983392Z   cache-read-only: false
Build & Release	Set up Gradle	2026-01-23T08:55:36.8983594Z   cache-write-only: false
Build & Release	Set up Gradle	2026-01-23T08:55:36.8983815Z   cache-overwrite-existing: false
Build & Release	Set up Gradle	2026-01-23T08:55:36.8984067Z   cache-cleanup: on-success
Build & Release	Set up Gradle	2026-01-23T08:55:36.8984336Z   gradle-home-cache-includes: caches
Build & Release	Set up Gradle	notifications
Build & Release	Set up Gradle	
Build & Release	Set up Gradle	2026-01-23T08:55:36.8984642Z   add-job-summary: always
Build & Release	Set up Gradle	2026-01-23T08:55:36.8984862Z   add-job-summary-as-pr-comment: never
Build & Release	Set up Gradle	2026-01-23T08:55:36.8985121Z   dependency-graph: disabled
Build & Release	Set up Gradle	2026-01-23T08:55:36.8985398Z   dependency-graph-report-dir: dependency-graph-reports
Build & Release	Set up Gradle	2026-01-23T08:55:36.8985758Z   dependency-graph-continue-on-failure: true
Build & Release	Set up Gradle	2026-01-23T08:55:36.8986027Z   build-scan-publish: false
Build & Release	Set up Gradle	2026-01-23T08:55:36.8986243Z   validate-wrappers: true
Build & Release	Set up Gradle	2026-01-23T08:55:36.8986458Z   allow-snapshot-wrappers: false
Build & Release	Set up Gradle	2026-01-23T08:55:36.8986707Z   gradle-home-cache-strict-match: false
Build & Release	Set up Gradle	2026-01-23T08:55:36.8987014Z   workflow-job-context: null
Build & Release	Set up Gradle	2026-01-23T08:55:36.8987387Z   github-token: ***
Build & Release	Set up Gradle	2026-01-23T08:55:36.8987574Z env:
Build & Release	Set up Gradle	2026-01-23T08:55:36.8987843Z   JAVA_HOME: /opt/hostedtoolcache/Java_Temurin-Hotspot_jdk/17.0.17-10/x64
Build & Release	Set up Gradle	2026-01-23T08:55:36.8988473Z   JAVA_HOME_17_X64: /opt/hostedtoolcache/Java_Temurin-Hotspot_jdk/17.0.17-10/x64
Build & Release	Set up Gradle	2026-01-23T08:55:36.8988822Z ##[endgroup]
Build & Release	Set up Gradle	2026-01-23T08:55:38.0360911Z Merged default JDK locations into /home/runner/.m2/toolchains.xml
Build & Release	Set up Gradle	2026-01-23T08:55:38.0362968Z Preparing cache for cleanup.
Build & Release	Set up Gradle	2026-01-23T08:55:38.0367163Z ##[group]Restore Gradle state from cache
Build & Release	Set up Gradle	2026-01-23T08:55:38.2596284Z Cache hit for restore-key: gradle-home-v1|Linux-X64|build-debug[965596241329c6e509da153a9e0a419a]-1815b056e71a4b420b1292267e3342433127038e
Build & Release	Set up Gradle	2026-01-23T08:55:39.5154488Z Received 29360128 of 130863688 (22.4%), 27.9 MBs/sec
Build & Release	Set up Gradle	2026-01-23T08:55:40.0769112Z Received 130863688 of 130863688 (100.0%), 79.8 MBs/sec
Build & Release	Set up Gradle	2026-01-23T08:55:40.0771709Z Cache Size: ~125 MB (130863688 B)
Build & Release	Set up Gradle	2026-01-23T08:55:40.0808771Z [command]/usr/bin/tar -xf /home/runner/work/_temp/9ed34067-4784-4418-8c50-2bf10ca4b6eb/cache.tzst -P -C /home/runner/work/Anikku-Mod/Anikku-Mod --use-compress-program unzstd
Build & Release	Set up Gradle	2026-01-23T08:55:40.5216744Z Cache restored successfully
Build & Release	Set up Gradle	2026-01-23T08:55:40.5466301Z Restored cache entry with key gradle-home-v1|Linux-X64|build-debug[965596241329c6e509da153a9e0a419a]-3a71e8e43567dd337dccde9d1b43a6f30cfca0c8 to /home/runner/.gradle/caches,/home/runner/.gradle/notifications,/home/runner/.gradle/.setup-gradle in 2509ms
Build & Release	Set up Gradle	2026-01-23T08:55:40.7579719Z Cache hit for: gradle-instrumented-jars-v1-378ee90361d1db5b49c9aec129fbc748
Build & Release	Set up Gradle	2026-01-23T08:55:40.7732047Z Cache hit for: gradle-dependencies-v1-98f314e8c8679f8838a6f2138114d27c
Build & Release	Set up Gradle	2026-01-23T08:55:40.7752165Z Cache hit for: gradle-generated-gradle-jars-v1-4434c59050703a48bf14168622b59891
Build & Release	Set up Gradle	2026-01-23T08:55:40.7770162Z Cache hit for: gradle-groovy-dsl-v1-90f5a438fa72a8945020aa0158ae163a
Build & Release	Set up Gradle	2026-01-23T08:55:40.7775799Z Cache hit for: gradle-kotlin-dsl-v1-d5ce47fbc9d0493f4a7821e864c43c3a
Build & Release	Set up Gradle	2026-01-23T08:55:40.7811522Z Cache hit for: gradle-wrapper-zips-v1-5ae5d3da5e8e0c748d04bcdd9bc97bdb
Build & Release	Set up Gradle	2026-01-23T08:55:40.7817829Z Cache hit for: gradle-transforms-v1-25e794b93b4189c19070f5a16b7e0b40
Build & Release	Set up Gradle	2026-01-23T08:55:41.3402118Z Received 121723 of 121723 (100.0%), 0.3 MBs/sec
Build & Release	Set up Gradle	2026-01-23T08:55:41.3402953Z Cache Size: ~0 MB (121723 B)
Build & Release	Set up Gradle	2026-01-23T08:55:41.3425912Z [command]/usr/bin/tar -xf /home/runner/work/_temp/2f091085-a584-4a24-b49d-fc23e8eff05b/cache.tzst -P -C /home/runner/work/Anikku-Mod/Anikku-Mod --use-compress-program unzstd
Build & Release	Set up Gradle	2026-01-23T08:55:41.3564824Z Cache restored successfully
Build & Release	Set up Gradle	2026-01-23T08:55:41.3572483Z Restored cache entry with key gradle-instrumented-jars-v1-378ee90361d1db5b49c9aec129fbc748 to /home/runner/.gradle/caches/jars-*/*/ in 809ms
Build & Release	Set up Gradle	2026-01-23T08:55:41.4884817Z Received 187732 of 187732 (100.0%), 0.4 MBs/sec
Build & Release	Set up Gradle	2026-01-23T08:55:41.4885585Z Cache Size: ~0 MB (187732 B)
Build & Release	Set up Gradle	2026-01-23T08:55:41.4912174Z [command]/usr/bin/tar -xf /home/runner/work/_temp/64663444-ddb2-4b10-8548-d576987eacc9/cache.tzst -P -C /home/runner/work/Anikku-Mod/Anikku-Mod --use-compress-program unzstd
Build & Release	Set up Gradle	2026-01-23T08:55:41.5137086Z Cache restored successfully
Build & Release	Set up Gradle	2026-01-23T08:55:41.5139469Z Restored cache entry with key gradle-groovy-dsl-v1-90f5a438fa72a8945020aa0158ae163a to /home/runner/.gradle/caches/*/groovy-dsl/*/ in 965ms
Build & Release	Set up Gradle	2026-01-23T08:55:41.7132682Z Received 1624474 of 1624474 (100.0%), 2.2 MBs/sec
Build & Release	Set up Gradle	2026-01-23T08:55:41.7133510Z Cache Size: ~2 MB (1624474 B)
Build & Release	Set up Gradle	2026-01-23T08:55:41.7767209Z [command]/usr/bin/tar -xf /home/runner/work/_temp/20bd28a1-7b5f-43be-b15b-34b7d3cb1f59/cache.tzst -P -C /home/runner/work/Anikku-Mod/Anikku-Mod --use-compress-program unzstd
Build & Release	Set up Gradle	2026-01-23T08:55:42.0287120Z Received 29360128 of 136706942 (21.5%), 27.6 MBs/sec
Build & Release	Set up Gradle	2026-01-23T08:55:42.0532645Z Received 29360128 of 789016259 (3.7%), 27.5 MBs/sec
Build & Release	Set up Gradle	2026-01-23T08:55:42.0535137Z Received 16777216 of 41092997 (40.8%), 16.0 MBs/sec
Build & Release	Set up Gradle	2026-01-23T08:55:42.0905026Z Received 25165824 of 685696080 (3.7%), 23.4 MBs/sec
Build & Release	Set up Gradle	2026-01-23T08:55:42.2907501Z Received 41092997 of 41092997 (100.0%), 31.6 MBs/sec
Build & Release	Set up Gradle	2026-01-23T08:55:42.2910594Z Cache Size: ~39 MB (41092997 B)
Build & Release	Set up Gradle	2026-01-23T08:55:42.4555653Z [command]/usr/bin/tar -xf /home/runner/work/_temp/3ce080b4-847c-48d2-9b73-1ae9c11c98cd/cache.tzst -P -C /home/runner/work/Anikku-Mod/Anikku-Mod --use-compress-program unzstd
Build & Release	Set up Gradle	2026-01-23T08:55:42.6502639Z Cache restored successfully
Build & Release	Set up Gradle	2026-01-23T08:55:42.6859340Z Restored cache entry with key gradle-kotlin-dsl-v1-d5ce47fbc9d0493f4a7821e864c43c3a to /home/runner/.gradle/caches/*/kotlin-dsl/accessors/*/,/home/runner/.gradle/caches/*/kotlin-dsl/scripts/*/ in 2137ms
Build & Release	Set up Gradle	2026-01-23T08:55:42.9744606Z Cache restored successfully
Build & Release	Set up Gradle	2026-01-23T08:55:42.9949612Z Restored cache entry with key gradle-generated-gradle-jars-v1-4434c59050703a48bf14168622b59891 to /home/runner/.gradle/caches/8.14.3/generated-gradle-jars/gradle-api-8.14.3.jar in 2447ms
Build & Release	Set up Gradle	2026-01-23T08:55:43.0288734Z Received 134217728 of 136706942 (98.2%), 63.6 MBs/sec
Build & Release	Set up Gradle	2026-01-23T08:55:43.0577346Z Received 121634816 of 789016259 (15.4%), 57.4 MBs/sec
Build & Release	Set up Gradle	2026-01-23T08:55:43.0908799Z Received 125829120 of 685696080 (18.4%), 59.2 MBs/sec
Build & Release	Set up Gradle	2026-01-23T08:55:43.1106034Z Received 136706942 of 136706942 (100.0%), 62.2 MBs/sec
Build & Release	Set up Gradle	2026-01-23T08:55:43.1108904Z Cache Size: ~130 MB (136706942 B)
Build & Release	Set up Gradle	2026-01-23T08:55:43.1172141Z [command]/usr/bin/tar -xf /home/runner/work/_temp/152b6a1c-694c-44c0-92c0-cf9aaa86c0b7/cache.tzst -P -C /home/runner/work/Anikku-Mod/Anikku-Mod --use-compress-program unzstd
Build & Release	Set up Gradle	2026-01-23T08:55:43.3975493Z Cache restored successfully
Build & Release	Set up Gradle	2026-01-23T08:55:43.4280473Z Restored cache entry with key gradle-wrapper-zips-v1-5ae5d3da5e8e0c748d04bcdd9bc97bdb to /home/runner/.gradle/wrapper/dists/gradle-8.14.3-bin/cv11ve7ro1n3o1j4so8xd9n66 in 2880ms
Build & Release	Set up Gradle	2026-01-23T08:55:44.0602133Z Received 234881024 of 789016259 (29.8%), 74.1 MBs/sec
Build & Release	Set up Gradle	2026-01-23T08:55:44.0981094Z Received 213909504 of 685696080 (31.2%), 67.3 MBs/sec
Build & Release	Set up Gradle	2026-01-23T08:55:45.0628540Z Received 377487360 of 789016259 (47.8%), 89.4 MBs/sec
Build & Release	Set up Gradle	2026-01-23T08:55:45.0986285Z Received 318767104 of 685696080 (46.5%), 75.4 MBs/sec
Build & Release	Set up Gradle	2026-01-23T08:55:46.0626477Z Received 482344960 of 789016259 (61.1%), 91.5 MBs/sec
Build & Release	Set up Gradle	2026-01-23T08:55:46.1632531Z Received 402653184 of 685696080 (58.7%), 75.3 MBs/sec
Build & Release	Set up Gradle	2026-01-23T08:55:47.0624714Z Received 603979776 of 789016259 (76.5%), 95.6 MBs/sec
Build & Release	Set up Gradle	2026-01-23T08:55:47.1639424Z Received 507510784 of 685696080 (74.0%), 79.4 MBs/sec
Build & Release	Set up Gradle	2026-01-23T08:55:48.0628888Z Received 742391808 of 789016259 (94.1%), 100.8 MBs/sec
Build & Release	Set up Gradle	2026-01-23T08:55:48.1641736Z Received 574619648 of 685696080 (83.8%), 77.2 MBs/sec
Build & Release	Set up Gradle	2026-01-23T08:55:48.3595018Z Received 789016259 of 789016259 (100.0%), 102.7 MBs/sec
Build & Release	Set up Gradle	2026-01-23T08:55:48.3598691Z Cache Size: ~752 MB (789016259 B)
Build & Release	Set up Gradle	2026-01-23T08:55:48.3918966Z [command]/usr/bin/tar -xf /home/runner/work/_temp/67ac7d40-ade5-413d-bc09-3a9d35abcdf0/cache.tzst -P -C /home/runner/work/Anikku-Mod/Anikku-Mod --use-compress-program unzstd
Build & Release	Set up Gradle	2026-01-23T08:55:49.1648892Z Received 671088640 of 685696080 (97.9%), 79.0 MBs/sec
Build & Release	Set up Gradle	2026-01-23T08:55:49.7857494Z Received 685696080 of 685696080 (100.0%), 75.0 MBs/sec
Build & Release	Set up Gradle	2026-01-23T08:55:49.7858974Z Cache Size: ~654 MB (685696080 B)
Build & Release	Set up Gradle	2026-01-23T08:55:49.7883112Z [command]/usr/bin/tar -xf /home/runner/work/_temp/b9d7f09f-297b-40b7-89f9-923646afd17f/cache.tzst -P -C /home/runner/work/Anikku-Mod/Anikku-Mod --use-compress-program unzstd
Build & Release	Set up Gradle	2026-01-23T08:55:52.0730430Z Cache restored successfully
Build & Release	Set up Gradle	2026-01-23T08:55:52.2359539Z Restored cache entry with key gradle-dependencies-v1-98f314e8c8679f8838a6f2138114d27c to /home/runner/.gradle/caches/modules-*/files-*/*/*/*/* in 11688ms
Build & Release	Set up Gradle	2026-01-23T08:55:57.8766865Z Cache restored successfully
Build & Release	Set up Gradle	2026-01-23T08:55:58.0432763Z Restored cache entry with key gradle-transforms-v1-25e794b93b4189c19070f5a16b7e0b40 to /home/runner/.gradle/caches/transforms-4/*/,/home/runner/.gradle/caches/*/transforms/*/ in 17494ms
Build & Release	Set up Gradle	2026-01-23T08:55:58.0525019Z ##[endgroup]
Build & Release	Set up Gradle	2026-01-23T08:55:58.1036476Z ##[group]All Gradle Wrapper jars are valid
Build & Release	Set up Gradle	2026-01-23T08:55:58.1037682Z âœ“ Found known Gradle Wrapper JAR files:
Build & Release	Set up Gradle	2026-01-23T08:55:58.1038858Z   7d3a4ac4de1c32b59bc6a4eb8ecb8e612ccd0cf1ae1e99f66902da64df296172 gradle/wrapper/gradle-wrapper.jar
Build & Release	Set up Gradle	2026-01-23T08:55:58.1040133Z ##[endgroup]
Build & Release	Build Debug APK	ï»¿2026-01-23T08:55:58.1239350Z ##[group]Run ./gradlew assembleDebug -Pinclude-telemetry=false -Penable-updater=false --no-daemon
Build & Release	Build Debug APK	2026-01-23T08:55:58.1240208Z [36;1m./gradlew assembleDebug -Pinclude-telemetry=false -Penable-updater=false --no-daemon[0m
Build & Release	Build Debug APK	2026-01-23T08:55:58.1273530Z shell: /usr/bin/bash -e {0}
Build & Release	Build Debug APK	2026-01-23T08:55:58.1273833Z env:
Build & Release	Build Debug APK	2026-01-23T08:55:58.1274181Z   JAVA_HOME: /opt/hostedtoolcache/Java_Temurin-Hotspot_jdk/17.0.17-10/x64
Build & Release	Build Debug APK	2026-01-23T08:55:58.1274741Z   JAVA_HOME_17_X64: /opt/hostedtoolcache/Java_Temurin-Hotspot_jdk/17.0.17-10/x64
Build & Release	Build Debug APK	2026-01-23T08:55:58.1275220Z   GRADLE_ACTION_ID: gradle/actions/setup-gradle
Build & Release	Build Debug APK	2026-01-23T08:55:58.1275556Z   GRADLE_USER_HOME: /home/runner/.gradle
Build & Release	Build Debug APK	2026-01-23T08:55:58.1275866Z   GRADLE_BUILD_ACTION_SETUP_COMPLETED: true
Build & Release	Build Debug APK	2026-01-23T08:55:58.1276182Z   GRADLE_BUILD_ACTION_CACHE_RESTORED: true
Build & Release	Build Debug APK	2026-01-23T08:55:58.1276665Z   DEVELOCITY_INJECTION_INIT_SCRIPT_NAME: gradle-actions.inject-develocity.init.gradle
Build & Release	Build Debug APK	2026-01-23T08:55:58.1277188Z   DEVELOCITY_INJECTION_CUSTOM_VALUE: gradle-actions
Build & Release	Build Debug APK	2026-01-23T08:55:58.1295702Z   GITHUB_DEPENDENCY_GRAPH_ENABLED: false
Build & Release	Build Debug APK	2026-01-23T08:55:58.1296009Z ##[endgroup]
Build & Release	Build Debug APK	2026-01-23T08:55:59.4834882Z To honour the JVM settings for this build a single-use Daemon process will be forked. For more on this, please refer to https://docs.gradle.org/8.14.3/userguide/gradle_daemon.html#sec:disabling_the_daemon in the Gradle documentation.
Build & Release	Build Debug APK	2026-01-23T08:56:00.8825308Z Daemon will be stopped at the end of the build 
Build & Release	Build Debug APK	2026-01-23T08:56:01.1825399Z Configuration on demand is an incubating feature.
Build & Release	Build Debug APK	2026-01-23T08:56:05.0831581Z Type-safe project accessors is an incubating feature.
Build & Release	Build Debug APK	2026-01-23T08:56:08.2841158Z > Task :buildSrc:checkKotlinGradlePluginConfigurationErrors SKIPPED
Build & Release	Build Debug APK	2026-01-23T08:56:08.4862512Z > Task :buildSrc:generateExternalPluginSpecBuilders FROM-CACHE
Build & Release	Build Debug APK	2026-01-23T08:56:08.4868764Z > Task :buildSrc:extractPrecompiledScriptPluginPlugins FROM-CACHE
Build & Release	Build Debug APK	2026-01-23T08:56:08.6837496Z > Task :buildSrc:compilePluginsBlocks FROM-CACHE
Build & Release	Build Debug APK	2026-01-23T08:56:08.9833968Z > Task :buildSrc:generatePrecompiledScriptPluginAccessors FROM-CACHE
Build & Release	Build Debug APK	2026-01-23T08:56:09.0826357Z > Task :buildSrc:generateScriptPluginAdapters FROM-CACHE
Build & Release	Build Debug APK	2026-01-23T08:56:09.4827468Z > Task :buildSrc:compileKotlin FROM-CACHE
Build & Release	Build Debug APK	2026-01-23T08:56:09.4829327Z > Task :buildSrc:compileJava NO-SOURCE
Build & Release	Build Debug APK	2026-01-23T08:56:09.4829906Z > Task :buildSrc:compileGroovy NO-SOURCE
Build & Release	Build Debug APK	2026-01-23T08:56:09.4833667Z > Task :buildSrc:pluginDescriptors
Build & Release	Build Debug APK	2026-01-23T08:56:09.5834954Z > Task :buildSrc:processResources
Build & Release	Build Debug APK	2026-01-23T08:56:09.5839820Z > Task :buildSrc:classes
Build & Release	Build Debug APK	2026-01-23T08:56:09.8835592Z > Task :buildSrc:jar
Build & Release	Build Debug APK	2026-01-23T08:56:19.9865761Z > Task :core-metadata:preBuild UP-TO-DATE
Build & Release	Build Debug APK	2026-01-23T08:56:19.9866580Z > Task :domain:preBuild UP-TO-DATE
Build & Release	Build Debug APK	2026-01-23T08:56:19.9867157Z > Task :core-metadata:preDebugBuild UP-TO-DATE
Build & Release	Build Debug APK	2026-01-23T08:56:19.9867711Z > Task :data:preBuild UP-TO-DATE
Build & Release	Build Debug APK	2026-01-23T08:56:19.9868407Z > Task :domain:preDebugBuild UP-TO-DATE
Build & Release	Build Debug APK	2026-01-23T08:56:19.9868932Z > Task :data:preDebugBuild UP-TO-DATE
Build & Release	Build Debug APK	2026-01-23T08:56:19.9869570Z > Task :core-metadata:generateDebugResValues FROM-CACHE
Build & Release	Build Debug APK	2026-01-23T08:56:19.9870293Z > Task :domain:generateDebugResValues FROM-CACHE
Build & Release	Build Debug APK	2026-01-23T08:56:19.9870953Z > Task :data:generateDebugResValues FROM-CACHE
Build & Release	Build Debug APK	2026-01-23T08:56:20.0836048Z > Task :core-metadata:generateDebugResources FROM-CACHE
Build & Release	Build Debug APK	2026-01-23T08:56:20.0837242Z > Task :domain:generateDebugResources FROM-CACHE
Build & Release	Build Debug APK	2026-01-23T08:56:20.0838307Z > Task :data:generateDebugResources FROM-CACHE
Build & Release	Build Debug APK	2026-01-23T08:56:20.0839166Z > Task :data:packageDebugResources FROM-CACHE
Build & Release	Build Debug APK	2026-01-23T08:56:20.0840051Z > Task :domain:packageDebugResources FROM-CACHE
Build & Release	Build Debug APK	2026-01-23T08:56:20.0843163Z > Task :flagkit:preBuild UP-TO-DATE
Build & Release	Build Debug APK	2026-01-23T08:56:20.0844027Z > Task :i18n:generateLocalesConfig UP-TO-DATE
Build & Release	Build Debug APK	2026-01-23T08:56:20.0845004Z > Task :flagkit:preDebugBuild UP-TO-DATE
Build & Release	Build Debug APK	2026-01-23T08:56:20.0845646Z > Task :flagkit:generateDebugResValues FROM-CACHE
Build & Release	Build Debug APK	2026-01-23T08:56:20.1845328Z > Task :flagkit:generateDebugResources FROM-CACHE
Build & Release	Build Debug APK	2026-01-23T08:56:20.1846477Z > Task :i18n:generateMRcommonMain FROM-CACHE
Build & Release	Build Debug APK	2026-01-23T08:56:20.1847598Z > Task :i18n:generateMRandroidDebug SKIPPED
Build & Release	Build Debug APK	2026-01-23T08:56:20.1848530Z > Task :flagkit:packageDebugResources FROM-CACHE
Build & Release	Build Debug APK	2026-01-23T08:56:20.2826224Z > Task :i18n-ank:generateMRcommonMain FROM-CACHE
Build & Release	Build Debug APK	2026-01-23T08:56:20.2827548Z > Task :i18n-ank:generateMRandroidDebug SKIPPED
Build & Release	Build Debug APK	2026-01-23T08:56:20.2828664Z > Task :i18n-ank:generateMRandroidInstrumentedTest FROM-CACHE
Build & Release	Build Debug APK	2026-01-23T08:56:20.2829590Z > Task :i18n-ank:generateMRandroidInstrumentedTestDebug SKIPPED
Build & Release	Build Debug APK	2026-01-23T08:56:20.2830495Z > Task :i18n-ank:generateMRandroidMain FROM-CACHE
Build & Release	Build Debug APK	2026-01-23T08:56:20.2832405Z > Task :i18n-ank:generateMRandroidRelease SKIPPED
Build & Release	Build Debug APK	2026-01-23T08:56:20.5873105Z > Task :core-metadata:packageDebugResources FROM-CACHE
Build & Release	Build Debug APK	2026-01-23T08:56:20.5875008Z > Task :i18n:generateMRandroidInstrumentedTest FROM-CACHE
Build & Release	Build Debug APK	2026-01-23T08:56:20.5876147Z > Task :i18n:generateMRandroidInstrumentedTestDebug SKIPPED
Build & Release	Build Debug APK	2026-01-23T08:56:20.5878031Z > Task :i18n-ank:generateMRcommonTest FROM-CACHE
Build & Release	Build Debug APK	2026-01-23T08:56:20.5878940Z > Task :i18n-ank:generateMRandroidUnitTest FROM-CACHE
Build & Release	Build Debug APK	2026-01-23T08:56:20.5879701Z > Task :i18n-ank:generateMRandroidUnitTestDebug SKIPPED
Build & Release	Build Debug APK	2026-01-23T08:56:20.5880455Z > Task :i18n-ank:generateMRandroidUnitTestRelease SKIPPED
Build & Release	Build Debug APK	2026-01-23T08:56:20.5881110Z > Task :i18n-ank:preBuild UP-TO-DATE
Build & Release	Build Debug APK	2026-01-23T08:56:20.5881658Z > Task :i18n-ank:preDebugBuild UP-TO-DATE
Build & Release	Build Debug APK	2026-01-23T08:56:20.5882276Z > Task :i18n-ank:generateDebugResValues FROM-CACHE
Build & Release	Build Debug APK	2026-01-23T08:56:20.5882927Z > Task :i18n-kmk:generateMRcommonMain FROM-CACHE
Build & Release	Build Debug APK	2026-01-23T08:56:20.5883904Z > Task :i18n-kmk:generateMRandroidDebug SKIPPED
Build & Release	Build Debug APK	2026-01-23T08:56:20.5884584Z > Task :i18n-ank:generateDebugResources FROM-CACHE
Build & Release	Build Debug APK	2026-01-23T08:56:20.5885367Z > Task :i18n-kmk:generateMRandroidInstrumentedTest FROM-CACHE
Build & Release	Build Debug APK	2026-01-23T08:56:20.5886228Z > Task :i18n-kmk:generateMRandroidInstrumentedTestDebug SKIPPED
Build & Release	Build Debug APK	2026-01-23T08:56:20.6835067Z > Task :i18n-kmk:generateMRandroidMain FROM-CACHE
Build & Release	Build Debug APK	2026-01-23T08:56:20.6836382Z > Task :i18n-kmk:generateMRandroidRelease SKIPPED
Build & Release	Build Debug APK	2026-01-23T08:56:20.6837306Z > Task :i18n-kmk:generateMRcommonTest FROM-CACHE
Build & Release	Build Debug APK	2026-01-23T08:56:20.6843199Z > Task :i18n-ank:packageDebugResources FROM-CACHE
Build & Release	Build Debug APK	2026-01-23T08:56:20.6861999Z > Task :i18n-kmk:generateMRandroidUnitTest FROM-CACHE
Build & Release	Build Debug APK	2026-01-23T08:56:20.6863123Z > Task :i18n-kmk:generateMRandroidUnitTestDebug SKIPPED
Build & Release	Build Debug APK	2026-01-23T08:56:20.6864062Z > Task :i18n-kmk:generateMRandroidUnitTestRelease SKIPPED
Build & Release	Build Debug APK	2026-01-23T08:56:20.6864838Z > Task :i18n-kmk:preBuild UP-TO-DATE
Build & Release	Build Debug APK	2026-01-23T08:56:20.6865395Z > Task :i18n-kmk:preDebugBuild UP-TO-DATE
Build & Release	Build Debug APK	2026-01-23T08:56:20.6866019Z > Task :i18n-kmk:generateDebugResValues FROM-CACHE
Build & Release	Build Debug APK	2026-01-23T08:56:20.6866709Z > Task :i18n-kmk:generateDebugResources FROM-CACHE
Build & Release	Build Debug APK	2026-01-23T08:56:20.6867388Z > Task :i18n-sy:generateMRcommonMain FROM-CACHE
Build & Release	Build Debug APK	2026-01-23T08:56:20.6868037Z > Task :i18n-sy:generateMRandroidDebug SKIPPED
Build & Release	Build Debug APK	2026-01-23T08:56:20.6868952Z > Task :i18n-sy:generateMRandroidInstrumentedTest FROM-CACHE
Build & Release	Build Debug APK	2026-01-23T08:56:20.6869819Z > Task :i18n-sy:generateMRandroidInstrumentedTestDebug SKIPPED
Build & Release	Build Debug APK	2026-01-23T08:56:20.7872489Z > Task :i18n-kmk:packageDebugResources FROM-CACHE
Build & Release	Build Debug APK	2026-01-23T08:56:20.7875798Z > Task :presentation-core:preBuild UP-TO-DATE
Build & Release	Build Debug APK	2026-01-23T08:56:20.7876501Z > Task :presentation-core:preDebugBuild UP-TO-DATE
Build & Release	Build Debug APK	2026-01-23T08:56:20.7877253Z > Task :presentation-core:generateDebugResValues FROM-CACHE
Build & Release	Build Debug APK	2026-01-23T08:56:20.7878052Z > Task :presentation-core:generateDebugResources FROM-CACHE
Build & Release	Build Debug APK	2026-01-23T08:56:20.7878955Z > Task :i18n-sy:generateMRandroidMain FROM-CACHE
Build & Release	Build Debug APK	2026-01-23T08:56:20.7879597Z > Task :i18n-sy:generateMRandroidRelease SKIPPED
Build & Release	Build Debug APK	2026-01-23T08:56:20.7931023Z > Task :i18n:generateMRandroidMain FROM-CACHE
Build & Release	Build Debug APK	2026-01-23T08:56:20.7944326Z > Task :i18n:generateMRandroidRelease SKIPPED
Build & Release	Build Debug APK	2026-01-23T08:56:20.7945235Z > Task :i18n:generateMRcommonTest FROM-CACHE
Build & Release	Build Debug APK	2026-01-23T08:56:20.7945970Z > Task :i18n-sy:generateMRcommonTest FROM-CACHE
Build & Release	Build Debug APK	2026-01-23T08:56:20.7946665Z > Task :presentation-core:packageDebugResources FROM-CACHE
Build & Release	Build Debug APK	2026-01-23T08:56:20.7947352Z > Task :presentation-widget:preBuild UP-TO-DATE
Build & Release	Build Debug APK	2026-01-23T08:56:20.7948441Z > Task :presentation-widget:preDebugBuild UP-TO-DATE
Build & Release	Build Debug APK	2026-01-23T08:56:20.7949088Z > Task :i18n:generateMRandroidUnitTest FROM-CACHE
Build & Release	Build Debug APK	2026-01-23T08:56:20.7949786Z > Task :i18n:generateMRandroidUnitTestDebug SKIPPED
Build & Release	Build Debug APK	2026-01-23T08:56:20.7950527Z > Task :i18n:generateMRandroidUnitTestRelease SKIPPED
Build & Release	Build Debug APK	2026-01-23T08:56:20.7951188Z > Task :i18n:preBuild UP-TO-DATE
Build & Release	Build Debug APK	2026-01-23T08:56:20.7951776Z > Task :i18n-sy:generateMRandroidUnitTest FROM-CACHE
Build & Release	Build Debug APK	2026-01-23T08:56:20.7952400Z > Task :i18n:preDebugBuild UP-TO-DATE
Build & Release	Build Debug APK	2026-01-23T08:56:20.8854865Z > Task :i18n-sy:generateMRandroidUnitTestDebug SKIPPED
Build & Release	Build Debug APK	2026-01-23T08:56:20.8855757Z > Task :i18n-sy:generateMRandroidUnitTestRelease SKIPPED
Build & Release	Build Debug APK	2026-01-23T08:56:20.8865749Z > Task :i18n-sy:preBuild UP-TO-DATE
Build & Release	Build Debug APK	2026-01-23T08:56:20.8866346Z > Task :i18n-sy:preDebugBuild UP-TO-DATE
Build & Release	Build Debug APK	2026-01-23T08:56:20.8867033Z > Task :presentation-widget:generateDebugResValues FROM-CACHE
Build & Release	Build Debug APK	2026-01-23T08:56:20.8867741Z > Task :i18n-sy:generateDebugResValues FROM-CACHE
Build & Release	Build Debug APK	2026-01-23T08:56:20.8868555Z > Task :i18n:generateDebugResValues FROM-CACHE
Build & Release	Build Debug APK	2026-01-23T08:56:20.8869308Z > Task :presentation-widget:generateDebugResources FROM-CACHE
Build & Release	Build Debug APK	2026-01-23T08:56:20.8870194Z > Task :i18n:generateDebugResources FROM-CACHE
Build & Release	Build Debug APK	2026-01-23T08:56:20.8870843Z > Task :i18n-sy:generateDebugResources FROM-CACHE
Build & Release	Build Debug APK	2026-01-23T08:56:20.8871580Z > Task :presentation-widget:packageDebugResources FROM-CACHE
Build & Release	Build Debug APK	2026-01-23T08:56:20.8872267Z > Task :source-api:preBuild UP-TO-DATE
Build & Release	Build Debug APK	2026-01-23T08:56:20.8872832Z > Task :source-api:preDebugBuild UP-TO-DATE
Build & Release	Build Debug APK	2026-01-23T08:56:20.8878872Z > Task :source-api:generateDebugResValues FROM-CACHE
Build & Release	Build Debug APK	2026-01-23T08:56:20.8879641Z > Task :source-api:generateDebugResources FROM-CACHE
Build & Release	Build Debug APK	2026-01-23T08:56:20.9860126Z > Task :source-api:packageDebugResources FROM-CACHE
Build & Release	Build Debug APK	2026-01-23T08:56:20.9862064Z > Task :source-local:preBuild UP-TO-DATE
Build & Release	Build Debug APK	2026-01-23T08:56:20.9863735Z > Task :source-local:preDebugBuild UP-TO-DATE
Build & Release	Build Debug APK	2026-01-23T08:56:20.9864518Z > Task :i18n-sy:packageDebugResources FROM-CACHE
Build & Release	Build Debug APK	2026-01-23T08:56:20.9865165Z > Task :telemetry:preBuild UP-TO-DATE
Build & Release	Build Debug APK	2026-01-23T08:56:20.9924017Z > Task :telemetry:preDebugBuild UP-TO-DATE
Build & Release	Build Debug APK	2026-01-23T08:56:20.9928670Z > Task :source-local:generateDebugResValues FROM-CACHE
Build & Release	Build Debug APK	2026-01-23T08:56:20.9929777Z > Task :telemetry:generateDebugResValues FROM-CACHE
Build & Release	Build Debug APK	2026-01-23T08:56:20.9930577Z > Task :source-local:generateDebugResources FROM-CACHE
Build & Release	Build Debug APK	2026-01-23T08:56:20.9931244Z > Task :telemetry:generateDebugResources FROM-CACHE
Build & Release	Build Debug APK	2026-01-23T08:56:20.9932141Z > Task :source-local:packageDebugResources FROM-CACHE
Build & Release	Build Debug APK	2026-01-23T08:56:20.9959975Z > Task :core:archive:preBuild UP-TO-DATE
Build & Release	Build Debug APK	2026-01-23T08:56:20.9961130Z > Task :core:archive:preDebugBuild UP-TO-DATE
Build & Release	Build Debug APK	2026-01-23T08:56:20.9961933Z > Task :telemetry:packageDebugResources FROM-CACHE
Build & Release	Build Debug APK	2026-01-23T08:56:20.9962738Z > Task :core:common:preBuild UP-TO-DATE
Build & Release	Build Debug APK	2026-01-23T08:56:20.9963489Z > Task :core:common:preDebugBuild UP-TO-DATE
Build & Release	Build Debug APK	2026-01-23T08:56:20.9964304Z > Task :core:archive:generateDebugResValues FROM-CACHE
Build & Release	Build Debug APK	2026-01-23T08:56:20.9965188Z > Task :core:common:generateDebugResValues FROM-CACHE
Build & Release	Build Debug APK	2026-01-23T08:56:20.9966083Z > Task :core:archive:generateDebugResources FROM-CACHE
Build & Release	Build Debug APK	2026-01-23T08:56:20.9967053Z > Task :core:common:generateDebugResources FROM-CACHE
Build & Release	Build Debug APK	2026-01-23T08:56:20.9967840Z > Task :core:archive:packageDebugResources FROM-CACHE
Build & Release	Build Debug APK	2026-01-23T08:56:21.0845515Z > Task :core:common:packageDebugResources FROM-CACHE
Build & Release	Build Debug APK	2026-01-23T08:56:21.1835068Z > Task :data:writeDebugAarMetadata
Build & Release	Build Debug APK	2026-01-23T08:56:21.1840688Z > Task :core-metadata:writeDebugAarMetadata
Build & Release	Build Debug APK	2026-01-23T08:56:21.2826652Z > Task :i18n:packageDebugResources FROM-CACHE
Build & Release	Build Debug APK	2026-01-23T08:56:21.2828425Z > Task :i18n:writeDebugAarMetadata
Build & Release	Build Debug APK	2026-01-23T08:56:21.2829394Z > Task :domain:writeDebugAarMetadata
Build & Release	Build Debug APK	2026-01-23T08:56:21.2830271Z > Task :flagkit:writeDebugAarMetadata
Build & Release	Build Debug APK	2026-01-23T08:56:21.2831053Z > Task :i18n-ank:writeDebugAarMetadata
Build & Release	Build Debug APK	2026-01-23T08:56:21.2831870Z > Task :i18n-sy:writeDebugAarMetadata
Build & Release	Build Debug APK	2026-01-23T08:56:21.2832645Z > Task :i18n-kmk:writeDebugAarMetadata
Build & Release	Build Debug APK	2026-01-23T08:56:21.2833822Z > Task :presentation-core:writeDebugAarMetadata
Build & Release	Build Debug APK	2026-01-23T08:56:21.2834688Z > Task :presentation-widget:writeDebugAarMetadata
Build & Release	Build Debug APK	2026-01-23T08:56:21.2835515Z > Task :source-api:writeDebugAarMetadata
Build & Release	Build Debug APK	2026-01-23T08:56:21.2836293Z > Task :source-local:writeDebugAarMetadata
Build & Release	Build Debug APK	2026-01-23T08:56:21.2837069Z > Task :telemetry:writeDebugAarMetadata
Build & Release	Build Debug APK	2026-01-23T08:56:21.2837854Z > Task :core:archive:writeDebugAarMetadata
Build & Release	Build Debug APK	2026-01-23T08:56:21.2838796Z > Task :core:common:writeDebugAarMetadata
Build & Release	Build Debug APK	2026-01-23T08:56:21.2839629Z > Task :app:preBuild UP-TO-DATE
Build & Release	Build Debug APK	2026-01-23T08:56:21.2840357Z > Task :app:preDebugBuild UP-TO-DATE
Build & Release	Build Debug APK	2026-01-23T08:56:21.2841310Z > Task :app:mergeDebugNativeDebugMetadata NO-SOURCE
Build & Release	Build Debug APK	2026-01-23T08:56:21.2842507Z > Task :app:checkKotlinGradlePluginConfigurationErrors SKIPPED
Build & Release	Build Debug APK	2026-01-23T08:56:21.2843941Z > Task :data:extractDeepLinksDebug FROM-CACHE
Build & Release	Build Debug APK	2026-01-23T08:56:21.2844991Z > Task :core-metadata:extractDeepLinksDebug FROM-CACHE
Build & Release	Build Debug APK	2026-01-23T08:56:21.2845860Z > Task :domain:extractDeepLinksDebug FROM-CACHE
Build & Release	Build Debug APK	2026-01-23T08:56:21.3847613Z > Task :domain:processDebugManifest FROM-CACHE
Build & Release	Build Debug APK	2026-01-23T08:56:21.3852664Z > Task :flagkit:extractDeepLinksDebug FROM-CACHE
Build & Release	Build Debug APK	2026-01-23T08:56:21.3856756Z > Task :core-metadata:processDebugManifest FROM-CACHE
Build & Release	Build Debug APK	2026-01-23T08:56:21.3908904Z > Task :data:processDebugManifest FROM-CACHE
Build & Release	Build Debug APK	2026-01-23T08:56:21.3917509Z > Task :i18n-ank:extractDeepLinksDebug FROM-CACHE
Build & Release	Build Debug APK	2026-01-23T08:56:21.3918569Z > Task :i18n:extractDeepLinksDebug FROM-CACHE
Build & Release	Build Debug APK	2026-01-23T08:56:21.3919327Z > Task :flagkit:processDebugManifest FROM-CACHE
Build & Release	Build Debug APK	2026-01-23T08:56:21.3920257Z > Task :i18n-ank:processDebugManifest FROM-CACHE
Build & Release	Build Debug APK	2026-01-23T08:56:21.3920843Z > Task :i18n:processDebugManifest FROM-CACHE
Build & Release	Build Debug APK	2026-01-23T08:56:21.3921436Z > Task :i18n-kmk:extractDeepLinksDebug FROM-CACHE
Build & Release	Build Debug APK	2026-01-23T08:56:21.3922043Z > Task :i18n-sy:extractDeepLinksDebug FROM-CACHE
Build & Release	Build Debug APK	2026-01-23T08:56:21.3922941Z > Task :presentation-core:extractDeepLinksDebug FROM-CACHE
Build & Release	Build Debug APK	2026-01-23T08:56:21.3923727Z > Task :i18n-kmk:processDebugManifest FROM-CACHE
Build & Release	Build Debug APK	2026-01-23T08:56:21.3924464Z > Task :presentation-widget:extractDeepLinksDebug FROM-CACHE
Build & Release	Build Debug APK	2026-01-23T08:56:21.3925150Z > Task :i18n-sy:processDebugManifest FROM-CACHE
Build & Release	Build Debug APK	2026-01-23T08:56:21.3925816Z > Task :presentation-core:processDebugManifest FROM-CACHE
Build & Release	Build Debug APK	2026-01-23T08:56:21.3926557Z > Task :presentation-widget:processDebugManifest FROM-CACHE
Build & Release	Build Debug APK	2026-01-23T08:56:21.4839449Z > Task :source-api:extractDeepLinksDebug FROM-CACHE
Build & Release	Build Debug APK	2026-01-23T08:56:21.4844704Z > Task :telemetry:extractDeepLinksDebug FROM-CACHE
Build & Release	Build Debug APK	2026-01-23T08:56:21.4846936Z > Task :source-local:extractDeepLinksDebug FROM-CACHE
Build & Release	Build Debug APK	2026-01-23T08:56:21.4851722Z > Task :telemetry:processDebugManifest FROM-CACHE
Build & Release	Build Debug APK	2026-01-23T08:56:21.4852640Z > Task :source-api:processDebugManifest FROM-CACHE
Build & Release	Build Debug APK	2026-01-23T08:56:21.4854941Z > Task :source-local:processDebugManifest FROM-CACHE
Build & Release	Build Debug APK	2026-01-23T08:56:21.4931581Z > Task :core:archive:extractDeepLinksDebug FROM-CACHE
Build & Release	Build Debug APK	2026-01-23T08:56:21.4959082Z > Task :core-metadata:compileDebugLibraryResources FROM-CACHE
Build & Release	Build Debug APK	2026-01-23T08:56:21.4960158Z > Task :core:common:extractDeepLinksDebug FROM-CACHE
Build & Release	Build Debug APK	2026-01-23T08:56:21.4961074Z > Task :core:archive:processDebugManifest FROM-CACHE
Build & Release	Build Debug APK	2026-01-23T08:56:21.4961874Z > Task :core:common:processDebugManifest FROM-CACHE
Build & Release	Build Debug APK	2026-01-23T08:56:21.4962714Z > Task :core-metadata:parseDebugLocalResources FROM-CACHE
Build & Release	Build Debug APK	2026-01-23T08:56:21.4963571Z > Task :source-api:parseDebugLocalResources FROM-CACHE
Build & Release	Build Debug APK	2026-01-23T08:56:21.4964395Z > Task :i18n-sy:parseDebugLocalResources FROM-CACHE
Build & Release	Build Debug APK	2026-01-23T08:56:21.4965710Z > Task :i18n:parseDebugLocalResources FROM-CACHE
Build & Release	Build Debug APK	2026-01-23T08:56:21.4966525Z > Task :core:common:parseDebugLocalResources FROM-CACHE
Build & Release	Build Debug APK	2026-01-23T08:56:21.4967355Z > Task :data:compileDebugLibraryResources FROM-CACHE
Build & Release	Build Debug APK	2026-01-23T08:56:21.5830572Z > Task :data:parseDebugLocalResources FROM-CACHE
Build & Release	Build Debug APK	2026-01-23T08:56:21.5850998Z > Task :domain:parseDebugLocalResources FROM-CACHE
Build & Release	Build Debug APK	2026-01-23T08:56:21.5855724Z > Task :i18n-ank:parseDebugLocalResources FROM-CACHE
Build & Release	Build Debug APK	2026-01-23T08:56:21.5860485Z > Task :i18n-ank:generateDebugRFile FROM-CACHE
Build & Release	Build Debug APK	2026-01-23T08:56:21.5862871Z > Task :i18n-sy:generateDebugRFile FROM-CACHE
Build & Release	Build Debug APK	2026-01-23T08:56:21.5867254Z > Task :i18n:generateDebugRFile FROM-CACHE
Build & Release	Build Debug APK	2026-01-23T08:56:21.5868840Z > Task :domain:compileDebugLibraryResources FROM-CACHE
Build & Release	Build Debug APK	2026-01-23T08:56:21.5869597Z > Task :i18n:compileDebugLibraryResources FROM-CACHE
Build & Release	Build Debug APK	2026-01-23T08:56:21.5870287Z > Task :i18n-ank:compileDebugLibraryResources FROM-CACHE
Build & Release	Build Debug APK	2026-01-23T08:56:21.6889424Z > Task :i18n-kmk:compileDebugLibraryResources FROM-CACHE
Build & Release	Build Debug APK	2026-01-23T08:56:21.6890792Z > Task :i18n-kmk:parseDebugLocalResources FROM-CACHE
Build & Release	Build Debug APK	2026-01-23T08:56:21.6891788Z > Task :i18n-kmk:generateDebugRFile FROM-CACHE
Build & Release	Build Debug APK	2026-01-23T08:56:21.6892692Z > Task :i18n-sy:compileDebugLibraryResources FROM-CACHE
Build & Release	Build Debug APK	2026-01-23T08:56:21.6893755Z > Task :presentation-core:compileDebugLibraryResources FROM-CACHE
Build & Release	Build Debug APK	2026-01-23T08:56:21.6894837Z > Task :presentation-core:parseDebugLocalResources FROM-CACHE
Build & Release	Build Debug APK	2026-01-23T08:56:21.6895924Z > Task :presentation-widget:compileDebugLibraryResources FROM-CACHE
Build & Release	Build Debug APK	2026-01-23T08:56:21.6897049Z > Task :presentation-widget:parseDebugLocalResources FROM-CACHE
Build & Release	Build Debug APK	2026-01-23T08:56:21.6898361Z > Task :source-api:compileDebugLibraryResources FROM-CACHE
Build & Release	Build Debug APK	2026-01-23T08:56:21.6899502Z > Task :source-local:compileDebugLibraryResources FROM-CACHE
Build & Release	Build Debug APK	2026-01-23T08:56:21.6900581Z > Task :flagkit:compileDebugLibraryResources FROM-CACHE
Build & Release	Build Debug APK	2026-01-23T08:56:21.6901642Z > Task :source-local:parseDebugLocalResources FROM-CACHE
Build & Release	Build Debug APK	2026-01-23T08:56:21.6902701Z > Task :core:archive:parseDebugLocalResources FROM-CACHE
Build & Release	Build Debug APK	2026-01-23T08:56:21.6903973Z > Task :flagkit:parseDebugLocalResources FROM-CACHE
Build & Release	Build Debug APK	2026-01-23T08:56:21.7824681Z > Task :telemetry:compileDebugLibraryResources FROM-CACHE
Build & Release	Build Debug APK	2026-01-23T08:56:21.7829086Z > Task :core:archive:compileDebugLibraryResources FROM-CACHE
Build & Release	Build Debug APK	2026-01-23T08:56:21.7831544Z > Task :core-metadata:checkKotlinGradlePluginConfigurationErrors SKIPPED
Build & Release	Build Debug APK	2026-01-23T08:56:21.7835744Z > Task :source-api:kmpPartiallyResolvedDependenciesChecker
Build & Release	Build Debug APK	2026-01-23T08:56:21.7837635Z > Task :source-api:checkKotlinGradlePluginConfigurationErrors SKIPPED
Build & Release	Build Debug APK	2026-01-23T08:56:21.7842990Z > Task :i18n:kmpPartiallyResolvedDependenciesChecker
Build & Release	Build Debug APK	2026-01-23T08:56:21.7844215Z > Task :i18n:checkKotlinGradlePluginConfigurationErrors SKIPPED
Build & Release	Build Debug APK	2026-01-23T08:56:21.7845369Z > Task :telemetry:parseDebugLocalResources FROM-CACHE
Build & Release	Build Debug APK	2026-01-23T08:56:21.7846317Z > Task :telemetry:generateDebugRFile FROM-CACHE
Build & Release	Build Debug APK	2026-01-23T08:56:21.7847328Z > Task :i18n-sy:kmpPartiallyResolvedDependenciesChecker
Build & Release	Build Debug APK	2026-01-23T08:56:21.7848788Z > Task :i18n-sy:checkKotlinGradlePluginConfigurationErrors SKIPPED
Build & Release	Build Debug APK	2026-01-23T08:56:22.4836498Z > Task :i18n-sy:compileDebugKotlinAndroid FROM-CACHE
Build & Release	Build Debug APK	2026-01-23T08:56:22.4840979Z > Task :i18n-sy:javaPreCompileDebug FROM-CACHE
Build & Release	Build Debug APK	2026-01-23T08:56:22.4842135Z > Task :i18n-sy:compileDebugJavaWithJavac NO-SOURCE
Build & Release	Build Debug APK	2026-01-23T08:56:22.4846419Z > Task :core:common:generateDebugRFile FROM-CACHE
Build & Release	Build Debug APK	2026-01-23T08:56:22.5824679Z > Task :source-api:generateDebugRFile FROM-CACHE
Build & Release	Build Debug APK	2026-01-23T08:56:22.5826056Z > Task :i18n:compileDebugKotlinAndroid FROM-CACHE
Build & Release	Build Debug APK	2026-01-23T08:56:22.6849742Z > Task :core-metadata:generateDebugRFile FROM-CACHE
Build & Release	Build Debug APK	2026-01-23T08:56:22.6852340Z > Task :flagkit:generateDebugRFile FROM-CACHE
Build & Release	Build Debug APK	2026-01-23T08:56:22.7825052Z > Task :i18n-sy:bundleLibCompileToJarDebug
Build & Release	Build Debug APK	2026-01-23T08:56:22.7830190Z > Task :domain:generateDebugRFile FROM-CACHE
Build & Release	Build Debug APK	2026-01-23T08:56:22.7834436Z > Task :app:dataBindingMergeDependencyArtifactsDebug
Build & Release	Build Debug APK	2026-01-23T08:56:22.7835735Z > Task :app:generateDebugResValues FROM-CACHE
Build & Release	Build Debug APK	2026-01-23T08:56:22.7837035Z > Task :core:archive:generateDebugRFile FROM-CACHE
Build & Release	Build Debug APK	2026-01-23T08:56:22.8826206Z > Task :app:generateDebugResources FROM-CACHE
Build & Release	Build Debug APK	2026-01-23T08:56:22.8827757Z > Task :source-local:generateDebugRFile FROM-CACHE
Build & Release	Build Debug APK	2026-01-23T08:56:22.8829434Z > Task :core:common:compileDebugLibraryResources FROM-CACHE
Build & Release	Build Debug APK	2026-01-23T08:56:22.8830797Z > Task :i18n:javaPreCompileDebug FROM-CACHE
Build & Release	Build Debug APK	2026-01-23T08:56:22.8831949Z > Task :i18n:compileDebugJavaWithJavac NO-SOURCE
Build & Release	Build Debug APK	2026-01-23T08:56:22.9829163Z > Task :i18n:bundleLibCompileToJarDebug
Build & Release	Build Debug APK	2026-01-23T08:56:22.9833532Z > Task :core:common:checkKotlinGradlePluginConfigurationErrors SKIPPED
Build & Release	Build Debug APK	2026-01-23T08:56:22.9839284Z > Task :presentation-core:generateDebugRFile FROM-CACHE
Build & Release	Build Debug APK	2026-01-23T08:56:22.9849023Z > Task :data:generateDebugRFile FROM-CACHE
Build & Release	Build Debug APK	2026-01-23T08:56:22.9849863Z > Task :source-api:javaPreCompileDebug FROM-CACHE
Build & Release	Build Debug APK	2026-01-23T08:56:22.9850853Z > Task :core-metadata:javaPreCompileDebug FROM-CACHE
Build & Release	Build Debug APK	2026-01-23T08:56:22.9851823Z > Task :data:checkKotlinGradlePluginConfigurationErrors SKIPPED
Build & Release	Build Debug APK	2026-01-23T08:56:22.9853041Z > Task :data:generateDebugDatabaseInterface FROM-CACHE
Build & Release	Build Debug APK	2026-01-23T08:56:22.9854063Z > Task :domain:checkKotlinGradlePluginConfigurationErrors SKIPPED
Build & Release	Build Debug APK	2026-01-23T08:56:22.9855331Z > Task :i18n-ank:kmpPartiallyResolvedDependenciesChecker
Build & Release	Build Debug APK	2026-01-23T08:56:23.0866911Z > Task :i18n-ank:checkKotlinGradlePluginConfigurationErrors SKIPPED
Build & Release	Build Debug APK	2026-01-23T08:56:23.0876933Z > Task :i18n-ank:compileDebugKotlinAndroid FROM-CACHE
Build & Release	Build Debug APK	2026-01-23T08:56:23.0878486Z > Task :i18n-ank:javaPreCompileDebug FROM-CACHE
Build & Release	Build Debug APK	2026-01-23T08:56:23.0880202Z > Task :i18n-ank:compileDebugJavaWithJavac NO-SOURCE
Build & Release	Build Debug APK	2026-01-23T08:56:23.1838027Z > Task :i18n-ank:bundleLibCompileToJarDebug
Build & Release	Build Debug APK	2026-01-23T08:56:23.1842227Z > Task :domain:javaPreCompileDebug FROM-CACHE
Build & Release	Build Debug APK	2026-01-23T08:56:23.1890833Z > Task :data:javaPreCompileDebug FROM-CACHE
Build & Release	Build Debug APK	2026-01-23T08:56:23.1892541Z > Task :flagkit:checkKotlinGradlePluginConfigurationErrors SKIPPED
Build & Release	Build Debug APK	2026-01-23T08:56:23.1893832Z > Task :flagkit:javaPreCompileDebug FROM-CACHE
Build & Release	Build Debug APK	2026-01-23T08:56:23.1895087Z > Task :i18n-kmk:kmpPartiallyResolvedDependenciesChecker
Build & Release	Build Debug APK	2026-01-23T08:56:23.1896843Z > Task :i18n-kmk:checkKotlinGradlePluginConfigurationErrors SKIPPED
Build & Release	Build Debug APK	2026-01-23T08:56:23.1898511Z > Task :presentation-widget:generateDebugRFile FROM-CACHE
Build & Release	Build Debug APK	2026-01-23T08:56:23.1899921Z > Task :presentation-core:checkKotlinGradlePluginConfigurationErrors SKIPPED
Build & Release	Build Debug APK	2026-01-23T08:56:23.1901378Z > Task :presentation-core:javaPreCompileDebug FROM-CACHE
Build & Release	Build Debug APK	2026-01-23T08:56:23.1902902Z > Task :presentation-widget:checkKotlinGradlePluginConfigurationErrors SKIPPED
Build & Release	Build Debug APK	2026-01-23T08:56:23.1904421Z > Task :presentation-widget:javaPreCompileDebug FROM-CACHE
Build & Release	Build Debug APK	2026-01-23T08:56:23.1906050Z > Task :source-local:kmpPartiallyResolvedDependenciesChecker
Build & Release	Build Debug APK	2026-01-23T08:56:23.1907520Z > Task :source-local:checkKotlinGradlePluginConfigurationErrors SKIPPED
Build & Release	Build Debug APK	2026-01-23T08:56:23.1909178Z > Task :core:archive:checkKotlinGradlePluginConfigurationErrors SKIPPED
Build & Release	Build Debug APK	2026-01-23T08:56:23.1910510Z > Task :core:archive:javaPreCompileDebug FROM-CACHE
Build & Release	Build Debug APK	2026-01-23T08:56:23.1911610Z > Task :source-local:javaPreCompileDebug FROM-CACHE
Build & Release	Build Debug APK	2026-01-23T08:56:23.1912642Z > Task :telemetry:checkKotlinGradlePluginConfigurationErrors SKIPPED
Build & Release	Build Debug APK	2026-01-23T08:56:23.1913648Z > Task :i18n-kmk:compileDebugKotlinAndroid FROM-CACHE
Build & Release	Build Debug APK	2026-01-23T08:56:23.1914526Z > Task :i18n-kmk:javaPreCompileDebug FROM-CACHE
Build & Release	Build Debug APK	2026-01-23T08:56:23.2872848Z > Task :i18n-kmk:compileDebugJavaWithJavac NO-SOURCE
Build & Release	Build Debug APK	2026-01-23T08:56:23.2873857Z > Task :i18n-kmk:bundleLibCompileToJarDebug
Build & Release	Build Debug APK	2026-01-23T08:56:23.2874701Z > Task :telemetry:compileDebugKotlin FROM-CACHE
Build & Release	Build Debug APK	2026-01-23T08:56:23.2875530Z > Task :telemetry:javaPreCompileDebug FROM-CACHE
Build & Release	Build Debug APK	2026-01-23T08:56:23.2876347Z > Task :telemetry:compileDebugJavaWithJavac NO-SOURCE
Build & Release	Build Debug APK	2026-01-23T08:56:23.2877254Z > Task :telemetry:bundleLibCompileToJarDebug
Build & Release	Build Debug APK	2026-01-23T08:56:23.2878383Z > Task :core:common:compileDebugKotlin FROM-CACHE
Build & Release	Build Debug APK	2026-01-23T08:56:23.3825543Z > Task :core:common:javaPreCompileDebug FROM-CACHE
Build & Release	Build Debug APK	2026-01-23T08:56:23.3826930Z > Task :core:common:compileDebugJavaWithJavac NO-SOURCE
Build & Release	Build Debug APK	2026-01-23T08:56:23.3828812Z > Task :core:common:bundleLibCompileToJarDebug
Build & Release	Build Debug APK	2026-01-23T08:56:23.3829837Z > Task :core-metadata:mergeDebugShaders
Build & Release	Build Debug APK	2026-01-23T08:56:23.3831020Z > Task :data:mergeDebugShaders
Build & Release	Build Debug APK	2026-01-23T08:56:23.4852970Z > Task :app:prepareDebugShortcutXML
Build & Release	Build Debug APK	2026-01-23T08:56:23.4856235Z > Task :app:prepareLibraryDefinitionsDebug FROM-CACHE
Build & Release	Build Debug APK	2026-01-23T08:56:23.4857179Z > Task :flagkit:compileDebugKotlin FROM-CACHE
Build & Release	Build Debug APK	2026-01-23T08:56:23.4858559Z > Task :flagkit:compileDebugJavaWithJavac NO-SOURCE
Build & Release	Build Debug APK	2026-01-23T08:56:23.4859820Z > Task :flagkit:bundleLibCompileToJarDebug
Build & Release	Build Debug APK	2026-01-23T08:56:23.6825207Z > Task :source-api:compileDebugKotlinAndroid FROM-CACHE
Build & Release	Build Debug APK	2026-01-23T08:56:23.6838286Z > Task :source-api:compileDebugJavaWithJavac NO-SOURCE
Build & Release	Build Debug APK	2026-01-23T08:56:23.6839436Z > Task :core:archive:compileDebugKotlin FROM-CACHE
Build & Release	Build Debug APK	2026-01-23T08:56:23.6840259Z > Task :source-api:bundleLibCompileToJarDebug
Build & Release	Build Debug APK	2026-01-23T08:56:23.7843072Z > Task :core:archive:compileDebugJavaWithJavac NO-SOURCE
Build & Release	Build Debug APK	2026-01-23T08:56:23.8843212Z > Task :presentation-core:compileDebugKotlin FROM-CACHE
Build & Release	Build Debug APK	2026-01-23T08:56:23.8847664Z > Task :presentation-core:compileDebugJavaWithJavac NO-SOURCE
Build & Release	Build Debug APK	2026-01-23T08:56:23.8852063Z > Task :core-metadata:compileDebugKotlin FROM-CACHE
Build & Release	Build Debug APK	2026-01-23T08:56:23.8856309Z > Task :core-metadata:compileDebugJavaWithJavac NO-SOURCE
Build & Release	Build Debug APK	2026-01-23T08:56:23.8860924Z > Task :presentation-core:bundleLibCompileToJarDebug
Build & Release	Build Debug APK	2026-01-23T08:56:23.8862126Z > Task :core-metadata:bundleLibCompileToJarDebug
Build & Release	Build Debug APK	2026-01-23T08:56:23.8863113Z > Task :core-metadata:compileDebugShaders NO-SOURCE
Build & Release	Build Debug APK	2026-01-23T08:56:23.8864260Z > Task :core-metadata:generateDebugAssets UP-TO-DATE
Build & Release	Build Debug APK	2026-01-23T08:56:23.8865222Z > Task :core:archive:bundleLibCompileToJarDebug
Build & Release	Build Debug APK	2026-01-23T08:56:23.8866456Z > Task :data:compileDebugShaders NO-SOURCE
Build & Release	Build Debug APK	2026-01-23T08:56:23.9829097Z > Task :data:generateDebugAssets UP-TO-DATE
Build & Release	Build Debug APK	2026-01-23T08:56:23.9836122Z > Task :core-metadata:mergeDebugAssets
Build & Release	Build Debug APK	2026-01-23T08:56:23.9854403Z > Task :flagkit:mergeDebugShaders
Build & Release	Build Debug APK	2026-01-23T08:56:23.9858419Z > Task :flagkit:compileDebugShaders NO-SOURCE
Build & Release	Build Debug APK	2026-01-23T08:56:23.9868339Z > Task :flagkit:generateDebugAssets UP-TO-DATE
Build & Release	Build Debug APK	2026-01-23T08:56:23.9869394Z > Task :data:mergeDebugAssets
Build & Release	Build Debug APK	2026-01-23T08:56:23.9870173Z > Task :flagkit:mergeDebugAssets
Build & Release	Build Debug APK	2026-01-23T08:56:23.9871213Z > Task :i18n:mergeDebugShaders
Build & Release	Build Debug APK	2026-01-23T08:56:23.9871932Z > Task :i18n:compileDebugShaders NO-SOURCE
Build & Release	Build Debug APK	2026-01-23T08:56:23.9872765Z > Task :i18n:debugAssetsCopyForAGP NO-SOURCE
Build & Release	Build Debug APK	2026-01-23T08:56:23.9873666Z > Task :i18n:generateDebugAssets UP-TO-DATE
Build & Release	Build Debug APK	2026-01-23T08:56:23.9874427Z > Task :i18n-ank:mergeDebugShaders
Build & Release	Build Debug APK	2026-01-23T08:56:23.9875346Z > Task :i18n-ank:compileDebugShaders NO-SOURCE
Build & Release	Build Debug APK	2026-01-23T08:56:23.9876150Z > Task :i18n-ank:debugAssetsCopyForAGP NO-SOURCE
Build & Release	Build Debug APK	2026-01-23T08:56:23.9876981Z > Task :i18n-ank:generateDebugAssets UP-TO-DATE
Build & Release	Build Debug APK	2026-01-23T08:56:23.9877693Z > Task :i18n-ank:mergeDebugAssets
Build & Release	Build Debug APK	2026-01-23T08:56:23.9878708Z > Task :i18n:mergeDebugAssets
Build & Release	Build Debug APK	2026-01-23T08:56:23.9879387Z > Task :i18n-kmk:mergeDebugShaders
Build & Release	Build Debug APK	2026-01-23T08:56:24.0846546Z > Task :i18n-kmk:compileDebugShaders NO-SOURCE
Build & Release	Build Debug APK	2026-01-23T08:56:24.0879246Z > Task :i18n-kmk:debugAssetsCopyForAGP NO-SOURCE
Build & Release	Build Debug APK	2026-01-23T08:56:24.0880345Z > Task :i18n-sy:mergeDebugShaders
Build & Release	Build Debug APK	2026-01-23T08:56:24.0881297Z > Task :i18n-kmk:generateDebugAssets UP-TO-DATE
Build & Release	Build Debug APK	2026-01-23T08:56:24.0882567Z > Task :i18n-sy:compileDebugShaders NO-SOURCE
Build & Release	Build Debug APK	2026-01-23T08:56:24.0883678Z > Task :i18n-sy:debugAssetsCopyForAGP NO-SOURCE
Build & Release	Build Debug APK	2026-01-23T08:56:24.0884884Z > Task :i18n-sy:generateDebugAssets UP-TO-DATE
Build & Release	Build Debug APK	2026-01-23T08:56:24.0885926Z > Task :i18n-kmk:mergeDebugAssets
Build & Release	Build Debug APK	2026-01-23T08:56:24.0886869Z > Task :i18n-sy:mergeDebugAssets
Build & Release	Build Debug APK	2026-01-23T08:56:24.0887844Z > Task :presentation-core:mergeDebugShaders
Build & Release	Build Debug APK	2026-01-23T08:56:24.0889283Z > Task :presentation-core:compileDebugShaders NO-SOURCE
Build & Release	Build Debug APK	2026-01-23T08:56:24.0890373Z > Task :presentation-core:generateDebugAssets UP-TO-DATE
Build & Release	Build Debug APK	2026-01-23T08:56:24.0891504Z > Task :presentation-core:mergeDebugAssets
Build & Release	Build Debug APK	2026-01-23T08:56:24.0892888Z > Task :presentation-widget:mergeDebugShaders
Build & Release	Build Debug APK	2026-01-23T08:56:24.0893803Z > Task :presentation-widget:compileDebugShaders NO-SOURCE
Build & Release	Build Debug APK	2026-01-23T08:56:24.0894701Z > Task :presentation-widget:generateDebugAssets UP-TO-DATE
Build & Release	Build Debug APK	2026-01-23T08:56:24.0895496Z > Task :source-api:mergeDebugShaders
Build & Release	Build Debug APK	2026-01-23T08:56:24.0896223Z > Task :source-api:compileDebugShaders NO-SOURCE
Build & Release	Build Debug APK	2026-01-23T08:56:24.0897028Z > Task :source-api:debugAssetsCopyForAGP NO-SOURCE
Build & Release	Build Debug APK	2026-01-23T08:56:24.0897880Z > Task :source-api:generateDebugAssets UP-TO-DATE
Build & Release	Build Debug APK	2026-01-23T08:56:24.0898860Z > Task :presentation-widget:mergeDebugAssets
Build & Release	Build Debug APK	2026-01-23T08:56:24.0899881Z > Task :source-api:mergeDebugAssets
Build & Release	Build Debug APK	2026-01-23T08:56:24.0900546Z > Task :telemetry:mergeDebugShaders
Build & Release	Build Debug APK	2026-01-23T08:56:24.0901213Z > Task :source-local:mergeDebugShaders
Build & Release	Build Debug APK	2026-01-23T08:56:24.0901933Z > Task :telemetry:compileDebugShaders NO-SOURCE
Build & Release	Build Debug APK	2026-01-23T08:56:24.0904526Z > Task :telemetry:generateDebugAssets UP-TO-DATE
Build & Release	Build Debug APK	2026-01-23T08:56:24.0905483Z > Task :source-local:compileDebugShaders NO-SOURCE
Build & Release	Build Debug APK	2026-01-23T08:56:24.0906495Z > Task :source-local:debugAssetsCopyForAGP NO-SOURCE
Build & Release	Build Debug APK	2026-01-23T08:56:24.0907407Z > Task :source-local:generateDebugAssets UP-TO-DATE
Build & Release	Build Debug APK	2026-01-23T08:56:24.0908392Z > Task :telemetry:mergeDebugAssets
Build & Release	Build Debug APK	2026-01-23T08:56:24.1824307Z > Task :core:archive:mergeDebugShaders
Build & Release	Build Debug APK	2026-01-23T08:56:24.1830327Z > Task :source-local:mergeDebugAssets
Build & Release	Build Debug APK	2026-01-23T08:56:24.1831342Z > Task :core:archive:compileDebugShaders NO-SOURCE
Build & Release	Build Debug APK	2026-01-23T08:56:24.1834626Z > Task :core:archive:generateDebugAssets UP-TO-DATE
Build & Release	Build Debug APK	2026-01-23T08:56:24.1900946Z > Task :core:common:mergeDebugShaders
Build & Release	Build Debug APK	2026-01-23T08:56:24.1901875Z > Task :core:archive:mergeDebugAssets
Build & Release	Build Debug APK	2026-01-23T08:56:24.1902735Z > Task :core:common:compileDebugShaders NO-SOURCE
Build & Release	Build Debug APK	2026-01-23T08:56:24.1903657Z > Task :core:common:generateDebugAssets UP-TO-DATE
Build & Release	Build Debug APK	2026-01-23T08:56:24.1904792Z > Task :core:archive:bundleLibRuntimeToJarDebug
Build & Release	Build Debug APK	2026-01-23T08:56:24.1905634Z > Task :core:common:mergeDebugAssets
Build & Release	Build Debug APK	2026-01-23T08:56:24.1906479Z > Task :core-metadata:bundleLibRuntimeToJarDebug
Build & Release	Build Debug APK	2026-01-23T08:56:24.1907330Z > Task :source-api:bundleLibRuntimeToJarDebug
Build & Release	Build Debug APK	2026-01-23T08:56:24.2826359Z > Task :presentation-core:bundleLibRuntimeToJarDebug
Build & Release	Build Debug APK	2026-01-23T08:56:24.2827507Z > Task :domain:compileDebugKotlin FROM-CACHE
Build & Release	Build Debug APK	2026-01-23T08:56:24.2828522Z > Task :domain:compileDebugJavaWithJavac NO-SOURCE
Build & Release	Build Debug APK	2026-01-23T08:56:24.2829329Z > Task :flagkit:bundleLibRuntimeToJarDebug
Build & Release	Build Debug APK	2026-01-23T08:56:24.2830044Z > Task :domain:mergeDebugShaders
Build & Release	Build Debug APK	2026-01-23T08:56:24.2830730Z > Task :domain:compileDebugShaders NO-SOURCE
Build & Release	Build Debug APK	2026-01-23T08:56:24.2831466Z > Task :domain:generateDebugAssets UP-TO-DATE
Build & Release	Build Debug APK	2026-01-23T08:56:24.2832204Z > Task :domain:mergeDebugAssets
Build & Release	Build Debug APK	2026-01-23T08:56:24.2832875Z > Task :core:common:bundleLibRuntimeToJarDebug
Build & Release	Build Debug APK	2026-01-23T08:56:24.2833608Z > Task :domain:bundleLibCompileToJarDebug
Build & Release	Build Debug APK	2026-01-23T08:56:24.3824840Z > Task :app:mergeDebugResources FROM-CACHE
Build & Release	Build Debug APK	2026-01-23T08:56:24.3833993Z > Task :domain:bundleLibRuntimeToJarDebug
Build & Release	Build Debug APK	2026-01-23T08:56:24.4882095Z > Task :app:dataBindingGenBaseClassesDebug FROM-CACHE
Build & Release	Build Debug APK	2026-01-23T08:56:24.5826303Z > Task :source-local:compileDebugKotlinAndroid FROM-CACHE
Build & Release	Build Debug APK	2026-01-23T08:56:24.5842363Z > Task :source-local:compileDebugJavaWithJavac NO-SOURCE
Build & Release	Build Debug APK	2026-01-23T08:56:24.5846522Z > Task :source-local:bundleLibCompileToJarDebug
Build & Release	Build Debug APK	2026-01-23T08:56:24.5851020Z > Task :source-local:bundleLibRuntimeToJarDebug
Build & Release	Build Debug APK	2026-01-23T08:56:24.6856454Z > Task :data:compileDebugKotlin FROM-CACHE
Build & Release	Build Debug APK	2026-01-23T08:56:24.6873796Z > Task :app:generateDebugBuildConfig
Build & Release	Build Debug APK	2026-01-23T08:56:24.6874850Z > Task :data:compileDebugJavaWithJavac NO-SOURCE
Build & Release	Build Debug APK	2026-01-23T08:56:24.6877040Z > Task :presentation-widget:compileDebugKotlin FROM-CACHE
Build & Release	Build Debug APK	2026-01-23T08:56:24.6881081Z > Task :presentation-widget:compileDebugJavaWithJavac NO-SOURCE
Build & Release	Build Debug APK	2026-01-23T08:56:24.6882489Z > Task :data:bundleLibCompileToJarDebug
Build & Release	Build Debug APK	2026-01-23T08:56:24.7848427Z > Task :data:bundleLibRuntimeToJarDebug
Build & Release	Build Debug APK	2026-01-23T08:56:24.7849599Z > Task :presentation-widget:bundleLibCompileToJarDebug
Build & Release	Build Debug APK	2026-01-23T08:56:24.7850542Z > Task :presentation-widget:bundleLibRuntimeToJarDebug
Build & Release	Build Debug APK	2026-01-23T08:56:24.7851431Z > Task :i18n-kmk:bundleLibRuntimeToJarDebug
Build & Release	Build Debug APK	2026-01-23T08:56:24.7852226Z > Task :i18n:bundleLibRuntimeToJarDebug
Build & Release	Build Debug APK	2026-01-23T08:56:24.7852948Z > Task :i18n-ank:bundleLibRuntimeToJarDebug
Build & Release	Build Debug APK	2026-01-23T08:56:24.7853678Z > Task :i18n-sy:bundleLibRuntimeToJarDebug
Build & Release	Build Debug APK	2026-01-23T08:56:24.8824312Z > Task :telemetry:bundleLibRuntimeToJarDebug
Build & Release	Build Debug APK	2026-01-23T08:56:24.8850600Z > Task :app:checkDebugAarMetadata
Build & Release	Build Debug APK	2026-01-23T08:56:24.8851263Z > Task :core-metadata:processDebugJavaRes
Build & Release	Build Debug APK	2026-01-23T08:56:24.8851841Z > Task :app:mapDebugSourceSetPaths
Build & Release	Build Debug APK	2026-01-23T08:56:24.8852858Z > Task :flagkit:processDebugJavaRes
Build & Release	Build Debug APK	2026-01-23T08:56:24.8853371Z > Task :i18n:processDebugJavaRes
Build & Release	Build Debug APK	2026-01-23T08:56:24.8853934Z > Task :app:createDebugCompatibleScreenManifests
Build & Release	Build Debug APK	2026-01-23T08:56:24.8854541Z > Task :data:processDebugJavaRes
Build & Release	Build Debug APK	2026-01-23T08:56:24.8855029Z > Task :i18n-ank:processDebugJavaRes
Build & Release	Build Debug APK	2026-01-23T08:56:24.8855584Z > Task :app:extractDeepLinksDebug FROM-CACHE
Build & Release	Build Debug APK	2026-01-23T08:56:24.8856134Z > Task :i18n-kmk:processDebugJavaRes
Build & Release	Build Debug APK	2026-01-23T08:56:24.8856629Z > Task :domain:processDebugJavaRes
Build & Release	Build Debug APK	2026-01-23T08:56:24.8857159Z > Task :i18n-sy:processDebugJavaRes
Build & Release	Build Debug APK	2026-01-23T08:56:24.8857693Z > Task :presentation-core:processDebugJavaRes
Build & Release	Build Debug APK	2026-01-23T08:56:24.8858469Z > Task :presentation-widget:processDebugJavaRes
Build & Release	Build Debug APK	2026-01-23T08:56:24.9825211Z > Task :source-api:processDebugJavaRes
Build & Release	Build Debug APK	2026-01-23T08:56:24.9826193Z > Task :telemetry:processDebugJavaRes
Build & Release	Build Debug APK	2026-01-23T08:56:24.9826960Z > Task :source-local:processDebugJavaRes
Build & Release	Build Debug APK	2026-01-23T08:56:24.9827676Z > Task :core:archive:processDebugJavaRes
Build & Release	Build Debug APK	2026-01-23T08:56:24.9828634Z > Task :core:common:processDebugJavaRes
Build & Release	Build Debug APK	2026-01-23T08:56:24.9829401Z > Task :core-metadata:bundleLibRuntimeToDirDebug
Build & Release	Build Debug APK	2026-01-23T08:56:24.9830165Z > Task :source-local:bundleLibRuntimeToDirDebug
Build & Release	Build Debug APK	2026-01-23T08:56:25.0829511Z > Task :core:archive:bundleLibRuntimeToDirDebug
Build & Release	Build Debug APK	2026-01-23T08:56:25.1852387Z > Task :presentation-widget:bundleLibRuntimeToDirDebug
Build & Release	Build Debug APK	2026-01-23T08:56:25.1853124Z > Task :app:processDebugMainManifest FROM-CACHE
Build & Release	Build Debug APK	2026-01-23T08:56:25.1853685Z > Task :app:processDebugManifest FROM-CACHE
Build & Release	Build Debug APK	2026-01-23T08:56:25.2824947Z > Task :data:bundleLibRuntimeToDirDebug
Build & Release	Build Debug APK	2026-01-23T08:56:25.2830429Z > Task :domain:bundleLibRuntimeToDirDebug
Build & Release	Build Debug APK	2026-01-23T08:56:25.2831108Z > Task :app:processDebugManifestForPackage FROM-CACHE
Build & Release	Build Debug APK	2026-01-23T08:56:25.3835372Z > Task :source-api:bundleLibRuntimeToDirDebug
Build & Release	Build Debug APK	2026-01-23T08:56:25.6828410Z > Task :flagkit:bundleLibRuntimeToDirDebug
Build & Release	Build Debug APK	2026-01-23T08:56:25.6833149Z > Task :i18n:bundleLibRuntimeToDirDebug
Build & Release	Build Debug APK	2026-01-23T08:56:25.7844440Z > Task :core:common:bundleLibRuntimeToDirDebug
Build & Release	Build Debug APK	2026-01-23T08:56:25.7846903Z > Task :i18n-kmk:bundleLibRuntimeToDirDebug
Build & Release	Build Debug APK	2026-01-23T08:56:25.7847838Z > Task :presentation-core:bundleLibRuntimeToDirDebug
Build & Release	Build Debug APK	2026-01-23T08:56:25.7848781Z > Task :i18n-ank:bundleLibRuntimeToDirDebug
Build & Release	Build Debug APK	2026-01-23T08:56:25.7849369Z > Task :i18n-sy:bundleLibRuntimeToDirDebug
Build & Release	Build Debug APK	2026-01-23T08:56:25.8824530Z > Task :core-metadata:mergeDebugJniLibFolders
Build & Release	Build Debug APK	2026-01-23T08:56:25.8831037Z > Task :telemetry:bundleLibRuntimeToDirDebug
Build & Release	Build Debug APK	2026-01-23T08:56:25.8834764Z > Task :core-metadata:mergeDebugNativeLibs NO-SOURCE
Build & Release	Build Debug APK	2026-01-23T08:56:25.8838552Z > Task :data:mergeDebugJniLibFolders
Build & Release	Build Debug APK	2026-01-23T08:56:25.8842132Z > Task :data:mergeDebugNativeLibs NO-SOURCE
Build & Release	Build Debug APK	2026-01-23T08:56:25.8842810Z > Task :domain:mergeDebugJniLibFolders
Build & Release	Build Debug APK	2026-01-23T08:56:25.8843562Z > Task :domain:mergeDebugNativeLibs NO-SOURCE
Build & Release	Build Debug APK	2026-01-23T08:56:25.8844286Z > Task :core-metadata:copyDebugJniLibsProjectOnly
Build & Release	Build Debug APK	2026-01-23T08:56:25.8845055Z > Task :data:copyDebugJniLibsProjectOnly
Build & Release	Build Debug APK	2026-01-23T08:56:25.8848708Z > Task :domain:copyDebugJniLibsProjectOnly
Build & Release	Build Debug APK	2026-01-23T08:56:25.8849374Z > Task :flagkit:mergeDebugJniLibFolders
Build & Release	Build Debug APK	2026-01-23T08:56:25.8850308Z > Task :i18n:mergeDebugJniLibFolders
Build & Release	Build Debug APK	2026-01-23T08:56:25.8851034Z > Task :i18n-ank:mergeDebugJniLibFolders
Build & Release	Build Debug APK	2026-01-23T08:56:25.8854830Z > Task :flagkit:mergeDebugNativeLibs NO-SOURCE
Build & Release	Build Debug APK	2026-01-23T08:56:25.8870196Z > Task :i18n-ank:mergeDebugNativeLibs NO-SOURCE
Build & Release	Build Debug APK	2026-01-23T08:56:25.8871102Z > Task :i18n:mergeDebugNativeLibs NO-SOURCE
Build & Release	Build Debug APK	2026-01-23T08:56:25.8871798Z > Task :i18n-ank:copyDebugJniLibsProjectOnly
Build & Release	Build Debug APK	2026-01-23T08:56:25.8872414Z > Task :flagkit:copyDebugJniLibsProjectOnly
Build & Release	Build Debug APK	2026-01-23T08:56:25.8872987Z > Task :i18n:copyDebugJniLibsProjectOnly
Build & Release	Build Debug APK	2026-01-23T08:56:25.9840966Z > Task :i18n-kmk:mergeDebugJniLibFolders
Build & Release	Build Debug APK	2026-01-23T08:56:25.9841745Z > Task :presentation-core:mergeDebugJniLibFolders
Build & Release	Build Debug APK	2026-01-23T08:56:25.9842406Z > Task :i18n-sy:mergeDebugJniLibFolders
Build & Release	Build Debug APK	2026-01-23T08:56:25.9843077Z > Task :presentation-core:mergeDebugNativeLibs NO-SOURCE
Build & Release	Build Debug APK	2026-01-23T08:56:25.9844146Z > Task :i18n-kmk:mergeDebugNativeLibs NO-SOURCE
Build & Release	Build Debug APK	2026-01-23T08:56:25.9844786Z > Task :i18n-sy:mergeDebugNativeLibs NO-SOURCE
Build & Release	Build Debug APK	2026-01-23T08:56:25.9845426Z > Task :i18n-kmk:copyDebugJniLibsProjectOnly
Build & Release	Build Debug APK	2026-01-23T08:56:25.9846053Z > Task :i18n-sy:copyDebugJniLibsProjectOnly
Build & Release	Build Debug APK	2026-01-23T08:56:25.9846729Z > Task :presentation-core:copyDebugJniLibsProjectOnly
Build & Release	Build Debug APK	2026-01-23T08:56:25.9847435Z > Task :presentation-widget:mergeDebugJniLibFolders
Build & Release	Build Debug APK	2026-01-23T08:56:25.9848275Z > Task :source-api:mergeDebugJniLibFolders
Build & Release	Build Debug APK	2026-01-23T08:56:25.9848927Z > Task :source-local:mergeDebugJniLibFolders
Build & Release	Build Debug APK	2026-01-23T08:56:25.9849581Z > Task :source-local:mergeDebugNativeLibs NO-SOURCE
Build & Release	Build Debug APK	2026-01-23T08:56:25.9850320Z > Task :presentation-widget:mergeDebugNativeLibs NO-SOURCE
Build & Release	Build Debug APK	2026-01-23T08:56:25.9851064Z > Task :source-api:mergeDebugNativeLibs NO-SOURCE
Build & Release	Build Debug APK	2026-01-23T08:56:25.9851760Z > Task :source-local:copyDebugJniLibsProjectOnly
Build & Release	Build Debug APK	2026-01-23T08:56:25.9852470Z > Task :presentation-widget:copyDebugJniLibsProjectOnly
Build & Release	Build Debug APK	2026-01-23T08:56:25.9853170Z > Task :source-api:copyDebugJniLibsProjectOnly
Build & Release	Build Debug APK	2026-01-23T08:56:25.9853807Z > Task :core:common:mergeDebugJniLibFolders
Build & Release	Build Debug APK	2026-01-23T08:56:25.9854396Z > Task :telemetry:mergeDebugJniLibFolders
Build & Release	Build Debug APK	2026-01-23T08:56:25.9855002Z > Task :core:common:mergeDebugNativeLibs NO-SOURCE
Build & Release	Build Debug APK	2026-01-23T08:56:25.9855666Z > Task :telemetry:mergeDebugNativeLibs NO-SOURCE
Build & Release	Build Debug APK	2026-01-23T08:56:25.9918531Z > Task :core:archive:mergeDebugJniLibFolders
Build & Release	Build Debug APK	2026-01-23T08:56:25.9919272Z > Task :core:archive:mergeDebugNativeLibs NO-SOURCE
Build & Release	Build Debug APK	2026-01-23T08:56:25.9920211Z > Task :core:common:copyDebugJniLibsProjectOnly
Build & Release	Build Debug APK	2026-01-23T08:56:25.9920866Z > Task :telemetry:copyDebugJniLibsProjectOnly
Build & Release	Build Debug APK	2026-01-23T08:56:25.9921541Z > Task :core-metadata:stripDebugDebugSymbols NO-SOURCE
Build & Release	Build Debug APK	2026-01-23T08:56:25.9922219Z > Task :data:stripDebugDebugSymbols NO-SOURCE
Build & Release	Build Debug APK	2026-01-23T08:56:25.9922854Z > Task :core:archive:copyDebugJniLibsProjectOnly
Build & Release	Build Debug APK	2026-01-23T08:56:25.9924376Z > Task :core-metadata:copyDebugJniLibsProjectAndLocalJars
Build & Release	Build Debug APK	2026-01-23T08:56:25.9925285Z > Task :data:copyDebugJniLibsProjectAndLocalJars
Build & Release	Build Debug APK	2026-01-23T08:56:25.9926128Z > Task :domain:stripDebugDebugSymbols NO-SOURCE
Build & Release	Build Debug APK	2026-01-23T08:56:25.9926969Z > Task :domain:copyDebugJniLibsProjectAndLocalJars
Build & Release	Build Debug APK	2026-01-23T08:56:26.5824068Z > Task :app:processDebugResources FROM-CACHE
Build & Release	Build Debug APK	2026-01-23T08:56:27.3825773Z > Task :core-metadata:extractDebugAnnotations FROM-CACHE
Build & Release	Build Debug APK	2026-01-23T08:56:27.3830360Z > Task :core-metadata:extractDeepLinksForAarDebug FROM-CACHE
Build & Release	Build Debug APK	2026-01-23T08:56:27.3835052Z > Task :core-metadata:mergeDebugGeneratedProguardFiles
Build & Release	Build Debug APK	2026-01-23T08:56:27.3839788Z > Task :core-metadata:mergeDebugConsumerProguardFiles
Build & Release	Build Debug APK	2026-01-23T08:56:27.3844304Z > Task :core-metadata:prepareDebugArtProfile
Build & Release	Build Debug APK	2026-01-23T08:56:27.4824008Z > Task :core-metadata:prepareLintJarForPublish
Build & Release	Build Debug APK	2026-01-23T08:56:27.6825411Z > Task :data:extractDebugAnnotations FROM-CACHE
Build & Release	Build Debug APK	2026-01-23T08:56:27.6827803Z > Task :data:extractDeepLinksForAarDebug FROM-CACHE
Build & Release	Build Debug APK	2026-01-23T08:56:27.6830945Z > Task :data:mergeDebugGeneratedProguardFiles
Build & Release	Build Debug APK	2026-01-23T08:56:27.6832887Z > Task :data:mergeDebugConsumerProguardFiles
Build & Release	Build Debug APK	2026-01-23T08:56:27.6833755Z > Task :domain:extractDebugAnnotations FROM-CACHE
Build & Release	Build Debug APK	2026-01-23T08:56:27.6858744Z > Task :data:prepareDebugArtProfile
Build & Release	Build Debug APK	2026-01-23T08:56:27.6859860Z > Task :domain:extractDeepLinksForAarDebug FROM-CACHE
Build & Release	Build Debug APK	2026-01-23T08:56:27.6860903Z > Task :data:prepareLintJarForPublish
Build & Release	Build Debug APK	2026-01-23T08:56:27.6861896Z > Task :domain:mergeDebugGeneratedProguardFiles
Build & Release	Build Debug APK	2026-01-23T08:56:27.6862701Z > Task :domain:mergeDebugConsumerProguardFiles
Build & Release	Build Debug APK	2026-01-23T08:56:27.6863509Z > Task :core-metadata:mergeDebugJavaResource
Build & Release	Build Debug APK	2026-01-23T08:56:27.6864269Z > Task :data:mergeDebugJavaResource
Build & Release	Build Debug APK	2026-01-23T08:56:27.6865010Z > Task :domain:prepareDebugArtProfile
Build & Release	Build Debug APK	2026-01-23T08:56:27.6865725Z > Task :domain:prepareLintJarForPublish
Build & Release	Build Debug APK	2026-01-23T08:56:27.6866484Z > Task :core-metadata:syncDebugLibJars FROM-CACHE
Build & Release	Build Debug APK	2026-01-23T08:56:27.6867260Z > Task :domain:mergeDebugJavaResource
Build & Release	Build Debug APK	2026-01-23T08:56:27.6867960Z > Task :data:syncDebugLibJars FROM-CACHE
Build & Release	Build Debug APK	2026-01-23T08:56:27.6869043Z > Task :core-metadata:bundleDebugAar
Build & Release	Build Debug APK	2026-01-23T08:56:27.6870045Z > Task :core-metadata:assembleDebug
Build & Release	Build Debug APK	2026-01-23T08:56:27.6870783Z > Task :flagkit:stripDebugDebugSymbols NO-SOURCE
Build & Release	Build Debug APK	2026-01-23T08:56:27.6871612Z > Task :flagkit:copyDebugJniLibsProjectAndLocalJars
Build & Release	Build Debug APK	2026-01-23T08:56:27.7824610Z > Task :domain:syncDebugLibJars FROM-CACHE
Build & Release	Build Debug APK	2026-01-23T08:56:27.7828983Z > Task :flagkit:extractDebugAnnotations FROM-CACHE
Build & Release	Build Debug APK	2026-01-23T08:56:27.7829951Z > Task :flagkit:extractDeepLinksForAarDebug FROM-CACHE
Build & Release	Build Debug APK	2026-01-23T08:56:27.7830821Z > Task :data:bundleDebugAar
Build & Release	Build Debug APK	2026-01-23T08:56:27.7831511Z > Task :flagkit:mergeDebugGeneratedProguardFiles
Build & Release	Build Debug APK	2026-01-23T08:56:27.7832220Z > Task :data:assembleDebug
Build & Release	Build Debug APK	2026-01-23T08:56:27.7832861Z > Task :flagkit:mergeDebugConsumerProguardFiles
Build & Release	Build Debug APK	2026-01-23T08:56:27.7833585Z > Task :flagkit:prepareDebugArtProfile
Build & Release	Build Debug APK	2026-01-23T08:56:27.7834283Z > Task :i18n:stripDebugDebugSymbols NO-SOURCE
Build & Release	Build Debug APK	2026-01-23T08:56:27.7834999Z > Task :flagkit:prepareLintJarForPublish
Build & Release	Build Debug APK	2026-01-23T08:56:27.7835732Z > Task :i18n:copyDebugJniLibsProjectAndLocalJars
Build & Release	Build Debug APK	2026-01-23T08:56:27.7836484Z > Task :flagkit:mergeDebugJavaResource
Build & Release	Build Debug APK	2026-01-23T08:56:27.7837162Z > Task :flagkit:syncDebugLibJars FROM-CACHE
Build & Release	Build Debug APK	2026-01-23T08:56:27.8823987Z > Task :domain:bundleDebugAar
Build & Release	Build Debug APK	2026-01-23T08:56:27.8828511Z > Task :app:javaPreCompileDebug FROM-CACHE
Build & Release	Build Debug APK	2026-01-23T08:56:27.8830259Z > Task :app:generateDebugAssets UP-TO-DATE
Build & Release	Build Debug APK	2026-01-23T08:56:27.8832010Z > Task :i18n:extractDebugAnnotations FROM-CACHE
Build & Release	Build Debug APK	2026-01-23T08:56:27.8833735Z > Task :domain:assembleDebug
Build & Release	Build Debug APK	2026-01-23T08:56:27.9478508Z > Task :i18n:extractDeepLinksForAarDebug FROM-CACHE
Build & Release	Build Debug APK	2026-01-23T08:56:27.9479259Z > Task :i18n:mergeDebugGeneratedProguardFiles
Build & Release	Build Debug APK	2026-01-23T08:56:27.9479914Z > Task :i18n:mergeDebugConsumerProguardFiles
Build & Release	Build Debug APK	2026-01-23T08:56:27.9480513Z > Task :i18n:prepareDebugArtProfile
Build & Release	Build Debug APK	2026-01-23T08:56:27.9844324Z > Task :flagkit:bundleDebugAar
Build & Release	Build Debug APK	2026-01-23T08:56:27.9847701Z > Task :flagkit:assembleDebug
Build & Release	Build Debug APK	2026-01-23T08:56:28.0834581Z > Task :i18n:prepareLintJarForPublish
Build & Release	Build Debug APK	2026-01-23T08:56:28.0835653Z > Task :i18n:mergeDebugJavaResource
Build & Release	Build Debug APK	2026-01-23T08:56:28.0836567Z > Task :i18n-ank:stripDebugDebugSymbols NO-SOURCE
Build & Release	Build Debug APK	2026-01-23T08:56:28.0837594Z > Task :i18n-ank:copyDebugJniLibsProjectAndLocalJars
Build & Release	Build Debug APK	2026-01-23T08:56:28.0838719Z > Task :i18n:syncDebugLibJars FROM-CACHE
Build & Release	Build Debug APK	2026-01-23T08:56:28.0839622Z > Task :i18n-ank:extractDebugAnnotations FROM-CACHE
Build & Release	Build Debug APK	2026-01-23T08:56:28.0840571Z > Task :i18n-ank:extractDeepLinksForAarDebug FROM-CACHE
Build & Release	Build Debug APK	2026-01-23T08:56:28.0841487Z > Task :i18n-ank:mergeDebugGeneratedProguardFiles
Build & Release	Build Debug APK	2026-01-23T08:56:28.0842407Z > Task :i18n-ank:mergeDebugConsumerProguardFiles
Build & Release	Build Debug APK	2026-01-23T08:56:28.0843293Z > Task :app:mergeDebugAssets
Build & Release	Build Debug APK	2026-01-23T08:56:28.0844092Z > Task :i18n-ank:prepareDebugArtProfile
Build & Release	Build Debug APK	2026-01-23T08:56:28.0844970Z > Task :i18n-ank:prepareLintJarForPublish
Build & Release	Build Debug APK	2026-01-23T08:56:28.1911174Z > Task :i18n-ank:mergeDebugJavaResource
Build & Release	Build Debug APK	2026-01-23T08:56:28.1914524Z > Task :i18n-ank:syncDebugLibJars FROM-CACHE
Build & Release	Build Debug APK	2026-01-23T08:56:28.1916605Z > Task :i18n-ank:bundleDebugAar
Build & Release	Build Debug APK	2026-01-23T08:56:28.1917389Z > Task :i18n-ank:assembleDebug
Build & Release	Build Debug APK	2026-01-23T08:56:28.1918395Z > Task :i18n-kmk:stripDebugDebugSymbols NO-SOURCE
Build & Release	Build Debug APK	2026-01-23T08:56:28.1919335Z > Task :i18n-kmk:copyDebugJniLibsProjectAndLocalJars
Build & Release	Build Debug APK	2026-01-23T08:56:28.1920201Z > Task :app:compressDebugAssets FROM-CACHE
Build & Release	Build Debug APK	2026-01-23T08:56:28.1921042Z > Task :i18n-kmk:extractDebugAnnotations FROM-CACHE
Build & Release	Build Debug APK	2026-01-23T08:56:28.1921950Z > Task :i18n-kmk:extractDeepLinksForAarDebug FROM-CACHE
Build & Release	Build Debug APK	2026-01-23T08:56:28.1922860Z > Task :i18n-kmk:mergeDebugGeneratedProguardFiles
Build & Release	Build Debug APK	2026-01-23T08:56:28.2824476Z > Task :i18n-kmk:mergeDebugConsumerProguardFiles
Build & Release	Build Debug APK	2026-01-23T08:56:28.2825457Z > Task :i18n-kmk:prepareDebugArtProfile
Build & Release	Build Debug APK	2026-01-23T08:56:28.2826252Z > Task :i18n-kmk:prepareLintJarForPublish
Build & Release	Build Debug APK	2026-01-23T08:56:28.2827062Z > Task :i18n-kmk:mergeDebugJavaResource
Build & Release	Build Debug APK	2026-01-23T08:56:28.2827807Z > Task :i18n-kmk:syncDebugLibJars FROM-CACHE
Build & Release	Build Debug APK	2026-01-23T08:56:28.2828746Z > Task :app:l8DexDesugarLibDebug FROM-CACHE
Build & Release	Build Debug APK	2026-01-23T08:56:28.2829466Z > Task :i18n-kmk:bundleDebugAar
Build & Release	Build Debug APK	2026-01-23T08:56:28.2830146Z > Task :i18n-kmk:assembleDebug
Build & Release	Build Debug APK	2026-01-23T08:56:28.2831364Z > Task :app:desugarDebugFileDependencies FROM-CACHE
Build & Release	Build Debug APK	2026-01-23T08:56:28.2832269Z > Task :i18n-sy:stripDebugDebugSymbols NO-SOURCE
Build & Release	Build Debug APK	2026-01-23T08:56:28.3823729Z > Task :i18n:bundleDebugAar
Build & Release	Build Debug APK	2026-01-23T08:56:28.3828010Z > Task :i18n:assembleDebug
Build & Release	Build Debug APK	2026-01-23T08:56:28.3832527Z > Task :presentation-core:stripDebugDebugSymbols NO-SOURCE
Build & Release	Build Debug APK	2026-01-23T08:56:28.3836984Z > Task :i18n-sy:copyDebugJniLibsProjectAndLocalJars
Build & Release	Build Debug APK	2026-01-23T08:56:28.3841485Z > Task :i18n-sy:extractDebugAnnotations FROM-CACHE
Build & Release	Build Debug APK	2026-01-23T08:56:28.3845970Z > Task :i18n-sy:extractDeepLinksForAarDebug FROM-CACHE
Build & Release	Build Debug APK	2026-01-23T08:56:28.3850283Z > Task :i18n-sy:mergeDebugGeneratedProguardFiles
Build & Release	Build Debug APK	2026-01-23T08:56:28.3854358Z > Task :i18n-sy:mergeDebugConsumerProguardFiles
Build & Release	Build Debug APK	2026-01-23T08:56:28.3858598Z > Task :i18n-sy:prepareDebugArtProfile
Build & Release	Build Debug APK	2026-01-23T08:56:28.5825504Z > Task :presentation-core:copyDebugJniLibsProjectAndLocalJars
Build & Release	Build Debug APK	2026-01-23T08:56:28.5828032Z > Task :i18n-sy:prepareLintJarForPublish
Build & Release	Build Debug APK	2026-01-23T08:56:28.6849479Z > Task :i18n-sy:mergeDebugJavaResource
Build & Release	Build Debug APK	2026-01-23T08:56:28.6850507Z > Task :i18n-sy:syncDebugLibJars FROM-CACHE
Build & Release	Build Debug APK	2026-01-23T08:56:28.6851369Z > Task :app:mergeDebugJniLibFolders
Build & Release	Build Debug APK	2026-01-23T08:56:28.6852243Z > Task :presentation-core:extractDebugAnnotations FROM-CACHE
Build & Release	Build Debug APK	2026-01-23T08:56:28.7823797Z > Task :i18n-sy:bundleDebugAar
Build & Release	Build Debug APK	2026-01-23T08:56:28.7829491Z > Task :i18n-sy:assembleDebug
Build & Release	Build Debug APK	2026-01-23T08:56:28.7833925Z > Task :presentation-core:extractDeepLinksForAarDebug FROM-CACHE
Build & Release	Build Debug APK	2026-01-23T08:56:28.7839034Z > Task :presentation-core:mergeDebugGeneratedProguardFiles
Build & Release	Build Debug APK	2026-01-23T08:56:28.7843519Z > Task :presentation-core:mergeDebugConsumerProguardFiles
Build & Release	Build Debug APK	2026-01-23T08:56:28.7847921Z > Task :presentation-core:prepareDebugArtProfile
Build & Release	Build Debug APK	2026-01-23T08:56:28.8889487Z > Task :app:checkDebugDuplicateClasses
Build & Release	Build Debug APK	2026-01-23T08:56:28.8890739Z > Task :presentation-core:prepareLintJarForPublish
Build & Release	Build Debug APK	2026-01-23T08:56:28.8891882Z > Task :presentation-widget:stripDebugDebugSymbols NO-SOURCE
Build & Release	Build Debug APK	2026-01-23T08:56:28.8892992Z > Task :presentation-widget:copyDebugJniLibsProjectAndLocalJars
Build & Release	Build Debug APK	2026-01-23T08:56:28.8893955Z > Task :presentation-core:mergeDebugJavaResource
Build & Release	Build Debug APK	2026-01-23T08:56:28.8894804Z > Task :presentation-core:syncDebugLibJars FROM-CACHE
Build & Release	Build Debug APK	2026-01-23T08:56:28.9824221Z > Task :presentation-core:bundleDebugAar
Build & Release	Build Debug APK	2026-01-23T08:56:28.9827877Z > Task :presentation-core:assembleDebug
Build & Release	Build Debug APK	2026-01-23T08:56:29.0825004Z > Task :presentation-widget:extractDebugAnnotations FROM-CACHE
Build & Release	Build Debug APK	2026-01-23T08:56:29.0830226Z > Task :presentation-widget:extractDeepLinksForAarDebug FROM-CACHE
Build & Release	Build Debug APK	2026-01-23T08:56:29.0834871Z > Task :presentation-widget:mergeDebugGeneratedProguardFiles
Build & Release	Build Debug APK	2026-01-23T08:56:29.0839654Z > Task :presentation-widget:mergeDebugConsumerProguardFiles
Build & Release	Build Debug APK	2026-01-23T08:56:29.1881086Z > Task :presentation-widget:prepareDebugArtProfile
Build & Release	Build Debug APK	2026-01-23T08:56:29.9845127Z > Task :app:mergeDebugNativeLibs
Build & Release	Build Debug APK	2026-01-23T08:56:29.9850222Z > Task :presentation-widget:prepareLintJarForPublish
Build & Release	Build Debug APK	2026-01-23T08:56:29.9851860Z > Task :source-api:stripDebugDebugSymbols NO-SOURCE
Build & Release	Build Debug APK	2026-01-23T08:56:29.9853058Z > Task :presentation-widget:mergeDebugJavaResource
Build & Release	Build Debug APK	2026-01-23T08:56:30.0841144Z > Task :source-api:copyDebugJniLibsProjectAndLocalJars
Build & Release	Build Debug APK	2026-01-23T08:56:30.0842016Z > Task :presentation-widget:syncDebugLibJars FROM-CACHE
Build & Release	Build Debug APK	2026-01-23T08:56:30.1825944Z > Task :source-api:extractDebugAnnotations FROM-CACHE
Build & Release	Build Debug APK	2026-01-23T08:56:30.1826708Z > Task :presentation-widget:bundleDebugAar
Build & Release	Build Debug APK	2026-01-23T08:56:30.1827298Z > Task :presentation-widget:assembleDebug
Build & Release	Build Debug APK	2026-01-23T08:56:30.1827961Z > Task :source-local:stripDebugDebugSymbols NO-SOURCE
Build & Release	Build Debug APK	2026-01-23T08:56:30.1828935Z > Task :source-api:extractDeepLinksForAarDebug FROM-CACHE
Build & Release	Build Debug APK	2026-01-23T08:56:30.1829655Z > Task :source-api:mergeDebugGeneratedProguardFiles
Build & Release	Build Debug APK	2026-01-23T08:56:30.1830371Z > Task :source-local:copyDebugJniLibsProjectAndLocalJars
Build & Release	Build Debug APK	2026-01-23T08:56:30.1831063Z > Task :source-api:mergeDebugConsumerProguardFiles
Build & Release	Build Debug APK	2026-01-23T08:56:30.1831694Z > Task :source-api:prepareDebugArtProfile
Build & Release	Build Debug APK	2026-01-23T08:56:30.1832288Z > Task :source-api:prepareLintJarForPublish
Build & Release	Build Debug APK	2026-01-23T08:56:30.1833224Z > Task :source-api:mergeDebugJavaResource
Build & Release	Build Debug APK	2026-01-23T08:56:30.1833815Z > Task :source-api:syncDebugLibJars FROM-CACHE
Build & Release	Build Debug APK	2026-01-23T08:56:30.1834482Z > Task :source-local:extractDebugAnnotations FROM-CACHE
Build & Release	Build Debug APK	2026-01-23T08:56:30.2824274Z > Task :source-local:extractDeepLinksForAarDebug FROM-CACHE
Build & Release	Build Debug APK	2026-01-23T08:56:30.2825206Z > Task :source-api:bundleDebugAar
Build & Release	Build Debug APK	2026-01-23T08:56:30.2825790Z > Task :source-api:assembleDebug
Build & Release	Build Debug APK	2026-01-23T08:56:30.2828780Z > Task :telemetry:stripDebugDebugSymbols NO-SOURCE
Build & Release	Build Debug APK	2026-01-23T08:56:30.2829587Z > Task :source-local:mergeDebugGeneratedProguardFiles
Build & Release	Build Debug APK	2026-01-23T08:56:30.2830361Z > Task :telemetry:copyDebugJniLibsProjectAndLocalJars
Build & Release	Build Debug APK	2026-01-23T08:56:30.2831111Z > Task :source-local:mergeDebugConsumerProguardFiles
Build & Release	Build Debug APK	2026-01-23T08:56:30.2831755Z > Task :source-local:prepareDebugArtProfile
Build & Release	Build Debug APK	2026-01-23T08:56:30.2832371Z > Task :source-local:prepareLintJarForPublish
Build & Release	Build Debug APK	2026-01-23T08:56:30.2833215Z > Task :telemetry:extractDebugAnnotations FROM-CACHE
Build & Release	Build Debug APK	2026-01-23T08:56:30.2834073Z > Task :telemetry:extractDeepLinksForAarDebug FROM-CACHE
Build & Release	Build Debug APK	2026-01-23T08:56:30.2834872Z > Task :telemetry:mergeDebugGeneratedProguardFiles
Build & Release	Build Debug APK	2026-01-23T08:56:30.2835611Z > Task :source-local:mergeDebugJavaResource
Build & Release	Build Debug APK	2026-01-23T08:56:30.2836338Z > Task :telemetry:mergeDebugConsumerProguardFiles
Build & Release	Build Debug APK	2026-01-23T08:56:30.2837052Z > Task :telemetry:prepareDebugArtProfile
Build & Release	Build Debug APK	2026-01-23T08:56:30.2837730Z > Task :source-local:syncDebugLibJars FROM-CACHE
Build & Release	Build Debug APK	2026-01-23T08:56:30.2838607Z > Task :telemetry:prepareLintJarForPublish
Build & Release	Build Debug APK	2026-01-23T08:56:30.2839529Z > Task :source-local:bundleDebugAar
Build & Release	Build Debug APK	2026-01-23T08:56:30.2840153Z > Task :telemetry:mergeDebugJavaResource
Build & Release	Build Debug APK	2026-01-23T08:56:30.2840796Z > Task :source-local:assembleDebug
Build & Release	Build Debug APK	2026-01-23T08:56:30.2841489Z > Task :core:archive:stripDebugDebugSymbols NO-SOURCE
Build & Release	Build Debug APK	2026-01-23T08:56:30.2842309Z > Task :core:archive:copyDebugJniLibsProjectAndLocalJars
Build & Release	Build Debug APK	2026-01-23T08:56:30.2843072Z > Task :telemetry:syncDebugLibJars FROM-CACHE
Build & Release	Build Debug APK	2026-01-23T08:56:30.2843735Z > Task :telemetry:bundleDebugAar
Build & Release	Build Debug APK	2026-01-23T08:56:30.2844340Z > Task :telemetry:assembleDebug
Build & Release	Build Debug APK	2026-01-23T08:56:30.2844995Z > Task :core:common:stripDebugDebugSymbols NO-SOURCE
Build & Release	Build Debug APK	2026-01-23T08:56:30.3847581Z > Task :core:common:copyDebugJniLibsProjectAndLocalJars
Build & Release	Build Debug APK	2026-01-23T08:56:30.3848605Z > Task :core:archive:extractDebugAnnotations FROM-CACHE
Build & Release	Build Debug APK	2026-01-23T08:56:30.3849329Z > Task :core:archive:extractDeepLinksForAarDebug FROM-CACHE
Build & Release	Build Debug APK	2026-01-23T08:56:30.3850054Z > Task :core:archive:mergeDebugGeneratedProguardFiles
Build & Release	Build Debug APK	2026-01-23T08:56:30.3850781Z > Task :core:archive:mergeDebugConsumerProguardFiles
Build & Release	Build Debug APK	2026-01-23T08:56:30.4830739Z > Task :core:archive:prepareDebugArtProfile
Build & Release	Build Debug APK	2026-01-23T08:56:30.4831464Z > Task :core:archive:prepareLintJarForPublish
Build & Release	Build Debug APK	2026-01-23T08:56:30.5824449Z > Task :core:archive:mergeDebugJavaResource
Build & Release	Build Debug APK	2026-01-23T08:56:30.5825173Z > Task :core:archive:syncDebugLibJars FROM-CACHE
Build & Release	Build Debug APK	2026-01-23T08:56:30.5827570Z > Task :core:archive:bundleDebugAar
Build & Release	Build Debug APK	2026-01-23T08:56:30.5828697Z > Task :core:archive:assembleDebug
Build & Release	Build Debug APK	2026-01-23T08:56:30.6842896Z > Task :core:common:extractDebugAnnotations FROM-CACHE
Build & Release	Build Debug APK	2026-01-23T08:56:30.6844066Z > Task :core:common:extractDeepLinksForAarDebug FROM-CACHE
Build & Release	Build Debug APK	2026-01-23T08:56:30.6845011Z > Task :core:common:mergeDebugGeneratedProguardFiles
Build & Release	Build Debug APK	2026-01-23T08:56:30.6845968Z > Task :core:common:mergeDebugConsumerProguardFiles
Build & Release	Build Debug APK	2026-01-23T08:56:30.6846594Z > Task :core:common:prepareDebugArtProfile
Build & Release	Build Debug APK	2026-01-23T08:56:30.6847208Z > Task :core:common:prepareLintJarForPublish
Build & Release	Build Debug APK	2026-01-23T08:56:30.6847818Z > Task :core:common:mergeDebugJavaResource
Build & Release	Build Debug APK	2026-01-23T08:56:30.7824436Z > Task :core:common:syncDebugLibJars FROM-CACHE
Build & Release	Build Debug APK	2026-01-23T08:56:30.7829751Z > Task :core:common:bundleDebugAar
Build & Release	Build Debug APK	2026-01-23T08:56:30.7830670Z > Task :core:common:assembleDebug
Build & Release	Build Debug APK	2026-01-23T08:56:31.3829595Z > Task :app:mergeExtDexDebug FROM-CACHE
Build & Release	Build Debug APK	2026-01-23T08:56:31.3830298Z > Task :app:mergeLibDexDebug FROM-CACHE
Build & Release	Build Debug APK	2026-01-23T08:56:32.3829471Z > Task :app:stripDebugDebugSymbols
Build & Release	Build Debug APK	2026-01-23T08:56:32.6825026Z > Task :app:validateSigningDebug
Build & Release	Build Debug APK	2026-01-23T08:56:32.6827503Z > Task :app:writeDebugAppMetadata
Build & Release	Build Debug APK	2026-01-23T08:56:32.6829379Z > Task :app:writeDebugSigningConfigVersions
Build & Release	Build Debug APK	2026-01-23T08:56:56.5825322Z > Task :app:compileDebugKotlin
Build & Release	Build Debug APK	2026-01-23T08:57:09.8829446Z 
Build & Release	Build Debug APK	2026-01-23T08:57:09.8833947Z > Task :app:compileDebugKotlin FAILED
Build & Release	Build Debug APK	2026-01-23T08:57:09.8849773Z e: file:///home/runner/work/Anikku-Mod/Anikku-Mod/app/src/main/java/eu/kanade/tachiyomi/data/download/Downloader.kt:520:26 Unresolved reference 'File'.
Build & Release	Build Debug APK	2026-01-23T08:57:09.8851972Z e: file:///home/runner/work/Anikku-Mod/Anikku-Mod/app/src/main/java/eu/kanade/tachiyomi/data/download/Downloader.kt:536:38 Cannot infer type for type parameter 'T'. Specify it explicitly.
Build & Release	Build Debug APK	2026-01-23T08:57:09.8854409Z e: file:///home/runner/work/Anikku-Mod/Anikku-Mod/app/src/main/java/eu/kanade/tachiyomi/data/download/Downloader.kt:536:38 Cannot infer type for type parameter 'R'. Specify it explicitly.
Build & Release	Build Debug APK	2026-01-23T08:57:09.8857038Z e: file:///home/runner/work/Anikku-Mod/Anikku-Mod/app/src/main/java/eu/kanade/tachiyomi/data/download/Downloader.kt:536:38 Unresolved reference. None of the following candidates is applicable because of a receiver type mismatch:
Build & Release	Build Debug APK	2026-01-23T08:57:09.8859118Z fun <T : Closeable?, R> T.use(block: (T) -> R): R
Build & Release	Build Debug APK	2026-01-23T08:57:09.8860724Z e: file:///home/runner/work/Anikku-Mod/Anikku-Mod/app/src/main/java/eu/kanade/tachiyomi/data/download/Downloader.kt:536:44 Cannot infer type for type parameter 'T'. Specify it explicitly.
Build & Release	Build Debug APK	2026-01-23T08:57:09.9847560Z 
Build & Release	Build Debug APK	2026-01-23T08:57:09.9852386Z gradle/actions: Writing build results to /home/runner/work/_temp/.gradle-actions/build-results/__run-1769158563028.json
Build & Release	Build Debug APK	2026-01-23T08:57:09.9857003Z 
Build & Release	Build Debug APK	2026-01-23T08:57:09.9861810Z [Incubating] Problems report is available at: file:///home/runner/work/Anikku-Mod/Anikku-Mod/build/reports/problems/problems-report.html
Build & Release	Build Debug APK	2026-01-23T08:57:09.9866849Z FAILURE: Build failed with an exception.
Build & Release	Build Debug APK	2026-01-23T08:57:09.9868357Z 
Build & Release	Build Debug APK	2026-01-23T08:57:09.9868370Z 
Build & Release	Build Debug APK	2026-01-23T08:57:09.9871488Z * What went wrong:
Build & Release	Build Debug APK	2026-01-23T08:57:09.9872190Z Execution failed for task ':app:compileDebugKotlin'.
Build & Release	Build Debug APK	2026-01-23T08:57:09.9873789Z > A failure occurred while executing org.jetbrains.kotlin.compilerRunner.GradleCompilerRunnerWithWorkers$GradleKotlinCompilerWorkAction
Build & Release	Build Debug APK	2026-01-23T08:57:09.9875627Z    > Compilation error. See log for more details
Build & Release	Build Debug APK	2026-01-23T08:57:09.9876464Z 
Build & Release	Build Debug APK	2026-01-23T08:57:09.9877146Z * Try:
Build & Release	Build Debug APK	2026-01-23T08:57:09.9878952Z > Run with --stacktrace option to get the stack trace.
Build & Release	Build Debug APK	2026-01-23T08:57:09.9880165Z > Run with --info or --debug option to get more log output.
Build & Release	Build Debug APK	2026-01-23T08:57:09.9882262Z > Run with --scan to get full insights.
Build & Release	Build Debug APK	2026-01-23T08:57:09.9883513Z > Get more help at https://help.gradle.org.
Build & Release	Build Debug APK	2026-01-23T08:57:09.9884941Z 
Build & Release	Build Debug APK	2026-01-23T08:57:09.9885454Z BUILD FAILED in 1m 11s
Build & Release	Build Debug APK	2026-01-23T08:57:09.9886400Z Deprecated Gradle features were used in this build, making it incompatible with Gradle 9.0.
Build & Release	Build Debug APK	2026-01-23T08:57:09.9887525Z 
Build & Release	Build Debug APK	2026-01-23T08:57:09.9889944Z You can use '--warning-mode all' to show the individual deprecation warnings and determine if they come from your own scripts or plugins.
Build & Release	Build Debug APK	2026-01-23T08:57:09.9891551Z 
Build & Release	Build Debug APK	2026-01-23T08:57:09.9892625Z For more on this, please refer to https://docs.gradle.org/8.14.3/userguide/command_line_interface.html#sec:command_line_warnings in the Gradle documentation.
Build & Release	Build Debug APK	2026-01-23T08:57:09.9894399Z 502 actionable tasks: 264 executed, 238 from cache
Build & Release	Build Debug APK	2026-01-23T08:57:10.5274249Z ##[error]Process completed with exit code 1.
Build & Release	Post Set up Gradle	ï»¿2026-01-23T08:57:10.5461133Z Post job cleanup.
Build & Release	Post Set up Gradle	2026-01-23T08:57:10.8570668Z In post-action step
Build & Release	Post Set up Gradle	2026-01-23T08:57:10.8582618Z ##[group]Stopping Gradle daemons
Build & Release	Post Set up Gradle	2026-01-23T08:57:10.8584151Z Stopping Gradle daemons for /home/runner/.gradle/wrapper/dists/gradle-8.14.3-bin/cv11ve7ro1n3o1j4so8xd9n66/gradle-8.14.3
Build & Release	Post Set up Gradle	2026-01-23T08:57:10.8601653Z [command]/home/runner/.gradle/wrapper/dists/gradle-8.14.3-bin/cv11ve7ro1n3o1j4so8xd9n66/gradle-8.14.3/bin/gradle --stop
Build & Release	Post Set up Gradle	2026-01-23T08:57:11.4604186Z No Gradle daemons are running.
Build & Release	Post Set up Gradle	2026-01-23T08:57:11.4687697Z ##[endgroup]
Build & Release	Post Set up Gradle	2026-01-23T08:57:11.4690316Z Not performing cache-cleanup due to build failure
Build & Release	Post Set up Gradle	2026-01-23T08:57:11.4691321Z ##[group]Caching Gradle state
Build & Release	Post Set up Gradle	2026-01-23T08:57:18.3516048Z [command]/usr/bin/tar --posix -cf cache.tzst --exclude cache.tzst -P -C /home/runner/work/Anikku-Mod/Anikku-Mod --files-from manifest.txt --use-compress-program zstdmt
Build & Release	Post Set up Gradle	2026-01-23T08:57:20.0841564Z Sent 30932992 of 130843484 (23.6%), 29.5 MBs/sec
Build & Release	Post Set up Gradle	2026-01-23T08:57:21.0849773Z Sent 82313216 of 130843484 (62.9%), 39.2 MBs/sec
Build & Release	Post Set up Gradle	2026-01-23T08:57:22.0844553Z Sent 120520704 of 130843484 (92.1%), 38.3 MBs/sec
Build & Release	Post Set up Gradle	2026-01-23T08:57:23.0857262Z Sent 130843484 of 130843484 (100.0%), 31.2 MBs/sec
Build & Release	Post Set up Gradle	2026-01-23T08:57:23.4892157Z Saved cache entry with key gradle-home-v1|Linux-X64|build-debug[965596241329c6e509da153a9e0a419a]-3a71e8e43567dd337dccde9d1b43a6f30cfca0c8 from /home/runner/.gradle/caches,/home/runner/.gradle/notifications,/home/runner/.gradle/.setup-gradle in 5154ms
Build & Release	Post Set up Gradle	2026-01-23T08:57:23.4895193Z ##[endgroup]
Build & Release	Post Set up Gradle	2026-01-23T08:57:23.4900362Z Generating Job Summary
Build & Release	Post Set up Gradle	2026-01-23T08:57:23.4912993Z Completed post-action step
Build & Release	Post Set up JDK	ï»¿2026-01-23T08:57:23.5125575Z Post job cleanup.
Build & Release	Post Clone repo	ï»¿2026-01-23T08:57:23.6860564Z Post job cleanup.
Build & Release	Post Clone repo	2026-01-23T08:57:23.7833922Z [command]/usr/bin/git version
Build & Release	Post Clone repo	2026-01-23T08:57:23.7870077Z git version 2.52.0
Build & Release	Post Clone repo	2026-01-23T08:57:23.7913309Z Temporarily overriding HOME='/home/runner/work/_temp/42badac8-774c-44e0-a5ec-4836ce2b250a' before making global git config changes
Build & Release	Post Clone repo	2026-01-23T08:57:23.7914820Z Adding repository directory to the temporary git global config as a safe directory
Build & Release	Post Clone repo	2026-01-23T08:57:23.7920259Z [command]/usr/bin/git config --global --add safe.directory /home/runner/work/Anikku-Mod/Anikku-Mod
Build & Release	Post Clone repo	2026-01-23T08:57:23.7959199Z [command]/usr/bin/git config --local --name-only --get-regexp core\.sshCommand
Build & Release	Post Clone repo	2026-01-23T08:57:23.7992478Z [command]/usr/bin/git submodule foreach --recursive sh -c "git config --local --name-only --get-regexp 'core\.sshCommand' && git config --local --unset-all 'core.sshCommand' || :"
Build & Release	Post Clone repo	2026-01-23T08:57:23.8225886Z [command]/usr/bin/git config --local --name-only --get-regexp http\.https\:\/\/github\.com\/\.extraheader
Build & Release	Post Clone repo	2026-01-23T08:57:23.8247322Z http.https://github.com/.extraheader
Build & Release	Post Clone repo	2026-01-23T08:57:23.8260637Z [command]/usr/bin/git config --local --unset-all http.https://github.com/.extraheader
Build & Release	Post Clone repo	2026-01-23T08:57:23.8291846Z [command]/usr/bin/git submodule foreach --recursive sh -c "git config --local --name-only --get-regexp 'http\.https\:\/\/github\.com\/\.extraheader' && git config --local --unset-all 'http.https://github.com/.extraheader' || :"
Build & Release	Post Clone repo	2026-01-23T08:57:23.8520928Z [command]/usr/bin/git config --local --name-only --get-regexp ^includeIf\.gitdir:
Build & Release	Post Clone repo	2026-01-23T08:57:23.8552664Z [command]/usr/bin/git submodule foreach --recursive git config --local --show-origin --name-only --get-regexp remote.origin.url
Build & Release	Complete job	ï»¿2026-01-23T08:57:23.8877103Z Cleaning up orphan processes
